upstream selfcheck t1ha2: ok
threads: 8  uniform 2^35  class 2^27  rng 7

pair A 16/11: m1 16 B, m2 11 B, class bits 26
  example seed 3c805cc67a687f30: H(m1)=f2a1196d24fddaab H(m2)=f2a1196d24fddaab COLLIDE (expected f2a1196d24fddaab) in class: yes
  uniform: N=2^35 hits=27 (in class 27) rate 2^-30.25  Wilson95 [2^-30.79, 2^-29.70]  expected@2^-30: 32.0  (277s)
    hit seed 0e49410091518453
    hit seed 2a61300dea0df4b8
    hit seed 24d453e851f38830
    hit seed 52ec04a9be90ed30
    hit seed 30057b45066b6dbb
    hit seed 7d9c42cfa2362208
    hit seed 3b793fa66e1cc0eb
    hit seed 257c250c85782208
  class: N=2^27 hits=8388575 cond rate 2^-4.000 [2^-4.001, 2^-3.999] => contribution 2^-30.000 [2^-30.001, 2^-29.999]  (2s)

pair B 13/16: m1 13 B, m2 16 B, class bits 27
  example seed d870b802f1050157: H(m1)=63cf67ba079a2997 H(m2)=63cf67ba079a2997 COLLIDE (expected 63cf67ba079a2997) in class: yes
  uniform: N=2^35 hits=14 (in class 14) rate 2^-31.19  Wilson95 [2^-31.94, 2^-30.45]  expected@2^-30: 32.0  (266s)
    hit seed 78cb85ff32093a13
    hit seed 984a96f803809b17
    hit seed 20cb0246f2ad1a32
    hit seed 5030035b1526eccb
    hit seed 701a120a8209691f
    hit seed 7aebbd94bea2207f
    hit seed c421aa5022a098ab
    hit seed 86e924726100e87f
  class: N=2^27 hits=8326269 cond rate 2^-4.011 [2^-4.012, 2^-4.010] => contribution 2^-31.011 [2^-31.012, 2^-31.010]  (2s)
