trials=2^36 fast_raw=674 fast_slice=674 quality_slice=674 eps_raw=2^-26.6034 bits=26.6034
	Command being timed: "nice -n 10 taskset -c 8-15 ./fhcheck/target/release/fhcheck 36 8 0x5eed5eed5eed5eed"
	User time (seconds): 1419.26
	System time (seconds): 0.14
	Percent of CPU this job got: 406%
	Elapsed (wall clock) time (h:mm:ss or m:ss): 5:49.47
	Average shared text size (kbytes): 0
	Average unshared data size (kbytes): 0
	Average stack size (kbytes): 0
	Average total size (kbytes): 0
	Maximum resident set size (kbytes): 2304
	Average resident set size (kbytes): 0
	Major (requiring I/O) page faults: 0
	Minor (reclaiming a frame) page faults: 346
	Voluntary context switches: 2
	Involuntary context switches: 203871
	Swaps: 0
	File system inputs: 0
	File system outputs: 8
	Socket messages sent: 0
	Socket messages received: 0
	Signals delivered: 0
	Page size (bytes): 4096
	Exit status: 0
EXIT 0
