build: FAST COMPACT
[standard] pair A seed 3187ae8a8617e034: a7ee6375a78a86f0 a7ee6375a78a86f0 COLLIDE
[standard] pair D seed 3187ae8a8617e034: b52b5b5759f1d08a b52b5b5759f1d08a COLLIDE
[standard] pair A seed 0: 0d20ed65346f1683 c5edbf6f73ebfe93 | D: 7db1189e1a7b8262 f55876e5398b384e
[standard] pair A seed 1: bdbb8ff6a4b55840 df632f0ff8d94704 | D: ee70e342e0da67d9 f833b72f2285b326
[micro] pair A seed 3187ae8a8617e034: a7ee6375a78a86f0 a7ee6375a78a86f0 COLLIDE
[micro] pair D seed 3187ae8a8617e034: b52b5b5759f1d08a b52b5b5759f1d08a COLLIDE
[micro] pair A seed 0: 0d20ed65346f1683 c5edbf6f73ebfe93 | D: 7db1189e1a7b8262 f55876e5398b384e
[micro] pair A seed 1: bdbb8ff6a4b55840 df632f0ff8d94704 | D: ee70e342e0da67d9 f833b72f2285b326
[nano] pair A seed 3187ae8a8617e034: a7ee6375a78a86f0 a7ee6375a78a86f0 COLLIDE
[nano] pair D seed 3187ae8a8617e034: b52b5b5759f1d08a b52b5b5759f1d08a COLLIDE
[nano] pair A seed 0: 0d20ed65346f1683 c5edbf6f73ebfe93 | D: 7db1189e1a7b8262 f55876e5398b384e
[nano] pair A seed 1: bdbb8ff6a4b55840 df632f0ff8d94704 | D: ee70e342e0da67d9 f833b72f2285b326
[standard] 16B w0=secret[1], w1 differs: non-collisions 0 / 2^26 seeds (half sequential, half uniform); output-at-seed-0 a50a4a2a22949120; seeds with different output: 0
[standard] 32B w2=secret[1], w0,w1,w3 differ: non-collisions 67108864 / 2^26 seeds (half sequential, half uniform); output-at-seed-0 f0b6f37f14d37f84; seeds with different output: 67108863
[standard] 32B w2=secret[1]^32, w0,w1,w3 differ: non-collisions 0 / 2^26 seeds (half sequential, half uniform); output-at-seed-0 ffffffffffffffff; seeds with different output: 0
[standard] 32B w0=secret[2], w1 differs: non-collisions 0 / 2^26 seeds (half sequential, half uniform); output-at-seed-0 b3a38e0097153685; seeds with different output: 0
[standard] 48B w0=secret[2], w1 differs: non-collisions 0 / 2^26 seeds (half sequential, half uniform); output-at-seed-0 8f3217d10566cee2; seeds with different output: 0
[standard] 12B w0=secret[1], bytes 8..11 differ: non-collisions 0 / 2^26 seeds (half sequential, half uniform); output-at-seed-0 ffffffffffffffff; seeds with different output: 0
[micro] 16B w0=secret[1], w1 differs: non-collisions 0 / 2^26 seeds (half sequential, half uniform); output-at-seed-0 a50a4a2a22949120; seeds with different output: 0
[micro] 32B w2=secret[1], w0,w1,w3 differ: non-collisions 67108864 / 2^26 seeds (half sequential, half uniform); output-at-seed-0 f0b6f37f14d37f84; seeds with different output: 67108863
[micro] 32B w2=secret[1]^32, w0,w1,w3 differ: non-collisions 0 / 2^26 seeds (half sequential, half uniform); output-at-seed-0 ffffffffffffffff; seeds with different output: 0
[micro] 32B w0=secret[2], w1 differs: non-collisions 0 / 2^26 seeds (half sequential, half uniform); output-at-seed-0 b3a38e0097153685; seeds with different output: 0
[micro] 48B w0=secret[2], w1 differs: non-collisions 0 / 2^26 seeds (half sequential, half uniform); output-at-seed-0 8f3217d10566cee2; seeds with different output: 0
[micro] 12B w0=secret[1], bytes 8..11 differ: non-collisions 0 / 2^26 seeds (half sequential, half uniform); output-at-seed-0 ffffffffffffffff; seeds with different output: 0
[nano] 16B w0=secret[1], w1 differs: non-collisions 0 / 2^26 seeds (half sequential, half uniform); output-at-seed-0 a50a4a2a22949120; seeds with different output: 0
[nano] 32B w2=secret[1], w0,w1,w3 differ: non-collisions 67108864 / 2^26 seeds (half sequential, half uniform); output-at-seed-0 f0b6f37f14d37f84; seeds with different output: 67108863
[nano] 32B w2=secret[1]^32, w0,w1,w3 differ: non-collisions 0 / 2^26 seeds (half sequential, half uniform); output-at-seed-0 ffffffffffffffff; seeds with different output: 0
[nano] 32B w0=secret[2], w1 differs: non-collisions 0 / 2^26 seeds (half sequential, half uniform); output-at-seed-0 b3a38e0097153685; seeds with different output: 0
[nano] 48B w0=secret[2], w1 differs: non-collisions 0 / 2^26 seeds (half sequential, half uniform); output-at-seed-0 8f3217d10566cee2; seeds with different output: 0
[nano] 12B w0=secret[1], bytes 8..11 differ: non-collisions 0 / 2^26 seeds (half sequential, half uniform); output-at-seed-0 ffffffffffffffff; seeds with different output: 0
[standard] pair A: 98 / 2^33 collisions, rate 2^-26.385, bits log2(4/eps)=28.385
[standard] pair D: 98 / 2^33 collisions, rate 2^-26.385, bits log2(6/eps)=28.970
  fresh colliding seed for A: 6e6993a1bc555b40 -> 7a8499690d038c1d
  fresh colliding seed for A: c021b09d163f75ff -> 60fde03900c8b276
  fresh colliding seed for A: 44e5533c4bf0bf71 -> cd2a1295e2355188
  fresh colliding seed for A: 2b7fd06e8f6fbdc6 -> 79fade0ae38c7c2e
  fresh colliding seed for A: ce4c5602a8481ac7 -> ac337c0ef1c67178
  fresh colliding seed for A: 33ef3db6ce575ece -> 63f8ef2ed1c970a5
  fresh colliding seed for A: 9668f956d3f0934d -> 75e3ca940adb80dd
  fresh colliding seed for A: 802e03cb393bfdf5 -> f4ec18703bbe4b48
