build: PROTECTED COMPACT
[standard] pair A seed 3187ae8a8617e034: d8e3d37276b8584b 9e06647efc3293bb differ
[standard] pair D seed 3187ae8a8617e034: 62ced4a834991bc7 d8285c939d16ea53 differ
[standard] pair A seed 0: dc7ae59f5a60c426 b6c6e4e23e4b5b2d | D: b9ff3af4eec21341 aa3c5eb7aadef162
[standard] pair A seed 1: 834e0fc5a83e5a31 83a1d6b0121410d5 | D: 731f7211fd0c8e9a 4ecf2216a7fa4ad3
[micro] pair A seed 3187ae8a8617e034: d8e3d37276b8584b 9e06647efc3293bb differ
[micro] pair D seed 3187ae8a8617e034: 62ced4a834991bc7 d8285c939d16ea53 differ
[micro] pair A seed 0: dc7ae59f5a60c426 b6c6e4e23e4b5b2d | D: b9ff3af4eec21341 aa3c5eb7aadef162
[micro] pair A seed 1: 834e0fc5a83e5a31 83a1d6b0121410d5 | D: 731f7211fd0c8e9a 4ecf2216a7fa4ad3
[nano] pair A seed 3187ae8a8617e034: d8e3d37276b8584b 9e06647efc3293bb differ
[nano] pair D seed 3187ae8a8617e034: 62ced4a834991bc7 d8285c939d16ea53 differ
[nano] pair A seed 0: dc7ae59f5a60c426 b6c6e4e23e4b5b2d | D: b9ff3af4eec21341 aa3c5eb7aadef162
[nano] pair A seed 1: 834e0fc5a83e5a31 83a1d6b0121410d5 | D: 731f7211fd0c8e9a 4ecf2216a7fa4ad3
[standard] 16B w0=secret[1], w1 differs: non-collisions 67108864 / 2^26 seeds (half sequential, half uniform); output-at-seed-0 5d62d34a7542f3cf; seeds with different output: 67108863
[standard] 32B w2=secret[1], w0,w1,w3 differ: non-collisions 67108864 / 2^26 seeds (half sequential, half uniform); output-at-seed-0 528972cb0f8501e9; seeds with different output: 67108863
[standard] 32B w2=secret[1]^32, w0,w1,w3 differ: non-collisions 67108864 / 2^26 seeds (half sequential, half uniform); output-at-seed-0 89c31c0239677214; seeds with different output: 67108863
[standard] 32B w0=secret[2], w1 differs: non-collisions 67108864 / 2^26 seeds (half sequential, half uniform); output-at-seed-0 e722a5321ed00e79; seeds with different output: 67108863
[standard] 48B w0=secret[2], w1 differs: non-collisions 67108864 / 2^26 seeds (half sequential, half uniform); output-at-seed-0 56bb8b457cc9b341; seeds with different output: 67108863
[standard] 12B w0=secret[1], bytes 8..11 differ: non-collisions 67108864 / 2^26 seeds (half sequential, half uniform); output-at-seed-0 2a9356620dfede68; seeds with different output: 67108863
[micro] 16B w0=secret[1], w1 differs: non-collisions 67108864 / 2^26 seeds (half sequential, half uniform); output-at-seed-0 5d62d34a7542f3cf; seeds with different output: 67108863
[micro] 32B w2=secret[1], w0,w1,w3 differ: non-collisions 67108864 / 2^26 seeds (half sequential, half uniform); output-at-seed-0 528972cb0f8501e9; seeds with different output: 67108863
[micro] 32B w2=secret[1]^32, w0,w1,w3 differ: non-collisions 67108864 / 2^26 seeds (half sequential, half uniform); output-at-seed-0 89c31c0239677214; seeds with different output: 67108863
[micro] 32B w0=secret[2], w1 differs: non-collisions 67108864 / 2^26 seeds (half sequential, half uniform); output-at-seed-0 e722a5321ed00e79; seeds with different output: 67108863
[micro] 48B w0=secret[2], w1 differs: non-collisions 67108864 / 2^26 seeds (half sequential, half uniform); output-at-seed-0 56bb8b457cc9b341; seeds with different output: 67108863
[micro] 12B w0=secret[1], bytes 8..11 differ: non-collisions 67108864 / 2^26 seeds (half sequential, half uniform); output-at-seed-0 2a9356620dfede68; seeds with different output: 67108863
[nano] 16B w0=secret[1], w1 differs: non-collisions 67108864 / 2^26 seeds (half sequential, half uniform); output-at-seed-0 5d62d34a7542f3cf; seeds with different output: 67108863
[nano] 32B w2=secret[1], w0,w1,w3 differ: non-collisions 67108864 / 2^26 seeds (half sequential, half uniform); output-at-seed-0 528972cb0f8501e9; seeds with different output: 67108863
[nano] 32B w2=secret[1]^32, w0,w1,w3 differ: non-collisions 67108864 / 2^26 seeds (half sequential, half uniform); output-at-seed-0 89c31c0239677214; seeds with different output: 67108863
[nano] 32B w0=secret[2], w1 differs: non-collisions 67108864 / 2^26 seeds (half sequential, half uniform); output-at-seed-0 e722a5321ed00e79; seeds with different output: 67108863
[nano] 48B w0=secret[2], w1 differs: non-collisions 67108864 / 2^26 seeds (half sequential, half uniform); output-at-seed-0 56bb8b457cc9b341; seeds with different output: 67108863
[nano] 12B w0=secret[1], bytes 8..11 differ: non-collisions 67108864 / 2^26 seeds (half sequential, half uniform); output-at-seed-0 2a9356620dfede68; seeds with different output: 67108863
[standard] pair A: 4 / 2^28 collisions, rate 2^-26.000, bits log2(4/eps)=28.000
[standard] pair D: 4 / 2^28 collisions, rate 2^-26.000, bits log2(6/eps)=28.585
  fresh colliding seed for A: 866140e51d9e2b94 -> be2d2d2d4f87dab4
  fresh colliding seed for A: de0285afee4737b3 -> e08f9be7c4b28547
  fresh colliding seed for A: 049052378f14ce7a -> f94e4f20b7bf1e3a
  fresh colliding seed for A: c49d351cbb72446c -> 7b5770badc1392c0
