len=11 v=5 m=59 k0=33 beam=65536 zbits=-1 feasible (p,q) pairs: 1
  (p,q)=(2,3) cost=3 free=29+29 e=61 (below k0: 16+16)  weight 2^-61 per full assignment
S=61 determined seed bits; Pr[S1_init=W*] = weight/2^61
level 33 histogram: max weight 120 at residual 0xac1efb7f (top-65536 weight tail: threshold 53, 65870 bins >= it)
selected 65828 level-33 bins for extension
level 34: 71996 nodes, best expected weight 2^31.907 (W prefix 0xac1efb7f, 240 assignments)
level 35: 67378 nodes, best expected weight 2^31.295 (W prefix 0xa6e3357f, 157 assignments)
level 36: 69362 nodes, best expected weight 2^30.295 (W prefix 0xa6e3357f, 314 assignments)
level 37: 67237 nodes, best expected weight 2^29.622 (W prefix 0x12790a68ef, 197 assignments)
level 38: 66780 nodes, best expected weight 2^28.622 (W prefix 0x12790a68ef, 394 assignments)
level 39: 67906 nodes, best expected weight 2^27.966 (W prefix 0x1e26fbe9cf, 250 assignments)
level 40: 65652 nodes, best expected weight 2^26.966 (W prefix 0x1e26fbe9cf, 500 assignments)
level 41: 66030 nodes, best expected weight 2^26.317 (W prefix 0x19e26fbe9cf, 319 assignments)
level 42: 68208 nodes, best expected weight 2^25.317 (W prefix 0x19e26fbe9cf, 638 assignments)
level 43: 66772 nodes, best expected weight 2^24.520 (W prefix 0x7ca0915b967, 367 assignments)
level 44: 66122 nodes, best expected weight 2^23.520 (W prefix 0x7ca0915b967, 734 assignments)
level 45: 65608 nodes, best expected weight 2^22.880 (W prefix 0x19fb6f72837f, 471 assignments)
level 46: 66748 nodes, best expected weight 2^21.880 (W prefix 0x19fb6f72837f, 942 assignments)
level 47: 65706 nodes, best expected weight 2^21.362 (W prefix 0x59fb6f72837f, 658 assignments)
level 48: 66958 nodes, best expected weight 2^20.362 (W prefix 0x59fb6f72837f, 1316 assignments)
level 49: 66192 nodes, best expected weight 2^19.490 (W prefix 0x12d27500a7e5f, 719 assignments)
level 50: 65552 nodes, best expected weight 2^18.490 (W prefix 0x12d27500a7e5f, 1438 assignments)
level 51: 65702 nodes, best expected weight 2^17.788 (W prefix 0x32d27500a7e5f, 884 assignments)
level 52: 65616 nodes, best expected weight 2^16.788 (W prefix 0x32d27500a7e5f, 1768 assignments)
level 53: 65571 nodes, best expected weight 2^16.109 (W prefix 0x1f9e26e21a3def, 1104 assignments)
level 54: 65938 nodes, best expected weight 2^15.109 (W prefix 0x1f9e26e21a3def, 2208 assignments)
level 55: 65574 nodes, best expected weight 2^14.326 (W prefix 0x7fbe26e21a3def, 1284 assignments)
level 56: 65864 nodes, best expected weight 2^13.326 (W prefix 0x7fbe26e21a3def, 2568 assignments)
level 57: 65792 nodes, best expected weight 2^12.622 (W prefix 0x7fbe26e21a3def, 1576 assignments)
level 58: 65988 nodes, best expected weight 2^11.622 (W prefix 0x7fbe26e21a3def, 3152 assignments)
level 59: 65620 nodes, best expected weight 2^10.855 (W prefix 0x2d3b503988ea5af, 1852 assignments)
BEAM mode: W* = 0x5a76a07311d4b5e0  weight 1852 (1852 assignments)  Pr[S1_init = W*] = 2^-50.145  (second-best in beam 1824 = 2^-50.167)
score log2(L/eps) with L=2 words = 51.15 bits
class size = weight * 2^(64-61) = 14816 = 2^13.85 seeds
EXHAUSTIVE verification: class seeds tested 14816, full-hash collisions 14816, S1_init mismatches 0 (must be 0); example seed 0x0c9616ca41e6d950
  h(m1)=0000000000000000 h(m2)=0000000000000000
control: 0 collisions in 16777216 uniform random seeds (expected 1.35e-08 from this class)
pair: m1[0..11) = 73a0765a1f262de0b5d411  m2[0..11) = 73a0765a1f262de1b5d411

real	0m50.122s
user	3m53.507s
sys	0m7.906s
