len=135 v=15 m=49 k0=33 beam=65536 zbits=-1 feasible (p,q) pairs: 1
  (p,q)=(4,11) cost=8 free=24+24 e=56 (below k0: 16+16)  weight 2^-56 per full assignment
S=56 determined seed bits; Pr[S1_init=W*] = weight/2^56
level 33 histogram: max weight 303 at residual 0x11463c377 (top-65536 weight tail: threshold 70, 67335 bins >= it)
selected 67216 level-33 bins for extension
level 34: 66416 nodes, best expected weight 2^23.243 (W prefix 0x11463c377, 606 assignments)
level 35: 66364 nodes, best expected weight 2^22.781 (W prefix 0x2733821b7, 440 assignments)
level 36: 82106 nodes, best expected weight 2^21.781 (W prefix 0x2733821b7, 880 assignments)
level 37: 65606 nodes, best expected weight 2^21.109 (W prefix 0x1c0edf3a2f, 552 assignments)
level 38: 65586 nodes, best expected weight 2^20.109 (W prefix 0x1c0edf3a2f, 1104 assignments)
level 39: 65860 nodes, best expected weight 2^19.547 (W prefix 0x58773cb707, 748 assignments)
level 40: 68360 nodes, best expected weight 2^18.547 (W prefix 0x58773cb707, 1496 assignments)
level 41: 65601 nodes, best expected weight 2^17.940 (W prefix 0x5615f373ef, 982 assignments)
level 42: 65722 nodes, best expected weight 2^16.940 (W prefix 0x5615f373ef, 1964 assignments)
level 43: 65776 nodes, best expected weight 2^16.184 (W prefix 0x25615f373ef, 1163 assignments)
level 44: 65966 nodes, best expected weight 2^15.184 (W prefix 0x25615f373ef, 2326 assignments)
level 45: 65605 nodes, best expected weight 2^14.474 (W prefix 0x1df011c61b47, 1422 assignments)
level 46: 66022 nodes, best expected weight 2^13.474 (W prefix 0x1df011c61b47, 2844 assignments)
level 47: 65583 nodes, best expected weight 2^12.821 (W prefix 0x1ad430b66f3f, 1809 assignments)
level 48: 65708 nodes, best expected weight 2^11.821 (W prefix 0x1ad430b66f3f, 3618 assignments)
level 49: 65675 nodes, best expected weight 2^10.999 (W prefix 0x479e305e33f, 2047 assignments)
BEAM mode: W* = 0x023cf182f19f8000  weight 2047 (2047 assignments)  Pr[S1_init = W*] = 2^-45.001  (second-best in beam 2031 = 2^-45.012)
score log2(L/eps) with L=17 words = 49.09 bits
class size = weight * 2^(64-56) = 524032 = 2^19.00 seeds
EXHAUSTIVE verification: class seeds tested 524032, full-hash collisions 524032, S1_init mismatches 0 (must be 0); example seed 0x0505e22239ca2a54
  h(m1)=6cea3e968928aac7 h(m2)=6cea3e968928aac7
control: 0 collisions in 16777216 uniform random seeds (expected 4.77e-07 from this class)
pair: m1[0..24) = 82f13c0200809ff18877665544332211737a81888f969da4  m2[0..24) = 82f13c0200809ff11122334455667788737a81888f969da4  (rest identical: byte i = (7i+3)&0xff)

real	1m32.958s
user	4m2.896s
sys	0m6.996s
