len=13 v=5 m=59 k0=33 beam=65536 zbits=-1 feasible (p,q) pairs: 1
  (p,q)=(4,1) cost=3 free=29+29 e=61 (below k0: 16+16)  weight 2^-61 per full assignment
S=61 determined seed bits; Pr[S1_init=W*] = weight/2^61
level 33 histogram: max weight 124 at residual 0xace02dc1 (top-65536 weight tail: threshold 52, 69997 bins >= it)
selected 69328 level-33 bins for extension
level 34: 74286 nodes, best expected weight 2^31.954 (W prefix 0xace02dc1, 248 assignments)
level 35: 68269 nodes, best expected weight 2^31.170 (W prefix 0x36cf602b9, 144 assignments)
level 36: 66998 nodes, best expected weight 2^30.170 (W prefix 0x36cf602b9, 288 assignments)
level 37: 66919 nodes, best expected weight 2^29.459 (W prefix 0x1b6cf602b9, 176 assignments)
level 38: 67664 nodes, best expected weight 2^28.459 (W prefix 0x1b6cf602b9, 352 assignments)
level 39: 67390 nodes, best expected weight 2^27.839 (W prefix 0x4ce0a65271, 229 assignments)
level 40: 68792 nodes, best expected weight 2^26.839 (W prefix 0x4ce0a65271, 458 assignments)
level 41: 67195 nodes, best expected weight 2^26.098 (W prefix 0xaaa76713c1, 274 assignments)
level 42: 67934 nodes, best expected weight 2^25.098 (W prefix 0xaaa76713c1, 548 assignments)
level 43: 65891 nodes, best expected weight 2^24.488 (W prefix 0x350b2501dc1, 359 assignments)
level 44: 67906 nodes, best expected weight 2^23.488 (W prefix 0x350b2501dc1, 718 assignments)
level 45: 66324 nodes, best expected weight 2^22.768 (W prefix 0x6e40943a3c1, 436 assignments)
level 46: 67452 nodes, best expected weight 2^21.768 (W prefix 0x6e40943a3c1, 872 assignments)
level 47: 66287 nodes, best expected weight 2^21.185 (W prefix 0x33a102c713c1, 582 assignments)
level 48: 66732 nodes, best expected weight 2^20.185 (W prefix 0x33a102c713c1, 1164 assignments)
level 49: 66609 nodes, best expected weight 2^19.472 (W prefix 0x32f5c8c713c1, 710 assignments)
level 50: 65562 nodes, best expected weight 2^18.472 (W prefix 0x32f5c8c713c1, 1420 assignments)
level 51: 66183 nodes, best expected weight 2^17.753 (W prefix 0x232f5c8c713c1, 863 assignments)
level 52: 66408 nodes, best expected weight 2^16.753 (W prefix 0x232f5c8c713c1, 1726 assignments)
level 53: 65698 nodes, best expected weight 2^16.093 (W prefix 0x1232f5c8c713c1, 1092 assignments)
level 54: 66298 nodes, best expected weight 2^15.093 (W prefix 0x1232f5c8c713c1, 2184 assignments)
level 55: 65694 nodes, best expected weight 2^14.278 (W prefix 0x7205049278a69, 1242 assignments)
level 56: 65860 nodes, best expected weight 2^13.278 (W prefix 0x7205049278a69, 2484 assignments)
level 57: 66004 nodes, best expected weight 2^12.612 (W prefix 0x1a52a561b10b2b9, 1565 assignments)
level 58: 65916 nodes, best expected weight 2^11.612 (W prefix 0x1a52a561b10b2b9, 3130 assignments)
level 59: 65621 nodes, best expected weight 2^11.037 (W prefix 0x7a52a561b10b2b9, 2101 assignments)
BEAM mode: W* = 0xf4a54ac362165720  weight 2101 (2101 assignments)  Pr[S1_init = W*] = 2^-49.963  (second-best in beam 1989 = 2^-50.042)
score log2(L/eps) with L=2 words = 50.96 bits
class size = weight * 2^(64-61) = 16808 = 2^14.04 seeds
EXHAUSTIVE verification: class seeds tested 16808, full-hash collisions 16808, S1_init mismatches 0 (must be 0); example seed 0x0de617f738962fee
  h(m1)=0000000000000000 h(m2)=0000000000000000
control: 0 collisions in 16777216 uniform random seeds (expected 1.53e-08 from this class)
pair: m1[0..13) = c34aa5f41f262d343b20571662  m2[0..13) = c34aa5f41f262d343b21571662

real	0m50.208s
user	3m51.880s
sys	0m8.013s
