len=147 v=13 m=51 k0=33 beam=65536 zbits=-1 feasible (p,q) pairs: 1
  (p,q)=(2,11) cost=7 free=25+25 e=57 (below k0: 16+16)  weight 2^-57 per full assignment
S=57 determined seed bits; Pr[S1_init=W*] = weight/2^57
level 33 histogram: max weight 119 at residual 0xa9b18b01 (top-65536 weight tail: threshold 52, 69411 bins >= it)
selected 68864 level-33 bins for extension
level 34: 73222 nodes, best expected weight 2^23.895 (W prefix 0xa9b18b01, 238 assignments)
level 35: 66414 nodes, best expected weight 2^23.229 (W prefix 0x6a9b18b01, 150 assignments)
level 36: 70978 nodes, best expected weight 2^22.229 (W prefix 0x6a9b18b01, 300 assignments)
level 37: 66490 nodes, best expected weight 2^21.476 (W prefix 0x199598b01, 178 assignments)
level 38: 70438 nodes, best expected weight 2^20.476 (W prefix 0x199598b01, 356 assignments)
level 39: 66471 nodes, best expected weight 2^19.889 (W prefix 0x6ac89080b1, 237 assignments)
level 40: 67742 nodes, best expected weight 2^18.889 (W prefix 0x6ac89080b1, 474 assignments)
level 41: 66898 nodes, best expected weight 2^18.290 (W prefix 0x14321636301, 313 assignments)
level 42: 65882 nodes, best expected weight 2^17.290 (W prefix 0x14321636301, 626 assignments)
level 43: 67071 nodes, best expected weight 2^16.596 (W prefix 0x74321636301, 387 assignments)
level 44: 68152 nodes, best expected weight 2^15.596 (W prefix 0x74321636301, 774 assignments)
level 45: 65737 nodes, best expected weight 2^14.907 (W prefix 0xf4321636301, 480 assignments)
level 46: 65800 nodes, best expected weight 2^13.907 (W prefix 0xf4321636301, 960 assignments)
level 47: 66046 nodes, best expected weight 2^13.238 (W prefix 0xfc749463821, 604 assignments)
level 48: 67042 nodes, best expected weight 2^12.238 (W prefix 0xfc749463821, 1208 assignments)
level 49: 66206 nodes, best expected weight 2^11.583 (W prefix 0x18fc749463821, 767 assignments)
level 50: 66090 nodes, best expected weight 2^10.583 (W prefix 0x18fc749463821, 1534 assignments)
level 51: 65619 nodes, best expected weight 2^9.870 (W prefix 0x5ade4a836301, 936 assignments)
BEAM mode: W* = 0x0b5bc9506c602000  weight 936 (936 assignments)  Pr[S1_init = W*] = 2^-47.130  (second-best in beam 928 = 2^-47.142)
score log2(L/eps) with L=19 words = 51.38 bits
class size = weight * 2^(64-57) = 119808 = 2^16.87 seeds
EXHAUSTIVE verification: class seeds tested 119808, full-hash collisions 119808, S1_init mismatches 0 (must be 0); example seed 0x10483def6188c8c0
  h(m1)=57b176b450de960f h(m2)=57b176b450de960f
control: 0 collisions in 16777216 uniform random seeds (expected 1.09e-07 from this class)
pair: m1[0..24) = 50c95b0b0020606c8877665544332211737a81888f969da4  m2[0..24) = 50c95b0b0020606c1122334455667788737a81888f969da4  (rest identical: byte i = (7i+3)&0xff)

real	0m48.004s
user	3m38.693s
sys	0m6.099s
