len=18 v=7 m=57 k0=33 beam=524288 zbits=-1 feasible (p,q) pairs: 1
  (p,q)=(0,7) cost=4 free=28+28 e=60 (below k0: 16+16)  weight 2^-60 per full assignment
S=60 determined seed bits; Pr[S1_init=W*] = weight/2^60
level 33 histogram: max weight 276 at residual 0x147c22dd7 (top-524288 weight tail: threshold 51, 525437 bins >= it)
selected 525358 level-33 bins for extension
level 34: 559574 nodes, best expected weight 2^31.109 (W prefix 0x147c22dd7, 552 assignments)
level 35: 760202 nodes, best expected weight 2^31.044 (W prefix 0x2a2a56d9f, 528 assignments)
level 36: 531190 nodes, best expected weight 2^30.044 (W prefix 0x2a2a56d9f, 1056 assignments)
level 37: 532333 nodes, best expected weight 2^29.085 (W prefix 0x309436d9f, 543 assignments)
level 38: 639176 nodes, best expected weight 2^28.085 (W prefix 0x309436d9f, 1086 assignments)
level 39: 541723 nodes, best expected weight 2^27.646 (W prefix 0x2309436d9f, 801 assignments)
level 40: 553762 nodes, best expected weight 2^26.646 (W prefix 0x2309436d9f, 1602 assignments)
level 41: 532530 nodes, best expected weight 2^26.186 (W prefix 0x19c1ea7add7, 1165 assignments)
level 42: 736986 nodes, best expected weight 2^25.186 (W prefix 0x19c1ea7add7, 2330 assignments)
level 43: 546762 nodes, best expected weight 2^24.766 (W prefix 0x79c1ea7add7, 1741 assignments)
level 44: 651284 nodes, best expected weight 2^23.766 (W prefix 0x79c1ea7add7, 3482 assignments)
level 45: 593554 nodes, best expected weight 2^23.229 (W prefix 0x2040adaab4f, 2400 assignments)
level 46: 524662 nodes, best expected weight 2^22.229 (W prefix 0x2040adaab4f, 4800 assignments)
level 47: 524733 nodes, best expected weight 2^21.592 (W prefix 0x22040adaab4f, 3088 assignments)
level 48: 524414 nodes, best expected weight 2^20.592 (W prefix 0x22040adaab4f, 6176 assignments)
level 49: 526945 nodes, best expected weight 2^19.940 (W prefix 0x39621f6ca527, 3928 assignments)
level 50: 530252 nodes, best expected weight 2^18.940 (W prefix 0x39621f6ca527, 7856 assignments)
level 51: 527724 nodes, best expected weight 2^18.148 (W prefix 0x4d23830a1ae67, 4540 assignments)
level 52: 530016 nodes, best expected weight 2^17.148 (W prefix 0x4d23830a1ae67, 9080 assignments)
level 53: 526041 nodes, best expected weight 2^16.381 (W prefix 0x12a67a9480b58f, 5334 assignments)
level 54: 526646 nodes, best expected weight 2^15.381 (W prefix 0x12a67a9480b58f, 10668 assignments)
level 55: 525395 nodes, best expected weight 2^14.678 (W prefix 0x674319727ef527, 6555 assignments)
level 56: 524678 nodes, best expected weight 2^13.678 (W prefix 0x674319727ef527, 13110 assignments)
level 57: 524819 nodes, best expected weight 2^12.921 (W prefix 0x1890552c18d11df, 7754 assignments)
BEAM mode: W* = 0xc482a960c688ef80  weight 7754 (7754 assignments)  Pr[S1_init = W*] = 2^-47.079  (second-best in beam 7754 = 2^-47.079)
score log2(L/eps) with L=3 words = 48.66 bits
class size = weight * 2^(64-60) = 124064 = 2^16.92 seeds
EXHAUSTIVE verification: class seeds tested 124064, full-hash collisions 124064, S1_init mismatches 0 (must be 0); example seed 0x4535f0a22cb4c24b
  h(m1)=855d75c9c6679ca6 h(m2)=855d75c9c6679ca6
control: 0 collisions in 16777216 uniform random seeds (expected 1.13e-07 from this class)
pair: m1[0..18) = 60a982c480ef88c68877665544332211737a  m2[0..18) = 60a982c480ef88c61122334455667788737a

real	2m46.818s
user	12m36.815s
sys	2m49.434s
