len=19 v=9 m=55 k0=33 beam=65536 zbits=-1 feasible (p,q) pairs: 1
  (p,q)=(2,7) cost=5 free=27+27 e=59 (below k0: 16+16)  weight 2^-59 per full assignment
S=59 determined seed bits; Pr[S1_init=W*] = weight/2^59
level 33 histogram: max weight 145 at residual 0xb7ec3e21 (top-65536 weight tail: threshold 58, 70966 bins >= it)
selected 70347 level-33 bins for extension
level 34: 68590 nodes, best expected weight 2^28.180 (W prefix 0xb7ec3e21, 290 assignments)
level 35: 69394 nodes, best expected weight 2^27.484 (W prefix 0x6ac8f7171, 179 assignments)
level 36: 66504 nodes, best expected weight 2^26.484 (W prefix 0x6ac8f7171, 358 assignments)
level 37: 67267 nodes, best expected weight 2^25.989 (W prefix 0x1eac8f7171, 254 assignments)
level 38: 66542 nodes, best expected weight 2^24.989 (W prefix 0x1eac8f7171, 508 assignments)
level 39: 67358 nodes, best expected weight 2^24.109 (W prefix 0x6377f22ab1, 276 assignments)
level 40: 67994 nodes, best expected weight 2^23.109 (W prefix 0x6377f22ab1, 552 assignments)
level 41: 66226 nodes, best expected weight 2^22.472 (W prefix 0x151cc910171, 355 assignments)
level 42: 66680 nodes, best expected weight 2^21.472 (W prefix 0x151cc910171, 710 assignments)
level 43: 65997 nodes, best expected weight 2^20.700 (W prefix 0x1fd4dccb4f1, 416 assignments)
level 44: 66834 nodes, best expected weight 2^19.700 (W prefix 0x1fd4dccb4f1, 832 assignments)
level 45: 66787 nodes, best expected weight 2^19.145 (W prefix 0x1bc0968a2ab1, 566 assignments)
level 46: 66262 nodes, best expected weight 2^18.145 (W prefix 0x1bc0968a2ab1, 1132 assignments)
level 47: 65951 nodes, best expected weight 2^17.322 (W prefix 0x37dfe43083b1, 640 assignments)
level 48: 66068 nodes, best expected weight 2^16.322 (W prefix 0x37dfe43083b1, 1280 assignments)
level 49: 66178 nodes, best expected weight 2^15.669 (W prefix 0x122becff96df1, 814 assignments)
level 50: 66206 nodes, best expected weight 2^14.669 (W prefix 0x122becff96df1, 1628 assignments)
level 51: 65895 nodes, best expected weight 2^14.105 (W prefix 0x522becff96df1, 1101 assignments)
level 52: 65668 nodes, best expected weight 2^13.105 (W prefix 0x522becff96df1, 2202 assignments)
level 53: 65790 nodes, best expected weight 2^12.366 (W prefix 0x174ce4a0605731, 1320 assignments)
level 54: 66112 nodes, best expected weight 2^11.366 (W prefix 0x174ce4a0605731, 2640 assignments)
level 55: 65965 nodes, best expected weight 2^10.699 (W prefix 0x439996a0605731, 1662 assignments)
BEAM mode: W* = 0x87332d40c0ae6200  weight 1662 (1662 assignments)  Pr[S1_init = W*] = 2^-48.301  (second-best in beam 1626 = 2^-48.333)
score log2(L/eps) with L=3 words = 49.89 bits
class size = weight * 2^(64-59) = 53184 = 2^15.70 seeds
EXHAUSTIVE verification: class seeds tested 53184, full-hash collisions 53184, S1_init mismatches 0 (must be 0); example seed 0x11c295de610dce40
  h(m1)=5e9b28455a6ee777 h(m2)=5e9b28455a6ee777
control: 0 collisions in 16777216 uniform random seeds (expected 4.84e-08 from this class)
pair: m1[0..19) = 402d33870062aec08877665544332211737a81  m2[0..19) = 402d33870062aec01122334455667788737a81

real	2m9.668s
user	5m16.051s
sys	0m10.065s
