len=21 v=7 m=57 k0=33 beam=65536 zbits=-1 feasible (p,q) pairs: 1
  (p,q)=(6,1) cost=4 free=28+28 e=60 (below k0: 16+16)  weight 2^-60 per full assignment
S=60 determined seed bits; Pr[S1_init=W*] = weight/2^60
level 33 histogram: max weight 127 at residual 0x1677be427 (top-65536 weight tail: threshold 52, 71807 bins >= it)
selected 70901 level-33 bins for extension
level 34: 66022 nodes, best expected weight 2^29.989 (W prefix 0x1677be427, 254 assignments)
level 35: 68985 nodes, best expected weight 2^29.209 (W prefix 0x443cfc427, 148 assignments)
level 36: 70494 nodes, best expected weight 2^28.209 (W prefix 0x443cfc427, 296 assignments)
level 37: 67017 nodes, best expected weight 2^27.492 (W prefix 0x4fc6b9197, 180 assignments)
level 38: 65814 nodes, best expected weight 2^26.492 (W prefix 0x4fc6b9197, 360 assignments)
level 39: 67466 nodes, best expected weight 2^25.814 (W prefix 0x6c87b52a07, 225 assignments)
level 40: 66424 nodes, best expected weight 2^24.814 (W prefix 0x6c87b52a07, 450 assignments)
level 41: 67138 nodes, best expected weight 2^24.140 (W prefix 0x670f7d1ad7, 282 assignments)
level 42: 68362 nodes, best expected weight 2^23.140 (W prefix 0x670f7d1ad7, 564 assignments)
level 43: 65741 nodes, best expected weight 2^22.520 (W prefix 0x70669851ad7, 367 assignments)
level 44: 66014 nodes, best expected weight 2^21.520 (W prefix 0x70669851ad7, 734 assignments)
level 45: 66762 nodes, best expected weight 2^20.811 (W prefix 0x70669851ad7, 449 assignments)
level 46: 67584 nodes, best expected weight 2^19.811 (W prefix 0x70669851ad7, 898 assignments)
level 47: 66653 nodes, best expected weight 2^19.205 (W prefix 0xf56266d2a07, 590 assignments)
level 48: 66858 nodes, best expected weight 2^18.205 (W prefix 0xf56266d2a07, 1180 assignments)
level 49: 66205 nodes, best expected weight 2^17.399 (W prefix 0x11e0d4ded2a07, 675 assignments)
level 50: 66706 nodes, best expected weight 2^16.399 (W prefix 0x11e0d4ded2a07, 1350 assignments)
level 51: 65550 nodes, best expected weight 2^15.748 (W prefix 0x42f4dac54c197, 860 assignments)
level 52: 65654 nodes, best expected weight 2^14.748 (W prefix 0x42f4dac54c197, 1720 assignments)
level 53: 66101 nodes, best expected weight 2^14.071 (W prefix 0x1e127ac7ed2a07, 1076 assignments)
level 54: 65886 nodes, best expected weight 2^13.071 (W prefix 0x1e127ac7ed2a07, 2152 assignments)
level 55: 65881 nodes, best expected weight 2^12.510 (W prefix 0x6f058532e2a707, 1458 assignments)
level 56: 65840 nodes, best expected weight 2^11.510 (W prefix 0x6f058532e2a707, 2916 assignments)
level 57: 65872 nodes, best expected weight 2^10.734 (W prefix 0x124274a2c6d2a07, 1703 assignments)
BEAM mode: W* = 0x9213a51636950380  weight 1703 (1703 assignments)  Pr[S1_init = W*] = 2^-49.266  (second-best in beam 1666 = 2^-49.298)
score log2(L/eps) with L=3 words = 50.85 bits
class size = weight * 2^(64-60) = 27248 = 2^14.73 seeds
EXHAUSTIVE verification: class seeds tested 27248, full-hash collisions 27248, S1_init mismatches 0 (must be 0); example seed 0x0041fda739aeec62
  h(m1)=02fb6b286c116feb h(m2)=02fb6b286c116feb
control: 0 collisions in 16777216 uniform random seeds (expected 2.48e-08 from this class)
pair: m1[0..21) = 16a51392800395368877665544332211737a81888f  m2[0..21) = 16a51392800395361122334455667788737a81888f

real	1m1.578s
user	4m2.106s
sys	0m6.517s
