len=2263 v=25 m=39 k0=33 beam=65536 zbits=-1 feasible (p,q) pairs: 1
  (p,q)=(8,17) cost=13 free=19+19 e=51 (below k0: 16+16)  weight 2^-51 per full assignment
S=51 determined seed bits; Pr[S1_init=W*] = weight/2^51
level 33 histogram: max weight 140 at residual 0x83dbdf31 (top-65536 weight tail: threshold 58, 68590 bins >= it)
selected 68277 level-33 bins for extension
level 34: 66966 nodes, best expected weight 2^12.129 (W prefix 0x83dbdf31, 280 assignments)
level 35: 67856 nodes, best expected weight 2^11.492 (W prefix 0x2bef0bf31, 180 assignments)
level 36: 70656 nodes, best expected weight 2^10.492 (W prefix 0x2bef0bf31, 360 assignments)
level 37: 68430 nodes, best expected weight 2^9.728 (W prefix 0x16688ebcf1, 212 assignments)
level 38: 66304 nodes, best expected weight 2^8.728 (W prefix 0x16688ebcf1, 424 assignments)
level 39: 66534 nodes, best expected weight 2^8.285 (W prefix 0x52ba335f31, 312 assignments)
BEAM mode: W* = 0xa57466be62000000  weight 312 (312 assignments)  Pr[S1_init = W*] = 2^-42.715  (second-best in beam 299 = 2^-42.776)
score log2(L/eps) with L=283 words = 50.86 bits
class size = weight * 2^(64-51) = 2555904 = 2^21.29 seeds
EXHAUSTIVE verification: class seeds tested 2555904, full-hash collisions 2555904, S1_init mismatches 0 (must be 0); example seed 0x004175f76d9b82a4
  h(m1)=4489a3243f8ba59f h(m2)=4489a3243f8ba59f
control: 0 collisions in 1897070 uniform random seeds (expected 2.63e-07 from this class)
pair: m1[0..24) = be6674a5000000628877665544332211737a81888f969da4  m2[0..24) = be6674a5000000621122334455667788737a81888f969da4  (rest identical: byte i = (7i+3)&0xff)

real	1m29.850s
user	3m47.450s
sys	0m3.329s
