len=22 v=7 m=57 k0=33 beam=65536 zbits=-1 feasible (p,q) pairs: 1
  (p,q)=(0,7) cost=4 free=28+28 e=60 (below k0: 16+16)  weight 2^-60 per full assignment
S=60 determined seed bits; Pr[S1_init=W*] = weight/2^60
level 33 histogram: max weight 125 at residual 0x14d43c71 (top-65536 weight tail: threshold 52, 71329 bins >= it)
selected 70517 level-33 bins for extension
level 34: 66670 nodes, best expected weight 2^29.966 (W prefix 0x14d43c71, 250 assignments)
level 35: 66001 nodes, best expected weight 2^29.209 (W prefix 0x110da5329, 148 assignments)
level 36: 66842 nodes, best expected weight 2^28.209 (W prefix 0x110da5329, 296 assignments)
level 37: 66798 nodes, best expected weight 2^27.500 (W prefix 0x124629e5d9, 181 assignments)
level 38: 67042 nodes, best expected weight 2^26.500 (W prefix 0x124629e5d9, 362 assignments)
level 39: 66047 nodes, best expected weight 2^25.814 (W prefix 0x3600b365d9, 225 assignments)
level 40: 67434 nodes, best expected weight 2^24.814 (W prefix 0x3600b365d9, 450 assignments)
level 41: 66398 nodes, best expected weight 2^24.175 (W prefix 0x1a595aed653, 289 assignments)
level 42: 67280 nodes, best expected weight 2^23.175 (W prefix 0x1a595aed653, 578 assignments)
level 43: 65751 nodes, best expected weight 2^22.543 (W prefix 0x3600b365d9, 373 assignments)
level 44: 66532 nodes, best expected weight 2^21.543 (W prefix 0x3600b365d9, 746 assignments)
level 45: 66097 nodes, best expected weight 2^20.934 (W prefix 0x9a6f5dd1b29, 489 assignments)
level 46: 66340 nodes, best expected weight 2^19.934 (W prefix 0x9a6f5dd1b29, 978 assignments)
level 47: 66652 nodes, best expected weight 2^19.187 (W prefix 0x347af9a953c1, 583 assignments)
level 48: 66058 nodes, best expected weight 2^18.187 (W prefix 0x347af9a953c1, 1166 assignments)
level 49: 66403 nodes, best expected weight 2^17.520 (W prefix 0x31d365c63b71, 734 assignments)
level 50: 66406 nodes, best expected weight 2^16.520 (W prefix 0x31d365c63b71, 1468 assignments)
level 51: 66273 nodes, best expected weight 2^15.929 (W prefix 0x2a00d47fbbc71, 975 assignments)
level 52: 66590 nodes, best expected weight 2^14.929 (W prefix 0x2a00d47fbbc71, 1950 assignments)
level 53: 65960 nodes, best expected weight 2^14.242 (W prefix 0x1631d365c63b71, 1211 assignments)
level 54: 65752 nodes, best expected weight 2^13.242 (W prefix 0x1631d365c63b71, 2422 assignments)
level 55: 65768 nodes, best expected weight 2^12.410 (W prefix 0x1631d365c63b71, 1361 assignments)
level 56: 65556 nodes, best expected weight 2^11.410 (W prefix 0x1631d365c63b71, 2722 assignments)
level 57: 65860 nodes, best expected weight 2^10.675 (W prefix 0x1c0cd132ec953c1, 1635 assignments)
BEAM mode: W* = 0xe066899764a9e080  weight 1635 (1635 assignments)  Pr[S1_init = W*] = 2^-49.325  (second-best in beam 1576 = 2^-49.378)
score log2(L/eps) with L=3 words = 50.91 bits
class size = weight * 2^(64-60) = 26160 = 2^14.68 seeds
EXHAUSTIVE verification: class seeds tested 26160, full-hash collisions 26160, S1_init mismatches 0 (must be 0); example seed 0x4538b2f27c8c36ed
  h(m1)=b1294f860af95839 h(m2)=b1294f860af95839
control: 0 collisions in 16777216 uniform random seeds (expected 2.38e-08 from this class)
pair: m1[0..22) = 978966e080e0a9648877665544332211737a81888f96  m2[0..22) = 978966e080e0a9641122334455667788737a81888f96

real	0m56.506s
user	3m50.214s
sys	0m7.191s
