len=23 v=13 m=51 k0=33 beam=65536 zbits=-1 feasible (p,q) pairs: 1
  (p,q)=(6,7) cost=7 free=25+25 e=57 (below k0: 16+16)  weight 2^-57 per full assignment
S=57 determined seed bits; Pr[S1_init=W*] = weight/2^57
level 33 histogram: max weight 196 at residual 0x57b1484f (top-65536 weight tail: threshold 66, 71718 bins >= it)
selected 71146 level-33 bins for extension
level 34: 68994 nodes, best expected weight 2^24.615 (W prefix 0x57b1484f, 392 assignments)
level 35: 67580 nodes, best expected weight 2^23.839 (W prefix 0xdc37d98f, 229 assignments)
level 36: 67770 nodes, best expected weight 2^22.839 (W prefix 0xdc37d98f, 458 assignments)
level 37: 67751 nodes, best expected weight 2^22.124 (W prefix 0x761234167, 279 assignments)
level 38: 68022 nodes, best expected weight 2^21.124 (W prefix 0x761234167, 558 assignments)
level 39: 65740 nodes, best expected weight 2^20.626 (W prefix 0x4761234167, 395 assignments)
level 40: 66206 nodes, best expected weight 2^19.626 (W prefix 0x4761234167, 790 assignments)
level 41: 66887 nodes, best expected weight 2^18.725 (W prefix 0xb87bad4d9f, 423 assignments)
level 42: 66496 nodes, best expected weight 2^17.725 (W prefix 0xb87bad4d9f, 846 assignments)
level 43: 65889 nodes, best expected weight 2^16.992 (W prefix 0x695020e414f, 509 assignments)
level 44: 66054 nodes, best expected weight 2^15.992 (W prefix 0x695020e414f, 1018 assignments)
level 45: 66608 nodes, best expected weight 2^15.260 (W prefix 0x2d682fb4167, 613 assignments)
level 46: 65904 nodes, best expected weight 2^14.260 (W prefix 0x2d682fb4167, 1226 assignments)
level 47: 65768 nodes, best expected weight 2^13.702 (W prefix 0x45cfd3823d9f, 833 assignments)
level 48: 66452 nodes, best expected weight 2^12.702 (W prefix 0x45cfd3823d9f, 1666 assignments)
level 49: 65841 nodes, best expected weight 2^12.118 (W prefix 0x1bf589d24cc9f, 1111 assignments)
level 50: 65632 nodes, best expected weight 2^11.118 (W prefix 0x1bf589d24cc9f, 2222 assignments)
level 51: 66046 nodes, best expected weight 2^10.361 (W prefix 0x1bf589d24cc9f, 1315 assignments)
BEAM mode: W* = 0x37eb13a49993e000  weight 1315 (1315 assignments)  Pr[S1_init = W*] = 2^-46.639  (second-best in beam 1269 = 2^-46.691)
score log2(L/eps) with L=3 words = 48.22 bits
class size = weight * 2^(64-57) = 168320 = 2^17.36 seeds
EXHAUSTIVE verification: class seeds tested 168320, full-hash collisions 168320, S1_init mismatches 0 (must be 0); example seed 0x003d71a22bddd0e4
  h(m1)=3c95744a12fe31fc h(m2)=3c95744a12fe31fc
control: 0 collisions in 16777216 uniform random seeds (expected 1.53e-07 from this class)
pair: m1[0..23) = a413eb3700e093998877665544332211737a81888f969d  m2[0..23) = a413eb3700e093991122334455667788737a81888f969d

real	5m51.225s
user	4m18.092s
sys	0m4.812s
