len=2455 v=23 m=41 k0=33 beam=65536 zbits=-1 feasible (p,q) pairs: 1
  (p,q)=(6,17) cost=12 free=20+20 e=52 (below k0: 16+16)  weight 2^-52 per full assignment
S=52 determined seed bits; Pr[S1_init=W*] = weight/2^52
level 33 histogram: max weight 127 at residual 0x969cb4d1 (top-65536 weight tail: threshold 52, 68954 bins >= it)
selected 68445 level-33 bins for extension
level 34: 73118 nodes, best expected weight 2^13.989 (W prefix 0x969cb4d1, 254 assignments)
level 35: 67248 nodes, best expected weight 2^13.401 (W prefix 0x4969cb4d1, 169 assignments)
level 36: 66140 nodes, best expected weight 2^12.401 (W prefix 0x4969cb4d1, 338 assignments)
level 37: 65941 nodes, best expected weight 2^11.585 (W prefix 0xc969cb4d1, 192 assignments)
level 38: 66034 nodes, best expected weight 2^10.585 (W prefix 0xc969cb4d1, 384 assignments)
level 39: 68379 nodes, best expected weight 2^9.895 (W prefix 0xfb4b255d1, 238 assignments)
level 40: 67656 nodes, best expected weight 2^8.895 (W prefix 0xfb4b255d1, 476 assignments)
level 41: 66380 nodes, best expected weight 2^8.160 (W prefix 0x10c969cb4d1, 286 assignments)
BEAM mode: W* = 0x864b4e5a68800000  weight 286 (286 assignments)  Pr[S1_init = W*] = 2^-43.840  (second-best in beam 286 = 2^-43.840)
score log2(L/eps) with L=307 words = 52.10 bits
class size = weight * 2^(64-52) = 1171456 = 2^20.16 seeds
EXHAUSTIVE verification: class seeds tested 1171456, full-hash collisions 1171456, S1_init mismatches 0 (must be 0); example seed 0x014035f64de383e4
  h(m1)=b1e9e0863e398a23 h(m2)=b1e9e0863e398a23
control: 0 collisions in 1748765 uniform random seeds (expected 1.11e-07 from this class)
pair: m1[0..24) = 5a4e4b86000080688877665544332211737a81888f969da4  m2[0..24) = 5a4e4b86000080681122334455667788737a81888f969da4  (rest identical: byte i = (7i+3)&0xff)

real	0m47.429s
user	3m37.013s
sys	0m4.562s
