len=2 v=7 m=57 k0=33 beam=65536 zbits=9 feasible (p,q) pairs: 1
  (p,q)=(0,7) cost=4 free=28+28 e=60 (below k0: 16+16)  weight 2^-60 per full assignment
S=60 determined seed bits; Pr[S1_init=W*] = weight/2^60
level 33 histogram: max weight 20 at residual 0x1cf (top-65536 weight tail: threshold 1, 42 bins >= it)
selected 42 level-33 bins for extension
level 34: 42 nodes, best expected weight 2^27.322 (W prefix 0x1cf, 40 assignments)
level 35: 40 nodes, best expected weight 2^26.087 (W prefix 0xd5, 17 assignments)
level 36: 40 nodes, best expected weight 2^25.087 (W prefix 0xd5, 34 assignments)
level 37: 39 nodes, best expected weight 2^24.170 (W prefix 0xd5, 18 assignments)
level 38: 39 nodes, best expected weight 2^23.170 (W prefix 0xd5, 36 assignments)
level 39: 39 nodes, best expected weight 2^22.644 (W prefix 0xd5, 25 assignments)
level 40: 39 nodes, best expected weight 2^21.644 (W prefix 0xd5, 50 assignments)
level 41: 38 nodes, best expected weight 2^20.644 (W prefix 0xd5, 25 assignments)
level 42: 38 nodes, best expected weight 2^19.644 (W prefix 0xd5, 50 assignments)
level 43: 38 nodes, best expected weight 2^18.459 (W prefix 0xd5, 22 assignments)
level 44: 38 nodes, best expected weight 2^17.459 (W prefix 0xd5, 44 assignments)
level 45: 37 nodes, best expected weight 2^16.700 (W prefix 0x1cf, 26 assignments)
level 46: 37 nodes, best expected weight 2^15.700 (W prefix 0x1cf, 52 assignments)
level 47: 36 nodes, best expected weight 2^14.585 (W prefix 0x1cf, 24 assignments)
level 48: 36 nodes, best expected weight 2^13.585 (W prefix 0x1cf, 48 assignments)
level 49: 36 nodes, best expected weight 2^12.644 (W prefix 0xd5, 25 assignments)
level 50: 36 nodes, best expected weight 2^11.644 (W prefix 0xd5, 50 assignments)
level 51: 34 nodes, best expected weight 2^10.807 (W prefix 0xd5, 28 assignments)
level 52: 34 nodes, best expected weight 2^9.807 (W prefix 0xd5, 56 assignments)
level 53: 33 nodes, best expected weight 2^8.755 (W prefix 0x4d, 27 assignments)
level 54: 33 nodes, best expected weight 2^7.755 (W prefix 0x4d, 54 assignments)
level 55: 33 nodes, best expected weight 2^6.858 (W prefix 0xd5, 29 assignments)
level 56: 33 nodes, best expected weight 2^5.858 (W prefix 0xd5, 58 assignments)
level 57: 30 nodes, best expected weight 2^4.907 (W prefix 0xd5, 30 assignments)
BEAM mode: W* = 0x0000000000006a80  weight 30 (30 assignments)  Pr[S1_init = W*] = 2^-55.093  (second-best in beam 22 = 2^-55.541)
score log2(L/eps) with L=1 words = 55.09 bits
class size = weight * 2^(64-60) = 480 = 2^8.91 seeds
EXHAUSTIVE verification: class seeds tested 480, full-hash collisions 480, S1_init mismatches 0 (must be 0); example seed 0x50ec37a83dfb1e59
  h(m1)=0000000000000000 h(m2)=0000000000000000
control: 0 collisions in 16777216 uniform random seeds (expected 4.37e-10 from this class)
pair: m1[0..2) = 806a  m2[0..2) = 816a

real	1m51.161s
user	3m37.205s
sys	0m2.492s
