len=3287 v=25 m=39 k0=33 beam=65536 zbits=-1 feasible (p,q) pairs: 1
  (p,q)=(8,17) cost=13 free=19+19 e=51 (below k0: 16+16)  weight 2^-51 per full assignment
S=51 determined seed bits; Pr[S1_init=W*] = weight/2^51
level 33 histogram: max weight 123 at residual 0x1d919cb77 (top-65536 weight tail: threshold 52, 68933 bins >= it)
selected 68480 level-33 bins for extension
level 34: 73676 nodes, best expected weight 2^11.943 (W prefix 0x1d919cb77, 246 assignments)
level 35: 67578 nodes, best expected weight 2^11.257 (W prefix 0x69a310177, 153 assignments)
level 36: 66512 nodes, best expected weight 2^10.257 (W prefix 0x69a310177, 306 assignments)
level 37: 65878 nodes, best expected weight 2^9.577 (W prefix 0x109515674f, 191 assignments)
level 38: 66778 nodes, best expected weight 2^8.577 (W prefix 0x109515674f, 382 assignments)
level 39: 66856 nodes, best expected weight 2^7.833 (W prefix 0x76e9910177, 228 assignments)
BEAM mode: W* = 0xedd32202ee000000  weight 228 (228 assignments)  Pr[S1_init = W*] = 2^-43.167  (second-best in beam 224 = 2^-43.193)
score log2(L/eps) with L=411 words = 51.85 bits
class size = weight * 2^(64-51) = 1867776 = 2^20.83 seeds
EXHAUSTIVE verification: class seeds tested 1867776, full-hash collisions 1867776, S1_init mismatches 0 (must be 0); example seed 0x00556ab3095f2ea4
  h(m1)=657d591980fc57af h(m2)=657d591980fc57af
control: 0 collisions in 1306255 uniform random seeds (expected 1.32e-07 from this class)
pair: m1[0..24) = 0222d3ed000000ee8877665544332211737a81888f969da4  m2[0..24) = 0222d3ed000000ee1122334455667788737a81888f969da4  (rest identical: byte i = (7i+3)&0xff)

real	0m47.616s
user	3m35.583s
sys	0m4.419s
