len=375 v=17 m=47 k0=33 beam=65536 zbits=-1 feasible (p,q) pairs: 1
  (p,q)=(12,5) cost=9 free=23+23 e=55 (below k0: 16+16)  weight 2^-55 per full assignment
S=55 determined seed bits; Pr[S1_init=W*] = weight/2^55
level 33 histogram: max weight 121 at residual 0x1397c37f (top-65536 weight tail: threshold 52, 75285 bins >= it)
selected 73910 level-33 bins for extension
level 34: 70266 nodes, best expected weight 2^19.919 (W prefix 0x1397c37f, 242 assignments)
level 35: 66366 nodes, best expected weight 2^19.349 (W prefix 0x679b34b7f, 163 assignments)
level 36: 68524 nodes, best expected weight 2^18.349 (W prefix 0x679b34b7f, 326 assignments)
level 37: 66423 nodes, best expected weight 2^17.555 (W prefix 0x1b57d880cf, 188 assignments)
level 38: 67994 nodes, best expected weight 2^16.555 (W prefix 0x1b57d880cf, 376 assignments)
level 39: 68189 nodes, best expected weight 2^15.907 (W prefix 0x16d8c88daf, 240 assignments)
level 40: 66712 nodes, best expected weight 2^14.907 (W prefix 0x16d8c88daf, 480 assignments)
level 41: 65592 nodes, best expected weight 2^14.119 (W prefix 0x1464470f4ef, 278 assignments)
level 42: 66098 nodes, best expected weight 2^13.119 (W prefix 0x1464470f4ef, 556 assignments)
level 43: 65758 nodes, best expected weight 2^12.604 (W prefix 0x712043821ef, 389 assignments)
level 44: 67048 nodes, best expected weight 2^11.604 (W prefix 0x712043821ef, 778 assignments)
level 45: 66013 nodes, best expected weight 2^10.839 (W prefix 0x1f464470f4ef, 458 assignments)
level 46: 66932 nodes, best expected weight 2^9.839 (W prefix 0x1f464470f4ef, 916 assignments)
level 47: 66905 nodes, best expected weight 2^9.142 (W prefix 0x64c279f74caf, 565 assignments)
BEAM mode: W* = 0xc984f3ee995e0000  weight 565 (565 assignments)  Pr[S1_init = W*] = 2^-45.858  (second-best in beam 539 = 2^-45.926)
score log2(L/eps) with L=47 words = 51.41 bits
class size = weight * 2^(64-55) = 289280 = 2^18.14 seeds
EXHAUSTIVE verification: class seeds tested 289280, full-hash collisions 289280, S1_init mismatches 0 (must be 0); example seed 0x0027408a251a0244
  h(m1)=e27ead2294cab685 h(m2)=e27ead2294cab685
control: 0 collisions in 11422785 uniform random seeds (expected 1.79e-07 from this class)
pair: m1[0..24) = eef384c900005e998877665544332211737a81888f969da4  m2[0..24) = eef384c900005e991122334455667788737a81888f969da4  (rest identical: byte i = (7i+3)&0xff)

real	0m47.011s
user	3m32.313s
sys	0m5.032s
