len=471 v=23 m=41 k0=33 beam=65536 zbits=-1 feasible (p,q) pairs: 1
  (p,q)=(12,11) cost=12 free=20+20 e=52 (below k0: 16+16)  weight 2^-52 per full assignment
S=52 determined seed bits; Pr[S1_init=W*] = weight/2^52
level 33 histogram: max weight 167 at residual 0x12083fa11 (top-65536 weight tail: threshold 58, 70348 bins >= it)
selected 69802 level-33 bins for extension
level 34: 68210 nodes, best expected weight 2^14.384 (W prefix 0x12083fa11, 334 assignments)
level 35: 68795 nodes, best expected weight 2^13.629 (W prefix 0xff3a051, 198 assignments)
level 36: 69022 nodes, best expected weight 2^12.629 (W prefix 0xff3a051, 396 assignments)
level 37: 66105 nodes, best expected weight 2^11.801 (W prefix 0x1d54b169c1, 223 assignments)
level 38: 68480 nodes, best expected weight 2^10.801 (W prefix 0x1d54b169c1, 446 assignments)
level 39: 67028 nodes, best expected weight 2^10.066 (W prefix 0x609741bc89, 268 assignments)
level 40: 67950 nodes, best expected weight 2^9.066 (W prefix 0x609741bc89, 536 assignments)
level 41: 67235 nodes, best expected weight 2^8.418 (W prefix 0x609741bc89, 342 assignments)
BEAM mode: W* = 0x304ba0de44800000  weight 342 (342 assignments)  Pr[S1_init = W*] = 2^-43.582  (second-best in beam 328 = 2^-43.642)
score log2(L/eps) with L=59 words = 49.46 bits
class size = weight * 2^(64-52) = 1400832 = 2^20.42 seeds
EXHAUSTIVE verification: class seeds tested 1400832, full-hash collisions 1400832, S1_init mismatches 0 (must be 0); example seed 0x000025f77b3233a4
  h(m1)=90836304d128fa1f h(m2)=90836304d128fa1f
control: 0 collisions in 9099506 uniform random seeds (expected 6.91e-07 from this class)
pair: m1[0..24) = dea04b30000080448877665544332211737a81888f969da4  m2[0..24) = dea04b30000080441122334455667788737a81888f969da4  (rest identical: byte i = (7i+3)&0xff)

real	5m14.422s
user	4m10.698s
sys	0m3.437s
