len=55 v=11 m=53 k0=33 beam=65536 zbits=-1 feasible (p,q) pairs: 1
  (p,q)=(6,5) cost=6 free=26+26 e=58 (below k0: 16+16)  weight 2^-58 per full assignment
S=58 determined seed bits; Pr[S1_init=W*] = weight/2^58
level 33 histogram: max weight 268 at residual 0xb6f10d9 (top-65536 weight tail: threshold 70, 67966 bins >= it)
selected 67853 level-33 bins for extension
level 34: 66124 nodes, best expected weight 2^27.066 (W prefix 0xb6f10d9, 536 assignments)
level 35: 66186 nodes, best expected weight 2^26.484 (W prefix 0x2f262e269, 358 assignments)
level 36: 66956 nodes, best expected weight 2^25.484 (W prefix 0x2f262e269, 716 assignments)
level 37: 65669 nodes, best expected weight 2^24.880 (W prefix 0x9aeb72971, 471 assignments)
level 38: 67004 nodes, best expected weight 2^23.880 (W prefix 0x9aeb72971, 942 assignments)
level 39: 66266 nodes, best expected weight 2^23.103 (W prefix 0x68b09713b1, 550 assignments)
level 40: 66024 nodes, best expected weight 2^22.103 (W prefix 0x68b09713b1, 1100 assignments)
level 41: 65702 nodes, best expected weight 2^21.401 (W prefix 0x8c309713b1, 676 assignments)
level 42: 66448 nodes, best expected weight 2^20.401 (W prefix 0x8c309713b1, 1352 assignments)
level 43: 66042 nodes, best expected weight 2^19.730 (W prefix 0x4cd16b72971, 849 assignments)
level 44: 65540 nodes, best expected weight 2^18.730 (W prefix 0x4cd16b72971, 1698 assignments)
level 45: 66121 nodes, best expected weight 2^18.115 (W prefix 0x109996b72971, 1109 assignments)
level 46: 66036 nodes, best expected weight 2^17.115 (W prefix 0x109996b72971, 2218 assignments)
level 47: 65720 nodes, best expected weight 2^16.339 (W prefix 0x24d3c71b77d9, 1295 assignments)
level 48: 66192 nodes, best expected weight 2^15.339 (W prefix 0x24d3c71b77d9, 2590 assignments)
level 49: 65804 nodes, best expected weight 2^14.594 (W prefix 0xf8788950fc71, 1546 assignments)
level 50: 65804 nodes, best expected weight 2^13.594 (W prefix 0xf8788950fc71, 3092 assignments)
level 51: 65750 nodes, best expected weight 2^12.955 (W prefix 0x37ec7ea00c0d9, 1985 assignments)
level 52: 65866 nodes, best expected weight 2^11.955 (W prefix 0x37ec7ea00c0d9, 3970 assignments)
level 53: 65587 nodes, best expected weight 2^11.240 (W prefix 0xc52608950fc71, 2419 assignments)
BEAM mode: W* = 0x6293044a87e38800  weight 2419 (2419 assignments)  Pr[S1_init = W*] = 2^-46.760  (second-best in beam 2377 = 2^-46.785)
score log2(L/eps) with L=7 words = 49.57 bits
class size = weight * 2^(64-58) = 154816 = 2^17.24 seeds
EXHAUSTIVE verification: class seeds tested 154816, full-hash collisions 154816, S1_init mismatches 0 (must be 0); example seed 0x006095f778d5fe84
  h(m1)=cee3ecddfff4d9f8 h(m2)=cee3ecddfff4d9f8
control: 0 collisions in 16777216 uniform random seeds (expected 1.41e-07 from this class)
pair: m1[0..24) = 4a0493620088e3878877665544332211737a81888f969da4  m2[0..24) = 4a0493620088e3871122334455667788737a81888f969da4  (rest identical: byte i = (7i+3)&0xff)

real	1m29.986s
user	3m49.981s
sys	0m7.176s
