=== 2026-09-18T22:45:33Z modebeam 23 13 
BEAM mode: W* = 0x37eb13a49993e000  weight 1315 (1315 assignments)  Pr[S1_init = W*] = 2^-46.639  (second-best in beam 1269 = 2^-46.691)
score log2(L/eps) with L=3 words = 48.22 bits
EXHAUSTIVE verification: class seeds tested 168320, full-hash collisions 168320, S1_init mismatches 0 (must be 0); example seed 0x003d71a22bddd0e4
control: 0 collisions in 16777216 uniform random seeds (expected 1.53e-07 from this class)
=== 2026-09-18T22:51:24Z modebeam 8 1 
BEAM mode: W* = 0x1248299ed31fa942  weight 3645 (3645 assignments)  Pr[S1_init = W*] = 2^-51.168  (second-best in beam 3532 = 2^-51.214)
score log2(L/eps) with L=1 words = 51.17 bits
EXHAUSTIVE verification: class seeds tested 7290, full-hash collisions 7290, S1_init mismatches 0 (must be 0); example seed 0x7380717c2adb68fd
control: 0 collisions in 16777216 uniform random seeds (expected 6.63e-09 from this class)
=== 2026-09-18T22:56:00Z modebeam 4567 31 
EXACT mode: W* = 0x58f097a780000000  weight 128  Pr[S1_init = W*] = 2^-41.000  (bins at max: 1, second-best weight 120 = 2^-41.093)
score log2(L/eps) with L=571 words = 50.16 bits
EXHAUSTIVE verification: class seeds tested 8388608, full-hash collisions 8388608, S1_init mismatches 0 (must be 0); example seed 0x0008202c463013a4
control: 0 collisions in 940229 uniform random seeds (expected 4.28e-07 from this class)
=== 2026-09-18T22:59:44Z modebeam 471 23 
BEAM mode: W* = 0x304ba0de44800000  weight 342 (342 assignments)  Pr[S1_init = W*] = 2^-43.582  (second-best in beam 328 = 2^-43.642)
score log2(L/eps) with L=59 words = 49.46 bits
EXHAUSTIVE verification: class seeds tested 1400832, full-hash collisions 1400832, S1_init mismatches 0 (must be 0); example seed 0x000025f77b3233a4
control: 0 collisions in 9099506 uniform random seeds (expected 6.91e-07 from this class)
=== 2026-09-18T23:04:58Z modebeam 2519 29 
BEAM mode: W* = 0xa88c01f920000000  weight 157 (157 assignments)  Pr[S1_init = W*] = 2^-41.705  (second-best in beam 153 = 2^-41.743)
score log2(L/eps) with L=315 words = 50.00 bits
EXHAUSTIVE verification: class seeds tested 5144576, full-hash collisions 5144576, S1_init mismatches 0 (must be 0); example seed 0x000035fc63bfaba4
control: 0 collisions in 1704352 uniform random seeds (expected 4.75e-07 from this class)
=== 2026-09-18T23:07:58Z modebeam 6615 35 
EXACT mode: W* = 0x642783e800000000  weight 136  Pr[S1_init = W*] = 2^-39.913  (bins at max: 2, second-best weight 122 = 2^-40.069)
score log2(L/eps) with L=827 words = 49.60 bits
EXHAUSTIVE verification: class seeds tested 17825792, full-hash collisions 17825792, S1_init mismatches 0 (must be 0); example seed 0x000024b771681ba4
control: 0 collisions in 649178 uniform random seeds (expected 6.27e-07 from this class)
=== 2026-09-18T23:08:21Z modebeam 215 19 
BEAM mode: W* = 0xde4a2e6badc80000  weight 502 (502 assignments)  Pr[S1_init = W*] = 2^-45.028  (second-best in beam 481 = 2^-45.090)
score log2(L/eps) with L=27 words = 49.78 bits
EXHAUSTIVE verification: class seeds tested 514048, full-hash collisions 514048, S1_init mismatches 0 (must be 0); example seed 0x004015a2125830a4
control: 0 collisions in 16777216 uniform random seeds (expected 4.68e-07 from this class)
=== 2026-09-18T23:11:47Z modebeam 3 9 
BEAM mode: W* = 0x0000000000198e00  weight 59 (59 assignments)  Pr[S1_init = W*] = 2^-53.117  (second-best in beam 57 = 2^-53.167)
score log2(L/eps) with L=1 words = 53.12 bits
EXHAUSTIVE verification: class seeds tested 1888, full-hash collisions 1888, S1_init mismatches 0 (must be 0); example seed 0x05b589878a6ab2f8
control: 0 collisions in 16777216 uniform random seeds (expected 1.72e-09 from this class)
=== 2026-09-18T23:14:39Z modebeam 2 7 
BEAM mode: W* = 0x0000000000006a80  weight 30 (30 assignments)  Pr[S1_init = W*] = 2^-55.093  (second-best in beam 22 = 2^-55.541)
score log2(L/eps) with L=1 words = 55.09 bits
EXHAUSTIVE verification: class seeds tested 480, full-hash collisions 480, S1_init mismatches 0 (must be 0); example seed 0x50ec37a83dfb1e59
control: 0 collisions in 16777216 uniform random seeds (expected 4.37e-10 from this class)
=== 2026-09-18T23:16:30Z modebeam 151 17 
BEAM mode: W* = 0xe9d8cbeb684e0000  weight 535 (535 assignments)  Pr[S1_init = W*] = 2^-45.937  (second-best in beam 513 = 2^-45.997)
score log2(L/eps) with L=19 words = 50.18 bits
EXHAUSTIVE verification: class seeds tested 273920, full-hash collisions 273920, S1_init mismatches 0 (must be 0); example seed 0x0119f4b628ea98e4
control: 0 collisions in 16777216 uniform random seeds (expected 2.49e-07 from this class)
=== 2026-09-18T23:18:11Z modebeam 87 15 
BEAM mode: W* = 0xc52b2e6c944c8000  weight 1169 (1169 assignments)  Pr[S1_init = W*] = 2^-45.809  (second-best in beam 1166 = 2^-45.813)
score log2(L/eps) with L=11 words = 49.27 bits
EXHAUSTIVE verification: class seeds tested 299264, full-hash collisions 299264, S1_init mismatches 0 (must be 0); example seed 0x00e235f748bafd24
control: 0 collisions in 16777216 uniform random seeds (expected 2.72e-07 from this class)
=== 2026-09-18T23:19:59Z modebeam 5079 29 
BEAM mode: W* = 0x59d07d4620000000  weight 362 (362 assignments)  Pr[S1_init = W*] = 2^-40.500  (second-best in beam 362 = 2^-40.500)
score log2(L/eps) with L=635 words = 49.81 bits
EXHAUSTIVE verification: class seeds tested 11862016, full-hash collisions 11862016, S1_init mismatches 0 (must be 0); example seed 0x000825f5d8b515a4
control: 0 collisions in 845466 uniform random seeds (expected 5.44e-07 from this class)
=== 2026-09-18T23:23:09Z modebeam 14807 33 
EXACT mode: W* = 0x581c3f9e00000000  weight 139  Pr[S1_init = W*] = 2^-39.881  (bins at max: 1, second-best weight 117 = 2^-40.130)
score log2(L/eps) with L=1851 words = 50.74 bits
EXHAUSTIVE verification: class seeds tested 18219008, full-hash collisions 18219008, S1_init mismatches 0 (must be 0); example seed 0x000024adbaa03ba4
control: 0 collisions in 290043 uniform random seeds (expected 2.86e-07 from this class)
=== 2026-09-18T23:23:49Z modebeam 343 19 
BEAM mode: W* = 0xf333e06b03080000  weight 514 (514 assignments)  Pr[S1_init = W*] = 2^-44.994  (second-best in beam 479 = 2^-45.096)
score log2(L/eps) with L=43 words = 50.42 bits
EXHAUSTIVE verification: class seeds tested 526336, full-hash collisions 526336, S1_init mismatches 0 (must be 0); example seed 0x000015f9acd4c724
control: 0 collisions in 12485370 uniform random seeds (expected 3.56e-07 from this class)
=== 2026-09-18T23:25:30Z modebeam 19 9 
BEAM mode: W* = 0x87332d40c0ae6200  weight 1662 (1662 assignments)  Pr[S1_init = W*] = 2^-48.301  (second-best in beam 1626 = 2^-48.333)
score log2(L/eps) with L=3 words = 49.89 bits
EXHAUSTIVE verification: class seeds tested 53184, full-hash collisions 53184, S1_init mismatches 0 (must be 0); example seed 0x11c295de610dce40
control: 0 collisions in 16777216 uniform random seeds (expected 4.84e-08 from this class)
=== 2026-09-18T23:27:40Z modebeam 3543 27 
BEAM mode: W* = 0xbbc246a878000000  weight 264 (264 assignments)  Pr[S1_init = W*] = 2^-41.956  (second-best in beam 256 = 2^-42.000)
score log2(L/eps) with L=443 words = 50.75 bits
EXHAUSTIVE verification: class seeds tested 4325376, full-hash collisions 4325376, S1_init mismatches 0 (must be 0); example seed 0x001548b33ab987a4
control: 0 collisions in 1211898 uniform random seeds (expected 2.84e-07 from this class)
=== 2026-09-18T23:30:26Z modebeam 135 15 
BEAM mode: W* = 0x023cf182f19f8000  weight 2047 (2047 assignments)  Pr[S1_init = W*] = 2^-45.001  (second-best in beam 2031 = 2^-45.012)
score log2(L/eps) with L=17 words = 49.09 bits
EXHAUSTIVE verification: class seeds tested 524032, full-hash collisions 524032, S1_init mismatches 0 (must be 0); example seed 0x0505e22239ca2a54
control: 0 collisions in 16777216 uniform random seeds (expected 4.77e-07 from this class)
=== 2026-09-18T23:31:59Z modebeam 2263 25 
BEAM mode: W* = 0xa57466be62000000  weight 312 (312 assignments)  Pr[S1_init = W*] = 2^-42.715  (second-best in beam 299 = 2^-42.776)
score log2(L/eps) with L=283 words = 50.86 bits
EXHAUSTIVE verification: class seeds tested 2555904, full-hash collisions 2555904, S1_init mismatches 0 (must be 0); example seed 0x004175f76d9b82a4
control: 0 collisions in 1897070 uniform random seeds (expected 2.63e-07 from this class)
=== 2026-09-18T23:33:29Z modebeam 12759 31 
EXACT mode: W* = 0x6640d74c80000000  weight 146  Pr[S1_init = W*] = 2^-40.810  (bins at max: 1, second-best weight 139 = 2^-40.881)
score log2(L/eps) with L=1595 words = 51.45 bits
EXHAUSTIVE verification: class seeds tested 9568256, full-hash collisions 9568256, S1_init mismatches 0 (must be 0); example seed 0x000827d5c38433a4
control: 0 collisions in 336596 uniform random seeds (expected 1.75e-07 from this class)
=== 2026-09-18T23:34:47Z modebeam 1 3 
BEAM mode: W* = 0x00000000000000a8  weight 7 (7 assignments)  Pr[S1_init = W*] = 2^-59.193  (second-best in beam 1 = 2^-62.000)
score log2(L/eps) with L=1 words = 59.19 bits
EXHAUSTIVE verification: class seeds tested 28, full-hash collisions 28, S1_init mismatches 0 (must be 0); example seed 0x10e025c1cf2de472
control: 0 collisions in 16777216 uniform random seeds (expected 2.55e-11 from this class)
=== 2026-09-18T23:36:14Z modebeam 31 9 
BEAM mode: W* = 0xd468e47b45b04e00  weight 2511 (2511 assignments)  Pr[S1_init = W*] = 2^-47.706  (second-best in beam 2441 = 2^-47.747)
score log2(L/eps) with L=4 words = 49.71 bits
EXHAUSTIVE verification: class seeds tested 80352, full-hash collisions 80352, S1_init mismatches 0 (must be 0); example seed 0x082d60e22413ce3c
control: 0 collisions in 16777216 uniform random seeds (expected 7.31e-08 from this class)
=== 2026-09-18T23:37:53Z modebeam 55 11 
BEAM mode: W* = 0x6293044a87e38800  weight 2419 (2419 assignments)  Pr[S1_init = W*] = 2^-46.760  (second-best in beam 2377 = 2^-46.785)
score log2(L/eps) with L=7 words = 49.57 bits
EXHAUSTIVE verification: class seeds tested 154816, full-hash collisions 154816, S1_init mismatches 0 (must be 0); example seed 0x006095f778d5fe84
control: 0 collisions in 16777216 uniform random seeds (expected 1.41e-07 from this class)
=== 2026-09-18T23:39:23Z modebeam 15 7 
BEAM mode: W* = 0x4f8b21ad70d30380  weight 1668 (1668 assignments)  Pr[S1_init = W*] = 2^-49.296  (second-best in beam 1623 = 2^-49.336)
score log2(L/eps) with L=2 words = 50.30 bits
EXHAUSTIVE verification: class seeds tested 26688, full-hash collisions 26688, S1_init mismatches 0 (must be 0); example seed 0x011c259629a178ec
control: 0 collisions in 16777216 uniform random seeds (expected 2.43e-08 from this class)
=== 2026-09-18T23:40:54Z modebeam 21 7 
BEAM mode: W* = 0x9213a51636950380  weight 1703 (1703 assignments)  Pr[S1_init = W*] = 2^-49.266  (second-best in beam 1666 = 2^-49.298)
score log2(L/eps) with L=3 words = 50.85 bits
EXHAUSTIVE verification: class seeds tested 27248, full-hash collisions 27248, S1_init mismatches 0 (must be 0); example seed 0x0041fda739aeec62
control: 0 collisions in 16777216 uniform random seeds (expected 2.48e-08 from this class)
=== 2026-09-18T23:41:56Z modebeam 18 7 
BEAM mode: W* = 0xc6d1ae53c99a9380  weight 7736 (7736 assignments)  Pr[S1_init = W*] = 2^-47.083  (second-best in beam 7655 = 2^-47.098)
score log2(L/eps) with L=3 words = 48.67 bits
EXHAUSTIVE verification: class seeds tested 123776, full-hash collisions 123776, S1_init mismatches 0 (must be 0); example seed 0x14352eaa2c9585c1
control: 0 collisions in 16777216 uniform random seeds (expected 1.13e-07 from this class)
=== 2026-09-18T23:43:12Z modebeam 22 7 
BEAM mode: W* = 0xe066899764a9e080  weight 1635 (1635 assignments)  Pr[S1_init = W*] = 2^-49.325  (second-best in beam 1576 = 2^-49.378)
score log2(L/eps) with L=3 words = 50.91 bits
EXHAUSTIVE verification: class seeds tested 26160, full-hash collisions 26160, S1_init mismatches 0 (must be 0); example seed 0x4538b2f27c8c36ed
control: 0 collisions in 16777216 uniform random seeds (expected 2.38e-08 from this class)
=== 2026-09-18T23:44:09Z modebeam 4439 27 
BEAM mode: W* = 0x61e0fe6278000000  weight 245 (245 assignments)  Pr[S1_init = W*] = 2^-42.063  (second-best in beam 213 = 2^-42.265)
score log2(L/eps) with L=555 words = 51.18 bits
EXHAUSTIVE verification: class seeds tested 4014080, full-hash collisions 4014080, S1_init mismatches 0 (must be 0); example seed 0x002825010eb05724
control: 0 collisions in 967334 uniform random seeds (expected 2.10e-07 from this class)
=== 2026-09-18T23:45:01Z modebeam 4951 27 
BEAM mode: W* = 0x258d15e488000000  weight 191 (191 assignments)  Pr[S1_init = W*] = 2^-42.423  (second-best in beam 188 = 2^-42.445)
score log2(L/eps) with L=619 words = 51.70 bits
EXHAUSTIVE verification: class seeds tested 3129344, full-hash collisions 3129344, S1_init mismatches 0 (must be 0); example seed 0x002824fb6a340424
control: 0 collisions in 867319 uniform random seeds (expected 1.47e-07 from this class)
=== 2026-09-18T23:45:57Z modebeam 471 21 
BEAM mode: W* = 0x06f202f66e200000  weight 938 (938 assignments)  Pr[S1_init = W*] = 2^-44.127  (second-best in beam 938 = 2^-44.127)
score log2(L/eps) with L=59 words = 50.01 bits
EXHAUSTIVE verification: class seeds tested 960512, full-hash collisions 960512, S1_init mismatches 0 (must be 0); example seed 0x002e65e374c33fa4
control: 0 collisions in 9099506 uniform random seeds (expected 4.74e-07 from this class)
=== 2026-09-18T23:47:14Z modebeam 2519 27 
BEAM mode: W* = 0x1c377d4528000000  weight 362 (362 assignments)  Pr[S1_init = W*] = 2^-42.500  (second-best in beam 362 = 2^-42.500)
score log2(L/eps) with L=315 words = 50.80 bits
EXHAUSTIVE verification: class seeds tested 2965504, full-hash collisions 2965504, S1_init mismatches 0 (must be 0); example seed 0x000055f7ad20a3a4
control: 0 collisions in 1704352 uniform random seeds (expected 2.74e-07 from this class)
=== 2026-09-18T23:48:39Z modebeam 983 21 
BEAM mode: W* = 0x6c16acb642e00000  weight 363 (363 assignments)  Pr[S1_init = W*] = 2^-44.496  (second-best in beam 360 = 2^-44.508)
score log2(L/eps) with L=123 words = 51.44 bits
EXHAUSTIVE verification: class seeds tested 743424, full-hash collisions 743424, S1_init mismatches 0 (must be 0); example seed 0x002350b666a9e1a4
control: 0 collisions in 4364804 uniform random seeds (expected 1.76e-07 from this class)
=== 2026-09-18T23:49:54Z modebeam 4567 29 
BEAM mode: W* = 0x20bf148ba0000000  weight 234 (234 assignments)  Pr[S1_init = W*] = 2^-42.130  (second-best in beam 234 = 2^-42.130)
score log2(L/eps) with L=571 words = 51.29 bits
EXHAUSTIVE verification: class seeds tested 3833856, full-hash collisions 3833856, S1_init mismatches 0 (must be 0); example seed 0x002830e740fc57a4
control: 0 collisions in 940229 uniform random seeds (expected 1.95e-07 from this class)
=== 2026-09-18T23:50:44Z modebeam 199 15 
BEAM mode: W* = 0x54183b1612b88000  weight 696 (696 assignments)  Pr[S1_init = W*] = 2^-46.557  (second-best in beam 685 = 2^-46.580)
score log2(L/eps) with L=25 words = 51.20 bits
EXHAUSTIVE verification: class seeds tested 178176, full-hash collisions 178176, S1_init mismatches 0 (must be 0); example seed 0x01401dd78c3120b4
control: 0 collisions in 16777216 uniform random seeds (expected 1.62e-07 from this class)
=== 2026-09-18T23:51:32Z modebeam 3287 25 
BEAM mode: W* = 0xedd32202ee000000  weight 228 (228 assignments)  Pr[S1_init = W*] = 2^-43.167  (second-best in beam 224 = 2^-43.193)
score log2(L/eps) with L=411 words = 51.85 bits
EXHAUSTIVE verification: class seeds tested 1867776, full-hash collisions 1867776, S1_init mismatches 0 (must be 0); example seed 0x00556ab3095f2ea4
control: 0 collisions in 1306255 uniform random seeds (expected 1.32e-07 from this class)
=== 2026-09-18T23:52:19Z modebeam 119 13 
BEAM mode: W* = 0xd58f6a76505ae000  weight 1258 (1258 assignments)  Pr[S1_init = W*] = 2^-46.703  (second-best in beam 1191 = 2^-46.782)
score log2(L/eps) with L=15 words = 50.61 bits
EXHAUSTIVE verification: class seeds tested 161024, full-hash collisions 161024, S1_init mismatches 0 (must be 0); example seed 0x0028bfa2692e3104
control: 0 collisions in 16777216 uniform random seeds (expected 1.46e-07 from this class)
=== 2026-09-18T23:53:09Z modebeam 39 9 
BEAM mode: W* = 0x8376dfce284e9200  weight 1361 (1361 assignments)  Pr[S1_init = W*] = 2^-48.590  (second-best in beam 1263 = 2^-48.697)
score log2(L/eps) with L=5 words = 50.91 bits
EXHAUSTIVE verification: class seeds tested 43552, full-hash collisions 43552, S1_init mismatches 0 (must be 0); example seed 0x0218d577f95f4654
control: 0 collisions in 16777216 uniform random seeds (expected 3.96e-08 from this class)
=== 2026-09-18T23:53:57Z modebeam 375 17 
BEAM mode: W* = 0xc984f3ee995e0000  weight 565 (565 assignments)  Pr[S1_init = W*] = 2^-45.858  (second-best in beam 539 = 2^-45.926)
score log2(L/eps) with L=47 words = 51.41 bits
EXHAUSTIVE verification: class seeds tested 289280, full-hash collisions 289280, S1_init mismatches 0 (must be 0); example seed 0x0027408a251a0244
control: 0 collisions in 11422785 uniform random seeds (expected 1.79e-07 from this class)
=== 2026-09-18T23:54:44Z modebeam 71 11 
BEAM mode: W* = 0x9c5a495c7df34800  weight 1620 (1620 assignments)  Pr[S1_init = W*] = 2^-47.338  (second-best in beam 1543 = 2^-47.408)
score log2(L/eps) with L=9 words = 50.51 bits
EXHAUSTIVE verification: class seeds tested 103680, full-hash collisions 103680, S1_init mismatches 0 (must be 0); example seed 0x016d34c77d3c0314
control: 0 collisions in 16777216 uniform random seeds (expected 9.43e-08 from this class)
=== 2026-09-18T23:55:40Z modebeam 6487 27 
BEAM mode: W* = 0x518f281878000000  weight 196 (196 assignments)  Pr[S1_init = W*] = 2^-42.385  (second-best in beam 188 = 2^-42.445)
score log2(L/eps) with L=811 words = 52.05 bits
EXHAUSTIVE verification: class seeds tested 3211264, full-hash collisions 3211264, S1_init mismatches 0 (must be 0); example seed 0x0028204261305b24
control: 0 collisions in 661986 uniform random seeds (expected 1.15e-07 from this class)
=== 2026-09-18T23:56:28Z modebeam 407 17 
BEAM mode: W* = 0x50c285b83f720000  weight 961 (961 assignments)  Pr[S1_init = W*] = 2^-45.092  (second-best in beam 959 = 2^-45.095)
score log2(L/eps) with L=51 words = 50.76 bits
EXHAUSTIVE verification: class seeds tested 492032, full-hash collisions 492032, S1_init mismatches 0 (must be 0); example seed 0x000d35f76d34f964
control: 0 collisions in 10526880 uniform random seeds (expected 2.81e-07 from this class)
=== 2026-09-18T23:57:20Z modebeam 131 13 
BEAM mode: W* = 0xac1f5bfb6b16e000  weight 1205 (1205 assignments)  Pr[S1_init = W*] = 2^-46.765  (second-best in beam 1189 = 2^-46.784)
score log2(L/eps) with L=17 words = 50.85 bits
EXHAUSTIVE verification: class seeds tested 154240, full-hash collisions 154240, S1_init mismatches 0 (must be 0); example seed 0x041f601672e19250
control: 0 collisions in 16777216 uniform random seeds (expected 1.40e-07 from this class)
=== 2026-09-18T23:58:13Z modebeam 2199 23 
BEAM mode: W* = 0x6d61f2e0c7800000  weight 366 (366 assignments)  Pr[S1_init = W*] = 2^-43.484  (second-best in beam 346 = 2^-43.565)
score log2(L/eps) with L=275 words = 51.59 bits
EXHAUSTIVE verification: class seeds tested 1499136, full-hash collisions 1499136, S1_init mismatches 0 (must be 0); example seed 0x000459a32cf12a64
control: 0 collisions in 1952257 uniform random seeds (expected 1.59e-07 from this class)
=== 2026-09-18T23:59:05Z modebeam 6999 27 
BEAM mode: W* = 0x88fce88188000000  weight 248 (248 assignments)  Pr[S1_init = W*] = 2^-42.046  (second-best in beam 248 = 2^-42.046)
score log2(L/eps) with L=875 words = 51.82 bits
EXHAUSTIVE verification: class seeds tested 4063232, full-hash collisions 4063232, S1_init mismatches 0 (must be 0); example seed 0x002825c711f55824
control: 0 collisions in 613566 uniform random seeds (expected 1.35e-07 from this class)
=== 2026-09-18T23:59:56Z modebeam 22999 31 
EXACT mode: W* = 0x3eb1694480000000  weight 120  Pr[S1_init = W*] = 2^-41.093  (bins at max: 1, second-best weight 119 = 2^-41.105)
score log2(L/eps) with L=2875 words = 52.58 bits
EXHAUSTIVE verification: class seeds tested 7864320, full-hash collisions 7864320, S1_init mismatches 0 (must be 0); example seed 0x000135e60d77dba4
control: 0 collisions in 186737 uniform random seeds (expected 7.96e-08 from this class)
=== 2026-09-19T00:00:43Z modebeam 147 13 
BEAM mode: W* = 0x0b5bc9506c602000  weight 936 (936 assignments)  Pr[S1_init = W*] = 2^-47.130  (second-best in beam 928 = 2^-47.142)
score log2(L/eps) with L=19 words = 51.38 bits
EXHAUSTIVE verification: class seeds tested 119808, full-hash collisions 119808, S1_init mismatches 0 (must be 0); example seed 0x10483def6188c8c0
control: 0 collisions in 16777216 uniform random seeds (expected 1.09e-07 from this class)
=== 2026-09-19T00:01:31Z modebeam 2455 23 
BEAM mode: W* = 0x864b4e5a68800000  weight 286 (286 assignments)  Pr[S1_init = W*] = 2^-43.840  (second-best in beam 286 = 2^-43.840)
score log2(L/eps) with L=307 words = 52.10 bits
EXHAUSTIVE verification: class seeds tested 1171456, full-hash collisions 1171456, S1_init mismatches 0 (must be 0); example seed 0x014035f64de383e4
control: 0 collisions in 1748765 uniform random seeds (expected 1.11e-07 from this class)
=== 2026-09-19T00:02:18Z modebeam 9 3 
BEAM mode: W* = 0x4c32b16e2a383088  weight 2646 (2646 assignments)  Pr[S1_init = W*] = 2^-50.630  (second-best in beam 2415 = 2^-50.762)
score log2(L/eps) with L=2 words = 51.63 bits
EXHAUSTIVE verification: class seeds tested 10584, full-hash collisions 10584, S1_init mismatches 0 (must be 0); example seed 0x3b2d25b736d88186
control: 0 collisions in 16777216 uniform random seeds (expected 9.63e-09 from this class)
=== 2026-09-19T00:03:08Z modebeam 10 3 
BEAM mode: W* = 0xa896f45ac6f99af8  weight 2707 (2707 assignments)  Pr[S1_init = W*] = 2^-50.598  (second-best in beam 2446 = 2^-50.744)
score log2(L/eps) with L=2 words = 51.60 bits
EXHAUSTIVE verification: class seeds tested 10828, full-hash collisions 10828, S1_init mismatches 0 (must be 0); example seed 0x0787c220683067bb
control: 0 collisions in 16777216 uniform random seeds (expected 9.85e-09 from this class)
=== 2026-09-19T00:03:58Z modebeam 11 5 
BEAM mode: W* = 0x5a76a07311d4b5e0  weight 1852 (1852 assignments)  Pr[S1_init = W*] = 2^-50.145  (second-best in beam 1824 = 2^-50.167)
score log2(L/eps) with L=2 words = 51.15 bits
EXHAUSTIVE verification: class seeds tested 14816, full-hash collisions 14816, S1_init mismatches 0 (must be 0); example seed 0x0c9616ca41e6d950
control: 0 collisions in 16777216 uniform random seeds (expected 1.35e-08 from this class)
=== 2026-09-19T00:04:48Z modebeam 12 1 
BEAM mode: W* = 0xbbfe1d20af25621e  weight 3744 (3744 assignments)  Pr[S1_init = W*] = 2^-51.130  (second-best in beam 3573 = 2^-51.197)
score log2(L/eps) with L=2 words = 52.13 bits
EXHAUSTIVE verification: class seeds tested 7488, full-hash collisions 7488, S1_init mismatches 0 (must be 0); example seed 0x482124e62c0eeb53
control: 0 collisions in 16777216 uniform random seeds (expected 6.81e-09 from this class)
=== 2026-09-19T00:05:42Z modebeam 13 5 
BEAM mode: W* = 0xf4a54ac362165720  weight 2101 (2101 assignments)  Pr[S1_init = W*] = 2^-49.963  (second-best in beam 1989 = 2^-50.042)
score log2(L/eps) with L=2 words = 50.96 bits
EXHAUSTIVE verification: class seeds tested 16808, full-hash collisions 16808, S1_init mismatches 0 (must be 0); example seed 0x0de617f738962fee
control: 0 collisions in 16777216 uniform random seeds (expected 1.53e-08 from this class)
=== 2026-09-19T00:06:32Z modebeam 14 3 
BEAM mode: W* = 0x92238a8d5c7a2588  weight 3153 (3153 assignments)  Pr[S1_init = W*] = 2^-50.377  (second-best in beam 3084 = 2^-50.409)
score log2(L/eps) with L=2 words = 51.38 bits
EXHAUSTIVE verification: class seeds tested 12612, full-hash collisions 12612, S1_init mismatches 0 (must be 0); example seed 0x58f455c668c39a35
control: 0 collisions in 16777216 uniform random seeds (expected 1.15e-08 from this class)
=== 2026-09-19T00:07:26Z modebeam 16 1 
BEAM mode: W* = 0x512b19df4eafd92e  weight 2813 (2813 assignments)  Pr[S1_init = W*] = 2^-51.542  (second-best in beam 2730 = 2^-51.585)
score log2(L/eps) with L=2 words = 52.54 bits
EXHAUSTIVE verification: class seeds tested 5626, full-hash collisions 5626, S1_init mismatches 0 (must be 0); example seed 0x3474cffa2cda93d7
control: 0 collisions in 16777216 uniform random seeds (expected 5.12e-09 from this class)
=== 2026-09-19T00:08:18Z modebeam 17 3 
BEAM mode: W* = 0x8b4ed3cbb29e4108  weight 2485 (2485 assignments)  Pr[S1_init = W*] = 2^-50.721  (second-best in beam 2441 = 2^-50.747)
score log2(L/eps) with L=3 words = 52.31 bits
EXHAUSTIVE verification: class seeds tested 9940, full-hash collisions 9940, S1_init mismatches 0 (must be 0); example seed 0x016875b77dd06492
control: 0 collisions in 16777216 uniform random seeds (expected 9.04e-09 from this class)
ALLDONE
