witness seed 3187ae8a8617e034: internal a7ee6375a78a86f0 a7ee6375a78a86f0  withSeed a7ee6375a78a86f0 a7ee6375a78a86f0  (record a7ee6375a78a86f0, both)
rapidhash("",0)=0338dc4be2cecdae rapidhash("a",1)=599f47df33a2e1eb rapidhash("abc",3)=cb475beafa9c0da2 rapidhash(m,32)=0d20ed65346f1683
secret words: 2d358dccaa6c78a5 8bb84b93962eacc9 4b33a62ed433d4a3 4d5a2da51de1aa47 a0761d6478bd642f e7037ed1a0b428db 90ed1765281c388c aaaaaaaaaaaaaaaa 
RNG: splitmix64-counter; sample key 0 of rngseed 1: seed 7ab40e090f363a7d secret bfef8030ddc2d772 5f552ce482f2aa47 70335fc3daf3d8a7 f440fe3b62c79d2c 33ba2f29e7c168bb 98843f48a94b7866 74ad4c24d41a25f8 2f9a1f13648eab6e
selftest PASS
crosscheck upstream vs port: 2000000 tuples (lengths 0..300, half random secret, half shipped), 0 mismatches -> PASS
== 10_pairA_random_2p30: ./verify_rapid3 pair 30 1001 9bd4604137366abec688a63706aa4a2188d35499de169df633e0964e8c04600c 642b9fbec8c99541397759c8f955b5de88d35499de169df633e0964e8c04600c random
count 10 / 2^30 keys  rate 2^-26.678  cap (L=4) 28.678 bits  [4 s wall]
example (key index 138507494): seed 27d3b5addafed424 secret 8201394795b91ef9 bc80d672c2c377f6 5afd557e26c19903 a3a9fab4fc0d80e2 5108fe3feb9bd088 6742ee43cec628a4 2267c78c10996237 d96b61ed51f62b33 -> d832bac31b8fda6c d832bac31b8fda6c
4.01 s wall, 15.66 s user
== 11_pair24_random_2p30: ./verify_rapid3 pair 30 1002 9bd4604137366abec688a63706aa4a2188d35499de169df6 642b9fbec8c99541c688a63706aa4a2188d35499de169df6 random
count 7 / 2^30 keys  rate 2^-27.193  cap (L=3) 28.778 bits  [4 s wall]
example (key index 262633230): seed 2f13d140da4ff277 secret 7af0d42a83eb93ed 476148a678bb2773 bf4fe9b828e8b1b4 87ca27b5cec2e95f 3d0984fb1a92dfa5 29bd9b1fffd0b9ef 47b0fe6a0e1bb372 680c39743c671867 -> 7807761a92e4c77a 7807761a92e4c77a
3.93 s wall, 15.62 s user
== 12_pairD_random_2p30: ./verify_rapid3 pair 30 1003 9bd4604137366abec688a63706aa4a2188d35499de169df633e0964e8c04600c48c651edae76208e840fc51f1cccbb02 642b9fbec8c99541397759c8f955b5de88d35499de169df633e0964e8c04600c48c651edae76208e840fc51f1cccbb02 random
count 11 / 2^30 keys  rate 2^-26.541  cap (L=6) 29.126 bits  [4 s wall]
example (key index 1031891): seed 804bf3fea047d44f secret 96544d2712e6b027 cdef2cdfd86242fe b9305ba409933e64 d7b3ac69aec8fb40 c437cdcbac1868b5 f2caabc4ec6c4b4a a3d54597e00a9757 dedfcbc345a9974f -> 8c78411ea9ebb352 8c78411ea9ebb352
4.30 s wall, 17.37 s user
== 13_pairA_chacha_2p30: ./verify_rapid3_chacha pair 30 1004 9bd4604137366abec688a63706aa4a2188d35499de169df633e0964e8c04600c 642b9fbec8c99541397759c8f955b5de88d35499de169df633e0964e8c04600c random
count 5 / 2^30 keys  rate 2^-27.678  cap (L=4) 29.678 bits  [86 s wall]
example (key index 26751579): seed 238064de258fc848 secret 9b67e6f57c3ece75 6b827c64c175a9bf 3989ed32fe5ce964 c7e82f09487cca5c 7c53e69ca0193493 2b366792c034dc3b f6fd754a22824aea ac6f78044dbaf6b6 -> 698b0e07c887c760 698b0e07c887c760
86.05 s wall, 265.94 s user
== 14_pair24_chacha_2p30: ./verify_rapid3_chacha pair 30 1005 9bd4604137366abec688a63706aa4a2188d35499de169df6 642b9fbec8c99541c688a63706aa4a2188d35499de169df6 random
count 7 / 2^30 keys  rate 2^-27.193  cap (L=3) 28.778 bits  [98 s wall]
example (key index 52224386): seed 41c7fe0ca31863b7 secret 7b7e75d91e02589c 23e174a2e57d550d 207f332baeb9c3c7 9d73080e500161c3 6bde6f3e8ec4ea07 04633fed2b174878 e10c6095723e5d9a f0ca1ded5d7c109e -> faa775d6dfe78812 faa775d6dfe78812
97.87 s wall, 265.86 s user
== 20_pairA_random_2p34: ./verify_rapid3 pair 34 2001 9bd4604137366abec688a63706aa4a2188d35499de169df633e0964e8c04600c 642b9fbec8c99541397759c8f955b5de88d35499de169df633e0964e8c04600c random
count 155 / 2^34 keys  rate 2^-26.724  cap (L=4) 28.724 bits  [89 s wall]
example (key index 25824713): seed 6ed078015b5e7dda secret ff59af3fdb3ea6f0 7c0584562f66a64c 4acdb9d00124c35e 11e21703121218dd 6e0bac7f05181481 c7a3aece41b6cc8b 0d1679662568a694 780a19875bb85d97 -> 3b6fb80615a81e05 3b6fb80615a81e05
88.62 s wall, 249.68 s user
== 21_pair24_random_2p34: ./verify_rapid3 pair 34 2002 9bd4604137366abec688a63706aa4a2188d35499de169df6 642b9fbec8c99541c688a63706aa4a2188d35499de169df6 random
count 123 / 2^34 keys  rate 2^-27.057  cap (L=3) 28.642 bits  [91 s wall]
example (key index 19359840): seed a4c7879f7c39ed75 secret db2776d99242fc27 89682ceda2633f3b 9554efabeebc0117 9cedbffb0b5ddaba 7dff18796948833c 3355151688f43af0 a52a088bebe7d867 fc3151a38218fcbc -> 7519d7793cb04430 7519d7793cb04430
91.30 s wall, 249.85 s user
== 22_pairA_default_2p34: ./verify_rapid3 pair 34 2003 9bd4604137366abec688a63706aa4a2188d35499de169df633e0964e8c04600c 642b9fbec8c99541397759c8f955b5de88d35499de169df633e0964e8c04600c default
count 158 / 2^34 keys  rate 2^-26.696  cap (L=4) 28.696 bits  [69 s wall]
example (key index 49481757): seed dfdfd203e6d10ef4 -> 05e427ea940d8fcd 05e427ea940d8fcd
68.55 s wall, 187.24 s user
== 23_pair24_default_2p34: ./verify_rapid3 pair 34 2004 9bd4604137366abec688a63706aa4a2188d35499de169df6 642b9fbec8c99541c688a63706aa4a2188d35499de169df6 default
count 162 / 2^34 keys  rate 2^-26.660  cap (L=3) 28.245 bits  [70 s wall]
example (key index 106167565): seed 003cfd340031a36b -> fd8e89ab40b76801 fd8e89ab40b76801
69.65 s wall, 187.59 s user
== 30_pairA_random_2p35: ./verify_rapid3 pair 35 3001 9bd4604137366abec688a63706aa4a2188d35499de169df633e0964e8c04600c 642b9fbec8c99541397759c8f955b5de88d35499de169df633e0964e8c04600c random
count 311 / 2^35 keys  rate 2^-26.719  cap (L=4) 28.719 bits  [181 s wall]
example (key index 58865060): seed c763b765b787cf81 secret 8dd6d4c3f0768c9e b71ae2245e275774 bd6574933b2aacb2 2f82dae4aaf730be 7e7172a8a8912d87 b5fe475efd9b29b3 56e89a20cd4c5944 ae7604e9d251b617 -> 1eb06b288b2c1d52 1eb06b288b2c1d52
181.02 s wall, 499.53 s user
== 31_pair24_random_2p35: ./verify_rapid3 pair 35 3002 9bd4604137366abec688a63706aa4a2188d35499de169df6 642b9fbec8c99541c688a63706aa4a2188d35499de169df6 random
count 278 / 2^35 keys  rate 2^-26.881  cap (L=3) 28.466 bits  [166 s wall]
example (key index 321328771): seed 2e2a22904792860a secret 2b0bc780e14f79d5 fc9955191a8e246c 4744856397cc6033 d541fd0c18ea2401 d81b0d3780b6ae1c 12d5e20fd998fb1b 4ea18f7241f73e19 83eaba1654966640 -> 046f1839ae85f9a4 046f1839ae85f9a4
166.19 s wall, 499.40 s user
