START chainhash-256 run3 load=2.95 2026-09-18T14:27:08Z
END chainhash-256 run3 rc=0 
START chainhash-256 run4 load=2.90 2026-09-18T14:28:08Z
END chainhash-256 run4 rc=0 
START chainhash-256 run5 load=2.92 2026-09-18T14:29:08Z
END chainhash-256 run5 rc=0 
START chainhash-1k run3 load=2.75 2026-09-18T14:36:10Z
END chainhash-1k run3 rc=0 
START chainhash-1k run4 load=2.77 2026-09-18T14:37:45Z
END chainhash-1k run4 rc=0 
START chainhash-1k run5 load=2.96 2026-09-18T14:42:20Z
END chainhash-1k run5 rc=0 
START SipHash-1-3 run3 load=2.95 2026-09-18T14:42:55Z
END SipHash-1-3 run3 rc=0 
START SipHash-1-3 run4 load=2.98 2026-09-18T14:45:24Z
END SipHash-1-3 run4 rc=0 
START SipHash-1-3 run5 load=2.61 2026-09-18T14:54:55Z
END SipHash-1-3 run5 rc=0 
START XXH3-64 run3 load=2.82 2026-09-18T15:01:26Z
END XXH3-64 run3 rc=0 
START XXH3-64 run4 load=2.99 2026-09-18T15:02:36Z
END XXH3-64 run4 rc=0 
START XXH3-64 run5 load=2.91 2026-09-18T15:08:46Z
END XXH3-64 run5 rc=0 
START komihash run3 load=2.60 2026-09-18T15:10:24Z
END komihash run3 rc=0 
GATE relaxed to 4.5 at 2026-09-18T15:12:21Z (author asked to prioritise the measurements; medians over >=3 runs are used)
START chainhash-256 run3 load=3.78 2026-09-18T15:12:21Z
END chainhash-256 run3 rc=0
START chainhash-256 run4 load=4.09 2026-09-18T15:12:51Z
END chainhash-256 run4 rc=0
START chainhash-256 run5 load=4.06 2026-09-18T15:13:22Z
END chainhash-256 run5 rc=0
START chainhash-1k run3 load=4.35 2026-09-18T15:13:52Z
END chainhash-1k run3 rc=0
START chainhash-1k run4 load=4.31 2026-09-18T15:14:43Z
END chainhash-1k run4 rc=0
START chainhash-1k run5 load=4.44 2026-09-18T15:17:34Z
END chainhash-1k run5 rc=0
START SipHash-1-3 run3 load=4.22 2026-09-18T15:22:55Z
END SipHash-1-3 run3 rc=0
START SipHash-1-3 run4 load=4.31 2026-09-18T15:23:25Z
END SipHash-1-3 run4 rc=0
START SipHash-1-3 run5 load=4.28 2026-09-18T15:23:55Z
END SipHash-1-3 run5 rc=0
START XXH3-64 run3 load=4.26 2026-09-18T15:26:41Z
END XXH3-64 run3 rc=0
START XXH3-64 run4 load=4.23 2026-09-18T15:27:20Z
END XXH3-64 run4 rc=0
START XXH3-64 run5 load=4.36 2026-09-18T15:27:59Z
END XXH3-64 run5 rc=0
START komihash run3 load=4.45 2026-09-18T15:28:38Z
END komihash run3 rc=0
START komihash run4 load=4.07 2026-09-18T15:29:38Z
END komihash run4 rc=0
START komihash run5 load=3.25 2026-09-18T15:30:37Z
END komihash run5 rc=0
START rapidhash run3 load=4.21 2026-09-18T15:31:36Z
END rapidhash run3 rc=0
START rapidhash run4 load=3.85 2026-09-18T15:32:09Z
END rapidhash run4 rc=0
START rapidhash run5 load=3.72 2026-09-18T15:32:42Z
END rapidhash run5 rc=0
START UMASH-64 run3 load=4.03 2026-09-18T15:33:45Z
END UMASH-64 run3 rc=0
START UMASH-64 run4 load=3.69 2026-09-18T15:34:23Z
END UMASH-64 run4 rc=0
START UMASH-64 run5 load=3.55 2026-09-18T15:35:01Z
END UMASH-64 run5 rc=0
START CLhash run3 load=4.30 2026-09-18T15:35:39Z
END CLhash run3 rc=0
START CLhash run4 load=4.25 2026-09-18T15:36:15Z
END CLhash run4 rc=0
START CLhash run5 load=4.28 2026-09-18T15:36:50Z
END CLhash run5 rc=0
RETIME-DONE
