SMHasher3 verification: SpookyHash2_64 0x972C4BDC (expect 0x972C4BDC), SpookyHash2_32 0xA48BE265 (expect 0xA48BE265), SpookyHash2_128 0x893CFCBE (expect 0x893CFCBE)
verification OK

pair 1: End word 11 -= 2^45, collides iff bit 63 of s11 (Mix block 2, before the step-11 rotate) is 0
  M1 (286 bytes) = a0ed1dcaeb2e421c17cf8516645510b61c1e80eb014c077fdbb3b3ab867298f2ccfb12c325d96dd09c3de65c247a0257a6d22a9da89710cfb724db191c748806e9d6b0272f125818a2c061b9e406999b788261dcd2487f7064e1bf4d00670a3d09230d92b37de4141a5e5d12e205c37e42c13193ab064833476cb9e5a22bd74c85073313646062ca36b300b4a62fa6797864ca181b97739bf4dd0567f5ce9a24398e0ddb544ee4926c6c033f6397e4790f51641c3d6dc04d5dcfe95ffe3054262ff9e5d8a8f17cce6b3c565acbecc693b77d90b1564fd1ddc71df2c56f2fd52fd6d8c9fb3b84612e5f83397bb5ac932651ce382aa90592ebb81d61c29ac53c2bace0711020c947c1ce55f2cfd79f821e92ba90562ba05eeab1b8f0771534
  M2 (286 bytes) = a0ed1dcaeb2e421c17cf8516645510b61c1e80eb014c077fdbb3b3ab867298f2ccfb12c325d96dd09c3de65c247a0257a6d22a9da89710cfb724db191c748806e9d6b0272f125818a2c061b9e406999b788261dcd2487f7064e1bf4d00670a3d09230d92b37de4141a5e5d12e205c37e42c13193ab064833476cb9e5a22bd74c85073313646062ca36b300b4a62fa6797864ca181b97739bf4dd0567f5ce9a24398e0ddb544ee4926c6c033f6397e4790f51641c3d6dc04d5dcfe95ffe3054a62ff9e5d8a8f17cce6b3c565acbecc693b77d90b1564fd1ddc71df2c56f2fd52fd6d8c9fb3b84612e5f83397bb5ac932651ce382aa90592ebb81d61c29ac53c2bace0711020c947c1ce55f2cfd79f821e92ba90562ba05e6ab1b8f0771514
  differing bytes: [191] 26->a6 [279] ea->6a [285] 34->14
pair 2: End word 11 += 2^45, collides iff that bit is 1 (the complementary half of the seed space)
  M1 (286 bytes) = a0ed1dcaeb2e421c17cf8516645510b61c1e80eb014c077fdbb3b3ab867298f2ccfb12c325d96dd09c3de65c247a0257a6d22a9da89710cfb724db191c748806e9d6b0272f125818a2c061b9e406999b788261dcd2487f7064e1bf4d00670a3d09230d92b37de4141a5e5d12e205c37e42c13193ab064833476cb9e5a22bd74c85073313646062ca36b300b4a62fa6797864ca181b97739bf4dd0567f5ce9a24398e0ddb544ee4926c6c033f6397e4790f51641c3d6dc04d5dcfe95ffe3054262ff9e5d8a8f17cce6b3c565acbecc693b77d90b1564fd1ddc71df2c56f2fd52fd6d8c9fb3b84612e5f83397bb5ac932651ce382aa90592ebb81d61c29ac53c2bace0711020c947c1ce55f2cfd79f821e92ba90562ba05eeab1b8f0771514
  M2 (286 bytes) = a0ed1dcaeb2e421c17cf8516645510b61c1e80eb014c077fdbb3b3ab867298f2ccfb12c325d96dd09c3de65c247a0257a6d22a9da89710cfb724db191c748806e9d6b0272f125818a2c061b9e406999b788261dcd2487f7064e1bf4d00670a3d09230d92b37de4141a5e5d12e205c37e42c13193ab064833476cb9e5a22bd74c85073313646062ca36b300b4a62fa6797864ca181b97739bf4dd0567f5ce9a24398e0ddb544ee4926c6c033f6397e4790f51641c3d6dc04d5dcfe95ffe3054a62ff9e5d8a8f17cce6b3c565acbecc693b77d90b1564fd1ddc71df2c56f2fd52fd6d8c9fb3b84612e5f83397bb5ac932651ce382aa90592ebb81d61c29ac53c2bace0711020c947c1ce55f2cfd79f821e92ba90562ba05e6ab1b8f0771534
  differing bytes: [191] 26->a6 [279] ea->6a [285] 14->34

explicit colliding seeds (h1 = h2 = seed):
  pair 1, seed 0x0000000000000004: SpookyHash2_64(M1) = e3f63e3f415763ac, SpookyHash2_64(M2) = e3f63e3f415763ac  COLLISION  (128-bit: e3f63e3f415763ac324f320615c4e120 / e3f63e3f415763ac324f320615c4e120  collision)
  pair 2, seed 0x0000000000000000: SpookyHash2_64(M1) = f6c014070dfbbadc, SpookyHash2_64(M2) = f6c014070dfbbadc  COLLISION  (128-bit: f6c014070dfbbadcdcf3045f4f09c242 / f6c014070dfbbadcdcf3045f4f09c242  collision)

random seeds: N = 2^26, seed mode 0 (h1 = h2 = uniform 64-bit seed), rng seed 1
  pair 1: 64-bit collisions 33552409 / 67108864 = 0.499970 = 2^-1.0001   (128-bit collisions 33552409, 2^-1.0001)
  pair 2: 64-bit collisions 33556455 / 67108864 = 0.500030 = 2^-0.9999   (128-bit collisions 33556455, 2^-0.9999)
  mechanism: exactly one of the two pairs collides for 67108864 / 67108864 seeds (both: 0, neither: 0);
             the bit-63 predictor is right for 67108864 / 67108864 seeds
  pair 1: first colliding seed 0x853b559647364cea, both hash to fc4393dd2b72f7eb
  pair 2: first colliding seed 0xb3f2af6d0fc710c5, both hash to 4e746ff68ea195ec
