WYHASH_CONDOM=1 WYHASH_32BIT_MUM=0
_wyp = 2d358dccaa6c78a5 8bb84b93962eacc9 4b33a62ed433d4a3 4d5a2da51de1aa47
SMHasher3 verification: 9DAE7DD3 expected 9DAE7DD3 PASS
"message digest" seed 3: 786d1f1df3801df4 expected 786d1f1df3801df4 PASS
pair A seed 131b854bbd1f5b12: H(M)=a7dd61b404363777 H(M')=a7dd61b404363777 rec=a7dd61b404363777 PASS
pair A seed 7df3a9721aedda79: H(M)=b6df77843786b309 H(M')=b6df77843786b309 rec=b6df77843786b309 PASS
pair A seed c9ba3955003456f1: H(M)=32aabeb277b5aa0f H(M')=32aabeb277b5aa0f rec=32aabeb277b5aa0f PASS
pair A seed bffd9725feb83e1e: H(M)=622a2a5072b0ad1e H(M')=622a2a5072b0ad1e rec=622a2a5072b0ad1e PASS
pair A seed a6f80edc9165ae6a: H(M)=bf48dcbb31c8bdfd H(M')=bf48dcbb31c8bdfd rec=bf48dcbb31c8bdfd PASS
pair A seed 167084425ff59a01: H(M)=c8c8068dcd21a3c8 H(M')=c8c8068dcd21a3c8 rec=c8c8068dcd21a3c8 PASS
pair A seed 46762a8d365e542b: H(M)=2cd3259e4c5d72cc H(M')=2cd3259e4c5d72cc rec=2cd3259e4c5d72cc PASS
pair A seed b194e03d9c625ed2: H(M)=cc7f0266af931fd9 H(M')=cc7f0266af931fd9 rec=cc7f0266af931fd9 PASS
pair A seed 4e6d29062896ae04: H(M)=72455f0c25900727 H(M')=72455f0c25900727 rec=72455f0c25900727 PASS
pair A seed 0: c6e0f0d845adec63 5248fc251b734b0b
pair A seed 1: 689a679c9552a55e efdffabbe50258b4
keyfree pair 12B seed 0000000000000000: 19a24dbaa8ee2d96 19a24dbaa8ee2d96 PASS
keyfree pair 12B seed 0000000000000001: 19a24dbaa8ee2d96 19a24dbaa8ee2d96 PASS
keyfree pair 12B seed ffffffffffffffff: 19a24dbaa8ee2d96 19a24dbaa8ee2d96 PASS
keyfree pair 16B seed 0000000000000000: 951ec28da2be0730 951ec28da2be0730 PASS
keyfree pair 16B seed 0000000000000001: 951ec28da2be0730 951ec28da2be0730 PASS
keyfree pair 16B seed ffffffffffffffff: 951ec28da2be0730 951ec28da2be0730 PASS
keyfree pair 32B seed 0000000000000000: 4388ae798a7d997e 4388ae798a7d997e PASS
keyfree pair 32B seed 0000000000000001: 4388ae798a7d997e 4388ae798a7d997e PASS
keyfree pair 32B seed ffffffffffffffff: 4388ae798a7d997e 4388ae798a7d997e PASS
ALL PASS
