2026-09-28T11:37:08.074181+00:00 START 1 polyxor-128
DONE 1 polyxor-128 43.84085283300374 0
2026-09-28T11:37:51.949784+00:00 START 1 polyxor-128.raw
DONE 1 polyxor-128.raw 39.63767608301714 0
2026-09-28T11:38:31.616140+00:00 START 1 XXH3-128
DONE 1 XXH3-128 41.8828386249952 0
2026-09-28T11:39:13.524271+00:00 START 1 UMASH-128
DONE 1 UMASH-128 67.1739048329182 0
2026-09-28T11:40:20.724177+00:00 START 1 rapidhash
DONE 1 rapidhash 35.17968399997335 0
WAIT {'utc': '2026-09-28T11:40:55.904860+00:00', 'uptime': '13:40  up 11 days,  1:32, 1 user, load averages: 13.82 6.58 5.14', 'load': (13.81591796875, 6.5751953125, 5.13720703125), 'smhasher_pids': [], 'cpu_busy_percent': None, 'passed': False}
WAIT {'utc': '2026-09-28T11:41:55.942175+00:00', 'uptime': '13:41  up 11 days,  1:33, 1 user, load averages: 13.94 8.17 5.85', 'load': (13.9365234375, 8.1728515625, 5.84765625), 'smhasher_pids': [], 'cpu_busy_percent': None, 'passed': False}
WAIT {'utc': '2026-09-28T11:42:55.982512+00:00', 'uptime': '13:42  up 11 days,  1:34, 1 user, load averages: 11.40 8.63 6.18', 'load': (11.404296875, 8.63037109375, 6.1845703125), 'smhasher_pids': [], 'cpu_busy_percent': None, 'passed': False}
WAIT {'utc': '2026-09-28T11:43:56.036332+00:00', 'uptime': '13:43  up 11 days,  1:35, 1 user, load averages: 5.30 7.36 5.87', 'load': (5.2958984375, 7.36328125, 5.87451171875), 'smhasher_pids': [], 'cpu_busy_percent': None, 'passed': False}
2026-09-28T11:44:56.128754+00:00 START 1 komihash
DONE 1 komihash 62.6924355418887 0
2026-09-28T11:45:58.851681+00:00 START 2 polyxor-128
DONE 2 polyxor-128 43.91505045793019 0
2026-09-28T11:46:42.794957+00:00 START 2 polyxor-128.raw
DONE 2 polyxor-128.raw 38.78432412492111 0
2026-09-28T11:47:21.603563+00:00 START 2 XXH3-128
DONE 2 XXH3-128 41.97800729202572 0
2026-09-28T11:48:03.612078+00:00 START 2 UMASH-128
DONE 2 UMASH-128 66.80744650005363 0
2026-09-28T11:49:10.448816+00:00 START 2 rapidhash
DONE 2 rapidhash 34.76542441698257 0
2026-09-28T11:49:45.240514+00:00 START 2 komihash
DONE 2 komihash 60.99252204201184 0
2026-09-28T11:50:46.260630+00:00 START 3 polyxor-128
DONE 3 polyxor-128 41.4619774579769 0
2026-09-28T11:51:27.745631+00:00 START 3 polyxor-128.raw
DONE 3 polyxor-128.raw 37.652824916061945 0
2026-09-28T11:52:05.423300+00:00 START 3 XXH3-128
DONE 3 XXH3-128 39.68911399994977 0
2026-09-28T11:52:45.136239+00:00 START 3 UMASH-128
DONE 3 UMASH-128 63.99375108291861 0
2026-09-28T11:53:49.157510+00:00 START 3 rapidhash
DONE 3 rapidhash 33.742211542092264 0
2026-09-28T11:54:22.926581+00:00 START 3 komihash
DONE 3 komihash 61.225623167003505 0
ALLDONE
