C^-1 = dd01f46a7e6ffc65; g^-1(g(0)+C*(g(2)-g(9))) = 5c26a409b8e3cbb6 (expect 5c26a409b8e3cbb6)

1 vs 8 bytes: recorded seed 2cb0f69f4abea221 H(M)=730d2d8dbe4d729e H(M')=730d2d8dbe4d729e OK
  structured seeds: 73/73 collide
  random seeds (8 threads): 1073741824 / 1073741824 collide

7 vs 8 bytes: recorded seed 3bb548a553e612ba H(M)=eebfade252d2c35f H(M')=eebfade252d2c35f OK
  structured seeds: 73/73 collide
  random seeds (8 threads): 1073741824 / 1073741824 collide

16 vs 16 bytes (claimant-only family member): recorded seed 0000000000000000 H(M)=474c1be4527a5f72 H(M')=474c1be4527a5f72 OK
  structured seeds: 73/73 collide
  random seeds (8 threads): 1073741824 / 1073741824 collide

partner construction for every tail length 1..7 (256 one-byte messages exhaustive; 4096 random tails for 2..7), 64 random seeds each
  tail 1 bytes: 256/256 messages have a colliding 8-byte partner for all 64 seeds
  tail 2 bytes: 4096/4096 messages have a colliding 8-byte partner for all 64 seeds
  tail 3 bytes: 4096/4096 messages have a colliding 8-byte partner for all 64 seeds
  tail 4 bytes: 4096/4096 messages have a colliding 8-byte partner for all 64 seeds
  tail 5 bytes: 4096/4096 messages have a colliding 8-byte partner for all 64 seeds
  tail 6 bytes: 4096/4096 messages have a colliding 8-byte partner for all 64 seeds
  tail 7 bytes: 4096/4096 messages have a colliding 8-byte partner for all 64 seeds

RESULT: ALL CHECKS PASS

real	0m14.975s
user	0m33.490s
sys	0m0.005s
