cityhash-64: Google CityHash64WithSeed, CityHash v1.1.1 (SMHasher3 variant CityHash_64)
SMHasher3 verification value: 0x5FABC5C5 (expected 0x5FABC5C5) OK
seed combine HashLen16(u, seed) inverted on 2^20 random (u, seed): 0 failures

pair A: 8-byte pair (L = 1 word), found by Brent rho on the public map m -> CityHash64(m)
  m1 = a01109025ea76be1  (8 bytes)
  m2 = 020bd424b04ae555
  mechanism: unseeded CityHash64(m1) == CityHash64(m2); the seed enters only through the bijection u -> HashLen16(u - k2, seed), so the pair collides for every 64-bit seed and every (seed0, seed1) of CityHash64WithSeeds
  seed class: all seeds (unconditional, key-free); class density = 1
  unseeded CityHash64: m1 -> 794ce2bbd3dc7242, m2 -> 794ce2bbd3dc7242 EQUAL (published 794ce2bbd3dc7242)
  random 64-bit seeds: N = 16777216 (2^24.00), collisions = 16777216, rate = 1, log2 rate = 0.0000
  random 128-bit (seed0, seed1), CityHash64WithSeeds: N = 16777216 (2^24.00), collisions = 16777216, rate = 1, log2 rate = 0.0000
  published seed 0x6637c1ce6357a2c8: h(m1) = d4d44b0c5f8bae0a, h(m2) = d4d44b0c5f8bae0a COLLIDE (published d4d44b0c5f8bae0a)
  seed 0x0000000000000000: h(m1) = 3d6746761adc8d10, h(m2) = 3d6746761adc8d10 COLLIDE
  seed 0x0000000000000001: h(m1) = 39336cd0fd4135fe, h(m2) = 39336cd0fd4135fe COLLIDE
  first sampled seed 0xb660d57a1a543321: h(m1) = h(m2) = 34bef59e7a2b2cf1; strip_seed -> 794ce2bbd3dc7242

pair B: 32-byte pair (L = 4 words), analytic preimage of HashLen17to32 with target 0x1337
  m1 = 436974794861736836342d6f6b21212183454502d40dfa393030303030303030  (32 bytes)
  m2 = 436974794861736836342d6f6b21212183ff1a7c2ab06b6a3030303030303031
  mechanism: choose words m0, m1, m3 freely, invert HashLen16(u, v, k2 + 64) and solve m2 = (u - rotr(m0*k1 + m1, 43) - rotr(m3*mul, 30)) * k2^-1: 2^192 messages of length 32 share any chosen unseeded value, hence collide for every seed
  seed class: all seeds (unconditional, key-free); class density = 1
  unseeded CityHash64: m1 -> 0000000000001337, m2 -> 0000000000001337 EQUAL (published 0000000000001337)
  random 64-bit seeds: N = 16777216 (2^24.00), collisions = 16777216, rate = 1, log2 rate = 0.0000
  random 128-bit (seed0, seed1), CityHash64WithSeeds: N = 16777216 (2^24.00), collisions = 16777216, rate = 1, log2 rate = 0.0000
  published seed 0xcbd18ebcd1f9b00d: h(m1) = 9f176442ecd010a8, h(m2) = 9f176442ecd010a8 COLLIDE (published 9f176442ecd010a8)
  seed 0x0000000000000000: h(m1) = ea7a79d69644ac08, h(m2) = ea7a79d69644ac08 COLLIDE
  seed 0x0000000000000001: h(m1) = 710cffbf21377195, h(m2) = 710cffbf21377195 COLLIDE
  first sampled seed 0x6c0f5cf23d5dcf82: h(m1) = h(m2) = 4a96e8cc7eb9e606; strip_seed -> 0000000000001337

pair B rebuilt from its recipe (solve_word2 with target 0x1337): matches the published hex, both hash to 0000000000001337

control: m1 of pair A vs m1 with the last bit flipped (a01109025ea76be0)
  random 64-bit seeds: N = 16777216 (2^24.00), collisions = 0, rate = 0, log2 rate = -inf (< -24.00)

result: ALL CHECKS PASSED
