SMHasher3 verification value (LE): 0x5FABC5C5 (expected 0x5FABC5C5) OK
pair A: len 8/8 bytes
  m1 = a01109025ea76be1
  m2 = 020bd424b04ae555
  unseeded CityHash64: 794ce2bbd3dc7242 794ce2bbd3dc7242 EQUAL
  seed 0000000000000000: 3d6746761adc8d10 3d6746761adc8d10 COLLIDE
  seed 0000000000000001: 39336cd0fd4135fe 39336cd0fd4135fe COLLIDE
  seed 6637c1ce6357a2c8: d4d44b0c5f8bae0a d4d44b0c5f8bae0a COLLIDE
  random 64-bit seeds (WithSeed): 16777216 / 16777216 collide
  random (seed0,seed1) (WithSeeds): 16777216 / 16777216 collide
pair B: len 32/32 bytes
  m1 = 436974794861736836342d6f6b21212183454502d40dfa393030303030303030
  m2 = 436974794861736836342d6f6b21212183ff1a7c2ab06b6a3030303030303031
  unseeded CityHash64: 0000000000001337 0000000000001337 EQUAL
  seed 0000000000000000: ea7a79d69644ac08 ea7a79d69644ac08 COLLIDE
  seed 0000000000000001: 710cffbf21377195 710cffbf21377195 COLLIDE
  seed cbd18ebcd1f9b00d: 9f176442ecd010a8 9f176442ecd010a8 COLLIDE
  random 64-bit seeds (WithSeed): 16777216 / 16777216 collide
  random (seed0,seed1) (WithSeeds): 16777216 / 16777216 collide
control (pair A m1 vs last byte 0xe0): len 8/8 bytes
  m1 = a01109025ea76be1
  m2 = a01109025ea76be0
  unseeded CityHash64: 794ce2bbd3dc7242 a381b6917fa15652 DIFFER
  seed 0000000000000000: 3d6746761adc8d10 3a340bfb018d979d differ
  seed 0000000000000001: 39336cd0fd4135fe be776cc4c20f5c46 differ
  seed 6637c1ce6357a2c8: d4d44b0c5f8bae0a fa01ca0abf2baa34 differ
  random 64-bit seeds (WithSeed): 0 / 16777216 collide
  random (seed0,seed1) (WithSeeds): 0 / 16777216 collide
