SMHasher3 verification value (LE): 0x25A20825 (expected 0x5FABC5C5) MISMATCH
pair A: len 8/8 bytes
  m1 = a01109025ea76be1
  m2 = 020bd424b04ae555
  unseeded CityHash64: 3a5c7f6093a051e7 0c60e205c75fa2da DIFFER
  seed 0000000000000000: 320540a4c4727cd6 e6ebc3ede5b2525b differ
  seed 0000000000000001: c8e81a64cf498137 4a59b62b55aff7e5 differ
  seed 6637c1ce6357a2c8: 249a8f4f09ae57d4 a88ad110882073b0 differ
pair B: len 32/32 bytes
  m1 = 436974794861736836342d6f6b21212183454502d40dfa393030303030303030
  m2 = 436974794861736836342d6f6b21212183ff1a7c2ab06b6a3030303030303031
  unseeded CityHash64: 7ff76435b4ff4617 acd9744aa5444eb1 DIFFER
  seed 0000000000000000: aa2d3d23c7bd1c8e d6980fcefb36edaf differ
  seed 0000000000000001: 5c10d0e6833a5aa6 4c20c1d5f20bdb70 differ
  seed cbd18ebcd1f9b00d: aaf6e13dd4aaf1a1 b5f0a69a83103dfd differ
control (pair A m1 vs last byte 0xe0): len 8/8 bytes
  m1 = a01109025ea76be1
  m2 = a01109025ea76be0
  unseeded CityHash64: 3a5c7f6093a051e7 522874bbd2797ac0 DIFFER
  seed 0000000000000000: 320540a4c4727cd6 7725ca4e2a30f087 differ
  seed 0000000000000001: c8e81a64cf498137 2942e84d42183db9 differ
  seed 6637c1ce6357a2c8: 249a8f4f09ae57d4 d180bae407ac2605 differ
extra strings from peters_strings.hex (unseeded CityHash64 / WithSeed 0 / WithSeed 1):
  len 32 6f726c702d636974796861736836342d442d3a4b3579782a7a6b676161616161 -> 0000000000000539 1c18aa76af63da3e f0e1b2db38239502
  len 32 6f726c702d636974796861736836342d545862373b316a2662746b6161616161 -> 0000000000000539 1c18aa76af63da3e f0e1b2db38239502
  len 32 6f726c702d636974796861736836342d2b2f4c4d2430203b6d736e6161616161 -> 0000000000000539 1c18aa76af63da3e f0e1b2db38239502
  len 32 6f726c702d636974796861736836342d752766263e49277e6d746e6161616161 -> 0000000000000539 1c18aa76af63da3e f0e1b2db38239502
  len 32 6f726c702d636974796861736836342d704545762e4c7947636e706161616161 -> 0000000000000539 1c18aa76af63da3e f0e1b2db38239502
  len 32 6f726c702d636974796861736836342d767e7e626d402c566168746161616161 -> 0000000000000539 1c18aa76af63da3e f0e1b2db38239502
  len 32 6f726c702d636974796861736836342d527848725f267e7b6d69756161616161 -> 0000000000000539 1c18aa76af63da3e f0e1b2db38239502
  len 32 6f726c702d636974796861736836342d69735f243334233e7561766161616161 -> 0000000000000539 1c18aa76af63da3e f0e1b2db38239502
  len 32 6f726c702d636974796861736836342d242a7e6c5c7b53217a6f796161616161 -> 0000000000000539 1c18aa76af63da3e f0e1b2db38239502
  len 32 6f726c702d636974796861736836342d57405e357c335e3a6774636261616161 -> 0000000000000539 1c18aa76af63da3e f0e1b2db38239502
