seed 0: exact 1e30aaaa9235e65a strict 1e30aaaa9235e65b
seed 1: exact 38d782429014d4bf strict 38d782429014d4bf
seed+len=0: exact 0000000000000000 strict 0000000000000000

8-byte p1 pair
M = 0000000000000000
M' = 0b152b092b2ac03c
recorded seed 910a2dec89025cc1: upstream mir_hash 5e900c9f273619d2 / 5e900c9f273619d2 (expected 5e900c9f273619d2) ; mir_hash_strict 5e900c9f273619d2 / 5e900c9f273619d2 (expected 5e900c9f273619d2)
upstream mir_hash: collisions = 1073741824 / 1073741824
upstream mir_hash_strict: collisions = 1073741824 / 1073741824
fmir re-implementation mismatches vs upstream over all sampled seeds: 0

16-byte p2 pair
M = 00000000000000005555555555555555
M' = 0000000000000000aaaaaaaaaaaaaaaa
recorded seed 22118258a9d111a0: upstream mir_hash 4d337930c595fdd0 / 4d337930c595fdd0 (expected 4d337930c595fdd0) ; mir_hash_strict 66c4631e3e47d736 / 66c4631e3e47d736 (expected 66c4631e3e47d736)
upstream mir_hash: collisions = 1073741824 / 1073741824
upstream mir_hash_strict: collisions = 1073741824 / 1073741824
fmir re-implementation mismatches vs upstream over all sampled seeds: 0

24-byte p1 pair (claimant-only)
M = 000000000000000000000000000000000000000000000000
M' = 000000000000000000000000000000000b152b092b2ac03c
recorded seed 22118258a9d111a0: upstream mir_hash f467d2cc3aebf462 / f467d2cc3aebf462 (expected f467d2cc3aebf462) ; mir_hash_strict 33119ec2835f3a8f / 33119ec2835f3a8f (expected 33119ec2835f3a8f)
upstream mir_hash: collisions = 1073741824 / 1073741824
upstream mir_hash_strict: collisions = 1073741824 / 1073741824
fmir re-implementation mismatches vs upstream over all sampled seeds: 0

RESULT: PASS

real	12m52.308s
user	5m3.744s
sys	0m0.019s
