city: 8/8 B; 0000000000000000d4d44b0c5f8bae0a / 0000000000000000d4d44b0c5f8bae0a
farm: 8/8 B; 000000000000000049186432ae14e980 / 000000000000000049186432ae14e980
gx: 15/16 B; 000000000000000043ec3783791d0fb8 / 000000000000000043ec3783791d0fb8
murmur: 24/24 B; 2541774c612f4f96042b02a247843246 / 2541774c612f4f96042b02a247843246
muse: 17/17 B; 0000000000000000d4ed417ecc529ae4 / 0000000000000000d4ed417ecc529ae4
komi: 64/64 B; 0000000000000000113c6b88bc913857 / 0000000000000000113c6b88bc913857
spooky: 275/275 B; 00000000000000006d1347279ecef355 / 00000000000000006d1347279ecef355
ahash: 56/56 B; 000000000000000045ef7682d72b19b6 / 000000000000000045ef7682d72b19b6
t1ha: 16/11 B; 0000000000000000f2a1196d24fddaab / 0000000000000000f2a1196d24fddaab
a5: 6615/6615 B; 00000000000000009cda28706bf2e550 / 00000000000000009cda28706bf2e550
a5wide: 17/17 B; e70d0e48e169dd4c754f558f576fdbdc / e70d0e48e169dd4c754f558f576fdbdc
highway: 96/96 B; 0000000000000000f5eba26391be727f / 0000000000000000f5eba26391be727f
wyhash: 32/32 B; 0000000000000000a7dd61b404363777 / 0000000000000000a7dd61b404363777
rapid1: 32/32 B; 00000000000000008f7a71ffebd4a14b / 00000000000000008f7a71ffebd4a14b
rapid3: 32/32 B; 0000000000000000a7ee6375a78a86f0 / 0000000000000000a7ee6375a78a86f0
xxh3-64: 128/128 B; 0000000000000000448e3716c8effb94 / 0000000000000000448e3716c8effb94
xxh3-128: 32/32 B; 77aee7ca6253510cff9994fe21ab989a / 77aee7ca6253510cff9994fe21ab989a
mum: 8/8 B; 0000000000000000b341726e9ea37186 / 0000000000000000b341726e9ea37186
pengyhash: 32/32 B; 000000000000000090f2edac34d9a4d5 / 000000000000000090f2edac34d9a4d5
nmhash32: 64/64 B; 000000000000000000000000e00f99e0 / 000000000000000000000000e00f99e0
nmhash32x: 28/28 B; 000000000000000000000000dc5952ce / 000000000000000000000000dc5952ce
mx3: 1/8 B; 0000000000000000730d2d8dbe4d729e / 0000000000000000730d2d8dbe4d729e
mir: 8/8 B; 00000000000000005e900c9f273619d2 / 00000000000000005e900c9f273619d2
fasthash-64: 7/8 B; 00000000000000003f624b9140899669 / 00000000000000003f624b9140899669
fasthash-32: 7/8 B; 00000000000000000000000001274ad8 / 00000000000000000000000001274ad8
