ok    a5hash: 0 156800 0 7291 1048576
ok    cityhash-64: 1048576 1048576 1048576 1048576 0
ok    farmhash-64: 1048576 1048576 1048576 1048576 1048576 1048576
ok    gxhash-64: 1048576 1048576 1048576 1048576
ok    highwayhash: 0 0 1 1
ok    komihash: 954642 674611 280031 0
ok    murmurhash3-128: 1048576 0 1048576 0 1048576
ok    museair: 1048576 1048576 1048576 1048576 1048576 1048576 1048576 1048576 0
ok    rust-ahash: 1 2 0 0
ok    spookyhash2-64: 524207 524207 524369 524369 1048576 524103 524103 524103
ok    t1ha2-64: 0 65629 0 65159
ok    pengyhash: 1048576 1048576
ok    nmhash32: 262968
ok    nmhash32x: 1048576
ok    mx3: 1048576 1048576
ok    mir: 1048576 1048576 1048576 1048576
ok    fasthash: 1048576 1048576 1048576 1048576 1048576 1048576
ok    mum: 1048576 1048576
ok    rapidhash-v3: 0 0 0 0 0 0
ok    wyhash: 0
ok    rapidhash-v1: 0
ok    xxh3-64: 0 0
ok    xxh3-128: 1
make check: every program reproduces the README counts
