✔ [7361/7363] Built ProvenHashes.MultiplyAddShiftScope (5.5s)
✔ [7362/7363] Built ProvenHashes (3.3s)
Build completed successfully (7363 jobs).
@ProvenHashes.same_bucket_close : ∀ {r s B : ℕ}, 0 < B → r / B = s / B → r < s + B ∧ s < r + B
'ProvenHashes.same_bucket_close' depends on axioms: [propext, Classical.choice, Quot.sound]
ProvenHashes.multiplyShift_collision_close : ∀ (w ℓ : ℕ) (a : ProvenHashes.OddMultiplier w) (x y : Fin (2 ^ w)),
  ProvenHashes.multiplyShift w ℓ a x = ProvenHashes.multiplyShift w ℓ a y →
    ↑↑a * ↑x % 2 ^ (2 * w) < ↑↑a * ↑y % 2 ^ (2 * w) + 2 ^ (2 * w - ℓ) ∧
      ↑↑a * ↑y % 2 ^ (2 * w) < ↑↑a * ↑x % 2 ^ (2 * w) + 2 ^ (2 * w - ℓ)
'ProvenHashes.multiplyShift_collision_close' depends on axioms: [propext, Classical.choice, Quot.sound]
ProvenHashes.odd_mul_mod_injective : ∀ (N a : ℕ), Odd a → Function.Injective fun x => a * ↑x % 2 ^ N
'ProvenHashes.odd_mul_mod_injective' depends on axioms: [propext, Classical.choice, Quot.sound]
@ProvenHashes.uniformProb_of_equal_fibers : ∀ {K : Type u_1} {V : Type u_2} [inst : Fintype K] [Nonempty K]
  [inst_2 : Fintype V] [inst_3 : DecidableEq V] (f : K → V),
  (∀ (u v : V), {k | f k = u}.card = {k | f k = v}.card) →
    ∀ (v : V), (ProvenHashes.uniformProb fun k => f k = v) = 1 / ↑(Fintype.card V)
'ProvenHashes.uniformProb_of_equal_fibers' depends on axioms: [propext, Classical.choice, Quot.sound]
@ProvenHashes.uniformProb_of_translations : ∀ {K : Type u_1} {V : Type u_2} [inst : Fintype K] [inst_1 : AddGroup K]
  [inst_2 : Fintype V] [inst_3 : AddGroup V] (f : K → V),
  (∀ (t : V), ∃ d, ∀ (k : K), f (k + d) = f k + t) →
    ∀ (v : V), (ProvenHashes.uniformProb fun k => f k = v) = 1 / ↑(Fintype.card V)
'ProvenHashes.uniformProb_of_translations' depends on axioms: [propext, Classical.choice, Quot.sound]
ProvenHashes.upperPart_translate : ∀ (B Q : ℕ) [NeZero B] [NeZero Q] (z : ZMod (B * Q)) (t : ZMod Q),
  ProvenHashes.upperPart B Q (z + ↑(B * t.val)) = ProvenHashes.upperPart B Q z + t
'ProvenHashes.upperPart_translate' depends on axioms: [propext, Classical.choice, Quot.sound]
ProvenHashes.bucket_difference_solvable : ∀ (w ℓ d : ℕ), ℓ ≤ w → 0 < d → d < 2 ^ w → ∃ a, a * ↑d = ↑(2 ^ (2 * w - ℓ))
'ProvenHashes.bucket_difference_solvable' depends on axioms: [propext, Classical.choice, Quot.sound]
ProvenHashes.highWord_translate : ∀ (w ℓ : ℕ),
  ℓ ≤ 2 * w →
    ∀ (z : ZMod (2 ^ (2 * w))) (t : ZMod (2 ^ ℓ)),
      ProvenHashes.highWord w ℓ (z + ↑(2 ^ (2 * w - ℓ) * t.val)) = ProvenHashes.highWord w ℓ z + t
'ProvenHashes.highWord_translate' depends on axioms: [propext, Classical.choice, Quot.sound]
ProvenHashes.word_difference_solvable : ∀ (w ℓ : ℕ),
  ℓ ≤ w → ∀ (x y : Fin (2 ^ w)), x ≠ y → ∃ a, a * (↑↑x - ↑↑y) = ↑(2 ^ (2 * w - ℓ))
'ProvenHashes.word_difference_solvable' depends on axioms: [propext, Classical.choice, Quot.sound]
ProvenHashes.vectorAffine_add : ∀ (w L : ℕ) (k d : ProvenHashes.VectorMASKey w L) (x : Fin L → Fin (2 ^ w)),
  ProvenHashes.vectorAffine w L (k + d) x = ProvenHashes.vectorAffine w L k x + ProvenHashes.vectorAffine w L d x
'ProvenHashes.vectorAffine_add' depends on axioms: [propext, Classical.choice, Quot.sound]
ProvenHashes.vectorAffine_prescribed : ∀ (w ℓ L : ℕ),
  ℓ ≤ w →
    ∀ (x y : Fin L → Fin (2 ^ w)),
      x ≠ y →
        ∀ (u v : ZMod (2 ^ ℓ)),
          ∃ d,
            ProvenHashes.vectorAffine w L d x = ↑(2 ^ (2 * w - ℓ) * u.val) ∧
              ProvenHashes.vectorAffine w L d y = ↑(2 ^ (2 * w - ℓ) * v.val)
'ProvenHashes.vectorAffine_prescribed' depends on axioms: [propext, Classical.choice, Quot.sound]
ProvenHashes.vectorMAS_translations : ∀ (w ℓ L : ℕ),
  ℓ ≤ w →
    ∀ (x y : Fin L → Fin (2 ^ w)),
      x ≠ y →
        ∀ (t : ZMod (2 ^ ℓ) × ZMod (2 ^ ℓ)),
          ∃ d,
            ∀ (k : ProvenHashes.VectorMASKey w L),
              (ProvenHashes.vectorMultiplyAddShift w ℓ L (k + d) x,
                  ProvenHashes.vectorMultiplyAddShift w ℓ L (k + d) y) =
                (ProvenHashes.vectorMultiplyAddShift w ℓ L k x, ProvenHashes.vectorMultiplyAddShift w ℓ L k y) + t
'ProvenHashes.vectorMAS_translations' depends on axioms: [propext, Classical.choice, Quot.sound]
ProvenHashes.vectorMultiplyAddShift_strong : ∀ (w ℓ L : ℕ),
  ℓ ≤ w →
    ∀ (x y : Fin L → Fin (2 ^ w)),
      x ≠ y →
        ∀ (u v : ZMod (2 ^ ℓ)),
          (ProvenHashes.uniformProb fun k =>
              ProvenHashes.vectorMultiplyAddShift w ℓ L k x = u ∧ ProvenHashes.vectorMultiplyAddShift w ℓ L k y = v) =
            1 / 2 ^ (2 * ℓ)
'ProvenHashes.vectorMultiplyAddShift_strong' depends on axioms: [propext, Classical.choice, Quot.sound]
ProvenHashes.vectorMultiplyAddShift_collision_exact : ∀ (w ℓ L : ℕ),
  ℓ ≤ w →
    ∀ (x y : Fin L → Fin (2 ^ w)),
      x ≠ y →
        (ProvenHashes.uniformProb fun k =>
            ProvenHashes.vectorMultiplyAddShift w ℓ L k x = ProvenHashes.vectorMultiplyAddShift w ℓ L k y) =
          1 / 2 ^ ℓ
'ProvenHashes.vectorMultiplyAddShift_collision_exact' depends on axioms: [propext, Classical.choice, Quot.sound]
ProvenHashes.vectorMultiplyAddShift64 : ∀ (L : ℕ) (x y : Fin L → Fin (2 ^ 64)),
  x ≠ y →
    (ProvenHashes.uniformProb fun k =>
        ProvenHashes.vectorMultiplyAddShift 64 64 L k x = ProvenHashes.vectorMultiplyAddShift 64 64 L k y) ≤
      1 / 2 ^ 64
'ProvenHashes.vectorMultiplyAddShift64' depends on axioms: [propext, Classical.choice, Quot.sound]
ProvenHashes.highWord_val : ∀ (w ℓ : ℕ),
  ℓ ≤ 2 * w → ∀ (z : ZMod (2 ^ (2 * w))), (ProvenHashes.highWord w ℓ z).val = z.val / 2 ^ (2 * w - ℓ)
'ProvenHashes.highWord_val' depends on axioms: [propext, Classical.choice, Quot.sound]
ProvenHashes.vectorMultiplyAddShift_val : ∀ (w ℓ L : ℕ),
  ℓ ≤ 2 * w →
    ∀ (k : ProvenHashes.VectorMASKey w L) (x : Fin L → Fin (2 ^ w)),
      (ProvenHashes.vectorMultiplyAddShift w ℓ L k x).val =
        (∑ i, (k.1 i).val * ↑(x i) + k.2.val) % 2 ^ (2 * w) / 2 ^ (2 * w - ℓ)
'ProvenHashes.vectorMultiplyAddShift_val' depends on axioms: [propext, Classical.choice, Quot.sound]
ProvenHashes.scalar_vector_hash : ∀ (w ℓ : ℕ) (k : ProvenHashes.ScalarMASKey w) (x : Fin (2 ^ w)),
  (ProvenHashes.vectorMultiplyAddShift w ℓ 1 ((ProvenHashes.scalarVectorKeyEquiv w) k) fun x_1 => x) =
    ProvenHashes.multiplyAddShift w ℓ k x
'ProvenHashes.scalar_vector_hash' depends on axioms: [propext, Classical.choice, Quot.sound]
ProvenHashes.multiplyAddShift_strong : ∀ (w ℓ : ℕ),
  ℓ ≤ w →
    ∀ (x y : Fin (2 ^ w)),
      x ≠ y →
        ∀ (u v : ZMod (2 ^ ℓ)),
          (ProvenHashes.uniformProb fun k =>
              ProvenHashes.multiplyAddShift w ℓ k x = u ∧ ProvenHashes.multiplyAddShift w ℓ k y = v) =
            1 / 2 ^ (2 * ℓ)
'ProvenHashes.multiplyAddShift_strong' depends on axioms: [propext, Classical.choice, Quot.sound]
ProvenHashes.multiplyAddShift_collision_exact : ∀ (w ℓ : ℕ),
  ℓ ≤ w →
    ∀ (x y : Fin (2 ^ w)),
      x ≠ y →
        (ProvenHashes.uniformProb fun k =>
            ProvenHashes.multiplyAddShift w ℓ k x = ProvenHashes.multiplyAddShift w ℓ k y) =
          1 / 2 ^ ℓ
'ProvenHashes.multiplyAddShift_collision_exact' depends on axioms: [propext, Classical.choice, Quot.sound]
ProvenHashes.multiplyAddShift_val : ∀ (w ℓ : ℕ),
  ℓ ≤ 2 * w →
    ∀ (k : ProvenHashes.ScalarMASKey w) (x : Fin (2 ^ w)),
      (ProvenHashes.multiplyAddShift w ℓ k x).val = (k.1.val * ↑x + k.2.val) % 2 ^ (2 * w) / 2 ^ (2 * w - ℓ)
'ProvenHashes.multiplyAddShift_val' depends on axioms: [propext, Classical.choice, Quot.sound]
ProvenHashes.vectorMASKey_card : ∀ (w L : ℕ), Fintype.card (ProvenHashes.VectorMASKey w L) = (2 ^ (2 * w)) ^ (L + 1)
'ProvenHashes.vectorMASKey_card' depends on axioms: [propext, Classical.choice, Quot.sound]
ProvenHashes.vectorMultiplyAddShift64_formula_bound : ∀ (L : ℕ) (x y : Fin L → Fin (2 ^ 64)),
  x ≠ y →
    (ProvenHashes.uniformProb fun k =>
        (∑ i, (k.1 i).val * ↑(x i) + k.2.val) % 2 ^ 128 / 2 ^ 64 =
          (∑ i, (k.1 i).val * ↑(y i) + k.2.val) % 2 ^ 128 / 2 ^ 64) ≤
      1 / 2 ^ 64
'ProvenHashes.vectorMultiplyAddShift64_formula_bound' depends on axioms: [propext, Classical.choice, Quot.sound]
ProvenHashes.vectorMultiplyAddShift64_score : IsLeast {s | ∃ L, 1 ≤ L ∧ s = Real.logb 2 (↑L / (1 / 2 ^ 64))} 64
'ProvenHashes.vectorMultiplyAddShift64_score' depends on axioms: [propext, Classical.choice, Quot.sound]
@ProvenHashes.odd_mod_of_even_modulus : ∀ {a M : ℕ}, Odd a → 2 ∣ M → Odd (a % M)
'ProvenHashes.odd_mod_of_even_modulus' depends on axioms: [propext, Classical.choice, Quot.sound]
ProvenHashes.oddKeyShift_injective : ∀ (w : ℕ) (hw : 0 < w) (c : ℕ) (hc : Even c),
  Function.Injective (ProvenHashes.oddKeyShift w hw c hc)
'ProvenHashes.oddKeyShift_injective' depends on axioms: [propext, Classical.choice, Quot.sound]
ProvenHashes.oddKeyShift_cast : ∀ (w : ℕ) (hw : 0 < w) (c : ℕ) (hc : Even c) (a : ProvenHashes.OddMultiplier w),
  ↑↑↑((ProvenHashes.oddKeyShiftEquiv w hw c hc) a) = ↑↑↑a + ↑c
'ProvenHashes.oddKeyShift_cast' depends on axioms: [propext, Classical.choice, Quot.sound]
ProvenHashes.even_bucket_solution : ∀ (N b s z : ℕ), s < b → Odd z → ∃ c, Even c ∧ ↑c * ↑(2 ^ s * z) = ↑(2 ^ b)
'ProvenHashes.even_bucket_solution' depends on axioms: [propext, Classical.choice, Quot.sound]
ProvenHashes.odd_difference_high_uniform : ∀ (w ℓ s z : ℕ),
  0 < w →
    ℓ ≤ 2 * w →
      s < 2 * w - ℓ →
        Odd z →
          ∀ (v : ZMod (2 ^ ℓ)),
            (ProvenHashes.uniformProb fun a => ProvenHashes.highWord w ℓ (↑↑↑a * ↑(2 ^ s * z)) = v) = 1 / 2 ^ ℓ
'ProvenHashes.odd_difference_high_uniform' depends on axioms: [propext, Classical.choice, Quot.sound]
ProvenHashes.same_bucket_difference_endpoint : ∀ (M B Q : ℕ) [NeZero M],
  0 < B → 0 < Q → B * Q = M → ∀ (r s : ZMod M), r.val / B = s.val / B → (r - s).val / B = 0 ∨ (r - s).val / B = Q - 1
'ProvenHashes.same_bucket_difference_endpoint' depends on axioms: [propext, Classical.choice, Quot.sound]
ProvenHashes.multiplyShift_val_formula : ∀ (w ℓ : ℕ) (a : ProvenHashes.OddMultiplier w) (x : Fin (2 ^ w)),
  ProvenHashes.multiplyShift w ℓ a x = (↑↑↑a * ↑↑x).val / 2 ^ (2 * w - ℓ)
'ProvenHashes.multiplyShift_val_formula' depends on axioms: [propext, Classical.choice, Quot.sound]
ProvenHashes.multiplyShift_no_collision_of_bucket_dvd : ∀ (w ℓ : ℕ) (x y : Fin (2 ^ w)),
  ↑x < ↑y →
    2 ^ (2 * w - ℓ) ∣ ↑y - ↑x →
      ∀ (a : ProvenHashes.OddMultiplier w), ProvenHashes.multiplyShift w ℓ a x ≠ ProvenHashes.multiplyShift w ℓ a y
'ProvenHashes.multiplyShift_no_collision_of_bucket_dvd' depends on axioms: [propext, Classical.choice, Quot.sound]
ProvenHashes.multiplyShift_bound_ordered : ∀ (w ℓ : ℕ),
  0 < w →
    ℓ ≤ 2 * w →
      ∀ (x y : Fin (2 ^ w)),
        ↑x < ↑y →
          (ProvenHashes.uniformProb fun a => ProvenHashes.multiplyShift w ℓ a x = ProvenHashes.multiplyShift w ℓ a y) ≤
            2 / 2 ^ ℓ
'ProvenHashes.multiplyShift_bound_ordered' depends on axioms: [propext, Classical.choice, Quot.sound]
ProvenHashes.multiplyShift_bound : ProvenHashes.MultiplyShiftBound
'ProvenHashes.multiplyShift_bound' depends on axioms: [propext, Classical.choice, Quot.sound]
ProvenHashes.multiplyAddShift_width_counterexample : (ProvenHashes.uniformProb fun k =>
    ProvenHashes.multiplyAddShift 2 4 k 0 = ProvenHashes.multiplyAddShift 2 4 k 2) =
  1 / 8
'ProvenHashes.multiplyAddShift_width_counterexample' depends on axioms: [propext, Classical.choice, Quot.sound]
AUDIT PASSED: 35 theorems; only the three standard axioms.
