# variant=10 W=1 log2keys=24 seed=4119 mode=R N=16777216
# d0 d1 name coll low32 low16 meanpop z hist0..8
0000000000802000 0000000000000000 bits13_23 0 0 81 30.49678 -1539.30 0 0 0 0 0 0 0 0 0
0000000001002000 0000000000000000 bits13_24 0 0 2947 31.55162 -459.14 0 0 0 0 0 0 0 0 0
0000000002002000 0000000000000000 bits13_25 0 0 43 31.14321 -877.35 0 0 0 0 0 0 0 0 0
0000000004002000 0000000000000000 bits13_26 0 0 91 30.22184 -1820.84 0 0 0 0 0 0 0 0 0
0000000008002000 0000000000000000 bits13_27 0 0 268 31.59117 -418.65 0 0 0 0 0 0 0 0 0
0000000010002000 0000000000000000 bits13_28 0 0 138 31.20529 -813.78 0 0 0 0 0 0 0 0 0
0000000020002000 0000000000000000 bits13_29 0 0 48 32.00084 0.86 0 0 0 0 0 0 0 0 0
0000000040002000 0000000000000000 bits13_30 0 0 65 30.60447 -1429.02 0 0 0 0 0 0 0 0 0
0000000080002000 0000000000000000 bits13_31 0 0 77 31.73115 -275.30 0 0 0 0 0 0 0 0 0
0000000100002000 0000000000000000 bits13_32 0 0 221 31.55237 -458.37 0 0 0 0 0 0 0 0 0
0000000200002000 0000000000000000 bits13_33 0 0 36 31.26965 -747.88 0 0 0 0 0 0 0 0 0
0000000400002000 0000000000000000 bits13_34 0 0 70 31.65688 -351.36 0 0 0 0 0 0 0 0 0
0000000800002000 0000000000000000 bits13_35 0 0 492 31.35412 -661.38 0 0 0 0 0 0 0 0 0
0000001000002000 0000000000000000 bits13_36 0 0 398 31.57646 -433.71 0 0 0 0 0 0 0 0 0
0000002000002000 0000000000000000 bits13_37 0 0 41 30.93592 -1089.62 0 0 0 0 0 0 0 0 0
0000004000002000 0000000000000000 bits13_38 0 0 37 31.73196 -274.47 0 0 0 0 0 0 0 0 0
0000008000002000 0000000000000000 bits13_39 0 0 30 33.04798 1073.13 0 0 0 0 0 0 0 0 0
0000010000002000 0000000000000000 bits13_40 0 0 58 31.37397 -641.06 0 0 0 0 0 0 0 0 0
0000020000002000 0000000000000000 bits13_41 0 0 30 31.48328 -529.13 0 0 0 0 0 0 0 0 0
0000040000002000 0000000000000000 bits13_42 0 0 378 30.25933 -1782.44 0 0 0 0 0 0 0 0 0
0000080000002000 0000000000000000 bits13_43 0 0 206 30.95757 -1067.45 0 0 0 0 0 0 0 0 0
0000100000002000 0000000000000000 bits13_44 0 0 69 31.88274 -120.07 0 0 0 0 0 0 0 0 0
0000200000002000 0000000000000000 bits13_45 0 0 54 28.43785 -3647.64 0 0 0 0 0 0 5 54 152
0000400000002000 0000000000000000 bits13_46 0 0 23 31.82927 -174.83 0 0 0 0 0 0 0 0 0
0000800000002000 0000000000000000 bits13_47 0 0 4803 30.91459 -1111.46 0 0 0 0 0 0 0 0 0
0001000000002000 0000000000000000 bits13_48 0 0 32 30.41630 -1621.71 0 0 0 0 0 0 0 0 0
0002000000002000 0000000000000000 bits13_49 0 0 60 31.42207 -591.80 0 0 0 0 0 0 0 0 0
0004000000002000 0000000000000000 bits13_50 0 0 19 31.29300 -723.97 0 0 0 0 0 0 0 0 0
0008000000002000 0000000000000000 bits13_51 0 0 39 33.07747 1103.33 0 0 0 0 0 0 0 0 0
0010000000002000 0000000000000000 bits13_52 0 0 48 31.77874 -226.57 0 0 0 0 0 0 0 0 0
0020000000002000 0000000000000000 bits13_53 0 0 1265 30.94557 -1079.74 0 0 0 0 0 0 0 0 0
0040000000002000 0000000000000000 bits13_54 0 0 80 31.60597 -403.49 0 0 0 0 0 0 0 0 0
0080000000002000 0000000000000000 bits13_55 0 0 247 31.38582 -628.92 0 0 0 0 0 0 0 0 0
0100000000002000 0000000000000000 bits13_56 0 0 409 31.57734 -432.80 0 0 0 0 0 0 0 0 0
0200000000002000 0000000000000000 bits13_57 0 0 28 31.14818 -872.27 0 0 0 0 0 0 0 0 0
0400000000002000 0000000000000000 bits13_58 0 0 17 31.50488 -507.00 0 0 0 0 0 0 0 0 0
0800000000002000 0000000000000000 bits13_59 0 0 130 31.78410 -221.08 0 0 0 0 0 0 0 0 0
1000000000002000 0000000000000000 bits13_60 0 0 42 30.39129 -1647.32 0 0 0 0 0 0 0 0 0
2000000000002000 0000000000000000 bits13_61 0 0 37 31.39975 -614.66 0 0 0 0 0 0 0 0 0
4000000000002000 0000000000000000 bits13_62 0 0 2 30.66428 -1367.77 0 0 0 0 0 0 0 0 0
8000000000002000 0000000000000000 bits13_63 0 0 1 31.22528 -793.32 0 0 0 0 0 0 0 0 0
000000000000c000 0000000000000000 bits14_15 0 0 10 30.34599 -1693.70 0 0 0 0 0 0 0 0 0
0000000000014000 0000000000000000 bits14_16 0 0 25 32.04192 42.93 0 0 0 0 0 0 0 0 0
0000000000024000 0000000000000000 bits14_17 0 0 83 30.97426 -1050.35 0 0 0 0 0 0 0 0 0
0000000000044000 0000000000000000 bits14_18 0 0 190 31.30896 -707.63 0 0 0 0 0 0 0 0 0
0000000000084000 0000000000000000 bits14_19 0 0 114 30.68811 -1343.37 0 0 0 0 0 0 0 0 0
0000000000104000 0000000000000000 bits14_20 0 0 58 32.63938 654.72 0 0 0 0 0 0 0 0 0
0000000000204000 0000000000000000 bits14_21 0 0 46 31.88041 -122.46 0 0 0 0 0 0 0 0 0
0000000000404000 0000000000000000 bits14_22 0 0 184 31.34264 -673.13 0 0 0 0 0 0 0 0 0
0000000000804000 0000000000000000 bits14_23 0 0 61 31.90272 -99.61 0 0 0 0 0 0 0 0 0
0000000001004000 0000000000000000 bits14_24 0 0 88 30.46147 -1575.45 0 0 0 0 0 0 0 0 0
0000000002004000 0000000000000000 bits14_25 0 0 3214 31.50819 -503.62 0 0 0 0 0 0 0 0 0
0000000004004000 0000000000000000 bits14_26 0 0 45 31.13935 -881.30 0 0 0 0 0 0 0 0 0
0000000008004000 0000000000000000 bits14_27 0 0 83 30.39594 -1642.55 0 0 0 0 0 0 0 0 0
0000000010004000 0000000000000000 bits14_28 0 0 251 31.58747 -422.43 0 0 0 0 0 0 0 0 0
0000000020004000 0000000000000000 bits14_29 0 0 109 31.19824 -821.00 0 0 0 0 0 0 0 0 0
0000000040004000 0000000000000000 bits14_30 0 0 65 32.00619 6.34 0 0 0 0 0 0 0 0 0
0000000080004000 0000000000000000 bits14_31 0 0 105 30.60574 -1427.72 0 0 0 0 0 0 0 0 0
0000000100004000 0000000000000000 bits14_32 0 0 51 31.73435 -272.03 0 0 0 0 0 0 0 0 0
0000000200004000 0000000000000000 bits14_33 0 0 180 31.55179 -458.97 0 0 0 0 0 0 0 0 0
0000000400004000 0000000000000000 bits14_34 0 0 40 31.26777 -749.80 0 0 0 0 0 0 0 0 0
0000000800004000 0000000000000000 bits14_35 0 0 72 31.65571 -352.55 0 0 0 0 0 0 0 0 0
0000001000004000 0000000000000000 bits14_36 0 0 521 31.35174 -663.82 0 0 0 0 0 0 0 0 0
0000002000004000 0000000000000000 bits14_37 0 0 474 31.56377 -446.70 0 0 0 0 0 0 0 0 0
0000004000004000 0000000000000000 bits14_38 0 0 57 30.91918 -1106.76 0 0 0 0 0 0 0 0 0
0000008000004000 0000000000000000 bits14_39 0 0 47 31.73029 -276.18 0 0 0 0 0 0 0 0 0
0000010000004000 0000000000000000 bits14_40 0 0 17 33.09130 1117.50 0 0 0 0 0 0 0 0 0
0000020000004000 0000000000000000 bits14_41 0 0 90 31.32111 -695.19 0 0 0 0 0 0 0 0 0
0000040000004000 0000000000000000 bits14_42 0 0 32 31.45417 -558.93 0 0 0 0 0 0 0 0 0
0000080000004000 0000000000000000 bits14_43 0 0 393 30.46214 -1574.77 0 0 0 0 0 0 0 0 0
0000100000004000 0000000000000000 bits14_44 0 0 213 30.91940 -1106.54 0 0 0 0 0 0 0 0 0
0000200000004000 0000000000000000 bits14_45 0 0 79 31.82798 -176.15 0 0 0 0 0 0 0 0 0
0000400000004000 0000000000000000 bits14_46 0 0 45 28.40709 -3679.14 0 0 0 0 0 4 22 98 278
0000800000004000 0000000000000000 bits14_47 0 0 19 31.87233 -130.74 0 0 0 0 0 0 0 0 0
0001000000004000 0000000000000000 bits14_48 0 0 7549 30.92695 -1098.80 0 0 0 0 0 0 0 0 0
0002000000004000 0000000000000000 bits14_49 0 0 32 30.40227 -1636.07 0 0 0 0 0 0 0 0 0
0004000000004000 0000000000000000 bits14_50 0 0 72 31.45476 -558.32 0 0 0 0 0 0 0 0 0
0008000000004000 0000000000000000 bits14_51 0 0 28 31.34058 -675.24 0 0 0 0 0 0 0 0 0
0010000000004000 0000000000000000 bits14_52 0 0 29 33.07331 1099.07 0 0 0 0 0 0 0 0 0
0020000000004000 0000000000000000 bits14_53 0 0 42 31.77746 -227.88 0 0 0 0 0 0 0 0 0
0040000000004000 0000000000000000 bits14_54 0 0 811 30.94831 -1076.93 0 0 0 0 0 0 0 0 0
0080000000004000 0000000000000000 bits14_55 0 0 95 31.60556 -403.91 0 0 0 0 0 0 0 0 0
0100000000004000 0000000000000000 bits14_56 0 0 280 31.36596 -649.26 0 0 0 0 0 0 0 0 0
0200000000004000 0000000000000000 bits14_57 0 0 470 31.53832 -472.76 0 0 0 0 0 0 0 0 0
0400000000004000 0000000000000000 bits14_58 0 0 25 31.11920 -901.94 0 0 0 0 0 0 0 0 0
0800000000004000 0000000000000000 bits14_59 0 0 14 31.48038 -532.09 0 0 0 0 0 0 0 0 0
1000000000004000 0000000000000000 bits14_60 0 0 107 31.63783 -370.86 0 0 0 0 0 0 0 0 0
2000000000004000 0000000000000000 bits14_61 0 0 39 30.18522 -1858.33 0 0 0 0 0 0 0 0 0
4000000000004000 0000000000000000 bits14_62 0 0 42 31.16678 -853.21 0 0 0 0 0 0 0 0 0
8000000000004000 0000000000000000 bits14_63 0 0 4 30.11840 -1926.75 0 0 0 0 0 0 0 0 0
0000000000018000 0000000000000000 bits15_16 0 0 6 30.34966 -1689.95 0 0 0 0 0 0 0 0 0
0000000000028000 0000000000000000 bits15_17 0 0 22 32.04238 43.39 0 0 0 0 0 0 0 0 0
0000000000048000 0000000000000000 bits15_18 0 0 57 30.97539 -1049.20 0 0 0 0 0 0 0 0 0
0000000000088000 0000000000000000 bits15_19 0 0 181 31.30834 -708.26 0 0 0 0 0 0 0 0 0
0000000000108000 0000000000000000 bits15_20 0 0 140 30.68879 -1342.68 0 0 0 0 0 0 0 0 0
0000000000208000 0000000000000000 bits15_21 0 0 57 32.63717 652.46 0 0 0 0 0 0 0 0 0
0000000000408000 0000000000000000 bits15_22 0 0 62 31.87916 -123.74 0 0 0 0 0 0 0 0 0
0000000000808000 0000000000000000 bits15_23 0 0 160 31.34356 -672.19 0 0 0 0 0 0 0 0 0
0000000001008000 0000000000000000 bits15_24 0 0 90 31.90147 -100.90 0 0 0 0 0 0 0 0 0
0000000002008000 0000000000000000 bits15_25 0 0 95 30.46434 -1572.52 0 0 0 0 0 0 0 0 0
0000000004008000 0000000000000000 bits15_26 0 0 3282 31.51878 -492.77 0 0 0 0 0 0 0 0 0
0000000008008000 0000000000000000 bits15_27 0 0 52 31.28587 -731.27 0 0 0 0 0 0 0 0 0
0000000010008000 0000000000000000 bits15_28 0 0 80 30.39655 -1641.94 0 0 0 0 0 0 0 0 0
0000000020008000 0000000000000000 bits15_29 0 0 228 31.59141 -418.40 0 0 0 0 0 0 0 0 0
0000000040008000 0000000000000000 bits15_30 0 0 119 31.21210 -806.81 0 0 0 0 0 0 0 0 0
0000000080008000 0000000000000000 bits15_31 0 0 47 32.01977 20.24 0 0 0 0 0 0 0 0 0
0000000100008000 0000000000000000 bits15_32 0 0 77 30.61104 -1422.30 0 0 0 0 0 0 0 0 0
0000000200008000 0000000000000000 bits15_33 0 0 56 31.73562 -270.73 0 0 0 0 0 0 0 0 0
0000000400008000 0000000000000000 bits15_34 0 0 191 31.54919 -461.63 0 0 0 0 0 0 0 0 0
0000000800008000 0000000000000000 bits15_35 0 0 44 31.26834 -749.22 0 0 0 0 0 0 0 0 0
0000001000008000 0000000000000000 bits15_36 0 0 63 31.65519 -353.09 0 0 0 0 0 0 0 0 0
0000002000008000 0000000000000000 bits15_37 0 0 511 31.35177 -663.79 0 0 0 0 0 0 0 0 0
0000004000008000 0000000000000000 bits15_38 0 0 509 31.56389 -446.57 0 0 0 0 0 0 0 0 0
0000008000008000 0000000000000000 bits15_39 0 0 31 30.92207 -1103.80 0 0 0 0 0 0 0 0 0
0000010000008000 0000000000000000 bits15_40 0 0 45 31.73918 -267.08 0 0 0 0 0 0 0 0 0
0000020000008000 0000000000000000 bits15_41 0 0 29 33.09376 1120.01 0 0 0 0 0 0 0 0 0
0000040000008000 0000000000000000 bits15_42 0 0 79 31.30542 -711.25 0 0 0 0 0 0 0 0 0
0000080000008000 0000000000000000 bits15_43 0 0 26 31.52451 -486.90 0 0 0 0 0 0 0 0 0
0000100000008000 0000000000000000 bits15_44 0 0 407 30.46510 -1571.74 0 0 0 0 0 0 0 0 0
0000200000008000 0000000000000000 bits15_45 0 0 207 30.91807 -1107.89 0 0 0 0 0 0 0 0 0
0000400000008000 0000000000000000 bits15_46 0 0 90 31.82595 -178.23 0 0 0 0 0 0 0 0 0
0000800000008000 0000000000000000 bits15_47 0 0 31 28.40337 -3682.95 0 0 0 0 0 1 26 84 299
0001000000008000 0000000000000000 bits15_48 0 0 21 31.93459 -66.98 0 0 0 0 0 0 0 0 0
0002000000008000 0000000000000000 bits15_49 0 0 8157 30.92828 -1097.44 0 0 0 0 0 0 0 0 0
0004000000008000 0000000000000000 bits15_50 0 0 41 30.42020 -1617.71 0 0 0 0 0 0 0 0 0
0008000000008000 0000000000000000 bits15_51 0 0 63 31.52825 -483.07 0 0 0 0 0 0 0 0 0
0010000000008000 0000000000000000 bits15_52 0 0 22 31.33831 -677.57 0 0 0 0 0 0 0 0 0
0020000000008000 0000000000000000 bits15_53 0 0 34 33.07196 1097.69 0 0 0 0 0 0 0 0 0
0040000000008000 0000000000000000 bits15_54 0 0 37 31.77530 -230.09 0 0 0 0 0 0 0 0 0
0080000000008000 0000000000000000 bits15_55 0 0 648 30.94686 -1078.41 0 0 0 0 0 0 0 0 0
0100000000008000 0000000000000000 bits15_56 0 0 79 31.60642 -403.03 0 0 0 0 0 0 0 0 0
0200000000008000 0000000000000000 bits15_57 0 0 276 31.36419 -651.07 0 0 0 0 0 0 0 0 0
0400000000008000 0000000000000000 bits15_58 0 0 545 31.53387 -477.31 0 0 0 0 0 0 0 0 0
0800000000008000 0000000000000000 bits15_59 0 0 22 31.10845 -912.95 0 0 0 0 0 0 0 0 0
1000000000008000 0000000000000000 bits15_60 0 0 20 31.45356 -559.56 0 0 0 0 0 0 0 0 0
2000000000008000 0000000000000000 bits15_61 0 0 86 31.59598 -413.72 0 0 0 0 0 0 0 0 0
4000000000008000 0000000000000000 bits15_62 0 0 37 30.14849 -1895.94 0 0 0 0 0 0 0 0 0
8000000000008000 0000000000000000 bits15_63 0 0 33 30.43729 -1600.21 0 0 0 0 0 0 0 0 0
0000000000030000 0000000000000000 bits16_17 0 0 1377 30.34761 -1692.05 0 0 0 0 0 0 0 0 0
0000000000050000 0000000000000000 bits16_18 0 0 870 32.04365 44.70 0 0 0 0 0 0 0 0 0
0000000000090000 0000000000000000 bits16_19 0 0 371 30.97710 -1047.45 0 0 0 0 0 0 0 0 1
0000000000110000 0000000000000000 bits16_20 0 0 574 31.30324 -713.49 0 0 0 0 0 0 0 0 0
0000000000210000 0000000000000000 bits16_21 0 0 130 30.67334 -1358.50 0 0 0 0 0 0 0 0 0
0000000000410000 0000000000000000 bits16_22 0 0 522 32.67672 692.96 0 0 0 0 0 0 0 0 0
0000000000810000 0000000000000000 bits16_23 0 0 260 31.85766 -145.75 0 0 0 0 0 0 0 0 0
0000000001010000 0000000000000000 bits16_24 0 0 290 31.31050 -706.05 0 0 0 0 0 0 0 0 0
0000000002010000 0000000000000000 bits16_25 0 0 75 31.84476 -158.97 0 0 0 0 0 0 0 0 0
0000000004010000 0000000000000000 bits16_26 0 0 85 30.29744 -1743.42 0 0 0 0 0 0 0 0 0
0000000008010000 0000000000000000 bits16_27 0 0 1045 31.65901 -349.18 0 0 0 0 0 0 0 0 0
0000000010010000 0000000000000000 bits16_28 0 0 190 31.26956 -747.98 0 0 0 0 0 0 0 0 0
0000000020010000 0000000000000000 bits16_29 0 0 156 30.37881 -1660.10 0 0 0 0 0 0 0 0 0
0000000040010000 0000000000000000 bits16_30 0 0 314 31.58100 -429.05 0 0 0 0 0 0 0 0 0
0000000080010000 0000000000000000 bits16_31 0 0 124 31.21310 -805.78 0 0 0 0 0 0 0 0 0
0000000100010000 0000000000000000 bits16_32 0 0 87 32.03015 30.87 0 0 0 0 0 0 0 0 0
0000000200010000 0000000000000000 bits16_33 0 0 88 30.61176 -1421.56 0 0 0 0 0 0 0 0 0
0000000400010000 0000000000000000 bits16_34 0 0 48 31.73799 -268.30 0 0 0 0 0 0 0 0 0
0000000800010000 0000000000000000 bits16_35 0 0 168 31.54868 -462.15 0 0 0 0 0 0 0 0 0
0000001000010000 0000000000000000 bits16_36 0 0 69 31.26202 -755.69 0 0 0 0 0 0 0 0 0
0000002000010000 0000000000000000 bits16_37 0 0 68 31.65010 -358.30 0 0 0 0 0 0 0 0 0
0000004000010000 0000000000000000 bits16_38 0 0 356 31.30976 -706.81 0 0 0 0 0 0 0 0 0
0000008000010000 0000000000000000 bits16_39 0 0 2227 31.50716 -504.67 0 0 0 0 0 0 0 0 0
0000010000010000 0000000000000000 bits16_40 0 0 55 30.81430 -1214.15 0 0 0 0 0 0 0 0 0
0000020000010000 0000000000000000 bits16_41 0 0 37 31.77563 -229.76 0 0 0 0 0 0 0 0 0
0000040000010000 0000000000000000 bits16_42 0 0 42 33.09600 1122.31 0 0 0 0 0 0 0 0 0
0000080000010000 0000000000000000 bits16_43 0 0 89 31.35090 -664.68 0 0 0 0 0 0 0 0 0
0000100000010000 0000000000000000 bits16_44 0 0 33 31.40856 -605.64 0 0 0 0 0 0 0 0 0
0000200000010000 0000000000000000 bits16_45 0 0 436 30.32355 -1716.68 0 0 0 0 0 0 0 0 0
0000400000010000 0000000000000000 bits16_46 0 0 225 30.73963 -1290.62 0 0 0 0 0 0 0 0 0
0000800000010000 0000000000000000 bits16_47 0 0 56 31.81608 -188.33 0 0 0 0 0 0 0 0 0
0001000000010000 0000000000000000 bits16_48 0 0 39 28.61651 -3464.69 0 0 0 0 0 2 9 34 110
0002000000010000 0000000000000000 bits16_49 0 0 21 31.82996 -174.12 0 0 0 0 0 0 0 0 0
0004000000010000 0000000000000000 bits16_50 0 0 4035 30.93549 -1090.06 0 0 0 0 0 0 0 0 0
0008000000010000 0000000000000000 bits16_51 0 0 2008 30.45932 -1577.65 0 0 0 0 0 0 0 0 0
0010000000010000 0000000000000000 bits16_52 0 0 6458 31.52175 -489.73 0 0 0 0 0 0 0 0 0
0020000000010000 0000000000000000 bits16_53 0 0 1340 31.32550 -690.69 0 0 0 0 0 0 0 0 0
0040000000010000 0000000000000000 bits16_54 0 0 179 33.09465 1120.92 0 0 0 0 0 0 0 0 0
0080000000010000 0000000000000000 bits16_55 0 0 247 31.73655 -269.77 0 0 0 0 0 0 0 0 0
0100000000010000 0000000000000000 bits16_56 0 0 1791 30.92329 -1102.55 0 0 0 0 0 0 0 0 0
0200000000010000 0000000000000000 bits16_57 0 0 160 31.58379 -426.20 0 0 0 0 0 0 0 0 0
0400000000010000 0000000000000000 bits16_58 0 0 254 31.39359 -620.96 0 0 0 0 0 0 0 0 0
0800000000010000 0000000000000000 bits16_59 0 0 681 31.81213 -192.38 0 0 0 0 0 0 0 0 0
1000000000010000 0000000000000000 bits16_60 0 0 38 30.96015 -1064.80 0 0 0 0 0 0 0 0 0
2000000000010000 0000000000000000 bits16_61 0 0 22 31.36138 -653.95 0 0 0 0 0 0 0 0 0
4000000000010000 0000000000000000 bits16_62 0 0 145 31.67008 -337.84 0 0 0 0 0 0 0 0 0
8000000000010000 0000000000000000 bits16_63 0 0 65 29.97996 -2068.52 0 0 0 0 0 0 0 0 0
0000000000060000 0000000000000000 bits17_18 0 0 1001 30.34772 -1691.94 0 0 0 0 0 0 0 0 0
00000000000a0000 0000000000000000 bits17_19 0 0 411 32.04250 43.52 0 0 0 0 0 0 0 0 0
0000000000120000 0000000000000000 bits17_20 0 0 205 30.97668 -1047.88 0 0 0 0 0 0 0 0 0
0000000000220000 0000000000000000 bits17_21 0 0 626 31.30388 -712.82 0 0 0 0 0 0 0 0 0
0000000000420000 0000000000000000 bits17_22 0 0 70 30.68029 -1351.38 0 0 0 0 0 0 0 0 0
0000000000820000 0000000000000000 bits17_23 0 0 188 32.63878 654.11 0 0 0 0 0 0 0 0 0
0000000001020000 0000000000000000 bits17_24 0 0 262 31.80012 -204.67 0 0 0 0 0 0 0 0 0
0000000002020000 0000000000000000 bits17_25 0 0 266 31.22187 -796.80 0 0 0 0 0 0 0 0 0
0000000004020000 0000000000000000 bits17_26 0 0 85 31.73938 -266.88 0 0 0 0 0 0 0 0 0
0000000008020000 0000000000000000 bits17_27 0 0 543 30.56983 -1464.49 0 0 0 0 0 0 0 0 0
0000000010020000 0000000000000000 bits17_28 0 0 452 31.64699 -361.48 0 0 0 0 0 0 0 0 0
0000000020020000 0000000000000000 bits17_29 0 0 125 31.25725 -760.58 0 0 0 0 0 0 0 0 0
0000000040020000 0000000000000000 bits17_30 0 0 138 30.36951 -1669.63 0 0 0 0 0 0 0 0 0
0000000080020000 0000000000000000 bits17_31 0 0 326 31.57942 -430.67 0 0 0 0 0 0 0 0 0
0000000100020000 0000000000000000 bits17_32 0 0 61 31.20500 -814.08 0 0 0 0 0 0 0 0 0
0000000200020000 0000000000000000 bits17_33 0 0 65 32.02866 29.35 0 0 0 0 0 0 0 0 0
0000000400020000 0000000000000000 bits17_34 0 0 79 30.61216 -1421.15 0 0 0 0 0 0 0 0 0
0000000800020000 0000000000000000 bits17_35 0 0 85 31.73638 -269.94 0 0 0 0 0 0 0 0 0
0000001000020000 0000000000000000 bits17_36 0 0 158 31.54236 -468.62 0 0 0 0 0 0 0 0 0
0000002000020000 0000000000000000 bits17_37 0 0 96 31.24762 -770.44 0 0 0 0 0 0 0 0 0
0000004000020000 0000000000000000 bits17_38 0 0 329 31.62359 -385.44 0 0 0 0 0 0 0 0 0
0000008000020000 0000000000000000 bits17_39 0 0 279 31.27766 -739.68 0 0 0 0 0 0 0 0 0
0000010000020000 0000000000000000 bits17_40 0 0 2110 31.51559 -496.03 0 0 0 0 0 0 0 0 0
0000020000020000 0000000000000000 bits17_41 0 0 57 30.77880 -1250.51 0 0 0 0 0 0 0 0 0
0000040000020000 0000000000000000 bits17_42 0 0 49 31.77448 -230.93 0 0 0 0 0 0 0 0 0
0000080000020000 0000000000000000 bits17_43 0 0 54 33.11648 1143.28 0 0 0 0 0 0 0 0 0
0000100000020000 0000000000000000 bits17_44 0 0 76 31.18466 -834.91 0 0 0 0 0 0 0 0 0
0000200000020000 0000000000000000 bits17_45 0 0 30 31.34590 -669.80 0 0 0 0 0 0 0 0 0
0000400000020000 0000000000000000 bits17_46 0 0 419 30.24372 -1798.43 0 0 0 0 0 0 0 0 0
0000800000020000 0000000000000000 bits17_47 0 0 169 30.73894 -1291.33 0 0 0 0 0 0 0 0 0
0001000000020000 0000000000000000 bits17_48 0 0 201 31.88227 -120.56 0 0 0 0 0 0 0 0 0
0002000000020000 0000000000000000 bits17_49 0 0 46 28.56634 -3516.06 0 0 0 0 0 1 10 38 138
0004000000020000 0000000000000000 bits17_50 0 0 3050 31.83081 -173.25 0 0 0 0 0 0 0 0 0
0008000000020000 0000000000000000 bits17_51 0 0 1433 30.94308 -1082.29 0 0 0 0 0 0 0 0 0
0010000000020000 0000000000000000 bits17_52 0 0 543 30.46015 -1576.81 0 0 0 0 0 0 0 0 0
0020000000020000 0000000000000000 bits17_53 0 0 4986 31.52011 -491.41 0 0 0 0 0 0 0 0 0
0040000000020000 0000000000000000 bits17_54 0 0 341 31.34099 -674.83 0 0 0 0 0 0 0 0 0
0080000000020000 0000000000000000 bits17_55 0 0 59 33.09266 1118.88 0 0 0 0 0 0 0 0 0
0100000000020000 0000000000000000 bits17_56 0 0 241 31.71273 -294.16 0 0 0 0 0 0 0 0 0
0200000000020000 0000000000000000 bits17_57 0 0 2115 30.88669 -1140.03 0 0 0 0 0 0 0 0 0
0400000000020000 0000000000000000 bits17_58 0 0 176 31.56797 -442.40 0 0 0 0 0 0 0 0 0
0800000000020000 0000000000000000 bits17_59 0 0 111 31.45101 -562.17 0 0 0 0 0 0 0 0 0
1000000000020000 0000000000000000 bits17_60 0 0 331 31.82664 -177.52 0 0 0 0 0 0 0 0 0
2000000000020000 0000000000000000 bits17_61 0 0 56 30.96572 -1059.11 0 0 0 0 0 0 0 0 0
4000000000020000 0000000000000000 bits17_62 0 0 32 31.06054 -962.01 0 0 0 0 0 0 0 0 0
8000000000020000 0000000000000000 bits17_63 0 0 205 31.98267 -17.74 0 0 0 0 0 0 0 0 0
00000000000c0000 0000000000000000 bits18_19 0 0 534 30.34573 -1693.97 0 0 0 0 0 0 0 0 0
0000000000140000 0000000000000000 bits18_20 0 0 202 32.04227 43.29 0 0 0 0 0 0 0 0 0
0000000000240000 0000000000000000 bits18_21 0 0 203 30.97719 -1047.36 0 0 0 0 0 0 0 0 0
0000000000440000 0000000000000000 bits18_22 0 0 380 31.29896 -717.86 0 0 0 0 0 0 0 0 0
0000000000840000 0000000000000000 bits18_23 0 0 61 30.67330 -1358.54 0 0 0 0 0 0 0 0 0
0000000001040000 0000000000000000 bits18_24 0 0 196 32.62727 642.33 0 0 0 0 0 0 0 0 0
0000000002040000 0000000000000000 bits18_25 0 0 217 31.78526 -219.89 0 0 0 0 0 0 0 0 0
0000000004040000 0000000000000000 bits18_26 0 0 267 31.21882 -799.93 0 0 0 0 0 0 0 0 0
0000000008040000 0000000000000000 bits18_27 0 0 460 31.92558 -76.20 0 0 0 0 0 0 0 0 0
0000000010040000 0000000000000000 bits18_28 0 0 270 30.57212 -1462.15 0 0 0 0 0 0 0 0 0
0000000020040000 0000000000000000 bits18_29 0 0 338 31.64284 -365.74 0 0 0 0 0 0 0 0 0
0000000040040000 0000000000000000 bits18_30 0 0 100 31.26400 -753.67 0 0 0 0 0 0 0 0 0
0000000080040000 0000000000000000 bits18_31 0 0 154 30.37639 -1662.58 0 0 0 0 0 0 0 0 0
0000000100040000 0000000000000000 bits18_32 0 0 191 31.58574 -424.20 0 0 0 0 0 0 0 0 0
0000000200040000 0000000000000000 bits18_33 0 0 53 31.20465 -814.44 0 0 0 0 0 0 0 0 0
0000000400040000 0000000000000000 bits18_34 0 0 68 32.02891 29.60 0 0 0 0 0 0 0 0 0
0000000800040000 0000000000000000 bits18_35 0 0 299 30.61169 -1421.63 0 0 0 0 0 0 0 0 0
0000001000040000 0000000000000000 bits18_36 0 0 77 31.73549 -270.86 0 0 0 0 0 0 0 0 0
0000002000040000 0000000000000000 bits18_37 0 0 168 31.53884 -472.23 0 0 0 0 0 0 0 0 0
0000004000040000 0000000000000000 bits18_38 0 0 397 31.24859 -769.44 0 0 0 0 0 0 0 0 0
0000008000040000 0000000000000000 bits18_39 0 0 274 31.62452 -384.49 0 0 0 0 0 0 0 0 0
0000010000040000 0000000000000000 bits18_40 0 0 228 31.29947 -717.34 0 0 0 0 0 0 0 0 0
0000020000040000 0000000000000000 bits18_41 0 0 2156 31.52003 -491.49 0 0 0 0 0 0 0 0 0
0000040000040000 0000000000000000 bits18_42 0 0 54 30.84300 -1184.77 0 0 0 0 0 0 0 0 0
0000080000040000 0000000000000000 bits18_43 0 0 58 31.78587 -219.27 0 0 0 0 0 0 0 0 0
0000100000040000 0000000000000000 bits18_44 0 0 48 33.16089 1188.75 0 0 0 0 0 0 0 0 0
0000200000040000 0000000000000000 bits18_45 0 0 69 31.11156 -909.76 0 0 0 0 0 0 0 0 0
0000400000040000 0000000000000000 bits18_46 0 0 34 31.29711 -719.76 0 0 0 0 0 0 0 0 0
0000800000040000 0000000000000000 bits18_47 0 0 435 30.23306 -1809.35 0 0 0 0 0 0 0 0 0
0001000000040000 0000000000000000 bits18_48 0 0 448 30.93845 -1087.02 0 0 0 0 0 0 0 0 0
0002000000040000 0000000000000000 bits18_49 0 0 235 31.88361 -119.18 0 0 0 0 0 0 0 0 0
0004000000040000 0000000000000000 bits18_50 0 0 2351 28.62007 -3461.04 0 0 0 0 0 2 13 53 178
0008000000040000 0000000000000000 bits18_51 0 0 1318 31.93722 -64.29 0 0 0 0 0 0 0 0 0
0010000000040000 0000000000000000 bits18_52 0 0 519 30.94259 -1082.79 0 0 0 0 0 0 0 0 0
