# variant=10 W=1 log2keys=24 seed=4119 mode=R N=16777216
# d0 d1 name coll low32 low16 meanpop z hist0..8
0020000000040000 0000000000000000 bits18_53 0 0 291 30.45457 -1582.52 0 0 0 0 0 0 0 0 0
0040000000040000 0000000000000000 bits18_54 0 0 2108 31.51534 -496.29 0 0 0 0 0 0 0 0 0
0080000000040000 0000000000000000 bits18_55 0 0 142 31.33754 -678.36 0 0 0 0 0 0 0 0 0
0100000000040000 0000000000000000 bits18_56 0 0 52 33.08179 1107.75 0 0 0 0 0 0 0 0 0
0200000000040000 0000000000000000 bits18_57 0 0 268 31.70115 -306.02 0 0 0 0 0 0 0 0 0
0400000000040000 0000000000000000 bits18_58 0 0 2618 30.87582 -1151.16 0 0 0 0 0 0 0 0 0
0800000000040000 0000000000000000 bits18_59 0 0 140 31.53931 -471.75 0 0 0 0 0 0 0 0 0
1000000000040000 0000000000000000 bits18_60 0 0 78 31.24128 -776.93 0 0 0 0 0 0 0 0 0
2000000000040000 0000000000000000 bits18_61 0 0 362 31.60624 -403.21 0 0 0 0 0 0 0 0 0
4000000000040000 0000000000000000 bits18_62 0 0 65 30.93784 -1087.65 0 0 0 0 0 0 0 0 0
8000000000040000 0000000000000000 bits18_63 0 0 38 30.15749 -1886.73 0 0 0 0 0 0 0 0 0
0000000000180000 0000000000000000 bits19_20 0 0 148 30.35650 -1682.95 0 0 0 0 0 0 0 0 0
0000000000280000 0000000000000000 bits19_21 0 0 173 32.05856 59.96 0 0 0 0 0 0 0 0 0
0000000000480000 0000000000000000 bits19_22 0 0 174 30.93732 -1088.18 0 0 0 0 0 0 0 0 0
0000000000880000 0000000000000000 bits19_23 0 0 205 31.37036 -644.75 0 0 0 0 0 0 0 0 0
0000000001080000 0000000000000000 bits19_24 0 0 42 30.79478 -1234.15 0 0 0 0 0 0 0 0 0
0000000002080000 0000000000000000 bits19_25 0 0 157 32.81489 834.45 0 0 0 0 0 0 0 0 0
0000000004080000 0000000000000000 bits19_26 0 0 246 32.07627 78.10 0 0 0 0 0 0 0 0 0
0000000008080000 0000000000000000 bits19_27 0 0 1390 31.32773 -688.40 0 0 0 0 0 0 0 0 0
0000000010080000 0000000000000000 bits19_28 0 0 299 31.94847 -52.77 0 0 0 0 0 0 0 0 0
0000000020080000 0000000000000000 bits19_29 0 0 202 30.58823 -1445.65 0 0 0 0 0 0 0 0 0
0000000040080000 0000000000000000 bits19_30 0 0 303 31.65757 -350.65 0 0 0 0 0 0 0 0 0
0000000080080000 0000000000000000 bits19_31 0 0 114 31.27572 -741.66 0 0 0 0 0 0 0 0 0
0000000100080000 0000000000000000 bits19_32 0 0 108 30.38963 -1649.02 0 0 0 0 0 0 0 0 0
0000000200080000 0000000000000000 bits19_33 0 0 163 31.58711 -422.80 0 0 0 0 0 0 0 0 0
0000000400080000 0000000000000000 bits19_34 0 0 69 31.20167 -817.49 0 0 0 0 0 0 0 0 0
0000000800080000 0000000000000000 bits19_35 0 0 71 32.03321 34.00 0 0 0 0 0 0 0 0 0
0000001000080000 0000000000000000 bits19_36 0 0 134 30.61768 -1415.49 0 0 0 0 0 0 0 0 0
0000002000080000 0000000000000000 bits19_37 0 0 65 31.75022 -255.78 0 0 0 0 0 0 0 0 0
0000004000080000 0000000000000000 bits19_38 0 0 202 31.61853 -390.63 0 0 0 0 0 0 0 0 0
0000008000080000 0000000000000000 bits19_39 0 0 149 31.35750 -657.92 0 0 0 0 0 0 0 0 0
0000010000080000 0000000000000000 bits19_40 0 0 136 31.74772 -258.34 0 0 0 0 0 0 0 0 0
0000020000080000 0000000000000000 bits19_41 0 0 163 31.36856 -646.60 0 0 0 0 0 0 0 0 0
0000040000080000 0000000000000000 bits19_42 0 0 1940 31.54358 -467.37 0 0 0 0 0 0 0 0 0
0000080000080000 0000000000000000 bits19_43 0 0 55 30.82607 -1202.10 0 0 0 0 0 0 0 0 0
0000100000080000 0000000000000000 bits19_44 0 0 54 32.10642 108.98 0 0 0 0 0 0 0 0 0
0000200000080000 0000000000000000 bits19_45 0 0 43 33.44609 1480.80 0 0 0 0 0 0 0 0 0
0000400000080000 0000000000000000 bits19_46 0 0 70 31.46816 -544.61 0 0 0 0 0 0 0 0 0
0000800000080000 0000000000000000 bits19_47 0 0 43 31.47736 -535.18 0 0 0 0 0 0 0 0 0
0001000000080000 0000000000000000 bits19_48 0 0 466 30.61753 -1415.64 0 0 0 0 0 0 0 0 0
0002000000080000 0000000000000000 bits19_49 0 0 323 31.10062 -920.97 0 0 0 0 0 0 0 0 0
0004000000080000 0000000000000000 bits19_50 0 0 2509 31.90890 -93.29 0 0 0 0 0 0 0 0 0
0008000000080000 0000000000000000 bits19_51 0 0 1747 28.71688 -3361.91 0 0 0 0 0 1 8 38 109
0010000000080000 0000000000000000 bits19_52 0 0 307 31.94774 -53.51 0 0 0 0 0 0 0 0 0
0020000000080000 0000000000000000 bits19_53 0 0 171 30.95068 -1074.50 0 0 0 0 0 0 0 0 0
0040000000080000 0000000000000000 bits19_54 0 0 245 30.42711 -1610.64 0 0 0 0 0 0 0 0 0
0080000000080000 0000000000000000 bits19_55 0 0 585 31.53995 -471.09 0 0 0 0 0 0 0 0 0
0100000000080000 0000000000000000 bits19_56 0 0 95 31.36176 -653.55 0 0 0 0 0 0 0 0 0
0200000000080000 0000000000000000 bits19_57 0 0 33 33.10802 1134.61 0 0 0 0 0 0 0 0 0
0400000000080000 0000000000000000 bits19_58 0 0 232 31.69139 -316.02 0 0 0 0 0 0 0 0 0
0800000000080000 0000000000000000 bits19_59 0 0 3227 30.59096 -1442.85 0 0 0 0 0 0 0 0 0
1000000000080000 0000000000000000 bits19_60 0 0 59 31.62456 -384.45 0 0 0 0 0 0 0 0 0
2000000000080000 0000000000000000 bits19_61 0 0 58 31.24754 -770.52 0 0 0 0 0 0 0 0 0
4000000000080000 0000000000000000 bits19_62 0 0 395 31.70801 -298.99 0 0 0 0 0 0 0 0 0
8000000000080000 0000000000000000 bits19_63 0 0 72 30.18818 -1855.30 0 0 0 0 0 0 0 0 0
0000000000300000 0000000000000000 bits20_21 0 0 71 30.33987 -1699.97 0 0 0 0 0 0 0 0 0
0000000000500000 0000000000000000 bits20_22 0 0 109 32.09288 95.11 0 0 0 0 0 0 0 0 0
0000000000900000 0000000000000000 bits20_23 0 0 180 30.87259 -1154.47 0 0 0 0 0 0 0 0 0
0000000001100000 0000000000000000 bits20_24 0 0 153 31.25780 -760.01 0 0 0 0 0 0 0 0 0
0000000002100000 0000000000000000 bits20_25 0 0 21 30.60410 -1429.40 0 0 0 0 0 0 0 0 0
0000000004100000 0000000000000000 bits20_26 0 0 167 32.52297 535.52 0 0 0 0 0 0 0 0 0
0000000008100000 0000000000000000 bits20_27 0 0 391 31.89068 -111.95 0 0 0 0 0 0 0 0 0
0000000010100000 0000000000000000 bits20_28 0 0 1255 31.30803 -708.58 0 0 0 0 0 0 0 0 0
0000000020100000 0000000000000000 bits20_29 0 0 203 31.92841 -73.31 0 0 0 0 0 0 0 0 0
0000000040100000 0000000000000000 bits20_30 0 0 187 30.57078 -1463.52 0 0 0 0 0 0 0 0 0
0000000080100000 0000000000000000 bits20_31 0 0 300 31.65982 -348.34 0 0 0 0 0 0 0 0 0
0000000100100000 0000000000000000 bits20_32 0 0 75 31.29458 -722.35 0 0 0 0 0 0 0 0 0
0000000200100000 0000000000000000 bits20_33 0 0 137 30.38146 -1657.39 0 0 0 0 0 0 0 0 0
0000000400100000 0000000000000000 bits20_34 0 0 123 31.58687 -423.04 0 0 0 0 0 0 0 0 0
0000000800100000 0000000000000000 bits20_35 0 0 133 31.19601 -823.29 0 0 0 0 0 0 0 0 0
0000001000100000 0000000000000000 bits20_36 0 0 53 32.03326 34.06 0 0 0 0 0 0 0 0 0
0000002000100000 0000000000000000 bits20_37 0 0 81 30.60829 -1425.11 0 0 0 0 0 0 0 0 0
0000004000100000 0000000000000000 bits20_38 0 0 44 31.68127 -326.38 0 0 0 0 0 0 0 0 0
0000008000100000 0000000000000000 bits20_39 0 0 159 31.53043 -480.84 0 0 0 0 0 0 0 0 0
0000010000100000 0000000000000000 bits20_40 0 0 111 31.26647 -751.13 0 0 0 0 0 0 0 0 0
0000020000100000 0000000000000000 bits20_41 0 0 120 31.69306 -314.31 0 0 0 0 0 0 0 0 0
0000040000100000 0000000000000000 bits20_42 0 0 143 31.37881 -636.10 0 0 0 0 0 0 0 0 0
0000080000100000 0000000000000000 bits20_43 0 0 2435 31.73840 -267.88 0 0 0 0 0 0 0 0 0
0000100000100000 0000000000000000 bits20_44 0 0 53 30.60592 -1427.54 0 0 0 0 0 0 0 0 0
0000200000100000 0000000000000000 bits20_45 0 0 49 31.73999 -266.25 0 0 0 0 0 0 0 0 0
0000400000100000 0000000000000000 bits20_46 0 0 47 33.03415 1058.97 0 0 0 0 0 0 0 0 0
0000800000100000 0000000000000000 bits20_47 0 0 52 31.16795 -852.02 0 0 0 0 0 0 0 0 0
0001000000100000 0000000000000000 bits20_48 0 0 36 31.38845 -626.23 0 0 0 0 0 0 0 0 0
0002000000100000 0000000000000000 bits20_49 0 0 196 30.49247 -1543.71 0 0 0 0 0 0 0 0 0
0004000000100000 0000000000000000 bits20_50 0 0 409 31.10057 -921.02 0 0 0 0 0 0 0 0 0
0008000000100000 0000000000000000 bits20_51 0 0 1154 31.94617 -55.12 0 0 0 0 0 0 0 0 0
0010000000100000 0000000000000000 bits20_52 0 0 1722 28.70762 -3371.40 0 0 0 0 0 0 12 39 119
0020000000100000 0000000000000000 bits20_53 0 0 86 31.93631 -65.22 0 0 0 0 0 0 0 0 0
0040000000100000 0000000000000000 bits20_54 0 0 228 30.96504 -1059.80 0 0 0 0 0 0 0 0 0
0080000000100000 0000000000000000 bits20_55 0 0 231 30.40127 -1637.10 0 0 0 0 0 0 0 0 0
0100000000100000 0000000000000000 bits20_56 0 0 230 31.51755 -494.03 0 0 0 0 0 0 0 0 0
0200000000100000 0000000000000000 bits20_57 0 0 51 31.34331 -672.45 0 0 0 0 0 0 0 0 0
0400000000100000 0000000000000000 bits20_58 0 0 27 33.10404 1130.54 0 0 0 0 0 0 0 0 0
0800000000100000 0000000000000000 bits20_59 0 0 139 31.89803 -104.42 0 0 0 0 0 0 0 0 0
1000000000100000 0000000000000000 bits20_60 0 0 4421 30.28757 -1753.53 0 0 0 0 0 0 0 0 0
2000000000100000 0000000000000000 bits20_61 0 0 34 31.41647 -597.54 0 0 0 0 0 0 0 0 0
4000000000100000 0000000000000000 bits20_62 0 0 47 30.86583 -1161.39 0 0 0 0 0 0 0 0 0
8000000000100000 0000000000000000 bits20_63 0 0 407 31.92867 -73.04 0 0 0 0 0 0 0 0 0
0000000000600000 0000000000000000 bits21_22 0 0 62 30.39728 -1641.19 0 0 0 0 0 0 0 0 0
0000000000a00000 0000000000000000 bits21_23 0 0 72 32.09107 93.26 0 0 0 0 0 0 0 0 0
0000000001200000 0000000000000000 bits21_24 0 0 163 30.86452 -1162.73 0 0 0 0 0 0 0 0 0
0000000002200000 0000000000000000 bits21_25 0 0 164 31.20593 -813.13 0 0 0 0 0 0 0 0 0
0000000004200000 0000000000000000 bits21_26 0 0 30 30.34839 -1691.24 0 0 0 0 0 0 0 0 0
0000000008200000 0000000000000000 bits21_27 0 0 185 32.65133 666.96 0 0 0 0 0 0 0 0 0
0000000010200000 0000000000000000 bits21_28 0 0 279 31.87294 -130.11 0 0 0 0 0 0 0 0 0
0000000020200000 0000000000000000 bits21_29 0 0 1354 31.29418 -722.76 0 0 0 0 0 0 0 0 0
0000000040200000 0000000000000000 bits21_30 0 0 231 31.90396 -98.34 0 0 0 0 0 0 0 0 0
0000000080200000 0000000000000000 bits21_31 0 0 240 30.55967 -1474.90 0 0 0 0 0 0 0 0 0
0000000100200000 0000000000000000 bits21_32 0 0 348 31.64863 -359.81 0 0 0 0 0 0 0 0 0
0000000200200000 0000000000000000 bits21_33 0 0 84 31.29023 -726.81 0 0 0 0 0 0 0 0 0
0000000400200000 0000000000000000 bits21_34 0 0 133 30.37991 -1658.98 0 0 0 0 0 0 0 0 0
0000000800200000 0000000000000000 bits21_35 0 0 91 31.58603 -423.91 0 0 0 0 0 0 0 0 0
0000001000200000 0000000000000000 bits21_36 0 0 175 31.20004 -819.16 0 0 0 0 0 0 0 0 0
0000002000200000 0000000000000000 bits21_37 0 0 43 32.04992 51.12 0 0 0 0 0 0 0 0 0
0000004000200000 0000000000000000 bits21_38 0 0 62 30.57152 -1462.76 0 0 0 0 0 0 0 0 0
0000008000200000 0000000000000000 bits21_39 0 0 50 31.61299 -396.30 0 0 0 0 0 0 0 0 0
0000010000200000 0000000000000000 bits21_40 0 0 161 31.32021 -696.10 0 0 0 0 0 0 0 0 0
0000020000200000 0000000000000000 bits21_41 0 0 109 31.34368 -672.07 0 0 0 0 0 0 0 0 0
0000040000200000 0000000000000000 bits21_42 0 0 142 31.68401 -323.57 0 0 0 0 0 0 0 0 0
0000080000200000 0000000000000000 bits21_43 0 0 168 31.42977 -583.92 0 0 0 0 0 0 0 0 0
0000100000200000 0000000000000000 bits21_44 0 0 2716 31.58430 -425.68 0 0 0 0 0 0 0 0 0
0000200000200000 0000000000000000 bits21_45 0 0 60 30.34066 -1699.17 0 0 0 0 0 0 0 0 0
0000400000200000 0000000000000000 bits21_46 0 0 49 31.38145 -633.40 0 0 0 0 0 0 0 0 0
0000800000200000 0000000000000000 bits21_47 0 0 58 32.63474 649.97 0 0 0 0 0 0 0 0 0
0001000000200000 0000000000000000 bits21_48 0 0 63 31.23323 -785.18 0 0 0 0 0 0 0 0 0
0002000000200000 0000000000000000 bits21_49 0 0 47 31.29679 -720.09 0 0 0 0 0 0 0 0 0
0004000000200000 0000000000000000 bits21_50 0 0 405 30.40836 -1629.84 0 0 0 0 0 0 0 0 0
0008000000200000 0000000000000000 bits21_51 0 0 931 30.95187 -1073.28 0 0 0 0 0 0 0 0 0
0010000000200000 0000000000000000 bits21_52 0 0 528 31.94042 -61.01 0 0 0 0 0 0 0 0 0
0020000000200000 0000000000000000 bits21_53 0 0 2115 28.69758 -3381.68 0 0 0 0 0 1 9 20 133
0040000000200000 0000000000000000 bits21_54 0 0 98 31.94459 -56.74 0 0 0 0 0 0 0 0 0
0080000000200000 0000000000000000 bits21_55 0 0 126 30.92787 -1097.86 0 0 0 0 0 0 0 0 0
0100000000200000 0000000000000000 bits21_56 0 0 302 30.43713 -1600.37 0 0 0 0 0 0 0 0 0
0200000000200000 0000000000000000 bits21_57 0 0 290 31.56584 -444.58 0 0 0 0 0 0 0 0 0
0400000000200000 0000000000000000 bits21_58 0 0 61 31.40486 -609.42 0 0 0 0 0 0 0 0 0
0800000000200000 0000000000000000 bits21_59 0 0 44 33.39612 1429.62 0 0 0 0 0 0 0 0 0
1000000000200000 0000000000000000 bits21_60 0 0 118 31.79702 -207.85 0 0 0 0 0 0 0 0 0
2000000000200000 0000000000000000 bits21_61 0 0 5530 30.25260 -1789.34 0 0 0 0 0 0 0 0 0
4000000000200000 0000000000000000 bits21_62 0 0 33 31.58994 -419.90 0 0 0 0 0 0 0 0 0
8000000000200000 0000000000000000 bits21_63 0 0 52 30.28879 -1752.28 0 0 0 0 0 0 0 0 1
0000000000c00000 0000000000000000 bits22_23 0 0 34 30.42988 -1607.81 0 0 0 0 0 0 0 0 0
0000000001400000 0000000000000000 bits22_24 0 0 79 32.13196 135.12 0 0 0 0 0 0 0 0 0
0000000002400000 0000000000000000 bits22_25 0 0 161 30.93382 -1091.77 0 0 0 0 0 0 0 0 0
0000000004400000 0000000000000000 bits22_26 0 0 169 31.46185 -551.06 0 0 0 0 0 0 0 0 0
0000000008400000 0000000000000000 bits22_27 0 0 117 30.66552 -1366.51 0 0 0 0 0 0 0 0 0
0000000010400000 0000000000000000 bits22_28 0 0 114 32.67558 691.80 0 0 0 0 0 0 0 0 0
0000000020400000 0000000000000000 bits22_29 0 0 228 31.88954 -113.11 0 0 0 0 0 0 0 0 0
0000000040400000 0000000000000000 bits22_30 0 0 1017 31.31966 -696.67 0 0 0 0 0 0 0 0 0
0000000080400000 0000000000000000 bits22_31 0 0 223 31.90757 -94.65 0 0 0 0 0 0 0 0 0
0000000100400000 0000000000000000 bits22_32 0 0 199 30.54509 -1489.83 0 0 0 0 0 0 0 0 0
0000000200400000 0000000000000000 bits22_33 0 1 327 31.65891 -349.28 0 0 0 0 0 0 0 0 0
0000000400400000 0000000000000000 bits22_34 0 0 121 31.28120 -736.05 0 0 0 0 0 0 0 0 0
0000000800400000 0000000000000000 bits22_35 0 0 106 30.41051 -1627.64 0 0 0 0 0 0 0 0 0
0000001000400000 0000000000000000 bits22_36 0 0 54 31.61346 -395.81 0 0 0 0 0 0 0 0 0
0000002000400000 0000000000000000 bits22_37 0 0 114 31.20540 -813.67 0 0 0 0 0 0 0 0 0
0000004000400000 0000000000000000 bits22_38 0 0 68 32.10477 107.28 0 0 0 0 0 0 0 0 0
0000008000400000 0000000000000000 bits22_39 0 0 45 30.68171 -1349.92 0 0 0 0 0 0 0 0 0
0000010000400000 0000000000000000 bits22_40 0 0 46 31.85647 -146.97 0 0 0 0 0 0 0 0 0
0000020000400000 0000000000000000 bits22_41 0 0 137 31.26460 -753.04 0 0 0 0 0 0 0 0 0
0000040000400000 0000000000000000 bits22_42 0 0 100 31.30976 -706.80 0 0 0 0 0 0 0 0 0
0000080000400000 0000000000000000 bits22_43 0 0 195 31.59136 -418.45 0 0 0 0 0 0 0 0 0
0000100000400000 0000000000000000 bits22_44 0 0 136 31.60357 -405.94 0 0 0 0 0 0 0 0 0
0000200000400000 0000000000000000 bits22_45 0 0 2323 31.80672 -197.92 0 0 0 0 0 0 0 0 0
0000400000400000 0000000000000000 bits22_46 0 0 55 30.65707 -1375.16 0 0 0 0 0 0 0 0 0
0000800000400000 0000000000000000 bits22_47 0 0 65 31.47691 -535.64 0 0 0 0 0 0 0 0 0
0001000000400000 0000000000000000 bits22_48 0 0 47 33.26102 1291.29 0 0 0 0 0 0 0 0 0
0002000000400000 0000000000000000 bits22_49 0 0 57 31.39960 -614.81 0 0 0 0 0 0 0 0 0
0004000000400000 0000000000000000 bits22_50 0 0 518 31.36599 -649.22 0 0 0 0 0 0 0 0 0
0008000000400000 0000000000000000 bits22_51 0 0 447 30.41469 -1623.36 0 0 0 0 0 0 0 0 0
0010000000400000 0000000000000000 bits22_52 0 0 147 30.98510 -1039.26 0 0 0 0 0 0 0 0 0
0020000000400000 0000000000000000 bits22_53 0 0 149 31.99003 -10.21 0 0 0 0 0 0 0 0 0
0040000000400000 0000000000000000 bits22_54 0 0 2176 28.64341 -3437.15 0 0 0 0 0 2 9 35 141
0080000000400000 0000000000000000 bits22_55 0 0 46 32.03915 40.09 0 0 0 0 0 0 0 0 0
0100000000400000 0000000000000000 bits22_56 0 0 83 30.93707 -1088.44 0 0 0 0 0 0 0 0 0
0200000000400000 0000000000000000 bits22_57 0 0 161 30.42748 -1610.26 0 0 0 0 0 0 0 0 0
0400000000400000 0000000000000000 bits22_58 0 0 367 31.49626 -515.83 0 0 0 0 0 0 0 0 0
0800000000400000 0000000000000000 bits22_59 0 0 51 31.03427 -988.91 0 0 0 0 0 0 0 0 0
1000000000400000 0000000000000000 bits22_60 0 0 16 33.55311 1590.39 0 0 0 0 0 0 0 0 0
2000000000400000 0000000000000000 bits22_61 0 0 99 31.87591 -127.07 0 0 0 0 0 0 0 0 0
4000000000400000 0000000000000000 bits22_62 0 0 3845 30.38742 -1651.28 0 0 0 0 0 0 0 0 0
8000000000400000 0000000000000000 bits22_63 0 0 43 31.27074 -746.76 0 0 0 0 0 0 0 0 0
0000000001800000 0000000000000000 bits23_24 0 0 30 30.20401 -1839.10 0 0 0 0 0 0 0 0 0
0000000002800000 0000000000000000 bits23_25 0 0 68 31.80789 -196.72 0 0 0 0 0 0 0 0 0
0000000004800000 0000000000000000 bits23_26 0 0 158 30.60285 -1430.68 0 0 0 0 0 0 0 0 0
0000000008800000 0000000000000000 bits23_27 0 0 393 31.32403 -692.20 0 0 0 0 0 0 0 0 0
0000000010800000 0000000000000000 bits23_28 0 0 103 30.64305 -1389.52 0 0 0 0 0 0 0 0 0
0000000020800000 0000000000000000 bits23_29 0 0 75 32.64855 664.11 0 0 0 0 0 0 0 0 0
0000000040800000 0000000000000000 bits23_30 0 0 199 31.87679 -126.17 0 0 0 0 0 0 0 0 0
0000000080800000 0000000000000000 bits23_31 0 0 980 31.34219 -673.59 0 0 0 0 0 0 0 0 0
0000000100800000 0000000000000000 bits23_32 0 0 133 32.02459 25.18 0 0 0 0 0 0 0 0 0
0000000200800000 0000000000000000 bits23_33 0 0 167 30.47085 -1565.85 0 0 0 0 0 0 0 0 0
0000000400800000 0000000000000000 bits23_34 0 0 144 31.63087 -377.99 0 0 0 0 0 0 0 0 0
0000000800800000 0000000000000000 bits23_35 0 0 384 31.21745 -801.34 0 0 0 0 0 0 0 0 0
0000001000800000 0000000000000000 bits23_36 0 0 64 30.36836 -1670.80 0 0 0 0 0 0 0 0 0
0000002000800000 0000000000000000 bits23_37 0 0 33 31.55053 -460.26 0 0 0 0 0 0 0 0 0
0000004000800000 0000000000000000 bits23_38 0 0 94 31.10478 -916.70 0 0 0 0 0 0 0 0 0
0000008000800000 0000000000000000 bits23_39 0 0 45 32.03117 31.92 0 0 0 0 0 0 0 0 0
0000010000800000 0000000000000000 bits23_40 0 0 39 30.70564 -1325.43 0 0 0 0 0 0 0 0 0
0000020000800000 0000000000000000 bits23_41 0 0 38 31.70972 -297.25 0 0 0 0 0 0 0 0 0
0000040000800000 0000000000000000 bits23_42 0 0 142 31.35368 -661.83 0 0 0 0 0 0 0 0 0
0000080000800000 0000000000000000 bits23_43 0 0 154 31.46124 -551.69 0 0 0 0 0 0 0 0 0
0000100000800000 0000000000000000 bits23_44 0 0 144 31.33947 -676.38 0 0 0 0 0 0 0 0 0
0000200000800000 0000000000000000 bits23_45 0 0 112 31.16377 -856.30 0 0 0 0 0 0 0 0 0
0000400000800000 0000000000000000 bits23_46 0 0 2142 31.37976 -635.12 0 0 0 0 0 0 0 0 0
0000800000800000 0000000000000000 bits23_47 0 0 36 30.50450 -1531.39 0 0 0 0 0 0 0 1 0
0001000000800000 0000000000000000 bits23_48 0 0 106 31.63253 -376.28 0 0 0 0 0 0 0 0 0
0002000000800000 0000000000000000 bits23_49 0 0 39 33.10945 1136.07 0 0 0 0 0 0 0 0 0
0004000000800000 0000000000000000 bits23_50 0 0 70 31.45115 -562.02 0 0 0 0 0 0 0 0 0
0008000000800000 0000000000000000 bits23_51 0 0 168 31.58861 -421.27 0 0 0 0 0 0 0 0 0
0010000000800000 0000000000000000 bits23_52 0 0 409 30.36671 -1672.49 0 0 0 0 0 0 0 0 0
0020000000800000 0000000000000000 bits23_53 0 0 44 30.97478 -1049.83 0 0 0 0 0 0 0 0 0
0040000000800000 0000000000000000 bits23_54 0 0 145 32.05498 56.30 0 0 0 0 0 0 0 0 0
0080000000800000 0000000000000000 bits23_55 0 0 2512 28.63137 -3449.48 0 0 0 0 0 0 11 48 127
0100000000800000 0000000000000000 bits23_56 0 0 29 31.91451 -87.54 0 0 0 0 0 0 0 0 0
0200000000800000 0000000000000000 bits23_57 0 0 46 30.81674 -1211.66 0 0 0 0 0 0 0 0 0
0400000000800000 0000000000000000 bits23_58 0 0 88 30.34006 -1699.78 0 0 0 0 0 0 0 0 0
0800000000800000 0000000000000000 bits23_59 0 0 166 31.62887 -380.04 0 0 0 0 0 0 0 0 0
1000000000800000 0000000000000000 bits23_60 0 0 77 30.52299 -1512.46 0 0 0 0 0 0 0 0 0
2000000000800000 0000000000000000 bits23_61 0 0 19 33.11708 1143.90 0 0 0 0 0 0 0 0 0
4000000000800000 0000000000000000 bits23_62 0 0 57 31.73192 -274.51 0 0 0 0 0 0 0 0 0
8000000000800000 0000000000000000 bits23_63 0 0 1458 30.12770 -1917.24 0 0 0 0 0 0 0 0 0
0000000003000000 0000000000000000 bits24_25 0 0 27 29.86885 -2182.30 0 0 0 0 0 0 0 0 0
0000000005000000 0000000000000000 bits24_26 0 0 76 31.47154 -541.14 0 0 0 0 0 0 0 0 0
0000000009000000 0000000000000000 bits24_27 0 0 373 30.98641 -1037.92 0 0 0 0 0 0 0 0 0
0000000011000000 0000000000000000 bits24_28 0 0 326 31.25391 -764.00 0 0 0 0 0 0 0 0 0
0000000021000000 0000000000000000 bits24_29 0 0 73 30.62710 -1405.85 0 0 0 0 0 0 0 0 0
0000000041000000 0000000000000000 bits24_30 0 0 70 32.62354 638.50 0 0 0 0 0 0 0 0 0
0000000081000000 0000000000000000 bits24_31 0 0 217 31.86821 -134.95 0 0 0 0 0 0 0 0 0
0000000101000000 0000000000000000 bits24_32 0 0 507 31.51379 -497.88 0 0 0 0 0 0 0 0 0
0000000201000000 0000000000000000 bits24_33 0 0 87 31.89401 -108.53 0 0 0 0 0 0 0 0 0
0000000401000000 0000000000000000 bits24_34 0 0 127 30.39953 -1638.88 0 0 0 0 0 0 0 0 0
0000000801000000 0000000000000000 bits24_35 0 0 146 31.53341 -477.79 0 0 0 0 0 0 0 0 0
0000001001000000 0000000000000000 bits24_36 0 0 404 31.16108 -859.06 0 0 0 0 0 0 0 0 0
0000002001000000 0000000000000000 bits24_37 0 0 75 30.28971 -1751.34 0 0 0 0 0 0 0 0 0
0000004001000000 0000000000000000 bits24_38 0 0 44 31.41600 -598.02 0 0 0 0 0 0 0 0 0
0000008001000000 0000000000000000 bits24_39 0 0 97 31.01369 -1009.98 0 0 0 0 0 0 0 0 0
0000010001000000 0000000000000000 bits24_40 0 0 64 32.02539 26.00 0 0 0 0 0 0 0 0 0
0000020001000000 0000000000000000 bits24_41 0 0 45 30.53386 -1501.32 0 0 0 0 0 0 0 0 0
0000040001000000 0000000000000000 bits24_42 0 0 41 31.63271 -376.10 0 0 0 0 0 0 0 0 0
0000080001000000 0000000000000000 bits24_43 0 0 178 31.80525 -199.42 0 0 0 0 0 0 0 0 0
0000100001000000 0000000000000000 bits24_44 0 0 153 31.23409 -784.29 0 0 0 0 0 0 0 0 0
0000200001000000 0000000000000000 bits24_45 0 0 145 31.02321 -1000.23 0 0 0 0 0 0 0 0 0
0000400001000000 0000000000000000 bits24_46 0 0 104 30.79461 -1234.32 0 0 0 0 0 0 0 0 0
0000800001000000 0000000000000000 bits24_47 0 0 1614 31.14344 -877.11 0 0 0 0 0 0 0 0 0
0001000001000000 0000000000000000 bits24_48 0 0 69 30.86542 -1161.81 0 0 0 0 0 0 0 0 0
0002000001000000 0000000000000000 bits24_49 0 0 91 31.51271 -498.99 0 0 0 0 0 0 0 0 0
0004000001000000 0000000000000000 bits24_50 0 0 59 33.01495 1039.31 0 0 0 0 0 0 0 0 0
0008000001000000 0000000000000000 bits24_51 0 0 102 31.41137 -602.75 0 0 0 0 0 0 0 0 0
0010000001000000 0000000000000000 bits24_52 0 0 79 31.53213 -479.10 0 0 0 0 0 0 0 0 0
0020000001000000 0000000000000000 bits24_53 0 0 471 30.37973 -1659.16 0 0 0 0 0 0 0 0 0
0040000001000000 0000000000000000 bits24_54 0 0 47 31.07025 -952.07 0 0 0 0 0 0 0 0 0
0080000001000000 0000000000000000 bits24_55 0 0 107 32.06918 70.84 0 0 0 0 0 0 0 0 0
0100000001000000 0000000000000000 bits24_56 0 0 3202 28.48084 -3603.62 0 0 0 1 2 2 6 39 118
0200000001000000 0000000000000000 bits24_57 0 0 36 31.79029 -214.75 0 0 0 0 0 0 0 0 0
0400000001000000 0000000000000000 bits24_58 0 0 47 30.71046 -1320.49 0 0 0 0 0 0 0 0 0
0800000001000000 0000000000000000 bits24_59 0 0 85 30.38902 -1649.64 0 0 0 0 0 0 0 0 0
1000000001000000 0000000000000000 bits24_60 0 0 153 31.37144 -643.65 0 0 0 0 0 0 0 0 0
2000000001000000 0000000000000000 bits24_61 0 0 86 30.34267 -1697.11 0 0 0 0 0 0 0 0 0
4000000001000000 0000000000000000 bits24_62 0 0 12 32.99445 1018.31 0 0 0 0 0 0 0 0 0
8000000001000000 0000000000000000 bits24_63 0 0 52 31.63268 -376.14 0 0 0 0 0 0 0 0 0
0000000006000000 0000000000000000 bits25_26 0 0 24 29.52432 -2535.09 0 0 0 0 0 0 0 0 0
000000000a000000 0000000000000000 bits25_27 0 0 76 32.07618 78.01 0 0 0 0 0 0 0 0 0
0000000012000000 0000000000000000 bits25_28 0 0 238 30.85413 -1173.37 0 0 0 0 0 0 0 0 0
0000000022000000 0000000000000000 bits25_29 0 0 297 31.18742 -832.08 0 0 0 0 0 0 0 0 0
