# variant=10 W=1 log2keys=24 seed=4119 mode=R N=16777216
# d0 d1 name coll low32 low16 meanpop z hist0..8
0000000042000000 0000000000000000 bits25_30 0 0 85 30.62919 -1403.71 0 0 0 0 0 0 0 0 0
0000000082000000 0000000000000000 bits25_31 0 0 72 32.62077 635.67 0 0 0 0 0 0 0 0 0
0000000102000000 0000000000000000 bits25_32 0 0 192 32.12783 130.89 0 0 0 0 0 0 0 0 0
0000000202000000 0000000000000000 bits25_33 0 0 493 31.29979 -717.02 0 0 0 0 0 0 0 0 0
0000000402000000 0000000000000000 bits25_34 0 0 96 31.74034 -265.90 0 0 0 0 0 0 0 0 0
0000000802000000 0000000000000000 bits25_35 0 0 115 30.26978 -1771.74 0 0 0 0 0 0 0 0 0
0000001002000000 0000000000000000 bits25_36 0 0 155 31.47266 -539.99 0 0 0 0 0 0 0 0 0
0000002002000000 0000000000000000 bits25_37 0 0 514 31.08502 -936.94 0 0 0 0 0 0 0 0 0
0000004002000000 0000000000000000 bits25_38 0 0 70 30.10267 -1942.87 0 0 0 0 0 0 0 0 0
0000008002000000 0000000000000000 bits25_39 0 0 43 31.29250 -724.48 0 0 0 0 0 0 0 0 0
0000010002000000 0000000000000000 bits25_40 0 0 86 31.03380 -989.39 0 0 0 0 0 0 0 0 0
0000020002000000 0000000000000000 bits25_41 0 0 48 31.99727 -2.79 0 0 0 0 0 0 0 0 0
0000040002000000 0000000000000000 bits25_42 0 0 52 30.49499 -1541.13 0 0 0 0 0 0 0 0 0
0000080002000000 0000000000000000 bits25_43 0 0 42 32.01362 13.95 0 0 0 0 0 0 0 0 0
0000100002000000 0000000000000000 bits25_44 0 0 165 31.47327 -539.37 0 0 0 0 0 0 0 0 0
0000200002000000 0000000000000000 bits25_45 0 0 152 30.85375 -1173.76 0 0 0 0 0 0 0 0 0
0000400002000000 0000000000000000 bits25_46 0 0 141 30.68479 -1346.78 0 0 0 0 0 0 0 0 0
0000800002000000 0000000000000000 bits25_47 0 0 99 30.53059 -1504.67 0 0 0 0 0 0 0 0 1
0001000002000000 0000000000000000 bits25_48 0 0 2797 31.48361 -528.79 0 0 0 0 0 0 0 0 0
0002000002000000 0000000000000000 bits25_49 0 0 61 30.77241 -1257.06 0 0 0 0 0 0 0 0 0
0004000002000000 0000000000000000 bits25_50 0 0 117 31.58923 -420.63 0 0 0 0 0 0 0 0 0
0008000002000000 0000000000000000 bits25_51 0 0 49 33.17399 1202.16 0 0 0 0 0 0 0 0 0
0010000002000000 0000000000000000 bits25_52 0 0 94 31.34974 -665.87 0 0 0 0 0 0 0 0 0
0020000002000000 0000000000000000 bits25_53 0 0 76 31.57365 -436.58 0 0 0 0 0 0 0 0 0
0040000002000000 0000000000000000 bits25_54 0 0 337 30.50819 -1527.61 0 0 0 0 0 0 0 0 0
0080000002000000 0000000000000000 bits25_55 0 0 41 31.10070 -920.88 0 0 0 0 0 0 0 0 0
0100000002000000 0000000000000000 bits25_56 0 0 109 31.89941 -103.00 0 0 0 0 0 0 0 0 0
0200000002000000 0000000000000000 bits25_57 0 0 3829 28.34562 -3742.09 0 0 0 0 0 2 12 46 164
0400000002000000 0000000000000000 bits25_58 0 0 46 31.67211 -335.76 0 0 0 0 0 0 0 0 0
0800000002000000 0000000000000000 bits25_59 0 0 51 30.85483 -1172.65 0 0 0 0 0 0 0 0 0
1000000002000000 0000000000000000 bits25_60 0 0 69 30.01810 -2029.47 0 0 0 0 0 0 0 0 0
2000000002000000 0000000000000000 bits25_61 0 0 129 31.07862 -943.49 0 0 0 0 0 0 0 0 0
4000000002000000 0000000000000000 bits25_62 0 0 80 30.03116 -2016.09 0 0 0 0 0 0 0 0 0
8000000002000000 0000000000000000 bits25_63 0 0 17 33.07684 1102.69 0 0 0 0 0 0 0 0 0
000000000c000000 0000000000000000 bits26_27 0 0 32 30.58237 -1451.65 0 0 0 0 0 0 0 0 0
0000000014000000 0000000000000000 bits26_28 0 0 71 31.92909 -72.61 0 0 0 0 0 0 0 0 0
0000000024000000 0000000000000000 bits26_29 0 0 279 30.77674 -1252.62 0 0 0 0 0 0 0 0 0
0000000044000000 0000000000000000 bits26_30 0 0 312 31.16147 -858.65 0 0 0 0 0 0 0 0 0
0000000084000000 0000000000000000 bits26_31 0 0 84 30.64723 -1385.24 0 0 0 0 0 0 0 0 0
0000000104000000 0000000000000000 bits26_32 0 0 72 32.92638 948.61 0 0 0 0 0 0 0 0 0
0000000204000000 0000000000000000 bits26_33 0 0 212 31.85978 -143.59 0 0 0 0 0 0 0 0 0
0000000404000000 0000000000000000 bits26_34 0 0 477 31.06929 -953.04 0 0 0 0 0 0 0 0 0
0000000804000000 0000000000000000 bits26_35 0 0 74 31.57148 -438.80 0 0 0 0 0 0 0 0 0
0000001004000000 0000000000000000 bits26_36 0 0 133 30.19309 -1850.28 0 0 0 0 0 0 0 0 0
0000002004000000 0000000000000000 bits26_37 0 0 144 31.46168 -551.24 0 0 0 0 0 0 0 0 0
0000004004000000 0000000000000000 bits26_38 0 0 528 30.83862 -1189.25 0 0 0 0 0 0 0 0 0
0000008004000000 0000000000000000 bits26_39 0 0 60 29.90643 -2143.81 0 0 0 0 0 0 0 0 0
0000010004000000 0000000000000000 bits26_40 0 0 45 31.21233 -806.57 0 0 0 0 0 0 0 0 0
0000020004000000 0000000000000000 bits26_41 0 0 105 31.01358 -1010.09 0 0 0 0 0 0 0 0 0
0000040004000000 0000000000000000 bits26_42 0 0 61 32.00352 3.61 0 0 0 0 0 0 0 0 0
0000080004000000 0000000000000000 bits26_43 0 0 40 30.90580 -1120.46 0 0 0 0 0 0 0 0 0
0000100004000000 0000000000000000 bits26_44 0 0 41 31.67728 -330.47 0 0 0 0 0 0 0 0 0
0000200004000000 0000000000000000 bits26_45 0 0 157 31.12973 -891.16 0 0 0 0 0 0 0 0 0
0000400004000000 0000000000000000 bits26_46 0 0 165 30.55222 -1482.52 0 0 0 0 0 0 0 0 0
0000800004000000 0000000000000000 bits26_47 0 0 152 30.45520 -1581.87 0 0 0 0 0 0 0 0 0
0001000004000000 0000000000000000 bits26_48 0 0 118 31.15402 -866.28 0 0 0 0 0 0 0 0 0
0002000004000000 0000000000000000 bits26_49 0 0 3005 31.36523 -650.00 0 0 0 0 0 0 0 0 0
0004000004000000 0000000000000000 bits26_50 0 0 81 30.83192 -1196.11 0 0 0 0 0 0 0 0 0
0008000004000000 0000000000000000 bits26_51 0 0 102 31.92338 -78.45 0 0 0 0 0 0 0 0 0
0010000004000000 0000000000000000 bits26_52 0 0 63 33.10468 1131.19 0 0 0 0 0 0 0 0 0
0020000004000000 0000000000000000 bits26_53 0 0 71 31.36580 -649.42 0 0 0 0 0 0 0 0 0
0040000004000000 0000000000000000 bits26_54 0 0 85 31.76517 -240.47 0 0 0 0 0 0 0 0 0
0080000004000000 0000000000000000 bits26_55 0 0 309 30.41385 -1624.22 0 0 0 0 0 0 0 0 0
0100000004000000 0000000000000000 bits26_56 0 0 42 31.01100 -1012.74 0 0 0 0 0 0 0 0 0
0200000004000000 0000000000000000 bits26_57 0 0 111 31.85939 -143.98 0 0 0 0 0 0 0 0 0
0400000004000000 0000000000000000 bits26_58 0 0 3970 28.30697 -3781.66 0 0 0 0 1 1 18 61 254
0800000004000000 0000000000000000 bits26_59 0 0 46 31.91706 -84.93 0 0 0 0 0 0 0 0 0
1000000004000000 0000000000000000 bits26_60 0 0 42 30.62645 -1406.52 0 0 0 0 0 0 0 0 0
2000000004000000 0000000000000000 bits26_61 0 0 76 29.85333 -2198.19 0 0 0 0 0 0 0 0 0
4000000004000000 0000000000000000 bits26_62 0 0 148 30.98587 -1038.47 0 0 0 0 0 0 0 0 0
8000000004000000 0000000000000000 bits26_63 0 0 80 29.56652 -2491.89 0 0 0 0 0 0 0 0 0
0000000018000000 0000000000000000 bits27_28 0 0 154 30.37160 -1667.48 0 0 0 0 0 0 0 0 0
0000000028000000 0000000000000000 bits27_29 0 0 159 32.06240 63.90 0 0 0 0 0 0 0 0 0
0000000048000000 0000000000000000 bits27_30 0 0 357 30.98616 -1038.18 0 0 0 0 0 0 0 0 0
0000000088000000 0000000000000000 bits27_31 0 0 339 31.30762 -709.00 0 0 0 0 0 0 0 0 0
0000000108000000 0000000000000000 bits27_32 0 0 311 30.67026 -1361.66 0 0 0 0 0 0 0 0 0
0000000208000000 0000000000000000 bits27_33 0 0 83 32.64725 662.79 0 0 0 0 0 0 0 0 0
0000000408000000 0000000000000000 bits27_34 0 0 239 31.87369 -129.34 0 0 0 0 0 0 0 0 0
0000000808000000 0000000000000000 bits27_35 0 0 251 31.36168 -653.64 0 0 0 0 0 0 0 0 0
0000001008000000 0000000000000000 bits27_36 0 0 98 31.93672 -64.80 0 0 0 0 0 0 0 0 0
0000002008000000 0000000000000000 bits27_37 0 0 102 30.56468 -1469.77 0 0 0 0 0 0 0 0 0
0000004008000000 0000000000000000 bits27_38 0 0 85 31.67585 -331.93 0 0 0 0 0 0 0 0 0
0000008008000000 0000000000000000 bits27_39 0 0 708 31.33098 -685.07 0 0 0 0 0 0 0 0 0
0000010008000000 0000000000000000 bits27_40 0 0 84 30.50963 -1526.14 0 0 0 0 0 0 0 0 0
0000020008000000 0000000000000000 bits27_41 0 0 45 31.48778 -524.52 0 0 0 0 0 0 0 0 0
0000040008000000 0000000000000000 bits27_42 0 0 124 31.14832 -872.12 0 0 0 0 0 0 0 0 0
0000080008000000 0000000000000000 bits27_43 0 0 42 32.02538 25.99 0 0 0 0 0 0 0 0 0
0000100008000000 0000000000000000 bits27_44 0 0 58 30.70021 -1330.99 0 0 0 0 0 0 0 0 0
0000200008000000 0000000000000000 bits27_45 0 0 47 31.85477 -148.72 0 0 0 0 0 0 0 0 0
0000400008000000 0000000000000000 bits27_46 0 0 179 31.68707 -320.44 0 0 0 0 0 0 0 0 0
0000800008000000 0000000000000000 bits27_47 0 0 169 31.16293 -857.16 0 0 0 0 0 0 0 0 0
0001000008000000 0000000000000000 bits27_48 0 0 136 31.74310 -263.06 0 0 0 0 0 0 0 0 0
0002000008000000 0000000000000000 bits27_49 0 0 113 31.43340 -580.20 0 0 0 0 0 0 0 0 0
0004000008000000 0000000000000000 bits27_50 0 0 1437 31.58106 -429.00 0 0 0 0 0 0 0 0 0
0008000008000000 0000000000000000 bits27_51 0 0 1253 30.94452 -1080.81 0 0 0 0 0 0 0 0 0
0010000008000000 0000000000000000 bits27_52 0 0 473 31.79392 -211.03 0 0 0 0 0 0 0 0 0
0020000008000000 0000000000000000 bits27_53 0 0 194 33.09025 1116.42 0 0 0 0 0 0 0 0 0
0040000008000000 0000000000000000 bits27_54 0 0 246 31.31043 -706.12 0 0 0 0 0 0 0 0 0
0080000008000000 0000000000000000 bits27_55 0 0 186 31.56758 -442.80 0 0 0 0 0 0 0 0 0
0100000008000000 0000000000000000 bits27_56 0 0 287 30.45161 -1585.56 0 0 0 0 0 0 0 0 0
0200000008000000 0000000000000000 bits27_57 0 0 49 30.95956 -1065.41 0 0 0 0 0 0 0 0 0
0400000008000000 0000000000000000 bits27_58 0 0 152 31.91884 -83.10 0 0 0 0 0 0 0 0 0
0800000008000000 0000000000000000 bits27_59 0 0 9022 28.38038 -3706.49 0 0 0 0 0 0 7 28 113
1000000008000000 0000000000000000 bits27_60 0 0 33 32.14689 150.41 0 0 0 0 0 0 0 0 0
2000000008000000 0000000000000000 bits27_61 0 0 72 31.00071 -1023.27 0 0 0 0 0 0 0 0 0
4000000008000000 0000000000000000 bits27_62 0 0 76 30.12373 -1921.30 0 0 0 0 0 0 0 0 0
8000000008000000 0000000000000000 bits27_63 0 0 195 30.89162 -1134.98 0 0 0 0 0 0 0 0 0
0000000030000000 0000000000000000 bits28_29 0 0 94 30.35004 -1689.56 0 0 0 0 0 0 0 0 0
0000000050000000 0000000000000000 bits28_30 0 0 133 32.05067 51.88 0 0 0 0 0 0 0 0 0
0000000090000000 0000000000000000 bits28_31 0 0 331 30.98895 -1035.32 0 0 0 0 0 0 0 0 0
0000000110000000 0000000000000000 bits28_32 0 0 165 31.32987 -686.22 0 0 0 0 0 0 0 0 0
0000000210000000 0000000000000000 bits28_33 0 0 251 30.65401 -1378.30 0 0 0 0 0 0 0 0 0
0000000410000000 0000000000000000 bits28_34 0 0 84 32.64240 657.82 0 0 0 0 0 0 0 0 0
0000000810000000 0000000000000000 bits28_35 0 0 601 31.85593 -147.53 0 0 0 0 0 0 0 0 0
0000001010000000 0000000000000000 bits28_36 0 0 184 31.35060 -664.98 0 0 0 0 0 0 0 0 0
0000002010000000 0000000000000000 bits28_37 0 0 88 31.92369 -78.14 0 0 0 0 0 0 0 0 0
0000004010000000 0000000000000000 bits28_38 0 0 174 30.52895 -1506.35 0 0 0 0 0 0 0 0 0
0000008010000000 0000000000000000 bits28_39 0 0 72 31.64412 -364.42 0 0 0 0 0 0 0 0 0
0000010010000000 0000000000000000 bits28_40 0 0 545 31.35682 -658.61 0 0 0 0 0 0 0 0 0
0000020010000000 0000000000000000 bits28_41 0 0 72 30.44108 -1596.33 0 0 0 0 0 0 0 0 0
0000040010000000 0000000000000000 bits28_42 0 0 41 31.51121 -500.52 0 0 0 0 0 0 0 0 0
0000080010000000 0000000000000000 bits28_43 0 0 161 31.23804 -780.25 0 0 0 0 0 0 0 0 0
0000100010000000 0000000000000000 bits28_44 0 0 32 31.77740 -227.94 0 0 0 0 0 0 0 0 0
0000200010000000 0000000000000000 bits28_45 0 0 42 30.56630 -1468.11 0 0 0 0 0 0 0 0 0
0000400010000000 0000000000000000 bits28_46 0 0 50 31.72126 -285.43 0 0 0 0 0 0 0 0 0
0000800010000000 0000000000000000 bits28_47 0 0 132 31.64306 -365.51 0 0 0 0 0 0 0 0 0
0001000010000000 0000000000000000 bits28_48 0 0 254 31.21513 -803.71 0 0 0 0 0 0 0 0 0
0002000010000000 0000000000000000 bits28_49 0 0 102 31.70021 -306.99 0 0 0 0 0 0 0 0 0
0004000010000000 0000000000000000 bits28_50 0 0 397 31.43702 -576.50 0 0 0 0 0 0 0 0 0
0008000010000000 0000000000000000 bits28_51 0 0 552 31.61082 -398.52 0 0 0 0 0 0 0 0 0
0010000010000000 0000000000000000 bits28_52 0 0 1023 30.93086 -1094.80 0 0 0 0 0 0 0 0 0
0020000010000000 0000000000000000 bits28_53 0 0 180 31.78836 -216.72 0 0 0 0 0 0 0 0 0
0040000010000000 0000000000000000 bits28_54 0 0 141 33.11740 1144.22 0 0 0 0 0 0 0 0 0
0080000010000000 0000000000000000 bits28_55 0 0 249 31.29956 -717.25 0 0 0 0 0 0 0 0 0
0100000010000000 0000000000000000 bits28_56 0 0 136 31.54387 -467.07 0 0 0 0 0 0 0 0 0
0200000010000000 0000000000000000 bits28_57 0 0 187 30.42135 -1616.54 0 0 0 0 0 0 0 0 0
0400000010000000 0000000000000000 bits28_58 0 0 40 30.92144 -1104.45 0 0 0 0 0 0 0 0 0
0800000010000000 0000000000000000 bits28_59 0 0 87 32.04282 43.84 0 0 0 0 0 0 0 0 0
1000000010000000 0000000000000000 bits28_60 0 0 11717 28.33614 -3751.80 0 0 0 0 0 1 13 54 127
2000000010000000 0000000000000000 bits28_61 0 0 41 32.12831 131.39 0 0 0 0 0 0 0 0 0
4000000010000000 0000000000000000 bits28_62 0 0 45 31.01812 -1005.45 0 0 0 0 0 0 0 0 0
8000000010000000 0000000000000000 bits28_63 0 0 71 29.90811 -2142.10 0 0 0 0 0 0 0 0 0
0000000060000000 0000000000000000 bits29_30 0 0 87 30.32905 -1711.05 0 0 0 0 0 0 0 0 0
00000000a0000000 0000000000000000 bits29_31 0 0 121 32.03892 39.86 0 0 0 0 0 0 0 0 0
0000000120000000 0000000000000000 bits29_32 0 0 256 30.99529 -1028.82 0 0 0 0 0 0 0 0 0
0000000220000000 0000000000000000 bits29_33 0 0 142 31.31228 -704.23 0 0 0 0 0 0 0 0 0
0000000420000000 0000000000000000 bits29_34 0 0 192 30.64962 -1382.79 0 0 0 0 0 0 0 0 0
0000000820000000 0000000000000000 bits29_35 0 0 120 32.62561 640.63 0 0 0 0 0 0 0 0 0
0000001020000000 0000000000000000 bits29_36 0 0 585 31.84684 -156.84 0 0 0 0 0 0 0 0 0
0000002020000000 0000000000000000 bits29_37 0 0 185 31.34035 -675.48 0 0 0 0 0 0 0 0 0
0000004020000000 0000000000000000 bits29_38 0 0 109 31.89729 -105.17 0 0 0 0 0 0 0 0 0
0000008020000000 0000000000000000 bits29_39 0 0 157 30.50800 -1527.81 0 0 0 0 0 0 0 0 0
0000010020000000 0000000000000000 bits29_40 0 0 87 31.63359 -375.21 0 0 0 0 0 0 0 0 0
0000020020000000 0000000000000000 bits29_41 0 0 525 31.30342 -713.30 0 0 0 0 0 0 0 0 0
0000040020000000 0000000000000000 bits29_42 0 0 89 30.37712 -1661.83 0 0 0 0 0 0 0 0 0
0000080020000000 0000000000000000 bits29_43 0 0 52 31.60331 -406.21 0 0 0 0 0 0 0 0 0
0000100020000000 0000000000000000 bits29_44 0 0 143 31.19555 -823.76 0 0 0 0 0 0 0 0 0
0000200020000000 0000000000000000 bits29_45 0 0 25 31.56403 -446.43 0 0 0 0 0 0 0 0 0
0000400020000000 0000000000000000 bits29_46 0 0 57 30.41387 -1624.19 0 0 0 0 0 0 0 0 0
0000800020000000 0000000000000000 bits29_47 0 0 38 31.65302 -355.30 0 0 0 0 0 0 0 0 0
0001000020000000 0000000000000000 bits29_48 0 0 210 31.53067 -480.60 0 0 0 0 0 0 0 0 0
0002000020000000 0000000000000000 bits29_49 0 0 281 31.19583 -823.47 0 0 0 0 0 0 0 0 0
0004000020000000 0000000000000000 bits29_50 0 0 208 31.65401 -354.29 0 0 0 0 0 0 0 0 0
0008000020000000 0000000000000000 bits29_51 0 0 319 31.36804 -647.13 0 0 0 0 0 0 0 0 0
0010000020000000 0000000000000000 bits29_52 0 0 352 31.59881 -410.82 0 0 0 0 0 0 0 0 0
0020000020000000 0000000000000000 bits29_53 0 0 815 30.92825 -1097.47 0 0 0 0 0 0 0 0 0
0040000020000000 0000000000000000 bits29_54 0 0 177 31.79908 -205.74 0 0 0 0 0 0 0 0 0
0080000020000000 0000000000000000 bits29_55 0 0 121 33.10097 1127.40 0 0 0 0 0 0 0 0 0
0100000020000000 0000000000000000 bits29_56 0 0 273 31.28750 -729.60 0 0 0 0 0 0 0 0 0
0200000020000000 0000000000000000 bits29_57 0 0 138 31.52183 -489.65 0 0 0 0 0 0 0 0 0
0400000020000000 0000000000000000 bits29_58 0 0 221 30.41669 -1621.31 0 0 0 0 0 0 0 0 0
0800000020000000 0000000000000000 bits29_59 0 0 43 30.95393 -1071.18 0 0 0 0 0 0 0 0 0
1000000020000000 0000000000000000 bits29_60 0 0 67 31.78456 -220.61 0 0 0 0 0 0 0 0 0
2000000020000000 0000000000000000 bits29_61 0 0 14529 28.01563 -4079.99 0 0 0 0 0 0 9 49 195
4000000020000000 0000000000000000 bits29_62 0 0 39 31.78459 -220.58 0 0 0 0 0 0 0 0 0
8000000020000000 0000000000000000 bits29_63 0 0 61 30.75702 -1272.82 0 0 0 0 0 0 0 0 0
00000000c0000000 0000000000000000 bits30_31 0 0 63 30.33079 -1709.28 0 0 0 0 0 0 0 0 0
0000000140000000 0000000000000000 bits30_32 0 0 97 32.05625 57.60 0 0 0 0 0 0 0 0 0
0000000240000000 0000000000000000 bits30_33 0 0 236 30.98238 -1042.04 0 0 0 0 0 0 0 0 0
0000000440000000 0000000000000000 bits30_34 0 0 151 31.29347 -723.49 0 0 0 0 0 0 0 0 0
0000000840000000 0000000000000000 bits30_35 0 0 230 30.65199 -1380.36 0 0 0 0 0 0 0 0 0
0000001040000000 0000000000000000 bits30_36 0 0 103 32.61899 633.85 0 0 0 0 0 0 0 0 0
0000002040000000 0000000000000000 bits30_37 0 0 612 31.85461 -148.88 0 0 0 0 0 0 0 0 0
0000004040000000 0000000000000000 bits30_38 0 0 211 31.32575 -690.43 0 0 0 0 0 0 0 0 0
0000008040000000 0000000000000000 bits30_39 0 0 128 31.88927 -113.38 0 0 0 0 0 0 0 0 0
0000010040000000 0000000000000000 bits30_40 0 0 145 30.51856 -1516.99 0 0 0 0 0 0 0 0 0
0000020040000000 0000000000000000 bits30_41 0 0 93 31.63335 -375.45 0 0 0 0 0 0 0 0 0
0000040040000000 0000000000000000 bits30_42 0 0 530 31.27332 -744.12 0 0 0 0 0 0 0 0 0
0000080040000000 0000000000000000 bits30_43 0 0 93 30.40250 -1635.84 0 0 0 0 0 0 0 0 0
0000100040000000 0000000000000000 bits30_44 0 0 48 31.60103 -408.54 0 0 0 0 0 0 0 0 0
0000200040000000 0000000000000000 bits30_45 0 0 140 31.07891 -943.20 0 0 0 0 0 0 0 0 0
0000400040000000 0000000000000000 bits30_46 0 0 36 31.43935 -574.11 0 0 0 0 0 0 0 0 0
0000800040000000 0000000000000000 bits30_47 0 0 45 30.37878 -1660.13 0 0 0 0 0 0 0 0 0
0001000040000000 0000000000000000 bits30_48 0 0 49 31.72292 -283.73 0 0 0 0 0 0 0 0 0
0002000040000000 0000000000000000 bits30_49 0 0 229 31.52486 -486.54 0 0 0 0 0 0 0 0 0
0004000040000000 0000000000000000 bits30_50 0 0 396 31.22651 -792.06 0 0 0 0 0 0 0 0 0
0008000040000000 0000000000000000 bits30_51 0 0 222 31.66802 -339.95 0 0 0 0 0 0 0 0 0
0010000040000000 0000000000000000 bits30_52 0 0 282 31.36375 -651.52 0 0 0 0 0 0 0 0 0
0020000040000000 0000000000000000 bits30_53 0 0 300 31.59238 -417.40 0 0 0 0 0 0 0 0 0
0040000040000000 0000000000000000 bits30_54 0 0 647 30.94724 -1078.03 0 0 0 0 0 0 0 0 0
0080000040000000 0000000000000000 bits30_55 0 0 150 31.79023 -214.81 0 0 0 0 0 0 0 0 0
0100000040000000 0000000000000000 bits30_56 0 0 121 33.08727 1113.36 0 0 0 0 0 0 0 0 0
0200000040000000 0000000000000000 bits30_57 0 0 249 31.29635 -720.54 0 0 0 0 0 0 0 0 0
0400000040000000 0000000000000000 bits30_58 0 0 123 31.52966 -481.63 0 0 0 0 0 0 0 0 0
0800000040000000 0000000000000000 bits30_59 0 0 205 30.42353 -1614.30 0 0 0 0 0 0 0 0 0
1000000040000000 0000000000000000 bits30_60 0 0 47 30.79850 -1230.34 0 0 0 0 0 0 0 0 0
2000000040000000 0000000000000000 bits30_61 0 0 113 31.57089 -439.41 0 0 0 0 0 0 0 0 0
4000000040000000 0000000000000000 bits30_62 0 0 16768 27.39681 -4713.67 0 0 0 0 0 6 34 123 378
8000000040000000 0000000000000000 bits30_63 0 0 36 32.02384 24.41 0 0 0 0 0 0 0 0 0
0000000180000000 0000000000000000 bits31_32 0 0 66 30.34201 -1697.78 0 0 0 0 0 0 0 0 0
0000000280000000 0000000000000000 bits31_33 0 0 88 32.05447 55.78 0 0 0 0 0 0 0 0 0
0000000480000000 0000000000000000 bits31_34 0 0 228 30.97298 -1051.67 0 0 0 0 0 0 0 0 0
0000000880000000 0000000000000000 bits31_35 0 0 169 31.29412 -722.82 0 0 0 0 0 0 0 0 0
0000001080000000 0000000000000000 bits31_36 0 0 228 30.66549 -1366.53 0 0 0 0 0 0 0 0 0
0000002080000000 0000000000000000 bits31_37 0 0 111 32.62607 641.09 0 0 0 0 0 0 0 0 0
0000004080000000 0000000000000000 bits31_38 0 0 629 31.86255 -140.75 0 0 0 0 0 0 0 0 0
0000008080000000 0000000000000000 bits31_39 0 0 227 31.32945 -686.64 0 0 0 0 0 0 0 0 0
0000010080000000 0000000000000000 bits31_40 0 0 108 31.90106 -101.32 0 0 0 0 0 0 0 0 0
0000020080000000 0000000000000000 bits31_41 0 0 135 30.53615 -1498.98 0 0 0 0 0 0 0 0 1
0000040080000000 0000000000000000 bits31_42 0 0 83 31.63410 -374.68 0 0 0 0 0 0 0 0 0
0000080080000000 0000000000000000 bits31_43 0 0 579 31.28515 -732.01 0 0 0 0 0 0 0 0 0
0000100080000000 0000000000000000 bits31_44 0 0 92 30.41983 -1618.09 0 0 0 0 0 0 0 0 0
0000200080000000 0000000000000000 bits31_45 0 0 71 31.56649 -443.92 0 0 0 0 0 0 0 0 0
0000400080000000 0000000000000000 bits31_46 0 0 122 31.05868 -963.91 0 0 0 0 0 0 0 0 0
0000800080000000 0000000000000000 bits31_47 0 0 30 31.43821 -575.28 0 0 0 0 0 0 0 0 0
0001000080000000 0000000000000000 bits31_48 0 0 71 30.61134 -1421.99 0 0 0 0 0 0 0 0 0
0002000080000000 0000000000000000 bits31_49 0 0 41 31.72259 -284.07 0 0 0 0 0 0 0 0 0
0004000080000000 0000000000000000 bits31_50 0 0 247 31.53796 -473.13 0 0 0 0 0 0 0 0 0
0008000080000000 0000000000000000 bits31_51 0 0 365 31.26796 -749.60 0 0 0 0 0 0 0 0 0
0010000080000000 0000000000000000 bits31_52 0 0 203 31.66683 -341.17 0 0 0 0 0 0 0 0 0
0020000080000000 0000000000000000 bits31_53 0 0 285 31.35775 -657.67 0 0 0 0 0 0 0 0 0
0040000080000000 0000000000000000 bits31_54 0 0 311 31.58923 -420.63 0 0 0 0 0 0 0 0 0
0080000080000000 0000000000000000 bits31_55 0 0 631 30.95644 -1068.61 0 0 0 0 0 0 0 0 0
0100000080000000 0000000000000000 bits31_56 0 0 138 31.78100 -224.25 0 0 0 0 0 0 0 0 0
0200000080000000 0000000000000000 bits31_57 0 0 110 33.08317 1109.17 0 0 0 0 0 0 0 0 0
0400000080000000 0000000000000000 bits31_58 0 0 232 31.32271 -693.54 0 0 0 0 0 0 0 0 0
0800000080000000 0000000000000000 bits31_59 0 0 132 31.50447 -507.42 0 0 0 0 0 0 0 0 0
1000000080000000 0000000000000000 bits31_60 0 0 214 30.35680 -1682.64 0 0 0 0 0 0 0 0 0
2000000080000000 0000000000000000 bits31_61 0 0 43 30.68340 -1348.20 0 0 0 0 0 0 0 0 0
4000000080000000 0000000000000000 bits31_62 0 0 87 31.65119 -357.19 0 0 0 0 0 0 0 0 0
8000000080000000 0000000000000000 bits31_63 0 0 18455 26.54758 -5583.28 0 0 0 0 3 10 77 316 945
0000000300000000 0000000000000000 bits32_33 0 0 48 30.34760 -1692.06 0 0 0 0 0 0 0 0 0
0000000500000000 0000000000000000 bits32_34 0 0 143 32.04075 41.73 0 0 0 0 0 0 0 0 0
0000000900000000 0000000000000000 bits32_35 0 0 195 30.98059 -1043.87 0 0 0 0 0 0 0 0 0
0000001100000000 0000000000000000 bits32_36 0 0 87 31.31419 -702.27 0 0 0 0 0 0 0 0 0
0000002100000000 0000000000000000 bits32_37 0 0 146 30.71855 -1312.20 0 0 0 0 0 0 0 0 0
0000004100000000 0000000000000000 bits32_38 0 0 115 32.72863 746.11 0 0 0 0 0 0 0 0 0
0000008100000000 0000000000000000 bits32_39 0 0 284 31.96921 -31.53 0 0 0 0 0 0 0 0 0
0000010100000000 0000000000000000 bits32_40 0 0 146 31.35423 -661.27 0 0 0 0 0 0 0 0 0
0000020100000000 0000000000000000 bits32_41 0 0 99 32.05796 59.35 0 0 0 0 0 0 0 0 0
0000040100000000 0000000000000000 bits32_42 0 0 165 30.58179 -1452.25 0 0 0 0 0 0 0 0 0
0000080100000000 0000000000000000 bits32_43 0 0 79 31.47545 -537.14 0 0 0 0 0 0 0 0 0
0000100100000000 0000000000000000 bits32_44 0 0 499 31.63112 -377.74 0 0 0 0 0 0 0 0 0
0000200100000000 0000000000000000 bits32_45 0 0 105 30.79870 -1230.13 0 0 0 0 0 0 0 0 0
0000400100000000 0000000000000000 bits32_46 0 0 60 31.97851 -22.00 0 0 0 0 0 0 0 0 0
0000800100000000 0000000000000000 bits32_47 0 0 184 31.25207 -765.88 0 0 0 0 0 0 0 0 0
0001000100000000 0000000000000000 bits32_48 0 0 38 32.20342 208.30 0 0 0 0 0 0 0 0 0
0002000100000000 0000000000000000 bits32_49 0 0 45 30.77333 -1256.11 0 0 0 0 0 0 0 0 0
0004000100000000 0000000000000000 bits32_50 0 0 97 31.73418 -272.20 0 0 0 0 0 0 0 0 0
0008000100000000 0000000000000000 bits32_51 0 0 211 31.54222 -468.76 0 0 0 0 0 0 0 0 0
0010000100000000 0000000000000000 bits32_52 0 0 108 31.27914 -738.16 0 0 0 0 0 0 0 0 0
0020000100000000 0000000000000000 bits32_53 0 0 65 31.67069 -337.21 0 0 0 0 0 0 0 0 0
0040000100000000 0000000000000000 bits32_54 0 0 283 31.33115 -684.90 0 0 0 0 0 0 0 0 0
0080000100000000 0000000000000000 bits32_55 0 0 155 31.60526 -404.21 0 0 0 0 0 0 0 0 0
