# variant=10 W=1 log2keys=24 seed=4119 mode=R N=16777216
# d0 d1 name coll low32 low16 meanpop z hist0..8
0000000000010100 0000000000000000 bits8_16 0 0 95 31.34603 -669.67 0 0 0 0 0 0 0 0 0
0000000000020100 0000000000000000 bits8_17 0 0 172 31.92477 -77.03 0 0 0 0 0 0 0 0 0
0000000000040100 0000000000000000 bits8_18 0 0 285 30.56213 -1472.38 0 0 0 0 0 0 0 0 0
0000000000080100 0000000000000000 bits8_19 0 0 788 31.64579 -362.71 0 0 0 0 0 0 0 0 0
0000000000100100 0000000000000000 bits8_20 0 0 52 31.28622 -730.91 0 0 0 0 0 0 0 0 0
0000000000200100 0000000000000000 bits8_21 0 0 175 30.37291 -1666.14 0 0 0 0 0 0 0 0 0
0000000000400100 0000000000000000 bits8_22 0 0 444 31.61593 -393.29 0 0 0 0 0 0 0 0 0
0000000000800100 0000000000000000 bits8_23 0 0 125 31.24949 -768.52 0 0 0 0 0 0 0 0 0
0000000001000100 0000000000000000 bits8_24 0 0 54 32.05362 54.90 0 0 0 0 0 0 0 0 0
0000000002000100 0000000000000000 bits8_25 0 0 70 30.53566 -1499.49 0 0 0 0 0 0 0 0 0
0000000004000100 0000000000000000 bits8_26 0 0 31 31.45731 -555.71 0 0 0 0 0 0 0 0 0
0000000008000100 0000000000000000 bits8_27 0 0 335 31.55681 -453.83 0 0 0 0 0 0 0 0 0
0000000010000100 0000000000000000 bits8_28 0 0 107 31.27262 -744.84 0 0 0 0 0 0 0 0 0
0000000020000100 0000000000000000 bits8_29 0 0 41 31.65071 -357.68 0 0 0 0 0 0 0 0 0
0000000040000100 0000000000000000 bits8_30 0 0 1172 31.33010 -685.98 0 0 0 0 0 0 0 0 0
0000000080000100 0000000000000000 bits8_31 0 0 111 31.57331 -436.93 0 0 0 0 0 0 0 0 0
0000000100000100 0000000000000000 bits8_32 0 0 230 30.96343 -1061.45 0 0 0 0 0 0 0 0 0
0000000200000100 0000000000000000 bits8_33 0 0 75 31.78092 -224.34 0 0 0 0 0 0 0 0 0
0000000400000100 0000000000000000 bits8_34 0 0 45 33.07980 1105.71 0 0 0 0 0 0 0 0 0
0000000800000100 0000000000000000 bits8_35 0 0 281 31.33908 -676.79 0 0 0 0 0 0 0 0 0
0000001000000100 0000000000000000 bits8_36 0 0 29 31.51973 -491.79 0 0 0 0 0 0 0 0 0
0000002000000100 0000000000000000 bits8_37 0 0 237 30.44300 -1594.36 0 0 0 0 0 0 0 0 0
0000004000000100 0000000000000000 bits8_38 0 0 224 30.89614 -1130.35 0 0 0 0 0 0 0 0 0
0000008000000100 0000000000000000 bits8_39 0 0 53 31.82709 -177.06 0 0 0 0 0 0 0 0 0
0000010000000100 0000000000000000 bits8_40 0 0 90 28.41609 -3669.93 0 0 0 0 0 2 6 33 128
0000020000000100 0000000000000000 bits8_41 0 0 15 31.89010 -112.54 0 0 0 0 0 0 0 0 0
0000040000000100 0000000000000000 bits8_42 0 0 5051 30.86650 -1160.70 0 0 0 0 0 0 0 0 0
0000080000000100 0000000000000000 bits8_43 0 0 22 30.36518 -1674.05 0 0 0 0 0 0 0 0 0
0000100000000100 0000000000000000 bits8_44 0 0 24 31.62330 -385.74 0 0 0 0 0 0 0 0 0
0000200000000100 0000000000000000 bits8_45 0 0 46 31.15828 -861.92 0 0 0 0 0 0 0 0 0
0000400000000100 0000000000000000 bits8_46 0 0 41 32.95182 974.67 0 0 0 0 0 0 0 0 0
0000800000000100 0000000000000000 bits8_47 0 0 168 31.38770 -627.00 0 0 0 0 0 0 0 0 0
0001000000000100 0000000000000000 bits8_48 0 0 128 30.89453 -1132.00 0 0 0 0 0 0 0 0 0
0002000000000100 0000000000000000 bits8_49 0 0 208 31.41235 -601.75 0 0 0 0 0 0 0 0 0
0004000000000100 0000000000000000 bits8_50 0 0 814 31.15864 -861.55 0 0 0 0 0 0 0 0 0
0008000000000100 0000000000000000 bits8_51 0 0 132 31.66370 -344.37 0 0 0 0 0 0 0 0 0
0010000000000100 0000000000000000 bits8_52 0 0 57 31.26748 -750.10 0 0 0 0 0 0 0 0 0
0020000000000100 0000000000000000 bits8_53 0 0 55 31.53885 -472.22 0 0 0 0 0 0 0 0 0
0040000000000100 0000000000000000 bits8_54 0 0 933 31.72012 -286.60 0 0 0 0 0 0 0 0 0
0080000000000100 0000000000000000 bits8_55 0 0 108 30.57097 -1463.33 0 0 0 0 0 0 0 0 0
0100000000000100 0000000000000000 bits8_56 0 0 18 32.02639 27.02 0 0 0 0 0 0 0 0 0
0200000000000100 0000000000000000 bits8_57 0 0 8 31.11662 -904.58 0 0 0 0 0 0 0 0 0
0400000000000100 0000000000000000 bits8_58 0 0 1 31.55450 -456.19 0 0 0 0 0 0 0 0 0
0800000000000100 0000000000000000 bits8_59 0 0 675 30.51952 -1516.02 0 0 0 0 0 0 0 0 0
1000000000000100 0000000000000000 bits8_60 0 0 0 31.04385 -979.10 0 0 0 0 0 0 0 0 0
2000000000000100 0000000000000000 bits8_61 0 0 8 31.53848 -472.60 0 0 0 0 0 0 0 0 0
4000000000000100 0000000000000000 bits8_62 0 0 5235 29.71474 -2340.11 0 0 0 0 0 0 0 0 0
8000000000000100 0000000000000000 bits8_63 0 0 33 30.97231 -1052.35 0 0 0 0 0 0 0 0 0
0000000000000600 0000000000000000 bits9_10 0 0 15 30.34747 -1692.19 0 0 0 0 0 0 0 0 0
0000000000000a00 0000000000000000 bits9_11 0 0 37 32.04193 42.94 0 0 0 0 0 0 0 0 0
0000000000001200 0000000000000000 bits9_12 0 0 39 30.97591 -1048.67 0 0 0 0 0 0 0 0 0
0000000000002200 0000000000000000 bits9_13 0 0 84 31.30926 -707.32 0 0 0 0 0 0 0 0 0
0000000000004200 0000000000000000 bits9_14 0 0 849 30.68844 -1343.04 0 0 0 0 0 0 0 0 0
0000000000008200 0000000000000000 bits9_15 0 0 57 32.63710 652.39 0 0 0 0 0 0 0 0 0
0000000000010200 0000000000000000 bits9_16 0 0 58 31.87334 -129.70 0 0 0 0 0 0 0 0 0
0000000000020200 0000000000000000 bits9_17 0 0 81 31.34664 -669.04 0 0 0 0 0 0 0 0 0
0000000000040200 0000000000000000 bits9_18 0 0 91 31.92642 -75.34 0 0 0 0 0 0 0 0 0
0000000000080200 0000000000000000 bits9_19 0 0 199 30.56235 -1472.16 0 0 0 0 0 0 0 0 0
0000000000100200 0000000000000000 bits9_20 0 0 624 31.64383 -364.72 0 0 0 0 0 0 0 0 0
0000000000200200 0000000000000000 bits9_21 0 0 52 31.29887 -717.96 0 0 0 0 0 0 0 0 0
0000000000400200 0000000000000000 bits9_22 0 0 88 30.35058 -1689.01 0 0 0 0 0 0 0 0 0
0000000000800200 0000000000000000 bits9_23 0 0 255 31.55874 -451.85 0 0 0 0 0 0 0 0 0
0000000001000200 0000000000000000 bits9_24 0 0 128 31.14999 -870.41 0 0 0 0 0 0 0 0 0
0000000002000200 0000000000000000 bits9_25 0 0 69 31.90962 -92.55 0 0 0 0 0 0 0 0 0
0000000004000200 0000000000000000 bits9_26 0 0 65 30.48348 -1552.91 0 0 0 0 0 0 0 0 0
0000000008000200 0000000000000000 bits9_27 0 0 61 31.73515 -271.21 0 0 0 0 0 0 0 0 0
0000000010000200 0000000000000000 bits9_28 0 0 270 31.55404 -456.67 0 0 0 0 0 0 0 0 0
0000000020000200 0000000000000000 bits9_29 0 0 74 31.26701 -750.58 0 0 0 0 0 0 0 0 0
0000000040000200 0000000000000000 bits9_30 0 0 48 31.64846 -359.98 0 0 0 0 0 0 0 0 0
0000000080000200 0000000000000000 bits9_31 0 0 1248 31.33826 -677.62 0 0 0 0 0 0 0 0 0
0000000100000200 0000000000000000 bits9_32 0 0 108 31.59391 -415.84 0 0 0 0 0 0 0 0 0
0000000200000200 0000000000000000 bits9_33 0 0 155 30.96101 -1063.93 0 0 0 0 0 0 0 0 0
0000000400000200 0000000000000000 bits9_34 0 0 87 31.78199 -223.24 0 0 0 0 0 0 0 0 0
0000000800000200 0000000000000000 bits9_35 0 0 44 33.07585 1101.67 0 0 0 0 0 0 0 0 0
0000001000000200 0000000000000000 bits9_36 0 0 256 31.33760 -678.29 0 0 0 0 0 0 0 0 0
0000002000000200 0000000000000000 bits9_37 0 0 22 31.49812 -513.93 0 0 0 0 0 0 0 0 0
0000004000000200 0000000000000000 bits9_38 0 0 437 30.41743 -1620.56 0 0 0 0 0 0 0 0 0
0000008000000200 0000000000000000 bits9_39 0 0 196 30.88814 -1138.55 0 0 0 0 0 0 0 0 0
0000010000000200 0000000000000000 bits9_40 0 0 54 31.95129 -49.88 0 0 0 0 0 0 0 0 0
0000020000000200 0000000000000000 bits9_41 0 0 85 28.31710 -3771.29 0 0 0 0 0 4 10 56 175
0000040000000200 0000000000000000 bits9_42 0 0 22 31.91345 -88.63 0 0 0 0 0 0 0 0 0
0000080000000200 0000000000000000 bits9_43 0 0 7078 30.98550 -1038.85 0 0 0 0 0 0 0 0 0
0000100000000200 0000000000000000 bits9_44 0 0 21 30.27449 -1766.93 0 0 0 0 0 0 0 0 0
0000200000000200 0000000000000000 bits9_45 0 0 28 31.41751 -596.47 0 0 0 0 0 0 0 0 0
0000400000000200 0000000000000000 bits9_46 0 0 53 31.02252 -1000.94 0 0 0 0 0 0 0 0 0
0000800000000200 0000000000000000 bits9_47 0 0 58 32.95286 975.72 0 0 0 0 0 0 0 0 0
0001000000000200 0000000000000000 bits9_48 0 0 362 31.75932 -246.46 0 0 0 0 0 0 0 0 0
0002000000000200 0000000000000000 bits9_49 0 0 145 30.88486 -1141.90 0 0 0 0 0 0 0 0 0
0004000000000200 0000000000000000 bits9_50 0 0 317 31.47150 -541.19 0 0 0 0 0 0 0 0 0
0008000000000200 0000000000000000 bits9_51 0 0 388 31.35565 -659.81 0 0 0 0 0 0 0 0 0
0010000000000200 0000000000000000 bits9_52 0 0 67 31.66112 -347.01 0 0 0 0 0 0 0 0 0
0020000000000200 0000000000000000 bits9_53 0 0 57 31.26800 -749.57 0 0 0 0 0 0 0 0 0
0040000000000200 0000000000000000 bits9_54 0 0 29 31.53949 -471.56 0 0 0 0 0 0 0 0 0
0080000000000200 0000000000000000 bits9_55 0 0 507 31.73219 -274.24 0 0 0 0 0 0 0 0 0
0100000000000200 0000000000000000 bits9_56 0 0 102 30.52767 -1507.66 0 0 0 0 0 0 0 0 0
0200000000000200 0000000000000000 bits9_57 0 0 7 31.95377 -47.34 0 0 0 0 0 0 0 0 0
0400000000000200 0000000000000000 bits9_58 0 0 7 31.04282 -980.15 0 0 0 0 0 0 0 0 0
0800000000000200 0000000000000000 bits9_59 0 0 2 31.56192 -448.60 0 0 0 0 0 0 0 0 0
1000000000000200 0000000000000000 bits9_60 0 0 581 30.17657 -1867.19 0 0 0 0 0 0 0 0 0
2000000000000200 0000000000000000 bits9_61 0 0 0 30.72296 -1307.68 0 0 0 0 0 0 0 0 0
4000000000000200 0000000000000000 bits9_62 0 0 10 31.48546 -526.89 0 0 0 0 0 0 0 0 0
8000000000000200 0000000000000000 bits9_63 0 0 3881 29.68191 -2373.72 0 0 0 0 0 0 0 0 0
0000000000000c00 0000000000000000 bits10_11 0 0 11 30.34552 -1694.19 0 0 0 0 0 0 0 0 0
0000000000001400 0000000000000000 bits10_12 0 0 28 32.04148 42.47 0 0 0 0 0 0 0 0 0
0000000000002400 0000000000000000 bits10_13 0 0 46 30.97408 -1050.54 0 0 0 0 0 0 0 0 0
0000000000004400 0000000000000000 bits10_14 0 0 77 31.30854 -708.05 0 0 0 0 0 0 0 0 0
0000000000008400 0000000000000000 bits10_15 0 0 947 30.68819 -1343.29 0 0 0 0 0 0 0 0 0
0000000000010400 0000000000000000 bits10_16 0 0 75 32.63786 653.16 0 0 0 0 0 0 0 0 0
0000000000020400 0000000000000000 bits10_17 0 0 55 31.87478 -128.23 0 0 0 0 0 0 0 0 0
0000000000040400 0000000000000000 bits10_18 0 0 70 31.34651 -669.18 0 0 0 0 0 0 0 0 0
0000000000080400 0000000000000000 bits10_19 0 0 124 31.92628 -75.49 0 0 0 0 0 0 0 0 0
0000000000100400 0000000000000000 bits10_20 0 0 170 30.56158 -1472.94 0 0 0 0 0 0 0 0 0
0000000000200400 0000000000000000 bits10_21 0 0 634 31.65600 -352.25 0 0 0 0 0 0 0 0 0
0000000000400400 0000000000000000 bits10_22 0 0 47 31.27319 -744.26 0 0 0 0 0 0 0 0 0
0000000000800400 0000000000000000 bits10_23 0 0 97 30.30180 -1738.96 0 0 0 0 0 0 0 0 0
0000000001000400 0000000000000000 bits10_24 0 0 261 31.47489 -537.71 0 0 0 0 0 0 0 0 0
0000000002000400 0000000000000000 bits10_25 0 0 138 31.03221 -991.01 0 0 0 0 0 0 0 0 0
0000000004000400 0000000000000000 bits10_26 0 0 54 31.86992 -133.21 0 0 0 0 0 0 0 0 0
0000000008000400 0000000000000000 bits10_27 0 0 75 30.61121 -1422.12 0 0 0 0 0 0 0 0 0
0000000010000400 0000000000000000 bits10_28 0 0 47 31.73523 -271.12 0 0 0 0 0 0 0 0 0
0000000020000400 0000000000000000 bits10_29 0 0 246 31.55446 -456.23 0 0 0 0 0 0 0 0 0
0000000040000400 0000000000000000 bits10_30 0 0 83 31.26740 -750.19 0 0 0 0 0 0 0 0 0
0000000080000400 0000000000000000 bits10_31 0 0 58 31.65249 -355.85 0 0 0 0 0 0 0 0 0
0000000100000400 0000000000000000 bits10_32 0 0 1165 31.35466 -660.83 0 0 0 0 0 0 0 0 0
0000000200000400 0000000000000000 bits10_33 0 0 82 31.59128 -418.52 0 0 0 0 0 0 0 0 0
0000000400000400 0000000000000000 bits10_34 0 0 157 30.96014 -1064.82 0 0 0 0 0 0 0 0 0
0000000800000400 0000000000000000 bits10_35 0 0 70 31.77899 -226.32 0 0 0 0 0 0 0 0 0
0000001000000400 0000000000000000 bits10_36 0 0 57 33.07469 1100.48 0 0 0 0 0 0 0 0 0
0000002000000400 0000000000000000 bits10_37 0 0 314 31.31779 -698.58 0 0 0 0 0 0 0 0 0
0000004000000400 0000000000000000 bits10_38 0 0 33 31.48063 -531.84 0 0 0 0 0 0 0 0 0
0000008000000400 0000000000000000 bits10_39 0 0 454 30.41507 -1622.97 0 0 0 0 0 0 0 0 0
0000010000000400 0000000000000000 bits10_40 0 0 179 31.01007 -1013.69 0 0 0 0 0 0 0 0 0
0000020000000400 0000000000000000 bits10_41 0 0 64 31.83479 -169.17 0 0 0 0 0 0 0 0 0
0000040000000400 0000000000000000 bits10_42 0 0 86 28.42088 -3665.02 0 0 0 0 0 5 12 85 251
0000080000000400 0000000000000000 bits10_43 0 0 27 31.97734 -23.21 0 0 0 0 0 0 0 0 0
0000100000000400 0000000000000000 bits10_44 0 0 7191 30.90273 -1123.60 0 0 0 0 0 0 0 0 0
0000200000000400 0000000000000000 bits10_45 0 0 22 30.11212 -1933.19 0 0 0 0 0 0 0 0 0
0000400000000400 0000000000000000 bits10_46 0 0 35 31.31311 -703.37 0 0 0 0 0 0 0 0 0
0000800000000400 0000000000000000 bits10_47 0 0 45 31.01341 -1010.27 0 0 0 0 0 0 0 0 0
0001000000000400 0000000000000000 bits10_48 0 0 60 33.06799 1093.62 0 0 0 0 0 0 0 0 0
0002000000000400 0000000000000000 bits10_49 0 0 396 31.75959 -246.18 0 0 0 0 0 0 0 0 0
0004000000000400 0000000000000000 bits10_50 0 0 141 30.91789 -1108.08 0 0 0 0 0 0 0 0 0
0008000000000400 0000000000000000 bits10_51 0 0 265 31.59180 -418.00 0 0 0 0 0 0 0 0 0
0010000000000400 0000000000000000 bits10_52 0 0 379 31.35484 -660.64 0 0 0 0 0 0 0 0 0
0020000000000400 0000000000000000 bits10_53 0 0 79 31.66562 -342.40 0 0 0 0 0 0 0 0 0
0040000000000400 0000000000000000 bits10_54 0 0 49 31.26356 -754.11 0 0 0 0 0 0 0 0 0
0080000000000400 0000000000000000 bits10_55 0 0 28 31.55685 -453.79 0 0 0 0 0 0 0 0 0
0100000000000400 0000000000000000 bits10_56 0 0 525 31.69849 -308.75 0 0 0 0 0 0 0 0 0
0200000000000400 0000000000000000 bits10_57 0 0 128 30.46946 -1567.27 0 0 0 0 0 0 0 0 0
0400000000000400 0000000000000000 bits10_58 0 0 6 31.89686 -105.61 0 0 0 0 0 0 0 0 0
0800000000000400 0000000000000000 bits10_59 0 0 5 30.98443 -1039.94 0 0 0 0 0 0 0 0 0
1000000000000400 0000000000000000 bits10_60 0 0 1 31.22110 -797.59 0 0 0 0 0 0 0 0 0
2000000000000400 0000000000000000 bits10_61 0 0 518 29.82043 -2231.88 0 0 0 0 0 0 0 0 0
4000000000000400 0000000000000000 bits10_62 0 0 0 30.41882 -1619.12 0 0 0 0 0 0 0 0 0
8000000000000400 0000000000000000 bits10_63 0 0 17 31.27299 -744.46 0 0 0 0 0 0 0 0 0
0000000000001800 0000000000000000 bits11_12 0 0 14 30.34651 -1693.17 0 0 0 0 0 0 0 0 0
0000000000002800 0000000000000000 bits11_13 0 0 28 32.04180 42.80 0 0 0 0 0 0 0 0 0
0000000000004800 0000000000000000 bits11_14 0 0 61 30.97642 -1048.15 0 0 0 0 0 0 0 0 0
0000000000008800 0000000000000000 bits11_15 0 0 92 31.30909 -707.49 0 0 0 0 0 0 0 0 0
0000000000010800 0000000000000000 bits11_16 0 0 325 30.68880 -1342.67 0 0 0 0 0 0 0 0 0
0000000000020800 0000000000000000 bits11_17 0 0 109 32.63805 653.36 0 0 0 0 0 0 0 0 0
0000000000040800 0000000000000000 bits11_18 0 0 101 31.87454 -128.47 0 0 0 0 0 0 0 0 0
0000000000080800 0000000000000000 bits11_19 0 0 153 31.34480 -670.93 0 0 0 0 0 0 0 0 0
0000000000100800 0000000000000000 bits11_20 0 0 114 31.92490 -76.90 0 0 0 0 0 0 0 0 0
0000000000200800 0000000000000000 bits11_21 0 0 197 30.54709 -1487.78 0 0 0 0 0 0 0 0 0
0000000000400800 0000000000000000 bits11_22 0 0 2233 31.67733 -330.42 0 0 0 0 0 0 0 0 0
0000000000800800 0000000000000000 bits11_23 0 0 47 31.31919 -697.15 0 0 0 0 0 0 0 0 0
0000000001000800 0000000000000000 bits11_24 0 0 85 30.36711 -1672.08 0 0 0 0 0 0 0 0 0
0000000002000800 0000000000000000 bits11_25 0 0 272 31.52864 -482.67 0 0 0 0 0 0 0 0 0
0000000004000800 0000000000000000 bits11_26 0 0 114 30.94111 -1084.30 0 0 0 0 0 0 0 0 0
0000000008000800 0000000000000000 bits11_27 0 0 45 32.02503 25.63 0 0 0 0 0 0 0 0 0
0000000010000800 0000000000000000 bits11_28 0 0 78 30.61030 -1423.06 0 0 0 0 0 0 0 0 0
0000000020000800 0000000000000000 bits11_29 0 0 79 31.73339 -273.01 0 0 0 0 0 0 0 0 0
0000000040000800 0000000000000000 bits11_30 0 0 286 31.54755 -463.31 0 0 0 0 0 0 0 0 0
0000000080000800 0000000000000000 bits11_31 0 0 64 31.26531 -752.33 0 0 0 0 0 0 0 0 0
0000000100000800 0000000000000000 bits11_32 0 0 93 31.65750 -350.72 0 0 0 0 0 0 0 0 0
0000000200000800 0000000000000000 bits11_33 0 0 1188 31.35852 -656.88 0 0 0 0 0 0 0 0 0
0000000400000800 0000000000000000 bits11_34 0 0 158 31.58871 -421.16 0 0 0 0 0 0 0 0 0
0000000800000800 0000000000000000 bits11_35 0 0 76 30.96793 -1056.84 0 0 0 0 0 0 0 0 0
0000001000000800 0000000000000000 bits11_36 0 0 53 31.79339 -211.57 0 0 0 0 0 0 0 0 0
0000002000000800 0000000000000000 bits11_37 0 0 29 33.11148 1138.16 0 0 0 0 0 0 0 0 0
0000004000000800 0000000000000000 bits11_38 0 0 164 31.34358 -672.18 0 0 0 0 0 0 0 0 0
0000008000000800 0000000000000000 bits11_39 0 0 25 31.49805 -514.00 0 0 0 0 0 0 0 0 0
0000010000000800 0000000000000000 bits11_40 0 0 440 30.32168 -1718.60 0 0 0 0 0 0 0 0 0
0000020000000800 0000000000000000 bits11_41 0 0 173 31.14522 -875.30 0 0 0 0 0 0 0 0 0
0000040000000800 0000000000000000 bits11_42 0 0 59 31.86025 -143.10 0 0 0 0 0 0 0 0 0
0000080000000800 0000000000000000 bits11_43 0 0 50 28.71850 -3360.26 0 0 0 0 0 5 12 40 114
0000100000000800 0000000000000000 bits11_44 0 0 28 32.00590 6.04 0 0 0 0 0 0 0 0 0
0000200000000800 0000000000000000 bits11_45 0 0 6740 30.88008 -1146.80 0 0 0 0 0 0 0 0 0
0000400000000800 0000000000000000 bits11_46 0 0 24 30.03139 -2015.86 0 0 0 0 0 0 0 0 0
0000800000000800 0000000000000000 bits11_47 0 0 37 30.92851 -1097.20 0 0 0 0 0 0 0 0 0
0001000000000800 0000000000000000 bits11_48 0 0 18 31.38481 -629.95 0 0 0 0 0 0 0 0 0
0002000000000800 0000000000000000 bits11_49 0 0 44 33.12234 1149.28 0 0 0 0 0 0 0 0 0
0004000000000800 0000000000000000 bits11_50 0 0 232 31.77008 -235.44 0 0 0 0 0 0 0 0 0
0008000000000800 0000000000000000 bits11_51 0 0 826 30.95859 -1066.40 0 0 0 0 0 0 0 0 1
0010000000000800 0000000000000000 bits11_52 0 0 380 31.60193 -407.63 0 0 0 0 0 0 0 0 0
0020000000000800 0000000000000000 bits11_53 0 0 477 31.36890 -646.25 0 0 0 0 0 0 0 0 0
0040000000000800 0000000000000000 bits11_54 0 0 192 31.63745 -371.25 0 0 0 0 0 0 0 0 0
0080000000000800 0000000000000000 bits11_55 0 0 48 31.28320 -734.01 0 0 0 0 0 0 0 0 0
0100000000000800 0000000000000000 bits11_56 0 0 24 31.64413 -364.41 0 0 0 0 0 0 0 0 0
0200000000000800 0000000000000000 bits11_57 0 0 371 31.79583 -209.07 0 0 0 0 0 0 0 0 0
0400000000000800 0000000000000000 bits11_58 0 0 126 30.53322 -1501.98 0 0 0 0 0 0 0 0 0
0800000000000800 0000000000000000 bits11_59 0 0 20 31.94410 -57.24 0 0 0 0 0 0 0 0 0
1000000000000800 0000000000000000 bits11_60 0 0 2 31.06802 -954.34 0 0 0 0 0 0 0 0 0
2000000000000800 0000000000000000 bits11_61 0 0 1 31.27500 -742.40 0 0 0 0 0 0 0 0 0
4000000000000800 0000000000000000 bits11_62 0 0 455 29.76722 -2286.36 0 0 0 0 0 0 0 0 0
8000000000000800 0000000000000000 bits11_63 0 0 0 30.26843 -1773.13 0 0 0 0 0 0 0 0 0
0000000000003000 0000000000000000 bits12_13 0 0 6 30.34718 -1692.49 0 0 0 0 0 0 0 0 0
0000000000005000 0000000000000000 bits12_14 0 0 17 32.04172 42.72 0 0 0 0 0 0 0 0 0
0000000000009000 0000000000000000 bits12_15 0 0 54 30.97314 -1051.51 0 0 0 0 0 0 0 0 0
0000000000011000 0000000000000000 bits12_16 0 0 179 31.30895 -707.63 0 0 0 0 0 0 0 0 0
0000000000021000 0000000000000000 bits12_17 0 0 164 30.68870 -1342.77 0 0 0 0 0 0 0 0 0
0000000000041000 0000000000000000 bits12_18 0 0 83 32.63731 652.60 0 0 0 0 0 0 0 0 0
0000000000081000 0000000000000000 bits12_19 0 0 65 31.87554 -127.45 0 0 0 0 0 0 0 0 0
0000000000101000 0000000000000000 bits12_20 0 0 162 31.34350 -672.26 0 0 0 0 0 0 0 0 0
0000000000201000 0000000000000000 bits12_21 0 0 134 31.93375 -67.84 0 0 0 0 0 0 0 0 0
0000000000401000 0000000000000000 bits12_22 0 0 108 30.53749 -1497.61 0 0 0 0 0 0 0 0 0
0000000000801000 0000000000000000 bits12_23 0 0 2510 31.61707 -392.12 0 0 0 0 0 0 0 0 0
0000000001001000 0000000000000000 bits12_24 0 0 39 31.22490 -793.70 0 0 0 0 0 0 0 0 0
0000000002001000 0000000000000000 bits12_25 0 0 90 30.24049 -1801.74 0 0 0 0 0 0 0 0 0
0000000004001000 0000000000000000 bits12_26 0 0 249 31.46086 -552.07 0 0 0 0 0 0 0 0 0
0000000008001000 0000000000000000 bits12_27 0 0 142 31.21276 -806.13 0 0 0 0 0 0 0 0 0
0000000010001000 0000000000000000 bits12_28 0 0 55 32.00723 7.40 0 0 0 0 0 0 0 0 0
0000000020001000 0000000000000000 bits12_29 0 0 74 30.60419 -1429.31 0 0 0 0 0 0 0 0 0
0000000040001000 0000000000000000 bits12_30 0 0 55 31.72808 -278.45 0 0 0 0 0 0 0 0 0
0000000080001000 0000000000000000 bits12_31 0 0 248 31.54611 -464.79 0 0 0 0 0 0 0 0 0
0000000100001000 0000000000000000 bits12_32 0 0 53 31.27016 -747.36 0 0 0 0 0 0 0 0 0
0000000200001000 0000000000000000 bits12_33 0 0 121 31.65363 -354.69 0 0 0 0 0 0 0 0 0
0000000400001000 0000000000000000 bits12_34 0 0 723 31.35870 -656.69 0 0 0 0 0 0 0 0 0
0000000800001000 0000000000000000 bits12_35 0 0 263 31.58201 -428.02 0 0 0 0 0 0 0 0 0
0000001000001000 0000000000000000 bits12_36 0 0 29 30.96003 -1064.93 0 0 0 0 0 0 0 0 0
0000002000001000 0000000000000000 bits12_37 0 0 34 31.76118 -244.56 0 0 0 0 0 0 0 0 0
0000004000001000 0000000000000000 bits12_38 0 0 32 33.07027 1095.96 0 0 0 0 0 0 0 0 0
0000008000001000 0000000000000000 bits12_39 0 0 105 31.30992 -706.65 0 0 0 0 0 0 0 0 0
0000010000001000 0000000000000000 bits12_40 0 0 19 31.57521 -434.98 0 0 0 0 0 0 0 0 0
0000020000001000 0000000000000000 bits12_41 0 0 356 30.20830 -1834.70 0 0 0 0 0 0 0 0 0
0000040000001000 0000000000000000 bits12_42 0 0 171 31.06058 -961.97 0 0 0 0 0 0 0 0 0
0000080000001000 0000000000000000 bits12_43 0 0 86 31.95348 -47.64 0 0 0 0 0 0 0 0 0
0000100000001000 0000000000000000 bits12_44 0 0 35 28.54590 -3537.00 0 0 0 0 0 4 9 36 114
0000200000001000 0000000000000000 bits12_45 0 0 27 31.89496 -107.56 0 0 0 0 0 0 0 0 0
0000400000001000 0000000000000000 bits12_46 0 0 6049 30.80484 -1223.85 0 0 0 0 0 0 0 0 0
0000800000001000 0000000000000000 bits12_47 0 0 10 30.20269 -1840.44 0 0 0 0 0 0 0 0 0
0001000000001000 0000000000000000 bits12_48 0 0 45 31.45593 -557.13 0 0 0 0 0 0 0 0 0
0002000000001000 0000000000000000 bits12_49 0 0 16 31.31583 -700.59 0 0 0 0 0 0 0 0 0
0004000000001000 0000000000000000 bits12_50 0 0 46 33.12352 1150.49 0 0 0 0 0 0 0 0 0
0008000000001000 0000000000000000 bits12_51 0 0 92 31.78415 -221.04 0 0 0 0 0 0 0 0 0
0010000000001000 0000000000000000 bits12_52 0 0 983 30.95069 -1074.49 0 0 0 0 0 0 0 0 0
0020000000001000 0000000000000000 bits12_53 0 0 108 31.59335 -416.41 0 0 0 0 0 0 0 0 0
0040000000001000 0000000000000000 bits12_54 0 0 519 31.39050 -624.13 0 0 0 0 0 0 0 0 0
0080000000001000 0000000000000000 bits12_55 0 0 266 31.62653 -382.43 0 0 0 0 0 0 0 0 0
0100000000001000 0000000000000000 bits12_56 0 0 30 31.21751 -801.27 0 0 0 0 0 0 0 0 0
0200000000001000 0000000000000000 bits12_57 0 0 24 31.56058 -449.97 0 0 0 0 0 0 0 0 0
0400000000001000 0000000000000000 bits12_58 0 0 172 31.73757 -268.73 0 0 0 0 0 0 0 0 0
0800000000001000 0000000000000000 bits12_59 0 0 69 30.63740 -1395.30 0 0 0 0 0 0 0 0 0
1000000000001000 0000000000000000 bits12_60 0 0 32 31.75390 -252.00 0 0 0 0 0 0 0 0 0
2000000000001000 0000000000000000 bits12_61 0 0 4 30.93375 -1091.84 0 0 0 0 0 0 0 0 0
4000000000001000 0000000000000000 bits12_62 0 0 1 31.27976 -737.53 0 0 0 0 0 0 0 0 0
8000000000001000 0000000000000000 bits12_63 0 0 171 29.95471 -2094.38 0 0 0 0 0 0 0 0 0
0000000000006000 0000000000000000 bits13_14 0 0 7 30.34764 -1692.01 0 0 0 0 0 0 0 0 0
000000000000a000 0000000000000000 bits13_15 0 0 20 32.04150 42.49 0 0 0 0 0 0 0 0 0
0000000000012000 0000000000000000 bits13_16 0 0 63 30.97634 -1048.23 0 0 0 0 0 0 0 0 0
0000000000022000 0000000000000000 bits13_17 0 0 184 31.30774 -708.87 0 0 0 0 0 0 0 0 0
0000000000042000 0000000000000000 bits13_18 0 0 161 30.68876 -1342.71 0 0 0 0 0 0 0 0 0
0000000000082000 0000000000000000 bits13_19 0 0 62 32.64071 656.09 0 0 0 0 0 0 0 0 0
0000000000102000 0000000000000000 bits13_20 0 0 55 31.87545 -127.54 0 0 0 0 0 0 0 0 0
0000000000202000 0000000000000000 bits13_21 0 0 155 31.35203 -663.52 0 0 0 0 0 0 0 0 0
0000000000402000 0000000000000000 bits13_22 0 0 76 31.92239 -79.48 0 0 0 0 0 0 0 0 0
