# variant=10 W=1 log2keys=24 seed=4119 mode=R N=16777216
# d0 d1 name coll low32 low16 meanpop z hist0..8
0000000040000008 0000000000000000 bits3_30 0 0 306 31.32709 -689.06 0 0 0 0 0 0 0 0 0
0000000080000008 0000000000000000 bits3_31 0 0 139 31.54862 -462.21 0 0 0 0 0 0 0 0 0
0000000100000008 0000000000000000 bits3_32 0 0 275 30.45436 -1582.73 0 0 0 0 0 0 0 0 0
0000000200000008 0000000000000000 bits3_33 0 0 31 30.94328 -1082.08 0 0 0 0 0 0 0 0 0
0000000400000008 0000000000000000 bits3_34 0 0 15 31.94267 -58.71 0 0 0 0 0 0 0 0 0
0000000800000008 0000000000000000 bits3_35 0 0 111 28.72391 -3354.71 0 0 0 0 0 2 7 46 121
0000001000000008 0000000000000000 bits3_36 0 0 11 31.92261 -79.25 0 0 0 0 0 0 0 0 0
0000002000000008 0000000000000000 bits3_37 0 0 404 30.88666 -1140.06 0 0 0 0 0 0 0 0 0
0000004000000008 0000000000000000 bits3_38 0 0 19 30.34034 -1699.50 0 0 0 0 0 0 0 0 0
0000008000000008 0000000000000000 bits3_39 0 0 20 31.42700 -586.75 0 0 0 0 0 0 0 0 0
0000010000000008 0000000000000000 bits3_40 0 0 55 31.22519 -793.41 0 0 0 0 0 0 0 0 0
0000020000000008 0000000000000000 bits3_41 0 0 38 33.03938 1064.32 0 0 0 0 0 0 0 0 0
0000040000000008 0000000000000000 bits3_42 0 0 141 31.78716 -217.95 0 0 0 0 0 0 0 0 0
0000080000000008 0000000000000000 bits3_43 0 0 49 31.08046 -941.61 0 0 0 0 0 0 0 0 0
0000100000000008 0000000000000000 bits3_44 0 0 75 31.11786 -903.31 0 0 0 0 0 0 0 0 0
0000200000000008 0000000000000000 bits3_45 0 0 178 31.19160 -827.80 0 0 0 0 0 0 0 0 0
0000400000000008 0000000000000000 bits3_46 0 0 41 31.55331 -457.41 0 0 0 0 0 0 0 0 0
0000800000000008 0000000000000000 bits3_47 0 0 10 31.58443 -425.55 0 0 0 0 0 0 0 0 0
0001000000000008 0000000000000000 bits3_48 0 0 39 31.38202 -632.82 0 0 0 0 0 0 0 0 0
0002000000000008 0000000000000000 bits3_49 0 0 17 31.58277 -427.24 0 0 0 0 0 0 0 0 0
0004000000000008 0000000000000000 bits3_50 0 0 408 30.55616 -1478.49 0 0 0 0 0 0 0 0 0
0008000000000008 0000000000000000 bits3_51 0 0 25 32.03696 37.85 0 0 0 0 0 0 0 0 0
0010000000000008 0000000000000000 bits3_52 0 0 16 31.19952 -819.70 0 0 0 0 0 0 0 0 0
0020000000000008 0000000000000000 bits3_53 0 0 13 31.56813 -442.24 0 0 0 0 0 0 0 0 0
0040000000000008 0000000000000000 bits3_54 0 0 1127 30.37177 -1667.30 0 0 0 0 0 0 0 0 0
0080000000000008 0000000000000000 bits3_55 0 0 0 31.26929 -748.25 0 0 0 0 0 0 0 0 0
0100000000000008 0000000000000000 bits3_56 0 0 6 31.62046 -388.65 0 0 0 0 0 0 0 0 0
0200000000000008 0000000000000000 bits3_57 0 0 1140 30.37718 -1661.76 0 0 0 0 0 0 0 0 0
0400000000000008 0000000000000000 bits3_58 0 0 14 31.85789 -145.52 0 0 0 0 0 0 0 0 0
0800000000000008 0000000000000000 bits3_59 0 0 118 31.59854 -411.09 0 0 0 0 0 0 0 0 0
1000000000000008 0000000000000000 bits3_60 0 0 8 31.66873 -339.22 0 0 0 0 0 0 0 0 0
2000000000000008 0000000000000000 bits3_61 0 0 5 32.46001 471.05 0 0 0 0 0 0 0 0 0
4000000000000008 0000000000000000 bits3_62 0 0 143 29.67323 -2382.62 0 0 0 0 0 0 0 0 0
8000000000000008 0000000000000000 bits3_63 0 0 8 30.39105 -1647.56 0 0 0 0 0 0 0 0 0
0000000000000030 0000000000000000 bits4_5 0 0 4 30.34598 -1693.72 0 0 0 0 0 0 0 0 0
0000000000000050 0000000000000000 bits4_6 0 0 11 32.04212 43.13 0 0 0 0 0 0 0 0 0
0000000000000090 0000000000000000 bits4_7 0 0 42 30.97516 -1049.44 0 0 0 0 0 0 0 0 0
0000000000000110 0000000000000000 bits4_8 0 0 99 31.30767 -708.95 0 0 0 0 0 0 0 0 0
0000000000000210 0000000000000000 bits4_9 0 0 16394 30.68854 -1342.94 0 0 0 0 0 0 0 0 0
0000000000000410 0000000000000000 bits4_10 0 0 24 32.63880 654.13 0 0 0 0 0 0 0 0 0
0000000000000810 0000000000000000 bits4_11 0 0 27 31.87502 -127.98 0 0 0 0 0 0 0 0 0
0000000000001010 0000000000000000 bits4_12 0 0 29 31.34511 -670.61 0 0 0 0 0 0 0 0 0
0000000000002010 0000000000000000 bits4_13 0 0 17 31.92432 -77.50 0 0 0 0 0 0 0 0 0
0000000000004010 0000000000000000 bits4_14 0 0 939 30.56232 -1472.19 0 0 0 0 0 0 0 0 0
0000000000008010 0000000000000000 bits4_15 0 0 154 31.64338 -365.18 0 0 0 0 0 0 0 0 0
0000000000010010 0000000000000000 bits4_16 0 0 35 31.28649 -730.63 0 0 0 0 0 0 0 0 0
0000000000020010 0000000000000000 bits4_17 0 0 125 30.39172 -1646.88 0 0 0 0 0 0 0 0 0
0000000000040010 0000000000000000 bits4_18 0 0 608 31.58689 -423.02 0 0 0 0 0 0 0 0 0
0000000000080010 0000000000000000 bits4_19 0 0 1270 31.20668 -812.36 0 0 0 0 0 0 0 0 0
0000000000100010 0000000000000000 bits4_20 0 0 36 32.02578 26.40 0 0 0 0 0 0 0 0 0
0000000000200010 0000000000000000 bits4_21 0 0 36 30.58714 -1446.77 0 0 0 0 0 0 0 0 0
0000000000400010 0000000000000000 bits4_22 0 0 46 31.75759 -248.22 0 0 0 0 0 0 0 0 0
0000000000800010 0000000000000000 bits4_23 0 0 68 31.54273 -468.25 0 0 0 0 0 0 0 0 0
0000000001000010 0000000000000000 bits4_24 0 0 35 31.09905 -922.57 0 0 0 0 0 0 0 0 0
0000000002000010 0000000000000000 bits4_25 0 0 203 31.42338 -590.46 0 0 0 0 0 0 0 0 0
0000000004000010 0000000000000000 bits4_26 0 0 256 30.92619 -1099.58 0 0 0 0 0 0 0 0 0
0000000008000010 0000000000000000 bits4_27 0 0 88 31.60685 -402.58 0 0 0 0 0 0 0 0 0
0000000010000010 0000000000000000 bits4_28 0 0 385 30.96334 -1061.54 0 0 0 0 0 0 0 0 0
0000000020000010 0000000000000000 bits4_29 0 0 274 31.73574 -270.60 0 0 0 0 0 0 0 0 0
0000000040000010 0000000000000000 bits4_30 0 0 62 33.04897 1074.14 0 0 0 0 0 0 0 0 0
0000000080000010 0000000000000000 bits4_31 0 0 316 31.32613 -690.05 0 0 0 0 0 0 0 0 0
0000000100000010 0000000000000000 bits4_32 0 0 67 31.53217 -479.06 0 0 0 0 0 0 0 0 0
0000000200000010 0000000000000000 bits4_33 0 0 133 30.45511 -1581.97 0 0 0 0 0 0 0 0 0
0000000400000010 0000000000000000 bits4_34 0 0 46 30.94379 -1081.56 0 0 0 0 0 0 0 0 0
0000000800000010 0000000000000000 bits4_35 0 0 16 31.93958 -61.87 0 0 0 0 0 0 0 0 0
0000001000000010 0000000000000000 bits4_36 0 0 123 28.72046 -3358.25 0 0 0 0 0 1 5 32 134
0000002000000010 0000000000000000 bits4_37 0 0 19 31.91459 -87.46 0 0 0 0 0 0 0 0 0
0000004000000010 0000000000000000 bits4_38 0 0 2394 30.82885 -1199.26 0 0 0 0 0 0 0 0 0
0000008000000010 0000000000000000 bits4_39 0 0 16 30.26066 -1781.09 0 0 0 0 0 0 0 0 0
0000010000000010 0000000000000000 bits4_40 0 0 14 31.33980 -676.04 0 0 0 0 0 0 0 0 0
0000020000000010 0000000000000000 bits4_41 0 0 77 31.16039 -859.76 0 0 0 0 0 0 0 0 0
0000040000000010 0000000000000000 bits4_42 0 0 55 33.02528 1049.89 0 0 0 0 0 0 0 0 0
0000080000000010 0000000000000000 bits4_43 0 0 193 31.89976 -102.64 0 0 0 0 0 0 0 0 0
0000100000000010 0000000000000000 bits4_44 0 0 83 30.79669 -1232.19 0 0 0 0 0 0 0 0 0
0000200000000010 0000000000000000 bits4_45 0 0 70 30.90112 -1125.25 0 0 0 0 0 0 0 0 0
0000400000000010 0000000000000000 bits4_46 0 0 172 30.89654 -1129.94 0 0 0 0 0 0 0 0 0
0000800000000010 0000000000000000 bits4_47 0 0 31 31.33049 -685.57 0 0 0 0 0 0 0 1 0
0001000000000010 0000000000000000 bits4_48 0 0 1403 31.14844 -871.99 0 0 0 0 0 0 0 0 0
0002000000000010 0000000000000000 bits4_49 0 0 69 31.26230 -755.40 0 0 0 0 0 0 0 0 0
0004000000000010 0000000000000000 bits4_50 0 0 130 31.57416 -436.06 0 0 0 0 0 0 0 0 0
0008000000000010 0000000000000000 bits4_51 0 0 90 30.61297 -1420.32 0 0 0 0 0 0 0 0 0
0010000000000010 0000000000000000 bits4_52 0 0 9 32.03240 33.18 0 0 0 0 0 0 0 0 0
0020000000000010 0000000000000000 bits4_53 0 0 12 31.19654 -822.75 0 0 0 0 0 0 0 0 0
0040000000000010 0000000000000000 bits4_54 0 0 3 31.58773 -422.17 0 0 0 0 0 0 0 0 0
0080000000000010 0000000000000000 bits4_55 0 0 223 30.36297 -1676.32 0 0 0 0 0 0 0 0 0
0100000000000010 0000000000000000 bits4_56 0 0 2 31.25942 -758.35 0 0 0 0 0 0 0 0 0
0200000000000010 0000000000000000 bits4_57 0 0 9 31.61381 -395.46 0 0 0 0 0 0 0 0 0
0400000000000010 0000000000000000 bits4_58 0 0 1345 30.38237 -1656.45 0 0 0 0 0 0 0 0 0
0800000000000010 0000000000000000 bits4_59 0 0 18 32.05422 55.52 0 0 0 0 0 0 0 0 0
1000000000000010 0000000000000000 bits4_60 0 0 45 31.61625 -392.96 0 0 0 0 0 0 0 0 0
2000000000000010 0000000000000000 bits4_61 0 0 16 31.73314 -273.26 0 0 0 0 0 0 0 0 0
4000000000000010 0000000000000000 bits4_62 0 0 1 32.76557 783.94 0 0 0 0 0 0 0 0 0
8000000000000010 0000000000000000 bits4_63 0 0 77 29.38936 -2673.30 0 0 0 0 0 0 0 0 0
0000000000000060 0000000000000000 bits5_6 0 0 10 30.34707 -1692.60 0 0 0 0 0 0 0 0 0
00000000000000a0 0000000000000000 bits5_7 0 0 20 32.04286 43.89 0 0 0 0 0 0 0 0 0
0000000000000120 0000000000000000 bits5_8 0 0 50 30.97577 -1048.81 0 0 0 0 0 0 0 0 0
0000000000000220 0000000000000000 bits5_9 0 0 121 31.30966 -706.90 0 0 0 0 0 0 0 0 0
0000000000000420 0000000000000000 bits5_10 0 0 16739 30.68942 -1342.03 0 0 0 0 0 0 0 0 0
0000000000000820 0000000000000000 bits5_11 0 0 21 32.63800 653.32 0 0 0 0 0 0 0 0 0
0000000000001020 0000000000000000 bits5_12 0 0 34 31.87432 -128.70 0 0 0 0 0 0 0 0 0
0000000000002020 0000000000000000 bits5_13 0 0 22 31.34583 -669.88 0 0 0 0 0 0 0 0 0
0000000000004020 0000000000000000 bits5_14 0 0 16 31.92489 -76.91 0 0 0 0 0 0 0 0 0
0000000000008020 0000000000000000 bits5_15 0 0 923 30.56093 -1473.61 0 0 0 0 0 0 0 0 0
0000000000010020 0000000000000000 bits5_16 0 0 162 31.64470 -363.82 0 0 0 0 0 0 0 0 0
0000000000020020 0000000000000000 bits5_17 0 0 31 31.28598 -731.16 0 0 0 0 0 0 0 0 0
0000000000040020 0000000000000000 bits5_18 0 0 116 30.39209 -1646.50 0 0 0 0 0 0 0 0 0
0000000000080020 0000000000000000 bits5_19 0 0 422 31.58527 -424.68 0 0 0 0 0 0 0 0 0
0000000000100020 0000000000000000 bits5_20 0 0 670 31.20188 -817.28 0 0 0 0 0 0 0 0 0
0000000000200020 0000000000000000 bits5_21 0 0 22 32.02265 23.19 0 0 0 0 0 0 0 0 0
0000000000400020 0000000000000000 bits5_22 0 0 26 30.59604 -1437.65 0 0 0 0 0 0 0 0 0
0000000000800020 0000000000000000 bits5_23 0 0 30 31.69196 -315.43 0 0 0 0 0 0 0 0 0
0000000001000020 0000000000000000 bits5_24 0 0 128 31.42299 -590.86 0 0 0 0 0 0 0 0 0
0000000002000020 0000000000000000 bits5_25 0 0 28 30.90264 -1123.70 0 0 0 0 0 0 0 0 0
0000000004000020 0000000000000000 bits5_26 0 0 197 31.18483 -834.73 0 0 0 0 0 0 0 0 0
0000000008000020 0000000000000000 bits5_27 0 0 237 31.36458 -650.67 0 0 0 0 0 0 0 0 0
0000000010000020 0000000000000000 bits5_28 0 0 82 31.59106 -418.75 0 0 0 0 0 0 0 0 0
0000000020000020 0000000000000000 bits5_29 0 0 388 30.94420 -1081.13 0 0 0 0 0 0 0 0 0
0000000040000020 0000000000000000 bits5_30 0 0 275 31.73437 -272.01 0 0 0 0 0 0 0 0 0
0000000080000020 0000000000000000 bits5_31 0 0 54 33.05301 1078.28 0 0 0 0 0 0 0 0 0
0000000100000020 0000000000000000 bits5_32 0 0 319 31.33892 -676.94 0 0 0 0 0 0 0 0 0
0000000200000020 0000000000000000 bits5_33 0 0 53 31.52817 -483.16 0 0 0 0 0 0 0 0 0
0000000400000020 0000000000000000 bits5_34 0 0 159 30.45146 -1585.70 0 0 0 0 0 0 0 0 0
0000000800000020 0000000000000000 bits5_35 0 0 20 30.94261 -1082.76 0 0 0 0 0 0 0 0 0
0000001000000020 0000000000000000 bits5_36 0 0 12 31.94271 -58.66 0 0 0 0 0 0 0 0 0
0000002000000020 0000000000000000 bits5_37 0 0 213 28.70923 -3369.75 0 0 0 0 0 3 10 40 118
0000004000000020 0000000000000000 bits5_38 0 0 13 31.86399 -139.27 0 0 0 0 0 0 0 0 0
0000008000000020 0000000000000000 bits5_39 0 0 2474 30.78647 -1242.66 0 0 0 0 0 0 0 0 0
0000010000000020 0000000000000000 bits5_40 0 0 18 30.29333 -1747.63 0 0 0 0 0 0 0 0 0
0000020000000020 0000000000000000 bits5_41 0 0 10 31.27417 -743.25 0 0 0 0 0 0 0 0 0
0000040000000020 0000000000000000 bits5_42 0 0 70 31.18765 -831.85 0 0 0 0 0 0 0 0 0
0000080000000020 0000000000000000 bits5_43 0 0 43 33.24184 1271.64 0 0 0 0 0 0 0 0 0
0000100000000020 0000000000000000 bits5_44 0 0 193 31.74914 -256.88 0 0 0 0 0 0 0 0 0
0000200000000020 0000000000000000 bits5_45 0 0 74 30.45237 -1584.78 0 0 0 0 0 0 0 0 0
0000400000000020 0000000000000000 bits5_46 0 0 58 30.55083 -1483.95 0 0 0 0 0 0 0 0 0
0000800000000020 0000000000000000 bits5_47 0 0 164 30.58238 -1451.64 0 0 0 0 0 0 0 0 0
0001000000000020 0000000000000000 bits5_48 0 0 21 31.57370 -436.53 0 0 0 0 0 0 0 0 0
0002000000000020 0000000000000000 bits5_49 0 0 1664 31.06791 -954.46 0 0 0 0 0 0 0 0 0
0004000000000020 0000000000000000 bits5_50 0 0 68 31.34619 -669.50 0 0 0 0 0 0 0 0 0
0008000000000020 0000000000000000 bits5_51 0 0 75 31.73539 -270.96 0 0 0 0 0 0 0 0 0
0010000000000020 0000000000000000 bits5_52 0 0 73 30.61011 -1423.25 0 0 0 0 0 0 0 0 0
0020000000000020 0000000000000000 bits5_53 0 0 17 32.03192 32.69 0 0 0 0 0 0 0 0 0
0040000000000020 0000000000000000 bits5_54 0 0 5 31.19739 -821.87 0 0 0 0 0 0 0 0 0
0080000000000020 0000000000000000 bits5_55 0 0 2 31.59285 -416.92 0 0 0 0 0 0 0 0 0
0100000000000020 0000000000000000 bits5_56 0 0 370 30.33397 -1706.01 0 0 0 0 0 0 0 0 0
0200000000000020 0000000000000000 bits5_57 0 0 1 31.22769 -790.85 0 0 0 0 0 0 0 0 0
0400000000000020 0000000000000000 bits5_58 0 0 11 31.55492 -455.76 0 0 0 0 0 0 0 0 0
0800000000000020 0000000000000000 bits5_59 0 0 1319 30.42718 -1610.57 0 0 0 0 0 0 0 0 0
1000000000000020 0000000000000000 bits5_60 0 0 7 31.79149 -213.51 0 0 0 0 0 0 0 0 0
2000000000000020 0000000000000000 bits5_61 0 0 46 31.42893 -584.78 0 0 0 0 0 0 0 0 0
4000000000000020 0000000000000000 bits5_62 0 0 22 31.64428 -364.25 0 0 0 0 0 0 0 0 0
8000000000000020 0000000000000000 bits5_63 0 0 5 32.36580 374.58 0 0 0 0 0 0 0 0 0
00000000000000c0 0000000000000000 bits6_7 0 0 19 30.34640 -1693.29 0 0 0 0 0 0 0 0 0
0000000000000140 0000000000000000 bits6_8 0 0 34 32.04195 42.96 0 0 0 0 0 0 0 0 0
0000000000000240 0000000000000000 bits6_9 0 0 63 30.97621 -1048.36 0 0 0 0 0 0 0 0 0
0000000000000440 0000000000000000 bits6_10 0 0 125 31.30963 -706.94 0 0 0 0 0 0 0 0 0
0000000000000840 0000000000000000 bits6_11 0 0 3358 30.68830 -1343.19 0 0 0 0 0 0 0 0 0
0000000000001040 0000000000000000 bits6_12 0 0 56 32.63800 653.31 0 0 0 0 0 0 0 0 0
0000000000002040 0000000000000000 bits6_13 0 0 32 31.87305 -130.00 0 0 0 0 0 0 0 0 0
0000000000004040 0000000000000000 bits6_14 0 0 22 31.34617 -669.52 0 0 0 0 0 0 0 0 1
0000000000008040 0000000000000000 bits6_15 0 0 23 31.92675 -75.01 0 0 0 0 0 0 0 0 0
0000000000010040 0000000000000000 bits6_16 0 1 624 30.56293 -1471.56 0 0 0 0 0 0 0 0 0
0000000000020040 0000000000000000 bits6_17 0 0 2306 31.64477 -363.76 0 0 0 0 0 0 0 0 0
0000000000040040 0000000000000000 bits6_18 0 0 194 31.28790 -729.19 0 0 0 0 0 0 0 0 0
0000000000080040 0000000000000000 bits6_19 0 0 247 30.39545 -1643.06 0 0 0 0 0 0 0 0 0
0000000000100040 0000000000000000 bits6_20 0 0 945 31.58224 -427.78 0 0 0 0 0 0 0 0 0
0000000000200040 0000000000000000 bits6_21 0 0 878 31.19650 -822.78 0 0 0 0 0 0 0 0 0
0000000000400040 0000000000000000 bits6_22 0 0 114 32.04994 51.14 0 0 0 0 0 0 0 0 0
0000000000800040 0000000000000000 bits6_23 0 0 49 30.52592 -1509.46 0 0 0 0 0 0 0 0 0
0000000001000040 0000000000000000 bits6_24 0 0 36 31.58132 -428.73 0 0 0 0 0 0 0 0 0
0000000002000040 0000000000000000 bits6_25 0 0 139 31.26777 -749.80 0 0 0 0 0 0 0 0 0
0000000004000040 0000000000000000 bits6_26 0 0 33 30.71010 -1320.86 0 0 0 0 0 0 0 0 0
0000000008000040 0000000000000000 bits6_27 0 0 105 31.67666 -331.10 0 0 0 0 0 0 0 0 0
0000000010000040 0000000000000000 bits6_28 0 0 1916 31.34633 -669.35 0 0 0 0 0 0 0 0 0
0000000020000040 0000000000000000 bits6_29 0 0 152 31.57066 -439.65 0 0 0 0 0 0 0 0 0
0000000040000040 0000000000000000 bits6_30 0 0 447 30.93458 -1090.99 0 0 0 0 0 0 0 0 0
0000000080000040 0000000000000000 bits6_31 0 0 256 31.75080 -255.18 0 0 0 0 0 0 0 0 0
0000000100000040 0000000000000000 bits6_32 0 0 69 33.07423 1100.01 0 0 0 0 0 0 0 0 0
0000000200000040 0000000000000000 bits6_33 0 0 492 31.33779 -678.10 0 0 0 0 0 0 0 0 0
0000000400000040 0000000000000000 bits6_34 0 0 27 31.53303 -478.18 0 0 0 0 0 0 0 0 0
0000000800000040 0000000000000000 bits6_35 0 0 154 30.44442 -1592.91 0 0 0 0 0 0 0 0 0
0000001000000040 0000000000000000 bits6_36 0 0 50 30.93082 -1094.84 0 0 0 0 0 0 0 0 0
0000002000000040 0000000000000000 bits6_37 0 0 24 31.91248 -89.62 0 0 0 0 0 0 0 0 0
0000004000000040 0000000000000000 bits6_38 0 0 141 28.63688 -3443.83 0 0 0 0 0 2 10 33 105
0000008000000040 0000000000000000 bits6_39 0 0 22 31.78595 -219.18 0 0 0 0 0 0 0 0 0
0000010000000040 0000000000000000 bits6_40 0 0 4048 30.75407 -1275.83 0 0 0 0 0 0 0 0 0
0000020000000040 0000000000000000 bits6_41 0 0 12 30.25824 -1783.57 0 0 0 0 0 0 0 0 0
0000040000000040 0000000000000000 bits6_42 0 0 23 31.34760 -668.06 0 0 0 0 0 0 0 0 0
0000080000000040 0000000000000000 bits6_43 0 0 52 31.39791 -616.54 0 0 0 0 0 0 0 0 0
0000100000000040 0000000000000000 bits6_44 0 0 53 33.09267 1118.89 0 0 0 0 0 0 0 0 0
0000200000000040 0000000000000000 bits6_45 0 0 192 31.44471 -568.62 0 0 0 0 0 0 0 0 0
0000400000000040 0000000000000000 bits6_46 0 0 71 30.14905 -1895.38 0 0 0 0 0 0 0 0 0
0000800000000040 0000000000000000 bits6_47 0 0 33 30.61710 -1416.09 0 0 0 0 0 0 0 0 0
0001000000000040 0000000000000000 bits6_48 0 0 146 31.19010 -829.34 0 0 0 0 0 0 0 0 0
0002000000000040 0000000000000000 bits6_49 0 0 32 31.42087 -593.03 0 0 0 0 0 0 0 0 0
0004000000000040 0000000000000000 bits6_50 0 0 807 31.13177 -889.07 0 0 0 0 0 0 0 0 0
0008000000000040 0000000000000000 bits6_51 0 0 307 31.56187 -448.64 0 0 0 0 0 0 0 0 0
0010000000000040 0000000000000000 bits6_52 0 0 3615 31.72014 -286.58 0 0 0 0 0 0 0 0 0
0020000000000040 0000000000000000 bits6_53 0 0 1791 30.58930 -1444.56 0 0 0 0 0 0 0 0 0
0040000000000040 0000000000000000 bits6_54 0 0 28 32.06420 65.74 0 0 0 0 0 0 0 0 0
0080000000000040 0000000000000000 bits6_55 0 0 6 31.14836 -872.08 0 0 0 0 0 0 0 0 0
0100000000000040 0000000000000000 bits6_56 0 0 3 31.51824 -493.32 0 0 0 0 0 0 0 0 0
0200000000000040 0000000000000000 bits6_57 0 0 549 30.25799 -1783.82 0 0 0 0 0 0 0 0 0
0400000000000040 0000000000000000 bits6_58 0 0 0 31.20734 -811.68 0 0 0 0 0 0 0 0 0
0800000000000040 0000000000000000 bits6_59 0 0 10 31.77900 -226.30 0 0 0 0 0 0 0 0 0
1000000000000040 0000000000000000 bits6_60 0 0 2465 29.89220 -2158.39 0 0 0 0 0 0 0 0 0
2000000000000040 0000000000000000 bits6_61 0 0 14 31.28222 -735.00 0 0 0 0 0 0 0 0 0
4000000000000040 0000000000000000 bits6_62 0 0 65 31.01356 -1010.12 0 0 0 0 0 0 0 0 0
8000000000000040 0000000000000000 bits6_63 0 0 22 31.15482 -865.46 0 0 0 0 0 0 0 0 0
0000000000000180 0000000000000000 bits7_8 0 0 17 30.34702 -1692.65 0 0 0 0 0 0 0 0 0
0000000000000280 0000000000000000 bits7_9 0 0 27 32.04147 42.47 0 0 0 0 0 0 0 0 0
0000000000000480 0000000000000000 bits7_10 0 0 65 30.97586 -1048.72 0 0 0 0 0 0 0 0 0
0000000000000880 0000000000000000 bits7_11 0 0 181 31.30691 -709.73 0 0 0 0 0 0 0 0 0
0000000000001080 0000000000000000 bits7_12 0 0 927 30.68741 -1344.09 0 0 0 0 0 0 0 0 0
0000000000002080 0000000000000000 bits7_13 0 0 63 32.63940 654.74 0 0 0 0 0 0 0 0 0
0000000000004080 0000000000000000 bits7_14 0 0 40 31.87261 -130.45 0 0 0 0 0 0 0 0 0
0000000000008080 0000000000000000 bits7_15 0 0 37 31.34571 -670.00 0 0 0 0 0 0 0 0 0
0000000000010080 0000000000000000 bits7_16 0 0 211 31.92623 -75.54 0 0 0 0 0 0 0 0 0
0000000000020080 0000000000000000 bits7_17 0 0 478 30.56196 -1472.55 0 0 0 0 0 0 0 0 0
0000000000040080 0000000000000000 bits7_18 0 0 1474 31.64333 -365.23 0 0 0 0 0 0 0 0 0
0000000000080080 0000000000000000 bits7_19 0 0 68 31.28941 -727.64 0 0 0 0 0 0 0 0 0
0000000000100080 0000000000000000 bits7_20 0 0 166 30.39187 -1646.73 0 0 0 0 0 0 0 0 0
0000000000200080 0000000000000000 bits7_21 0 0 1079 31.57619 -433.98 0 0 0 0 0 0 0 0 0
0000000000400080 0000000000000000 bits7_22 0 0 271 31.22181 -796.87 0 0 0 0 0 0 0 0 0
0000000000800080 0000000000000000 bits7_23 0 0 51 32.00490 5.02 0 0 0 0 0 0 0 0 0
0000000001000080 0000000000000000 bits7_24 0 0 69 30.46094 -1576.00 0 0 0 0 0 0 0 0 0
0000000002000080 0000000000000000 bits7_25 0 0 35 31.49256 -519.62 0 0 0 0 0 0 0 0 0
0000000004000080 0000000000000000 bits7_26 0 0 132 31.13450 -886.27 0 0 0 0 0 0 0 0 0
0000000008000080 0000000000000000 bits7_27 0 0 148 31.27776 -739.57 0 0 0 0 0 0 0 0 0
0000000010000080 0000000000000000 bits7_28 0 0 73 31.66152 -346.61 0 0 0 0 0 0 0 0 0
0000000020000080 0000000000000000 bits7_29 0 0 1556 31.32921 -686.89 0 0 0 0 0 0 0 0 0
0000000040000080 0000000000000000 bits7_30 0 0 120 31.56470 -445.74 0 0 0 0 0 0 0 0 0
0000000080000080 0000000000000000 bits7_31 0 0 450 30.94587 -1079.43 0 0 0 0 0 0 0 0 0
0000000100000080 0000000000000000 bits7_32 0 0 127 31.78182 -223.41 0 0 0 0 0 0 0 0 0
0000000200000080 0000000000000000 bits7_33 0 0 39 33.07256 1098.31 0 0 0 0 0 0 0 0 0
0000000400000080 0000000000000000 bits7_34 0 0 203 31.34054 -675.29 0 0 0 0 0 0 0 0 0
0000000800000080 0000000000000000 bits7_35 0 0 21 31.52512 -486.28 0 0 0 0 0 0 0 0 0
0000001000000080 0000000000000000 bits7_36 0 0 191 30.43352 -1604.07 0 0 0 0 0 0 0 0 0
0000002000000080 0000000000000000 bits7_37 0 0 61 30.90889 -1117.30 0 0 0 0 0 0 0 0 0
0000004000000080 0000000000000000 bits7_38 0 0 91 31.86261 -140.68 0 0 0 0 0 0 0 0 0
0000008000000080 0000000000000000 bits7_39 0 0 96 28.57410 -3508.12 0 0 0 0 0 2 6 35 112
0000010000000080 0000000000000000 bits7_40 0 0 28 31.74257 -263.60 0 0 0 0 0 0 0 0 0
0000020000000080 0000000000000000 bits7_41 0 0 4816 30.76767 -1261.90 0 0 0 0 0 0 0 0 0
0000040000000080 0000000000000000 bits7_42 0 0 17 30.31714 -1723.25 0 0 0 0 0 0 0 0 0
0000080000000080 0000000000000000 bits7_43 0 0 29 31.57485 -435.35 0 0 0 0 0 0 0 0 0
0000100000000080 0000000000000000 bits7_44 0 0 51 31.24452 -773.61 0 0 0 0 0 0 0 0 0
0000200000000080 0000000000000000 bits7_45 0 0 64 33.05059 1075.80 0 0 0 0 0 0 0 0 0
0000400000000080 0000000000000000 bits7_46 0 0 179 31.35550 -659.97 0 0 0 0 0 0 0 0 0
0000800000000080 0000000000000000 bits7_47 0 0 46 30.23416 -1808.22 0 0 0 0 0 0 0 0 0
0001000000000080 0000000000000000 bits7_48 0 0 150 31.46847 -544.29 0 0 0 0 0 0 0 0 0
0002000000000080 0000000000000000 bits7_49 0 0 226 31.07946 -942.63 0 0 0 0 0 0 0 0 0
0004000000000080 0000000000000000 bits7_50 0 0 375 31.46168 -551.24 0 0 0 0 0 0 0 0 0
0008000000000080 0000000000000000 bits7_51 0 0 193 31.27475 -742.65 0 0 0 0 0 0 0 0 0
0010000000000080 0000000000000000 bits7_52 0 0 52 31.55224 -458.51 0 0 0 0 0 0 0 0 0
0020000000000080 0000000000000000 bits7_53 0 0 3547 31.71162 -295.30 0 0 0 0 0 0 0 0 0
0040000000000080 0000000000000000 bits7_54 0 0 335 30.61955 -1413.58 0 0 0 0 0 0 0 0 0
0080000000000080 0000000000000000 bits7_55 0 0 12 32.02948 30.18 0 0 0 0 0 0 0 0 0
0100000000000080 0000000000000000 bits7_56 0 0 5 31.10769 -913.73 0 0 0 0 0 0 0 0 0
0200000000000080 0000000000000000 bits7_57 0 0 3 31.47974 -532.74 0 0 0 0 0 0 0 0 0
0400000000000080 0000000000000000 bits7_58 0 0 751 30.26375 -1777.92 0 0 0 0 0 0 0 0 0
0800000000000080 0000000000000000 bits7_59 0 0 0 31.31578 -700.64 0 0 0 0 0 0 0 0 0
1000000000000080 0000000000000000 bits7_60 0 0 10 31.81217 -192.34 0 0 0 0 0 0 0 0 0
2000000000000080 0000000000000000 bits7_61 0 0 3795 29.93133 -2118.32 0 0 0 0 0 0 0 1 0
4000000000000080 0000000000000000 bits7_62 0 0 18 31.24236 -775.82 0 0 0 0 0 0 0 0 0
8000000000000080 0000000000000000 bits7_63 0 0 88 30.63109 -1401.76 0 0 0 0 0 0 0 0 0
0000000000000300 0000000000000000 bits8_9 0 0 17 30.34801 -1691.64 0 0 0 0 0 0 0 0 0
0000000000000500 0000000000000000 bits8_10 0 0 21 32.04029 41.25 0 0 0 0 0 0 0 0 0
0000000000000900 0000000000000000 bits8_11 0 0 48 30.97481 -1049.79 0 0 0 0 0 0 0 0 0
0000000000001100 0000000000000000 bits8_12 0 0 82 31.30813 -708.48 0 0 0 0 0 0 0 0 0
0000000000002100 0000000000000000 bits8_13 0 0 848 30.68737 -1344.13 0 0 0 0 0 0 0 0 0
0000000000004100 0000000000000000 bits8_14 0 0 60 32.63718 652.47 0 0 0 0 0 0 0 0 0
0000000000008100 0000000000000000 bits8_15 0 0 34 31.87318 -129.87 0 0 0 0 0 0 0 0 0
