# variant=10 W=1 log2keys=24 seed=4119 mode=R N=16777216
# d0 d1 name coll low32 low16 meanpop z hist0..8
0000000000000001 0000000000000000 bit0 0 0 3 27.64738 -4457.09 0 0 0 0 0 0 0 0 0
0000000000000002 0000000000000000 bit1 0 0 0 27.64555 -4458.96 0 0 0 0 0 0 0 0 0
0000000000000004 0000000000000000 bit2 0 0 0 27.64952 -4454.89 0 0 0 0 0 0 0 0 0
0000000000000008 0000000000000000 bit3 0 0 2 27.64782 -4456.63 0 0 0 0 0 0 0 0 0
0000000000000010 0000000000000000 bit4 0 0 3 27.64707 -4457.40 0 0 0 0 0 0 0 0 0
0000000000000020 0000000000000000 bit5 0 0 5 27.64768 -4456.77 0 0 0 0 0 0 0 0 0
0000000000000040 0000000000000000 bit6 0 0 16 27.64866 -4455.77 0 0 0 0 0 0 0 0 0
0000000000000080 0000000000000000 bit7 0 0 5 27.64721 -4457.26 0 0 0 0 0 0 0 0 0
0000000000000100 0000000000000000 bit8 0 0 7 27.64574 -4458.77 0 0 0 0 0 0 0 0 0
0000000000000200 0000000000000000 bit9 0 0 6 27.64759 -4456.86 0 0 0 0 0 0 0 0 0
0000000000000400 0000000000000000 bit10 0 0 5 27.64647 -4458.01 0 0 0 0 0 0 0 0 0
0000000000000800 0000000000000000 bit11 0 0 3 27.64492 -4459.61 0 0 0 0 0 0 0 0 0
0000000000001000 0000000000000000 bit12 0 0 1 27.64478 -4459.75 0 0 0 0 0 0 0 0 0
0000000000002000 0000000000000000 bit13 0 0 5 27.64779 -4456.66 0 0 0 0 0 0 0 0 0
0000000000004000 0000000000000000 bit14 0 0 4 27.64564 -4458.86 0 0 0 0 0 0 0 0 0
0000000000008000 0000000000000000 bit15 0 0 0 27.64366 -4460.89 0 0 0 0 0 0 0 0 0
0000000000010000 0000000000000000 bit16 0 0 2853 27.64794 -4456.51 0 0 0 0 0 0 0 0 0
0000000000020000 0000000000000000 bit17 0 0 2100 27.64605 -4458.45 0 0 0 0 0 0 0 0 0
0000000000040000 0000000000000000 bit18 0 0 1303 27.64797 -4456.48 0 0 0 0 0 0 0 0 0
0000000000080000 0000000000000000 bit19 0 0 187 27.65067 -4453.71 0 0 0 0 0 0 0 0 0
0000000000100000 0000000000000000 bit20 0 0 53 27.64255 -4462.03 0 0 0 0 0 0 0 0 0
0000000000200000 0000000000000000 bit21 0 0 43 27.64042 -4464.21 0 0 0 0 0 0 0 0 0
0000000000400000 0000000000000000 bit22 0 0 24 27.66003 -4444.13 0 0 0 0 0 0 0 0 0
0000000000800000 0000000000000000 bit23 0 0 9 27.52649 -4580.88 0 0 0 0 0 0 0 0 0
0000000001000000 0000000000000000 bit24 0 0 17 27.30335 -4809.37 0 0 0 0 0 0 0 0 0
0000000002000000 0000000000000000 bit25 0 0 9 26.98520 -5135.16 0 0 0 0 0 0 0 0 0
0000000004000000 0000000000000000 bit26 0 0 18 26.65643 -5471.82 0 0 0 0 0 0 0 0 0
0000000008000000 0000000000000000 bit27 0 0 156 27.66645 -4437.56 0 0 0 0 0 0 0 0 0
0000000010000000 0000000000000000 bit28 0 0 95 27.64019 -4464.44 0 0 0 0 0 0 0 0 0
0000000020000000 0000000000000000 bit29 0 0 61 27.61079 -4494.56 0 0 0 0 0 0 0 0 0
0000000040000000 0000000000000000 bit30 0 0 65 27.59875 -4506.88 0 0 0 0 0 0 0 0 0
0000000080000000 0000000000000000 bit31 0 0 68 27.61193 -4493.38 0 0 0 0 0 0 0 0 0
0000000100000000 0000000000000000 bit32 0 0 18 27.65235 -4451.99 0 0 0 0 0 0 0 0 0
0000000200000000 0000000000000000 bit33 0 0 3 27.64682 -4457.66 0 0 0 0 0 0 0 0 0
0000000400000000 0000000000000000 bit34 0 0 4 27.65246 -4451.89 0 0 0 0 0 0 0 0 0
0000000800000000 0000000000000000 bit35 0 0 3 27.63932 -4465.33 0 0 0 0 0 0 0 0 0
0000001000000000 0000000000000000 bit36 0 0 6 27.62286 -4482.19 0 0 0 0 0 0 0 0 0
0000002000000000 0000000000000000 bit37 0 0 5 27.56783 -4538.54 0 0 0 0 0 0 0 0 0
0000004000000000 0000000000000000 bit38 0 0 2 27.45137 -4657.80 0 0 0 0 0 0 0 0 0
0000008000000000 0000000000000000 bit39 0 0 4 27.33224 -4779.78 0 0 0 0 0 0 0 0 0
0000010000000000 0000000000000000 bit40 0 0 6 27.37185 -4739.23 0 0 0 0 0 0 0 0 0
0000020000000000 0000000000000000 bit41 0 0 6 27.23546 -4878.88 0 0 0 0 0 0 0 0 0
0000040000000000 0000000000000000 bit42 0 0 10 27.30080 -4811.98 0 0 0 0 0 0 0 0 0
0000080000000000 0000000000000000 bit43 0 0 8 27.76278 -4338.91 0 0 0 0 0 0 0 0 0
0000100000000000 0000000000000000 bit44 0 0 1 27.39245 -4718.13 0 0 0 0 0 0 0 0 0
0000200000000000 0000000000000000 bit45 0 0 9 26.82821 -5295.91 0 0 0 0 0 0 0 0 0
0000400000000000 0000000000000000 bit46 0 0 5 26.30350 -5833.22 0 0 0 0 0 0 0 0 0
0000800000000000 0000000000000000 bit47 0 0 2 26.32490 -5811.30 0 0 0 0 0 0 0 0 0
0001000000000000 0000000000000000 bit48 0 0 24 27.39763 -4712.83 0 0 0 0 0 0 0 0 0
0002000000000000 0000000000000000 bit49 0 0 24 27.17664 -4939.12 0 0 0 0 0 0 0 0 0
0004000000000000 0000000000000000 bit50 0 0 126402 27.29657 -4816.31 0 0 0 0 0 0 0 0 0
0008000000000000 0000000000000000 bit51 0 0 220 27.66027 -4443.89 0 0 0 0 0 0 0 0 0
0010000000000000 0000000000000000 bit52 0 0 0 27.63918 -4465.48 0 0 0 0 0 0 0 0 0
0020000000000000 0000000000000000 bit53 0 0 0 27.61311 -4492.18 0 0 0 0 0 0 0 0 0
0040000000000000 0000000000000000 bit54 0 0 0 27.65538 -4448.89 0 0 0 0 0 0 0 0 0
0080000000000000 0000000000000000 bit55 0 0 0 27.61179 -4493.53 0 0 0 0 0 0 0 0 0
0100000000000000 0000000000000000 bit56 0 0 0 27.50208 -4605.87 0 0 0 0 0 0 0 0 0
0200000000000000 0000000000000000 bit57 0 0 0 27.37681 -4734.14 0 0 0 0 0 0 0 0 0
0400000000000000 0000000000000000 bit58 0 0 0 27.30785 -4804.76 0 0 0 0 0 0 0 0 0
0800000000000000 0000000000000000 bit59 0 0 0 27.62025 -4484.86 0 0 0 0 0 0 0 0 0
1000000000000000 0000000000000000 bit60 0 0 0 26.75752 -5368.30 0 0 0 0 0 0 0 0 0
2000000000000000 0000000000000000 bit61 0 0 0 25.90988 -6236.28 0 0 0 0 0 0 0 0 0
4000000000000000 0000000000000000 bit62 0 0 0 25.34274 -6817.04 0 0 0 0 0 0 0 0 0
8000000000000000 0000000000000000 bit63 0 0 0 23.69975 -8499.45 0 0 0 0 0 0 0 0 0
0000000000000003 0000000000000000 bits0_1 0 0 1 30.34759 -1692.06 0 0 0 0 0 0 0 0 0
0000000000000005 0000000000000000 bits0_2 0 0 4 32.04363 44.68 0 0 0 0 0 0 0 0 0
0000000000000009 0000000000000000 bits0_3 0 0 181 30.97589 -1048.69 0 0 0 0 0 0 0 0 0
0000000000000011 0000000000000000 bits0_4 0 0 11 31.30818 -708.43 0 0 0 0 0 0 0 0 0
0000000000000021 0000000000000000 bits0_5 0 0 57 30.68818 -1343.30 0 0 0 0 0 0 0 0 0
0000000000000041 0000000000000000 bits0_6 0 0 31 32.63751 652.81 0 0 0 0 0 0 0 0 0
0000000000000081 0000000000000000 bits0_7 0 0 38 31.87245 -130.61 0 0 0 0 0 0 0 0 0
0000000000000101 0000000000000000 bits0_8 0 0 125 31.34555 -670.15 0 0 0 0 0 0 0 0 0
0000000000000201 0000000000000000 bits0_9 0 0 31 31.92764 -74.10 0 0 0 0 0 0 0 0 0
0000000000000401 0000000000000000 bits0_10 0 0 2104 30.56266 -1471.83 0 0 0 0 0 0 0 0 0
0000000000000801 0000000000000000 bits0_11 0 0 50 31.64385 -364.70 0 0 0 0 0 0 0 0 0
0000000000001001 0000000000000000 bits0_12 0 0 5 31.28664 -730.48 0 0 0 0 0 0 0 0 0
0000000000002001 0000000000000000 bits0_13 0 0 423 30.39232 -1646.26 0 0 0 0 0 0 0 0 0
0000000000004001 0000000000000000 bits0_14 0 0 5 31.58554 -424.41 0 0 0 0 0 0 0 0 0
0000000000008001 0000000000000000 bits0_15 0 0 10 31.20399 -815.12 0 0 0 0 0 0 0 0 0
0000000000010001 0000000000000000 bits0_16 0 0 60 32.02905 29.75 0 0 0 0 0 0 0 0 0
0000000000020001 0000000000000000 bits0_17 0 0 30 30.61042 -1422.93 0 0 0 0 0 0 0 0 0
0000000000040001 0000000000000000 bits0_18 0 0 185 31.73333 -273.07 0 0 0 0 0 0 0 0 0
0000000000080001 0000000000000000 bits0_19 0 0 34 31.54772 -463.14 0 0 0 0 0 0 0 0 0
0000000000100001 0000000000000000 bits0_20 0 0 46 31.27511 -742.29 0 0 0 0 0 0 0 0 0
0000000000200001 0000000000000000 bits0_21 0 0 511 31.67219 -335.68 0 0 0 0 0 0 0 0 0
0000000000400001 0000000000000000 bits0_22 0 0 145 31.31190 -704.61 0 0 0 0 0 0 0 0 0
0000000000800001 0000000000000000 bits0_23 0 0 58 31.63199 -376.84 0 0 0 0 0 0 0 0 0
0000000001000001 0000000000000000 bits0_24 0 0 1468 31.01785 -1005.73 0 0 0 0 0 0 0 0 0
0000000002000001 0000000000000000 bits0_25 0 0 138 31.84985 -153.75 0 0 0 0 0 0 0 0 0
0000000004000001 0000000000000000 bits0_26 0 0 34 33.20798 1236.97 0 0 0 0 0 0 0 0 0
0000000008000001 0000000000000000 bits0_27 0 0 150 31.31987 -696.45 0 0 0 0 0 0 0 0 0
0000000010000001 0000000000000000 bits0_28 0 0 147 31.54610 -464.80 0 0 0 0 0 0 0 0 0
0000000020000001 0000000000000000 bits0_29 0 0 97 30.46812 -1568.65 0 0 0 0 0 0 0 0 0
0000000040000001 0000000000000000 bits0_30 0 0 71 30.95029 -1074.90 0 0 0 0 0 0 0 0 0
0000000080000001 0000000000000000 bits0_31 0 0 48 31.93617 -65.37 0 0 0 0 0 0 0 0 0
0000000100000001 0000000000000000 bits0_32 0 0 8866 28.72764 -3350.90 0 0 0 1 0 2 7 40 130
0000000200000001 0000000000000000 bits0_33 0 0 88 31.93701 -64.50 0 0 0 0 0 0 0 0 0
0000000400000001 0000000000000000 bits0_34 0 0 61 30.93684 -1088.68 0 0 0 0 0 0 0 0 0
0000000800000001 0000000000000000 bits0_35 0 0 50 30.46359 -1573.29 0 0 0 0 0 0 0 0 0
0000001000000001 0000000000000000 bits0_36 0 0 31 31.54396 -466.98 0 0 0 0 0 0 0 0 0
0000002000000001 0000000000000000 bits0_37 0 0 66 31.36199 -653.33 0 0 0 0 0 0 0 0 0
0000004000000001 0000000000000000 bits0_38 0 0 61 33.13825 1165.57 0 0 0 0 0 0 0 0 0
0000008000000001 0000000000000000 bits0_39 0 0 139 31.86362 -139.65 0 0 0 0 0 0 0 0 0
0000010000000001 0000000000000000 bits0_40 0 0 92 31.08263 -939.39 0 0 0 0 0 0 0 0 0
0000020000000001 0000000000000000 bits0_41 0 0 47 31.59705 -412.62 0 0 0 0 0 0 0 0 0
0000040000000001 0000000000000000 bits0_42 0 0 65 31.34326 -672.50 0 0 0 0 0 0 0 0 0
0000080000000001 0000000000000000 bits0_43 0 0 36 31.66800 -339.97 0 0 0 0 0 0 0 0 0
0000100000000001 0000000000000000 bits0_44 0 0 9 31.42852 -585.19 0 0 0 0 0 0 0 0 0
0000200000000001 0000000000000000 bits0_45 0 0 58 31.72101 -285.69 0 0 0 0 0 0 0 0 0
0000400000000001 0000000000000000 bits0_46 0 0 12 31.92533 -76.46 0 0 0 0 0 0 0 0 0
0000800000000001 0000000000000000 bits0_47 0 0 296 30.40400 -1634.30 0 0 0 0 0 0 0 0 0
0001000000000001 0000000000000000 bits0_48 0 0 7 32.19911 203.89 0 0 0 0 0 0 0 0 0
0002000000000001 0000000000000000 bits0_49 0 0 9 31.37277 -642.28 0 0 0 0 0 0 0 0 0
0004000000000001 0000000000000000 bits0_50 0 0 44 31.58356 -426.43 0 0 0 0 0 0 0 0 0
0008000000000001 0000000000000000 bits0_51 0 0 164 30.38239 -1656.43 0 0 0 0 0 0 0 0 0
0010000000000001 0000000000000000 bits0_52 0 0 24 31.30269 -714.05 0 0 0 0 0 0 0 0 0
0020000000000001 0000000000000000 bits0_53 0 0 9 31.66895 -339.00 0 0 0 0 0 0 0 0 0
0040000000000001 0000000000000000 bits0_54 0 0 267 30.52201 -1513.46 0 0 0 0 0 0 0 0 0
0080000000000001 0000000000000000 bits0_55 0 0 61 31.98591 -14.43 0 0 0 0 0 0 0 0 0
0100000000000001 0000000000000000 bits0_56 0 0 184 31.39977 -614.63 0 0 0 0 0 0 0 0 0
0200000000000001 0000000000000000 bits0_57 0 0 100 31.91766 -84.32 0 0 0 0 0 0 0 0 0
0400000000000001 0000000000000000 bits0_58 0 0 41 32.62400 638.97 0 0 0 0 0 0 0 0 0
0800000000000001 0000000000000000 bits0_59 0 0 40 30.30277 -1737.96 0 0 0 0 0 0 0 0 0
1000000000000001 0000000000000000 bits0_60 0 0 17 31.55103 -459.75 0 0 0 0 0 0 0 0 0
2000000000000001 0000000000000000 bits0_61 0 0 73 31.13931 -881.34 0 0 0 0 0 0 0 0 0
4000000000000001 0000000000000000 bits0_62 0 0 6 31.88730 -115.41 0 0 0 0 0 0 0 0 0
8000000000000001 0000000000000000 bits0_63 0 0 5 31.12305 -897.99 0 0 0 0 0 0 0 0 0
0000000000000006 0000000000000000 bits1_2 0 0 0 30.34886 -1690.76 0 0 0 0 0 0 0 0 0
000000000000000a 0000000000000000 bits1_3 0 0 2 32.04227 43.29 0 0 0 0 0 0 0 0 0
0000000000000012 0000000000000000 bits1_4 0 0 66 30.97382 -1050.81 0 0 0 0 0 0 0 0 0
0000000000000022 0000000000000000 bits1_5 0 0 13 31.30823 -708.37 0 0 0 0 0 0 0 0 0
0000000000000042 0000000000000000 bits1_6 0 0 163 30.68853 -1342.94 0 0 0 0 0 0 0 0 0
0000000000000082 0000000000000000 bits1_7 0 0 10 32.63707 652.36 0 0 0 0 0 0 0 0 0
0000000000000102 0000000000000000 bits1_8 0 0 24 31.87341 -129.63 0 0 0 0 0 0 0 0 0
0000000000000202 0000000000000000 bits1_9 0 0 64 31.34469 -671.04 0 0 0 0 0 0 0 0 0
0000000000000402 0000000000000000 bits1_10 0 0 34 31.92352 -78.31 0 0 0 0 0 0 0 0 0
0000000000000802 0000000000000000 bits1_11 0 0 1293 30.56385 -1470.62 0 0 0 0 0 0 0 0 0
0000000000001002 0000000000000000 bits1_12 0 0 75 31.64453 -364.00 0 0 0 0 0 0 0 0 0
0000000000002002 0000000000000000 bits1_13 0 0 5 31.28750 -729.60 0 0 0 0 0 0 0 0 0
0000000000004002 0000000000000000 bits1_14 0 0 298 30.39205 -1646.54 0 0 0 0 0 0 0 0 0
0000000000008002 0000000000000000 bits1_15 0 0 2 31.58452 -425.45 0 0 0 0 0 0 0 0 0
0000000000010002 0000000000000000 bits1_16 0 0 14 31.20264 -816.50 0 0 0 0 0 0 0 0 0
0000000000020002 0000000000000000 bits1_17 0 0 31 32.02824 28.92 0 0 0 0 0 0 0 0 0
0000000000040002 0000000000000000 bits1_18 0 0 37 30.61146 -1421.87 0 0 0 0 0 0 0 0 0
0000000000080002 0000000000000000 bits1_19 0 0 114 31.73522 -271.13 0 0 0 0 0 0 0 0 0
0000000000100002 0000000000000000 bits1_20 0 0 35 31.54467 -466.26 0 0 0 0 0 0 0 0 0
0000000000200002 0000000000000000 bits1_21 0 0 43 31.27668 -740.68 0 0 0 0 0 0 0 0 0
0000000000400002 0000000000000000 bits1_22 0 0 165 31.68647 -321.05 0 0 0 0 0 0 0 0 0
0000000000800002 0000000000000000 bits1_23 0 0 160 31.28027 -737.00 0 0 0 0 0 0 0 0 0
0000000001000002 0000000000000000 bits1_24 0 0 37 31.59430 -415.44 0 0 0 0 0 0 0 0 0
0000000002000002 0000000000000000 bits1_25 0 1 1044 30.98948 -1034.77 0 0 0 0 0 0 0 0 0
0000000004000002 0000000000000000 bits1_26 0 0 138 31.84501 -158.71 0 0 0 0 0 0 0 0 0
0000000008000002 0000000000000000 bits1_27 0 0 49 33.07924 1105.14 0 0 0 0 0 0 0 0 0
0000000010000002 0000000000000000 bits1_28 0 0 205 31.31553 -700.89 0 0 0 0 0 0 0 0 0
0000000020000002 0000000000000000 bits1_29 0 0 129 31.54110 -469.91 0 0 0 0 0 0 0 0 0
0000000040000002 0000000000000000 bits1_30 0 0 92 30.46565 -1571.17 0 0 0 0 0 0 0 0 0
0000000080000002 0000000000000000 bits1_31 0 0 62 30.94922 -1076.00 0 0 0 0 0 0 0 0 0
0000000100000002 0000000000000000 bits1_32 0 0 29 31.93711 -64.40 0 0 0 0 0 0 0 0 0
0000000200000002 0000000000000000 bits1_33 0 0 10263 28.72515 -3353.45 0 0 0 0 0 1 9 38 124
0000000400000002 0000000000000000 bits1_34 0 0 28 31.94154 -59.87 0 0 0 0 0 0 0 0 0
0000000800000002 0000000000000000 bits1_35 0 0 152 30.92323 -1102.61 0 0 0 0 0 0 0 0 0
0000001000000002 0000000000000000 bits1_36 0 0 9 30.44714 -1590.13 0 0 0 0 0 0 0 0 0
0000002000000002 0000000000000000 bits1_37 0 0 25 31.51528 -496.35 0 0 0 0 0 0 0 0 0
0000004000000002 0000000000000000 bits1_38 0 0 45 31.31871 -697.64 0 0 0 0 0 0 0 0 0
0000008000000002 0000000000000000 bits1_39 0 0 42 33.08493 1110.97 0 0 0 0 0 0 0 0 0
0000010000000002 0000000000000000 bits1_40 0 0 107 31.82268 -181.58 0 0 0 0 0 0 0 0 0
0000020000000002 0000000000000000 bits1_41 0 0 74 31.03234 -990.89 0 0 0 0 0 0 0 0 0
0000040000000002 0000000000000000 bits1_42 0 0 38 31.59662 -413.06 0 0 0 0 0 0 0 0 0
0000080000000002 0000000000000000 bits1_43 0 0 101 31.29509 -721.82 0 0 0 0 0 0 0 0 0
0000100000000002 0000000000000000 bits1_44 0 0 31 31.63808 -370.60 0 0 0 0 0 0 0 0 0
0000200000000002 0000000000000000 bits1_45 0 0 8 31.35169 -663.87 0 0 0 0 0 0 0 0 0
0000400000000002 0000000000000000 bits1_46 0 0 36 31.67784 -329.89 0 0 0 0 0 0 0 0 0
0000800000000002 0000000000000000 bits1_47 0 0 4 32.29701 304.14 0 0 0 0 0 0 0 0 0
0001000000000002 0000000000000000 bits1_48 0 0 394 30.50080 -1535.18 0 0 0 0 0 0 0 0 0
0002000000000002 0000000000000000 bits1_49 0 0 2 32.08950 91.64 0 0 0 0 0 0 0 0 0
0004000000000002 0000000000000000 bits1_50 0 0 0 31.37245 -642.61 0 0 0 0 0 0 0 0 0
0008000000000002 0000000000000000 bits1_51 0 0 7 31.59443 -415.31 0 0 0 0 0 0 0 0 0
0010000000000002 0000000000000000 bits1_52 0 0 286 30.36647 -1672.74 0 0 0 0 0 0 0 0 0
0020000000000002 0000000000000000 bits1_53 0 0 2 31.27809 -739.23 0 0 0 0 0 0 0 0 0
0040000000000002 0000000000000000 bits1_54 0 0 12 31.70233 -304.81 0 0 0 0 0 0 0 0 1
0080000000000002 0000000000000000 bits1_55 0 0 405 30.47088 -1565.82 0 0 0 0 0 0 0 0 0
0100000000000002 0000000000000000 bits1_56 0 0 8 31.91269 -89.41 0 0 0 0 0 0 0 0 0
0200000000000002 0000000000000000 bits1_57 0 0 11 31.32849 -687.63 0 0 0 0 0 0 0 0 0
0400000000000002 0000000000000000 bits1_58 0 0 13 31.91644 -85.56 0 0 0 0 0 0 0 0 0
0800000000000002 0000000000000000 bits1_59 0 0 12 32.82271 842.46 0 0 0 0 0 0 0 0 0
1000000000000002 0000000000000000 bits1_60 0 0 68 29.92307 -2126.78 0 0 0 0 0 0 0 0 1
2000000000000002 0000000000000000 bits1_61 0 0 8 31.17975 -839.94 0 0 0 0 0 0 0 0 0
4000000000000002 0000000000000000 bits1_62 0 0 1 31.16460 -855.45 0 0 0 0 0 0 0 0 0
8000000000000002 0000000000000000 bits1_63 0 0 0 31.78748 -217.62 0 0 0 0 0 0 0 0 0
000000000000000c 0000000000000000 bits2_3 0 0 0 30.34644 -1693.24 0 0 0 0 0 0 0 0 0
0000000000000014 0000000000000000 bits2_4 0 0 6 32.04005 41.01 0 0 0 0 0 0 0 0 0
0000000000000024 0000000000000000 bits2_5 0 0 89 30.97615 -1048.43 0 0 0 0 0 0 0 0 0
0000000000000044 0000000000000000 bits2_6 0 0 18 31.30863 -707.96 0 0 0 0 0 0 0 0 0
0000000000000084 0000000000000000 bits2_7 0 0 288 30.68866 -1342.82 0 0 0 0 0 0 0 0 0
0000000000000104 0000000000000000 bits2_8 0 0 21 32.63902 654.35 0 0 0 0 0 0 0 0 0
0000000000000204 0000000000000000 bits2_9 0 0 15 31.87588 -127.09 0 0 0 0 0 0 0 0 0
0000000000000404 0000000000000000 bits2_10 0 0 85 31.34552 -670.18 0 0 0 0 0 0 0 0 0
0000000000000804 0000000000000000 bits2_11 0 0 13 31.92505 -76.75 0 0 0 0 0 0 0 0 0
0000000000001004 0000000000000000 bits2_12 0 0 670 30.56271 -1471.78 0 0 0 0 0 0 0 0 0
0000000000002004 0000000000000000 bits2_13 0 0 114 31.64364 -364.92 0 0 0 0 0 0 0 0 0
0000000000004004 0000000000000000 bits2_14 0 0 5 31.28798 -729.10 0 0 0 0 0 0 0 0 0
0000000000008004 0000000000000000 bits2_15 0 0 287 30.39302 -1645.54 0 0 0 0 0 0 0 0 0
0000000000010004 0000000000000000 bits2_16 0 0 5 31.58366 -426.34 0 0 0 0 0 0 0 0 0
0000000000020004 0000000000000000 bits2_17 0 0 11 31.20330 -815.82 0 0 0 0 0 0 0 0 0
0000000000040004 0000000000000000 bits2_18 0 0 40 32.02963 30.34 0 0 0 0 0 0 0 0 0
0000000000080004 0000000000000000 bits2_19 0 0 33 30.60931 -1424.06 0 0 0 0 0 0 0 0 0
0000000000100004 0000000000000000 bits2_20 0 0 89 31.74292 -263.25 0 0 0 0 0 0 0 0 0
0000000000200004 0000000000000000 bits2_21 0 0 28 31.55847 -452.12 0 0 0 0 0 0 0 0 0
0000000000400004 0000000000000000 bits2_22 0 0 37 31.26577 -751.86 0 0 0 0 0 0 0 0 0
0000000000800004 0000000000000000 bits2_23 0 0 123 31.71020 -296.76 0 0 0 0 0 0 0 0 0
0000000001000004 0000000000000000 bits2_24 0 0 200 31.34639 -669.30 0 0 0 0 0 0 0 0 0
0000000002000004 0000000000000000 bits2_25 0 0 44 31.74379 -262.36 0 0 0 0 0 0 0 0 0
0000000004000004 0000000000000000 bits2_26 0 0 1055 31.26347 -754.21 0 0 0 0 0 0 0 0 0
0000000008000004 0000000000000000 bits2_27 0 0 131 31.77336 -232.07 0 0 0 0 0 0 0 0 0
0000000010000004 0000000000000000 bits2_28 0 0 37 33.08983 1115.98 0 0 0 0 0 0 0 0 0
0000000020000004 0000000000000000 bits2_29 0 0 188 31.33288 -683.13 0 0 0 0 0 0 0 0 0
0000000040000004 0000000000000000 bits2_30 0 0 134 31.54899 -461.83 0 0 0 0 0 0 0 0 0
0000000080000004 0000000000000000 bits2_31 0 0 97 30.46269 -1574.21 0 0 0 0 0 0 0 0 0
0000000100000004 0000000000000000 bits2_32 0 0 45 30.94437 -1080.97 0 0 0 0 0 0 0 0 0
0000000200000004 0000000000000000 bits2_33 0 0 15 31.93775 -63.74 0 0 0 0 0 0 0 0 0
0000000400000004 0000000000000000 bits2_34 0 0 1468 28.73040 -3348.07 0 0 0 0 0 0 11 41 122
0000000800000004 0000000000000000 bits2_35 0 0 8 31.93223 -69.40 0 0 0 0 0 0 0 0 0
0000001000000004 0000000000000000 bits2_36 0 0 268 30.90430 -1122.00 0 0 0 0 0 0 0 0 0
0000002000000004 0000000000000000 bits2_37 0 0 16 30.42106 -1616.84 0 0 0 0 0 0 0 0 0
0000004000000004 0000000000000000 bits2_38 0 0 21 31.53019 -481.09 0 0 0 0 0 0 0 0 0
0000008000000004 0000000000000000 bits2_39 0 0 44 31.33310 -682.91 0 0 0 0 0 0 0 0 0
0000010000000004 0000000000000000 bits2_40 0 0 48 33.09587 1122.17 0 0 0 0 0 0 0 0 0
0000020000000004 0000000000000000 bits2_41 0 0 117 31.80055 -204.24 0 0 0 0 0 0 0 0 0
0000040000000004 0000000000000000 bits2_42 0 0 75 30.98863 -1035.64 0 0 0 0 0 0 0 0 0
0000080000000004 0000000000000000 bits2_43 0 0 45 31.37292 -642.13 0 0 0 0 0 0 0 0 0
0000100000000004 0000000000000000 bits2_44 0 0 124 31.50288 -509.05 0 0 0 0 0 0 0 0 0
0000200000000004 0000000000000000 bits2_45 0 0 29 31.91399 -88.07 0 0 0 0 0 0 0 0 0
0000400000000004 0000000000000000 bits2_46 0 0 6 31.70941 -297.57 0 0 0 0 0 0 0 0 0
0000800000000004 0000000000000000 bits2_47 0 0 29 32.38877 398.10 0 0 0 0 0 0 0 0 0
0001000000000004 0000000000000000 bits2_48 0 0 16 31.74657 -259.51 0 0 0 0 0 0 0 0 0
0002000000000004 0000000000000000 bits2_49 0 0 630 30.50002 -1535.98 0 0 0 0 0 0 0 0 0
0004000000000004 0000000000000000 bits2_50 0 0 2 32.00381 3.90 0 0 0 0 0 0 0 0 0
0008000000000004 0000000000000000 bits2_51 0 0 5 31.21095 -807.99 0 0 0 0 0 0 0 0 0
0010000000000004 0000000000000000 bits2_52 0 0 1 31.58413 -425.85 0 0 0 0 0 0 0 0 0
0020000000000004 0000000000000000 bits2_53 0 0 522 30.34625 -1693.44 0 0 0 0 0 0 0 0 0
0040000000000004 0000000000000000 bits2_54 0 0 0 31.30448 -712.21 0 0 0 0 0 0 0 0 0
0080000000000004 0000000000000000 bits2_55 0 0 1 31.66163 -346.50 0 0 0 0 0 0 0 0 0
0100000000000004 0000000000000000 bits2_56 0 0 687 30.41341 -1624.67 0 0 0 0 0 0 0 0 0
0200000000000004 0000000000000000 bits2_57 0 0 13 31.85723 -146.19 0 0 0 0 0 0 0 0 0
0400000000000004 0000000000000000 bits2_58 0 0 35 31.32704 -689.11 0 0 0 0 0 0 0 0 0
0800000000000004 0000000000000000 bits2_59 0 0 32 31.94188 -59.52 0 0 0 0 0 0 0 0 0
1000000000000004 0000000000000000 bits2_60 0 0 7 32.66095 676.81 0 0 0 0 0 0 0 0 0
2000000000000004 0000000000000000 bits2_61 0 0 101 29.68426 -2371.31 0 0 0 0 0 0 0 0 0
4000000000000004 0000000000000000 bits2_62 0 0 6 31.11911 -902.03 0 0 0 0 0 0 0 0 0
8000000000000004 0000000000000000 bits2_63 0 0 1 30.49605 -1540.04 0 0 0 0 0 0 0 0 0
0000000000000018 0000000000000000 bits3_4 0 0 7 30.34804 -1691.61 0 0 0 0 0 0 0 0 0
0000000000000028 0000000000000000 bits3_5 0 0 3 32.04276 43.78 0 0 0 0 0 0 0 0 0
0000000000000048 0000000000000000 bits3_6 0 0 58 30.97733 -1047.21 0 0 0 0 0 0 0 0 0
0000000000000088 0000000000000000 bits3_7 0 0 180 31.30682 -709.82 0 0 0 0 0 0 0 0 0
0000000000000108 0000000000000000 bits3_8 0 0 25399 30.68736 -1344.14 0 0 0 0 0 0 0 0 0
0000000000000208 0000000000000000 bits3_9 0 0 23 32.63759 652.89 0 0 0 0 0 0 0 0 0
0000000000000408 0000000000000000 bits3_10 0 0 21 31.87381 -129.22 0 0 0 0 0 0 0 0 0
0000000000000808 0000000000000000 bits3_11 0 0 45 31.34539 -670.32 0 0 0 0 0 0 0 0 0
0000000000001008 0000000000000000 bits3_12 0 0 22 31.92510 -76.69 0 0 0 0 0 0 0 0 0
0000000000002008 0000000000000000 bits3_13 0 0 928 30.56293 -1471.56 0 0 0 0 0 0 0 0 0
0000000000004008 0000000000000000 bits3_14 0 0 146 31.64495 -363.57 0 0 0 0 0 0 0 0 0
0000000000008008 0000000000000000 bits3_15 0 0 1 31.28576 -731.38 0 0 0 0 0 0 0 0 0
0000000000010008 0000000000000000 bits3_16 0 0 176 30.39280 -1645.77 0 0 0 0 0 0 0 0 0
0000000000020008 0000000000000000 bits3_17 0 0 1124 31.58662 -423.30 0 0 0 0 0 0 0 0 0
0000000000040008 0000000000000000 bits3_18 0 0 4009 31.20691 -812.12 0 0 0 0 0 0 0 0 0
0000000000080008 0000000000000000 bits3_19 0 0 32 32.03431 35.13 0 0 0 0 0 0 0 0 0
0000000000100008 0000000000000000 bits3_20 0 0 22 30.60144 -1432.12 0 0 0 0 0 0 0 0 0
0000000000200008 0000000000000000 bits3_21 0 0 90 31.72731 -279.23 0 0 0 0 0 0 0 0 0
0000000000400008 0000000000000000 bits3_22 0 0 170 31.59937 -410.24 0 0 0 0 0 0 0 0 0
0000000000800008 0000000000000000 bits3_23 0 0 35 31.19583 -823.47 0 0 0 0 0 0 0 0 0
0000000001000008 0000000000000000 bits3_24 0 0 166 31.59005 -419.79 0 0 0 0 0 0 0 0 0
0000000002000008 0000000000000000 bits3_25 0 0 240 31.17456 -845.25 0 0 0 0 0 0 0 0 0
0000000004000008 0000000000000000 bits3_26 0 0 48 31.47823 -534.29 0 0 0 0 0 0 0 0 0
0000000008000008 0000000000000000 bits3_27 0 0 585 30.98386 -1040.53 0 0 0 0 0 0 0 0 0
0000000010000008 0000000000000000 bits3_28 0 0 339 31.75075 -255.23 0 0 0 0 0 0 0 0 0
0000000020000008 0000000000000000 bits3_29 0 0 56 33.06800 1093.63 0 0 0 0 0 0 0 0 0
