# variant=10 W=1 log2keys=24 seed=4119 mode=R N=16777216
# d0 d1 name coll low32 low16 meanpop z hist0..8
0100000100000000 0000000000000000 bits32_56 0 0 269 31.01397 -1009.69 0 0 0 0 0 0 0 0 0
0200000100000000 0000000000000000 bits32_57 0 0 129 31.84829 -155.35 0 0 0 0 0 0 0 0 0
0400000100000000 0000000000000000 bits32_58 0 0 110 33.14535 1172.84 0 0 0 0 0 0 0 0 0
0800000100000000 0000000000000000 bits32_59 0 0 314 31.09698 -924.70 0 0 0 0 0 0 0 0 0
1000000100000000 0000000000000000 bits32_60 0 0 90 31.84513 -158.58 0 0 0 0 0 0 0 0 0
2000000100000000 0000000000000000 bits32_61 0 0 160 30.58051 -1453.56 0 0 0 0 0 0 0 0 0
4000000100000000 0000000000000000 bits32_62 0 0 37 30.95705 -1067.98 0 0 0 0 0 0 0 0 0
8000000100000000 0000000000000000 bits32_63 0 0 84 31.13904 -881.63 0 0 0 0 0 0 0 0 0
0000000600000000 0000000000000000 bits33_34 0 0 81 30.34673 -1692.95 0 0 0 0 0 0 0 0 0
0000000a00000000 0000000000000000 bits33_35 0 0 221 32.03861 39.54 0 0 0 0 0 0 0 0 0
0000001200000000 0000000000000000 bits33_36 0 0 26 30.98452 -1039.85 0 0 0 0 0 0 0 0 0
0000002200000000 0000000000000000 bits33_37 0 0 35 31.29990 -716.90 0 0 0 0 0 0 0 0 0
0000004200000000 0000000000000000 bits33_38 0 0 80 30.65467 -1377.62 0 0 0 0 0 0 0 0 0
0000008200000000 0000000000000000 bits33_39 0 0 79 32.65832 674.12 0 0 0 0 0 0 0 0 0
0000010200000000 0000000000000000 bits33_40 0 0 225 31.96602 -34.80 0 0 0 0 0 0 0 0 0
0000020200000000 0000000000000000 bits33_41 0 0 125 31.26407 -753.59 0 0 0 0 0 0 0 0 0
0000040200000000 0000000000000000 bits33_42 0 0 107 32.02718 27.83 0 0 0 0 0 0 0 0 0
0000080200000000 0000000000000000 bits33_43 0 0 183 30.74263 -1287.55 0 0 0 0 0 0 0 0 0
0000100200000000 0000000000000000 bits33_44 0 0 58 31.23659 -781.73 0 0 0 0 0 0 0 0 0
0000200200000000 0000000000000000 bits33_45 0 0 497 31.23620 -782.13 0 0 0 0 0 0 0 0 0
0000400200000000 0000000000000000 bits33_46 0 0 85 30.38044 -1658.43 0 0 0 0 0 0 0 0 0
0000800200000000 0000000000000000 bits33_47 0 0 61 31.59762 -412.03 0 0 0 0 0 0 0 0 0
0001000200000000 0000000000000000 bits33_48 0 0 154 31.10212 -919.42 0 0 0 0 0 0 0 0 0
0002000200000000 0000000000000000 bits33_49 0 0 16 32.10096 103.38 0 0 0 0 0 0 0 0 0
0004000200000000 0000000000000000 bits33_50 0 0 36 30.76865 -1260.90 0 0 0 0 0 0 0 0 0
0008000200000000 0000000000000000 bits33_51 0 0 89 31.73633 -269.99 0 0 0 0 0 0 0 0 0
0010000200000000 0000000000000000 bits33_52 0 0 222 31.54234 -468.64 0 0 0 0 0 0 0 0 0
0020000200000000 0000000000000000 bits33_53 0 0 7 31.28019 -737.08 0 0 0 0 0 0 0 0 0
0040000200000000 0000000000000000 bits33_54 0 0 130 31.67155 -336.33 0 0 0 0 0 0 0 0 0
0080000200000000 0000000000000000 bits33_55 0 0 324 31.33582 -680.12 0 0 0 0 0 0 0 0 0
0100000200000000 0000000000000000 bits33_56 0 0 45 31.58461 -425.36 0 0 0 0 0 0 0 0 0
0200000200000000 0000000000000000 bits33_57 0 0 91 30.98387 -1040.52 0 0 0 0 0 0 0 0 0
0400000200000000 0000000000000000 bits33_58 0 0 93 31.82149 -182.79 0 0 0 0 0 0 0 0 0
0800000200000000 0000000000000000 bits33_59 0 0 109 33.25617 1286.32 0 0 0 0 0 0 0 0 0
1000000200000000 0000000000000000 bits33_60 0 0 379 30.79616 -1232.74 0 0 0 0 0 0 0 0 0
2000000200000000 0000000000000000 bits33_61 0 0 26 31.59009 -419.75 0 0 0 0 0 0 0 0 0
4000000200000000 0000000000000000 bits33_62 0 0 77 30.60987 -1423.49 0 0 0 0 0 0 0 0 0
8000000200000000 0000000000000000 bits33_63 0 0 22 31.08342 -938.58 0 0 0 0 0 0 0 0 0
0000000c00000000 0000000000000000 bits34_35 0 0 23 30.35633 -1683.11 0 0 0 0 0 0 0 0 0
0000001400000000 0000000000000000 bits34_36 0 0 49 32.06434 65.88 0 0 0 0 0 0 0 0 0
0000002400000000 0000000000000000 bits34_37 0 0 39 31.00648 -1017.37 0 0 0 0 0 0 0 0 0
0000004400000000 0000000000000000 bits34_38 0 0 29 31.29017 -726.86 0 0 0 0 0 0 0 0 0
0000008400000000 0000000000000000 bits34_39 0 0 117 30.64175 -1390.85 0 0 0 0 0 0 0 0 0
0000010400000000 0000000000000000 bits34_40 0 0 90 32.67373 689.90 0 0 0 0 0 0 0 0 0
0000020400000000 0000000000000000 bits34_41 0 0 210 31.90098 -101.39 0 0 0 0 0 0 0 0 0
0000040400000000 0000000000000000 bits34_42 0 0 158 31.25989 -757.87 0 0 0 0 0 0 0 0 0
0000080400000000 0000000000000000 bits34_43 0 0 51 32.14665 150.17 0 0 0 0 0 0 0 0 0
0000100400000000 0000000000000000 bits34_44 0 0 142 30.58832 -1445.56 0 0 0 0 0 0 0 0 0
0000200400000000 0000000000000000 bits34_45 0 0 71 30.94395 -1081.40 0 0 0 0 0 0 0 0 0
0000400400000000 0000000000000000 bits34_46 0 0 479 30.88599 -1140.74 0 0 0 0 0 0 0 0 0
0000800400000000 0000000000000000 bits34_47 0 0 150 29.62737 -2429.58 0 0 0 0 0 0 0 0 0
0001000400000000 0000000000000000 bits34_48 0 0 14 31.61859 -390.57 0 0 0 0 0 0 0 0 0
0002000400000000 0000000000000000 bits34_49 0 0 69 31.13209 -888.74 0 0 0 0 0 0 0 0 0
0004000400000000 0000000000000000 bits34_50 0 0 25 32.01493 15.29 0 0 0 0 0 0 0 0 0
0008000400000000 0000000000000000 bits34_51 0 0 78 30.59959 -1434.02 0 0 0 0 0 0 0 0 0
0010000400000000 0000000000000000 bits34_52 0 0 12 31.75481 -251.07 0 0 0 0 0 0 0 0 0
0020000400000000 0000000000000000 bits34_53 0 0 37 31.57131 -438.98 0 0 0 0 0 0 0 0 0
0040000400000000 0000000000000000 bits34_54 0 0 3 31.24323 -774.94 0 0 0 0 0 0 0 0 0
0080000400000000 0000000000000000 bits34_55 0 0 29 31.73330 -273.10 0 0 0 0 0 0 0 0 0
0100000400000000 0000000000000000 bits34_56 0 0 87 31.39620 -618.29 0 0 0 0 0 0 0 0 0
0200000400000000 0000000000000000 bits34_57 0 0 66 31.63567 -373.07 0 0 0 0 0 0 0 0 0
0400000400000000 0000000000000000 bits34_58 0 0 214 30.96055 -1064.40 0 0 0 0 0 0 0 0 0
0800000400000000 0000000000000000 bits34_59 0 0 179 31.69005 -317.38 0 0 0 0 0 0 0 0 0
1000000400000000 0000000000000000 bits34_60 0 0 49 33.29756 1328.71 0 0 0 0 0 0 0 0 0
2000000400000000 0000000000000000 bits34_61 0 0 180 30.82510 -1203.10 0 0 0 0 0 0 0 0 0
4000000400000000 0000000000000000 bits34_62 0 0 44 31.60380 -405.71 0 0 0 0 0 0 0 0 0
8000000400000000 0000000000000000 bits34_63 0 0 90 30.25968 -1782.09 0 0 0 0 0 0 0 0 0
0000001800000000 0000000000000000 bits35_36 0 0 14 30.33902 -1700.85 0 0 0 0 0 0 0 0 0
0000002800000000 0000000000000000 bits35_37 0 0 24 32.02995 30.66 0 0 0 0 0 0 0 0 0
0000004800000000 0000000000000000 bits35_38 0 0 21 30.92544 -1100.35 0 0 0 0 0 0 0 0 0
0000008800000000 0000000000000000 bits35_39 0 0 31 31.19409 -825.25 0 0 0 0 0 0 0 0 0
0000010800000000 0000000000000000 bits35_40 0 0 79 30.55968 -1474.89 0 0 0 0 0 0 0 0 0
0000020800000000 0000000000000000 bits35_41 0 0 91 32.59975 614.15 0 0 0 0 0 0 0 0 0
0000040800000000 0000000000000000 bits35_42 0 0 241 31.87135 -131.73 0 0 0 0 0 0 0 0 0
0000080800000000 0000000000000000 bits35_43 0 0 169 31.38620 -628.53 0 0 0 0 0 0 0 0 0
0000100800000000 0000000000000000 bits35_44 0 0 61 31.94270 -58.68 0 0 0 0 0 0 0 0 0
0000200800000000 0000000000000000 bits35_45 0 0 126 30.36451 -1674.74 0 0 0 0 0 0 0 0 0
0000400800000000 0000000000000000 bits35_46 0 0 79 30.71060 -1320.35 0 0 0 0 0 0 0 0 0
0000800800000000 0000000000000000 bits35_47 0 0 148 31.04246 -980.52 0 0 0 0 0 0 0 0 0
0001000800000000 0000000000000000 bits35_48 0 0 119 30.21159 -1831.34 0 0 0 0 0 0 0 0 0
0002000800000000 0000000000000000 bits35_49 0 0 9 31.43662 -576.90 0 0 0 0 0 0 0 0 0
0004000800000000 0000000000000000 bits35_50 0 0 12 31.18189 -837.74 0 0 0 0 0 0 0 0 0
0008000800000000 0000000000000000 bits35_51 0 0 13 32.04529 46.37 0 0 0 0 0 0 0 0 0
0010000800000000 0000000000000000 bits35_52 0 0 577 30.57568 -1458.50 0 0 0 0 0 0 0 0 0
0020000800000000 0000000000000000 bits35_53 0 0 4 31.72519 -281.40 0 0 0 0 0 0 0 0 0
0040000800000000 0000000000000000 bits35_54 0 0 65 31.61191 -397.40 0 0 0 0 0 0 0 0 0
0080000800000000 0000000000000000 bits35_55 0 0 4 31.18954 -829.91 0 0 0 0 0 0 0 0 0
0100000800000000 0000000000000000 bits35_56 0 0 7 31.66130 -346.83 0 0 0 0 0 0 0 0 0
0200000800000000 0000000000000000 bits35_57 0 0 8 31.32824 -687.88 0 0 0 0 0 0 0 0 0
0400000800000000 0000000000000000 bits35_58 0 0 7 31.62601 -382.96 0 0 0 0 0 0 0 0 0
0800000800000000 0000000000000000 bits35_59 0 0 46 31.23960 -778.65 0 0 0 0 0 0 0 0 0
1000000800000000 0000000000000000 bits35_60 0 0 331 31.34994 -665.66 0 0 0 0 0 0 0 0 0
2000000800000000 0000000000000000 bits35_61 0 0 6 33.03648 1061.35 0 0 0 0 0 0 0 0 0
4000000800000000 0000000000000000 bits35_62 0 0 20 30.64674 -1385.74 0 0 0 0 0 0 0 0 0
8000000800000000 0000000000000000 bits35_63 0 0 8 31.44802 -565.22 0 0 0 0 0 0 0 0 0
0000003000000000 0000000000000000 bits36_37 0 0 11 30.31135 -1729.17 0 0 0 0 0 0 0 0 0
0000005000000000 0000000000000000 bits36_38 0 0 26 31.96948 -31.26 0 0 0 0 0 0 0 0 0
0000009000000000 0000000000000000 bits36_39 0 0 14 30.84741 -1180.25 0 0 0 0 0 0 0 0 0
0000011000000000 0000000000000000 bits36_40 0 0 31 31.12993 -890.95 0 0 0 0 0 0 0 0 0
0000021000000000 0000000000000000 bits36_41 0 0 81 30.53419 -1500.99 0 0 0 0 0 0 0 0 0
0000041000000000 0000000000000000 bits36_42 0 0 83 32.59825 612.61 0 0 0 0 0 0 0 0 0
0000081000000000 0000000000000000 bits36_43 0 0 333 31.85993 -143.43 0 0 0 0 0 0 0 0 0
0000101000000000 0000000000000000 bits36_44 0 0 217 31.24173 -776.47 0 0 0 0 0 0 0 0 0
0000201000000000 0000000000000000 bits36_45 0 0 60 31.86911 -134.03 0 0 0 0 0 0 0 0 0
0000401000000000 0000000000000000 bits36_46 0 0 113 30.28148 -1759.76 0 0 0 0 0 0 0 0 0
0000801000000000 0000000000000000 bits36_47 0 0 36 30.99327 -1030.90 0 0 0 0 0 0 0 0 0
0001001000000000 0000000000000000 bits36_48 0 0 1306 31.14304 -877.52 0 0 0 0 0 0 0 0 0
0002001000000000 0000000000000000 bits36_49 0 0 164 30.07288 -1973.37 0 0 0 0 0 0 0 0 0
0004001000000000 0000000000000000 bits36_50 0 0 21 31.42007 -593.84 0 0 0 0 0 0 0 0 0
0008001000000000 0000000000000000 bits36_51 0 0 18 31.22239 -796.27 0 0 0 0 0 0 0 0 0
0010001000000000 0000000000000000 bits36_52 0 0 5 32.02201 22.53 0 0 0 0 0 0 0 0 0
0020001000000000 0000000000000000 bits36_53 0 0 758 30.54426 -1490.68 0 0 0 0 0 0 0 0 0
0040001000000000 0000000000000000 bits36_54 0 0 6 31.77037 -235.14 0 0 0 0 0 0 0 0 0
0080001000000000 0000000000000000 bits36_55 0 0 15 31.56224 -448.27 0 0 0 0 0 0 0 0 0
0100001000000000 0000000000000000 bits36_56 0 0 6 31.13119 -889.66 0 0 0 0 0 0 0 0 0
0200001000000000 0000000000000000 bits36_57 0 0 16 31.60667 -402.77 0 0 0 0 0 0 0 0 0
0400001000000000 0000000000000000 bits36_58 0 0 19 31.33215 -683.88 0 0 0 0 0 0 0 0 0
0800001000000000 0000000000000000 bits36_59 0 0 11 31.86667 -136.53 0 0 0 0 0 0 0 0 0
1000001000000000 0000000000000000 bits36_60 0 0 8 31.07737 -944.77 0 0 0 0 0 0 0 0 0
2000001000000000 0000000000000000 bits36_61 0 0 632 31.21401 -804.86 0 0 0 0 0 0 0 0 0
4000001000000000 0000000000000000 bits36_62 0 0 12 33.26518 1295.55 0 0 0 0 0 0 0 0 0
8000001000000000 0000000000000000 bits36_63 0 0 21 30.29545 -1745.46 0 0 0 0 0 0 0 0 0
0000006000000000 0000000000000000 bits37_38 0 0 10 30.25133 -1790.64 0 0 0 0 0 0 0 0 0
000000a000000000 0000000000000000 bits37_39 0 0 25 31.92061 -81.30 0 0 0 0 0 0 0 0 0
0000012000000000 0000000000000000 bits37_40 0 0 29 30.87089 -1156.21 0 0 0 0 0 0 0 0 0
0000022000000000 0000000000000000 bits37_41 0 0 42 31.06141 -961.11 0 0 0 0 0 0 0 0 0
0000042000000000 0000000000000000 bits37_42 0 0 115 30.56971 -1464.62 0 0 0 0 0 0 0 0 0
0000082000000000 0000000000000000 bits37_43 0 0 106 32.64973 665.32 0 0 0 0 0 0 0 0 0
0000102000000000 0000000000000000 bits37_44 0 0 398 31.82201 -182.26 0 0 0 0 0 0 0 0 0
0000202000000000 0000000000000000 bits37_45 0 0 241 31.20832 -810.68 0 0 0 0 0 0 0 0 0
0000402000000000 0000000000000000 bits37_46 0 0 53 31.85998 -143.38 0 0 0 0 0 0 0 0 0
0000802000000000 0000000000000000 bits37_47 0 0 54 30.61976 -1413.37 0 0 0 0 0 0 0 0 0
0001002000000000 0000000000000000 bits37_48 0 0 128 31.54214 -468.85 0 0 0 0 0 0 0 0 0
0002002000000000 0000000000000000 bits37_49 0 0 2042 31.04359 -979.36 0 0 0 0 0 0 0 0 0
0004002000000000 0000000000000000 bits37_50 0 0 196 30.16266 -1881.44 0 0 0 0 0 0 0 0 0
0008002000000000 0000000000000000 bits37_51 0 0 27 31.61670 -392.50 0 0 0 0 0 0 0 0 0
0010002000000000 0000000000000000 bits37_52 0 0 14 31.18835 -831.13 0 0 0 0 0 0 0 0 0
0020002000000000 0000000000000000 bits37_53 0 0 3 31.99899 -1.04 0 0 0 0 0 0 0 0 0
0040002000000000 0000000000000000 bits37_54 0 0 136 30.59254 -1441.24 0 0 0 0 0 0 0 0 0
0080002000000000 0000000000000000 bits37_55 0 0 5 31.73852 -267.76 0 0 0 0 0 0 0 0 0
0100002000000000 0000000000000000 bits37_56 0 0 18 31.46497 -547.87 0 0 0 0 0 0 0 0 0
0200002000000000 0000000000000000 bits37_57 0 0 3 31.04334 -979.62 0 0 0 0 0 0 0 0 0
0400002000000000 0000000000000000 bits37_58 0 0 8 31.56091 -449.63 0 0 0 0 0 0 0 0 0
0800002000000000 0000000000000000 bits37_59 0 0 29 31.39032 -624.32 0 0 0 0 0 0 0 0 0
1000002000000000 0000000000000000 bits37_60 0 0 5 31.64769 -360.76 0 0 0 0 0 0 0 0 0
2000002000000000 0000000000000000 bits37_61 0 0 12 30.86671 -1160.48 0 0 0 0 0 0 0 0 0
4000002000000000 0000000000000000 bits37_62 0 0 923 31.06082 -961.72 0 0 0 0 0 0 0 0 0
8000002000000000 0000000000000000 bits37_63 0 0 5 32.78353 802.34 0 0 0 0 0 0 0 0 0
000000c000000000 0000000000000000 bits38_39 0 0 15 30.14464 -1899.89 0 0 0 0 0 0 0 0 0
0000014000000000 0000000000000000 bits38_40 0 0 18 31.83905 -164.81 0 0 0 0 0 0 0 0 0
0000024000000000 0000000000000000 bits38_41 0 0 22 30.79380 -1235.15 0 0 0 0 0 0 0 0 0
0000044000000000 0000000000000000 bits38_42 0 0 32 31.12309 -897.96 0 0 0 0 0 0 0 0 0
0000084000000000 0000000000000000 bits38_43 0 0 90 30.79504 -1233.88 0 0 0 0 0 0 0 0 0
0000104000000000 0000000000000000 bits38_44 0 0 121 32.34097 349.16 0 0 0 0 0 0 0 0 0
0000204000000000 0000000000000000 bits38_45 0 0 470 31.46210 -550.81 0 0 0 0 0 0 0 0 0
0000404000000000 0000000000000000 bits38_46 0 0 236 30.82999 -1198.09 0 0 0 0 0 0 0 0 0
0000804000000000 0000000000000000 bits38_47 0 0 43 31.80202 -202.74 0 0 0 0 0 0 0 0 0
0001004000000000 0000000000000000 bits38_48 0 0 168 30.37627 -1662.70 0 0 0 0 0 0 0 0 0
0002004000000000 0000000000000000 bits38_49 0 0 173 31.36867 -646.48 0 0 0 0 0 0 0 0 0
0004004000000000 0000000000000000 bits38_50 0 0 1457 31.11378 -907.49 0 0 0 0 0 0 0 0 0
0008004000000000 0000000000000000 bits38_51 0 0 214 30.46515 -1571.69 0 0 0 0 0 0 0 0 0
0010004000000000 0000000000000000 bits38_52 0 0 18 31.55785 -452.76 0 0 0 0 0 0 0 0 0
0020004000000000 0000000000000000 bits38_53 0 0 12 31.14926 -871.15 0 0 0 0 0 0 0 0 0
0040004000000000 0000000000000000 bits38_54 0 0 13 32.08796 90.07 0 0 0 0 0 0 0 0 0
0080004000000000 0000000000000000 bits38_55 0 0 82 30.53217 -1503.05 0 0 0 0 0 0 0 0 0
0100004000000000 0000000000000000 bits38_56 0 0 2 31.65229 -356.06 0 0 0 0 0 0 0 0 0
0200004000000000 0000000000000000 bits38_57 0 0 14 31.39240 -622.19 0 0 0 0 0 0 0 0 0
0400004000000000 0000000000000000 bits38_58 0 0 6 31.01921 -1004.33 0 0 0 0 0 0 0 0 0
0800004000000000 0000000000000000 bits38_59 0 0 10 31.88282 -120.00 0 0 0 0 0 0 0 0 0
1000004000000000 0000000000000000 bits38_60 0 0 16 30.98394 -1040.45 0 0 0 0 0 0 0 0 0
2000004000000000 0000000000000000 bits38_61 0 0 5 31.30275 -713.99 0 0 0 0 0 0 0 0 0
4000004000000000 0000000000000000 bits38_62 0 0 17 30.61632 -1416.89 0 0 0 0 0 0 0 0 0
8000004000000000 0000000000000000 bits38_63 0 0 1549 30.47036 -1566.35 0 0 0 0 0 0 0 0 0
0000018000000000 0000000000000000 bits39_40 0 0 14 30.04676 -2000.12 0 0 0 0 0 0 0 0 0
0000028000000000 0000000000000000 bits39_41 0 0 31 31.79754 -207.32 0 0 0 0 0 0 0 0 0
0000048000000000 0000000000000000 bits39_42 0 0 26 30.81894 -1209.40 0 0 0 0 0 0 0 0 0
0000088000000000 0000000000000000 bits39_43 0 0 58 31.37413 -640.89 0 0 0 0 0 0 0 0 0
0000108000000000 0000000000000000 bits39_44 0 0 118 30.51517 -1520.47 0 0 0 0 0 0 0 0 0
0000208000000000 0000000000000000 bits39_45 0 0 141 32.09731 99.65 0 0 0 0 0 0 0 0 0
0000408000000000 0000000000000000 bits39_46 0 0 511 31.19216 -827.23 0 0 0 0 0 0 0 0 0
0000808000000000 0000000000000000 bits39_47 0 0 141 30.77531 -1254.09 0 0 0 0 0 0 0 0 0
0001008000000000 0000000000000000 bits39_48 0 0 121 31.76368 -241.99 0 0 0 0 0 0 0 0 0
0002008000000000 0000000000000000 bits39_49 0 0 202 30.23504 -1807.32 0 0 0 0 0 0 0 0 0
0004008000000000 0000000000000000 bits39_50 0 0 606 31.41790 -596.07 0 0 0 0 0 0 0 0 0
0008008000000000 0000000000000000 bits39_51 0 0 183 31.37418 -640.84 0 0 0 0 0 0 0 0 0
0010008000000000 0000000000000000 bits39_52 0 0 96 30.39173 -1646.87 0 0 0 0 0 0 0 0 0
0020008000000000 0000000000000000 bits39_53 0 0 16 31.50421 -507.69 0 0 0 0 0 0 0 0 0
0040008000000000 0000000000000000 bits39_54 0 0 12 31.26637 -751.24 0 0 0 0 0 0 0 0 0
0080008000000000 0000000000000000 bits39_55 0 0 7 31.99486 -5.27 0 0 0 0 0 0 0 0 0
0100008000000000 0000000000000000 bits39_56 0 0 97 30.47021 -1566.51 0 0 0 0 0 0 0 0 0
0200008000000000 0000000000000000 bits39_57 0 0 4 31.61055 -398.80 0 0 0 0 0 0 0 0 0
0400008000000000 0000000000000000 bits39_58 0 0 30 31.40150 -612.87 0 0 0 0 0 0 0 0 0
0800008000000000 0000000000000000 bits39_59 0 0 5 31.31056 -705.98 0 0 0 0 0 0 0 0 0
1000008000000000 0000000000000000 bits39_60 0 0 7 31.68633 -321.20 0 0 0 0 0 0 0 0 0
2000008000000000 0000000000000000 bits39_61 0 0 17 30.84108 -1186.74 0 0 0 0 0 0 0 0 1
4000008000000000 0000000000000000 bits39_62 0 0 6 31.20330 -815.82 0 0 0 0 0 0 0 0 0
8000008000000000 0000000000000000 bits39_63 0 0 12 30.16369 -1880.38 0 0 0 0 0 0 0 0 0
0000030000000000 0000000000000000 bits40_41 0 0 18 30.13803 -1906.65 0 0 0 0 0 0 0 0 0
0000050000000000 0000000000000000 bits40_42 0 0 31 31.88695 -115.77 0 0 0 0 0 0 0 0 0
0000090000000000 0000000000000000 bits40_43 0 0 34 30.89790 -1128.55 0 0 0 0 0 0 0 0 0
0000110000000000 0000000000000000 bits40_44 0 0 56 31.33387 -682.12 0 0 0 0 0 0 0 0 0
0000210000000000 0000000000000000 bits40_45 0 0 108 30.34020 -1699.64 0 0 0 0 0 0 0 0 0
0000410000000000 0000000000000000 bits40_46 0 0 140 31.93283 -68.78 0 0 0 0 0 0 0 0 0
0000810000000000 0000000000000000 bits40_47 0 0 339 31.16776 -852.22 0 0 0 0 0 0 0 0 0
0001010000000000 0000000000000000 bits40_48 0 0 243 31.18944 -830.01 0 0 0 0 0 0 0 0 0
0002010000000000 0000000000000000 bits40_49 0 0 158 31.68865 -318.83 0 0 0 0 0 0 0 0 0
0004010000000000 0000000000000000 bits40_50 0 0 319 30.33599 -1703.94 0 0 0 0 0 0 0 0 0
0008010000000000 0000000000000000 bits40_51 0 0 189 31.74214 -264.05 0 0 0 0 0 0 0 0 0
0010010000000000 0000000000000000 bits40_52 0 0 122 31.29502 -721.89 0 0 0 0 0 0 0 0 0
0020010000000000 0000000000000000 bits40_53 0 0 101 30.25964 -1782.13 0 0 0 0 0 0 0 0 0
0040010000000000 0000000000000000 bits40_54 0 0 21 31.61173 -397.59 0 0 0 0 0 0 0 0 0
0080010000000000 0000000000000000 bits40_55 0 0 10 31.03813 -984.95 0 0 0 0 0 0 0 0 0
0100010000000000 0000000000000000 bits40_56 0 0 7 32.03049 31.22 0 0 0 0 0 0 0 0 0
0200010000000000 0000000000000000 bits40_57 0 0 116 30.56096 -1473.57 0 0 0 0 0 0 0 0 0
0400010000000000 0000000000000000 bits40_58 0 0 4 31.74650 -259.59 0 0 0 0 0 0 0 0 0
0800010000000000 0000000000000000 bits40_59 0 0 37 31.71712 -289.67 0 0 0 0 0 0 0 0 0
1000010000000000 0000000000000000 bits40_60 0 0 5 31.10610 -915.35 0 0 0 0 0 0 0 0 0
2000010000000000 0000000000000000 bits40_61 0 0 18 31.45989 -553.07 0 0 0 0 0 0 0 0 0
4000010000000000 0000000000000000 bits40_62 0 0 15 30.71488 -1315.97 0 0 0 0 0 0 0 0 0
8000010000000000 0000000000000000 bits40_63 0 0 6 30.97453 -1050.08 0 0 0 0 0 0 0 0 0
0000060000000000 0000000000000000 bits41_42 0 0 14 30.18911 -1854.35 0 0 0 0 0 0 0 0 0
00000a0000000000 0000000000000000 bits41_43 0 0 34 32.09592 98.22 0 0 0 0 0 0 0 0 0
0000120000000000 0000000000000000 bits41_44 0 0 36 30.78865 -1240.42 0 0 0 0 0 0 0 0 0
0000220000000000 0000000000000000 bits41_45 0 0 34 31.18450 -835.07 0 0 0 0 0 0 0 0 0
0000420000000000 0000000000000000 bits41_46 0 0 84 30.26240 -1779.30 0 0 0 0 0 0 0 0 0
0000820000000000 0000000000000000 bits41_47 0 0 119 31.97468 -25.93 0 0 0 0 0 0 0 0 0
0001020000000000 0000000000000000 bits41_48 0 0 474 31.85164 -151.92 0 0 0 0 0 0 0 0 0
0002020000000000 0000000000000000 bits41_49 0 0 288 31.14841 -872.03 0 0 0 0 0 0 0 0 0
0004020000000000 0000000000000000 bits41_50 0 0 194 31.77119 -234.30 0 0 0 0 0 0 0 0 0
0008020000000000 0000000000000000 bits41_51 0 0 232 30.61158 -1421.74 0 0 0 0 0 0 0 0 0
0010020000000000 0000000000000000 bits41_52 0 0 158 31.69171 -315.69 0 0 0 0 0 0 0 0 0
0020020000000000 0000000000000000 bits41_53 0 0 126 31.30685 -709.79 0 0 0 0 0 0 0 0 0
0040020000000000 0000000000000000 bits41_54 0 0 90 30.31994 -1720.38 0 0 0 0 0 0 0 0 0
0080020000000000 0000000000000000 bits41_55 0 0 21 31.71087 -296.07 0 0 0 0 0 0 0 0 0
0100020000000000 0000000000000000 bits41_56 0 0 12 30.85610 -1171.35 0 0 0 0 0 0 0 0 0
0200020000000000 0000000000000000 bits41_57 0 0 7 31.86709 -136.10 0 0 0 0 0 0 0 0 0
0400020000000000 0000000000000000 bits41_58 0 0 118 30.45042 -1586.77 0 0 0 0 0 0 0 0 0
0800020000000000 0000000000000000 bits41_59 0 0 6 31.74970 -256.30 0 0 0 0 0 0 0 0 0
1000020000000000 0000000000000000 bits41_60 0 0 28 31.55035 -460.44 0 0 0 0 0 0 0 0 0
2000020000000000 0000000000000000 bits41_61 0 0 8 30.96892 -1055.83 0 0 0 0 0 0 0 0 0
4000020000000000 0000000000000000 bits41_62 0 0 8 31.29625 -720.64 0 0 0 0 0 0 0 0 0
8000020000000000 0000000000000000 bits41_63 0 0 23 31.13587 -884.87 0 0 0 0 0 0 0 0 0
00000c0000000000 0000000000000000 bits42_43 0 0 11 30.24724 -1794.83 0 0 0 0 0 0 0 0 0
0000140000000000 0000000000000000 bits42_44 0 0 34 32.13717 140.46 0 0 0 0 0 0 0 0 0
0000240000000000 0000000000000000 bits42_45 0 0 24 30.80717 -1221.46 0 0 0 0 0 0 0 0 0
0000440000000000 0000000000000000 bits42_46 0 0 39 31.16612 -853.90 0 0 0 0 0 0 0 0 0
0000840000000000 0000000000000000 bits42_47 0 0 95 30.28762 -1753.48 0 0 0 0 0 0 0 0 0
0001040000000000 0000000000000000 bits42_48 0 0 117 32.63576 651.02 0 0 0 0 0 0 0 0 0
0002040000000000 0000000000000000 bits42_49 0 0 521 31.85157 -151.99 0 0 0 0 0 0 0 0 0
0004040000000000 0000000000000000 bits42_50 0 0 289 31.24250 -775.68 0 0 0 0 0 0 0 0 0
0008040000000000 0000000000000000 bits42_51 0 0 148 31.91374 -88.33 0 0 0 0 0 0 0 0 0
0010040000000000 0000000000000000 bits42_52 0 0 185 30.61196 -1421.36 0 0 0 0 0 0 0 0 0
0020040000000000 0000000000000000 bits42_53 0 0 172 31.67190 -335.98 0 0 0 0 0 0 0 0 0
0040040000000000 0000000000000000 bits42_54 0 0 155 31.30122 -715.55 0 0 0 0 0 0 0 0 0
0080040000000000 0000000000000000 bits42_55 0 0 117 30.40376 -1634.55 0 0 0 0 0 0 0 0 0
0100040000000000 0000000000000000 bits42_56 0 0 15 31.64458 -363.95 0 0 0 0 0 0 0 0 0
0200040000000000 0000000000000000 bits42_57 0 0 15 30.91914 -1106.80 0 0 0 0 0 0 0 0 0
0400040000000000 0000000000000000 bits42_58 0 0 12 31.84012 -163.72 0 0 0 0 0 0 0 0 0
0800040000000000 0000000000000000 bits42_59 0 0 127 30.42379 -1614.04 0 0 0 0 0 0 0 0 0
1000040000000000 0000000000000000 bits42_60 0 0 6 31.68470 -322.87 0 0 0 0 0 0 0 0 0
2000040000000000 0000000000000000 bits42_61 0 0 23 31.44101 -572.41 0 0 0 0 0 0 0 0 0
4000040000000000 0000000000000000 bits42_62 0 0 8 30.95385 -1071.26 0 0 0 0 0 0 0 0 0
8000040000000000 0000000000000000 bits42_63 0 0 11 30.99645 -1027.64 0 0 0 0 0 0 0 0 0
0000180000000000 0000000000000000 bits43_44 0 0 22 30.54762 -1487.24 0 0 0 0 0 0 0 0 0
0000280000000000 0000000000000000 bits43_45 0 0 31 32.36935 378.22 0 0 0 0 0 0 0 0 0
