# variant=10 W=1 log2keys=24 seed=4119 mode=R N=16777216
# d0 d1 name coll low32 low16 meanpop z hist0..8
0000480000000000 0000000000000000 bits43_46 0 0 32 31.35379 -661.72 0 0 0 0 0 0 0 0 0
0000880000000000 0000000000000000 bits43_47 0 0 40 31.81521 -189.23 0 0 0 0 0 0 0 0 0
0001080000000000 0000000000000000 bits43_48 0 0 104 30.76938 -1260.15 0 0 0 0 0 0 0 0 0
0002080000000000 0000000000000000 bits43_49 0 0 147 32.68769 704.20 0 0 0 0 0 0 0 0 0
0004080000000000 0000000000000000 bits43_50 0 0 328 31.86378 -139.49 0 0 0 0 0 0 0 0 0
0008080000000000 0000000000000000 bits43_51 0 0 245 31.32319 -693.06 0 0 0 0 0 0 0 0 0
0010080000000000 0000000000000000 bits43_52 0 0 480 31.89509 -107.42 0 0 0 0 0 0 0 0 0
0020080000000000 0000000000000000 bits43_53 0 0 560 30.44374 -1593.61 0 0 0 0 0 0 0 0 0
0040080000000000 0000000000000000 bits43_54 0 0 192 31.59112 -418.69 0 0 0 0 0 0 0 0 0
0080080000000000 0000000000000000 bits43_55 0 0 217 31.21896 -799.78 0 0 0 0 0 0 0 0 0
0100080000000000 0000000000000000 bits43_56 0 0 119 30.44612 -1591.17 0 0 0 0 0 0 0 0 0
0200080000000000 0000000000000000 bits43_57 0 0 21 31.60611 -403.34 0 0 0 0 0 0 0 0 0
0400080000000000 0000000000000000 bits43_58 0 0 12 31.25920 -758.58 0 0 0 0 0 0 0 0 0
0800080000000000 0000000000000000 bits43_59 0 0 10 32.00899 9.20 0 0 0 0 0 0 0 0 0
1000080000000000 0000000000000000 bits43_60 0 0 159 30.54512 -1489.80 0 0 0 0 0 0 0 0 0
2000080000000000 0000000000000000 bits43_61 0 0 8 31.63150 -377.35 0 0 0 0 0 0 0 0 0
4000080000000000 0000000000000000 bits43_62 0 0 37 31.38877 -625.90 0 0 0 0 0 0 0 0 0
8000080000000000 0000000000000000 bits43_63 0 0 6 30.87992 -1146.96 0 0 0 0 0 0 0 0 0
0000300000000000 0000000000000000 bits44_45 0 0 22 30.12395 -1921.07 0 0 0 0 0 0 0 0 0
0000500000000000 0000000000000000 bits44_46 0 0 27 31.93203 -69.60 0 0 0 0 0 0 0 0 0
0000900000000000 0000000000000000 bits44_47 0 0 18 31.05945 -963.13 0 0 0 0 0 0 0 0 0
0001100000000000 0000000000000000 bits44_48 0 0 49 31.12246 -898.60 0 0 0 0 0 0 0 0 0
0002100000000000 0000000000000000 bits44_49 0 0 130 30.54003 -1495.01 0 0 0 0 0 0 0 0 0
0004100000000000 0000000000000000 bits44_50 0 0 224 32.67330 689.46 0 0 0 0 0 0 0 0 0
0008100000000000 0000000000000000 bits44_51 0 0 203 31.98245 -17.97 0 0 0 0 0 0 0 0 0
0010100000000000 0000000000000000 bits44_52 0 0 156 31.26883 -748.72 0 0 0 0 0 0 0 0 0
0020100000000000 0000000000000000 bits44_53 0 0 563 31.92234 -79.52 0 0 0 0 0 0 0 0 0
0040100000000000 0000000000000000 bits44_54 0 0 253 30.69150 -1339.90 0 0 0 0 0 0 0 0 0
0080100000000000 0000000000000000 bits44_55 0 0 135 31.57193 -438.35 0 0 0 0 0 0 0 0 0
0100100000000000 0000000000000000 bits44_56 0 0 224 31.09214 -929.65 0 0 0 0 0 0 0 0 0
0200100000000000 0000000000000000 bits44_57 0 0 114 30.33244 -1707.58 0 0 0 0 0 0 0 0 0
0400100000000000 0000000000000000 bits44_58 0 0 18 31.53238 -478.84 0 0 0 0 0 0 0 0 0
0800100000000000 0000000000000000 bits44_59 0 0 18 31.46749 -545.29 0 0 0 0 0 0 0 0 0
1000100000000000 0000000000000000 bits44_60 0 0 12 31.88830 -114.38 0 0 0 0 0 0 0 0 0
2000100000000000 0000000000000000 bits44_61 0 0 175 30.44677 -1590.51 0 0 0 0 0 0 0 0 0
4000100000000000 0000000000000000 bits44_62 0 0 7 31.70605 -301.00 0 0 0 0 0 0 0 0 0
8000100000000000 0000000000000000 bits44_63 0 0 30 31.18009 -839.59 0 0 0 0 0 0 0 0 0
0000600000000000 0000000000000000 bits45_46 0 0 20 29.58801 -2469.88 0 0 0 0 0 0 0 0 0
0000a00000000000 0000000000000000 bits45_47 0 0 33 31.53042 -480.85 0 0 0 0 0 0 0 0 0
0001200000000000 0000000000000000 bits45_48 0 0 31 30.79405 -1234.89 0 0 0 0 0 0 0 0 0
0002200000000000 0000000000000000 bits45_49 0 0 73 30.95410 -1071.00 0 0 0 0 0 0 0 0 0
0004200000000000 0000000000000000 bits45_50 0 0 151 30.48666 -1549.66 0 0 0 0 0 0 0 0 0
0008200000000000 0000000000000000 bits45_51 0 0 166 32.86806 888.89 0 0 0 0 0 0 0 0 0
0010200000000000 0000000000000000 bits45_52 0 0 175 31.82004 -184.28 0 0 0 0 0 0 0 0 0
0020200000000000 0000000000000000 bits45_53 0 0 150 31.20896 -810.02 0 0 0 0 0 0 0 0 0
0040200000000000 0000000000000000 bits45_54 0 0 371 32.08922 91.36 0 0 0 0 0 0 0 0 0
0080200000000000 0000000000000000 bits45_55 0 0 214 30.58675 -1447.17 0 0 0 0 0 0 0 0 0
0100200000000000 0000000000000000 bits45_56 0 0 122 31.40553 -608.74 0 0 0 0 0 0 0 0 0
0200200000000000 0000000000000000 bits45_57 0 0 213 30.94853 -1076.70 0 0 0 0 0 0 0 0 0
0400200000000000 0000000000000000 bits45_58 0 0 112 30.22915 -1813.35 0 0 0 0 0 0 0 0 0
0800200000000000 0000000000000000 bits45_59 0 0 19 31.75459 -251.30 0 0 0 0 0 0 0 0 0
1000200000000000 0000000000000000 bits45_60 0 0 23 31.20455 -814.54 0 0 0 0 0 0 0 0 0
2000200000000000 0000000000000000 bits45_61 0 0 10 31.82646 -177.70 0 0 0 0 0 0 0 0 0
4000200000000000 0000000000000000 bits45_62 0 0 183 30.46800 -1568.76 0 0 0 0 0 0 0 0 0
8000200000000000 0000000000000000 bits45_63 0 0 5 31.51642 -495.18 0 0 0 0 0 0 0 0 0
0000c00000000000 0000000000000000 bits46_47 0 0 22 29.13560 -2933.15 0 0 0 0 0 0 0 0 0
0001400000000000 0000000000000000 bits46_48 0 0 48 31.80305 -201.68 0 0 0 0 0 0 0 0 0
0002400000000000 0000000000000000 bits46_49 0 0 24 30.60920 -1424.18 0 0 0 0 0 0 0 0 0
0004400000000000 0000000000000000 bits46_50 0 0 54 31.00394 -1019.97 0 0 0 0 0 0 0 0 0
0008400000000000 0000000000000000 bits46_51 0 0 132 30.82141 -1206.87 0 0 0 0 0 0 0 0 0
0010400000000000 0000000000000000 bits46_52 0 0 178 32.72515 742.55 0 0 0 0 0 0 0 0 0
0020400000000000 0000000000000000 bits46_53 0 0 163 31.78527 -219.88 0 0 0 0 0 0 0 0 0
0040400000000000 0000000000000000 bits46_54 0 0 169 31.41619 -597.83 0 0 0 0 0 0 0 0 0
0080400000000000 0000000000000000 bits46_55 0 0 311 31.94322 -58.14 0 0 0 0 0 0 0 0 0
0100400000000000 0000000000000000 bits46_56 0 0 201 30.45751 -1579.51 0 0 0 0 0 0 0 0 0
0200400000000000 0000000000000000 bits46_57 0 0 112 31.31728 -699.11 0 0 0 0 0 0 0 0 0
0400400000000000 0000000000000000 bits46_58 0 0 246 30.91359 -1112.48 0 0 0 0 0 0 0 0 0
0800400000000000 0000000000000000 bits46_59 0 0 119 30.41892 -1619.02 0 0 0 0 0 0 0 0 0
1000400000000000 0000000000000000 bits46_60 0 0 25 31.45134 -561.83 0 0 0 0 0 0 0 0 0
2000400000000000 0000000000000000 bits46_61 0 0 18 30.94595 -1079.34 0 0 0 0 0 0 0 0 0
4000400000000000 0000000000000000 bits46_62 0 0 9 31.85645 -146.99 0 0 0 0 0 0 0 0 0
8000400000000000 0000000000000000 bits46_63 0 0 116 30.19210 -1851.29 0 0 0 0 0 0 0 0 0
0001800000000000 0000000000000000 bits47_48 0 0 2 30.47090 -1565.80 0 0 0 0 0 0 0 0 0
0002800000000000 0000000000000000 bits47_49 0 0 21 31.85713 -146.30 0 0 0 0 0 0 0 0 0
0004800000000000 0000000000000000 bits47_50 0 0 25 30.66443 -1367.63 0 0 0 0 0 0 0 0 0
0008800000000000 0000000000000000 bits47_51 0 0 85 30.97141 -1053.27 0 0 0 0 0 0 0 0 0
0010800000000000 0000000000000000 bits47_52 0 0 14 31.12960 -891.29 0 0 0 0 0 0 0 0 0
0020800000000000 0000000000000000 bits47_53 0 0 45 33.13007 1157.19 0 0 0 0 0 0 0 0 0
0040800000000000 0000000000000000 bits47_54 0 0 255 31.62754 -381.39 0 0 0 0 0 0 0 0 0
0080800000000000 0000000000000000 bits47_55 0 0 82 31.61154 -397.79 0 0 0 0 0 0 0 0 0
0100800000000000 0000000000000000 bits47_56 0 0 110 32.17548 179.69 0 0 0 0 0 0 0 0 0
0200800000000000 0000000000000000 bits47_57 0 0 165 30.66071 -1371.43 0 0 0 0 0 0 0 0 0
0400800000000000 0000000000000000 bits47_58 0 0 139 31.33041 -685.66 0 0 0 0 0 0 0 0 0
0800800000000000 0000000000000000 bits47_59 0 0 406 30.73134 -1299.11 0 0 0 0 0 0 0 0 0
1000800000000000 0000000000000000 bits47_60 0 0 42 30.47348 -1563.16 0 0 0 0 0 0 0 0 0
2000800000000000 0000000000000000 bits47_61 0 0 16 31.42511 -588.69 0 0 0 0 0 0 0 0 0
4000800000000000 0000000000000000 bits47_62 0 0 10 30.77447 -1254.94 0 0 0 0 0 0 0 0 0
8000800000000000 0000000000000000 bits47_63 0 0 13 31.31755 -698.83 0 0 0 0 0 0 0 0 0
0003000000000000 0000000000000000 bits48_49 0 0 21 30.16452 -1879.53 0 0 0 0 0 0 0 0 0
0005000000000000 0000000000000000 bits48_50 0 0 23 32.03197 32.73 0 0 0 0 0 0 0 0 0
0009000000000000 0000000000000000 bits48_51 0 0 13 31.16206 -858.05 0 0 0 0 0 0 0 0 0
0011000000000000 0000000000000000 bits48_52 0 0 159 31.14777 -872.68 0 0 0 0 0 0 0 0 0
0021000000000000 0000000000000000 bits48_53 0 0 376 30.56191 -1472.60 0 0 0 0 0 0 0 0 0
0041000000000000 0000000000000000 bits48_54 0 0 73 32.83501 855.05 0 0 0 0 0 0 0 0 0
0081000000000000 0000000000000000 bits48_55 0 0 505 31.69834 -308.90 0 0 0 0 0 0 0 0 0
0101000000000000 0000000000000000 bits48_56 0 0 453 31.22289 -795.76 0 0 0 0 0 0 0 0 0
0201000000000000 0000000000000000 bits48_57 0 0 511 31.85452 -148.97 0 0 0 0 0 0 0 0 0
0401000000000000 0000000000000000 bits48_58 0 0 289 30.57348 -1460.76 0 0 0 0 0 0 0 0 0
0801000000000000 0000000000000000 bits48_59 0 0 96 31.95230 -48.84 0 0 0 0 0 0 0 0 0
1001000000000000 0000000000000000 bits48_60 0 0 425 31.12434 -896.67 0 0 0 0 0 0 0 0 0
2001000000000000 0000000000000000 bits48_61 0 0 211 30.25716 -1784.67 0 0 0 0 0 0 0 0 0
4001000000000000 0000000000000000 bits48_62 0 0 14 31.54692 -463.95 0 0 0 0 0 0 0 0 0
8001000000000000 0000000000000000 bits48_63 0 0 9 30.95399 -1071.12 0 0 0 0 0 0 0 0 0
0006000000000000 0000000000000000 bits49_50 0 0 23 30.15612 -1888.13 0 0 0 0 0 0 0 0 0
000a000000000000 0000000000000000 bits49_51 0 0 11 32.22391 229.29 0 0 0 0 0 0 0 0 0
0012000000000000 0000000000000000 bits49_52 0 0 0 31.00851 -1015.29 0 0 0 0 0 0 0 0 0
0022000000000000 0000000000000000 bits49_53 0 0 345 31.02722 -996.13 0 0 0 0 0 0 0 0 0
0042000000000000 0000000000000000 bits49_54 0 0 91 30.75515 -1274.72 0 0 0 0 0 0 0 0 0
0082000000000000 0000000000000000 bits49_55 0 0 9 32.68101 697.36 0 0 0 0 0 0 0 0 0
0102000000000000 0000000000000000 bits49_56 0 0 726 31.57752 -432.62 0 0 0 0 0 0 0 0 0
0202000000000000 0000000000000000 bits49_57 0 0 638 31.14527 -875.25 0 0 0 0 0 0 0 0 0
0402000000000000 0000000000000000 bits49_58 0 0 624 31.85748 -145.94 0 0 0 0 0 0 0 0 0
0802000000000000 0000000000000000 bits49_59 0 0 195 30.79278 -1236.19 0 0 0 0 0 0 0 0 0
1002000000000000 0000000000000000 bits49_60 0 0 12 31.76586 -239.76 0 0 0 0 0 0 0 0 0
2002000000000000 0000000000000000 bits49_61 0 0 671 30.97476 -1049.84 0 0 0 0 0 0 0 0 0
4002000000000000 0000000000000000 bits49_62 0 0 316 29.98558 -2062.76 0 0 0 0 0 0 0 0 0
8002000000000000 0000000000000000 bits49_63 0 0 16 31.50002 -511.98 0 0 0 0 0 0 0 0 0
000c000000000000 0000000000000000 bits50_51 0 0 45487 30.27237 -1769.09 0 0 0 0 0 0 0 0 0
0014000000000000 0000000000000000 bits50_52 0 0 36 32.22914 234.63 0 0 0 0 0 0 0 0 0
0024000000000000 0000000000000000 bits50_53 0 0 25 30.91386 -1112.21 0 0 0 0 0 0 0 0 0
0044000000000000 0000000000000000 bits50_54 0 0 1834 31.10519 -916.29 0 0 0 0 0 0 0 0 0
0084000000000000 0000000000000000 bits50_55 0 0 57 30.81581 -1212.61 0 0 0 0 0 0 0 0 0
0104000000000000 0000000000000000 bits50_56 0 0 62 32.58504 599.08 0 0 0 0 0 0 0 0 0
0204000000000000 0000000000000000 bits50_57 0 0 993 31.65449 -353.80 0 0 0 0 0 0 0 0 0
0404000000000000 0000000000000000 bits50_58 0 0 741 31.20712 -811.91 0 0 0 0 0 0 0 0 0
0804000000000000 0000000000000000 bits50_59 0 0 1017 31.88567 -117.07 0 0 0 0 0 0 0 0 0
1004000000000000 0000000000000000 bits50_60 0 0 35 30.72508 -1305.52 0 0 0 0 0 0 0 0 0
2004000000000000 0000000000000000 bits50_61 0 0 36 31.59287 -416.90 0 0 0 0 0 0 0 0 0
4004000000000000 0000000000000000 bits50_62 0 0 848 30.94962 -1075.59 0 0 0 0 0 0 0 0 0
8004000000000000 0000000000000000 bits50_63 0 0 437 29.56143 -2497.09 0 0 0 0 0 0 0 0 0
0018000000000000 0000000000000000 bits51_52 0 0 182 30.36557 -1673.66 0 0 0 0 0 0 0 0 0
0028000000000000 0000000000000000 bits51_53 0 0 42 32.07102 72.73 0 0 0 0 0 0 0 0 0
0048000000000000 0000000000000000 bits51_54 0 0 393 30.94023 -1085.20 0 0 0 0 0 0 0 0 0
0088000000000000 0000000000000000 bits51_55 0 0 174 31.37050 -644.61 0 0 0 0 0 0 0 0 0
0108000000000000 0000000000000000 bits51_56 0 0 131 30.76909 -1260.45 0 0 0 0 0 0 0 0 0
0208000000000000 0000000000000000 bits51_57 0 0 129 32.72179 739.11 0 0 0 0 0 0 0 0 0
0408000000000000 0000000000000000 bits51_58 0 0 737 31.85563 -147.83 0 0 0 0 0 0 0 0 0
0808000000000000 0000000000000000 bits51_59 0 0 762 31.01334 -1010.34 0 0 0 0 0 0 0 0 0
1008000000000000 0000000000000000 bits51_60 0 0 182 32.38170 390.86 0 0 0 0 0 0 0 0 0
2008000000000000 0000000000000000 bits51_61 0 0 105 30.92929 -1096.41 0 0 0 0 0 0 0 0 0
4008000000000000 0000000000000000 bits51_62 0 0 88 31.79581 -209.09 0 0 0 0 0 0 0 0 0
8008000000000000 0000000000000000 bits51_63 0 0 719 30.94848 -1076.75 0 0 0 0 0 0 0 0 0
0030000000000000 0000000000000000 bits52_53 0 0 0 30.33781 -1702.09 0 0 0 0 0 0 0 0 0
0050000000000000 0000000000000000 bits52_54 0 0 46 32.10609 108.64 0 0 0 0 0 0 0 0 0
0090000000000000 0000000000000000 bits52_55 0 0 470 30.87543 -1151.56 0 0 0 0 0 0 0 0 0
0110000000000000 0000000000000000 bits52_56 0 0 0 31.28953 -727.52 0 0 0 0 0 0 0 0 0
0210000000000000 0000000000000000 bits52_57 0 0 0 30.69516 -1336.16 0 0 0 0 0 0 0 0 0
0410000000000000 0000000000000000 bits52_58 0 0 1 32.71606 733.25 0 0 0 0 0 0 0 0 0
0810000000000000 0000000000000000 bits52_59 0 0 48 32.11959 122.46 0 0 0 0 0 0 0 0 0
1010000000000000 0000000000000000 bits52_60 0 0 1233 30.54230 -1492.68 0 0 0 0 0 0 0 0 0
2010000000000000 0000000000000000 bits52_61 0 0 0 31.97465 -25.96 0 0 0 0 0 0 0 0 0
4010000000000000 0000000000000000 bits52_62 0 0 2 30.47976 -1556.73 0 0 0 0 0 0 0 0 0
8010000000000000 0000000000000000 bits52_63 0 0 1 31.92693 -74.83 0 0 0 0 0 0 0 0 0
0060000000000000 0000000000000000 bits53_54 0 0 0 30.36742 -1671.76 0 0 0 0 0 0 0 0 0
00a0000000000000 0000000000000000 bits53_55 0 0 0 32.03052 31.26 0 0 0 0 0 0 0 0 0
0120000000000000 0000000000000000 bits53_56 0 0 597 30.80935 -1219.23 0 0 0 0 0 0 0 0 0
0220000000000000 0000000000000000 bits53_57 0 0 0 31.23467 -783.70 0 0 0 0 0 0 0 0 0
0420000000000000 0000000000000000 bits53_58 0 0 0 30.72344 -1307.20 0 0 0 0 0 0 0 0 0
0820000000000000 0000000000000000 bits53_59 0 0 0 33.02422 1048.81 0 0 0 0 0 0 0 0 0
1020000000000000 0000000000000000 bits53_60 0 0 0 31.70934 -297.64 0 0 0 0 0 0 0 0 0
2020000000000000 0000000000000000 bits53_61 0 0 2111 30.16911 -1874.83 0 0 0 0 0 0 0 0 0
4020000000000000 0000000000000000 bits53_62 0 0 4 31.81502 -189.41 0 0 0 0 0 0 0 0 0
8020000000000000 0000000000000000 bits53_63 0 0 0 29.93808 -2111.41 0 0 0 0 0 0 0 0 0
00c0000000000000 0000000000000000 bits54_55 0 0 0 30.41950 -1618.43 0 0 0 0 0 0 0 0 0
0140000000000000 0000000000000000 bits54_56 0 0 0 32.09581 98.11 0 0 0 0 0 0 0 0 0
0240000000000000 0000000000000000 bits54_57 0 0 134 30.87370 -1153.33 0 0 0 0 0 0 0 0 0
0440000000000000 0000000000000000 bits54_58 0 0 0 31.23823 -780.05 0 0 0 0 0 0 0 0 0
0840000000000000 0000000000000000 bits54_59 0 0 0 30.41760 -1620.37 0 0 0 0 0 0 0 0 0
1040000000000000 0000000000000000 bits54_60 0 0 0 33.23384 1263.45 0 0 0 0 0 0 0 0 0
2040000000000000 0000000000000000 bits54_61 0 0 0 31.85129 -152.28 0 0 0 0 0 0 0 0 0
4040000000000000 0000000000000000 bits54_62 0 0 1052 30.11816 -1927.00 0 0 0 0 0 0 0 0 0
8040000000000000 0000000000000000 bits54_63 0 0 0 31.55615 -454.51 0 0 0 0 0 0 0 0 0
0180000000000000 0000000000000000 bits55_56 0 0 0 30.37697 -1661.98 0 0 0 0 0 0 0 0 0
0280000000000000 0000000000000000 bits55_57 0 0 0 32.07713 78.99 0 0 0 0 0 0 0 0 0
0480000000000000 0000000000000000 bits55_58 0 0 7 30.94846 -1076.77 0 0 0 0 0 0 0 0 0
0880000000000000 0000000000000000 bits55_59 0 0 0 31.63701 -371.70 0 0 0 0 0 0 0 0 0
1080000000000000 0000000000000000 bits55_60 0 0 0 30.11558 -1929.65 0 0 0 0 0 0 0 0 0
2080000000000000 0000000000000000 bits55_61 0 0 0 33.03048 1055.21 0 0 0 0 0 0 0 0 0
4080000000000000 0000000000000000 bits55_62 0 0 0 31.79663 -208.25 0 0 0 0 0 0 0 0 0
8080000000000000 0000000000000000 bits55_63 0 0 6 29.95298 -2096.15 0 0 0 0 0 0 0 0 0
0300000000000000 0000000000000000 bits56_57 0 0 0 30.26338 -1778.30 0 0 0 0 0 0 0 0 0
0500000000000000 0000000000000000 bits56_58 0 0 0 32.00162 1.66 0 0 0 0 0 0 0 0 0
0900000000000000 0000000000000000 bits56_59 0 0 0 31.03965 -983.40 0 0 0 0 0 0 0 0 0
1100000000000000 0000000000000000 bits56_60 0 0 0 31.25801 -759.80 0 0 0 0 0 0 0 0 0
2100000000000000 0000000000000000 bits56_61 0 0 0 29.74199 -2312.20 0 0 0 0 0 0 0 0 0
4100000000000000 0000000000000000 bits56_62 0 0 0 32.84695 867.28 0 0 0 0 0 0 0 0 0
8100000000000000 0000000000000000 bits56_63 0 0 0 31.76209 -243.62 0 0 0 0 0 0 0 0 0
0600000000000000 0000000000000000 bits57_58 0 0 0 30.19776 -1845.49 0 0 0 0 0 0 0 0 0
0a00000000000000 0000000000000000 bits57_59 0 0 0 32.04713 48.26 0 0 0 0 0 0 0 0 0
1200000000000000 0000000000000000 bits57_60 0 0 0 30.68740 -1344.10 0 0 0 0 0 0 0 0 0
2200000000000000 0000000000000000 bits57_61 0 0 0 30.85414 -1173.36 0 0 0 0 0 0 0 0 0
4200000000000000 0000000000000000 bits57_62 0 0 0 29.26441 -2801.24 0 0 0 0 0 0 0 0 0
8200000000000000 0000000000000000 bits57_63 0 0 0 32.73252 750.10 0 0 0 0 0 0 0 0 0
0c00000000000000 0000000000000000 bits58_59 0 0 0 30.10093 -1944.64 0 0 0 0 0 0 0 0 0
1400000000000000 0000000000000000 bits58_60 0 0 0 31.94005 -61.39 0 0 0 0 0 0 0 0 0
2400000000000000 0000000000000000 bits58_61 0 0 0 30.58122 -1452.83 0 0 0 0 0 0 0 0 0
4400000000000000 0000000000000000 bits58_62 0 0 0 30.67484 -1356.97 0 0 0 0 0 0 0 0 0
8400000000000000 0000000000000000 bits58_63 0 0 0 28.57661 -3505.55 0 0 0 0 0 0 0 0 0
1800000000000000 0000000000000000 bits59_60 0 0 0 30.38925 -1649.40 0 0 0 0 0 0 0 0 0
2800000000000000 0000000000000000 bits59_61 0 0 0 32.09077 92.95 0 0 0 0 0 0 0 0 0
4800000000000000 0000000000000000 bits59_62 0 0 0 30.40918 -1629.00 0 0 0 0 0 0 0 0 0
8800000000000000 0000000000000000 bits59_63 0 0 0 30.16980 -1874.12 0 0 0 0 0 0 0 0 0
3000000000000000 0000000000000000 bits60_61 0 0 0 29.57817 -2479.95 0 0 0 0 0 0 0 0 0
5000000000000000 0000000000000000 bits60_62 0 0 0 31.48576 -526.58 0 0 0 0 0 0 0 0 0
9000000000000000 0000000000000000 bits60_63 0 0 1 30.12009 -1925.02 0 0 0 0 0 0 0 0 0
6000000000000000 0000000000000000 bits61_62 0 0 0 28.85455 -3220.94 0 0 0 0 0 0 0 0 0
a000000000000000 0000000000000000 bits61_63 0 0 0 30.89737 -1129.09 0 0 0 0 0 0 0 0 0
c000000000000000 0000000000000000 bits62_63 0 0 0 27.85129 -4248.28 0 0 0 0 0 0 0 0 0
ffffffffffffffff 0000000000000000 complement0 0 0 268 32.00081 0.83 0 0 0 0 0 0 0 0 0
00000000000000ff 0000000000000000 lowbyte 0 0 261 31.97831 -22.21 0 0 0 0 0 0 0 0 0
ff00000000000000 0000000000000000 highbyte 0 0 248 32.01930 19.76 0 0 0 0 0 0 0 0 0
00ff00ff00ff00ff 0000000000000000 byteswap_even 0 0 269 31.99868 -1.36 0 0 0 0 0 0 0 0 0
ff00ff00ff00ff00 0000000000000000 byteswap_odd 0 0 246 31.99999 -0.01 0 0 0 0 0 0 0 0 0
0f0f0f0f0f0f0f0f 0000000000000000 nibble 0 0 246 31.99970 -0.31 0 0 0 0 0 0 0 0 0
8080808080808080 0000000000000000 bytemsb 0 0 208 32.13468 137.91 0 0 0 0 0 0 0 0 0
0101010101010101 0000000000000000 bytelsb 0 0 211 32.10015 102.55 0 0 0 0 0 0 0 0 0
00000000ffffffff 0000000000000000 low32 0 0 274 32.00156 1.60 0 0 0 0 0 0 0 0 0
ffffffff00000000 0000000000000000 high32 0 0 219 32.00006 0.06 0 0 0 0 0 0 0 0 0
aaaaaaaaaaaaaaaa 0000000000000000 alt_a 0 0 283 32.00065 0.67 0 0 0 0 0 0 0 0 0
5555555555555555 0000000000000000 alt_5 0 0 235 32.00141 1.45 0 0 0 0 0 0 0 0 0
8000000000000001 0000000000000000 wrap 0 0 5 31.12305 -897.99 0 0 0 0 0 0 0 0 0
0000000000000003 0000000000000000 run2 0 0 1 30.34759 -1692.06 0 0 0 0 0 0 0 0 0
000000000000001f 0000000000000000 run5 0 0 220 31.96453 -36.32 0 0 0 0 0 0 0 0 0
00000000000000ff 0000000000000000 run8 0 0 261 31.97831 -22.21 0 0 0 0 0 0 0 0 0
00000000000007ff 0000000000000000 run11 0 0 263 32.01005 10.29 0 0 0 0 0 0 0 0 0
0000000000003fff 0000000000000000 run14 0 0 245 31.99986 -0.15 0 0 0 0 0 0 0 0 0
000000000001ffff 0000000000000000 run17 0 0 260 32.00019 0.19 0 0 0 0 0 0 0 0 0
00000000000fffff 0000000000000000 run20 0 0 259 31.99950 -0.51 0 0 0 0 0 0 0 0 0
00000000007fffff 0000000000000000 run23 0 0 257 32.00001 0.01 0 0 0 0 0 0 0 0 0
0000000003ffffff 0000000000000000 run26 0 0 272 31.99945 -0.56 0 0 0 0 0 0 0 0 0
000000001fffffff 0000000000000000 run29 0 0 253 31.99866 -1.37 0 0 0 0 0 0 0 0 0
00000000ffffffff 0000000000000000 run32 0 0 274 32.00156 1.60 0 0 0 0 0 0 0 0 0
00000007ffffffff 0000000000000000 run35 0 0 237 31.99895 -1.08 0 0 0 0 0 0 0 0 0
0000003fffffffff 0000000000000000 run38 0 0 239 32.00135 1.39 0 0 0 0 0 0 0 0 0
000001ffffffffff 0000000000000000 run41 0 0 257 31.99862 -1.41 0 0 0 0 0 0 0 0 0
00000fffffffffff 0000000000000000 run44 0 0 249 31.99910 -0.92 0 0 0 0 0 0 0 0 0
00007fffffffffff 0000000000000000 run47 0 0 238 31.99831 -1.73 0 0 0 0 0 0 0 0 0
0003ffffffffffff 0000000000000000 run50 0 0 267 31.99955 -0.46 0 0 0 0 0 0 0 0 0
001fffffffffffff 0000000000000000 run53 0 0 245 32.00068 0.70 0 0 0 0 0 0 0 0 0
00ffffffffffffff 0000000000000000 run56 0 0 245 32.00013 0.14 0 0 0 0 0 0 0 0 0
07ffffffffffffff 0000000000000000 run59 0 0 254 31.99975 -0.26 0 0 0 0 0 0 0 0 0
3fffffffffffffff 0000000000000000 run62 0 0 236 31.99924 -0.78 0 0 0 0 0 0 0 0 0
c000000000000000 0000000000000000 toprun2 0 0 0 27.85129 -4248.28 0 0 0 0 0 0 0 0 0
f800000000000000 0000000000000000 toprun5 0 0 154 31.53873 -472.34 0 0 0 0 0 0 0 0 0
ff00000000000000 0000000000000000 toprun8 0 0 248 32.01930 19.76 0 0 0 0 0 0 0 0 0
ffe0000000000000 0000000000000000 toprun11 0 0 251 31.99525 -4.87 0 0 0 0 0 0 0 0 0
fffc000000000000 0000000000000000 toprun14 0 0 290 31.99809 -1.96 0 0 0 0 0 0 0 0 0
ffff800000000000 0000000000000000 toprun17 0 0 252 31.99958 -0.43 0 0 0 0 0 0 0 0 0
fffff00000000000 0000000000000000 toprun20 0 0 226 31.99875 -1.28 0 0 0 0 0 0 0 0 0
fffffe0000000000 0000000000000000 toprun23 0 0 265 32.00035 0.35 0 0 0 0 0 0 0 0 0
ffffffc000000000 0000000000000000 toprun26 0 0 252 32.00100 1.02 0 0 0 0 0 0 0 0 0
fffffff800000000 0000000000000000 toprun29 0 0 252 32.00002 0.02 0 0 0 0 0 0 0 0 0
ffffffff00000000 0000000000000000 toprun32 0 0 219 32.00006 0.06 0 0 0 0 0 0 0 0 0
ffffffffe0000000 0000000000000000 toprun35 0 0 248 32.00105 1.07 0 0 0 0 0 0 0 0 0
fffffffffc000000 0000000000000000 toprun38 0 0 248 32.00066 0.68 0 0 0 0 0 0 0 0 0
ffffffffff800000 0000000000000000 toprun41 0 0 252 32.00085 0.87 0 0 0 0 0 0 0 0 0
fffffffffff00000 0000000000000000 toprun44 0 0 257 32.00066 0.67 0 0 0 0 0 0 0 0 0
fffffffffffe0000 0000000000000000 toprun47 0 0 255 32.00141 1.44 0 0 0 0 0 0 0 0 0
ffffffffffffc000 0000000000000000 toprun50 0 0 278 32.00093 0.95 0 0 0 0 0 0 0 0 0
fffffffffffff800 0000000000000000 toprun53 0 0 245 31.99985 -0.15 0 0 0 0 0 0 0 0 0
ffffffffffffff00 0000000000000000 toprun56 0 0 275 31.99958 -0.43 0 0 0 0 0 0 0 0 0
ffffffffffffffe0 0000000000000000 toprun59 0 0 252 31.99902 -1.00 0 0 0 0 0 0 0 0 0
fffffffffffffffc 0000000000000000 toprun62 0 0 263 32.00044 0.45 0 0 0 0 0 0 0 0 0
000000000f000000 0000000000000000 midrun4 0 0 220 32.28756 294.46 0 0 0 0 0 0 0 0 0
00000000ff000000 0000000000000000 midrun8 0 0 253 31.98068 -19.79 0 0 0 0 0 0 0 0 0
000000ffff000000 0000000000000000 midrun16 0 0 273 32.00146 1.50 0 0 0 0 0 0 0 0 0
00ffffffff000000 0000000000000000 midrun32 0 0 293 31.99836 -1.68 0 0 0 0 0 0 0 0 0
