mum_head_595c091.h [] seed0: H(A)=b341726e9ea37186 H(B)=b341726e9ea37186 EQUAL
mum_head_595c091.h [] collisions = 1048576 / 1048576
mum_head_595c091.h [-DMUM_V3] seed0: H(A)=b341726e9ea37186 H(B)=b341726e9ea37186 EQUAL
mum_head_595c091.h [-DMUM_V3] collisions = 1048576 / 1048576
mum_head_595c091.h [-DMUM_QUALITY] seed0: H(A)=8b1cfd3bd94bd9a8 H(B)=8689ba77bcfdba2e DIFF
  non-colliding seed b3f2af6d0fc710c5
  non-colliding seed 853b559647364cea
  non-colliding seed 92f89756082a4514
mum_head_595c091.h [-DMUM_QUALITY] collisions = 0 / 1048576
mum_head_595c091.h [-DMUM_V1] seed0: H(A)=e923ca5c3d9465bb H(B)=e923ca5c3d9465bb EQUAL
mum_head_595c091.h [-DMUM_V1] collisions = 1048576 / 1048576
mum_head_595c091.h [-DMUM_V2] seed0: H(A)=e2cc332f546e669c H(B)=e2cc332f546e669c EQUAL
mum_head_595c091.h [-DMUM_V2] collisions = 1048576 / 1048576
mum_head_595c091.h [-D_MUM_UNROLL_FACTOR_POWER=3] seed0: H(A)=b341726e9ea37186 H(B)=b341726e9ea37186 EQUAL
mum_head_595c091.h [-D_MUM_UNROLL_FACTOR_POWER=3] collisions = 1048576 / 1048576
mum_head_595c091.h [-D_MUM_UNROLL_FACTOR_POWER=4] seed0: H(A)=b341726e9ea37186 H(B)=b341726e9ea37186 EQUAL
mum_head_595c091.h [-D_MUM_UNROLL_FACTOR_POWER=4] collisions = 1048576 / 1048576
mum_head_595c091.h [-DMUM_QUALITY -DMUM_TARGET_INDEPENDENT_HASH] seed0: H(A)=8b1cfd3bd94bd9a8 H(B)=8689ba77bcfdba2e DIFF
  non-colliding seed b3f2af6d0fc710c5
  non-colliding seed 853b559647364cea
  non-colliding seed 92f89756082a4514
mum_head_595c091.h [-DMUM_QUALITY -DMUM_TARGET_INDEPENDENT_HASH] collisions = 0 / 1048576
mum_prefix_ca05316.h [] seed0: H(A)=b341726e9ea37186 H(B)=b341726e9ea37186 EQUAL
mum_prefix_ca05316.h [] collisions = 1048576 / 1048576
mum_prefix_ca05316.h [-DMUM_V3] seed0: H(A)=b341726e9ea37186 H(B)=b341726e9ea37186 EQUAL
mum_prefix_ca05316.h [-DMUM_V3] collisions = 1048576 / 1048576
mum_prefix_ca05316.h [-DMUM_QUALITY] seed0: H(A)=8b1cfd3bd94bd9a8 H(B)=8689ba77bcfdba2e DIFF
  non-colliding seed b3f2af6d0fc710c5
  non-colliding seed 853b559647364cea
  non-colliding seed 92f89756082a4514
mum_prefix_ca05316.h [-DMUM_QUALITY] collisions = 0 / 1048576
mum_prefix_ca05316.h [-DMUM_V1] seed0: H(A)=e923ca5c3d9465bb H(B)=e923ca5c3d9465bb EQUAL
mum_prefix_ca05316.h [-DMUM_V1] collisions = 1048576 / 1048576
mum_prefix_ca05316.h [-DMUM_V2] seed0: H(A)=e2cc332f546e669c H(B)=e2cc332f546e669c EQUAL
mum_prefix_ca05316.h [-DMUM_V2] collisions = 1048576 / 1048576
mum_prefix_ca05316.h [-D_MUM_UNROLL_FACTOR_POWER=3] seed0: H(A)=b341726e9ea37186 H(B)=b341726e9ea37186 EQUAL
mum_prefix_ca05316.h [-D_MUM_UNROLL_FACTOR_POWER=3] collisions = 1048576 / 1048576
mum_prefix_ca05316.h [-D_MUM_UNROLL_FACTOR_POWER=4] seed0: H(A)=b341726e9ea37186 H(B)=b341726e9ea37186 EQUAL
mum_prefix_ca05316.h [-D_MUM_UNROLL_FACTOR_POWER=4] collisions = 1048576 / 1048576
mum_prefix_ca05316.h [-DMUM_QUALITY -DMUM_TARGET_INDEPENDENT_HASH] seed0: H(A)=8b1cfd3bd94bd9a8 H(B)=8689ba77bcfdba2e DIFF
  non-colliding seed b3f2af6d0fc710c5
  non-colliding seed 853b559647364cea
  non-colliding seed 92f89756082a4514
mum_prefix_ca05316.h [-DMUM_QUALITY -DMUM_TARGET_INDEPENDENT_HASH] collisions = 0 / 1048576
