verification 9DAE7DD3 PASS
site32_M_M len=32/32 L=4 mode=1 N=2^29 hits=8 log2rate=-26.0000 [-27.2118,-25.0215] bits=28.000 [27.022,29.212] secs=3.4
  witness seed=706e69c3ef0474fd secret=c5f6c836d6f8a80d,47145f34e41cdfcb,bc7c11f0db25adb0,5119a1dc2f9bc0c4 out=db92d7b649f85308
site32_M_low32 len=32/32 L=4 mode=1 N=2^29 hits=0 log2rate=-inf rate<=2^-27.1168(97.5%) bits>=29.117 secs=3.4
site32_M_high32 len=32/32 L=4 mode=1 N=2^29 hits=0 log2rate=-inf rate<=2^-27.1168(97.5%) bits>=29.117 secs=3.4
site32_M_low56 len=32/32 L=4 mode=1 N=2^29 hits=0 log2rate=-inf rate<=2^-27.1168(97.5%) bits>=29.117 secs=3.2
site32_M_low8 len=32/32 L=4 mode=1 N=2^29 hits=0 log2rate=-inf rate<=2^-27.1168(97.5%) bits>=29.117 secs=3.2
site32_M_top len=32/32 L=4 mode=1 N=2^29 hits=0 log2rate=-inf rate<=2^-27.1168(97.5%) bits>=29.117 secs=3.4
site32_M_altA len=32/32 L=4 mode=1 N=2^29 hits=0 log2rate=-inf rate<=2^-27.1168(97.5%) bits>=29.117 secs=3.4
site32_M_alt5 len=32/32 L=4 mode=1 N=2^29 hits=0 log2rate=-inf rate<=2^-27.1168(97.5%) bits>=29.117 secs=3.4
site32_M_Mm1 len=32/32 L=4 mode=1 N=2^29 hits=0 log2rate=-inf rate<=2^-27.1168(97.5%) bits>=29.117 secs=3.4
site32_M_Mm2 len=32/32 L=4 mode=1 N=2^29 hits=0 log2rate=-inf rate<=2^-27.1168(97.5%) bits>=29.117 secs=3.4
site32_low32_M len=32/32 L=4 mode=1 N=2^29 hits=0 log2rate=-inf rate<=2^-27.1168(97.5%) bits>=29.117 secs=3.4
site32_low32_low32 len=32/32 L=4 mode=1 N=2^29 hits=0 log2rate=-inf rate<=2^-27.1168(97.5%) bits>=29.117 secs=3.4
site32_low32_high32 len=32/32 L=4 mode=1 N=2^29 hits=0 log2rate=-inf rate<=2^-27.1168(97.5%) bits>=29.117 secs=3.4
site32_low32_low56 len=32/32 L=4 mode=1 N=2^29 hits=0 log2rate=-inf rate<=2^-27.1168(97.5%) bits>=29.117 secs=3.4
site32_low32_low8 len=32/32 L=4 mode=1 N=2^29 hits=0 log2rate=-inf rate<=2^-27.1168(97.5%) bits>=29.117 secs=3.4
site32_low32_top len=32/32 L=4 mode=1 N=2^29 hits=0 log2rate=-inf rate<=2^-27.1168(97.5%) bits>=29.117 secs=3.4
site32_low32_altA len=32/32 L=4 mode=1 N=2^29 hits=0 log2rate=-inf rate<=2^-27.1168(97.5%) bits>=29.117 secs=3.4
site32_low32_alt5 len=32/32 L=4 mode=1 N=2^29 hits=0 log2rate=-inf rate<=2^-27.1168(97.5%) bits>=29.117 secs=3.4
site32_low32_Mm1 len=32/32 L=4 mode=1 N=2^29 hits=0 log2rate=-inf rate<=2^-27.1168(97.5%) bits>=29.117 secs=3.4
site32_low32_Mm2 len=32/32 L=4 mode=1 N=2^29 hits=0 log2rate=-inf rate<=2^-27.1168(97.5%) bits>=29.117 secs=3.3
site32_high32_M len=32/32 L=4 mode=1 N=2^29 hits=0 log2rate=-inf rate<=2^-27.1168(97.5%) bits>=29.117 secs=3.4
site32_high32_low32 len=32/32 L=4 mode=1 N=2^29 hits=0 log2rate=-inf rate<=2^-27.1168(97.5%) bits>=29.117 secs=3.4
site32_high32_high32 len=32/32 L=4 mode=1 N=2^29 hits=0 log2rate=-inf rate<=2^-27.1168(97.5%) bits>=29.117 secs=3.4
site32_high32_low56 len=32/32 L=4 mode=1 N=2^29 hits=0 log2rate=-inf rate<=2^-27.1168(97.5%) bits>=29.117 secs=3.4
site32_high32_low8 len=32/32 L=4 mode=1 N=2^29 hits=0 log2rate=-inf rate<=2^-27.1168(97.5%) bits>=29.117 secs=3.4
site32_high32_top len=32/32 L=4 mode=1 N=2^29 hits=0 log2rate=-inf rate<=2^-27.1168(97.5%) bits>=29.117 secs=3.4
site32_high32_altA len=32/32 L=4 mode=1 N=2^29 hits=0 log2rate=-inf rate<=2^-27.1168(97.5%) bits>=29.117 secs=3.4
site32_high32_alt5 len=32/32 L=4 mode=1 N=2^29 hits=0 log2rate=-inf rate<=2^-27.1168(97.5%) bits>=29.117 secs=3.4
site32_high32_Mm1 len=32/32 L=4 mode=1 N=2^29 hits=0 log2rate=-inf rate<=2^-27.1168(97.5%) bits>=29.117 secs=3.2
site32_high32_Mm2 len=32/32 L=4 mode=1 N=2^29 hits=0 log2rate=-inf rate<=2^-27.1168(97.5%) bits>=29.117 secs=3.3
site32_low56_M len=32/32 L=4 mode=1 N=2^29 hits=0 log2rate=-inf rate<=2^-27.1168(97.5%) bits>=29.117 secs=3.4
site32_low56_low32 len=32/32 L=4 mode=1 N=2^29 hits=0 log2rate=-inf rate<=2^-27.1168(97.5%) bits>=29.117 secs=3.4
site32_low56_high32 len=32/32 L=4 mode=1 N=2^29 hits=0 log2rate=-inf rate<=2^-27.1168(97.5%) bits>=29.117 secs=3.4
site32_low56_low56 len=32/32 L=4 mode=1 N=2^29 hits=0 log2rate=-inf rate<=2^-27.1168(97.5%) bits>=29.117 secs=3.3
site32_low56_low8 len=32/32 L=4 mode=1 N=2^29 hits=0 log2rate=-inf rate<=2^-27.1168(97.5%) bits>=29.117 secs=3.4
site32_low56_top len=32/32 L=4 mode=1 N=2^29 hits=0 log2rate=-inf rate<=2^-27.1168(97.5%) bits>=29.117 secs=3.4
site32_low56_altA len=32/32 L=4 mode=1 N=2^29 hits=0 log2rate=-inf rate<=2^-27.1168(97.5%) bits>=29.117 secs=3.2
site32_low56_alt5 len=32/32 L=4 mode=1 N=2^29 hits=0 log2rate=-inf rate<=2^-27.1168(97.5%) bits>=29.117 secs=3.2
site32_low56_Mm1 len=32/32 L=4 mode=1 N=2^29 hits=0 log2rate=-inf rate<=2^-27.1168(97.5%) bits>=29.117 secs=3.4
site32_low56_Mm2 len=32/32 L=4 mode=1 N=2^29 hits=0 log2rate=-inf rate<=2^-27.1168(97.5%) bits>=29.117 secs=3.4
site32_low8_M len=32/32 L=4 mode=1 N=2^29 hits=0 log2rate=-inf rate<=2^-27.1168(97.5%) bits>=29.117 secs=3.4
site32_low8_low32 len=32/32 L=4 mode=1 N=2^29 hits=0 log2rate=-inf rate<=2^-27.1168(97.5%) bits>=29.117 secs=3.2
site32_low8_high32 len=32/32 L=4 mode=1 N=2^29 hits=0 log2rate=-inf rate<=2^-27.1168(97.5%) bits>=29.117 secs=3.2
site32_low8_low56 len=32/32 L=4 mode=1 N=2^29 hits=0 log2rate=-inf rate<=2^-27.1168(97.5%) bits>=29.117 secs=3.4
site32_low8_low8 len=32/32 L=4 mode=1 N=2^29 hits=0 log2rate=-inf rate<=2^-27.1168(97.5%) bits>=29.117 secs=3.4
site32_low8_top len=32/32 L=4 mode=1 N=2^29 hits=0 log2rate=-inf rate<=2^-27.1168(97.5%) bits>=29.117 secs=3.2
site32_low8_altA len=32/32 L=4 mode=1 N=2^29 hits=0 log2rate=-inf rate<=2^-27.1168(97.5%) bits>=29.117 secs=3.4
site32_low8_alt5 len=32/32 L=4 mode=1 N=2^29 hits=0 log2rate=-inf rate<=2^-27.1168(97.5%) bits>=29.117 secs=3.4
site32_low8_Mm1 len=32/32 L=4 mode=1 N=2^29 hits=0 log2rate=-inf rate<=2^-27.1168(97.5%) bits>=29.117 secs=3.4
site32_low8_Mm2 len=32/32 L=4 mode=1 N=2^29 hits=0 log2rate=-inf rate<=2^-27.1168(97.5%) bits>=29.117 secs=3.2
site32_top_M len=32/32 L=4 mode=1 N=2^29 hits=0 log2rate=-inf rate<=2^-27.1168(97.5%) bits>=29.117 secs=3.4
site32_top_low32 len=32/32 L=4 mode=1 N=2^29 hits=0 log2rate=-inf rate<=2^-27.1168(97.5%) bits>=29.117 secs=3.4
site32_top_high32 len=32/32 L=4 mode=1 N=2^29 hits=0 log2rate=-inf rate<=2^-27.1168(97.5%) bits>=29.117 secs=3.4
site32_top_low56 len=32/32 L=4 mode=1 N=2^29 hits=0 log2rate=-inf rate<=2^-27.1168(97.5%) bits>=29.117 secs=3.4
site32_top_low8 len=32/32 L=4 mode=1 N=2^29 hits=0 log2rate=-inf rate<=2^-27.1168(97.5%) bits>=29.117 secs=3.2
site32_top_top len=32/32 L=4 mode=1 N=2^29 hits=0 log2rate=-inf rate<=2^-27.1168(97.5%) bits>=29.117 secs=2.7
site32_top_altA len=32/32 L=4 mode=1 N=2^29 hits=0 log2rate=-inf rate<=2^-27.1168(97.5%) bits>=29.117 secs=2.5
site32_top_alt5 len=32/32 L=4 mode=1 N=2^29 hits=0 log2rate=-inf rate<=2^-27.1168(97.5%) bits>=29.117 secs=2.3
site32_top_Mm1 len=32/32 L=4 mode=1 N=2^29 hits=0 log2rate=-inf rate<=2^-27.1168(97.5%) bits>=29.117 secs=2.1
site32_top_Mm2 len=32/32 L=4 mode=1 N=2^29 hits=0 log2rate=-inf rate<=2^-27.1168(97.5%) bits>=29.117 secs=2.6
site32_altA_M len=32/32 L=4 mode=1 N=2^29 hits=0 log2rate=-inf rate<=2^-27.1168(97.5%) bits>=29.117 secs=3.4
site32_altA_low32 len=32/32 L=4 mode=1 N=2^29 hits=0 log2rate=-inf rate<=2^-27.1168(97.5%) bits>=29.117 secs=3.4
site32_altA_high32 len=32/32 L=4 mode=1 N=2^29 hits=0 log2rate=-inf rate<=2^-27.1168(97.5%) bits>=29.117 secs=3.4
site32_altA_low56 len=32/32 L=4 mode=1 N=2^29 hits=0 log2rate=-inf rate<=2^-27.1168(97.5%) bits>=29.117 secs=3.2
site32_altA_low8 len=32/32 L=4 mode=1 N=2^29 hits=0 log2rate=-inf rate<=2^-27.1168(97.5%) bits>=29.117 secs=3.4
site32_altA_top len=32/32 L=4 mode=1 N=2^29 hits=0 log2rate=-inf rate<=2^-27.1168(97.5%) bits>=29.117 secs=3.4
site32_altA_altA len=32/32 L=4 mode=1 N=2^29 hits=0 log2rate=-inf rate<=2^-27.1168(97.5%) bits>=29.117 secs=3.4
site32_altA_alt5 len=32/32 L=4 mode=1 N=2^29 hits=0 log2rate=-inf rate<=2^-27.1168(97.5%) bits>=29.117 secs=3.3
site32_altA_Mm1 len=32/32 L=4 mode=1 N=2^29 hits=0 log2rate=-inf rate<=2^-27.1168(97.5%) bits>=29.117 secs=3.4
site32_altA_Mm2 len=32/32 L=4 mode=1 N=2^29 hits=0 log2rate=-inf rate<=2^-27.1168(97.5%) bits>=29.117 secs=3.4
site32_alt5_M len=32/32 L=4 mode=1 N=2^29 hits=0 log2rate=-inf rate<=2^-27.1168(97.5%) bits>=29.117 secs=3.4
site32_alt5_low32 len=32/32 L=4 mode=1 N=2^29 hits=0 log2rate=-inf rate<=2^-27.1168(97.5%) bits>=29.117 secs=3.4
site32_alt5_high32 len=32/32 L=4 mode=1 N=2^29 hits=0 log2rate=-inf rate<=2^-27.1168(97.5%) bits>=29.117 secs=3.4
site32_alt5_low56 len=32/32 L=4 mode=1 N=2^29 hits=0 log2rate=-inf rate<=2^-27.1168(97.5%) bits>=29.117 secs=3.2
site32_alt5_low8 len=32/32 L=4 mode=1 N=2^29 hits=0 log2rate=-inf rate<=2^-27.1168(97.5%) bits>=29.117 secs=3.3
site32_alt5_top len=32/32 L=4 mode=1 N=2^29 hits=0 log2rate=-inf rate<=2^-27.1168(97.5%) bits>=29.117 secs=3.2
site32_alt5_altA len=32/32 L=4 mode=1 N=2^29 hits=0 log2rate=-inf rate<=2^-27.1168(97.5%) bits>=29.117 secs=3.4
site32_alt5_alt5 len=32/32 L=4 mode=1 N=2^29 hits=0 log2rate=-inf rate<=2^-27.1168(97.5%) bits>=29.117 secs=3.2
site32_alt5_Mm1 len=32/32 L=4 mode=1 N=2^29 hits=0 log2rate=-inf rate<=2^-27.1168(97.5%) bits>=29.117 secs=3.4
site32_alt5_Mm2 len=32/32 L=4 mode=1 N=2^29 hits=0 log2rate=-inf rate<=2^-27.1168(97.5%) bits>=29.117 secs=3.4
site32_Mm1_M len=32/32 L=4 mode=1 N=2^29 hits=0 log2rate=-inf rate<=2^-27.1168(97.5%) bits>=29.117 secs=3.4
site32_Mm1_low32 len=32/32 L=4 mode=1 N=2^29 hits=0 log2rate=-inf rate<=2^-27.1168(97.5%) bits>=29.117 secs=3.4
site32_Mm1_high32 len=32/32 L=4 mode=1 N=2^29 hits=0 log2rate=-inf rate<=2^-27.1168(97.5%) bits>=29.117 secs=3.4
site32_Mm1_low56 len=32/32 L=4 mode=1 N=2^29 hits=0 log2rate=-inf rate<=2^-27.1168(97.5%) bits>=29.117 secs=3.4
site32_Mm1_low8 len=32/32 L=4 mode=1 N=2^29 hits=0 log2rate=-inf rate<=2^-27.1168(97.5%) bits>=29.117 secs=3.4
site32_Mm1_top len=32/32 L=4 mode=1 N=2^29 hits=0 log2rate=-inf rate<=2^-27.1168(97.5%) bits>=29.117 secs=3.4
site32_Mm1_altA len=32/32 L=4 mode=1 N=2^29 hits=0 log2rate=-inf rate<=2^-27.1168(97.5%) bits>=29.117 secs=3.3
site32_Mm1_alt5 len=32/32 L=4 mode=1 N=2^29 hits=0 log2rate=-inf rate<=2^-27.1168(97.5%) bits>=29.117 secs=3.4
site32_Mm1_Mm1 len=32/32 L=4 mode=1 N=2^29 hits=0 log2rate=-inf rate<=2^-27.1168(97.5%) bits>=29.117 secs=3.2
site32_Mm1_Mm2 len=32/32 L=4 mode=1 N=2^29 hits=0 log2rate=-inf rate<=2^-27.1168(97.5%) bits>=29.117 secs=3.2
site32_Mm2_M len=32/32 L=4 mode=1 N=2^29 hits=0 log2rate=-inf rate<=2^-27.1168(97.5%) bits>=29.117 secs=3.4
site32_Mm2_low32 len=32/32 L=4 mode=1 N=2^29 hits=0 log2rate=-inf rate<=2^-27.1168(97.5%) bits>=29.117 secs=3.4
site32_Mm2_high32 len=32/32 L=4 mode=1 N=2^29 hits=0 log2rate=-inf rate<=2^-27.1168(97.5%) bits>=29.117 secs=3.3
site32_Mm2_low56 len=32/32 L=4 mode=1 N=2^29 hits=0 log2rate=-inf rate<=2^-27.1168(97.5%) bits>=29.117 secs=3.4
site32_Mm2_low8 len=32/32 L=4 mode=1 N=2^29 hits=0 log2rate=-inf rate<=2^-27.1168(97.5%) bits>=29.117 secs=3.2
site32_Mm2_top len=32/32 L=4 mode=1 N=2^29 hits=0 log2rate=-inf rate<=2^-27.1168(97.5%) bits>=29.117 secs=3.4
site32_Mm2_altA len=32/32 L=4 mode=1 N=2^29 hits=0 log2rate=-inf rate<=2^-27.1168(97.5%) bits>=29.117 secs=3.4
site32_Mm2_alt5 len=32/32 L=4 mode=1 N=2^29 hits=0 log2rate=-inf rate<=2^-27.1168(97.5%) bits>=29.117 secs=3.4
site32_Mm2_Mm1 len=32/32 L=4 mode=1 N=2^29 hits=0 log2rate=-inf rate<=2^-27.1168(97.5%) bits>=29.117 secs=3.4
site32_Mm2_Mm2 len=32/32 L=4 mode=1 N=2^29 hits=2 log2rate=-28.0000 [-31.0457,-26.1471] bits=30.000 [28.147,33.046] secs=3.2
  witness seed=e95813f1a4784d67 secret=afe53d342522384c,179979f86bb24c13,dab5c464a7c2dd37,f40deb0c720b452f out=ee611bbf02e21816
site32_M_Mflip0 len=32/32 L=4 mode=1 N=2^29 hits=0 log2rate=-inf rate<=2^-27.1168(97.5%) bits>=29.117 secs=3.4
site32_M_Mflip1 len=32/32 L=4 mode=1 N=2^29 hits=0 log2rate=-inf rate<=2^-27.1168(97.5%) bits>=29.117 secs=3.4
site32_M_Mflip2 len=32/32 L=4 mode=1 N=2^29 hits=0 log2rate=-inf rate<=2^-27.1168(97.5%) bits>=29.117 secs=3.4
site32_M_Mflip3 len=32/32 L=4 mode=1 N=2^29 hits=0 log2rate=-inf rate<=2^-27.1168(97.5%) bits>=29.117 secs=3.4
site32_M_Mflip4 len=32/32 L=4 mode=1 N=2^29 hits=0 log2rate=-inf rate<=2^-27.1168(97.5%) bits>=29.117 secs=3.3
site32_M_Mflip5 len=32/32 L=4 mode=1 N=2^29 hits=0 log2rate=-inf rate<=2^-27.1168(97.5%) bits>=29.117 secs=3.2
site32_M_Mflip6 len=32/32 L=4 mode=1 N=2^29 hits=0 log2rate=-inf rate<=2^-27.1168(97.5%) bits>=29.117 secs=3.4
site32_M_Mflip7 len=32/32 L=4 mode=1 N=2^29 hits=0 log2rate=-inf rate<=2^-27.1168(97.5%) bits>=29.117 secs=3.4
site32_M_Mflip8 len=32/32 L=4 mode=1 N=2^29 hits=0 log2rate=-inf rate<=2^-27.1168(97.5%) bits>=29.117 secs=3.4
site32_M_Mflip9 len=32/32 L=4 mode=1 N=2^29 hits=0 log2rate=-inf rate<=2^-27.1168(97.5%) bits>=29.117 secs=3.4
site32_M_Mflip10 len=32/32 L=4 mode=1 N=2^29 hits=0 log2rate=-inf rate<=2^-27.1168(97.5%) bits>=29.117 secs=3.4
site32_M_Mflip11 len=32/32 L=4 mode=1 N=2^29 hits=0 log2rate=-inf rate<=2^-27.1168(97.5%) bits>=29.117 secs=3.3
site32_M_Mflip12 len=32/32 L=4 mode=1 N=2^29 hits=0 log2rate=-inf rate<=2^-27.1168(97.5%) bits>=29.117 secs=3.4
site32_M_Mflip13 len=32/32 L=4 mode=1 N=2^29 hits=0 log2rate=-inf rate<=2^-27.1168(97.5%) bits>=29.117 secs=3.4
site32_M_Mflip14 len=32/32 L=4 mode=1 N=2^29 hits=0 log2rate=-inf rate<=2^-27.1168(97.5%) bits>=29.117 secs=3.2
site32_M_Mflip15 len=32/32 L=4 mode=1 N=2^29 hits=0 log2rate=-inf rate<=2^-27.1168(97.5%) bits>=29.117 secs=3.4
site32_M_Mflip16 len=32/32 L=4 mode=1 N=2^29 hits=0 log2rate=-inf rate<=2^-27.1168(97.5%) bits>=29.117 secs=3.4
site32_M_Mflip17 len=32/32 L=4 mode=1 N=2^29 hits=0 log2rate=-inf rate<=2^-27.1168(97.5%) bits>=29.117 secs=3.4
site32_M_Mflip18 len=32/32 L=4 mode=1 N=2^29 hits=0 log2rate=-inf rate<=2^-27.1168(97.5%) bits>=29.117 secs=3.4
site32_M_Mflip19 len=32/32 L=4 mode=1 N=2^29 hits=0 log2rate=-inf rate<=2^-27.1168(97.5%) bits>=29.117 secs=3.2
site32_M_Mflip20 len=32/32 L=4 mode=1 N=2^29 hits=0 log2rate=-inf rate<=2^-27.1168(97.5%) bits>=29.117 secs=3.2
site32_M_Mflip21 len=32/32 L=4 mode=1 N=2^29 hits=0 log2rate=-inf rate<=2^-27.1168(97.5%) bits>=29.117 secs=3.4
site32_M_Mflip22 len=32/32 L=4 mode=1 N=2^29 hits=0 log2rate=-inf rate<=2^-27.1168(97.5%) bits>=29.117 secs=3.4
site32_M_Mflip23 len=32/32 L=4 mode=1 N=2^29 hits=0 log2rate=-inf rate<=2^-27.1168(97.5%) bits>=29.117 secs=3.1
site32_M_Mflip24 len=32/32 L=4 mode=1 N=2^29 hits=0 log2rate=-inf rate<=2^-27.1168(97.5%) bits>=29.117 secs=2.2
site32_M_Mflip25 len=32/32 L=4 mode=1 N=2^29 hits=0 log2rate=-inf rate<=2^-27.1168(97.5%) bits>=29.117 secs=1.8
site32_M_Mflip26 len=32/32 L=4 mode=1 N=2^29 hits=0 log2rate=-inf rate<=2^-27.1168(97.5%) bits>=29.117 secs=2.2
site32_M_Mflip27 len=32/32 L=4 mode=1 N=2^29 hits=0 log2rate=-inf rate<=2^-27.1168(97.5%) bits>=29.117 secs=2.2
site32_M_Mflip28 len=32/32 L=4 mode=1 N=2^29 hits=0 log2rate=-inf rate<=2^-27.1168(97.5%) bits>=29.117 secs=2.2
site32_M_Mflip29 len=32/32 L=4 mode=1 N=2^29 hits=0 log2rate=-inf rate<=2^-27.1168(97.5%) bits>=29.117 secs=2.2
site32_M_Mflip30 len=32/32 L=4 mode=1 N=2^29 hits=0 log2rate=-inf rate<=2^-27.1168(97.5%) bits>=29.117 secs=2.2
site32_M_Mflip31 len=32/32 L=4 mode=1 N=2^29 hits=0 log2rate=-inf rate<=2^-27.1168(97.5%) bits>=29.117 secs=2.4
site32_M_Mflip32 len=32/32 L=4 mode=1 N=2^29 hits=0 log2rate=-inf rate<=2^-27.1168(97.5%) bits>=29.117 secs=2.1
site32_M_Mflip33 len=32/32 L=4 mode=1 N=2^29 hits=0 log2rate=-inf rate<=2^-27.1168(97.5%) bits>=29.117 secs=2.2
site32_M_Mflip34 len=32/32 L=4 mode=1 N=2^29 hits=0 log2rate=-inf rate<=2^-27.1168(97.5%) bits>=29.117 secs=2.4
site32_M_Mflip35 len=32/32 L=4 mode=1 N=2^29 hits=0 log2rate=-inf rate<=2^-27.1168(97.5%) bits>=29.117 secs=3.2
site32_M_Mflip36 len=32/32 L=4 mode=1 N=2^29 hits=0 log2rate=-inf rate<=2^-27.1168(97.5%) bits>=29.117 secs=3.4
site32_M_Mflip37 len=32/32 L=4 mode=1 N=2^29 hits=0 log2rate=-inf rate<=2^-27.1168(97.5%) bits>=29.117 secs=3.3
site32_M_Mflip38 len=32/32 L=4 mode=1 N=2^29 hits=0 log2rate=-inf rate<=2^-27.1168(97.5%) bits>=29.117 secs=3.4
site32_M_Mflip39 len=32/32 L=4 mode=1 N=2^29 hits=0 log2rate=-inf rate<=2^-27.1168(97.5%) bits>=29.117 secs=3.2
site32_M_Mflip40 len=32/32 L=4 mode=1 N=2^29 hits=0 log2rate=-inf rate<=2^-27.1168(97.5%) bits>=29.117 secs=3.4
site32_M_Mflip41 len=32/32 L=4 mode=1 N=2^29 hits=0 log2rate=-inf rate<=2^-27.1168(97.5%) bits>=29.117 secs=3.4
site32_M_Mflip42 len=32/32 L=4 mode=1 N=2^29 hits=0 log2rate=-inf rate<=2^-27.1168(97.5%) bits>=29.117 secs=3.4
site32_M_Mflip43 len=32/32 L=4 mode=1 N=2^29 hits=0 log2rate=-inf rate<=2^-27.1168(97.5%) bits>=29.117 secs=3.4
site32_M_Mflip44 len=32/32 L=4 mode=1 N=2^29 hits=0 log2rate=-inf rate<=2^-27.1168(97.5%) bits>=29.117 secs=3.4
site32_M_Mflip45 len=32/32 L=4 mode=1 N=2^29 hits=0 log2rate=-inf rate<=2^-27.1168(97.5%) bits>=29.117 secs=3.4
site32_M_Mflip46 len=32/32 L=4 mode=1 N=2^29 hits=0 log2rate=-inf rate<=2^-27.1168(97.5%) bits>=29.117 secs=3.3
site32_M_Mflip47 len=32/32 L=4 mode=1 N=2^29 hits=0 log2rate=-inf rate<=2^-27.1168(97.5%) bits>=29.117 secs=3.4
site32_M_Mflip48 len=32/32 L=4 mode=1 N=2^29 hits=0 log2rate=-inf rate<=2^-27.1168(97.5%) bits>=29.117 secs=3.4
site32_M_Mflip49 len=32/32 L=4 mode=1 N=2^29 hits=0 log2rate=-inf rate<=2^-27.1168(97.5%) bits>=29.117 secs=3.4
site32_M_Mflip50 len=32/32 L=4 mode=1 N=2^29 hits=0 log2rate=-inf rate<=2^-27.1168(97.5%) bits>=29.117 secs=3.4
site32_M_Mflip51 len=32/32 L=4 mode=1 N=2^29 hits=0 log2rate=-inf rate<=2^-27.1168(97.5%) bits>=29.117 secs=3.4
site32_M_Mflip52 len=32/32 L=4 mode=1 N=2^29 hits=0 log2rate=-inf rate<=2^-27.1168(97.5%) bits>=29.117 secs=3.4
site32_M_Mflip53 len=32/32 L=4 mode=1 N=2^29 hits=0 log2rate=-inf rate<=2^-27.1168(97.5%) bits>=29.117 secs=3.4
site32_M_Mflip54 len=32/32 L=4 mode=1 N=2^29 hits=0 log2rate=-inf rate<=2^-27.1168(97.5%) bits>=29.117 secs=3.4
site32_M_Mflip55 len=32/32 L=4 mode=1 N=2^29 hits=0 log2rate=-inf rate<=2^-27.1168(97.5%) bits>=29.117 secs=3.4
site32_M_Mflip56 len=32/32 L=4 mode=1 N=2^29 hits=0 log2rate=-inf rate<=2^-27.1168(97.5%) bits>=29.117 secs=3.4
site32_M_Mflip57 len=32/32 L=4 mode=1 N=2^29 hits=0 log2rate=-inf rate<=2^-27.1168(97.5%) bits>=29.117 secs=3.2
site32_M_Mflip58 len=32/32 L=4 mode=1 N=2^29 hits=0 log2rate=-inf rate<=2^-27.1168(97.5%) bits>=29.117 secs=3.3
site32_M_Mflip59 len=32/32 L=4 mode=1 N=2^29 hits=0 log2rate=-inf rate<=2^-27.1168(97.5%) bits>=29.117 secs=3.4
site32_M_Mflip60 len=32/32 L=4 mode=1 N=2^29 hits=0 log2rate=-inf rate<=2^-27.1168(97.5%) bits>=29.117 secs=3.4
site32_M_Mflip61 len=32/32 L=4 mode=1 N=2^29 hits=0 log2rate=-inf rate<=2^-27.1168(97.5%) bits>=29.117 secs=3.4
site32_M_Mflip62 len=32/32 L=4 mode=1 N=2^29 hits=0 log2rate=-inf rate<=2^-27.1168(97.5%) bits>=29.117 secs=3.4
site32_M_Mflip63 len=32/32 L=4 mode=1 N=2^29 hits=0 log2rate=-inf rate<=2^-27.1168(97.5%) bits>=29.117 secs=3.4
