verification 9DAE7DD3 PASS
A32_row_pair len=32/32 L=4 mode=1 N=2^30 hits=12 log2rate=-26.4150 [-27.3676,-25.6103] bits=28.415 [27.610,29.368] secs=13.0
  witness seed=838dd7c7173f8bf0 secret=76d34ed90d6941ab,0ff6721004757dac,e463b443038f18ef,6ce2ba8a6d80e264 out=5e2d630a6ba85325
A32_fresh_base_w0M_w1M len=32/32 L=4 mode=1 N=2^30 hits=13 log2rate=-26.2996 [-27.2088,-25.5255] bits=28.300 [27.526,29.209] secs=12.8
  witness seed=b8158cf76d0dea66 secret=43f6538e484a9173,4d56947e2bd4f5f1,2e43b1671c5c89f6,9b1b8f8d31dea55a out=f4d9123ed6e27343
len32_w0M_only len=32/32 L=4 mode=1 N=2^30 hits=11 log2rate=-26.5406 [-27.5429,-25.7012] bits=28.541 [27.701,29.543] secs=12.6
  witness seed=5795974d13619207 secret=d4ef43c98f2b2bea,85d5d2b114879581,9d74fd2e9f1d7b37,695fefad7d217017 out=e54f2a4136b75a4a
len32_w1M_only len=32/32 L=4 mode=1 N=2^30 hits=9 log2rate=-26.8301 [-27.9590,-25.9054] bits=28.830 [27.905,29.959] secs=12.7
  witness seed=477f0f7dd332d738 secret=83160937538a114e,2ce4f760fa657b08,510580209e981619,aec1cc37a4bb1b77 out=02896f86558107f0
len24_w0M len=24/24 L=3 mode=1 N=2^30 hits=8 log2rate=-27.0000 [-28.2118,-26.0215] bits=28.585 [27.606,29.797] secs=13.0
  witness seed=4a2471aadb7f8a1f secret=774f8846e35ef272,810401b5fbc77bb3,59f7e90f7933f628,dbfa260b3926b8e8 out=0f0cf7ff32814ed4
len24_w0M_b2 len=24/24 L=3 mode=1 N=2^30 hits=8 log2rate=-27.0000 [-28.2118,-26.0215] bits=28.585 [27.606,29.797] secs=13.0
  witness seed=cfdfe069c81e7ee5 secret=af72fd0a69d3a322,84e95bb657c97d5b,d66c40858cacddf2,fde53eb8dfe54916 out=30dda250fb3a8779
len24_w0M_zero_base len=24/24 L=3 mode=1 N=2^30 hits=7 log2rate=-27.1926 [-28.5072,-26.1497] bits=28.778 [27.735,30.092] secs=14.4
  witness seed=82fe43417f64a46d secret=6c63e22d898482e1,518a828b8816d559,33efdbe1625e9a37,b9b3fed080c4c649 out=89c63b2004f21e4e
len23_bytes0-6M len=23/23 L=3 mode=1 N=2^30 hits=0 log2rate=-inf rate<=2^-28.1168(97.5%) bits>=29.702 secs=14.4
len20_bytes0-3M len=20/20 L=3 mode=1 N=2^30 hits=0 log2rate=-inf rate<=2^-28.1168(97.5%) bits>=29.702 secs=16.0
len17_byte0M len=17/17 L=3 mode=1 N=2^30 hits=0 log2rate=-inf rate<=2^-28.1168(97.5%) bits>=29.702 secs=14.4
len24_w0_lo32M len=24/24 L=3 mode=1 N=2^30 hits=0 log2rate=-inf rate<=2^-28.1168(97.5%) bits>=29.702 secs=14.4
len24_w0_hi32M len=24/24 L=3 mode=1 N=2^30 hits=0 log2rate=-inf rate<=2^-28.1168(97.5%) bits>=29.702 secs=14.4
len24_w0_topbit len=24/24 L=3 mode=1 N=2^30 hits=0 log2rate=-inf rate<=2^-28.1168(97.5%) bits>=29.702 secs=13.3
len24_w0_altA len=24/24 L=3 mode=1 N=2^30 hits=0 log2rate=-inf rate<=2^-28.1168(97.5%) bits>=29.702 secs=14.4
len24_w0_alt5 len=24/24 L=3 mode=1 N=2^30 hits=0 log2rate=-inf rate<=2^-28.1168(97.5%) bits>=29.702 secs=12.6
len24_w0_M_minus2 len=24/24 L=3 mode=1 N=2^30 hits=3 log2rate=-28.4150 [-30.6928,-26.8679] bits=30.000 [28.453,32.278] secs=12.6
  witness seed=60325789c12c2d99 secret=f50211448fb70a95,70183132e211b272,39b693214c20e720,80b96298c5f2e68a out=40d18091748acdc4
len24_w0_M_minus1 len=24/24 L=3 mode=1 N=2^30 hits=0 log2rate=-inf rate<=2^-28.1168(97.5%) bits>=29.702 secs=13.2
len24_w0M_w2M len=24/24 L=3 mode=1 N=2^30 hits=0 log2rate=-inf rate<=2^-28.1168(97.5%) bits>=29.702 secs=12.6
len24_w1M_w2M len=24/24 L=3 mode=1 N=2^30 hits=0 log2rate=-inf rate<=2^-28.1168(97.5%) bits>=29.702 secs=12.6
len48_lane1_w0M_w1M len=48/48 L=6 mode=1 N=2^30 hits=8 log2rate=-27.0000 [-28.2118,-26.0215] bits=29.585 [28.606,30.797] secs=19.4
  witness seed=00d1823386cf9eee secret=0e1adbbfa5eba5c6,74f30157a292ea2d,995cbf48d52796e3,154a0931870ba669 out=fe333db4945a6859
len48_lane2_w2M_w3M len=48/48 L=6 mode=1 N=2^30 hits=13 log2rate=-26.2996 [-27.2088,-25.5255] bits=28.885 [28.111,29.794] secs=15.2
  witness seed=1e58899c341d229e secret=464bdf06570a07a0,e2a2e73b8d37c794,10971a07c9d9dda6,418879c6a8200563 out=893d0e39447287ce
len64_w0M_w1M len=64/64 L=8 mode=1 N=2^30 hits=10 log2rate=-26.6781 [-27.7384,-25.7991] bits=29.678 [28.799,30.738] secs=15.2
  witness seed=723822c1938f7c7d secret=ff58f3f420b3bf47,0a52118677ed3bdd,c5773003af60c8e5,aa7da1e78dd9c547 out=22b4fbbec44f2a48
len40_w0M_w1M len=40/40 L=5 mode=1 N=2^30 hits=13 log2rate=-26.2996 [-27.2088,-25.5255] bits=28.621 [27.847,29.531] secs=14.9
  witness seed=dd9975581cf0a6e8 secret=71d258f6bdd98000,0d88837757456f99,fada5d84fcfb312f,46a09eab9fd711ad out=2b884291a22d6332
len40_w2M_only len=40/40 L=5 mode=1 N=2^30 hits=8 log2rate=-27.0000 [-28.2118,-26.0215] bits=29.322 [28.343,30.534] secs=14.9
  witness seed=9fee6edac372ef45 secret=21e0639d4b60414a,b0be8c6662dd14d6,6247ea066b2f875d,64dd923b30762bdd out=724a2da9e44d2039
len16_allM len=16/16 L=2 mode=1 N=2^30 hits=0 log2rate=-inf rate<=2^-28.1168(97.5%) bits>=29.117 secs=12.0
len16_aM len=16/16 L=2 mode=1 N=2^30 hits=0 log2rate=-inf rate<=2^-28.1168(97.5%) bits>=29.117 secs=13.8
len16_bM len=16/16 L=2 mode=1 N=2^30 hits=0 log2rate=-inf rate<=2^-28.1168(97.5%) bits>=29.117 secs=13.6
len8_allM len=8/8 L=1 mode=1 N=2^30 hits=0 log2rate=-inf rate<=2^-28.1168(97.5%) bits>=28.117 secs=12.0
len12_allM len=12/12 L=2 mode=1 N=2^30 hits=0 log2rate=-inf rate<=2^-28.1168(97.5%) bits>=29.117 secs=12.0
len4_allM len=4/4 L=1 mode=1 N=2^30 hits=0 log2rate=-inf rate<=2^-28.1168(97.5%) bits>=28.117 secs=12.0
len3_allM len=3/3 L=1 mode=1 N=2^30 hits=0 log2rate=-inf rate<=2^-28.1168(97.5%) bits>=28.117 secs=12.1
len16_random_pair len=16/16 L=2 mode=1 N=2^30 hits=0 log2rate=-inf rate<=2^-28.1168(97.5%) bits>=29.117 secs=12.0
len32_random_pair len=32/32 L=4 mode=1 N=2^30 hits=0 log2rate=-inf rate<=2^-28.1168(97.5%) bits>=30.117 secs=12.6
xlen_zero_16_vs_15 len=16/15 L=2 mode=1 N=2^30 hits=0 log2rate=-inf rate<=2^-28.1168(97.5%) bits>=29.117 secs=13.7
xlen_zero_8_vs_7 len=8/7 L=1 mode=1 N=2^30 hits=0 log2rate=-inf rate<=2^-28.1168(97.5%) bits>=28.117 secs=13.5
xlen_zero_4_vs_3 len=4/3 L=1 mode=1 N=2^30 hits=0 log2rate=-inf rate<=2^-28.1168(97.5%) bits>=28.117 secs=12.7
xlen_zero_12_vs_11 len=12/11 L=2 mode=1 N=2^30 hits=0 log2rate=-inf rate<=2^-28.1168(97.5%) bits>=29.117 secs=12.0
xlen_zero_16_vs_9 len=16/9 L=2 mode=1 N=2^30 hits=0 log2rate=-inf rate<=2^-28.1168(97.5%) bits>=29.117 secs=12.0
xlen_zero_2_vs_1 len=2/1 L=1 mode=1 N=2^30 hits=0 log2rate=-inf rate<=2^-28.1168(97.5%) bits>=28.117 secs=12.1
xlen_zero_16_vs_8 len=16/8 L=2 mode=1 N=2^30 hits=0 log2rate=-inf rate<=2^-28.1168(97.5%) bits>=29.117 secs=11.8
xlen_zero_10_vs_5 len=10/5 L=2 mode=1 N=2^30 hits=0 log2rate=-inf rate<=2^-28.1168(97.5%) bits>=29.117 secs=12.1
