verification 9DAE7DD3 PASS
sweep1_allM len=1/1 L=1 mode=1 N=2^29 hits=0 log2rate=-inf rate<=2^-27.1168(97.5%) bits>=27.117 secs=3.3
sweep1_random len=1/1 L=1 mode=1 N=2^29 hits=0 log2rate=-inf rate<=2^-27.1168(97.5%) bits>=27.117 secs=3.3
sweep2_allM len=2/2 L=1 mode=1 N=2^29 hits=0 log2rate=-inf rate<=2^-27.1168(97.5%) bits>=27.117 secs=3.3
sweep2_random len=2/2 L=1 mode=1 N=2^29 hits=0 log2rate=-inf rate<=2^-27.1168(97.5%) bits>=27.117 secs=3.3
sweep3_allM len=3/3 L=1 mode=1 N=2^29 hits=0 log2rate=-inf rate<=2^-27.1168(97.5%) bits>=27.117 secs=3.3
sweep3_random len=3/3 L=1 mode=1 N=2^29 hits=0 log2rate=-inf rate<=2^-27.1168(97.5%) bits>=27.117 secs=3.3
sweep4_allM len=4/4 L=1 mode=1 N=2^29 hits=0 log2rate=-inf rate<=2^-27.1168(97.5%) bits>=27.117 secs=3.3
sweep4_random len=4/4 L=1 mode=1 N=2^29 hits=0 log2rate=-inf rate<=2^-27.1168(97.5%) bits>=27.117 secs=3.1
sweep5_allM len=5/5 L=1 mode=1 N=2^29 hits=0 log2rate=-inf rate<=2^-27.1168(97.5%) bits>=27.117 secs=3.2
sweep5_random len=5/5 L=1 mode=1 N=2^29 hits=0 log2rate=-inf rate<=2^-27.1168(97.5%) bits>=27.117 secs=3.2
sweep6_allM len=6/6 L=1 mode=1 N=2^29 hits=0 log2rate=-inf rate<=2^-27.1168(97.5%) bits>=27.117 secs=3.3
sweep6_random len=6/6 L=1 mode=1 N=2^29 hits=0 log2rate=-inf rate<=2^-27.1168(97.5%) bits>=27.117 secs=3.0
sweep7_allM len=7/7 L=1 mode=1 N=2^29 hits=0 log2rate=-inf rate<=2^-27.1168(97.5%) bits>=27.117 secs=3.1
sweep7_random len=7/7 L=1 mode=1 N=2^29 hits=0 log2rate=-inf rate<=2^-27.1168(97.5%) bits>=27.117 secs=3.2
sweep8_allM len=8/8 L=1 mode=1 N=2^29 hits=0 log2rate=-inf rate<=2^-27.1168(97.5%) bits>=27.117 secs=3.2
sweep8_random len=8/8 L=1 mode=1 N=2^29 hits=0 log2rate=-inf rate<=2^-27.1168(97.5%) bits>=27.117 secs=3.2
sweep8_w0M len=8/8 L=1 mode=1 N=2^29 hits=0 log2rate=-inf rate<=2^-27.1168(97.5%) bits>=27.117 secs=3.2
sweep9_allM len=9/9 L=2 mode=1 N=2^29 hits=0 log2rate=-inf rate<=2^-27.1168(97.5%) bits>=28.117 secs=3.1
sweep9_random len=9/9 L=2 mode=1 N=2^29 hits=0 log2rate=-inf rate<=2^-27.1168(97.5%) bits>=28.117 secs=3.1
sweep9_w0M len=9/9 L=2 mode=1 N=2^29 hits=0 log2rate=-inf rate<=2^-27.1168(97.5%) bits>=28.117 secs=3.1
sweep10_allM len=10/10 L=2 mode=1 N=2^29 hits=0 log2rate=-inf rate<=2^-27.1168(97.5%) bits>=28.117 secs=3.2
sweep10_random len=10/10 L=2 mode=1 N=2^29 hits=0 log2rate=-inf rate<=2^-27.1168(97.5%) bits>=28.117 secs=3.2
sweep10_w0M len=10/10 L=2 mode=1 N=2^29 hits=0 log2rate=-inf rate<=2^-27.1168(97.5%) bits>=28.117 secs=3.3
sweep11_allM len=11/11 L=2 mode=1 N=2^29 hits=0 log2rate=-inf rate<=2^-27.1168(97.5%) bits>=28.117 secs=3.0
sweep11_random len=11/11 L=2 mode=1 N=2^29 hits=0 log2rate=-inf rate<=2^-27.1168(97.5%) bits>=28.117 secs=3.2
sweep11_w0M len=11/11 L=2 mode=1 N=2^29 hits=0 log2rate=-inf rate<=2^-27.1168(97.5%) bits>=28.117 secs=3.2
sweep12_allM len=12/12 L=2 mode=1 N=2^29 hits=0 log2rate=-inf rate<=2^-27.1168(97.5%) bits>=28.117 secs=3.3
sweep12_random len=12/12 L=2 mode=1 N=2^29 hits=0 log2rate=-inf rate<=2^-27.1168(97.5%) bits>=28.117 secs=3.2
sweep12_w0M len=12/12 L=2 mode=1 N=2^29 hits=0 log2rate=-inf rate<=2^-27.1168(97.5%) bits>=28.117 secs=3.3
sweep13_allM len=13/13 L=2 mode=1 N=2^29 hits=0 log2rate=-inf rate<=2^-27.1168(97.5%) bits>=28.117 secs=3.2
sweep13_random len=13/13 L=2 mode=1 N=2^29 hits=0 log2rate=-inf rate<=2^-27.1168(97.5%) bits>=28.117 secs=3.0
sweep13_w0M len=13/13 L=2 mode=1 N=2^29 hits=0 log2rate=-inf rate<=2^-27.1168(97.5%) bits>=28.117 secs=3.2
sweep14_allM len=14/14 L=2 mode=1 N=2^29 hits=0 log2rate=-inf rate<=2^-27.1168(97.5%) bits>=28.117 secs=3.3
sweep14_random len=14/14 L=2 mode=1 N=2^29 hits=0 log2rate=-inf rate<=2^-27.1168(97.5%) bits>=28.117 secs=3.2
sweep14_w0M len=14/14 L=2 mode=1 N=2^29 hits=0 log2rate=-inf rate<=2^-27.1168(97.5%) bits>=28.117 secs=3.3
sweep15_allM len=15/15 L=2 mode=1 N=2^29 hits=0 log2rate=-inf rate<=2^-27.1168(97.5%) bits>=28.117 secs=3.2
sweep15_random len=15/15 L=2 mode=1 N=2^29 hits=0 log2rate=-inf rate<=2^-27.1168(97.5%) bits>=28.117 secs=3.2
sweep15_w0M len=15/15 L=2 mode=1 N=2^29 hits=0 log2rate=-inf rate<=2^-27.1168(97.5%) bits>=28.117 secs=3.1
sweep16_allM len=16/16 L=2 mode=1 N=2^29 hits=0 log2rate=-inf rate<=2^-27.1168(97.5%) bits>=28.117 secs=3.1
sweep16_random len=16/16 L=2 mode=1 N=2^29 hits=0 log2rate=-inf rate<=2^-27.1168(97.5%) bits>=28.117 secs=3.1
sweep16_w0M len=16/16 L=2 mode=1 N=2^29 hits=0 log2rate=-inf rate<=2^-27.1168(97.5%) bits>=28.117 secs=3.3
sweep16_w1M len=16/16 L=2 mode=1 N=2^29 hits=0 log2rate=-inf rate<=2^-27.1168(97.5%) bits>=28.117 secs=3.1
sweep17_allM len=17/17 L=3 mode=1 N=2^29 hits=0 log2rate=-inf rate<=2^-27.1168(97.5%) bits>=28.702 secs=3.4
sweep17_random len=17/17 L=3 mode=1 N=2^29 hits=0 log2rate=-inf rate<=2^-27.1168(97.5%) bits>=28.702 secs=3.4
sweep17_w0M len=17/17 L=3 mode=1 N=2^29 hits=0 log2rate=-inf rate<=2^-27.1168(97.5%) bits>=28.702 secs=3.4
sweep17_w1M len=17/17 L=3 mode=1 N=2^29 hits=0 log2rate=-inf rate<=2^-27.1168(97.5%) bits>=28.702 secs=3.4
sweep18_allM len=18/18 L=3 mode=1 N=2^29 hits=0 log2rate=-inf rate<=2^-27.1168(97.5%) bits>=28.702 secs=3.4
sweep18_random len=18/18 L=3 mode=1 N=2^29 hits=0 log2rate=-inf rate<=2^-27.1168(97.5%) bits>=28.702 secs=3.2
sweep18_w0M len=18/18 L=3 mode=1 N=2^29 hits=0 log2rate=-inf rate<=2^-27.1168(97.5%) bits>=28.702 secs=3.1
sweep18_w1M len=18/18 L=3 mode=1 N=2^29 hits=0 log2rate=-inf rate<=2^-27.1168(97.5%) bits>=28.702 secs=3.4
sweep19_allM len=19/19 L=3 mode=1 N=2^29 hits=0 log2rate=-inf rate<=2^-27.1168(97.5%) bits>=28.702 secs=3.4
sweep19_random len=19/19 L=3 mode=1 N=2^29 hits=0 log2rate=-inf rate<=2^-27.1168(97.5%) bits>=28.702 secs=3.4
sweep19_w0M len=19/19 L=3 mode=1 N=2^29 hits=0 log2rate=-inf rate<=2^-27.1168(97.5%) bits>=28.702 secs=3.4
sweep19_w1M len=19/19 L=3 mode=1 N=2^29 hits=0 log2rate=-inf rate<=2^-27.1168(97.5%) bits>=28.702 secs=3.2
sweep20_allM len=20/20 L=3 mode=1 N=2^29 hits=0 log2rate=-inf rate<=2^-27.1168(97.5%) bits>=28.702 secs=3.4
sweep20_random len=20/20 L=3 mode=1 N=2^29 hits=0 log2rate=-inf rate<=2^-27.1168(97.5%) bits>=28.702 secs=3.4
sweep20_w0M len=20/20 L=3 mode=1 N=2^29 hits=0 log2rate=-inf rate<=2^-27.1168(97.5%) bits>=28.702 secs=3.3
sweep20_w1M len=20/20 L=3 mode=1 N=2^29 hits=0 log2rate=-inf rate<=2^-27.1168(97.5%) bits>=28.702 secs=3.2
sweep21_allM len=21/21 L=3 mode=1 N=2^29 hits=0 log2rate=-inf rate<=2^-27.1168(97.5%) bits>=28.702 secs=3.4
sweep21_random len=21/21 L=3 mode=1 N=2^29 hits=0 log2rate=-inf rate<=2^-27.1168(97.5%) bits>=28.702 secs=3.4
sweep21_w0M len=21/21 L=3 mode=1 N=2^29 hits=0 log2rate=-inf rate<=2^-27.1168(97.5%) bits>=28.702 secs=3.4
sweep21_w1M len=21/21 L=3 mode=1 N=2^29 hits=0 log2rate=-inf rate<=2^-27.1168(97.5%) bits>=28.702 secs=3.2
sweep22_allM len=22/22 L=3 mode=1 N=2^29 hits=0 log2rate=-inf rate<=2^-27.1168(97.5%) bits>=28.702 secs=3.4
sweep22_random len=22/22 L=3 mode=1 N=2^29 hits=0 log2rate=-inf rate<=2^-27.1168(97.5%) bits>=28.702 secs=3.3
sweep22_w0M len=22/22 L=3 mode=1 N=2^29 hits=0 log2rate=-inf rate<=2^-27.1168(97.5%) bits>=28.702 secs=3.4
sweep22_w1M len=22/22 L=3 mode=1 N=2^29 hits=0 log2rate=-inf rate<=2^-27.1168(97.5%) bits>=28.702 secs=3.2
sweep23_allM len=23/23 L=3 mode=1 N=2^29 hits=0 log2rate=-inf rate<=2^-27.1168(97.5%) bits>=28.702 secs=3.4
sweep23_random len=23/23 L=3 mode=1 N=2^29 hits=0 log2rate=-inf rate<=2^-27.1168(97.5%) bits>=28.702 secs=3.4
sweep23_w0M len=23/23 L=3 mode=1 N=2^29 hits=0 log2rate=-inf rate<=2^-27.1168(97.5%) bits>=28.702 secs=3.4
sweep23_w1M len=23/23 L=3 mode=1 N=2^29 hits=0 log2rate=-inf rate<=2^-27.1168(97.5%) bits>=28.702 secs=3.4
sweep24_allM len=24/24 L=3 mode=1 N=2^29 hits=0 log2rate=-inf rate<=2^-27.1168(97.5%) bits>=28.702 secs=3.4
sweep24_random len=24/24 L=3 mode=1 N=2^29 hits=0 log2rate=-inf rate<=2^-27.1168(97.5%) bits>=28.702 secs=3.4
sweep24_w0M len=24/24 L=3 mode=1 N=2^29 hits=5 log2rate=-26.6781 [-28.3009,-25.4555] bits=28.263 [27.040,29.886] secs=3.3
  witness seed=4af9e0d48d99ca98 secret=30497b0836433dfb,18dd19338f244717,56bb9b508779b003,94e9a7e42e34d5eb out=9dcd89f19325901d
sweep24_w1M len=24/24 L=3 mode=1 N=2^29 hits=0 log2rate=-inf rate<=2^-27.1168(97.5%) bits>=28.702 secs=3.3
sweep24_w2M len=24/24 L=3 mode=1 N=2^29 hits=0 log2rate=-inf rate<=2^-27.1168(97.5%) bits>=28.702 secs=3.4
sweep25_allM len=25/25 L=4 mode=1 N=2^29 hits=0 log2rate=-inf rate<=2^-27.1168(97.5%) bits>=29.117 secs=3.3
sweep25_random len=25/25 L=4 mode=1 N=2^29 hits=0 log2rate=-inf rate<=2^-27.1168(97.5%) bits>=29.117 secs=3.4
sweep25_w0M len=25/25 L=4 mode=1 N=2^29 hits=3 log2rate=-27.4150 [-29.6928,-25.8679] bits=29.415 [27.868,31.693] secs=3.3
  witness seed=b83383b64e87facb secret=050f642f3a26b7d5,ec1cea50d9498bef,44d7ff3822c0ba4a,adc9f9d37ce6cf8c out=c4440b5219d8ac3f
sweep25_w1M len=25/25 L=4 mode=1 N=2^29 hits=0 log2rate=-inf rate<=2^-27.1168(97.5%) bits>=29.117 secs=3.4
sweep25_w2M len=25/25 L=4 mode=1 N=2^29 hits=0 log2rate=-inf rate<=2^-27.1168(97.5%) bits>=29.117 secs=3.4
sweep26_allM len=26/26 L=4 mode=1 N=2^29 hits=0 log2rate=-inf rate<=2^-27.1168(97.5%) bits>=29.117 secs=3.4
sweep26_random len=26/26 L=4 mode=1 N=2^29 hits=0 log2rate=-inf rate<=2^-27.1168(97.5%) bits>=29.117 secs=3.4
sweep26_w0M len=26/26 L=4 mode=1 N=2^29 hits=7 log2rate=-26.1926 [-27.5072,-25.1497] bits=28.193 [27.150,29.507] secs=3.4
  witness seed=e4474226aa79cc70 secret=1e71569af6837648,799694b6767a09df,c1c365170f72fba0,9b2aea8ef6d0e6c5 out=a593f4cab984e800
sweep26_w1M len=26/26 L=4 mode=1 N=2^29 hits=0 log2rate=-inf rate<=2^-27.1168(97.5%) bits>=29.117 secs=3.4
sweep26_w2M len=26/26 L=4 mode=1 N=2^29 hits=0 log2rate=-inf rate<=2^-27.1168(97.5%) bits>=29.117 secs=3.2
sweep27_allM len=27/27 L=4 mode=1 N=2^29 hits=0 log2rate=-inf rate<=2^-27.1168(97.5%) bits>=29.117 secs=3.4
sweep27_random len=27/27 L=4 mode=1 N=2^29 hits=0 log2rate=-inf rate<=2^-27.1168(97.5%) bits>=29.117 secs=3.2
sweep27_w0M len=27/27 L=4 mode=1 N=2^29 hits=5 log2rate=-26.6781 [-28.3009,-25.4555] bits=28.678 [27.455,30.301] secs=3.2
  witness seed=d90c227d04695c22 secret=8a11ec57cc982d85,dc5b8107d08f8e6a,f2239199815cafa0,cc77343600c92cf0 out=b77abf63bb3f762e
sweep27_w1M len=27/27 L=4 mode=1 N=2^29 hits=0 log2rate=-inf rate<=2^-27.1168(97.5%) bits>=29.117 secs=3.4
sweep27_w2M len=27/27 L=4 mode=1 N=2^29 hits=0 log2rate=-inf rate<=2^-27.1168(97.5%) bits>=29.117 secs=3.4
sweep28_allM len=28/28 L=4 mode=1 N=2^29 hits=0 log2rate=-inf rate<=2^-27.1168(97.5%) bits>=29.117 secs=3.4
sweep28_random len=28/28 L=4 mode=1 N=2^29 hits=0 log2rate=-inf rate<=2^-27.1168(97.5%) bits>=29.117 secs=3.4
sweep28_w0M len=28/28 L=4 mode=1 N=2^29 hits=5 log2rate=-26.6781 [-28.3009,-25.4555] bits=28.678 [27.455,30.301] secs=3.4
  witness seed=8716228e3b1aa66a secret=5850346c857a2064,d979c4e3b197bfc5,e5305ace22301271,6e1d528c498d86c0 out=cb0d93630453e967
sweep28_w1M len=28/28 L=4 mode=1 N=2^29 hits=0 log2rate=-inf rate<=2^-27.1168(97.5%) bits>=29.117 secs=3.4
sweep28_w2M len=28/28 L=4 mode=1 N=2^29 hits=0 log2rate=-inf rate<=2^-27.1168(97.5%) bits>=29.117 secs=3.4
sweep29_allM len=29/29 L=4 mode=1 N=2^29 hits=0 log2rate=-inf rate<=2^-27.1168(97.5%) bits>=29.117 secs=3.4
sweep29_random len=29/29 L=4 mode=1 N=2^29 hits=0 log2rate=-inf rate<=2^-27.1168(97.5%) bits>=29.117 secs=3.4
sweep29_w0M len=29/29 L=4 mode=1 N=2^29 hits=7 log2rate=-26.1926 [-27.5072,-25.1497] bits=28.193 [27.150,29.507] secs=3.4
  witness seed=1df37038b160b07d secret=8d28c44399342411,d62b57dae802a0b0,bb34946d675c25ce,40af812ad1e5938b out=9775eac572c6e25c
sweep29_w1M len=29/29 L=4 mode=1 N=2^29 hits=0 log2rate=-inf rate<=2^-27.1168(97.5%) bits>=29.117 secs=3.2
sweep29_w2M len=29/29 L=4 mode=1 N=2^29 hits=0 log2rate=-inf rate<=2^-27.1168(97.5%) bits>=29.117 secs=3.4
sweep30_allM len=30/30 L=4 mode=1 N=2^29 hits=0 log2rate=-inf rate<=2^-27.1168(97.5%) bits>=29.117 secs=2.6
sweep30_random len=30/30 L=4 mode=1 N=2^29 hits=0 log2rate=-inf rate<=2^-27.1168(97.5%) bits>=29.117 secs=2.5
sweep30_w0M len=30/30 L=4 mode=1 N=2^29 hits=7 log2rate=-26.1926 [-27.5072,-25.1497] bits=28.193 [27.150,29.507] secs=2.7
  witness seed=107bb6d8876d854b secret=a13696a4431c0d49,7c4f940f912f3dab,38a6323972ab99ac,3a3710dc94a14b9f out=5e54ebfd6d715a06
sweep30_w1M len=30/30 L=4 mode=1 N=2^29 hits=0 log2rate=-inf rate<=2^-27.1168(97.5%) bits>=29.117 secs=3.1
sweep30_w2M len=30/30 L=4 mode=1 N=2^29 hits=0 log2rate=-inf rate<=2^-27.1168(97.5%) bits>=29.117 secs=2.7
sweep31_allM len=31/31 L=4 mode=1 N=2^29 hits=0 log2rate=-inf rate<=2^-27.1168(97.5%) bits>=29.117 secs=2.7
sweep31_random len=31/31 L=4 mode=1 N=2^29 hits=0 log2rate=-inf rate<=2^-27.1168(97.5%) bits>=29.117 secs=2.7
sweep31_w0M len=31/31 L=4 mode=1 N=2^29 hits=4 log2rate=-27.0000 [-28.8759,-25.6436] bits=29.000 [27.644,30.876] secs=2.7
  witness seed=927eab4b9a015d45 secret=5ffdb4ac3b2cf52b,ac70555114754f51,5ae8b36c40cfabd7,ceb62107c4e28ce9 out=e41b281a03faad01
sweep31_w1M len=31/31 L=4 mode=1 N=2^29 hits=0 log2rate=-inf rate<=2^-27.1168(97.5%) bits>=29.117 secs=2.4
sweep31_w2M len=31/31 L=4 mode=1 N=2^29 hits=0 log2rate=-inf rate<=2^-27.1168(97.5%) bits>=29.117 secs=2.1
sweep32_allM len=32/32 L=4 mode=1 N=2^29 hits=0 log2rate=-inf rate<=2^-27.1168(97.5%) bits>=29.117 secs=2.3
sweep32_random len=32/32 L=4 mode=1 N=2^29 hits=0 log2rate=-inf rate<=2^-27.1168(97.5%) bits>=29.117 secs=2.2
sweep32_w0M len=32/32 L=4 mode=1 N=2^29 hits=9 log2rate=-25.8301 [-26.9590,-24.9054] bits=27.830 [26.905,28.959] secs=2.2
  witness seed=0f40e8b9b1addf1e secret=ba887f945e299e27,85a6db08493987c6,b23d12016146d2b8,5d0a4e0ed9ea347f out=58079bcc2756b7d2
sweep32_w1M len=32/32 L=4 mode=1 N=2^29 hits=6 log2rate=-26.4150 [-27.8613,-25.2930] bits=28.415 [27.293,29.861] secs=2.1
  witness seed=0a3fa267cd435da8 secret=6e24d4c9f5f8b45e,06de406599ad9cc9,0c9a7d91edbaf567,d1c9167a1d29972c out=63a1b49fe2caae5c
sweep32_w2M len=32/32 L=4 mode=1 N=2^29 hits=0 log2rate=-inf rate<=2^-27.1168(97.5%) bits>=29.117 secs=2.1
sweep32_w3M len=32/32 L=4 mode=1 N=2^29 hits=0 log2rate=-inf rate<=2^-27.1168(97.5%) bits>=29.117 secs=2.2
sweep33_allM len=33/33 L=5 mode=1 N=2^29 hits=0 log2rate=-inf rate<=2^-27.1168(97.5%) bits>=29.439 secs=2.4
sweep33_random len=33/33 L=5 mode=1 N=2^29 hits=0 log2rate=-inf rate<=2^-27.1168(97.5%) bits>=29.439 secs=2.7
sweep33_w0M len=33/33 L=5 mode=1 N=2^29 hits=3 log2rate=-27.4150 [-29.6928,-25.8679] bits=29.737 [28.190,32.015] secs=2.6
  witness seed=3fb28b5ac1d02168 secret=67798b406cf7b2e9,10b285d5ace35bb3,d2826d1febf876bc,b0ad00eaa3b6cdca out=53f880abc1e6ab4f
sweep33_w1M len=33/33 L=5 mode=1 N=2^29 hits=4 log2rate=-27.0000 [-28.8759,-25.6436] bits=29.322 [27.966,31.198] secs=2.8
  witness seed=f67db39a08fdc26d secret=b0a456877c3a66ef,37a990e68a649fd5,a3546c9f1d156318,604eba1b14a6604d out=a8abab9d6be40fa2
sweep33_w2M len=33/33 L=5 mode=1 N=2^29 hits=0 log2rate=-inf rate<=2^-27.1168(97.5%) bits>=29.439 secs=2.4
sweep33_w3M len=33/33 L=5 mode=1 N=2^29 hits=0 log2rate=-inf rate<=2^-27.1168(97.5%) bits>=29.439 secs=2.8
sweep34_allM len=34/34 L=5 mode=1 N=2^29 hits=0 log2rate=-inf rate<=2^-27.1168(97.5%) bits>=29.439 secs=2.4
sweep34_random len=34/34 L=5 mode=1 N=2^29 hits=0 log2rate=-inf rate<=2^-27.1168(97.5%) bits>=29.439 secs=2.6
sweep34_w0M len=34/34 L=5 mode=1 N=2^29 hits=2 log2rate=-28.0000 [-31.0457,-26.1471] bits=30.322 [28.469,33.368] secs=2.5
  witness seed=fdf56c9c32d16864 secret=bdd1ed46d7003473,e964674751f5c869,7fe8663fdd088ddf,9a38eb675565fe87 out=455ac5b9dc85f113
sweep34_w1M len=34/34 L=5 mode=1 N=2^29 hits=5 log2rate=-26.6781 [-28.3009,-25.4555] bits=29.000 [27.777,30.623] secs=2.7
  witness seed=721fd04eb9ab3b9d secret=7484df52b75b4a18,761a2b5af1c386e5,91733ea5819553a2,06c41e722e02c725 out=9ce1938381e5815d
sweep34_w2M len=34/34 L=5 mode=1 N=2^29 hits=0 log2rate=-inf rate<=2^-27.1168(97.5%) bits>=29.439 secs=2.5
sweep34_w3M len=34/34 L=5 mode=1 N=2^29 hits=0 log2rate=-inf rate<=2^-27.1168(97.5%) bits>=29.439 secs=2.8
sweep35_allM len=35/35 L=5 mode=1 N=2^29 hits=0 log2rate=-inf rate<=2^-27.1168(97.5%) bits>=29.439 secs=2.3
sweep35_random len=35/35 L=5 mode=1 N=2^29 hits=0 log2rate=-inf rate<=2^-27.1168(97.5%) bits>=29.439 secs=2.7
sweep35_w0M len=35/35 L=5 mode=1 N=2^29 hits=6 log2rate=-26.4150 [-27.8613,-25.2930] bits=28.737 [27.615,30.183] secs=2.4
  witness seed=2edf1efeba9eb205 secret=500aa82fa81a7712,9613982c782e397f,ee596d8873854eb4,160a529070069b49 out=b913563c17270445
sweep35_w1M len=35/35 L=5 mode=1 N=2^29 hits=3 log2rate=-27.4150 [-29.6928,-25.8679] bits=29.737 [28.190,32.015] secs=2.7
  witness seed=fd976d7fd4829506 secret=2b99949862365267,561acb318402309d,d1aadf593f55bf6e,231ede8e02556282 out=3a214079d702e0d0
sweep35_w2M len=35/35 L=5 mode=1 N=2^29 hits=0 log2rate=-inf rate<=2^-27.1168(97.5%) bits>=29.439 secs=2.8
sweep35_w3M len=35/35 L=5 mode=1 N=2^29 hits=0 log2rate=-inf rate<=2^-27.1168(97.5%) bits>=29.439 secs=2.4
sweep36_allM len=36/36 L=5 mode=1 N=2^29 hits=0 log2rate=-inf rate<=2^-27.1168(97.5%) bits>=29.439 secs=2.8
sweep36_random len=36/36 L=5 mode=1 N=2^29 hits=0 log2rate=-inf rate<=2^-27.1168(97.5%) bits>=29.439 secs=2.5
sweep36_w0M len=36/36 L=5 mode=1 N=2^29 hits=2 log2rate=-28.0000 [-31.0457,-26.1471] bits=30.322 [28.469,33.368] secs=2.6
  witness seed=4caa7a657af2750d secret=050f834da1c41c95,d7ccbdcb0da32454,83ca89f82fb97710,861ec4c96dc5e8e6 out=b6c44d4bddace3f9
sweep36_w1M len=36/36 L=5 mode=1 N=2^29 hits=1 log2rate=-29.0000 [-34.3037,-26.5219] bits=31.322 [28.844,36.626] secs=2.5
  witness seed=40bf7cb53cb381ae secret=ab84596809cb7810,44859bce609ea5ec,26a2f675ad99ff4f,ca8f13666fe4df75 out=33b69b951f64f7bc
sweep36_w2M len=36/36 L=5 mode=1 N=2^29 hits=0 log2rate=-inf rate<=2^-27.1168(97.5%) bits>=29.439 secs=2.5
sweep36_w3M len=36/36 L=5 mode=1 N=2^29 hits=0 log2rate=-inf rate<=2^-27.1168(97.5%) bits>=29.439 secs=2.5
sweep37_allM len=37/37 L=5 mode=1 N=2^29 hits=0 log2rate=-inf rate<=2^-27.1168(97.5%) bits>=29.439 secs=2.7
sweep37_random len=37/37 L=5 mode=1 N=2^29 hits=0 log2rate=-inf rate<=2^-27.1168(97.5%) bits>=29.439 secs=2.5
sweep37_w0M len=37/37 L=5 mode=1 N=2^29 hits=6 log2rate=-26.4150 [-27.8613,-25.2930] bits=28.737 [27.615,30.183] secs=2.6
  witness seed=8fe400857216e125 secret=fd69fba712654144,7a958ef6112289a3,edf225da7f5003ab,9c7671c54afd4355 out=34967c3ec7a13241
sweep37_w1M len=37/37 L=5 mode=1 N=2^29 hits=3 log2rate=-27.4150 [-29.6928,-25.8679] bits=29.737 [28.190,32.015] secs=2.8
  witness seed=764d582ed4421b15 secret=7868990bf4eb794f,a1b9f51e8745e75f,1935ff9ed3da9f83,9c74a8fb9fa4d8e3 out=5ecc04589f0b809e
sweep37_w2M len=37/37 L=5 mode=1 N=2^29 hits=0 log2rate=-inf rate<=2^-27.1168(97.5%) bits>=29.439 secs=2.8
sweep37_w3M len=37/37 L=5 mode=1 N=2^29 hits=0 log2rate=-inf rate<=2^-27.1168(97.5%) bits>=29.439 secs=2.4
sweep38_allM len=38/38 L=5 mode=1 N=2^29 hits=0 log2rate=-inf rate<=2^-27.1168(97.5%) bits>=29.439 secs=2.6
sweep38_random len=38/38 L=5 mode=1 N=2^29 hits=0 log2rate=-inf rate<=2^-27.1168(97.5%) bits>=29.439 secs=2.9
sweep38_w0M len=38/38 L=5 mode=1 N=2^29 hits=3 log2rate=-27.4150 [-29.6928,-25.8679] bits=29.737 [28.190,32.015] secs=2.7
  witness seed=bc1983c3f4ff820f secret=8b02e6710eb6ae60,52f67d425b785ddf,42e2129f963299a7,48499c3a1d8e0e29 out=b962c5c94ea2bd2c
sweep38_w1M len=38/38 L=5 mode=1 N=2^29 hits=7 log2rate=-26.1926 [-27.5072,-25.1497] bits=28.515 [27.472,29.829] secs=1.9
  witness seed=8ea9a32a2122d988 secret=c9179f8725ac87f3,79c30440452152df,26ec9c7371c8f449,0bfb64722f529cea out=44ca1d8ec385a271
sweep38_w2M len=38/38 L=5 mode=1 N=2^29 hits=0 log2rate=-inf rate<=2^-27.1168(97.5%) bits>=29.439 secs=2.2
sweep38_w3M len=38/38 L=5 mode=1 N=2^29 hits=0 log2rate=-inf rate<=2^-27.1168(97.5%) bits>=29.439 secs=2.4
sweep39_allM len=39/39 L=5 mode=1 N=2^29 hits=0 log2rate=-inf rate<=2^-27.1168(97.5%) bits>=29.439 secs=2.6
sweep39_random len=39/39 L=5 mode=1 N=2^29 hits=0 log2rate=-inf rate<=2^-27.1168(97.5%) bits>=29.439 secs=2.6
sweep39_w0M len=39/39 L=5 mode=1 N=2^29 hits=4 log2rate=-27.0000 [-28.8759,-25.6436] bits=29.322 [27.966,31.198] secs=2.6
  witness seed=1578b7e6550cf56d secret=9e285cf4ebc7ed41,5e1cc96537fafebd,c5824e0fee97568b,31900875972921e2 out=1e3a30a906b966f0
sweep39_w1M len=39/39 L=5 mode=1 N=2^29 hits=8 log2rate=-26.0000 [-27.2118,-25.0215] bits=28.322 [27.343,29.534] secs=2.6
  witness seed=1b5e2e0fd6f42401 secret=7f9e60ffc66cd8b8,1430e2f5fceaeb0d,a1d52e2443d58121,8b71caa1ae708d8c out=0fed5ae1fd347b58
sweep39_w2M len=39/39 L=5 mode=1 N=2^29 hits=0 log2rate=-inf rate<=2^-27.1168(97.5%) bits>=29.439 secs=2.7
sweep39_w3M len=39/39 L=5 mode=1 N=2^29 hits=0 log2rate=-inf rate<=2^-27.1168(97.5%) bits>=29.439 secs=2.7
sweep40_allM len=40/40 L=5 mode=1 N=2^29 hits=0 log2rate=-inf rate<=2^-27.1168(97.5%) bits>=29.439 secs=2.6
sweep40_random len=40/40 L=5 mode=1 N=2^29 hits=0 log2rate=-inf rate<=2^-27.1168(97.5%) bits>=29.439 secs=2.7
sweep40_w0M len=40/40 L=5 mode=1 N=2^29 hits=2 log2rate=-28.0000 [-31.0457,-26.1471] bits=30.322 [28.469,33.368] secs=2.6
  witness seed=605547b870ea04af secret=ce2b66a55c9ce4aa,131cde1d9d1cb7c7,8f7733dab157c3c6,82a28fbdea788cdc out=b8efead7e48da3c8
sweep40_w1M len=40/40 L=5 mode=1 N=2^29 hits=3 log2rate=-27.4150 [-29.6928,-25.8679] bits=29.737 [28.190,32.015] secs=2.8
  witness seed=87509526434b91f9 secret=5525f1bb4ad11bcd,d3f4181c4b69a1e3,db10655f022b9bf5,d66546e896fdf3ee out=543e8b93f9f23a03
sweep40_w2M len=40/40 L=5 mode=1 N=2^29 hits=10 log2rate=-25.6781 [-26.7384,-24.7991] bits=28.000 [27.121,29.060] secs=2.6
  witness seed=84b8a8540d50c643 secret=c290677d15124661,167dfb7a46753f55,f8cf39eeaeebe57b,539a5e091e4e27f4 out=8e348ff77dafdb11
sweep40_w3M len=40/40 L=5 mode=1 N=2^29 hits=0 log2rate=-inf rate<=2^-27.1168(97.5%) bits>=29.439 secs=2.7
sweep40_w4M len=40/40 L=5 mode=1 N=2^29 hits=0 log2rate=-inf rate<=2^-27.1168(97.5%) bits>=29.439 secs=2.5
sweep41_allM len=41/41 L=6 mode=1 N=2^29 hits=0 log2rate=-inf rate<=2^-27.1168(97.5%) bits>=29.702 secs=2.6
sweep41_random len=41/41 L=6 mode=1 N=2^29 hits=0 log2rate=-inf rate<=2^-27.1168(97.5%) bits>=29.702 secs=2.7
sweep41_w0M len=41/41 L=6 mode=1 N=2^29 hits=3 log2rate=-27.4150 [-29.6928,-25.8679] bits=30.000 [28.453,32.278] secs=2.6
  witness seed=52d806d6627876b1 secret=d2352eb5a5459bb3,0831dcfd003387ca,ef0f34fc08e959db,2f1862b5e19b16e9 out=b79eeb227bc04123
sweep41_w1M len=41/41 L=6 mode=1 N=2^29 hits=5 log2rate=-26.6781 [-28.3009,-25.4555] bits=29.263 [28.040,30.886] secs=2.4
  witness seed=6edcf6669be35c07 secret=7a3d136827df7b33,17f60c883e8b177c,1501b93e0908be02,ffcb77aad7715541 out=7be054fe11ea209a
sweep41_w2M len=41/41 L=6 mode=1 N=2^29 hits=5 log2rate=-26.6781 [-28.3009,-25.4555] bits=29.263 [28.040,30.886] secs=2.5
  witness seed=14148937561a67f6 secret=50a307f1d6b24b52,1dad6d60afc47ff6,4bdd1a357d3a1e38,35296706e494b54a out=dbf06c6a001f31be
sweep41_w3M len=41/41 L=6 mode=1 N=2^29 hits=0 log2rate=-inf rate<=2^-27.1168(97.5%) bits>=29.702 secs=2.5
sweep41_w4M len=41/41 L=6 mode=1 N=2^29 hits=0 log2rate=-inf rate<=2^-27.1168(97.5%) bits>=29.702 secs=2.4
sweep42_allM len=42/42 L=6 mode=1 N=2^29 hits=0 log2rate=-inf rate<=2^-27.1168(97.5%) bits>=29.702 secs=2.4
sweep42_random len=42/42 L=6 mode=1 N=2^29 hits=0 log2rate=-inf rate<=2^-27.1168(97.5%) bits>=29.702 secs=2.5
sweep42_w0M len=42/42 L=6 mode=1 N=2^29 hits=10 log2rate=-25.6781 [-26.7384,-24.7991] bits=28.263 [27.384,29.323] secs=2.5
  witness seed=c857bd07ddb8930a secret=35014fa227c0ddc0,59d8e743bcf7bbbe,53c73e3b8f65264a,bbfe872e0674c2b2 out=cc144b2c11f1c0c5
sweep42_w1M len=42/42 L=6 mode=1 N=2^29 hits=2 log2rate=-28.0000 [-31.0457,-26.1471] bits=30.585 [28.732,33.631] secs=2.6
  witness seed=6efec7dff88b3439 secret=7c1e647d9e51af83,4c2d067fcb78a709,cdf17350da7f8195,6e8757489c655e25 out=eabb447ecd54e1ce
sweep42_w2M len=42/42 L=6 mode=1 N=2^29 hits=2 log2rate=-28.0000 [-31.0457,-26.1471] bits=30.585 [28.732,33.631] secs=2.6
  witness seed=cf40aa2818103983 secret=17d1d8c7886b2ec0,c7f7d95abfd6f442,b9a0373acd1b036b,71101049b42599fb out=0bf753105ade6390
sweep42_w3M len=42/42 L=6 mode=1 N=2^29 hits=0 log2rate=-inf rate<=2^-27.1168(97.5%) bits>=29.702 secs=2.9
sweep42_w4M len=42/42 L=6 mode=1 N=2^29 hits=0 log2rate=-inf rate<=2^-27.1168(97.5%) bits>=29.702 secs=2.7
sweep43_allM len=43/43 L=6 mode=1 N=2^29 hits=0 log2rate=-inf rate<=2^-27.1168(97.5%) bits>=29.702 secs=2.6
sweep43_random len=43/43 L=6 mode=1 N=2^29 hits=0 log2rate=-inf rate<=2^-27.1168(97.5%) bits>=29.702 secs=2.5
sweep43_w0M len=43/43 L=6 mode=1 N=2^29 hits=7 log2rate=-26.1926 [-27.5072,-25.1497] bits=28.778 [27.735,30.092] secs=2.6
  witness seed=29fa54d9107bc9af secret=e667bd609e7be837,41a78748f65cc593,04e6de0c8dafb43d,0c987b43dbd57095 out=6242488c7d82c316
sweep43_w1M len=43/43 L=6 mode=1 N=2^29 hits=0 log2rate=-inf rate<=2^-27.1168(97.5%) bits>=29.702 secs=2.2
sweep43_w2M len=43/43 L=6 mode=1 N=2^29 hits=2 log2rate=-28.0000 [-31.0457,-26.1471] bits=30.585 [28.732,33.631] secs=1.6
  witness seed=3b058ad0e245d34d secret=34b64173bb8bbe84,bf1096ad41c2ef27,27705eef83135617,26f106f9a38a7b28 out=6873f03e50c1a4bd
sweep43_w3M len=43/43 L=6 mode=1 N=2^29 hits=0 log2rate=-inf rate<=2^-27.1168(97.5%) bits>=29.702 secs=2.2
sweep43_w4M len=43/43 L=6 mode=1 N=2^29 hits=0 log2rate=-inf rate<=2^-27.1168(97.5%) bits>=29.702 secs=2.5
sweep44_allM len=44/44 L=6 mode=1 N=2^29 hits=0 log2rate=-inf rate<=2^-27.1168(97.5%) bits>=29.702 secs=2.3
sweep44_random len=44/44 L=6 mode=1 N=2^29 hits=0 log2rate=-inf rate<=2^-27.1168(97.5%) bits>=29.702 secs=2.4
sweep44_w0M len=44/44 L=6 mode=1 N=2^29 hits=4 log2rate=-27.0000 [-28.8759,-25.6436] bits=29.585 [28.229,31.461] secs=2.3
  witness seed=c3bc77573af6e40f secret=55f135c4d6bf231e,d0aa866132e525a5,778480db0648567e,98c14414a81b8394 out=18a319db23045503
sweep44_w1M len=44/44 L=6 mode=1 N=2^29 hits=1 log2rate=-29.0000 [-34.3037,-26.5219] bits=31.585 [29.107,36.889] secs=2.5
  witness seed=63ecfb3cb75fde19 secret=e5191eacab6c1d82,4de79a1421d45a7c,f73bb03874523d08,457457ab5a39d10c out=854f6981f7102999
sweep44_w2M len=44/44 L=6 mode=1 N=2^29 hits=5 log2rate=-26.6781 [-28.3009,-25.4555] bits=29.263 [28.040,30.886] secs=2.6
  witness seed=6194be77f8b0b119 secret=6853e0ff00344213,f07d58e9ca4b9e4b,9b6bcee93c2284e0,1a44e41235ccfac1 out=7846cb69d8ea3249
sweep44_w3M len=44/44 L=6 mode=1 N=2^29 hits=0 log2rate=-inf rate<=2^-27.1168(97.5%) bits>=29.702 secs=2.5
sweep44_w4M len=44/44 L=6 mode=1 N=2^29 hits=0 log2rate=-inf rate<=2^-27.1168(97.5%) bits>=29.702 secs=2.5
sweep45_allM len=45/45 L=6 mode=1 N=2^29 hits=0 log2rate=-inf rate<=2^-27.1168(97.5%) bits>=29.702 secs=2.5
sweep45_random len=45/45 L=6 mode=1 N=2^29 hits=0 log2rate=-inf rate<=2^-27.1168(97.5%) bits>=29.702 secs=2.5
sweep45_w0M len=45/45 L=6 mode=1 N=2^29 hits=7 log2rate=-26.1926 [-27.5072,-25.1497] bits=28.778 [27.735,30.092] secs=2.6
  witness seed=728b0a9c6ce6b086 secret=b5e46848ed132b05,63b3f0c0cd82805c,1e0b358b194fe6f4,e10e447e7810014a out=282309560831ecdc
sweep45_w1M len=45/45 L=6 mode=1 N=2^29 hits=6 log2rate=-26.4150 [-27.8613,-25.2930] bits=29.000 [27.878,30.446] secs=2.6
  witness seed=5b3a1916f256aa26 secret=3f9f03b5155b4225,e4c459d119ddf5d5,992451e4ebd526cb,999b3b3e0f512255 out=a31c5d77ce56f60b
sweep45_w2M len=45/45 L=6 mode=1 N=2^29 hits=4 log2rate=-27.0000 [-28.8759,-25.6436] bits=29.585 [28.229,31.461] secs=2.7
  witness seed=a8720c1f688c5a15 secret=c256038423437200,714cd008f12269eb,039e726fbca5a11b,dfafb8978ff6324d out=789028317b9c61e0
sweep45_w3M len=45/45 L=6 mode=1 N=2^29 hits=0 log2rate=-inf rate<=2^-27.1168(97.5%) bits>=29.702 secs=2.7
sweep45_w4M len=45/45 L=6 mode=1 N=2^29 hits=0 log2rate=-inf rate<=2^-27.1168(97.5%) bits>=29.702 secs=2.8
sweep46_allM len=46/46 L=6 mode=1 N=2^29 hits=0 log2rate=-inf rate<=2^-27.1168(97.5%) bits>=29.702 secs=2.4
sweep46_random len=46/46 L=6 mode=1 N=2^29 hits=0 log2rate=-inf rate<=2^-27.1168(97.5%) bits>=29.702 secs=2.8
sweep46_w0M len=46/46 L=6 mode=1 N=2^29 hits=2 log2rate=-28.0000 [-31.0457,-26.1471] bits=30.585 [28.732,33.631] secs=2.6
  witness seed=25babb5ee3509c2d secret=52417cd38b8c92f6,11b0ef8af9f3a655,3f7c5ac9bcc5544b,3c0ce76a18f0565b out=81740d9e0a0c0d82
sweep46_w1M len=46/46 L=6 mode=1 N=2^29 hits=2 log2rate=-28.0000 [-31.0457,-26.1471] bits=30.585 [28.732,33.631] secs=2.6
  witness seed=12c82312d2679057 secret=ab097e9a155c1f48,7569614a0d5da867,3537d33ee79d3228,06d43b7bde2a7815 out=e66ed186e373145d
sweep46_w2M len=46/46 L=6 mode=1 N=2^29 hits=3 log2rate=-27.4150 [-29.6928,-25.8679] bits=30.000 [28.453,32.278] secs=2.5
  witness seed=907fbe438995ecc4 secret=2099d3d703f2ce21,b50f22af1ad92f07,aa374485c1b062d5,f58df624fc900052 out=bf3db9c669dc13f4
sweep46_w3M len=46/46 L=6 mode=1 N=2^29 hits=0 log2rate=-inf rate<=2^-27.1168(97.5%) bits>=29.702 secs=2.5
sweep46_w4M len=46/46 L=6 mode=1 N=2^29 hits=0 log2rate=-inf rate<=2^-27.1168(97.5%) bits>=29.702 secs=2.5
sweep47_allM len=47/47 L=6 mode=1 N=2^29 hits=0 log2rate=-inf rate<=2^-27.1168(97.5%) bits>=29.702 secs=2.7
sweep47_random len=47/47 L=6 mode=1 N=2^29 hits=0 log2rate=-inf rate<=2^-27.1168(97.5%) bits>=29.702 secs=2.6
sweep47_w0M len=47/47 L=6 mode=1 N=2^29 hits=8 log2rate=-26.0000 [-27.2118,-25.0215] bits=28.585 [27.606,29.797] secs=2.5
  witness seed=bea232c79720c5ae secret=38be51cbd335ec84,b6e989dd2d1acf3c,c2a8b6a6165e474b,ba6f40157ce6a412 out=7f26c0e4dc48c09c
sweep47_w1M len=47/47 L=6 mode=1 N=2^29 hits=6 log2rate=-26.4150 [-27.8613,-25.2930] bits=29.000 [27.878,30.446] secs=2.7
  witness seed=d196e0dead5184d3 secret=573c6d7786ba28cc,c9cb6be038c02ff0,dc6550ccdbd755c5,d9867a1f961626a6 out=d4fdfa28f79726ad
sweep47_w2M len=47/47 L=6 mode=1 N=2^29 hits=2 log2rate=-28.0000 [-31.0457,-26.1471] bits=30.585 [28.732,33.631] secs=2.5
  witness seed=6990b8b723f8d468 secret=4fa30f54339ce16b,f04128b972d49ab6,d6b0a8e0ac43066d,934d92e038ff8005 out=67d01ed38b340208
sweep47_w3M len=47/47 L=6 mode=1 N=2^29 hits=0 log2rate=-inf rate<=2^-27.1168(97.5%) bits>=29.702 secs=2.9
sweep47_w4M len=47/47 L=6 mode=1 N=2^29 hits=0 log2rate=-inf rate<=2^-27.1168(97.5%) bits>=29.702 secs=2.6
sweep48_allM len=48/48 L=6 mode=1 N=2^29 hits=0 log2rate=-inf rate<=2^-27.1168(97.5%) bits>=29.702 secs=2.6
sweep48_random len=48/48 L=6 mode=1 N=2^29 hits=0 log2rate=-inf rate<=2^-27.1168(97.5%) bits>=29.702 secs=2.6
sweep48_w0M len=48/48 L=6 mode=1 N=2^29 hits=4 log2rate=-27.0000 [-28.8759,-25.6436] bits=29.585 [28.229,31.461] secs=2.8
  witness seed=d8186880d5604b21 secret=702790eb22c95a66,ba99a5bfadf7517e,55f50b76c8a8ea3b,b808c38b05398a73 out=7b7d117f9536c740
sweep48_w1M len=48/48 L=6 mode=1 N=2^29 hits=3 log2rate=-27.4150 [-29.6928,-25.8679] bits=30.000 [28.453,32.278] secs=2.1
  witness seed=423d3eca1e9df75d secret=0c6d924d610b77ae,b8c62d0301e569ea,67d7a10785c37d35,7b4a59688ffeb0c7 out=03e86cb902aa9ab6
sweep48_w2M len=48/48 L=6 mode=1 N=2^29 hits=5 log2rate=-26.6781 [-28.3009,-25.4555] bits=29.263 [28.040,30.886] secs=1.6
  witness seed=17b00f5036261d3c secret=911b9b58ac638d00,6de946048e16dc73,12eee5c2653c8630,664b7e68e0ba6622 out=fee43d2ada80620e
sweep48_w3M len=48/48 L=6 mode=1 N=2^29 hits=3 log2rate=-27.4150 [-29.6928,-25.8679] bits=30.000 [28.453,32.278] secs=1.6
  witness seed=47bf384ab0f6a638 secret=1e9e541810d4a1c3,7f525e59e561ce94,a4877627598967e7,ffb438891720c7f8 out=87d1315b8324f1d2
sweep48_w4M len=48/48 L=6 mode=1 N=2^29 hits=0 log2rate=-inf rate<=2^-27.1168(97.5%) bits>=29.702 secs=1.5
sweep48_w5M len=48/48 L=6 mode=1 N=2^29 hits=0 log2rate=-inf rate<=2^-27.1168(97.5%) bits>=29.702 secs=1.6
sweep49_allM len=49/49 L=7 mode=1 N=2^29 hits=0 log2rate=-inf rate<=2^-27.1168(97.5%) bits>=29.924 secs=1.6
sweep49_random len=49/49 L=7 mode=1 N=2^29 hits=0 log2rate=-inf rate<=2^-27.1168(97.5%) bits>=29.924 secs=1.6
sweep49_w0M len=49/49 L=7 mode=1 N=2^29 hits=3 log2rate=-27.4150 [-29.6928,-25.8679] bits=30.222 [28.675,32.500] secs=1.5
  witness seed=07a9d6612daa4697 secret=b0cac0cbf5e4a107,e10518d7916d6ec6,4f09aba5ef15c8b1,35437788b96f733a out=e106dd3db99f190d
sweep49_w1M len=49/49 L=7 mode=1 N=2^29 hits=5 log2rate=-26.6781 [-28.3009,-25.4555] bits=29.485 [28.263,31.108] secs=1.6
  witness seed=c6ce654839153487 secret=fe9d72340f33b0e4,014e45b1765547da,4083121e698ef2c7,f5aa307fd14332bf out=e43a6221daeb9be3
sweep49_w2M len=49/49 L=7 mode=1 N=2^29 hits=3 log2rate=-27.4150 [-29.6928,-25.8679] bits=30.222 [28.675,32.500] secs=1.5
  witness seed=2bfa9a5490840dd5 secret=53e501c3bb453fb6,5d571c0d17f5a466,7f046f3d5ca88904,345e0584f3ecbf73 out=2037c26603d76b43
sweep49_w3M len=49/49 L=7 mode=1 N=2^29 hits=0 log2rate=-inf rate<=2^-27.1168(97.5%) bits>=29.924 secs=1.6
sweep49_w4M len=49/49 L=7 mode=1 N=2^29 hits=0 log2rate=-inf rate<=2^-27.1168(97.5%) bits>=29.924 secs=1.6
sweep49_w5M len=49/49 L=7 mode=1 N=2^29 hits=0 log2rate=-inf rate<=2^-27.1168(97.5%) bits>=29.924 secs=1.6
sweep50_allM len=50/50 L=7 mode=1 N=2^29 hits=0 log2rate=-inf rate<=2^-27.1168(97.5%) bits>=29.924 secs=1.6
sweep50_random len=50/50 L=7 mode=1 N=2^29 hits=0 log2rate=-inf rate<=2^-27.1168(97.5%) bits>=29.924 secs=1.4
sweep50_w0M len=50/50 L=7 mode=1 N=2^29 hits=5 log2rate=-26.6781 [-28.3009,-25.4555] bits=29.485 [28.263,31.108] secs=1.5
  witness seed=1c84aa899575dcec secret=2df11a3b11d40bc0,ced0d96a84e46a33,de4994b8ca6e39e8,c5298f96e595d0b4 out=62c037ff73eaf582
sweep50_w1M len=50/50 L=7 mode=1 N=2^29 hits=7 log2rate=-26.1926 [-27.5072,-25.1497] bits=29.000 [27.957,30.315] secs=1.4
  witness seed=d7415b32fc21fc87 secret=0f92c483e4320eb7,ce47814729904c8c,28eb5b344248fbcb,0ff1903777230fe7 out=637c5cacde9a9346
sweep50_w2M len=50/50 L=7 mode=1 N=2^29 hits=3 log2rate=-27.4150 [-29.6928,-25.8679] bits=30.222 [28.675,32.500] secs=1.6
  witness seed=0caf714994362f40 secret=ee79fc8438146607,4d5508da16a149c3,6b548b786a6b55f2,04ec70036650a532 out=d80e64901d090335
sweep50_w3M len=50/50 L=7 mode=1 N=2^29 hits=5 log2rate=-26.6781 [-28.3009,-25.4555] bits=29.485 [28.263,31.108] secs=1.5
  witness seed=c4a6f74cdd0051ca secret=2467c23a1331c25c,3626832a3cd9787c,941a0b6b9e68209c,25bc7050a36cc78e out=b7322c5c88981c88
sweep50_w4M len=50/50 L=7 mode=1 N=2^29 hits=0 log2rate=-inf rate<=2^-27.1168(97.5%) bits>=29.924 secs=1.3
sweep50_w5M len=50/50 L=7 mode=1 N=2^29 hits=0 log2rate=-inf rate<=2^-27.1168(97.5%) bits>=29.924 secs=1.6
sweep51_allM len=51/51 L=7 mode=1 N=2^29 hits=0 log2rate=-inf rate<=2^-27.1168(97.5%) bits>=29.924 secs=1.5
sweep51_random len=51/51 L=7 mode=1 N=2^29 hits=0 log2rate=-inf rate<=2^-27.1168(97.5%) bits>=29.924 secs=1.6
sweep51_w0M len=51/51 L=7 mode=1 N=2^29 hits=5 log2rate=-26.6781 [-28.3009,-25.4555] bits=29.485 [28.263,31.108] secs=1.5
  witness seed=2fcbaa0e535884dd secret=ddfe5b9bba860c0a,0eb3c6ff504c84fd,f923c86263bb4716,1f534c41f29fbb6a out=acbbac46c51f018c
sweep51_w1M len=51/51 L=7 mode=1 N=2^29 hits=1 log2rate=-29.0000 [-34.3037,-26.5219] bits=31.807 [29.329,37.111] secs=1.4
  witness seed=99810595d945bc5b secret=938ebe1568a89046,402e3fcdbff2543a,2a8553a9be801c71,dfbd3e915d5dfca4 out=491351f017d85aab
sweep51_w2M len=51/51 L=7 mode=1 N=2^29 hits=2 log2rate=-28.0000 [-31.0457,-26.1471] bits=30.807 [28.954,33.853] secs=1.6
  witness seed=16da1335165bc465 secret=8f5336096def8a86,dbe5b502247dda94,fc702d8fe6d1a7f4,1e57058f1b520ba9 out=5ca307f1003b8eb6
sweep51_w3M len=51/51 L=7 mode=1 N=2^29 hits=5 log2rate=-26.6781 [-28.3009,-25.4555] bits=29.485 [28.263,31.108] secs=1.5
  witness seed=0a1311b5d3c0c28b secret=d5b6ad78a3f1569f,e7441a2521b3e644,0145753e93bdd0f6,6ca2f03ff9c026c0 out=8dcdb3038e03e5bc
sweep51_w4M len=51/51 L=7 mode=1 N=2^29 hits=0 log2rate=-inf rate<=2^-27.1168(97.5%) bits>=29.924 secs=1.5
sweep51_w5M len=51/51 L=7 mode=1 N=2^29 hits=0 log2rate=-inf rate<=2^-27.1168(97.5%) bits>=29.924 secs=1.6
sweep52_allM len=52/52 L=7 mode=1 N=2^29 hits=0 log2rate=-inf rate<=2^-27.1168(97.5%) bits>=29.924 secs=1.6
sweep52_random len=52/52 L=7 mode=1 N=2^29 hits=0 log2rate=-inf rate<=2^-27.1168(97.5%) bits>=29.924 secs=1.6
sweep52_w0M len=52/52 L=7 mode=1 N=2^29 hits=4 log2rate=-27.0000 [-28.8759,-25.6436] bits=29.807 [28.451,31.683] secs=1.5
  witness seed=08f05d57f1ac8693 secret=0a4e9a8cbdb981a4,92f897b7ebf6a5f4,f7f95279ff5145d3,87aaa44a17606851 out=e653db2d3063175d
sweep52_w1M len=52/52 L=7 mode=1 N=2^29 hits=0 log2rate=-inf rate<=2^-27.1168(97.5%) bits>=29.924 secs=1.5
sweep52_w2M len=52/52 L=7 mode=1 N=2^29 hits=7 log2rate=-26.1926 [-27.5072,-25.1497] bits=29.000 [27.957,30.315] secs=1.5
  witness seed=4f0f13ebd55e0f5b secret=6e1d2937dc7643d5,f5376b635fb4734a,e04310d65e9c658b,3302809aee2373fa out=4f2843d884885c0d
sweep52_w3M len=52/52 L=7 mode=1 N=2^29 hits=11 log2rate=-25.5406 [-26.5429,-24.7012] bits=28.348 [27.509,29.350] secs=1.4
  witness seed=1ff914f6398e7303 secret=002d3f2d5f1609a7,c10cabfabb048d2c,8916dafed5e00439,0bf78cf593d10f72 out=15aa3de813d87894
sweep52_w4M len=52/52 L=7 mode=1 N=2^29 hits=0 log2rate=-inf rate<=2^-27.1168(97.5%) bits>=29.924 secs=1.6
sweep52_w5M len=52/52 L=7 mode=1 N=2^29 hits=0 log2rate=-inf rate<=2^-27.1168(97.5%) bits>=29.924 secs=1.4
sweep53_allM len=53/53 L=7 mode=1 N=2^29 hits=0 log2rate=-inf rate<=2^-27.1168(97.5%) bits>=29.924 secs=1.6
sweep53_random len=53/53 L=7 mode=1 N=2^29 hits=0 log2rate=-inf rate<=2^-27.1168(97.5%) bits>=29.924 secs=1.6
sweep53_w0M len=53/53 L=7 mode=1 N=2^29 hits=5 log2rate=-26.6781 [-28.3009,-25.4555] bits=29.485 [28.263,31.108] secs=1.4
  witness seed=07420f9c12d27527 secret=69fbf57f348c67ba,ab8680219b2e2edf,5abc6f6e7a74f7a7,d349cf1018f658c4 out=8380400dd0f1b87d
sweep53_w1M len=53/53 L=7 mode=1 N=2^29 hits=4 log2rate=-27.0000 [-28.8759,-25.6436] bits=29.807 [28.451,31.683] secs=1.5
  witness seed=75ef6335a2e20ffc secret=fcffce0429d4e245,6ff92f3f7258967d,8987c0d12a7892f5,d9943afcd80b94c6 out=c90dcf0690f7f2f7
sweep53_w2M len=53/53 L=7 mode=1 N=2^29 hits=2 log2rate=-28.0000 [-31.0457,-26.1471] bits=30.807 [28.954,33.853] secs=1.4
  witness seed=fe64c96817e56fc3 secret=49373950a2cdb407,431f2581807b9db4,708e6794174768db,dba4b22cf5b03789 out=6a0aaa3e5de1a66a
sweep53_w3M len=53/53 L=7 mode=1 N=2^29 hits=2 log2rate=-28.0000 [-31.0457,-26.1471] bits=30.807 [28.954,33.853] secs=1.6
  witness seed=989e8282654d28f5 secret=c8601f32f683e797,8a5cc8eeea3c4c96,c2fec2b6c9c20888,cd45e8cc0af1628f out=c3f165739f78c3db
sweep53_w4M len=53/53 L=7 mode=1 N=2^29 hits=0 log2rate=-inf rate<=2^-27.1168(97.5%) bits>=29.924 secs=1.6
sweep53_w5M len=53/53 L=7 mode=1 N=2^29 hits=0 log2rate=-inf rate<=2^-27.1168(97.5%) bits>=29.924 secs=1.6
sweep54_allM len=54/54 L=7 mode=1 N=2^29 hits=0 log2rate=-inf rate<=2^-27.1168(97.5%) bits>=29.924 secs=1.6
sweep54_random len=54/54 L=7 mode=1 N=2^29 hits=0 log2rate=-inf rate<=2^-27.1168(97.5%) bits>=29.924 secs=1.6
sweep54_w0M len=54/54 L=7 mode=1 N=2^29 hits=3 log2rate=-27.4150 [-29.6928,-25.8679] bits=30.222 [28.675,32.500] secs=1.6
  witness seed=a527701709e59a84 secret=ae2fabdb42423377,1e956826bc3201d3,1267bd06964690d8,dea7e2d690f73ad2 out=2ec04e3cfc24d4d0
sweep54_w1M len=54/54 L=7 mode=1 N=2^29 hits=3 log2rate=-27.4150 [-29.6928,-25.8679] bits=30.222 [28.675,32.500] secs=1.6
  witness seed=f7b0c0775b7dc088 secret=178dbeef839032a4,475632c8cfc4f17d,bbd8f2964776242c,150c66a9a44188c6 out=2965f63abbe17d2f
sweep54_w2M len=54/54 L=7 mode=1 N=2^29 hits=5 log2rate=-26.6781 [-28.3009,-25.4555] bits=29.485 [28.263,31.108] secs=1.4
  witness seed=ac2ecce3b119b9fa secret=4b0ab64e1456cb61,ccd48435b3f5d50b,ba8cbf41dab420f0,ca0edf80d10a4e0f out=6f935d16af16b7f8
sweep54_w3M len=54/54 L=7 mode=1 N=2^29 hits=6 log2rate=-26.4150 [-27.8613,-25.2930] bits=29.222 [28.100,30.669] secs=1.3
  witness seed=62da069c3327c11d secret=edf6c7d92b8815ad,270293505bcf4ee4,8d5dd2c05c606ea1,b7a6b236431981a3 out=b5503475a7b41c71
sweep54_w4M len=54/54 L=7 mode=1 N=2^29 hits=0 log2rate=-inf rate<=2^-27.1168(97.5%) bits>=29.924 secs=1.6
sweep54_w5M len=54/54 L=7 mode=1 N=2^29 hits=0 log2rate=-inf rate<=2^-27.1168(97.5%) bits>=29.924 secs=1.4
sweep55_allM len=55/55 L=7 mode=1 N=2^29 hits=0 log2rate=-inf rate<=2^-27.1168(97.5%) bits>=29.924 secs=1.6
sweep55_random len=55/55 L=7 mode=1 N=2^29 hits=0 log2rate=-inf rate<=2^-27.1168(97.5%) bits>=29.924 secs=1.6
sweep55_w0M len=55/55 L=7 mode=1 N=2^29 hits=5 log2rate=-26.6781 [-28.3009,-25.4555] bits=29.485 [28.263,31.108] secs=1.6
  witness seed=77d1c55f9671ddb1 secret=3a8aa6b6e58d0bfc,4c8eca849529e8b7,4636d6463fca25d0,8da1f2a2e39f743c out=476252a1af8ed450
sweep55_w1M len=55/55 L=7 mode=1 N=2^29 hits=2 log2rate=-28.0000 [-31.0457,-26.1471] bits=30.807 [28.954,33.853] secs=1.6
  witness seed=d1924523691b2043 secret=7dd243af71179301,5888ec6933d614c3,1a616533e9658036,6ac232089ac59ef1 out=e52ce9c6df161b90
sweep55_w2M len=55/55 L=7 mode=1 N=2^29 hits=3 log2rate=-27.4150 [-29.6928,-25.8679] bits=30.222 [28.675,32.500] secs=1.6
  witness seed=3fe8a690c7de43dd secret=8f87bef0833555b0,8d5418508b89b250,8316a10c1c388b3f,44f58f1fe462ae9f out=847a15ade2ae1a93
sweep55_w3M len=55/55 L=7 mode=1 N=2^29 hits=2 log2rate=-28.0000 [-31.0457,-26.1471] bits=30.807 [28.954,33.853] secs=1.5
  witness seed=5bbd80341136b75c secret=c3f746ea6f9a64fe,e20d86c6e7fe5468,b36849f3831218b3,5f67935fc587cc56 out=f6fcf73fd5a6ab1a
sweep55_w4M len=55/55 L=7 mode=1 N=2^29 hits=0 log2rate=-inf rate<=2^-27.1168(97.5%) bits>=29.924 secs=1.5
sweep55_w5M len=55/55 L=7 mode=1 N=2^29 hits=0 log2rate=-inf rate<=2^-27.1168(97.5%) bits>=29.924 secs=1.4
sweep56_allM len=56/56 L=7 mode=1 N=2^29 hits=0 log2rate=-inf rate<=2^-27.1168(97.5%) bits>=29.924 secs=1.6
sweep56_random len=56/56 L=7 mode=1 N=2^29 hits=0 log2rate=-inf rate<=2^-27.1168(97.5%) bits>=29.924 secs=1.6
sweep56_w0M len=56/56 L=7 mode=1 N=2^29 hits=3 log2rate=-27.4150 [-29.6928,-25.8679] bits=30.222 [28.675,32.500] secs=1.6
  witness seed=0cbb290cf3622200 secret=cca167fff01a30e7,ec54f8bef7defbb7,1d9e4ca5e897a4c0,e73cebfb908b5702 out=4549fc26fc478727
sweep56_w1M len=56/56 L=7 mode=1 N=2^29 hits=3 log2rate=-27.4150 [-29.6928,-25.8679] bits=30.222 [28.675,32.500] secs=1.6
  witness seed=06d341d7bbd290ff secret=25138777cc80c66a,e9273dcd19d17bb3,9f96e8b5539176ed,3a2430b11b26a52c out=a92bd9a1793c4329
sweep56_w2M len=56/56 L=7 mode=1 N=2^29 hits=5 log2rate=-26.6781 [-28.3009,-25.4555] bits=29.485 [28.263,31.108] secs=1.4
  witness seed=d70de866996afe41 secret=75358b63a051e97f,65825e22cc6ff0c8,d93706e73962b38c,f9da327700326a3c out=3df12d0cb117734a
sweep56_w3M len=56/56 L=7 mode=1 N=2^29 hits=2 log2rate=-28.0000 [-31.0457,-26.1471] bits=30.807 [28.954,33.853] secs=1.6
  witness seed=92283b5158876f0b secret=5671f0c7c6193383,50c8c09c47d6a49e,4d82f1618c8869b4,1174a989d97e638a out=e8cdb95d4072be1d
sweep56_w4M len=56/56 L=7 mode=1 N=2^29 hits=5 log2rate=-26.6781 [-28.3009,-25.4555] bits=29.485 [28.263,31.108] secs=1.5
  witness seed=c2e6932cfa144dd2 secret=9f0dee35680a503e,feff7d51e4df19aa,3cf67cfbc46d452a,c759e6343398b9c0 out=9db66c95c370bd3a
sweep56_w5M len=56/56 L=7 mode=1 N=2^29 hits=0 log2rate=-inf rate<=2^-27.1168(97.5%) bits>=29.924 secs=1.4
sweep56_w6M len=56/56 L=7 mode=1 N=2^29 hits=0 log2rate=-inf rate<=2^-27.1168(97.5%) bits>=29.924 secs=1.6
sweep57_allM len=57/57 L=8 mode=1 N=2^29 hits=0 log2rate=-inf rate<=2^-27.1168(97.5%) bits>=30.117 secs=1.6
sweep57_random len=57/57 L=8 mode=1 N=2^29 hits=0 log2rate=-inf rate<=2^-27.1168(97.5%) bits>=30.117 secs=1.6
sweep57_w0M len=57/57 L=8 mode=1 N=2^29 hits=4 log2rate=-27.0000 [-28.8759,-25.6436] bits=30.000 [28.644,31.876] secs=1.5
  witness seed=3b12e16ae55c3c18 secret=3d138dc5c5635c28,83d0f037b7bbd99a,155b4de490f628d5,258eef76df85240d out=64188abe6042aa12
sweep57_w1M len=57/57 L=8 mode=1 N=2^29 hits=1 log2rate=-29.0000 [-34.3037,-26.5219] bits=32.000 [29.522,37.304] secs=1.5
  witness seed=6302811aa76be783 secret=6ffeeab78ebba561,180f70f46f98b486,9a5dde402a053277,94fcb4bd25964a0c out=aae48a9262012d61
sweep57_w2M len=57/57 L=8 mode=1 N=2^29 hits=3 log2rate=-27.4150 [-29.6928,-25.8679] bits=30.415 [28.868,32.693] secs=1.4
  witness seed=3d70ad53aaea27d5 secret=c1a2a5e902b07174,cbd16020216c71a4,2b0d7f731f7a4c4d,847e20f452657b93 out=b3ac835b8403c76d
sweep57_w3M len=57/57 L=8 mode=1 N=2^29 hits=5 log2rate=-26.6781 [-28.3009,-25.4555] bits=29.678 [28.455,31.301] secs=1.6
  witness seed=7b5fcfee55424b51 secret=f000f3b5907f49c7,8f56a9490a245a01,809391939f670fd8,ac011da5ce29863f out=e6258d0274f89eca
sweep57_w4M len=57/57 L=8 mode=1 N=2^29 hits=8 log2rate=-26.0000 [-27.2118,-25.0215] bits=29.000 [28.022,30.212] secs=1.5
  witness seed=b75a714c4226b65c secret=539243eb53b1ec45,515a121a7ef9c195,5e101f2a2d6a7292,d4dd73344323c7ba out=b33bc8ba754a9fe4
sweep57_w5M len=57/57 L=8 mode=1 N=2^29 hits=0 log2rate=-inf rate<=2^-27.1168(97.5%) bits>=30.117 secs=1.5
sweep57_w6M len=57/57 L=8 mode=1 N=2^29 hits=0 log2rate=-inf rate<=2^-27.1168(97.5%) bits>=30.117 secs=1.6
sweep58_allM len=58/58 L=8 mode=1 N=2^29 hits=0 log2rate=-inf rate<=2^-27.1168(97.5%) bits>=30.117 secs=1.6
sweep58_random len=58/58 L=8 mode=1 N=2^29 hits=0 log2rate=-inf rate<=2^-27.1168(97.5%) bits>=30.117 secs=1.4
sweep58_w0M len=58/58 L=8 mode=1 N=2^29 hits=5 log2rate=-26.6781 [-28.3009,-25.4555] bits=29.678 [28.455,31.301] secs=1.5
  witness seed=3df4307427820005 secret=521c56eea6b2c917,87915b4cea170fce,7a5146d7a2e659b3,c4f76c3eb6be791b out=a93e29857399b5b8
sweep58_w1M len=58/58 L=8 mode=1 N=2^29 hits=5 log2rate=-26.6781 [-28.3009,-25.4555] bits=29.678 [28.455,31.301] secs=1.5
  witness seed=b13772977433d896 secret=2199ebb1bd0309d8,4f223405a67dfc47,f849edc0c55613d3,12b41248b14bf464 out=7b5745c69aff0437
sweep58_w2M len=58/58 L=8 mode=1 N=2^29 hits=2 log2rate=-28.0000 [-31.0457,-26.1471] bits=31.000 [29.147,34.046] secs=1.6
  witness seed=f07ee6a9cfd3f042 secret=f26ef05a3f6514f8,c15997d6cd9ce386,db0de70d8d651438,9920cf076bddb80a out=b44a8b153ed19faa
sweep58_w3M len=58/58 L=8 mode=1 N=2^29 hits=4 log2rate=-27.0000 [-28.8759,-25.6436] bits=30.000 [28.644,31.876] secs=1.6
  witness seed=dff4ab0b719e02e2 secret=904ad1c32d3e6260,816be0c20f9682ec,47d32da923efba42,7a9ec95382e061d6 out=164d9b5653ec9c5e
sweep58_w4M len=58/58 L=8 mode=1 N=2^29 hits=2 log2rate=-28.0000 [-31.0457,-26.1471] bits=31.000 [29.147,34.046] secs=1.6
  witness seed=1e032d912839073c secret=f7d4d29a813054cd,4333ac58d0b162f5,70a3a93bd569a9d3,7464551eef733f0b out=cbe7b27d5c9de826
sweep58_w5M len=58/58 L=8 mode=1 N=2^29 hits=0 log2rate=-inf rate<=2^-27.1168(97.5%) bits>=30.117 secs=1.6
sweep58_w6M len=58/58 L=8 mode=1 N=2^29 hits=0 log2rate=-inf rate<=2^-27.1168(97.5%) bits>=30.117 secs=1.6
sweep59_allM len=59/59 L=8 mode=1 N=2^29 hits=0 log2rate=-inf rate<=2^-27.1168(97.5%) bits>=30.117 secs=1.4
sweep59_random len=59/59 L=8 mode=1 N=2^29 hits=0 log2rate=-inf rate<=2^-27.1168(97.5%) bits>=30.117 secs=1.4
sweep59_w0M len=59/59 L=8 mode=1 N=2^29 hits=1 log2rate=-29.0000 [-34.3037,-26.5219] bits=32.000 [29.522,37.304] secs=1.6
  witness seed=3aede717a1612b24 secret=9b14099c38d2352d,08c131dedfdddc0d,1867741019458e51,64cd627082ed4f2b out=6107d550c5f73240
sweep59_w1M len=59/59 L=8 mode=1 N=2^29 hits=6 log2rate=-26.4150 [-27.8613,-25.2930] bits=29.415 [28.293,30.861] secs=1.4
  witness seed=1e4d188613cf4acc secret=ea2df265e8fdcbd7,94c5f49887b6c6bb,a462399ef07af190,888c34f29e9135cb out=0c5d8003a3cbdff0
sweep59_w2M len=59/59 L=8 mode=1 N=2^29 hits=5 log2rate=-26.6781 [-28.3009,-25.4555] bits=29.678 [28.455,31.301] secs=1.6
  witness seed=531fce880944155f secret=9c8eadafa2576d8f,29668b4dddb06d54,fe9ab8e0b5ef18d0,5f4cd5c47b1263b1 out=9983df8a5490d1ce
sweep59_w3M len=59/59 L=8 mode=1 N=2^29 hits=4 log2rate=-27.0000 [-28.8759,-25.6436] bits=30.000 [28.644,31.876] secs=1.6
  witness seed=3b82769a9b09304a secret=d043cd1bf914556a,8ddd7d952179fc19,b100b5c840afa1b2,2f657bc85a07db7f out=fba51cea6f18d9ee
sweep59_w4M len=59/59 L=8 mode=1 N=2^29 hits=4 log2rate=-27.0000 [-28.8759,-25.6436] bits=30.000 [28.644,31.876] secs=1.6
  witness seed=14ac615eabe986a0 secret=80dd469ac2e1b6e2,20a74ecf2369c1c0,99a55206dbd2a115,d2133f7507f1c28f out=9423b1b1b33e3646
sweep59_w5M len=59/59 L=8 mode=1 N=2^29 hits=0 log2rate=-inf rate<=2^-27.1168(97.5%) bits>=30.117 secs=1.3
sweep59_w6M len=59/59 L=8 mode=1 N=2^29 hits=0 log2rate=-inf rate<=2^-27.1168(97.5%) bits>=30.117 secs=1.5
sweep60_allM len=60/60 L=8 mode=1 N=2^29 hits=0 log2rate=-inf rate<=2^-27.1168(97.5%) bits>=30.117 secs=1.5
sweep60_random len=60/60 L=8 mode=1 N=2^29 hits=0 log2rate=-inf rate<=2^-27.1168(97.5%) bits>=30.117 secs=1.6
sweep60_w0M len=60/60 L=8 mode=1 N=2^29 hits=2 log2rate=-28.0000 [-31.0457,-26.1471] bits=31.000 [29.147,34.046] secs=1.5
  witness seed=6dce6e9fe2a50f5d secret=748457c8c73071da,734acd3114604e6c,9c2d09c2cc653cf8,e574608967584978 out=c1991ca8b1075a09
sweep60_w1M len=60/60 L=8 mode=1 N=2^29 hits=1 log2rate=-29.0000 [-34.3037,-26.5219] bits=32.000 [29.522,37.304] secs=1.6
  witness seed=e1cd10e88ee244a1 secret=63e2753226744f20,eec067c81ddf43c0,4a2345f6f19372e1,921dd642c1846b55 out=1ecb75fd8a3b65ff
sweep60_w2M len=60/60 L=8 mode=1 N=2^29 hits=4 log2rate=-27.0000 [-28.8759,-25.6436] bits=30.000 [28.644,31.876] secs=1.6
  witness seed=98a5e7347b5bd46c secret=8b73831109aa913f,80ca698c2f9e5711,e47c87b0331fb1e5,c097b143b9af9ed5 out=d5b575ba336425d6
sweep60_w3M len=60/60 L=8 mode=1 N=2^29 hits=4 log2rate=-27.0000 [-28.8759,-25.6436] bits=30.000 [28.644,31.876] secs=1.6
  witness seed=8818945cf92571d2 secret=3dbbebc2db5e1da4,92d0035dba0581bf,d75d5502af987b0c,317488094e441165 out=00e936f7f66c09a0
sweep60_w4M len=60/60 L=8 mode=1 N=2^29 hits=6 log2rate=-26.4150 [-27.8613,-25.2930] bits=29.415 [28.293,30.861] secs=1.6
  witness seed=cbfc6ad6e78bc087 secret=cbf36f5b129a1b14,fa64de1900d7dffa,7e401d6613d7cab7,e453f87394603ccc out=3c6cd423c5657fff
sweep60_w5M len=60/60 L=8 mode=1 N=2^29 hits=0 log2rate=-inf rate<=2^-27.1168(97.5%) bits>=30.117 secs=1.5
sweep60_w6M len=60/60 L=8 mode=1 N=2^29 hits=0 log2rate=-inf rate<=2^-27.1168(97.5%) bits>=30.117 secs=1.6
sweep61_allM len=61/61 L=8 mode=1 N=2^29 hits=0 log2rate=-inf rate<=2^-27.1168(97.5%) bits>=30.117 secs=1.5
sweep61_random len=61/61 L=8 mode=1 N=2^29 hits=0 log2rate=-inf rate<=2^-27.1168(97.5%) bits>=30.117 secs=1.6
sweep61_w0M len=61/61 L=8 mode=1 N=2^29 hits=4 log2rate=-27.0000 [-28.8759,-25.6436] bits=30.000 [28.644,31.876] secs=1.4
  witness seed=ffa85dcbaf9b185f secret=4c7cb79a9599ad87,fadc23fdf652a657,ad064499a3f4db45,6463a0765fd0ddca out=bd19941285d16caf
sweep61_w1M len=61/61 L=8 mode=1 N=2^29 hits=5 log2rate=-26.6781 [-28.3009,-25.4555] bits=29.678 [28.455,31.301] secs=1.5
  witness seed=f8eace801cda831f secret=099c0deb382a1688,6d4f1a2bf719f766,0e92651431d0945a,2362d3e873ff3553 out=d6348d5d64844229
sweep61_w2M len=61/61 L=8 mode=1 N=2^29 hits=2 log2rate=-28.0000 [-31.0457,-26.1471] bits=31.000 [29.147,34.046] secs=1.4
  witness seed=8338d22e8dbf0734 secret=f1193f31e35e986c,073f68505e16497f,4dec6d8d82a87f74,f646e646b35cf160 out=a395ce6baea0a547
sweep61_w3M len=61/61 L=8 mode=1 N=2^29 hits=2 log2rate=-28.0000 [-31.0457,-26.1471] bits=31.000 [29.147,34.046] secs=1.6
  witness seed=793186a1276525b9 secret=2480d0041b139f6a,a112720b9f1b3aa5,c378f426bb9d8cf1,dd29283ec780bf8d out=a627055e2d83b3d3
sweep61_w4M len=61/61 L=8 mode=1 N=2^29 hits=4 log2rate=-27.0000 [-28.8759,-25.6436] bits=30.000 [28.644,31.876] secs=1.4
  witness seed=f3c0d106b18e0484 secret=7c48d12469373be1,547011abb781c10c,12072b8e67683aae,e1423f0c0082bb06 out=28c7d1c5e3570389
sweep61_w5M len=61/61 L=8 mode=1 N=2^29 hits=0 log2rate=-inf rate<=2^-27.1168(97.5%) bits>=30.117 secs=1.5
sweep61_w6M len=61/61 L=8 mode=1 N=2^29 hits=0 log2rate=-inf rate<=2^-27.1168(97.5%) bits>=30.117 secs=1.5
sweep62_allM len=62/62 L=8 mode=1 N=2^29 hits=0 log2rate=-inf rate<=2^-27.1168(97.5%) bits>=30.117 secs=1.6
sweep62_random len=62/62 L=8 mode=1 N=2^29 hits=0 log2rate=-inf rate<=2^-27.1168(97.5%) bits>=30.117 secs=1.6
sweep62_w0M len=62/62 L=8 mode=1 N=2^29 hits=2 log2rate=-28.0000 [-31.0457,-26.1471] bits=31.000 [29.147,34.046] secs=1.4
  witness seed=3b542428120d4f35 secret=d6f20053fb00a70e,be7799027fb093cd,70d52b8b60632fe5,110faa491385bcdc out=774371ce76f6ad9a
sweep62_w1M len=62/62 L=8 mode=1 N=2^29 hits=7 log2rate=-26.1926 [-27.5072,-25.1497] bits=29.193 [28.150,30.507] secs=1.4
  witness seed=2560938c2ba7ce5c secret=6393eaa95ab3d4ee,c8e8e817c7aaf1c0,c852b28559ff5ce1,04dbd544ee3f396d out=36a1a7043d9f9277
sweep62_w2M len=62/62 L=8 mode=1 N=2^29 hits=5 log2rate=-26.6781 [-28.3009,-25.4555] bits=29.678 [28.455,31.301] secs=2.3
  witness seed=b63670863e8b04bf secret=d1d50903a44e1ff8,ee039d22b70b4442,c12988b6ee7d39b8,21253ac9d8116a89 out=5c6af8149cd16630
sweep62_w3M len=62/62 L=8 mode=1 N=2^29 hits=5 log2rate=-26.6781 [-28.3009,-25.4555] bits=29.678 [28.455,31.301] secs=2.3
  witness seed=180549e587e4e070 secret=e91926975d275f77,8ac98b5ac6b77564,e316a077ffda707d,0bb0a5864754ad69 out=1856a16b55fa3855
sweep62_w4M len=62/62 L=8 mode=1 N=2^29 hits=7 log2rate=-26.1926 [-27.5072,-25.1497] bits=29.193 [28.150,30.507] secs=2.5
  witness seed=2a1dfa276d79a376 secret=ab0b908de3012702,4e5658f147f5cd82,bdc5b95f1c271dd8,4816c5f45216cb0a out=a8f01a8fa7aaf4d2
sweep62_w5M len=62/62 L=8 mode=1 N=2^29 hits=0 log2rate=-inf rate<=2^-27.1168(97.5%) bits>=30.117 secs=2.1
sweep62_w6M len=62/62 L=8 mode=1 N=2^29 hits=0 log2rate=-inf rate<=2^-27.1168(97.5%) bits>=30.117 secs=2.6
sweep63_allM len=63/63 L=8 mode=1 N=2^29 hits=0 log2rate=-inf rate<=2^-27.1168(97.5%) bits>=30.117 secs=2.7
sweep63_random len=63/63 L=8 mode=1 N=2^29 hits=0 log2rate=-inf rate<=2^-27.1168(97.5%) bits>=30.117 secs=2.7
sweep63_w0M len=63/63 L=8 mode=1 N=2^29 hits=7 log2rate=-26.1926 [-27.5072,-25.1497] bits=29.193 [28.150,30.507] secs=2.6
  witness seed=4aae6fb53aeca8f2 secret=f4d3353d9878b3ed,283bf3d9828345c1,be46a513d70df7e1,3d493314d9540a4a out=1e9d912de2cb1b3c
sweep63_w1M len=63/63 L=8 mode=1 N=2^29 hits=2 log2rate=-28.0000 [-31.0457,-26.1471] bits=31.000 [29.147,34.046] secs=2.6
  witness seed=a3adc43e52775c4f secret=463f96900cc1cfbf,97ca3382beb4c4ff,dbe190260f5505a4,734d1b9b17e408b9 out=3cfc873353e4780f
sweep63_w2M len=63/63 L=8 mode=1 N=2^29 hits=7 log2rate=-26.1926 [-27.5072,-25.1497] bits=29.193 [28.150,30.507] secs=2.8
  witness seed=af5852b0abc71a53 secret=38d86a7cb66dbd93,0b8e979924886620,148076694fb815e9,03dadf1e99d8e22c out=350b0be75d1507f2
sweep63_w3M len=63/63 L=8 mode=1 N=2^29 hits=6 log2rate=-26.4150 [-27.8613,-25.2930] bits=29.415 [28.293,30.861] secs=2.7
  witness seed=a0457b8c23e5ad02 secret=6b73e7c17575c2d8,3a74f0c5b354d59d,1c6aed8b1548746d,7e1c133997798024 out=7d24e1803e5810dc
sweep63_w4M len=63/63 L=8 mode=1 N=2^29 hits=4 log2rate=-27.0000 [-28.8759,-25.6436] bits=30.000 [28.644,31.876] secs=2.9
  witness seed=ffe3a2ac7e3991f2 secret=21385eee4c5c5fcb,74e99a9035a32b3d,ba0eb86855de20cd,7529d301b1a357f4 out=fae529e744e0638b
sweep63_w5M len=63/63 L=8 mode=1 N=2^29 hits=0 log2rate=-inf rate<=2^-27.1168(97.5%) bits>=30.117 secs=2.5
sweep63_w6M len=63/63 L=8 mode=1 N=2^29 hits=0 log2rate=-inf rate<=2^-27.1168(97.5%) bits>=30.117 secs=2.6
sweep64_allM len=64/64 L=8 mode=1 N=2^29 hits=0 log2rate=-inf rate<=2^-27.1168(97.5%) bits>=30.117 secs=2.5
sweep64_random len=64/64 L=8 mode=1 N=2^29 hits=0 log2rate=-inf rate<=2^-27.1168(97.5%) bits>=30.117 secs=2.5
sweep64_w0M len=64/64 L=8 mode=1 N=2^29 hits=7 log2rate=-26.1926 [-27.5072,-25.1497] bits=29.193 [28.150,30.507] secs=2.6
  witness seed=9e05e8dc9278bc30 secret=4d8fe966512c74b2,115857e8e43b612f,6926d91e4387ba1a,7b150fa4808eec6d out=5d99f0fa922ab3a7
sweep64_w1M len=64/64 L=8 mode=1 N=2^29 hits=6 log2rate=-26.4150 [-27.8613,-25.2930] bits=29.415 [28.293,30.861] secs=2.5
  witness seed=d7680083791d4876 secret=2042e8529bdd9f83,87f4fc9e03ef1fc4,59c1da4b95e09913,b28f2f93dfdeb538 out=149575917073adc7
sweep64_w2M len=64/64 L=8 mode=1 N=2^29 hits=3 log2rate=-27.4150 [-29.6928,-25.8679] bits=30.415 [28.868,32.693] secs=2.6
  witness seed=a4a1067c047fa3a4 secret=a92be4042c341855,9a876e5431b8dea8,06f9a24dd6a12d4e,e5ef7f76ab564f40 out=c494a03d05a7b29b
sweep64_w3M len=64/64 L=8 mode=1 N=2^29 hits=3 log2rate=-27.4150 [-29.6928,-25.8679] bits=30.415 [28.868,32.693] secs=2.9
  witness seed=a9683f37c2fd79d6 secret=aa5b40b7a74ed487,b05d7fe3d6d2b38b,b6d59b8915a5a0c8,8725df60c7544aba out=0765317210cfc56a
sweep64_w4M len=64/64 L=8 mode=1 N=2^29 hits=2 log2rate=-28.0000 [-31.0457,-26.1471] bits=31.000 [29.147,34.046] secs=2.7
  witness seed=450011adf7cad2fa secret=bce063424b968bc7,24d1947c90653ac4,b933b464d22dffa9,44db74c990165cf9 out=07a5a17d97cca232
sweep64_w5M len=64/64 L=8 mode=1 N=2^29 hits=2 log2rate=-28.0000 [-31.0457,-26.1471] bits=31.000 [29.147,34.046] secs=2.7
  witness seed=b27cb9f02a0fea94 secret=ab8b47770d1980eb,12050f3b0c580c59,2d5ecb65b3735624,e094d62efddfeae1 out=01a8b020fef83f61
sweep64_w6M len=64/64 L=8 mode=1 N=2^29 hits=0 log2rate=-inf rate<=2^-27.1168(97.5%) bits>=30.117 secs=2.6
sweep64_w7M len=64/64 L=8 mode=1 N=2^29 hits=0 log2rate=-inf rate<=2^-27.1168(97.5%) bits>=30.117 secs=2.6
