== pair 28 101
SMHasher3 verification 0x8F16C948 (expected 0x8F16C948)
M  = e353ed211fd5bf04cc6ef4ffc88e3cc9b06d77325dfe2d8da8637bf84862b0df8d2d4c850e8c045318f09677020b60f8a9db1b00270919cb2bd9c2011bd0cf8098075b6dd18619d810509e3e6b3297d54e8d018c09abdd3aa237f1088d398765
M' = e353ed211fd5bf05cc6ef4ffe88e3cc9b06d77325dfe2d8da8637bf84862b0de8d2d4c850e8c045318f09677020b60f8a9db1b002709194b2bd9c2011bd0cf0098075b6dd18619d810509e3e6b3297d54e8d018c09abddbaa237f1088d3987e5
seed e441de9b01dfbd04 -> c3df724fbaf903bd both
64-bit collisions 267388667 / 268435456 = 0.9961004 [0.9960929, 0.9961079]; 1-2^-8 = 0.9960938
128-bit collisions 267388667; both 267388667; model predicts 267388667; model/actual mismatches 0
score log2(L/eps) = 3.5906 (L=12)
== pair 26 202
SMHasher3 verification 0x8F16C948 (expected 0x8F16C948)
M  = 7a0b0f67a701d9c4e1458b1403aa74b02dea5d0dfbe4c2fac39c5878553c29f2ee684409f41f472c28214a2bce49e8dff3dd41d9f59574d64061c475f0552dd3d9bfb84ebb7da2147f372d7ce90b8b3699b09d85306dacb0d5d5d67cae968ac8
M' = 7a0b0f67a701d9c5e1458b1423aa74b02dea5d0dfbe4c2fac39c5878553c29f1ee684409f41f472c28214a2bce49e8dff3dd41d9f59574564061c475f0552d53d9bfb84ebb7da2147f372d7ce90b8b3699b09d85306dac30d5d5d67cae968a48
seed d7e0d4a1a9d97c92 -> 92da97530fc0c513 both
64-bit collisions 66846684 / 67108864 = 0.9960932 [0.9960783, 0.9961081]; 1-2^-8 = 0.9960938
128-bit collisions 66846684; both 66846684; model predicts 66846684; model/actual mismatches 0
score log2(L/eps) = 3.5906 (L=12)
== pair 26 303
SMHasher3 verification 0x8F16C948 (expected 0x8F16C948)
M  = bb58ce966a8e7c00bd4340eed63d422cfa885263fb4c5667e6c46cf33e4584c1839c25087d2045d8e3faccaf4ac6541f7de6a09e8e3a0ea468a968419927a2f5096805dff982c823159cfed5024bdc3a2f4b1ac4e5220b8b22f8cc11efaf3f73
M' = bb58ce966a8e7c01bd4340eef63d422cfa885263fb4c5667e6c46cf33e4584c0839c25087d2045d8e3faccaf4ac6541f7de6a09e8e3a0e2468a968419927a275096805dff982c823159cfed5024bdc3a2f4b1ac4e5220b0b22f8cc11efaf3ff3
seed ab800d2d539a8bdc -> 5d614a3e5eba2e45 both
64-bit collisions 66847086 / 67108864 = 0.9960992 [0.9960843, 0.9961141]; 1-2^-8 = 0.9960938
128-bit collisions 66847086; both 66847086; model predicts 66847086; model/actual mismatches 0
score log2(L/eps) = 3.5906 (L=12)
