2026-09-28T11:37:03.173864+00:00 START 1 polyxor-128
DONE 1 polyxor-128 63.76850975607522 0
2026-09-28T11:38:09.018706+00:00 START 1 polyxor-128.raw
DONE 1 polyxor-128.raw 59.0099245258607 0
2026-09-28T11:39:10.103609+00:00 START 1 XXH3-128
DONE 1 XXH3-128 41.80274959700182 0
2026-09-28T11:39:53.979603+00:00 START 1 UMASH-128
DONE 1 UMASH-128 101.28995463903993 0
2026-09-28T11:41:37.348103+00:00 START 1 rapidhash
DONE 1 rapidhash 63.48811454791576 0
2026-09-28T11:42:42.911121+00:00 START 1 komihash
DONE 1 komihash 84.81416317890398 0
2026-09-28T11:44:09.803616+00:00 START 2 polyxor-128
DONE 2 polyxor-128 63.391530356835574 0
2026-09-28T11:45:15.274693+00:00 START 2 polyxor-128.raw
DONE 2 polyxor-128.raw 59.95771207008511 0
2026-09-28T11:46:17.308589+00:00 START 2 XXH3-128
DONE 2 XXH3-128 42.144860291155055 0
2026-09-28T11:47:01.535021+00:00 START 2 UMASH-128
DONE 2 UMASH-128 102.41241966700181 0
2026-09-28T11:48:46.026763+00:00 START 2 rapidhash
DONE 2 rapidhash 64.15297618997283 0
2026-09-28T11:49:52.268725+00:00 START 2 komihash
DONE 2 komihash 86.23272193106823 0
ALLDONE
