width=3 pairs=8064 collisions=1344 failures=0
width=4 pairs=130560 collisions=11520 failures=0
width=5 pairs=2095104 collisions=32303 failures=0
width=6 pairs=33546240 collisions=130591 failures=0
	Command being timed: "bash checks/run_xeon.sh"
	User time (seconds): 1.77
	System time (seconds): 0.08
	Percent of CPU this job got: 114%
	Elapsed (wall clock) time (h:mm:ss or m:ss): 0:01.62
	Average shared text size (kbytes): 0
	Average unshared data size (kbytes): 0
	Average stack size (kbytes): 0
	Average total size (kbytes): 0
	Maximum resident set size (kbytes): 73304
	Average resident set size (kbytes): 0
	Major (requiring I/O) page faults: 0
	Minor (reclaiming a frame) page faults: 19116
	Voluntary context switches: 31
	Involuntary context switches: 24
	Swaps: 0
	File system inputs: 0
	File system outputs: 432
	Socket messages sent: 0
	Socket messages received: 0
	Signals delivered: 0
	Page size (bytes): 4096
	Exit status: 0
