Kernel check head: @Decidable.rec; stuck instance: Std.Tactic.BVDecide.LRAT.Internal.instDecidableEqResult
  (Std.Tactic.BVDecide.LRAT.Internal.lratChecker
    (Std.Tactic.BVDecide.LRAT.Internal.CNF.convertLRAT (Std.Sat.AIG.toCNF zip_byte1._expr_def_1_1.bitblast.relabelNat))
    (List.filterMap
      (fun actOpt =>
        match actOpt with
        | none => none
        | some (Std.Tactic.BVDecide.LRAT.Action.addEmpty id rupHints) =>
          some (Std.Tactic.BVDecide.LRAT.Action.addEmpty id rupHints)
        | some (Std.Tactic.BVDecide.LRAT.Action.addRup id c rupHints) =>
          some (Std.Tactic.BVDecide.LRAT.Action.addRup id c rupHints)
        | some (Std.Tactic.BVDecide.LRAT.Action.del ids) => some (Std.Tactic.BVDecide.LRAT.Action.del ids)
        | some (Std.Tactic.BVDecide.LRAT.Action.addRat id c pivot rupHints ratHints) =>
          if pivot ∈ Std.Tactic.BVDecide.LRAT.Internal.Clause.toList c then
            some (Std.Tactic.BVDecide.LRAT.Action.addRat id c pivot rupHints ratHints)
          else none)
      (List.map
        (Std.Tactic.BVDecide.LRAT.Internal.intActionToDefaultClauseAction
          ((Std.Sat.AIG.toCNF zip_byte1._expr_def_1_1.bitblast.relabelNat).numLiterals + 1))
        #[Std.Tactic.BVDecide.LRAT.Action.addRup 1586 #[-72] #[1, 2],
            Std.Tactic.BVDecide.LRAT.Action.addRup 1587 #[-622] #[1, 3],
            Std.Tactic.BVDecide.LRAT.Action.addRup 1588 #[-501, -621] #[1587, 7],
            Std.Tactic.BVDecide.LRAT.Action.addRup 1589 #[88, 18] #[1586, 843],
            Std.Tactic.BVDecide.LRAT.Action.addRup 1590 #[-87] #[1586, 1163],
            Std.Tactic.BVDecide.LRAT.Action.addRup 1591 #[-90] #[1590, 1160],
            Std.Tactic.BVDecide.LRAT.Action.addRup 1592 #[-93] #[1591, 1157],
            Std.Tactic.BVDecide.LRAT.Action.addRup 1593 #[-96] #[1592, 1154],
            Std.Tactic.BVDecide.LRAT.Action.addRup 1594 #[-99] #[1593, 1151],
            Std.Tactic.BVDecide.LRAT.Action.addRup 1595 #[-102] #[1594, 1148],
            Std.Tactic.BVDecide.LRAT.Action.addRup 1596 #[-105] #[1595, 1145],
            Std.Tactic.BVDecide.LRAT.Action.addRup 1597 #[-108] #[1596, 1142],
            Std.Tactic.BVDecide.LRAT.Action.addRup 1598 #[-111] #[1597, 1139],
            Std.Tactic.BVDecide.LRAT.Action.addRup 1599 #[-114] #[1598, 1136],
            Std.Tactic.BVDecide.LRAT.Action.addRup 1600 #[-117] #[1599, 1133],
            Std.Tactic.BVDecide.LRAT.Action.addRup 1601 #[-120] #[1600, 1130],
            Std.Tactic.BVDecide.LRAT.Action.addRup 1602 #[-123] #[1601, 1127],
            Std.Tactic.BVDecide.LRAT.Action.addRup 1603 #[-126] #[1602, 1124],
            Std.Tactic.BVDecide.LRAT.Action.addRup 1604 #[-129] #[1603, 1121],
            Std.Tactic.BVDecide.LRAT.Action.addRup 1605 #[-132] #[1604, 1118],
            Std.Tactic.BVDecide.LRAT.Action.addRup 1606 #[-135] #[1605, 1115],
            Std.Tactic.BVDecide.LRAT.Action.addRup 1607 #[-138] #[1606, 1112],
            Std.Tactic.BVDecide.LRAT.Action.addRup 1608 #[-141] #[1607, 1109],
            Std.Tactic.BVDecide.LRAT.Action.addRup 1609 #[-144] #[1608, 1106],
            Std.Tactic.BVDecide.LRAT.Action.addRup 1610 #[-147] #[1609, 1103],
            Std.Tactic.BVDecide.LRAT.Action.addRup 1611 #[-150] #[1610, 1100],
            Std.Tactic.BVDecide.LRAT.Action.addRup 1612 #[-153] #[1611, 1097],
            Std.Tactic.BVDecide.LRAT.Action.addRup 1613 #[-156] #[1612, 1094],
            Std.Tactic.BVDecide.LRAT.Action.addRup 1614 #[-159] #[1613, 1091],
            Std.Tactic.BVDecide.LRAT.Action.addRup 1615 #[-162] #[1614, 1088],
            Std.Tactic.BVDecide.LRAT.Action.addRup 1616 #[-165] #[1615, 1085],
            Std.Tactic.BVDecide.LRAT.Action.addRup 1617 #[-168] #[1616, 1082],
            Std.Tactic.BVDecide.LRAT.Action.addRup 1618 #[-171] #[1617, 1079],
            Std.Tactic.BVDecide.LRAT.Action.addRup 1619 #[-174] #[1618, 1076],
            Std.Tactic.BVDecide.LRAT.Action.addRup 1620 #[-177] #[1619, 1073],
            Std.Tactic.BVDecide.LRAT.Action.addRup 1621 #[-180] #[1620, 1070],
            Std.Tactic.BVDecide.LRAT.Action.addRup 1622 #[-183] #[1621, 558],
            Std.Tactic.BVDecide.LRAT.Action.addRup 1623 #[-186] #[1622, 555],
            Std.Tactic.BVDecide.LRAT.Action.addRup 1624 #[-189] #[1623, 552],
            Std.Tactic.BVDecide.LRAT.Action.addRup 1625 #[-192] #[1624, 549],
            Std.Tactic.BVDecide.LRAT.Action.addRup 1626 #[-195] #[1625, 546],
            Std.Tactic.BVDecide.LRAT.Action.addRup 1627 #[-198] #[1626, 543],
            Std.Tactic.BVDecide.LRAT.Action.addRup 1628 #[-201] #[1627, 540],
            Std.Tactic.BVDecide.LRAT.Action.addRup 1629 #[-204] #[1628, 537],
            Std.Tactic.BVDecide.LRAT.Action.addRup 1630 #[-207] #[1629, 534], ⋯].toList)))
  Std.Tactic.BVDecide.LRAT.Internal.Result.success
Probe.lean:6:9: error: (kernel) application type mismatch
  KernelBV.checked_unsat zip_byte1._expr_def_1_1
    #[Std.Tactic.BVDecide.LRAT.Action.addRup 1586 #[-72] #[1, 2],
      Std.Tactic.BVDecide.LRAT.Action.addRup 1587 #[-622] #[1, 3],
      Std.Tactic.BVDecide.LRAT.Action.addRup 1588 #[-501, -621] #[1587, 7],
      Std.Tactic.BVDecide.LRAT.Action.addRup 1589 #[88, 18] #[1586, 843],
      Std.Tactic.BVDecide.LRAT.Action.addRup 1590 #[-87] #[1586, 1163],
      Std.Tactic.BVDecide.LRAT.Action.addRup 1591 #[-90] #[1590, 1160],
      Std.Tactic.BVDecide.LRAT.Action.addRup 1592 #[-93] #[1591, 1157],
      Std.Tactic.BVDecide.LRAT.Action.addRup 1593 #[-96] #[1592, 1154],
      Std.Tactic.BVDecide.LRAT.Action.addRup 1594 #[-99] #[1593, 1151],
      Std.Tactic.BVDecide.LRAT.Action.addRup 1595 #[-102] #[1594, 1148],
      Std.Tactic.BVDecide.LRAT.Action.addRup 1596 #[-105] #[1595, 1145],
      Std.Tactic.BVDecide.LRAT.Action.addRup 1597 #[-108] #[1596, 1142],
      Std.Tactic.BVDecide.LRAT.Action.addRup 1598 #[-111] #[1597, 1139],
      Std.Tactic.BVDecide.LRAT.Action.addRup 1599 #[-114] #[1598, 1136],
      Std.Tactic.BVDecide.LRAT.Action.addRup 1600 #[-117] #[1599, 1133],
      Std.Tactic.BVDecide.LRAT.Action.addRup 1601 #[-120] #[1600, 1130],
      Std.Tactic.BVDecide.LRAT.Action.addRup 1602 #[-123] #[1601, 1127],
      Std.Tactic.BVDecide.LRAT.Action.addRup 1603 #[-126] #[1602, 1124],
      Std.Tactic.BVDecide.LRAT.Action.addRup 1604 #[-129] #[1603, 1121],
      Std.Tactic.BVDecide.LRAT.Action.addRup 1605 #[-132] #[1604, 1118],
      Std.Tactic.BVDecide.LRAT.Action.addRup 1606 #[-135] #[1605, 1115],
      Std.Tactic.BVDecide.LRAT.Action.addRup 1607 #[-138] #[1606, 1112],
      Std.Tactic.BVDecide.LRAT.Action.addRup 1608 #[-141] #[1607, 1109],
      Std.Tactic.BVDecide.LRAT.Action.addRup 1609 #[-144] #[1608, 1106],
      Std.Tactic.BVDecide.LRAT.Action.addRup 1610 #[-147] #[1609, 1103],
      Std.Tactic.BVDecide.LRAT.Action.addRup 1611 #[-150] #[1610, 1100],
      Std.Tactic.BVDecide.LRAT.Action.addRup 1612 #[-153] #[1611, 1097],
      Std.Tactic.BVDecide.LRAT.Action.addRup 1613 #[-156] #[1612, 1094],
      Std.Tactic.BVDecide.LRAT.Action.addRup 1614 #[-159] #[1613, 1091],
      Std.Tactic.BVDecide.LRAT.Action.addRup 1615 #[-162] #[1614, 1088],
      Std.Tactic.BVDecide.LRAT.Action.addRup 1616 #[-165] #[1615, 1085],
      Std.Tactic.BVDecide.LRAT.Action.addRup 1617 #[-168] #[1616, 1082],
      Std.Tactic.BVDecide.LRAT.Action.addRup 1618 #[-171] #[1617, 1079],
      Std.Tactic.BVDecide.LRAT.Action.addRup 1619 #[-174] #[1618, 1076],
      Std.Tactic.BVDecide.LRAT.Action.addRup 1620 #[-177] #[1619, 1073],
      Std.Tactic.BVDecide.LRAT.Action.addRup 1621 #[-180] #[1620, 1070],
      Std.Tactic.BVDecide.LRAT.Action.addRup 1622 #[-183] #[1621, 558],
      Std.Tactic.BVDecide.LRAT.Action.addRup 1623 #[-186] #[1622, 555],
      Std.Tactic.BVDecide.LRAT.Action.addRup 1624 #[-189] #[1623, 552],
      Std.Tactic.BVDecide.LRAT.Action.addRup 1625 #[-192] #[1624, 549],
      Std.Tactic.BVDecide.LRAT.Action.addRup 1626 #[-195] #[1625, 546],
      Std.Tactic.BVDecide.LRAT.Action.addRup 1627 #[-198] #[1626, 543],
      Std.Tactic.BVDecide.LRAT.Action.addRup 1628 #[-201] #[1627, 540],
      Std.Tactic.BVDecide.LRAT.Action.addRup 1629 #[-204] #[1628, 537],
      Std.Tactic.BVDecide.LRAT.Action.addRup 1630 #[-207] #[1629, 534],
      Std.Tactic.BVDecide.LRAT.Action.addRup 1631 #[-210] #[1630, 531],
      Std.Tactic.BVDecide.LRAT.Action.addRup 1632 #[-213] #[1631, 528],
      Std.Tactic.BVDecide.LRAT.Action.addRup 1633 #[-216] #[1632, 525],
      Std.Tactic.BVDecide.LRAT.Action.addRup 1634 #[-219] #[1633, 522], ⋯]
    (Eq.refl
      (Std.Tactic.BVDecide.LRAT.check
        #[Std.Tactic.BVDecide.LRAT.Action.addRup 1586 #[-72] #[1, 2],
          Std.Tactic.BVDecide.LRAT.Action.addRup 1587 #[-622] #[1, 3],
          Std.Tactic.BVDecide.LRAT.Action.addRup 1588 #[-501, -621] #[1587, 7],
          Std.Tactic.BVDecide.LRAT.Action.addRup 1589 #[88, 18] #[1586, 843],
          Std.Tactic.BVDecide.LRAT.Action.addRup 1590 #[-87] #[1586, 1163],
          Std.Tactic.BVDecide.LRAT.Action.addRup 1591 #[-90] #[1590, 1160],
          Std.Tactic.BVDecide.LRAT.Action.addRup 1592 #[-93] #[1591, 1157],
          Std.Tactic.BVDecide.LRAT.Action.addRup 1593 #[-96] #[1592, 1154],
          Std.Tactic.BVDecide.LRAT.Action.addRup 1594 #[-99] #[1593, 1151],
          Std.Tactic.BVDecide.LRAT.Action.addRup 1595 #[-102] #[1594, 1148],
          Std.Tactic.BVDecide.LRAT.Action.addRup 1596 #[-105] #[1595, 1145],
          Std.Tactic.BVDecide.LRAT.Action.addRup 1597 #[-108] #[1596, 1142],
          Std.Tactic.BVDecide.LRAT.Action.addRup 1598 #[-111] #[1597, 1139],
          Std.Tactic.BVDecide.LRAT.Action.addRup 1599 #[-114] #[1598, 1136],
          Std.Tactic.BVDecide.LRAT.Action.addRup 1600 #[-117] #[1599, 1133],
          Std.Tactic.BVDecide.LRAT.Action.addRup 1601 #[-120] #[1600, 1130],
          Std.Tactic.BVDecide.LRAT.Action.addRup 1602 #[-123] #[1601, 1127],
          Std.Tactic.BVDecide.LRAT.Action.addRup 1603 #[-126] #[1602, 1124],
          Std.Tactic.BVDecide.LRAT.Action.addRup 1604 #[-129] #[1603, 1121],
          Std.Tactic.BVDecide.LRAT.Action.addRup 1605 #[-132] #[1604, 1118],
          Std.Tactic.BVDecide.LRAT.Action.addRup 1606 #[-135] #[1605, 1115],
          Std.Tactic.BVDecide.LRAT.Action.addRup 1607 #[-138] #[1606, 1112],
          Std.Tactic.BVDecide.LRAT.Action.addRup 1608 #[-141] #[1607, 1109],
          Std.Tactic.BVDecide.LRAT.Action.addRup 1609 #[-144] #[1608, 1106],
          Std.Tactic.BVDecide.LRAT.Action.addRup 1610 #[-147] #[1609, 1103],
          Std.Tactic.BVDecide.LRAT.Action.addRup 1611 #[-150] #[1610, 1100],
          Std.Tactic.BVDecide.LRAT.Action.addRup 1612 #[-153] #[1611, 1097],
          Std.Tactic.BVDecide.LRAT.Action.addRup 1613 #[-156] #[1612, 1094],
          Std.Tactic.BVDecide.LRAT.Action.addRup 1614 #[-159] #[1613, 1091],
          Std.Tactic.BVDecide.LRAT.Action.addRup 1615 #[-162] #[1614, 1088],
          Std.Tactic.BVDecide.LRAT.Action.addRup 1616 #[-165] #[1615, 1085],
          Std.Tactic.BVDecide.LRAT.Action.addRup 1617 #[-168] #[1616, 1082],
          Std.Tactic.BVDecide.LRAT.Action.addRup 1618 #[-171] #[1617, 1079],
          Std.Tactic.BVDecide.LRAT.Action.addRup 1619 #[-174] #[1618, 1076],
          Std.Tactic.BVDecide.LRAT.Action.addRup 1620 #[-177] #[1619, 1073],
          Std.Tactic.BVDecide.LRAT.Action.addRup 1621 #[-180] #[1620, 1070],
          Std.Tactic.BVDecide.LRAT.Action.addRup 1622 #[-183] #[1621, 558],
          Std.Tactic.BVDecide.LRAT.Action.addRup 1623 #[-186] #[1622, 555],
          Std.Tactic.BVDecide.LRAT.Action.addRup 1624 #[-189] #[1623, 552],
          Std.Tactic.BVDecide.LRAT.Action.addRup 1625 #[-192] #[1624, 549],
          Std.Tactic.BVDecide.LRAT.Action.addRup 1626 #[-195] #[1625, 546],
          Std.Tactic.BVDecide.LRAT.Action.addRup 1627 #[-198] #[1626, 543],
          Std.Tactic.BVDecide.LRAT.Action.addRup 1628 #[-201] #[1627, 540],
          Std.Tactic.BVDecide.LRAT.Action.addRup 1629 #[-204] #[1628, 537],
          Std.Tactic.BVDecide.LRAT.Action.addRup 1630 #[-207] #[1629, 534],
          Std.Tactic.BVDecide.LRAT.Action.addRup 1631 #[-210] #[1630, 531],
          Std.Tactic.BVDecide.LRAT.Action.addRup 1632 #[-213] #[1631, 528], ⋯]
        (Std.Sat.AIG.toCNF (Std.Tactic.BVDecide.BVLogicalExpr.bitblast zip_byte1._expr_def_1_1).relabelNat)))
argument has type
  Std.Tactic.BVDecide.LRAT.check
      #[Std.Tactic.BVDecide.LRAT.Action.addRup 1586 #[-72] #[1, 2],
        Std.Tactic.BVDecide.LRAT.Action.addRup 1587 #[-622] #[1, 3],
        Std.Tactic.BVDecide.LRAT.Action.addRup 1588 #[-501, -621] #[1587, 7],
        Std.Tactic.BVDecide.LRAT.Action.addRup 1589 #[88, 18] #[1586, 843],
        Std.Tactic.BVDecide.LRAT.Action.addRup 1590 #[-87] #[1586, 1163],
        Std.Tactic.BVDecide.LRAT.Action.addRup 1591 #[-90] #[1590, 1160],
        Std.Tactic.BVDecide.LRAT.Action.addRup 1592 #[-93] #[1591, 1157],
        Std.Tactic.BVDecide.LRAT.Action.addRup 1593 #[-96] #[1592, 1154],
        Std.Tactic.BVDecide.LRAT.Action.addRup 1594 #[-99] #[1593, 1151],
        Std.Tactic.BVDecide.LRAT.Action.addRup 1595 #[-102] #[1594, 1148],
        Std.Tactic.BVDecide.LRAT.Action.addRup 1596 #[-105] #[1595, 1145],
        Std.Tactic.BVDecide.LRAT.Action.addRup 1597 #[-108] #[1596, 1142],
        Std.Tactic.BVDecide.LRAT.Action.addRup 1598 #[-111] #[1597, 1139],
        Std.Tactic.BVDecide.LRAT.Action.addRup 1599 #[-114] #[1598, 1136],
        Std.Tactic.BVDecide.LRAT.Action.addRup 1600 #[-117] #[1599, 1133],
        Std.Tactic.BVDecide.LRAT.Action.addRup 1601 #[-120] #[1600, 1130],
        Std.Tactic.BVDecide.LRAT.Action.addRup 1602 #[-123] #[1601, 1127],
        Std.Tactic.BVDecide.LRAT.Action.addRup 1603 #[-126] #[1602, 1124],
        Std.Tactic.BVDecide.LRAT.Action.addRup 1604 #[-129] #[1603, 1121],
        Std.Tactic.BVDecide.LRAT.Action.addRup 1605 #[-132] #[1604, 1118],
        Std.Tactic.BVDecide.LRAT.Action.addRup 1606 #[-135] #[1605, 1115],
        Std.Tactic.BVDecide.LRAT.Action.addRup 1607 #[-138] #[1606, 1112],
        Std.Tactic.BVDecide.LRAT.Action.addRup 1608 #[-141] #[1607, 1109],
        Std.Tactic.BVDecide.LRAT.Action.addRup 1609 #[-144] #[1608, 1106],
        Std.Tactic.BVDecide.LRAT.Action.addRup 1610 #[-147] #[1609, 1103],
        Std.Tactic.BVDecide.LRAT.Action.addRup 1611 #[-150] #[1610, 1100],
        Std.Tactic.BVDecide.LRAT.Action.addRup 1612 #[-153] #[1611, 1097],
        Std.Tactic.BVDecide.LRAT.Action.addRup 1613 #[-156] #[1612, 1094],
        Std.Tactic.BVDecide.LRAT.Action.addRup 1614 #[-159] #[1613, 1091],
        Std.Tactic.BVDecide.LRAT.Action.addRup 1615 #[-162] #[1614, 1088],
        Std.Tactic.BVDecide.LRAT.Action.addRup 1616 #[-165] #[1615, 1085],
        Std.Tactic.BVDecide.LRAT.Action.addRup 1617 #[-168] #[1616, 1082],
        Std.Tactic.BVDecide.LRAT.Action.addRup 1618 #[-171] #[1617, 1079],
        Std.Tactic.BVDecide.LRAT.Action.addRup 1619 #[-174] #[1618, 1076],
        Std.Tactic.BVDecide.LRAT.Action.addRup 1620 #[-177] #[1619, 1073],
        Std.Tactic.BVDecide.LRAT.Action.addRup 1621 #[-180] #[1620, 1070],
        Std.Tactic.BVDecide.LRAT.Action.addRup 1622 #[-183] #[1621, 558],
        Std.Tactic.BVDecide.LRAT.Action.addRup 1623 #[-186] #[1622, 555],
        Std.Tactic.BVDecide.LRAT.Action.addRup 1624 #[-189] #[1623, 552],
        Std.Tactic.BVDecide.LRAT.Action.addRup 1625 #[-192] #[1624, 549],
        Std.Tactic.BVDecide.LRAT.Action.addRup 1626 #[-195] #[1625, 546],
        Std.Tactic.BVDecide.LRAT.Action.addRup 1627 #[-198] #[1626, 543],
        Std.Tactic.BVDecide.LRAT.Action.addRup 1628 #[-201] #[1627, 540],
        Std.Tactic.BVDecide.LRAT.Action.addRup 1629 #[-204] #[1628, 537],
        Std.Tactic.BVDecide.LRAT.Action.addRup 1630 #[-207] #[1629, 534],
        Std.Tactic.BVDecide.LRAT.Action.addRup 1631 #[-210] #[1630, 531],
        Std.Tactic.BVDecide.LRAT.Action.addRup 1632 #[-213] #[1631, 528],
        Std.Tactic.BVDecide.LRAT.Action.addRup 1633 #[-216] #[1632, 525], ⋯]
      (Std.Sat.AIG.toCNF (Std.Tactic.BVDecide.BVLogicalExpr.bitblast zip_byte1._expr_def_1_1).relabelNat) =
    Std.Tactic.BVDecide.LRAT.check
      #[Std.Tactic.BVDecide.LRAT.Action.addRup 1586 #[-72] #[1, 2],
        Std.Tactic.BVDecide.LRAT.Action.addRup 1587 #[-622] #[1, 3],
        Std.Tactic.BVDecide.LRAT.Action.addRup 1588 #[-501, -621] #[1587, 7],
        Std.Tactic.BVDecide.LRAT.Action.addRup 1589 #[88, 18] #[1586, 843],
        Std.Tactic.BVDecide.LRAT.Action.addRup 1590 #[-87] #[1586, 1163],
        Std.Tactic.BVDecide.LRAT.Action.addRup 1591 #[-90] #[1590, 1160],
        Std.Tactic.BVDecide.LRAT.Action.addRup 1592 #[-93] #[1591, 1157],
        Std.Tactic.BVDecide.LRAT.Action.addRup 1593 #[-96] #[1592, 1154],
        Std.Tactic.BVDecide.LRAT.Action.addRup 1594 #[-99] #[1593, 1151],
        Std.Tactic.BVDecide.LRAT.Action.addRup 1595 #[-102] #[1594, 1148],
        Std.Tactic.BVDecide.LRAT.Action.addRup 1596 #[-105] #[1595, 1145],
        Std.Tactic.BVDecide.LRAT.Action.addRup 1597 #[-108] #[1596, 1142],
        Std.Tactic.BVDecide.LRAT.Action.addRup 1598 #[-111] #[1597, 1139],
        Std.Tactic.BVDecide.LRAT.Action.addRup 1599 #[-114] #[1598, 1136],
        Std.Tactic.BVDecide.LRAT.Action.addRup 1600 #[-117] #[1599, 1133],
        Std.Tactic.BVDecide.LRAT.Action.addRup 1601 #[-120] #[1600, 1130],
        Std.Tactic.BVDecide.LRAT.Action.addRup 1602 #[-123] #[1601, 1127],
        Std.Tactic.BVDecide.LRAT.Action.addRup 1603 #[-126] #[1602, 1124],
        Std.Tactic.BVDecide.LRAT.Action.addRup 1604 #[-129] #[1603, 1121],
        Std.Tactic.BVDecide.LRAT.Action.addRup 1605 #[-132] #[1604, 1118],
        Std.Tactic.BVDecide.LRAT.Action.addRup 1606 #[-135] #[1605, 1115],
        Std.Tactic.BVDecide.LRAT.Action.addRup 1607 #[-138] #[1606, 1112],
        Std.Tactic.BVDecide.LRAT.Action.addRup 1608 #[-141] #[1607, 1109],
        Std.Tactic.BVDecide.LRAT.Action.addRup 1609 #[-144] #[1608, 1106],
        Std.Tactic.BVDecide.LRAT.Action.addRup 1610 #[-147] #[1609, 1103],
        Std.Tactic.BVDecide.LRAT.Action.addRup 1611 #[-150] #[1610, 1100],
        Std.Tactic.BVDecide.LRAT.Action.addRup 1612 #[-153] #[1611, 1097],
        Std.Tactic.BVDecide.LRAT.Action.addRup 1613 #[-156] #[1612, 1094],
        Std.Tactic.BVDecide.LRAT.Action.addRup 1614 #[-159] #[1613, 1091],
        Std.Tactic.BVDecide.LRAT.Action.addRup 1615 #[-162] #[1614, 1088],
        Std.Tactic.BVDecide.LRAT.Action.addRup 1616 #[-165] #[1615, 1085],
        Std.Tactic.BVDecide.LRAT.Action.addRup 1617 #[-168] #[1616, 1082],
        Std.Tactic.BVDecide.LRAT.Action.addRup 1618 #[-171] #[1617, 1079],
        Std.Tactic.BVDecide.LRAT.Action.addRup 1619 #[-174] #[1618, 1076],
        Std.Tactic.BVDecide.LRAT.Action.addRup 1620 #[-177] #[1619, 1073],
        Std.Tactic.BVDecide.LRAT.Action.addRup 1621 #[-180] #[1620, 1070],
        Std.Tactic.BVDecide.LRAT.Action.addRup 1622 #[-183] #[1621, 558],
        Std.Tactic.BVDecide.LRAT.Action.addRup 1623 #[-186] #[1622, 555],
        Std.Tactic.BVDecide.LRAT.Action.addRup 1624 #[-189] #[1623, 552],
        Std.Tactic.BVDecide.LRAT.Action.addRup 1625 #[-192] #[1624, 549],
        Std.Tactic.BVDecide.LRAT.Action.addRup 1626 #[-195] #[1625, 546],
        Std.Tactic.BVDecide.LRAT.Action.addRup 1627 #[-198] #[1626, 543],
        Std.Tactic.BVDecide.LRAT.Action.addRup 1628 #[-201] #[1627, 540],
        Std.Tactic.BVDecide.LRAT.Action.addRup 1629 #[-204] #[1628, 537],
        Std.Tactic.BVDecide.LRAT.Action.addRup 1630 #[-207] #[1629, 534],
        Std.Tactic.BVDecide.LRAT.Action.addRup 1631 #[-210] #[1630, 531],
        Std.Tactic.BVDecide.LRAT.Action.addRup 1632 #[-213] #[1631, 528],
        Std.Tactic.BVDecide.LRAT.Action.addRup 1633 #[-216] #[1632, 525], ⋯]
      (Std.Sat.AIG.toCNF (Std.Tactic.BVDecide.BVLogicalExpr.bitblast zip_byte1._expr_def_1_1).relabelNat)
but function has type
  Std.Tactic.BVDecide.LRAT.check
        #[Std.Tactic.BVDecide.LRAT.Action.addRup 1586 #[-72] #[1, 2],
          Std.Tactic.BVDecide.LRAT.Action.addRup 1587 #[-622] #[1, 3],
          Std.Tactic.BVDecide.LRAT.Action.addRup 1588 #[-501, -621] #[1587, 7],
          Std.Tactic.BVDecide.LRAT.Action.addRup 1589 #[88, 18] #[1586, 843],
          Std.Tactic.BVDecide.LRAT.Action.addRup 1590 #[-87] #[1586, 1163],
          Std.Tactic.BVDecide.LRAT.Action.addRup 1591 #[-90] #[1590, 1160],
          Std.Tactic.BVDecide.LRAT.Action.addRup 1592 #[-93] #[1591, 1157],
          Std.Tactic.BVDecide.LRAT.Action.addRup 1593 #[-96] #[1592, 1154],
          Std.Tactic.BVDecide.LRAT.Action.addRup 1594 #[-99] #[1593, 1151],
          Std.Tactic.BVDecide.LRAT.Action.addRup 1595 #[-102] #[1594, 1148],
          Std.Tactic.BVDecide.LRAT.Action.addRup 1596 #[-105] #[1595, 1145],
          Std.Tactic.BVDecide.LRAT.Action.addRup 1597 #[-108] #[1596, 1142],
          Std.Tactic.BVDecide.LRAT.Action.addRup 1598 #[-111] #[1597, 1139],
          Std.Tactic.BVDecide.LRAT.Action.addRup 1599 #[-114] #[1598, 1136],
          Std.Tactic.BVDecide.LRAT.Action.addRup 1600 #[-117] #[1599, 1133],
          Std.Tactic.BVDecide.LRAT.Action.addRup 1601 #[-120] #[1600, 1130],
          Std.Tactic.BVDecide.LRAT.Action.addRup 1602 #[-123] #[1601, 1127],
          Std.Tactic.BVDecide.LRAT.Action.addRup 1603 #[-126] #[1602, 1124],
          Std.Tactic.BVDecide.LRAT.Action.addRup 1604 #[-129] #[1603, 1121],
          Std.Tactic.BVDecide.LRAT.Action.addRup 1605 #[-132] #[1604, 1118],
          Std.Tactic.BVDecide.LRAT.Action.addRup 1606 #[-135] #[1605, 1115],
          Std.Tactic.BVDecide.LRAT.Action.addRup 1607 #[-138] #[1606, 1112],
          Std.Tactic.BVDecide.LRAT.Action.addRup 1608 #[-141] #[1607, 1109],
          Std.Tactic.BVDecide.LRAT.Action.addRup 1609 #[-144] #[1608, 1106],
          Std.Tactic.BVDecide.LRAT.Action.addRup 1610 #[-147] #[1609, 1103],
          Std.Tactic.BVDecide.LRAT.Action.addRup 1611 #[-150] #[1610, 1100],
          Std.Tactic.BVDecide.LRAT.Action.addRup 1612 #[-153] #[1611, 1097],
          Std.Tactic.BVDecide.LRAT.Action.addRup 1613 #[-156] #[1612, 1094],
          Std.Tactic.BVDecide.LRAT.Action.addRup 1614 #[-159] #[1613, 1091],
          Std.Tactic.BVDecide.LRAT.Action.addRup 1615 #[-162] #[1614, 1088],
          Std.Tactic.BVDecide.LRAT.Action.addRup 1616 #[-165] #[1615, 1085],
          Std.Tactic.BVDecide.LRAT.Action.addRup 1617 #[-168] #[1616, 1082],
          Std.Tactic.BVDecide.LRAT.Action.addRup 1618 #[-171] #[1617, 1079],
          Std.Tactic.BVDecide.LRAT.Action.addRup 1619 #[-174] #[1618, 1076],
          Std.Tactic.BVDecide.LRAT.Action.addRup 1620 #[-177] #[1619, 1073],
          Std.Tactic.BVDecide.LRAT.Action.addRup 1621 #[-180] #[1620, 1070],
          Std.Tactic.BVDecide.LRAT.Action.addRup 1622 #[-183] #[1621, 558],
          Std.Tactic.BVDecide.LRAT.Action.addRup 1623 #[-186] #[1622, 555],
          Std.Tactic.BVDecide.LRAT.Action.addRup 1624 #[-189] #[1623, 552],
          Std.Tactic.BVDecide.LRAT.Action.addRup 1625 #[-192] #[1624, 549],
          Std.Tactic.BVDecide.LRAT.Action.addRup 1626 #[-195] #[1625, 546],
          Std.Tactic.BVDecide.LRAT.Action.addRup 1627 #[-198] #[1626, 543],
          Std.Tactic.BVDecide.LRAT.Action.addRup 1628 #[-201] #[1627, 540],
          Std.Tactic.BVDecide.LRAT.Action.addRup 1629 #[-204] #[1628, 537],
          Std.Tactic.BVDecide.LRAT.Action.addRup 1630 #[-207] #[1629, 534],
          Std.Tactic.BVDecide.LRAT.Action.addRup 1631 #[-210] #[1630, 531],
          Std.Tactic.BVDecide.LRAT.Action.addRup 1632 #[-213] #[1631, 528], ⋯]
        (Std.Sat.AIG.toCNF (Std.Tactic.BVDecide.BVLogicalExpr.bitblast zip_byte1._expr_def_1_1).relabelNat) =
      true →
    Std.Tactic.BVDecide.BVLogicalExpr.Unsat zip_byte1._expr_def_1_1
'zip_byte1' depends on axioms: [propext, zip_byte1, Quot.sound]
