pair: M=zeros(64) M'=word0^80400000 word4^80400000 word8^80202808 word12^80400000
M' hex=00004080000000000000000000000000000040800000000000000000000000000828208000000000000000000000000000004080000000000000000000000000
seed 0xb54cda26: H(M)=e00f99e0 H(M')=e00f99e0 COLLIDE
seed 0xe142fddf: H(M)=0427babe H(M')=0427babe COLLIDE
seed 0x00000000: H(M)=f238703d H(M')=cc7f7e62 differ
w0=00000000 w4=00000000 rate=0.000000
w0=80e6721d w4=5c3f42ca rate=0.502635
w0=980d78eb w4=d933f62e rate=0.000000
w0=0cb38e42 w4=6820371c rate=0.000000
w0=583ab917 w4=ce53fecf rate=0.502451
w0=42571d85 w4=5c0b9816 rate=0.502562
w0=44b5f864 w4=05269a55 rate=0.000000
w0=8ae3fd10 w4=d1caf6b6 rate=0.000000
w0=445a0f1c w4=9060b81e rate=0.000000
w0=33ddb880 w4=381e5deb rate=0.502564
w0=99489901 w4=b143494c rate=0.000000
w0=c5731607 w4=f7974d7f rate=0.502588
w0=8ad9f8db w4=c0049eb3 rate=0.503489
w0=fef6aab3 w4=b2a54fab rate=0.503027
w0=42680686 w4=10c8ca72 rate=0.000000
w0=fba58d98 w4=08f884f2 rate=0.501488
w0=d461becc w4=fef865fb rate=0.000000
w0=f67e2712 w4=1c3689c3 rate=0.502349
w0=2a265425 w4=990947d9 rate=0.000000
w0=dde0976d w4=3547d2d0 rate=0.000000
w0=b8270f9c w4=5417833d rate=0.000000
w0=0b4323e6 w4=a8c0b15c rate=0.000000
w0=a28f5524 w4=42eb887a rate=0.501841
w0=dbbd1e02 w4=949bef57 rate=0.000000
w0=4b84d0a6 w4=ab2b1fd2 rate=0.000000
w0=d2c8d32a w4=f84ae09d rate=0.000000
w0=3906bca8 w4=3327e297 rate=0.000000
w0=1666c210 w4=b2c17ccf rate=0.000000
w0=5726a0b7 w4=b84caf24 rate=0.503377
w0=270ee1db w4=fb942919 rate=0.000000
w0=2222141c w4=682bce74 rate=0.000000
w0=5a062d88 w4=34268b06 rate=0.000000
w0=1f7496e9 w4=613046d6 rate=0.502385
w0=9bed6cb0 w4=7b412a27 rate=0.000000
w0=5603c32f w4=b2686212 rate=0.503215
w0=698e0658 w4=6f900c18 rate=0.000000
w0=17422aa2 w4=1e5d70c0 rate=0.000000
w0=f3d9d861 w4=26abbfb9 rate=0.501817
w0=3f1a13e4 w4=ecd1ff06 rate=0.501708
w0=de440899 w4=fdb9669b rate=0.501354
w0=a5d75a78 w4=fe745a82 rate=0.000000
w0=1e2a4e61 w4=b8c426dc rate=0.501526
w0=f085a3d2 w4=6e05a448 rate=0.000000
w0=2baff27f w4=3d0c9d70 rate=0.000000
w0=fa306064 w4=6ce00be1 rate=0.503048
w0=10f441bf w4=92a3364d rate=0.501776
w0=daef1700 w4=239b3e67 rate=0.501660
w0=be6b360a w4=63200e3d rate=0.503052
w0=59875309 w4=da489423 rate=0.501999
w0=2561890d w4=e870ef92 rate=0.000000
w0=4b60a6b3 w4=cc351e7d rate=0.502782
w0=71d6e1e4 w4=582ad914 rate=0.503511
w0=8afee11a w4=105fb35e rate=0.000000
w0=6df1685d w4=1d39b512 rate=0.502131
w0=d86a31e2 w4=a788d205 rate=0.502585
w0=4d2e83c3 w4=0b0f1a7e rate=0.000000
w0=efdd1542 w4=280dbfc1 rate=0.502276
w0=1d99ff31 w4=9e35de93 rate=0.000000
w0=aeef9cab w4=5f5a5706 rate=0.000000
w0=be5c7948 w4=32b77933 rate=0.501528
w0=c45ff547 w4=35efb16c rate=0.000000
w0=a0c72fb9 w4=c48122e5 rate=0.502262
w0=cb47cda2 w4=e58b8b2b rate=0.501380
w0=b827ead7 w4=b083cf4c rate=0.000000
w0=1f9f0f85 w4=f97a1807 rate=0.502271
w0=cced4133 w4=ec811413 rate=0.501334
w0=211a6064 w4=9db0c660 rate=0.000000
w0=7668eb62 w4=05ed4dca rate=0.000000
w0=6bcb6d36 w4=3f77d2b3 rate=0.000000
w0=77ddfa00 w4=daba9ab4 rate=0.503189
w0=c87947a6 w4=02b6232f rate=0.502094
w0=04ce55a6 w4=19e82779 rate=0.000000
w0=a816ee78 w4=7979df64 rate=0.502285
w0=cd599fca w4=37d8c518 rate=0.000000
w0=bfd1c31b w4=86cd8297 rate=0.000000
w0=f6225273 w4=4913a69b rate=0.000000
w0=9b4866f4 w4=cee65ddd rate=0.000000
w0=1cdde005 w4=46f4ed67 rate=0.000000
w0=0a8442f5 w4=504e8fce rate=0.502367
w0=08948d9a w4=3bd13424 rate=0.502891
w0=bccc9939 w4=9bbac48e rate=0.501283
w0=eaef610d w4=05f98adb rate=0.000000
w0=4ccf3c54 w4=12e2cb4e rate=0.000000
w0=650cdae4 w4=9f7b0292 rate=0.501485
w0=a0b2bb6c w4=c960566c rate=0.502625
w0=27368003 w4=4d82223f rate=0.000000
w0=706a2e63 w4=fd8cf897 rate=0.503449
w0=1bc4e1e4 w4=20d62779 rate=0.000000
w0=9601b00f w4=75926651 rate=0.000000
w0=448fd564 w4=1ba07d1c rate=0.000000
w0=88e9ad3d w4=d6e33d6d rate=0.000000
w0=17324bc0 w4=736fb84d rate=0.503278
w0=bf6c105d w4=25a582cf rate=0.502419
w0=a1681ce9 w4=d21d5d5f rate=0.502514
w0=59f164fe w4=ec544530 rate=0.000000
w0=e1684e54 w4=e7d36126 rate=0.000000
w0=c17b642f w4=ff76a3f9 rate=0.000000
w0=394bace5 w4=088521d8 rate=0.502226
w0=8ae601a8 w4=2becf9f1 rate=0.000000
w0=d34be87c w4=cf2f95ce rate=0.503222
w0=c059466b w4=82b6923c rate=0.502002
w0=29ca7f56 w4=cda1515a rate=0.502724
w0=da127acb w4=2ae69cec rate=0.502008
w0=a6354cc6 w4=91548793 rate=0.501803
w0=0c9f57b7 w4=1262887d rate=0.502817
w0=59017290 w4=2eb6c4b1 rate=0.000000
w0=5b01bb56 w4=e0199a4f rate=0.000000
w0=044e1fd1 w4=d98748dd rate=0.502596
w0=0141a1c7 w4=cf9e0c1d rate=0.502577
w0=9edd84f2 w4=a09399c5 rate=0.501768
w0=8d2f2a6f w4=5bf9882f rate=0.501389
w0=809ef3d5 w4=c4bf5f2f rate=0.000000
w0=f9c332d6 w4=4e380dd8 rate=0.502251
w0=e68a8cc9 w4=3fbcbdfb rate=0.000000
w0=66e3043b w4=e3462f84 rate=0.000000
w0=9dab1a61 w4=360c742e rate=0.000000
w0=9e1d255f w4=389fb383 rate=0.000000
w0=dac7aa39 w4=f495af7b rate=0.502853
w0=f58bb2b5 w4=cb4364ac rate=0.503431
w0=288fe093 w4=5b00d326 rate=0.000000
w0=b8e69251 w4=bd4ddace rate=0.000000
w0=d3d23838 w4=90eebe2a rate=0.000000
w0=8842d7a9 w4=fbcf2505 rate=0.000000
w0=99381792 w4=f1fecbeb rate=0.502150
w0=8c0e26b8 w4=d40fc11d rate=0.000000
w0=31b14c61 w4=9755e9c2 rate=0.503150
w0=0fda1b9a w4=d3788ec5 rate=0.000000
w0=dbaf473c w4=4160ca2b rate=0.502984
w0=d030efac w4=8e834fe0 rate=0.000000
w0=7e818771 w4=ac29df10 rate=0.000000
w0=43777a20 w4=61146ec9 rate=0.503858
w0=b8fa5347 w4=1a1128c1 rate=0.502193
w0=fa06cace w4=9bfc8555 rate=0.501882
w0=4f0c52f2 w4=b69c79cf rate=0.000000
w0=105fb9d7 w4=6e5a159f rate=0.000000
w0=6d4e4082 w4=6519941e rate=0.503233
w0=9db76492 w4=a62a61ba rate=0.000000
w0=9616dc90 w4=5752b156 rate=0.501799
w0=105f572b w4=593581a0 rate=0.502692
w0=6183535e w4=2714f0ea rate=0.000000
w0=28f41cb1 w4=4e06a3b8 rate=0.501855
w0=82e3e2f0 w4=a51b4b77 rate=0.503418
w0=98af0615 w4=5de78f34 rate=0.502009
w0=56596bdb w4=b2ce7184 rate=0.000000
w0=d516e230 w4=20d0b757 rate=0.502965
w0=6fe937da w4=70647afe rate=0.000000
w0=1bac6012 w4=ba34ec6d rate=0.000000
w0=b4f3d1d2 w4=49773895 rate=0.000000
w0=d2269fc6 w4=0687fe5a rate=0.000000
w0=d24fabb9 w4=c2b86f78 rate=0.503687
w0=981782b2 w4=f040f49b rate=0.503603
w0=d7efe4ca w4=9dcbac0e rate=0.000000
w0=ed8a053c w4=d0836ed9 rate=0.000000
w0=5142963a w4=1e385a81 rate=0.502032
w0=19df8e66 w4=a1ba47cf rate=0.502750
w0=69352e28 w4=ccce0029 rate=0.500532
w0=ac9bc80d w4=194574f0 rate=0.501840
w0=019ce898 w4=61c0b89f rate=0.501994
w0=3e9da9b4 w4=002457e3 rate=0.000000
w0=9d11344c w4=d864d892 rate=0.501766
w0=e2fa7ff5 w4=7e9f4d04 rate=0.502076
w0=4f6c18a8 w4=30a3bac6 rate=0.501126
w0=3d8cf87d w4=36de24ec rate=0.503114
w0=c86ad817 w4=e0bc450b rate=0.501472
w0=009bb2ef w4=0725723d rate=0.000000
w0=09baf1cd w4=b748045e rate=0.503168
w0=883d666d w4=1bc4c42a rate=0.503185
w0=dd72b56e w4=3c1c9bdf rate=0.502563
w0=1cd82235 w4=d10177d3 rate=0.502832
w0=18eb5998 w4=dfbe8ece rate=0.502545
w0=ca48316d w4=dc411a5a rate=0.000000
w0=2739e663 w4=0075cd2d rate=0.502771
w0=89192768 w4=a76ead48 rate=0.504138
w0=2ee75025 w4=0744d29c rate=0.000000
w0=8585b614 w4=e3ef9907 rate=0.503602
w0=02cc916b w4=b6207a10 rate=0.502219
w0=eb4923c8 w4=0b563043 rate=0.000000
w0=b94a1252 w4=27ede673 rate=0.000000
w0=6809a33d w4=615ec745 rate=0.503153
w0=81ace907 w4=7b4c4b53 rate=0.503193
w0=f087266f w4=0d415926 rate=0.502516
w0=d5c8ad14 w4=958e56eb rate=0.502765
w0=1c1e60cd w4=9d4dfbf0 rate=0.501362
w0=6180ff12 w4=156684e5 rate=0.503036
w0=0d5647cf w4=69244d6e rate=0.502666
w0=8487c19c w4=2657f2b5 rate=0.501906
w0=6a136270 w4=7611c828 rate=0.000000
w0=f5e21e39 w4=1a961771 rate=0.501425
w0=cac5d41f w4=de8c9b8c rate=0.503107
w0=6cf9d726 w4=3b40c622 rate=0.000000
w0=86d7e661 w4=bd74c48e rate=0.000000
w0=d2fb1fb0 w4=1ec3eebf rate=0.000000
w0=a0a59f11 w4=f6116007 rate=0.000000
w0=9f4dc025 w4=5961b80a rate=0.000000
w0=8bf8d97f w4=f3c3bf24 rate=0.000000
w0=96410ee8 w4=dfa4b420 rate=0.503041
w0=15cabe76 w4=9385ac21 rate=0.502639
w0=7b5f7c5d w4=36846008 rate=0.502632
w0=e5dcf59a w4=c7632cd5 rate=0.000000
w0=ae1249b5 w4=32343f68 rate=0.000000
w0=bf19c940 w4=5a7c42f8 rate=0.500764
w0=4d06895e w4=7cc29777 rate=0.502569
w0=600f6520 w4=5463f575 rate=0.502299
w0=8a1c4658 w4=8059242e rate=0.502117
w0=b4c45c90 w4=4a5810dd rate=0.000000
w0=c8e6c71b w4=34ce63cd rate=0.000000
w0=f8df844a w4=109175f0 rate=0.501374
w0=858049cc w4=6a27c402 rate=0.000000
w0=ddd24d4c w4=945d693b rate=0.000000
w0=8bc3f421 w4=0fbb0c6e rate=0.502629
w0=1f63f2b4 w4=38b4d8b9 rate=0.502933
w0=67f47aeb w4=d9fda77c rate=0.000000
w0=17524740 w4=23b11aa0 rate=0.503271
w0=9b2de993 w4=1653a2df rate=0.501599
w0=202d1be5 w4=3d44c4dd rate=0.502117
w0=33abfc84 w4=2a4a59f4 rate=0.502586
w0=ad11f571 w4=d021b97c rate=0.000000
w0=106f3210 w4=b25740e3 rate=0.000000
w0=68a0e898 w4=d550087d rate=0.501308
w0=911973be w4=37496d7a rate=0.502480
w0=54da4a95 w4=55cc54d6 rate=0.000000
w0=6f6e71f8 w4=27face3a rate=0.000000
w0=eb5c3a1e w4=390390ff rate=0.503276
w0=d9de12e7 w4=94143534 rate=0.502870
w0=13cd4278 w4=b0664528 rate=0.000000
w0=f535e62a w4=9b13350a rate=0.000000
w0=647cb731 w4=65eb2ec0 rate=0.000000
w0=4b1adeca w4=bd94300d rate=0.000000
w0=6d0811b3 w4=e4db9ae4 rate=0.502084
w0=66aa0e65 w4=2607fa77 rate=0.000000
w0=4b5ad0e0 w4=e553ecb0 rate=0.000000
w0=ac35212c w4=067a6164 rate=0.502968
w0=4a7b7e65 w4=0074ae35 rate=0.000000
w0=ada9d9b4 w4=e937f491 rate=0.000000
w0=76478746 w4=5a424b2b rate=0.000000
w0=4cebe47a w4=c4fe23df rate=0.000000
w0=b68f9c3b w4=d76ced00 rate=0.502633
w0=800a88ca w4=5d1b4814 rate=0.000000
w0=89e0ebd0 w4=cf05f63d rate=0.502407
w0=8d4a4a75 w4=27118259 rate=0.502544
w0=1911c0a1 w4=4732b432 rate=0.000000
w0=253e0c28 w4=d3adf171 rate=0.000000
w0=1c982f67 w4=4ff51443 rate=0.502518
w0=ac6c460c w4=09d82a7b rate=0.000000
w0=a34a9748 w4=001a315b rate=0.501513
w0=35454b3d w4=64679b44 rate=0.000000
w0=fdcec942 w4=012ecb50 rate=0.502209
w0=2f018f5f w4=769fb71c rate=0.000000
w0=0b117f08 w4=306acc85 rate=0.500074
w0=725038bd w4=4a6acde3 rate=0.000000
w0=a8374359 w4=347577ca rate=0.503280
w0=84d44f88 w4=faeb0484 rate=0.000000
w0=81fbc3a0 w4=08f04461 rate=0.000000
w0=5e6260cd w4=e274e57e rate=0.000000
w0=07af8507 w4=56cce1b6 rate=0.502257
w0=cfced844 w4=8baee340 rate=0.502104
w0=f90f08ba w4=99b25337 rate=0.000000
w0=7ab746c8 w4=ca2ee6b1 rate=0.000000
w0=9ad89f8e w4=4e8db60a rate=0.502691
w0=f5497a45 w4=3fe7ed92 rate=0.000000
w0=f31fe407 w4=e7aeea46 rate=0.000000
w0=9b79361c w4=edc329f2 rate=0.000000
w0=8ad68467 w4=d7a99ac7 rate=0.502707
w0=77a6ab39 w4=ec85846e rate=0.000000
w0=e487774e w4=0deede95 rate=0.502175
w0=3f464ad2 w4=31f55634 rate=0.000000
w0=13771e28 w4=77affadc rate=0.501459
w0=f6a8104e w4=e82826ec rate=0.000000
w0=9d4b19ab w4=7d825437 rate=0.501888
w0=c48c528a w4=7eef96db rate=0.501523
w0=e280c755 w4=e2b02829 rate=0.000000
w0=2bce68e7 w4=ba72e889 rate=0.000000
w0=25bf3e95 w4=5fa7e911 rate=0.000000
w0=57b9044b w4=78838daf rate=0.000000
w0=f9d0e37a w4=62370f14 rate=0.502524
w0=176dd549 w4=d9094382 rate=0.502287
w0=7e91e85d w4=a83c4759 rate=0.000000
w0=727d9500 w4=a9a69e6d rate=0.502466
w0=0f89acb2 w4=8d107d2a rate=0.000000
w0=1fd87732 w4=eef9ad15 rate=0.000000
w0=0e0e4e85 w4=1ef0dd1e rate=0.503025
w0=f76dedef w4=75c5713e rate=0.000000
w0=715da26c w4=b7fa50a8 rate=0.000000
w0=dec7238b w4=b62dd352 rate=0.502350
w0=5a14cb44 w4=db00d4c3 rate=0.000000
w0=ea2ec93f w4=8a6114fa rate=0.503016
w0=ebf82d09 w4=07e4c3c0 rate=0.000000
w0=aa4b6110 w4=7dd79823 rate=0.000000
w0=45688f45 w4=33d7936d rate=0.000000
w0=a48ca7e2 w4=0d079b44 rate=0.000000
w0=57eb8009 w4=d7e6a4f1 rate=0.000000
w0=bd3c5a33 w4=8a533be4 rate=0.503037
w0=9b174677 w4=81af8ef0 rate=0.000000
w0=375ffe0e w4=911ffe33 rate=0.502300
w0=9f9052cf w4=9526ee7a rate=0.000000
w0=e34d914b w4=6c97d5ce rate=0.502709
w0=a1b22c74 w4=a1d8e789 rate=0.501761
w0=f008bb7e w4=81ce02e6 rate=0.502208
w0=36c0c0af w4=29b45e34 rate=0.502351
w0=4005a3a7 w4=046306f1 rate=0.502135
w0=42472043 w4=1ba6c815 rate=0.503211
w0=1fd7d031 w4=c960b7b4 rate=0.000000
w0=84241d89 w4=476e76f2 rate=0.501802
w0=9bb5630e w4=82782cd8 rate=0.501721
w0=fbf85ec8 w4=6c94c640 rate=0.503625
w0=999dfce3 w4=d5805d1a rate=0.000000
w0=dab86777 w4=3ea51b0b rate=0.000000
w0=3720a431 w4=865fde67 rate=0.502237
w0=846dd9aa w4=91c2fd15 rate=0.000000
w0=1cd427ac w4=2924c027 rate=0.502717
w0=17782d3a w4=f3a081b5 rate=0.501922
w0=94990f47 w4=5c85f0ad rate=0.000000
w0=228a4d0a w4=c050be08 rate=0.501904
w0=f7246a7e w4=d1c046f3 rate=0.502276
w0=4b9b25b3 w4=d92ddf4b rate=0.000000
w0=b59727c3 w4=4fedc65c rate=0.502405
w0=e70ea3c1 w4=6e15fd64 rate=0.000000
w0=43a3aaf3 w4=d59e798f rate=0.000000
w0=c1ea1316 w4=c04246b3 rate=0.000000
w0=c588885b w4=86a8e561 rate=0.000000
w0=038415c8 w4=9e72b89d rate=0.502419
w0=fcdc95be w4=e05e6285 rate=0.000000
w0=f0c9ddd4 w4=bc458f1e rate=0.000000
w0=07ea7dd4 w4=48fe441e rate=0.000000
w0=83e636b0 w4=5829a39a rate=0.503711
w0=72357156 w4=cc0c1a42 rate=0.000000
w0=802788b4 w4=2e83c3e9 rate=0.000000
w0=7d5d35f5 w4=ecb12308 rate=0.501861
w0=cf742c34 w4=13daf801 rate=0.000000
w0=f3b6201e w4=9a8c97ef rate=0.000000
w0=2b3185f1 w4=a99d572f rate=0.000000
w0=6af4ead3 w4=33c61efc rate=0.000000
w0=ddba5d49 w4=388c6861 rate=0.000000
w0=9e3d41ec w4=8a161020 rate=0.000000
w0=970c0acc w4=ed6b45cc rate=0.502524
w0=b9258329 w4=92993792 rate=0.000000
w0=02ad935a w4=0ffb9f5c rate=0.501927
w0=41136d7d w4=d57297b4 rate=0.502152
w0=0118bfd6 w4=4558340c rate=0.501821
w0=d56f189b w4=beb6f520 rate=0.501640
w0=ee2f2617 w4=61f32a9f rate=0.502547
w0=fae98bb4 w4=3e72349e rate=0.000000
w0=8fc2ff59 w4=9f45ebe1 rate=0.000000
w0=6d091292 w4=2b4b8b0b rate=0.501938
w0=c5214f09 w4=ee843e8c rate=0.000000
w0=0e6f2820 w4=dbba0c36 rate=0.501428
w0=f5782d29 w4=7d79cf1c rate=0.000000
w0=16f7df63 w4=6959ff2b rate=0.000000
w0=5b644b63 w4=cace3696 rate=0.000000
w0=eef2269d w4=983795b6 rate=0.502211
w0=da5f44bd w4=e91c341f rate=0.501687
w0=b31e54aa w4=bc328c4f rate=0.000000
w0=ba723cc4 w4=167e48c9 rate=0.000000
w0=a69ed07b w4=e294adb9 rate=0.000000
w0=e618a4a7 w4=95dac44e rate=0.502840
w0=8e75f48a w4=30962f0a rate=0.502138
w0=e55668cd w4=f2616d9a rate=0.000000
w0=b274401a w4=0681b868 rate=0.502497
w0=3a939d0b w4=b1677b65 rate=0.502881
w0=9969fb93 w4=ca129b14 rate=0.501393
w0=8e7854f3 w4=58b4ab72 rate=0.501889
w0=7508007d w4=1a3be831 rate=0.000000
w0=7e83fa0a w4=ecc13657 rate=0.502988
w0=29483cfb w4=95b1b90d rate=0.502385
w0=20197551 w4=ad6e528e rate=0.501764
w0=13fc5a2b w4=d90ab4d1 rate=0.502526
w0=79e8619a w4=3bea2120 rate=0.000000
w0=6f431b70 w4=568ff093 rate=0.501775
w0=c2d3954e w4=d2f3ac15 rate=0.000000
w0=cd378ab7 w4=8726137c rate=0.000000
w0=45e5d693 w4=cd272608 rate=0.502824
w0=e224c9ec w4=ca26e737 rate=0.000000
w0=732a496e w4=44546ca8 rate=0.501414
w0=7afed53f w4=5f237681 rate=0.501361
w0=dda1b85b w4=c1d6a58d rate=0.503061
w0=e941d9b3 w4=0aac716a rate=0.501987
w0=00dc9579 w4=c09e3615 rate=0.503252
w0=f56e80e4 w4=0d4f55ad rate=0.000000
w0=46876c69 w4=dae87406 rate=0.502461
w0=8e5c0390 w4=559a49d8 rate=0.502748
w0=20541143 w4=8a83806c rate=0.501775
w0=485760bd w4=09a5ab09 rate=0.502680
w0=96675b94 w4=ec8be1b2 rate=0.502274
w0=529d06f3 w4=a7659a50 rate=0.502825
w0=035dcd21 w4=a5bdb14c rate=0.502892
w0=85f7e105 w4=8a9f53d9 rate=0.502398
w0=15582cfb w4=1a8b6776 rate=0.502088
w0=4834fd02 w4=bd2961d2 rate=0.000000
w0=4b6ec3cf w4=f04cf2e3 rate=0.000000
w0=e23d27ac w4=36337c6f rate=0.000000
w0=5df265e8 w4=04ac88a2 rate=0.503619
w0=896965a4 w4=1f851152 rate=0.502726
w0=0953222b w4=ce283068 rate=0.502615
w0=59977965 w4=b3da3444 rate=0.502465
w0=2d7a5f93 w4=c07308f1 rate=0.000000
w0=fd3e0d50 w4=fe950556 rate=0.000000
w0=b9df6142 w4=3e6505be rate=0.000000
w0=1553e314 w4=5d5a6396 rate=0.000000
w0=7c66571f w4=c435220e rate=0.502618
w0=88cf8679 w4=8974e035 rate=0.000000
w0=f2567b84 w4=0448751b rate=0.000000
w0=500bf80b w4=6ca9fae1 rate=0.000000
w0=32874e6f w4=80012282 rate=0.000000
w0=7e66588c w4=1d81b5a8 rate=0.501672
w0=84ff5ee7 w4=957ad688 rate=0.000000
w0=d620c104 w4=a5f670f7 rate=0.502628
w0=03cc494b w4=ed49a1a5 rate=0.000000
w0=d6688323 w4=9a12ca5e rate=0.501968
w0=c3f37715 w4=ee96e3a6 rate=0.502482
w0=4e71bc5c w4=4e4061d4 rate=0.000000
w0=27ba64f2 w4=0eeb7dd2 rate=0.503120
w0=01b66fab w4=7553dc0e rate=0.503186
w0=ba2f1ec1 w4=0d881965 rate=0.000000
w0=4c8be835 w4=df4468e5 rate=0.503353
w0=eeb181ab w4=6125658e rate=0.000000
w0=58883487 w4=37230f78 rate=0.000000
w0=fed2544b w4=022cabf3 rate=0.503078
w0=4c0f8a20 w4=e1e403e2 rate=0.501005
w0=2b6eeb88 w4=d5f24108 rate=0.000000
w0=4121e05c w4=bee24867 rate=0.502625
w0=951de591 w4=5eca67e9 rate=0.503011
w0=b61e7f50 w4=6dfb34e0 rate=0.501624
w0=f4b51b4a w4=b8b3aae2 rate=0.000000
w0=d403319a w4=0688ca6a rate=0.000000
w0=c21367d2 w4=58ca9127 rate=0.501069
w0=e27d91e6 w4=545bac92 rate=0.000000
w0=11334ebf w4=a6efe384 rate=0.502718
w0=3fee97d0 w4=b1823bf3 rate=0.501336
w0=6765a633 w4=d119b73c rate=0.501623
w0=a36006ed w4=9d465800 rate=0.000000
w0=4a399589 w4=7c8e5ace rate=0.000000
w0=c9505710 w4=269ed5cd rate=0.502511
w0=88016973 w4=8ec3a521 rate=0.502284
w0=5b54dad1 w4=d9b12876 rate=0.502771
w0=c435897b w4=b50b7562 rate=0.000000
w0=4bda00a1 w4=d4d3953b rate=0.000000
w0=99c913a1 w4=a6cd16c5 rate=0.000000
w0=3d9b7d47 w4=51149d05 rate=0.000000
w0=8d13c07b w4=74552ac0 rate=0.502027
w0=78b2f450 w4=dbb4580f rate=0.000000
w0=a9677ff3 w4=3833b4f2 rate=0.502336
w0=2d568dcc w4=8585a2d7 rate=0.502736
w0=9da14167 w4=dede7c68 rate=0.502524
w0=d7562d6b w4=0158ce04 rate=0.000000
w0=e33a89d9 w4=5a843189 rate=0.000000
w0=45f5a959 w4=cd35c854 rate=0.501761
w0=2fed89d5 w4=7b5332e1 rate=0.000000
w0=e7bb728d w4=b60b2599 rate=0.000000
w0=6ba3bc4a w4=d1cf2a9f rate=0.502167
w0=3861377a w4=4e963266 rate=0.502923
w0=c4016b07 w4=2fb49da0 rate=0.000000
w0=9c1063c4 w4=694b59df rate=0.503315
w0=53d068aa w4=88bda440 rate=0.502040
w0=73dd7b08 w4=251c6b8d rate=0.500861
w0=4d869ac7 w4=e6518139 rate=0.502424
w0=d28f5d10 w4=c7ccc1a5 rate=0.502582
w0=afc509f4 w4=5fa99292 rate=0.503355
w0=53ca6d77 w4=69ff100b rate=0.000000
w0=c8b9c39d w4=d1dd1ec0 rate=0.501366
w0=715f038f w4=21da0c4a rate=0.000000
w0=5fb31f87 w4=b77c799c rate=0.503696
w0=8c502c1b w4=ec9e5656 rate=0.503032
w0=bc45e06e w4=27b2d81a rate=0.502599
w0=974e8899 w4=bb824866 rate=0.503484
w0=f0da14f5 w4=673f4db1 rate=0.501236
w0=2bd9e3ed w4=ab36275c rate=0.501759
w0=b4f97fce w4=980673be rate=0.502556
w0=8dfb9b93 w4=1e071834 rate=0.503784
w0=357cadf9 w4=9e425d86 rate=0.000000
w0=29fe0895 w4=73021e9f rate=0.502153
w0=df0ed32d w4=58af101a rate=0.000000
w0=0df45cd1 w4=67e883ed rate=0.000000
w0=7d8e2dab w4=ed18a852 rate=0.000000
w0=a70aabe8 w4=96c69ee8 rate=0.500851
w0=dcf84000 w4=a7c78e48 rate=0.000000
w0=68e270d8 w4=9bdcfcc7 rate=0.000000
w0=0766902e w4=748a42e2 rate=0.502836
w0=d145c4fc w4=0b1efdcb rate=0.501709
w0=14b9797d w4=8d8d0e4b rate=0.000000
w0=1dfada9d w4=03d0ab59 rate=0.000000
w0=507b763e w4=29e6e95b rate=0.000000
w0=56a8c17f w4=1e049fc6 rate=0.000000
w0=23b17040 w4=1a4481c8 rate=0.502682
w0=e6b8f140 w4=f89103f7 rate=0.000000
w0=6d564443 w4=653aafed rate=0.503761
w0=6b09a4f8 w4=ff7f67cb rate=0.500952
w0=e4116460 w4=039f9335 rate=0.000000
w0=7fa13c1d w4=7cd5c5b8 rate=0.502361
w0=f3d445cd w4=67fd2a7e rate=0.000000
w0=7c73d14c w4=58a3a009 rate=0.502573
w0=96553a1d w4=df82e34c rate=0.502274
w0=272f2063 w4=bc487c31 rate=0.501617
w0=3bf75f3e w4=bd888f0c rate=0.502905
w0=c8cd768a w4=bc6dc689 rate=0.000000
w0=dd43ebaf w4=744a3247 rate=0.000000
w0=8d7808ba w4=88b48166 rate=0.502839
w0=26154dbb w4=8a1a5e33 rate=0.000000
w0=d243da23 w4=5b5cf463 rate=0.000000
w0=b427e69e w4=6da865f3 rate=0.000000
w0=0f3b3a7b w4=029a030c rate=0.000000
w0=320bc1d8 w4=5c15e958 rate=0.000000
w0=418065d9 w4=9dbf89b3 rate=0.000000
w0=3160dbbf w4=5d63a789 rate=0.000000
w0=bb671c19 w4=ddf255a5 rate=0.000000
w0=9e1375d7 w4=ec6b1da4 rate=0.502665
w0=16d5e685 w4=6cd0a7d5 rate=0.000000
w0=33d44597 w4=567533c7 rate=0.000000
w0=793ba51d w4=f963638b rate=0.502433
w0=91d1c3d3 w4=86f0d5c6 rate=0.000000
w0=8910358d w4=7d819eda rate=0.000000
w0=0a61e5f3 w4=7cfdedfd rate=0.000000
w0=8e34c795 w4=2c2fabfb rate=0.000000
w0=2f82aa9a w4=2e0b4979 rate=0.000000
w0=6792c218 w4=1454e028 rate=0.504001
w0=bac76769 w4=277df5d1 rate=0.000000
w0=dfb323ce w4=511ecabc rate=0.000000
w0=e5aa1c54 w4=498fa622 rate=0.000000
w0=8247ff1c w4=8e6d30de rate=0.000000
w0=4b90dc40 w4=5dfd542b rate=0.503009
w0=49962676 w4=35c13904 rate=0.502350
w0=1504e424 w4=a95ff445 rate=0.501295
w0=04077ceb w4=bb5660a9 rate=0.502181
w0=0536fe59 w4=ef100e72 rate=0.000000
w0=68dbf05a w4=6b0e6df8 rate=0.502243
w0=45b562fd w4=39bb3158 rate=0.000000
w0=74547030 w4=8af6811d rate=0.000000
w0=82667762 w4=1be163fb rate=0.000000
w0=7e690551 w4=616770b6 rate=0.000000
w0=0d9742ac w4=c91c0b5f rate=0.000000
w0=181dbdb6 w4=b3c1be16 rate=0.503039
w0=f7e4eab0 w4=200967f9 rate=0.504170
w0=67a57ef2 w4=3310e3f8 rate=0.000000
w0=7de16dc5 w4=b32f87f8 rate=0.503063
w0=90eb84b7 w4=4806213b rate=0.502343
w0=4fe4c03e w4=355024ec rate=0.000000
w0=9053eb35 w4=c761f403 rate=0.000000
w0=87e0108a w4=e15211d2 rate=0.000000
w0=69c3ab46 w4=7b6af648 rate=0.000000
w0=ea46db26 w4=d7b50825 rate=0.502331
w0=0e8f70e5 w4=ec5869a0 rate=0.501696
w0=997a4ab6 w4=f5e2a808 rate=0.000000
w0=3281410a w4=90e65949 rate=0.503241
w0=f3b9e9b4 w4=b69c118c rate=0.000000
w0=a1742271 w4=96d303d1 rate=0.000000
w0=f3cd0721 w4=b32cc623 rate=0.503614
w0=76b7d71f w4=5824d85d rate=0.000000
w0=abf9fdf4 w4=a1800bb8 rate=0.501773
w0=4e7fb7a4 w4=9b4c8aa6 rate=0.000000
w0=9a68dc7b w4=4c671bb4 rate=0.000000
w0=106853eb w4=016dc4ad rate=0.000000
w0=40945af7 w4=c9ed3963 rate=0.502948
w0=dbfaac89 w4=0bdf0854 rate=0.000000
w0=b3abe9c9 w4=88244cd4 rate=0.000000
w0=a79a5681 w4=f7fc9550 rate=0.502475
w0=cfc9296e w4=2d457a39 rate=0.000000
w0=1c2b6b58 w4=911b8e16 rate=0.000000
w0=3c87f4c7 w4=5e74764c rate=0.502688
w0=f88e94e7 w4=abaa4747 rate=0.000000
w0=b4d63c3e w4=a18b8617 rate=0.502438
w0=0c14cf3e w4=7b49b8c6 rate=0.502271
w0=cac4b516 w4=179e89bb rate=0.502672
w0=d84f680c w4=e6b9e267 rate=0.502195
w0=b6e833a4 w4=6418ecbb rate=0.503379
w0=aa784ff2 w4=bbf49ef2 rate=0.000000
w0=2b9c93bb w4=0146e8dc rate=0.501634
w0=879c5fc8 w4=1adfee90 rate=0.501792
w0=cc51b443 w4=b1e538da rate=0.000000
w0=aaac970d w4=d15bd980 rate=0.501817
w0=cd0d0747 w4=74eb587e rate=0.502669
w0=10eb6e41 w4=ccfc7fdd rate=0.000000
w0=84737df6 w4=787f1511 rate=0.000000
w0=e3bb2625 w4=f0950068 rate=0.000000
w0=5fa8d859 w4=5291c012 rate=0.000000
w0=69018428 w4=c2f9658b rate=0.502345
w0=38eb3ce4 w4=90983881 rate=0.502851
w0=f7cbbb90 w4=2f4dc73c rate=0.000000
w0=30bf031c w4=ddeb7d1b rate=0.502759
w0=b2381075 w4=5c768fcc rate=0.501741
w0=a8d49be1 w4=66fd87fc rate=0.000000
w0=25a64cda w4=f36f9aba rate=0.502263
w0=5332a100 w4=ceabc47d rate=0.000000
w0=b65dd421 w4=1b1a7e5b rate=0.501681
w0=0d58227a w4=91502b88 rate=0.000000
w0=3c5fbd7f w4=2de0e5a0 rate=0.000000
w0=b805c95f w4=d1654e4f rate=0.501861
w0=ded90ffd w4=32b6f88b rate=0.503594
w0=62982d1c w4=ffac26d1 rate=0.000000
w0=b112b16d w4=5eb30e7f rate=0.000000
w0=926762d3 w4=3881737b rate=0.503264
w0=a9a9b959 w4=6c67a008 rate=0.504084
w0=c85fdf81 w4=4a2d1ed6 rate=0.502423
w0=1dbebfc2 w4=d355a65e rate=0.502553
w0=fa25ce74 w4=0a16e791 rate=0.000000
w0=18abf2d9 w4=ffc0e471 rate=0.502491
w0=7ddfc563 w4=95d82365 rate=0.000000
w0=42ff0034 w4=3614e264 rate=0.502736
w0=a0dd2b7c w4=b199a3e4 rate=0.502953
w0=d4fe791a w4=3396635b rate=0.502587
w0=12044f99 w4=659049d5 rate=0.000000
w0=a7c9e8a3 w4=fa7bba35 rate=0.000000
w0=0e079681 w4=aa107f10 rate=0.000000
w0=840d5843 w4=75bda4bc rate=0.000000
w0=5bbd7458 w4=fe7d6683 rate=0.501489
w0=428b66c6 w4=a7c6b10f rate=0.502630
w0=6b27a684 w4=a3889867 rate=0.000000
w0=4b910849 w4=1b90b042 rate=0.000000
w0=b1c01c43 w4=c49a793f rate=0.503323
w0=f8143105 w4=a658378c rate=0.502608
w0=23929486 w4=3936c109 rate=0.000000
w0=de2a6c76 w4=64c8e5bb rate=0.501903
w0=a4cc4fd6 w4=ec063012 rate=0.501933
w0=b1831af4 w4=fa1113f3 rate=0.000000
w0=db2607c9 w4=9cb334a2 rate=0.000000
w0=02455508 w4=ec1555f6 rate=0.502264
w0=ad6727f8 w4=13d92c3b rate=0.000000
w0=bb01a367 w4=bbdeb329 rate=0.501945
w0=23595ef0 w4=7b7e3636 rate=0.000000
w0=c3677a24 w4=4709b6d4 rate=0.501514
w0=e27495ff w4=b4ab50d2 rate=0.502851
w0=348cace2 w4=67f1fc0d rate=0.502062
w0=2ee5fe6a w4=fb065959 rate=0.502581
w0=51efeb30 w4=5512c9c1 rate=0.502067
w0=5a1d2103 w4=e94cdf3d rate=0.503165
w0=90c65a0d w4=5b8111ea rate=0.502844
w0=fc2c7107 w4=de98b53d rate=0.000000
w0=407f3dd0 w4=d2d53bc5 rate=0.000000
w0=18e89b80 w4=b4ed7124 rate=0.000000
w0=c41973c5 w4=c38c78f2 rate=0.000000
w0=d9750e38 w4=e62d211c rate=0.503156
w0=f5c91c41 w4=931719fc rate=0.501792
w0=4569655a w4=dc842690 rate=0.503324
w0=baf7d61d w4=3b4931b3 rate=0.000000
w0=e3f232d2 w4=9a1e7f59 rate=0.502438
w0=9e31d125 w4=9159e638 rate=0.502681
w0=83848704 w4=febc479b rate=0.000000
w0=0b68b9c9 w4=74f68855 rate=0.000000
w0=f13d26a4 w4=f441a0a4 rate=0.502942
w0=23ddf90c w4=fff95a5f rate=0.000000
w0=3d0cdd4e w4=77b7f94b rate=0.000000
w0=4462a514 w4=755880ec rate=0.000000
w0=44ab7ba3 w4=8ccfc878 rate=0.502060
w0=7e5b4009 w4=bea1a04d rate=0.501510
w0=fbd4affa w4=6657ca11 rate=0.000000
w0=7ac43b78 w4=5c44c9c8 rate=0.000000
w0=1f76eae1 w4=91191506 rate=0.502295
w0=1edaf2ea w4=9120f8ad rate=0.501916
w0=93e3b1d9 w4=17be5c95 rate=0.501671
w0=4d68dade w4=b7719e0e rate=0.000000
w0=014546c9 w4=841a2e7b rate=0.502480
w0=ec20a8dd w4=7964fb87 rate=0.503476
w0=028fa4df w4=0254db6b rate=0.502491
w0=c30b819c w4=04761d71 rate=0.502655
w0=3b892ea3 w4=c93fd68c rate=0.000000
w0=af0265ac w4=d2213471 rate=0.000000
w0=972c36e7 w4=65cf215f rate=0.503160
w0=beeaf8a1 w4=e646da1f rate=0.000000
w0=63f1b730 w4=59614f27 rate=0.000000
w0=dfcd6b88 w4=68dbf238 rate=0.000000
w0=0c25d89d w4=27430a03 rate=0.502388
w0=493223d4 w4=3b7bf43b rate=0.503045
w0=53fca8d0 w4=e4a93456 rate=0.503162
w0=64a0ac11 w4=1ab836c9 rate=0.000000
w0=aa9e709e w4=79542f47 rate=0.502151
w0=6b4369c0 w4=031cbc86 rate=0.502438
w0=26121c5a w4=eeb94403 rate=0.000000
w0=7d966f0e w4=b1345ec6 rate=0.000000
w0=d5eff866 w4=32a3f723 rate=0.502283
w0=6c43aefa w4=fa1ada7f rate=0.502949
w0=778f8729 w4=f4b30513 rate=0.000000
w0=9787c8a3 w4=556bd54b rate=0.501139
w0=1634fdc7 w4=9ea0b69b rate=0.000000
w0=14b0e5cb w4=4570258f rate=0.501781
w0=61b8b515 w4=d2ab7257 rate=0.000000
w0=268584ed w4=5964d633 rate=0.502833
w0=e9ec13c8 w4=26772a1e rate=0.000000
w0=fdb05aa6 w4=0a9a883d rate=0.000000
w0=33017e9d w4=924f147a rate=0.503044
w0=240fe85e w4=94a3ace3 rate=0.000000
w0=f9f1f4a1 w4=aeb65a68 rate=0.502099
w0=1bd1bdf6 w4=8bcdd575 rate=0.000000
w0=e37016ce w4=65c03041 rate=0.000000
w0=644bda77 w4=a79c2237 rate=0.502877
w0=eccc4c19 w4=ea2e01d5 rate=0.502053
w0=11bf7b2f w4=655c78e2 rate=0.501929
w0=d24af6ec w4=143704b0 rate=0.502223
w0=cfd63f63 w4=d7a8186d rate=0.502124
w0=515145dd w4=b0253207 rate=0.501635
w0=bfcc4aa2 w4=d0852ce0 rate=0.501921
w0=273f2905 w4=81332378 rate=0.000000
w0=753d5455 w4=62a56641 rate=0.000000
w0=48b4eb27 w4=cdd90be4 rate=0.501569
w0=f4b8966e w4=0f09683f rate=0.000000
w0=d863292f w4=80b75eb6 rate=0.501990
w0=26686e56 w4=8b109982 rate=0.502809
w0=212d355b w4=bc01de25 rate=0.000000
w0=8d7bcacd w4=56c9dd31 rate=0.000000
w0=6973b152 w4=fa02bb96 rate=0.502070
w0=5d0e9616 w4=d472b33d rate=0.502966
w0=ab6c0f41 w4=107ec62d rate=0.000000
w0=d901ef06 w4=9229f47c rate=0.000000
w0=86627400 w4=6c45b015 rate=0.000000
w0=fe8513d8 w4=0c8b8cd5 rate=0.000000
w0=dbc75c62 w4=20bd3d67 rate=0.500898
w0=8cb79a48 w4=85e2ee4a rate=0.501936
w0=75d89451 w4=4b045751 rate=0.502048
w0=125de9ac w4=240c3123 rate=0.501587
w0=39d99ead w4=fabef161 rate=0.503324
w0=4b9a70bc w4=e6df1f97 rate=0.503177
w0=44da52ab w4=0f3add5c rate=0.502621
w0=62c44efa w4=5184ccc7 rate=0.502652
w0=2509e96a w4=14518e98 rate=0.502691
w0=c0ecdbbb w4=cc3057c4 rate=0.501768
w0=c44afa53 w4=08354f87 rate=0.502302
w0=d312bc89 w4=0cdee203 rate=0.503481
w0=7e09a578 w4=4021ef52 rate=0.000000
w0=b959486b w4=2513e422 rate=0.502501
w0=197ff9cc w4=2d4c4b35 rate=0.000000
w0=ee8c5c98 w4=5fdf6abf rate=0.503084
w0=6581ec08 w4=1518a3fc rate=0.000000
w0=3c96b4f6 w4=00dfd255 rate=0.502807
w0=f44ec860 w4=c039145c rate=0.503418
w0=4605579a w4=59898930 rate=0.000000
w0=d8b679bd w4=6cc0a061 rate=0.502631
w0=be91da4b w4=6f8c1e7a rate=0.000000
w0=ea230f1c w4=c3c1e352 rate=0.502942
w0=eb45379f w4=6ae18343 rate=0.000000
w0=a8f48c45 w4=87515b17 rate=0.000000
w0=006eb568 w4=285eaee6 rate=0.000000
w0=a8f63e39 w4=1620a1f3 rate=0.502211
w0=bb583831 w4=096b1389 rate=0.000000
w0=837755f5 w4=550ea03a rate=0.501637
w0=f818018d w4=d56a4955 rate=0.502809
w0=d08ff977 w4=2678e416 rate=0.502777
w0=a3fb7170 w4=25ee9d20 rate=0.000000
w0=b32f28ce w4=5f9ca743 rate=0.000000
w0=ef001c2b w4=ee487262 rate=0.502466
w0=e5257162 w4=3a5c645c rate=0.502115
w0=a42903bd w4=0ee4801a rate=0.501379
w0=ab99f0e7 w4=4f92c850 rate=0.000000
w0=9ae56913 w4=2e54eb30 rate=0.000000
w0=48d0db4f w4=39357518 rate=0.502198
w0=f5c4d0e5 w4=c2a5b955 rate=0.500919
w0=31133693 w4=badcc0e3 rate=0.502608
w0=d17f26b5 w4=f6840bcf rate=0.502927
w0=8d8224a8 w4=4a8ef336 rate=0.000000
w0=776d20d1 w4=65fc4be1 rate=0.000000
w0=f9c1f2ea w4=00e0cb94 rate=0.000000
w0=cb861b59 w4=da6c7040 rate=0.502285
w0=9337ee26 w4=8892e578 rate=0.000000
w0=55a505c1 w4=d81562cb rate=0.000000
w0=5e9cd7a2 w4=09c26574 rate=0.502523
w0=b51047cd w4=63ecb037 rate=0.502568
w0=fd38557f w4=7945d0cf rate=0.502655
w0=ef797e8d w4=58364dfe rate=0.503504
w0=3178617c w4=2ecf4b8a rate=0.000000
w0=ef9d69e3 w4=401593d9 rate=0.000000
w0=1ca69861 w4=cead76a0 rate=0.000000
w0=a2302449 w4=607092f2 rate=0.501724
w0=96b8bbef w4=c72886e9 rate=0.000000
w0=34626666 w4=2b56cbbf rate=0.000000
w0=fc06a3e5 w4=0af750f3 rate=0.502635
w0=0b207059 w4=3a5e88b7 rate=0.502074
w0=d10f8c6d w4=2a0974e0 rate=0.000000
w0=c6170d40 w4=549a2f47 rate=0.000000
w0=ad760573 w4=d162859b rate=0.000000
w0=b696f1c3 w4=2ff6c161 rate=0.502362
w0=a9482ed8 w4=94f03388 rate=0.000000
w0=c7751183 w4=20f8bbcf rate=0.000000
w0=5ad35e00 w4=2e122afc rate=0.502325
w0=0724fcdf w4=1e47dff5 rate=0.502195
w0=275c2dd2 w4=4d2bd08f rate=0.502818
w0=5637180c w4=a1c8c307 rate=0.500934
w0=0d3276e5 w4=50a172fc rate=0.000000
w0=38f995f3 w4=87ab6757 rate=0.503114
w0=a1d45b68 w4=eff5fd49 rate=0.000000
w0=0bff5a0c w4=e5d77642 rate=0.000000
w0=34a78ae9 w4=f0d22c09 rate=0.502662
w0=01bd40d3 w4=a221f24c rate=0.000000
w0=2ec0e42a w4=ddd4a11c rate=0.000000
w0=63975980 w4=050583c1 rate=0.000000
w0=b1e08976 w4=f7434581 rate=0.000000
w0=880e2548 w4=342045b3 rate=0.000000
w0=8c621f26 w4=8bb772a1 rate=0.502853
w0=7263fd01 w4=48f6757b rate=0.000000
w0=946bab60 w4=604ca162 rate=0.000000
w0=6cef470b w4=38d7de5b rate=0.000000
w0=8010505d w4=e47e6899 rate=0.502588
w0=8d8d0e58 w4=0df44d0b rate=0.501806
w0=c3f25a98 w4=6ab35a27 rate=0.503226
w0=53c7fc6b w4=6052abb8 rate=0.000000
w0=a6c8d7e2 w4=239e13b9 rate=0.502091
w0=83fc8157 w4=8603b59f rate=0.502226
w0=29d74294 w4=0397fbfa rate=0.500711
w0=8b74aa71 w4=492d05cd rate=0.501538
w0=b3df9418 w4=74eeb2a9 rate=0.000000
w0=4f9802d2 w4=dd04e46f rate=0.000000
w0=0341d9d7 w4=0f758642 rate=0.000000
w0=5d49257a w4=9aaa3efb rate=0.502857
w0=38527473 w4=dac93371 rate=0.000000
w0=dc53f07d w4=f077e429 rate=0.000000
w0=c47047f3 w4=641d14ad rate=0.502325
w0=be08c263 w4=a1fb9ec7 rate=0.502404
w0=afa8d68b w4=82260093 rate=0.000000
w0=036a3144 w4=09488763 rate=0.000000
w0=743f3ba8 w4=a99e23a6 rate=0.000000
w0=2ef809b0 w4=4bdbadf4 rate=0.000000
w0=b93c4468 w4=e2980bef rate=0.000000
w0=174fa7cf w4=91e81a2d rate=0.000000
w0=41c83f4e w4=08349a67 rate=0.502653
w0=d01577d4 w4=19fe04aa rate=0.502694
w0=cf1b1c48 w4=5cfe07cd rate=0.502319
w0=91c4f020 w4=25ed044c rate=0.000000
w0=c647fca4 w4=abe4d519 rate=0.000000
w0=d350c236 w4=8607b5d2 rate=0.503209
w0=11dc717d w4=88722b82 rate=0.000000
w0=f3b9200b w4=c0bf5363 rate=0.000000
w0=216c1a2d w4=315a5069 rate=0.000000
w0=35fe2098 w4=768afd0c rate=0.501070
w0=7c11687a w4=0adb183f rate=0.502758
w0=95ce53de w4=239a9dcd rate=0.502852
w0=6e15fb53 w4=2bec89f3 rate=0.503441
w0=ba2acd8e w4=adb2ccf4 rate=0.000000
w0=6c6e7bab w4=24d3d2b2 rate=0.000000
w0=8fe3a673 w4=4b5a4636 rate=0.000000
w0=36bd1f76 w4=4c3d922e rate=0.000000
w0=972261af w4=9f4d693f rate=0.503199
w0=d0e0264f w4=dc3f6a73 rate=0.502132
w0=4e33d239 w4=5a2d83ea rate=0.000000
w0=646df2ad w4=52181c43 rate=0.502002
w0=ac25067e w4=3464d71b rate=0.502622
w0=2d2e533a w4=a58e3f1f rate=0.000000
w0=f3218b42 w4=1a4435fe rate=0.502621
w0=52314af2 w4=9457b070 rate=0.502069
w0=bafef646 w4=6aba6822 rate=0.502496
w0=77eee128 w4=2f63969f rate=0.000000
w0=fbeddf60 w4=8681619c rate=0.502141
w0=58886ac0 w4=34771ce6 rate=0.504504
w0=12089590 w4=60f49f28 rate=0.500937
w0=11fe595f w4=b79782f8 rate=0.502069
w0=8907e94e w4=4d365395 rate=0.000000
w0=25e141f7 w4=0b01d399 rate=0.502301
w0=9b16fe06 w4=90df4f39 rate=0.501912
w0=40b595c1 w4=3dcb5ca4 rate=0.501298
w0=6d114dde w4=642adf63 rate=0.000000
w0=9f86409a w4=d4996313 rate=0.000000
w0=6c0b4efe w4=2fcc576f rate=0.502616
w0=3c218124 w4=cd05465b rate=0.000000
w0=b66d9568 w4=39657ec9 rate=0.000000
w0=52ad6c78 w4=5894c61e rate=0.000000
w0=f98e4d8d w4=f1b020a0 rate=0.000000
w0=b917e8e0 w4=2bcfdf93 rate=0.503041
w0=8093c119 w4=2b6c2e19 rate=0.502198
w0=86988be7 w4=80116af7 rate=0.000000
w0=76dc6a20 w4=867e646e rate=0.000000
w0=1b74adba w4=b320c1dc rate=0.502454
w0=5b2bd37b w4=0432b678 rate=0.000000
w0=f6ef3a31 w4=1b5be15a rate=0.000000
w0=f0ec5d69 w4=504abdd1 rate=0.000000
w0=5021e213 w4=0049b3f5 rate=0.502707
w0=23255da7 w4=e6f362ab rate=0.501776
w0=4ef19f4b w4=39067454 rate=0.502601
w0=1bdea5aa w4=a2ff8326 rate=0.000000
w0=1751fcc0 w4=0ea5729f rate=0.503686
w0=4e05f745 w4=e7ea7bff rate=0.501300
w0=69ff999d w4=ed981521 rate=0.502235
w0=42dc806d w4=6e0695d4 rate=0.502810
w0=8f105be7 w4=d042b0e7 rate=0.502001
w0=3d90d14d w4=5ff056f2 rate=0.502160
w0=6086f987 w4=0732d4dc rate=0.000000
w0=991feaf9 w4=47a8dbf4 rate=0.000000
w0=9421d3b1 w4=3d905b3e rate=0.000000
w0=93b34689 w4=4d27381a rate=0.000000
w0=e8447824 w4=20650508 rate=0.000000
w0=ad79c308 w4=c51cd9d0 rate=0.503521
w0=92ac8167 w4=af0817d3 rate=0.000000
w0=68db5897 w4=c3334802 rate=0.502975
w0=8383a61f w4=4b68173f rate=0.503304
w0=2f9dd4bd w4=bd9ef3bd rate=0.000000
w0=78ad1f43 w4=40bdc1ee rate=0.000000
w0=f74071dc w4=e43b25a7 rate=0.503759
w0=271413aa w4=3d1d8245 rate=0.000000
w0=e08d33b5 w4=87ab32d9 rate=0.000000
w0=3351eb1a w4=b3ae41eb rate=0.502767
w0=4c515989 w4=2598890a rate=0.501539
w0=61384fa3 w4=504f74ee rate=0.503279
w0=db30fff5 w4=1a26c8f3 rate=0.000000
w0=2fca97fc w4=252d2f02 rate=0.504723
w0=5e4c126c w4=65640900 rate=0.000000
w0=80851250 w4=f90ae6de rate=0.000000
w0=cb573a68 w4=97591df4 rate=0.000000
w0=e4149e29 w4=64709fa5 rate=0.502629
w0=f5570af9 w4=5ca2f8b0 rate=0.502649
w0=adfcbd71 w4=7cd582c3 rate=0.000000
w0=51236d94 w4=461cb782 rate=0.000000
w0=a701aabe w4=75287677 rate=0.000000
w0=23476ed7 w4=054291ff rate=0.000000
w0=db56b303 w4=28e1455c rate=0.000000
w0=df6e2b54 w4=1704aa1b rate=0.500025
w0=b9e13d41 w4=9f8a19a4 rate=0.502408
w0=668936b3 w4=e8de4528 rate=0.501617
w0=c78e521f w4=13bfef42 rate=0.000000
w0=553342ec w4=bcb3dd5d rate=0.000000
w0=c7c120f1 w4=5ff0339a rate=0.000000
w0=a8ac2af6 w4=a1db1e72 rate=0.502015
w0=633be619 w4=1a83266a rate=0.000000
w0=35adaebb w4=5a339e01 rate=0.000000
w0=70592765 w4=a746fb53 rate=0.000000
w0=3d3a3a4f w4=54512984 rate=0.503223
w0=1c147d8d w4=154ee46d rate=0.502348
w0=9bd26eb5 w4=446ec342 rate=0.000000
w0=ee57e075 w4=c22215af rate=0.501827
w0=e9eda67d w4=c27ee082 rate=0.000000
w0=f403f84b w4=63069af9 rate=0.000000
w0=83995acf w4=e32796aa rate=0.000000
w0=8bbc97a0 w4=45bb5d37 rate=0.000000
w0=1269036d w4=42cfeca5 rate=0.000000
w0=f12cbce7 w4=7e9829f8 rate=0.000000
w0=59c1897d w4=e5e2f764 rate=0.000000
w0=87a72e34 w4=b9526f3c rate=0.502345
w0=195cc712 w4=5b6e4308 rate=0.000000
w0=f62ce0e9 w4=6d85bed8 rate=0.000000
w0=f6649508 w4=1cc4793a rate=0.000000
w0=e78543c0 w4=ef398add rate=0.000000
w0=e4989a4b w4=8a430a09 rate=0.502767
w0=b3b34b88 w4=7fccabe6 rate=0.502329
w0=55dca993 w4=55b3a18f rate=0.502850
w0=7fea26d9 w4=c2c94eab rate=0.000000
w0=a15400c5 w4=003670f0 rate=0.501743
w0=b7f5600a w4=d991e54b rate=0.502457
w0=532e8562 w4=fa0d7b1f rate=0.000000
w0=7122ea95 w4=0821472b rate=0.000000
w0=cbf26c53 w4=640e3dca rate=0.501757
w0=b56bf893 w4=fe8bd1f6 rate=0.502635
w0=3d38e5c2 w4=eeb8bd35 rate=0.000000
w0=0c9807af w4=2af6678e rate=0.503593
w0=fc42aa6c w4=b04ebeda rate=0.000000
w0=ca49ba76 w4=30220c0b rate=0.502732
w0=e23d80e2 w4=b53e4b82 rate=0.000000
w0=a4bc2e3b w4=8688ec21 rate=0.000000
w0=22dd841b w4=fd4a840f rate=0.000000
w0=1ec46716 w4=d5c1cae0 rate=0.000000
w0=66fe3f67 w4=0b2b10e2 rate=0.501966
w0=4e92cd7e w4=b511b8b8 rate=0.000000
w0=a4abae0e w4=cf829dc4 rate=0.000000
w0=14f331a0 w4=4755049b rate=0.000000
w0=5c4abe80 w4=c0b266da rate=0.500477
w0=c4c2521f w4=f06700ae rate=0.000000
w0=9a32e780 w4=ce51d939 rate=0.501233
w0=647d4565 w4=88603777 rate=0.000000
w0=d5728dcc w4=489ed3d6 rate=0.503119
w0=35787a29 w4=8d68da67 rate=0.000000
w0=74f9816e w4=95198d08 rate=0.502521
w0=de72b20d w4=fd24baee rate=0.501118
w0=2d4b6c99 w4=66304477 rate=0.502192
w0=88d68757 w4=17f69096 rate=0.000000
w0=ff60c063 w4=13b9c29f rate=0.502761
w0=b0e7a9e1 w4=a71b71ff rate=0.502583
w0=7d7265b3 w4=01045845 rate=0.502511
w0=96348122 w4=8dc0e323 rate=0.501710
w0=eb2de721 w4=bee1083f rate=0.502563
w0=605a118c w4=752c2671 rate=0.503568
w0=c988145f w4=8d0aa5f6 rate=0.000000
w0=b4598f25 w4=87aa37db rate=0.503079
w0=a3563825 w4=71607fd0 rate=0.000000
w0=4e987763 w4=4a617b2b rate=0.501472
w0=df8695f4 w4=9ff7b9b5 rate=0.502815
w0=13647399 w4=d77d4f75 rate=0.000000
w0=379bb057 w4=6720bb37 rate=0.000000
w0=78c26e5d w4=0f89ec08 rate=0.503381
w0=f4ee51ed w4=bbd2fd1a rate=0.000000
w0=50f79d5c w4=041bf9c6 rate=0.502738
w0=6d63acc8 w4=e070bcc3 rate=0.000000
w0=943b0d81 w4=78cf120d rate=0.501511
w0=b29dcf9e w4=0c9741f3 rate=0.000000
w0=38b64365 w4=cc422cbe rate=0.501926
w0=ec7b0e3b w4=19f5298b rate=0.000000
w0=98c3245f w4=b85babf9 rate=0.000000
w0=47d458cb w4=864bbced rate=0.000000
w0=b83b50c3 w4=fee6be6d rate=0.504199
w0=1525bac9 w4=559c3c60 rate=0.000000
w0=360dffae w4=95d70bc5 rate=0.501078
w0=27488c4d w4=485d4a07 rate=0.000000
w0=598e36f6 w4=d7582e3f rate=0.502373
w0=62ce3049 w4=3b5a1987 rate=0.000000
w0=438fffd2 w4=ce0065bf rate=0.000000
w0=77ce4dad w4=8ec23f64 rate=0.000000
w0=be550a8a w4=0eb94464 rate=0.501863
w0=57c393a7 w4=75d3414e rate=0.000000
w0=fde7ed79 w4=9d24d0e2 rate=0.502030
w0=62ef69aa w4=6abf5b7b rate=0.502815
w0=c4133e27 w4=56a33908 rate=0.000000
w0=d3a260a4 w4=a88e8867 rate=0.000000
w0=8253f7e9 w4=7410b9f1 rate=0.502094
w0=3adb450c w4=82442c18 rate=0.000000
w0=9e241a8f w4=29b9b8b8 rate=0.000000
w0=1452c9cf w4=3d6389fe rate=0.000000
w0=8909620c w4=90afa33c rate=0.000000
w0=d458c716 w4=6035546e rate=0.502460
w0=22dd1ae8 w4=e4b404dd rate=0.502458
w0=3a0b3878 w4=0d848047 rate=0.000000
w0=6706a87d w4=9d44d65e rate=0.503012
w0=2f59ebae w4=2eff36b2 rate=0.000000
w0=ead274fb w4=8ee21cf2 rate=0.000000
w0=26c1169b w4=83e5afbe rate=0.000000
w0=281c98bb w4=62acbb8b rate=0.000000
w0=5dd979a1 w4=093e8283 rate=0.502414
w0=c6a937f7 w4=d9fa8b79 rate=0.501458
w0=b5718e49 w4=15669506 rate=0.000000
w0=b14f241f w4=1ab6c0bf rate=0.501729
w0=8aefa8cc w4=91dcd129 rate=0.000000
w0=9adf4d67 w4=2027977d rate=0.503274
w0=8d1dfcf2 w4=3cd1a14e rate=0.502852
w0=5d76ed51 w4=52083b72 rate=0.502165
w0=446c01a9 w4=8bc35176 rate=0.000000
w0=91651da2 w4=33c52381 rate=0.000000
w0=73e664bd w4=9cb9da18 rate=0.503264
w0=20498433 w4=462621f3 rate=0.503413
w0=33e7ca85 w4=70d98f67 rate=0.000000
w0=edf8cce1 w4=326484b5 rate=0.000000
w0=4b0ad24e w4=0e39278f rate=0.000000
w0=55f1ec67 w4=ba7d559a rate=0.000000
w0=e3479680 w4=89f2b846 rate=0.000000
w0=35e18fdf w4=338a5f7a rate=0.501765
w0=12564c87 w4=831a5693 rate=0.502819
w0=db797fa7 w4=f6783671 rate=0.000000
w0=6e7a70c4 w4=5bb497d0 rate=0.503099
w0=ea3e7abc w4=692d523c rate=0.000000
w0=87f4545e w4=5c877314 rate=0.502128
w0=c3934e8b w4=b5c41814 rate=0.501418
w0=51cb14f7 w4=12ec85bc rate=0.000000
w0=d7339b89 w4=0c8f09a7 rate=0.000000
w0=5428428d w4=5f1c1418 rate=0.000000
w0=9662cd1d w4=d43d3ce9 rate=0.502505
w0=a28d4062 w4=731cf16d rate=0.000000
w0=6fa810b6 w4=4018a2f1 rate=0.000000
w0=beca43f0 w4=24023fcc rate=0.503069
w0=8e41e9c5 w4=c3e1b173 rate=0.000000
w0=bf0e1e44 w4=63cf10bf rate=0.501963
w0=828e3659 w4=1c4e485c rate=0.501330
w0=8dc2f0ad w4=ce350361 rate=0.502272
w0=8fa656db w4=f1e5dddb rate=0.502355
w0=0d551d72 w4=bf0cc654 rate=0.502804
w0=39eaca56 w4=a92532ee rate=0.502636
w0=6fc2ceaa w4=bc9b14fc rate=0.502132
w0=105c7669 w4=503aa5a3 rate=0.501712
w0=84062c71 w4=d60be901 rate=0.000000
w0=856e33fc w4=5f1dc529 rate=0.501765
w0=a93cd9a3 w4=18a34ccd rate=0.000000
w0=f84d7774 w4=f795450b rate=0.503886
w0=1735351d w4=9024ae51 rate=0.000000
w0=26efc5fe w4=d7412d53 rate=0.000000
w0=f3bfc99f w4=1909b193 rate=0.000000
w0=61c61a5f w4=c63cccc2 rate=0.501559
w0=3ebea94a w4=3cd13f00 rate=0.502537
w0=43263e33 w4=b06062e9 rate=0.502108
w0=4a8d5817 w4=3a131817 rate=0.000000
w0=d630adad w4=1a832c3d rate=0.000000
w0=4df5c324 w4=388e41f6 rate=0.501469
w0=dc9006b6 w4=f3bb3c6c rate=0.000000
w0=0eaabb49 w4=e79088e0 rate=0.000000
w0=9da000f3 w4=6ca0dff7 rate=0.000000
w0=d675ed4e w4=7f4fbbc8 rate=0.000000
w0=fd08c7a6 w4=0feccd54 rate=0.502345
w0=2e576fe8 w4=8f7f96b6 rate=0.000000
w0=65bb6403 w4=abc69f40 rate=0.501799
w0=3ab7ed4b w4=341efd2e rate=0.000000
w0=9766c488 w4=d412ace2 rate=0.500807
w0=566742bb w4=f82b71b4 rate=0.502583
w0=9f18c6fc w4=f3577d56 rate=0.501873
w0=91f77fa3 w4=859d469f rate=0.502436
w0=2caf9d2d w4=892d5a62 rate=0.000000
w0=76c2c17b w4=7f0b3b1c rate=0.502691
w0=99b25669 w4=7d533bed rate=0.501511
w0=7125cb4b w4=691e239f rate=0.000000
w0=dbc33921 w4=35ed5875 rate=0.000000
w0=d5350289 w4=3de2b36d rate=0.501958
w0=09ee04f8 w4=feef73b5 rate=0.000000
w0=ca294937 w4=6cb78619 rate=0.000000
w0=02021e60 w4=540e551c rate=0.000000
w0=b44d591e w4=e938c545 rate=0.502408
w0=f607425d w4=4bf6127f rate=0.502574
w0=b865dc39 w4=d0253b8e rate=0.503134
w0=2b17b487 w4=d5335dee rate=0.000000
w0=a5a3776b w4=8aafb920 rate=0.000000
w0=19fbcdc4 w4=c1db6641 rate=0.000000
w0=6f22f56f w4=d7e3684c rate=0.501980
w0=e31eef2b w4=17e58ddc rate=0.502837
w0=a9fceb0c w4=618dc988 rate=0.502182
w0=db674c6c w4=fb8c4244 rate=0.501455
w0=8b5df023 w4=f82f4db2 rate=0.502126
w0=8486a8b8 w4=d783f3ad rate=0.000000
w0=029ba258 w4=f3a98a14 rate=0.000000
w0=aa80245f w4=ad61b1c6 rate=0.502203
w0=386f1978 w4=302c72c6 rate=0.502794
w0=bf07b8d5 w4=b7edfb71 rate=0.502343
w0=e40bff4e w4=7a6d4535 rate=0.503139
w0=bb5b3a71 w4=3349aca3 rate=0.000000
w0=d20d768d w4=1d147737 rate=0.000000
w0=e803967f w4=5b2b9da1 rate=0.000000
w0=3ff53d0d w4=2ab993ee rate=0.501966
w0=6273bd23 w4=c882c7bc rate=0.502423
w0=e7d18d16 w4=cbdc57e7 rate=0.000000
w0=26c50151 w4=d62bf643 rate=0.502896
w0=a06b2348 w4=1291d027 rate=0.502457
w0=58a4d7b6 w4=369f8c7e rate=0.000000
w0=5ff48330 w4=483a3da3 rate=0.502255
w0=68bff3d1 w4=296ced55 rate=0.502498
w0=c9ccad97 w4=7880c574 rate=0.502620
w0=be8fda47 w4=24c7858c rate=0.502191
w0=fde951e6 w4=131f9e4f rate=0.502493
w0=1925328c w4=481a22f8 rate=0.000000
w0=e804369f w4=1c5c7c84 rate=0.503321
w0=6e25ee0e w4=33098d20 rate=0.000000
w0=2fc0672b w4=441050ac rate=0.501737
w0=a4accbf8 w4=d5dfdfb4 rate=0.502462
w0=f76ca531 w4=62b182c7 rate=0.502346
w0=4e74c9e5 w4=468de4f1 rate=0.501959
w0=06c8a78d w4=26cfd791 rate=0.000000
w0=edbe81f6 w4=228eafb8 rate=0.000000
w0=623e4749 w4=a19266c8 rate=0.000000
w0=12ddff48 w4=de5d8ac9 rate=0.000000
w0=3d57f230 w4=67ec634c rate=0.000000
w0=650010f0 w4=058c3af4 rate=0.000000
w0=8c44c1ad w4=e958c23f rate=0.000000
w0=f442e27a w4=42ca4b16 rate=0.000000
w0=68b051af w4=2c5b31d2 rate=0.502327
w0=6326ab00 w4=37ddd3a6 rate=0.503440
w0=9ee72295 w4=9ee21f56 rate=0.000000
w0=c50fc9ea w4=960f6c29 rate=0.000000
w0=bf38b6fb w4=1a1c204e rate=0.000000
w0=dacc6acc w4=a56653d1 rate=0.000000
w0=5d9b8dea w4=93743ec1 rate=0.503134
w0=3f752e86 w4=c6c315cf rate=0.000000
w0=0ecdeb43 w4=9b99b297 rate=0.502139
w0=77f3651a w4=8c2038f9 rate=0.501904
w0=441e0352 w4=a2a00b61 rate=0.000000
w0=c0a0c39c w4=d0bc084d rate=0.000000
w0=0cc24f60 w4=1bdc5309 rate=0.000000
w0=3a00cf43 w4=aad21bd4 rate=0.501984
w0=4b0d5015 w4=27f40f24 rate=0.502932
w0=52a18596 w4=322fe26c rate=0.000000
w0=bd1285be w4=c019b515 rate=0.000000
w0=5b03aa0b w4=5b960605 rate=0.000000
w0=03efafcb w4=2c674283 rate=0.000000
w0=9f1c3be7 w4=5c4ff4a6 rate=0.502305
w0=eca31ff1 w4=19a9a29a rate=0.000000
w0=9b040330 w4=f792ad4d rate=0.000000
w0=f8020fcc w4=6c31f125 rate=0.000000
w0=1ebed99a w4=51f7489b rate=0.502584
w0=1c7c2283 w4=ec5d8600 rate=0.000000
w0=ae1dbd12 w4=118de58b rate=0.000000
w0=6aa0822e w4=491b5347 rate=0.000000
w0=69a247de w4=e1fd1ca8 rate=0.503056
w0=bcec2d3d w4=f40c8413 rate=0.503005
w0=c8ce2584 w4=648072af rate=0.501404
w0=0e25841d w4=0154b5b8 rate=0.503047
w0=c07c100c w4=759b730e rate=0.502274
w0=9ecf93f1 w4=75fef902 rate=0.000000
w0=2f81928b w4=02da445a rate=0.502419
w0=8d1824f8 w4=1119ea2c rate=0.000000
w0=043c27c0 w4=6408e162 rate=0.000000
w0=85d462a9 w4=5fdfc089 rate=0.000000
w0=c11427de w4=805ac523 rate=0.503091
w0=dd369dac w4=c6d66c47 rate=0.501870
w0=3adc3c10 w4=e5b0c995 rate=0.502887
w0=7d660762 w4=f6e35309 rate=0.000000
w0=786c4fdc w4=fbbc8086 rate=0.502649
w0=74b1609d w4=1f1f048f rate=0.000000
w0=4419f9e0 w4=72449706 rate=0.501350
w0=df1ede4e w4=9053124f rate=0.502852
w0=2f392cfa w4=15beedaa rate=0.000000
w0=60a02c96 w4=36f64010 rate=0.502645
w0=440c4be3 w4=0c671d49 rate=0.502921
w0=251bf20d w4=5d270512 rate=0.000000
w0=2cfdfe6d w4=2cfb7115 rate=0.000000
w0=ecffb78b w4=df18c5bf rate=0.503054
w0=b55f36c7 w4=e38b2ac3 rate=0.502538
w0=5d671ccf w4=c745b615 rate=0.000000
w0=4d5b3a5d w4=64e07568 rate=0.000000
w0=9c3d7314 w4=e7fe99e8 rate=0.502352
w0=a0ee73f1 w4=ae24ceed rate=0.503186
w0=c31b5c2e w4=53b2db1f rate=0.000000
w0=5249d882 w4=d83ee876 rate=0.502839
w0=aad61f24 w4=37bf8417 rate=0.502399
w0=b44fdf8d w4=afb3eb70 rate=0.502142
w0=5767a845 w4=db7d851a rate=0.000000
w0=48197cad w4=c9162d18 rate=0.000000
w0=107eb030 w4=72913032 rate=0.502717
w0=9eaee475 w4=c666f211 rate=0.502249
w0=235a6c8d w4=5a9e745f rate=0.502201
w0=20173f5e w4=ff87e8db rate=0.000000
w0=a88b2751 w4=1452105c rate=0.501966
w0=ed15d8cb w4=fa6f932c rate=0.501651
w0=67024231 w4=ceb0d98a rate=0.000000
w0=2e85a481 w4=83a33ca6 rate=0.000000
w0=3d35a469 w4=1c45f65c rate=0.502100
w0=ccc5808e w4=fa388c1d rate=0.502718
w0=6ba28c57 w4=5afd799e rate=0.501565
w0=e61673fb w4=b35f97a8 rate=0.502883
w0=c1d9e12b w4=2dd04ec7 rate=0.000000
w0=971fb53b w4=a197c18d rate=0.000000
w0=55ec3af1 w4=9dcb6167 rate=0.000000
w0=b564d30b w4=2b0cac1f rate=0.502853
w0=19a9fb9e w4=0d03c383 rate=0.000000
w0=fc2bc118 w4=315adc84 rate=0.501999
w0=5288b2e6 w4=905d1b2f rate=0.503624
w0=aec7caf0 w4=4026fc9c rate=0.502621
w0=7bc9ecfb w4=af6aa0ae rate=0.000000
w0=ecaef578 w4=47667970 rate=0.501823
w0=9aeb18c3 w4=8de59ca8 rate=0.000000
w0=2d68966f w4=0d4b6de5 rate=0.000000
w0=82064bc9 w4=8d209c9e rate=0.000000
w0=0ad35074 w4=b5d6357d rate=0.000000
w0=58e006b2 w4=402e670f rate=0.502214
w0=b88dd9c8 w4=80eefd31 rate=0.503398
w0=a319ba8e w4=39430f35 rate=0.502503
w0=e0586e0e w4=17a59b3a rate=0.503269
w0=3711fd3b w4=df223c6c rate=0.000000
w0=c6b946ba w4=68bbf1bf rate=0.000000
w0=ca888c53 w4=0300d5c6 rate=0.000000
w0=0a9d62f8 w4=2f0b3bde rate=0.000000
w0=f328345e w4=ef78a2d2 rate=0.501925
w0=31929dfa w4=951c4749 rate=0.000000
w0=6a010610 w4=88dd23bf rate=0.501531
w0=a827eb1f w4=88cc7493 rate=0.502517
w0=1135d9dd w4=9b2f1ffb rate=0.000000
w0=97838997 w4=2df06614 rate=0.503624
w0=6178a76e w4=5f62f55e rate=0.000000
w0=1feeebb1 w4=f3bfd320 rate=0.502220
w0=574b5448 w4=3219a81c rate=0.501957
w0=9ba79c99 w4=a60fab0d rate=0.000000
w0=91ce9fcd w4=d4d9a0d3 rate=0.000000
w0=3ca115cf w4=3321438a rate=0.000000
w0=f365c8f3 w4=58e5a7f5 rate=0.000000
w0=b29821cf w4=3d94affb rate=0.000000
w0=45b201ad w4=58328c27 rate=0.000000
w0=7cd1a210 w4=aee8a275 rate=0.000000
w0=9ab15bac w4=52955f32 rate=0.000000
w0=f14bbe38 w4=e02b6798 rate=0.502417
w0=b7b11878 w4=d272d96f rate=0.502157
w0=317ff24b w4=c9a5e9e1 rate=0.502742
w0=c30173fc w4=b3ed4f4b rate=0.501150
w0=afc69dee w4=daec942d rate=0.000000
w0=b4adf33b w4=a5e4c5b3 rate=0.501935
w0=e8b1ab0a w4=f0153d68 rate=0.000000
w0=25de088f w4=3afa5352 rate=0.000000
w0=686c0639 w4=2a9eb4e2 rate=0.501857
w0=bff61378 w4=ac382255 rate=0.502872
w0=aa9b54b3 w4=ec8cf5c0 rate=0.000000
w0=ec064429 w4=d17ee8b2 rate=0.502450
w0=381ad526 w4=9b8a14d9 rate=0.000000
w0=00202088 w4=d22e1cc4 rate=0.000000
w0=c2750b7b w4=3a6bf101 rate=0.000000
w0=ee4662ae w4=4a325b62 rate=0.502040
w0=a87f4fc3 w4=d7820a4a rate=0.502543
w0=c165c33a w4=1bd04f9b rate=0.000000
w0=5fa76a98 w4=08663f64 rate=0.502706
w0=9c2493a3 w4=479f478f rate=0.000000
w0=d8135caa w4=1f0d783c rate=0.000000
w0=b214b323 w4=8b9d7940 rate=0.000000
w0=f379b7a0 w4=3bc2cbd5 rate=0.000000
w0=bc7fd51d w4=bb56301d rate=0.000000
w0=8fafdce8 w4=c211a636 rate=0.000000
w0=480f78c1 w4=19784ade rate=0.501945
w0=4e55bd11 w4=65c1fc65 rate=0.000000
w0=d6239394 w4=400366ed rate=0.000000
w0=c3e70179 w4=75455be6 rate=0.000000
w0=bf26c86b w4=5d525969 rate=0.502900
w0=b1e14eee w4=07d8d5ef rate=0.000000
w0=189245e4 w4=efa13767 rate=0.000000
w0=4dd70da3 w4=25657ed7 rate=0.000000
w0=d37c321c w4=6963216d rate=0.000000
w0=f7dd2a01 w4=3a297e7c rate=0.501293
w0=a7ff78a6 w4=9592e8ff rate=0.502174
w0=96179e08 w4=f2a4d982 rate=0.000000
w0=281e613a w4=b11e610d rate=0.000000
w0=8999ca68 w4=301bdfd8 rate=0.000000
w0=ff2ffd25 w4=d25eaa3d rate=0.502783
w0=9306adc5 w4=98d5d606 rate=0.502641
w0=520d8b92 w4=f10ecc4f rate=0.000000
w0=b1221e2a w4=1c26ca1e rate=0.000000
w0=f7810c45 w4=b59bb7b9 rate=0.000000
w0=f8e9a889 w4=7de77579 rate=0.000000
w0=06e5d47e w4=eb4c8e6a rate=0.000000
w0=9efa0ae8 w4=140ff4e8 rate=0.502797
w0=9b8ca98d w4=3f7f6667 rate=0.502830
w0=3fafdccf w4=14cde470 rate=0.502028
w0=18b4eba1 w4=995de186 rate=0.501876
w0=9ec30653 w4=e814bd98 rate=0.503889
w0=e8c45f8b w4=d0af0e56 rate=0.502302
w0=b4bb17e4 w4=eef2776a rate=0.502183
w0=914baa0c w4=f159aa46 rate=0.000000
w0=a4ef4ba7 w4=a831af31 rate=0.501351
w0=ca4ad44e w4=b788e0ba rate=0.502451
w0=1a587926 w4=85bbebb8 rate=0.502510
w0=64185f71 w4=549bdab4 rate=0.000000
w0=8401e964 w4=19fae005 rate=0.502180
w0=15ad9269 w4=3d4c95a4 rate=0.502154
w0=d998427f w4=63086280 rate=0.000000
w0=70f870c3 w4=24132d36 rate=0.501773
w0=be5ee256 w4=5df20aae rate=0.000000
w0=a3cfde30 w4=74f5dbd5 rate=0.000000
w0=822e2b64 w4=566f4916 rate=0.501847
w0=cec79ca2 w4=bfa07f17 rate=0.502564
w0=3bfd5d81 w4=cb8fce05 rate=0.501849
w0=a764f4ea w4=9b872823 rate=0.502013
w0=45326e96 w4=16f9b750 rate=0.501789
w0=e7d23341 w4=bda384a9 rate=0.502715
w0=48008669 w4=60dec69b rate=0.503027
w0=48946263 w4=3cf1c57e rate=0.502960
w0=f4d3d0ba w4=8d64780f rate=0.000000
w0=1e203050 w4=c761fa63 rate=0.501645
w0=192c3f2a w4=f5bad8ae rate=0.000000
w0=d2c75b39 w4=3e8abdca rate=0.503064
w0=3c5ed65f w4=13ebe992 rate=0.000000
w0=4476cb5a w4=1a2b7097 rate=0.502967
w0=e5c7c7e4 w4=146952e9 rate=0.000000
w0=96610e13 w4=3d3dfcca rate=0.502086
w0=547f7d7a w4=17307757 rate=0.502324
w0=7f495734 w4=0a7ef6dc rate=0.000000
w0=9d4a745e w4=ce148f8e rate=0.502814
w0=61a6072f w4=10451f49 rate=0.502634
w0=b04f36c6 w4=dc2775e3 rate=0.502597
w0=0f6e8384 w4=444755f0 rate=0.000000
w0=ca2a3e64 w4=2c2e72d3 rate=0.000000
w0=f9d654db w4=24b9632c rate=0.502202
w0=695dc0c0 w4=c554cc05 rate=0.000000
w0=76e701e8 w4=2a2d44f1 rate=0.501740
w0=ca2f33f0 w4=e75c9089 rate=0.502693
w0=a6d267c3 w4=b483c22b rate=0.501123
w0=dcfaf0ce w4=7372f512 rate=0.000000
w0=5dab9f2a w4=98f32bce rate=0.502595
w0=46a45ab8 w4=71e9dc6d rate=0.503774
w0=8d13598a w4=c55de169 rate=0.502336
w0=4810f5cd w4=5ea01040 rate=0.000000
w0=0253cba0 w4=05ec7a68 rate=0.000000
w0=f5b167aa w4=7ca2ed09 rate=0.000000
w0=720df9d2 w4=bc0bc524 rate=0.000000
w0=b8da0e9e w4=0bbe5124 rate=0.502191
w0=686e38da w4=e7799147 rate=0.000000
w0=3094126c w4=03dbc524 rate=0.502299
w0=b3e0587f w4=8ad77970 rate=0.000000
w0=44491620 w4=03421b71 rate=0.000000
w0=9d15624b w4=5299a5c5 rate=0.000000
w0=1f4c3179 w4=884c3160 rate=0.000000
w0=577f16f8 w4=43dbba01 rate=0.000000
w0=b92d747c w4=68a14124 rate=0.000000
w0=8a827c5b w4=3931d395 rate=0.000000
w0=e166e041 w4=6b5a3491 rate=0.000000
w0=1ffc3393 w4=27f8027a rate=0.000000
w0=de40aa17 w4=2bffb3c6 rate=0.000000
w0=18e8d71c w4=a62267c7 rate=0.501866
w0=b3b347de w4=bc2c750f rate=0.000000
w0=9d03a637 w4=9d0d5343 rate=0.000000
w0=0c1eddb0 w4=8fc42ef6 rate=0.502549
w0=8553d21d w4=4fe474f1 rate=0.000000
w0=cff5fcda w4=3cbf5f90 rate=0.502711
w0=49bcad83 w4=c0aa95c5 rate=0.000000
w0=3de5f166 w4=fa70b94f rate=0.000000
w0=afa0be82 w4=15c20567 rate=0.502820
w0=cfc12a6d w4=1f22ba63 rate=0.502783
w0=c3e2c9a5 w4=35a06ce7 rate=0.502189
w0=29736561 w4=b6f4bf5b rate=0.000000
w0=5f70e9a6 w4=90dcbf1c rate=0.000000
w0=c9757202 w4=55e57529 rate=0.000000
w0=614d3e9a w4=ccbae067 rate=0.502132
w0=171700b3 w4=e5e6f673 rate=0.502281
w0=e4ae309f w4=9e9e2c74 rate=0.000000
w0=2d63b7c0 w4=5eb5e0a5 rate=0.504111
w0=36c8b4e3 w4=4cbfb5c4 rate=0.500997
w0=974de9e6 w4=22a3e24e rate=0.502389
w0=293888bb w4=90cc6ede rate=0.501539
w0=e1cd15aa w4=eeb9827d rate=0.502367
w0=3f11bc24 w4=1b4ecabc rate=0.502396
w0=5f026bef w4=f5faea1c rate=0.501774
w0=083395ef w4=22936253 rate=0.000000
w0=f6232b06 w4=ea83597c rate=0.000000
w0=4d1d2c65 w4=73b6ab92 rate=0.000000
w0=fcaad8e9 w4=7766bb42 rate=0.503143
w0=fa1ba0fd w4=879506c3 rate=0.000000
w0=5e13b6b5 w4=fb409612 rate=0.502157
w0=31c74456 w4=c286151c rate=0.503025
w0=45023045 w4=7a53980a rate=0.502093
w0=acc006ab w4=42770d94 rate=0.000000
w0=7d5bcdff w4=a8f88527 rate=0.000000
w0=e3f41cca w4=263002ba rate=0.502416
w0=b3c29477 w4=b839680d rate=0.503008
w0=07cdfb6d w4=bebc934d rate=0.502481
w0=d72f9aa8 w4=60de5756 rate=0.503242
w0=3c5a53fc w4=1341fd1d rate=0.000000
w0=dce2c39c w4=2aff285d rate=0.000000
w0=c9652fe1 w4=52f5941a rate=0.000000
w0=fc4c8fe2 w4=25196288 rate=0.502522
w0=0dbcc56d w4=f4c5c52a rate=0.502201
w0=79d4bb95 w4=7e703700 rate=0.000000
w0=9987a4e8 w4=9be77cf7 rate=0.501953
w0=e30713ae w4=624ced53 rate=0.502419
w0=2c509f7d w4=b02cd4d1 rate=0.502015
w0=4eab3415 w4=f0e52398 rate=0.501959
w0=82ff9f6a w4=90f5713e rate=0.000000
w0=d702eaac w4=3ec3d19b rate=0.500847
w0=062d344c w4=ddbc622b rate=0.000000
w0=6255e484 w4=85fe3978 rate=0.000000
w0=69518e52 w4=03974034 rate=0.501411
w0=a33edad3 w4=68036cae rate=0.000000
w0=f34fded2 w4=4addca3f rate=0.000000
w0=98c471bd w4=8818ad94 rate=0.503163
w0=3ab4e409 w4=724ba163 rate=0.502480
w0=2b36dc8c w4=23aaab8c rate=0.000000
w0=6ae9dcf0 w4=7a64470e rate=0.000000
w0=19e20524 w4=a8cf5f3c rate=0.000000
w0=3d35bbe1 w4=0ea3eb14 rate=0.000000
w0=938eaab6 w4=212cf672 rate=0.000000
w0=0fe5a7be w4=ef012565 rate=0.502096
w0=7e324ebb w4=e6dbe2a7 rate=0.503006
w0=f12e5cd5 w4=5cb83266 rate=0.000000
w0=64022f17 w4=a3bf9bf2 rate=0.000000
w0=2b25fbf0 w4=1f25679e rate=0.000000
w0=97eafc61 w4=d6aef072 rate=0.502279
w0=8d82a80a w4=8f5c32e0 rate=0.502119
w0=f74d64eb w4=23faacc0 rate=0.000000
w0=75d24329 w4=7ee19ce1 rate=0.000000
w0=a2614ccf w4=a54dafe8 rate=0.000000
w0=c2e06729 w4=84b52db4 rate=0.502220
w0=66dfeaee w4=a51dd77d rate=0.501716
w0=0c8b4b6b w4=dd72878d rate=0.502936
w0=4538dfe7 w4=deb9607a rate=0.000000
w0=35b12e89 w4=f66e3f39 rate=0.502515
w0=6df52bbb w4=33bf0de3 rate=0.503194
w0=7afcf798 w4=290d3d44 rate=0.502545
w0=47aab271 w4=162631bd rate=0.000000
w0=d201cae7 w4=d7c7cebb rate=0.501744
w0=41aea752 w4=61bae571 rate=0.000000
w0=ec5b3f86 w4=00ee321d rate=0.000000
w0=82efa30d w4=c94f9fb1 rate=0.000000
w0=5fa49f22 w4=90fe7f9c rate=0.502785
w0=10462e97 w4=713ead9b rate=0.502393
w0=7a335e5f w4=b4d948c7 rate=0.503315
w0=0c938d5c w4=26727664 rate=0.501799
w0=cc0e49be w4=d670a0ef rate=0.502879
w0=21f6401a w4=7b708923 rate=0.000000
w0=b0643ff3 w4=ad762763 rate=0.000000
w0=a347858a w4=2fbfe0e8 rate=0.501581
w0=3257fa5c w4=2a2defa4 rate=0.501014
w0=37a1427d w4=ee3576d6 rate=0.000000
w0=d352763f w4=4cc80100 rate=0.000000
w0=228bbd3e w4=34c633d4 rate=0.502109
w0=88d0ae41 w4=ad688b48 rate=0.000000
w0=b4e77ed0 w4=71ef5197 rate=0.000000
w0=17603a64 w4=174383a9 rate=0.000000
w0=55d33398 w4=b75be520 rate=0.000000
w0=c25901a0 w4=16f3c871 rate=0.000000
w0=4143c77f w4=a70f6058 rate=0.503829
w0=d99b3d40 w4=235c34bf rate=0.502633
w0=9f7a0258 w4=718fbb3d rate=0.503407
w0=b93725e9 w4=aa71e257 rate=0.502287
w0=0fdc014e w4=318423fc rate=0.502595
w0=d69281df w4=f06e5c9e rate=0.503081
w0=35bb9368 w4=cb349440 rate=0.000000
w0=e59bd44a w4=f6598fa7 rate=0.502663
w0=9b3286a2 w4=3e2250c8 rate=0.000000
w0=226d22e2 w4=eb6a18ea rate=0.000000
w0=95113446 w4=99444406 rate=0.502361
w0=c8c4ce99 w4=d5f02278 rate=0.000000
w0=211f99d1 w4=3fa95fb0 rate=0.000000
w0=db515061 w4=cc9e80ba rate=0.502146
w0=ea611466 w4=dd0e7320 rate=0.502278
w0=0af0663e w4=eeeccff3 rate=0.000000
w0=76d82453 w4=eeb07560 rate=0.502013
w0=298d8938 w4=80dbbeb1 rate=0.501950
w0=0dd11716 w4=6b841a9f rate=0.501953
w0=aba636a0 w4=4b1174b2 rate=0.000000
w0=6a66ce95 w4=fbc7c56b rate=0.000000
w0=4f248e11 w4=f84f2a1f rate=0.503282
w0=3c9546f2 w4=1db1f5eb rate=0.000000
w0=e314e25e w4=002699ca rate=0.000000
w0=a1a2a529 w4=7d1fddda rate=0.000000
w0=e2bfa48f w4=6b8b817e rate=0.000000
w0=354af50f w4=07e9fcc2 rate=0.000000
w0=e8c9001b w4=7776c979 rate=0.000000
w0=eb87a8b0 w4=1da73834 rate=0.000000
w0=217686cf w4=0fca6e2c rate=0.000000
w0=e8af22ea w4=1e958168 rate=0.000000
w0=b5c03444 w4=9d3517df rate=0.503364
w0=081e0051 w4=11cba84b rate=0.502625
w0=7b2eb40d w4=d48da1d2 rate=0.000000
w0=5f7ccbda w4=c7c9d4f4 rate=0.000000
w0=005423af w4=931eebb7 rate=0.502738
w0=cdb555a3 w4=71d5c59f rate=0.502055
w0=f6155dd0 w4=f2bf4776 rate=0.000000
w0=60f19d0f w4=a2804eb3 rate=0.502127
w0=442f6808 w4=de1dd56a rate=0.000000
w0=9f220393 w4=352776fd rate=0.000000
w0=eabb0280 w4=25b3a178 rate=0.000000
w0=5d87f2c7 w4=96e068fd rate=0.502092
w0=60b8c3c9 w4=912dadda rate=0.000000
w0=527a01de w4=8879cb97 rate=0.000000
w0=bae1f0fe w4=07ff211b rate=0.000000
w0=66db0fae w4=ce592981 rate=0.000000
w0=82632f69 w4=f534daff rate=0.502131
w0=f30f8f18 w4=d56c3078 rate=0.500726
w0=22d456ed w4=5fb8eae9 rate=0.502396
w0=55f74990 w4=256d2514 rate=0.000000
w0=81e1553d w4=60bb591d rate=0.503658
w0=8b0a6ca2 w4=6ea6ac17 rate=0.000000
w0=82008b77 w4=4ef4b411 rate=0.501940
w0=1920b9b2 w4=51666561 rate=0.502625
w0=a9a98868 w4=4729f2d4 rate=0.000000
w0=ef2b7d45 w4=93f89e48 rate=0.503649
w0=0d9a0cec w4=3dc2dde5 rate=0.502104
w0=b88ea168 w4=76bed1cc rate=0.000000
w0=fbe8b0bf w4=72eb8c92 rate=0.000000
w0=802ab453 w4=ecd7a0db rate=0.501974
w0=f38ec014 w4=dd18050f rate=0.000000
w0=74a0a117 w4=eb8b6fea rate=0.000000
w0=a495d7e7 w4=a443ba1e rate=0.503716
w0=330bbf13 w4=082e2bbe rate=0.000000
w0=b42001b9 w4=8fe1ff0b rate=0.503360
w0=2d96d0b6 w4=8901c798 rate=0.000000
w0=24973988 w4=c3e7e504 rate=0.502674
w0=a956d86b w4=e427570f rate=0.503283
w0=7710c777 w4=95479ee2 rate=0.502430
w0=09179293 w4=c573a289 rate=0.502364
w0=7322d5a8 w4=9e4a39ea rate=0.502527
w0=c26321b1 w4=f3e4b097 rate=0.000000
w0=bbbb3a1c w4=069e240b rate=0.000000
w0=c60c4fb2 w4=f4f3a8d3 rate=0.501607
w0=2352941f w4=6cdb0918 rate=0.000000
w0=65426d93 w4=4547ee76 rate=0.000000
w0=0e195225 w4=47bace44 rate=0.000000
w0=6c5c2869 w4=b51eb67a rate=0.501701
w0=00c8f35f w4=bf8e842d rate=0.502777
w0=253b9815 w4=edbb8ec2 rate=0.000000
w0=16143e00 w4=0b8f54fd rate=0.000000
w0=bd09cc25 w4=10617074 rate=0.502384
w0=206b2237 w4=8b9bb82b rate=0.502882
w0=7fd6a463 w4=bd86a479 rate=0.501663
w0=f8af1a58 w4=6972a9c9 rate=0.502300
w0=7dc714a0 w4=3813fcb7 rate=0.502301
w0=9a04126a w4=02c76aea rate=0.501804
w0=acd92084 w4=cee3b94e rate=0.000000
w0=dcb12c0b w4=2c0c88f6 rate=0.000000
w0=19402ff2 w4=b661d5f7 rate=0.000000
w0=67a82706 w4=50491d89 rate=0.501623
w0=6f22726f w4=e71759df rate=0.000000
w0=ba7b43ad w4=bc91b2be rate=0.502201
w0=d9cf683f w4=c04f68f0 rate=0.000000
w0=f2cefd42 w4=36c7a3c3 rate=0.000000
w0=1c34a9a4 w4=5ae6f1e2 rate=0.501068
w0=46b0f423 w4=a2db5856 rate=0.502833
w0=196eebed w4=19ca980a rate=0.000000
w0=9faadbdf w4=0c5223bc rate=0.501618
w0=33719659 w4=19cfb0d8 rate=0.000000
w0=7117fd8f w4=ac373618 rate=0.000000
w0=ce43d1ca w4=5fccb38e rate=0.000000
w0=f6fe1e0f w4=4222448b rate=0.503727
w0=4cf0deec w4=0c26751a rate=0.502072
w0=fe05e1c6 w4=d863ea37 rate=0.502831
w0=b40d6194 w4=82b7c254 rate=0.000000
w0=fed3e4e7 w4=19990108 rate=0.502471
w0=90070089 w4=5aa0a93b rate=0.000000
w0=2c4eaab9 w4=71bc242e rate=0.501413
w0=32d561d8 w4=067c5087 rate=0.000000
w0=c42d7eca w4=3f60d71a rate=0.502734
w0=9f30ed50 w4=fd80c5a1 rate=0.000000
w0=46345b1a w4=538f63c3 rate=0.000000
w0=831aeecf w4=85379d8b rate=0.000000
w0=29fae929 w4=a2b6330c rate=0.502552
w0=11d9c7e5 w4=a17f6357 rate=0.000000
w0=6c389e18 w4=2b280aa9 rate=0.000000
w0=0ed4ce6c w4=29cd4619 rate=0.000000
w0=b06a00bb w4=501ffc72 rate=0.501609
w0=6a272e8a w4=9d1bf609 rate=0.000000
w0=faeae90a w4=35626bdf rate=0.000000
w0=2a228bfb w4=6a22bdb7 rate=0.000000
w0=ddd14551 w4=8b37052f rate=0.501868
w0=d011a889 w4=21e7383f rate=0.502534
w0=cc6ae6e3 w4=fc5fd793 rate=0.000000
w0=5a1646dd w4=c77c2d7b rate=0.502679
w0=27222a4a w4=97ba49c2 rate=0.000000
w0=c14aa2ef w4=6980efc4 rate=0.503238
w0=340967c3 w4=140657e6 rate=0.000000
w0=fe01adc7 w4=35851ad0 rate=0.000000
w0=54277078 w4=3a299e93 rate=0.000000
w0=7bd70336 w4=0d5afde7 rate=0.000000
w0=1845ffb6 w4=b1bbfb5c rate=0.502101
w0=f64cbb74 w4=58f03814 rate=0.000000
w0=7cf83590 w4=edb02a09 rate=0.501940
w0=07ba8309 w4=47914b96 rate=0.000000
w0=450e5d4b w4=5b82e6ca rate=0.000000
w0=16dafacc w4=b419ac79 rate=0.503547
w0=18207bd6 w4=0cde0d31 rate=0.502519
w0=018c7636 w4=f496a562 rate=0.000000
w0=db5a6a9d w4=d2bd06ce rate=0.501838
w0=c9d2addf w4=fed1bbec rate=0.000000
w0=3e40ccd3 w4=7814d27d rate=0.501935
w0=d5af3174 w4=f9a1567d rate=0.000000
w0=213ddeb6 w4=83cd3f59 rate=0.502871
w0=47a6cf83 w4=e3db31d1 rate=0.501592
w0=8edb7d0a w4=a8a15fa1 rate=0.502762
w0=350f3fcf w4=6c813bcc rate=0.000000
w0=e9f0b0c9 w4=f78095b7 rate=0.501955
w0=d21efe52 w4=df485851 rate=0.502613
w0=a8007cc8 w4=657ff737 rate=0.501411
w0=852a20ac w4=b586f3ce rate=0.000000
w0=cc07ea7e w4=f4b14290 rate=0.000000
w0=44ad3888 w4=52c95e65 rate=0.502917
w0=39d3e3c2 w4=217c9cbd rate=0.000000
w0=0217e3ea w4=633b1afb rate=0.000000
w0=b8c52cf9 w4=e4a3ceb3 rate=0.503881
w0=485ba502 w4=632f2daa rate=0.502403
w0=5dad79dd w4=78cf63fd rate=0.501448
w0=b58775d7 w4=e48f6803 rate=0.000000
w0=62c0b71b w4=609e7ce8 rate=0.502243
w0=e3cabff6 w4=6764ff9e rate=0.000000
w0=d3768ccd w4=39ced6b0 rate=0.000000
w0=de7f2a6a w4=2eeb3f5a rate=0.000000
w0=b1cad66a w4=cb7d9ca1 rate=0.000000
w0=f0f85d3c w4=8269add4 rate=0.000000
w0=9f1b7a0f w4=43ce6479 rate=0.502590
w0=8e896cee w4=b9177f98 rate=0.000000
w0=c8a6f1c0 w4=d61c4e14 rate=0.000000
w0=d19ed1e0 w4=d3aa984d rate=0.000000
w0=754d33c7 w4=219b13d5 rate=0.500911
w0=f6ff75e5 w4=524f1f4a rate=0.000000
w0=f8a3c511 w4=cda959e0 rate=0.000000
w0=9ab33757 w4=c051c310 rate=0.502387
w0=de503ca5 w4=d81ccd55 rate=0.502151
w0=99931a9b w4=f9ffc5aa rate=0.503135
w0=c6d3b440 w4=af645cc5 rate=0.000000
w0=7d8abccd w4=0f3b8d7f rate=0.000000
w0=040f445a w4=c43ac91a rate=0.000000
w0=8300fcb1 w4=f89a0a05 rate=0.000000
w0=6e56a442 w4=250e43f2 rate=0.502736
w0=7220e9e9 w4=6fae20fb rate=0.000000
w0=e67d5dbe w4=84dc8a97 rate=0.000000
w0=ec7e4ff0 w4=034ba3de rate=0.000000
w0=82d9bc99 w4=6bfe07c4 rate=0.000000
w0=6f55fd1f w4=78d306d7 rate=0.000000
w0=cc5a5d18 w4=b0d926ad rate=0.000000
w0=22b85095 w4=a8068230 rate=0.000000
w0=b9f939ca w4=e17578a8 rate=0.000000
w0=5e2f9367 w4=96f79c9d rate=0.502245
w0=23e9236a w4=ff27fa84 rate=0.501823
w0=0dec49f1 w4=a86f9f18 rate=0.000000
w0=3228a046 w4=327d3596 rate=0.502898
w0=19a142a5 w4=31ffb11c rate=0.501210
w0=4ed8ff9d w4=36e83c42 rate=0.000000
w0=672f5250 w4=a36b6468 rate=0.503090
w0=fdb9dd17 w4=ddf8ff44 rate=0.501370
w0=ab0e29e7 w4=364f00d6 rate=0.502132
w0=aef98e66 w4=621d1f05 rate=0.502172
w0=ff93bdbf w4=f43f8b6d rate=0.000000
w0=bad0f14e w4=bc692386 rate=0.000000
w0=7ca6a167 w4=560cd79a rate=0.000000
w0=ebafaa10 w4=1067e3c7 rate=0.500832
w0=45d7e4ca w4=01c144c1 rate=0.000000
w0=aa322396 w4=6a4cab4a rate=0.502185
w0=6b66ccb2 w4=8545b9eb rate=0.000000
w0=852eb02c w4=23bf8503 rate=0.000000
w0=8fcf60aa w4=e614e4e3 rate=0.502129
w0=8e937763 w4=e8e33d47 rate=0.501793
w0=3df31829 w4=fa3ec8dd rate=0.502975
w0=fc185c0e w4=50e2cb76 rate=0.501529
w0=7ace52d7 w4=b1a84c83 rate=0.503316
w0=fadc3a1e w4=101c132c rate=0.502569
w0=8fa9e769 w4=c89d2487 rate=0.000000
w0=51cd4e76 w4=ffa5aa2b rate=0.503161
w0=debc22ab w4=65a8694f rate=0.000000
w0=95a401f0 w4=ef6bc47a rate=0.502773
w0=65328c7c w4=4e29d64a rate=0.000000
w0=6244271b w4=cf1b51c9 rate=0.501955
w0=70e49942 w4=9b329054 rate=0.502048
w0=a7f55bab w4=48af68f1 rate=0.503681
w0=42d6eae1 w4=436aaed2 rate=0.000000
w0=eff4327f w4=f6d858a8 rate=0.000000
w0=b710079b w4=a4c22be4 rate=0.502246
w0=d093cf5e w4=e6077550 rate=0.000000
w0=682e96f8 w4=7f193a27 rate=0.000000
w0=055b6a6b w4=671ba04b rate=0.502475
w0=e6f40902 w4=9f7e62c7 rate=0.000000
w0=6e57c66d w4=7aed2700 rate=0.000000
w0=d991b98b w4=0f7ef1ab rate=0.502696
w0=0c51bffe w4=fb28cfc9 rate=0.502782
w0=a6f09936 w4=739271b6 rate=0.503032
w0=5d60f39c w4=d276491b rate=0.000000
w0=05b58e99 w4=667e2352 rate=0.502795
w0=ddc16f36 w4=54606c18 rate=0.000000
w0=fbf1b067 w4=711226ba rate=0.501919
w0=ac28a57c w4=c09e9392 rate=0.000000
w0=4c489eeb w4=2701be28 rate=0.503160
w0=c5af21ea w4=543c794b rate=0.000000
w0=60fb5f35 w4=a5375f19 rate=0.502541
w0=fd2f268e w4=c14c6182 rate=0.502172
w0=dd24a73d w4=fea5d722 rate=0.000000
w0=c9276014 w4=98c16f93 rate=0.502335
w0=471ba9b2 w4=962676fa rate=0.000000
w0=dff24e76 w4=11fb5953 rate=0.000000
w0=60eb9350 w4=ae7127da rate=0.000000
w0=b9331341 w4=1b702952 rate=0.502648
w0=e128dff8 w4=1f4f0c5e rate=0.502957
w0=f3556430 w4=92822cac rate=0.501196
w0=f1e31c65 w4=f47d0c99 rate=0.000000
w0=234283f8 w4=09cbb286 rate=0.000000
w0=94c97498 w4=538d170d rate=0.502152
w0=e093bf42 w4=9b25254f rate=0.000000
w0=b5009d64 w4=aeecf6df rate=0.502901
w0=8bb87944 w4=2309b1d8 rate=0.000000
w0=b28c05e9 w4=0f7f0a28 rate=0.502124
w0=86550ecd w4=19effd92 rate=0.000000
w0=f7425cd0 w4=0df73354 rate=0.000000
w0=570c514d w4=1fc73fd0 rate=0.502522
w0=5287bbf4 w4=2c24a937 rate=0.000000
w0=928bf577 w4=5f16185a rate=0.000000
w0=f71c1843 w4=d523f2c2 rate=0.000000
w0=29e28f63 w4=059ad4bf rate=0.503489
w0=b151dec5 w4=37c9a8a6 rate=0.000000
w0=bef7c159 w4=83ae60d2 rate=0.502503
w0=57a992c4 w4=0b75527a rate=0.502970
w0=7feb0f4c w4=fd573e83 rate=0.000000
w0=7f2511d6 w4=43b177ed rate=0.000000
w0=57372f24 w4=4076d280 rate=0.502604
w0=93666574 w4=d02b2527 rate=0.501925
w0=f2933925 w4=c8b6575d rate=0.000000
w0=083c7f16 w4=c78dc5d5 rate=0.000000
w0=02d03c18 w4=5e80d4e4 rate=0.501436
w0=b86c8755 w4=7d755a60 rate=0.000000
w0=e1351f3d w4=42813952 rate=0.000000
w0=20f17200 w4=96e6dc0b rate=0.000000
w0=15e2cc32 w4=437e5b5b rate=0.000000
w0=c4ef48c7 w4=a644cc2a rate=0.000000
w0=1af308e4 w4=8fd8566e rate=0.000000
w0=9f198f25 w4=a50712cf rate=0.000000
w0=afa9f889 w4=1d090bb9 rate=0.000000
w0=7a85f2b3 w4=96cdfa5a rate=0.501598
w0=444df68b w4=4ed48d37 rate=0.000000
w0=140024df w4=85dcc07a rate=0.503506
w0=4253f36e w4=8e35fe5b rate=0.503191
w0=43c435d8 w4=0a6de0a0 rate=0.000000
w0=6151fd28 w4=68657fe9 rate=0.000000
w0=d1146f49 w4=9b3cd452 rate=0.000000
w0=8262b2a2 w4=7ffbcaf5 rate=0.000000
w0=69882638 w4=753e452f rate=0.000000
w0=1a3be90d w4=4af14cdf rate=0.502646
w0=a3da717e w4=3f3188e1 rate=0.503280
w0=c89701fb w4=9aed4d48 rate=0.502254
w0=9000ec71 w4=1f0c75ed rate=0.000000
w0=ea2a9ccc w4=70a7c665 rate=0.000000
w0=b5f27366 w4=8cfa60ad rate=0.000000
w0=210930b6 w4=515daf28 rate=0.502419
w0=e2ab806a w4=17d3ae36 rate=0.502721
w0=7c66526a w4=840d1e16 rate=0.503412
w0=2146c2b5 w4=018be8ff rate=0.503065
w0=6fbee115 w4=84e16c85 rate=0.501819
w0=83f4463e w4=a8a0672c rate=0.502016
w0=59675f4d w4=3ff4f677 rate=0.000000
w0=b5399999 w4=b23cb642 rate=0.000000
w0=54cdb47f w4=85d8f7b1 rate=0.000000
w0=226d7003 w4=c1e8ad87 rate=0.000000
w0=911d72d4 w4=5c7c1c90 rate=0.502867
w0=5c2a425b w4=b8c707f4 rate=0.502828
w0=7710f9f9 w4=6ecef167 rate=0.502678
w0=cbeb437e w4=a25f9841 rate=0.000000
w0=d1b8b6f1 w4=a5605b1f rate=0.502275
w0=0b41ebe2 w4=3d1f3d39 rate=0.502976
w0=fae9b6a1 w4=73b56bfd rate=0.502273
w0=ebfcb27f w4=e883e2cd rate=0.502701
w0=d939ec9d w4=57ff1482 rate=0.502399
w0=99905992 w4=c46f6168 rate=0.502296
w0=e88d2190 w4=65213ab7 rate=0.000000
w0=b28ce918 w4=3b5171ba rate=0.502019
w0=ab6a09d6 w4=d8a770e7 rate=0.502223
w0=e1442cc2 w4=287cfb67 rate=0.000000
w0=fbf55e09 w4=44b5403a rate=0.503188
w0=d40b1821 w4=30f3a392 rate=0.502737
w0=9fead22f w4=00d7fa58 rate=0.000000
w0=806fa143 w4=958e9989 rate=0.501590
w0=11005c1d w4=58e60817 rate=0.502433
w0=079a3545 w4=f270492b rate=0.503545
w0=bedffc61 w4=a9b6d0df rate=0.502198
w0=514349fd w4=6baecdf5 rate=0.502944
w0=e5f37c72 w4=c9aea5c7 rate=0.501994
w0=18a1c466 w4=a55fbb52 rate=0.502789
w0=0f1d94cb w4=6ea6edb6 rate=0.000000
w0=78590018 w4=c82dd5da rate=0.501469
w0=d4814d30 w4=4c040ceb rate=0.000000
w0=1146eeef w4=c8294332 rate=0.502695
w0=c873192f w4=efd269c4 rate=0.000000
w0=24fc6ebf w4=dd034060 rate=0.501965
w0=5d99ac90 w4=306bf9d7 rate=0.500525
w0=42e7d2c0 w4=a97ff05d rate=0.000000
w0=e8b119b4 w4=80c7aba9 rate=0.502727
w0=fbf866a0 w4=8c5a051a rate=0.000000
w0=8425b24c w4=e5055420 rate=0.000000
w0=051e2109 w4=5e287e21 rate=0.000000
w0=bb5dbd79 w4=a115daf4 rate=0.501863
w0=8c6fde49 w4=8e10f920 rate=0.503348
w0=0dab3f22 w4=976d6136 rate=0.502499
w0=7ad31936 w4=57498e3a rate=0.000000
w0=e04c158b w4=65b6c698 rate=0.502660
w0=ff9c5138 w4=2876d85b rate=0.501027
w0=af3326e3 w4=4d18f1f6 rate=0.000000
w0=721e4576 w4=8685b74c rate=0.000000
w0=63b0ba47 w4=6cc0a0fb rate=0.502591
w0=919aab39 w4=1bfa13a2 rate=0.502261
w0=b095c4b0 w4=0711a0ce rate=0.000000
w0=beb9351a w4=517f561e rate=0.502645
w0=5080e8ee w4=2a1b29fa rate=0.000000
w0=27aaf98c w4=bfc2f59f rate=0.502056
w0=16a86b68 w4=0c6811d0 rate=0.501647
w0=5e158bb2 w4=703484b2 rate=0.000000
w0=cca67a73 w4=5fb64af8 rate=0.000000
w0=a78b8e33 w4=1e159a17 rate=0.000000
w0=bd2de76e w4=9ec2d36b rate=0.502907
w0=88b664c9 w4=5e4ae00d rate=0.503181
w0=9d9d36d9 w4=210725de rate=0.000000
w0=158fbe96 w4=70f5bc73 rate=0.502502
w0=90917b09 w4=60c4bfc0 rate=0.501622
w0=8f916657 w4=2a92a801 rate=0.000000
w0=7a5f83c6 w4=8b0ecf5b rate=0.502421
w0=3e0ce0c5 w4=ca7fee88 rate=0.502226
w0=03d910dc w4=4bc82249 rate=0.000000
w0=0c6fa22e w4=b979e2cc rate=0.000000
w0=f72b35f8 w4=b3a549a0 rate=0.000000
w0=19979ded w4=6a3314e6 rate=0.000000
w0=ae5413da w4=1576910e rate=0.000000
w0=4a96bb0a w4=cd0bc6de rate=0.000000
w0=9d9dbab3 w4=33001313 rate=0.000000
w0=3a13a88a w4=49506546 rate=0.502245
w0=a1c828b2 w4=a4b643b5 rate=0.502299
w0=adf9e577 w4=59937ac4 rate=0.503318
w0=70252ac8 w4=a1d311b3 rate=0.503572
w0=21b3ac1f w4=8779859b rate=0.502118
w0=bbabec15 w4=8a461d7e rate=0.501488
w0=906d48c8 w4=0351f34a rate=0.000000
w0=b4c53d74 w4=bbe4b131 rate=0.000000
w0=fc10b868 w4=6b25ee0d rate=0.000000
w0=04c614ed w4=4deba509 rate=0.000000
w0=20d47399 w4=44f152c0 rate=0.000000
w0=035dea14 w4=672e0143 rate=0.502901
w0=4a56cf15 w4=030eb8de rate=0.501871
w0=a82638c0 w4=0877832d rate=0.502255
w0=55e77299 w4=05dcc7dc rate=0.000000
w0=69228c7a w4=c62847d1 rate=0.000000
w0=0ed4dd93 w4=55793942 rate=0.000000
w0=c8b82f1c w4=37d67e0f rate=0.502987
w0=26450d1e w4=a30cd94b rate=0.502119
w0=9f6a2459 w4=c50c20a3 rate=0.502946
w0=879936a5 w4=16931955 rate=0.000000
w0=1a6c12f6 w4=ba3347fd rate=0.503274
w0=8f5ff4d7 w4=db4a4008 rate=0.000000
w0=e5f98da7 w4=3425596c rate=0.502592
w0=60c06817 w4=ed4a7d7d rate=0.000000
w0=7255038f w4=75afe77a rate=0.502435
w0=ab069f83 w4=56ef8624 rate=0.503698
w0=382708ef w4=27c3b847 rate=0.502107
w0=f91a43ab w4=3a8a9081 rate=0.000000
w0=273041de w4=328e2adf rate=0.000000
w0=08fd825a w4=6f69f8d6 rate=0.000000
w0=db29a8a7 w4=23f819db rate=0.501712
w0=77b0aa22 w4=6906b302 rate=0.000000
w0=8f15bcc7 w4=89440a8f rate=0.503207
w0=ca31ee2b w4=9dec430c rate=0.503001
w0=eb5f589e w4=2815c3c7 rate=0.501943
w0=d1f1a257 w4=0ceebd67 rate=0.000000
w0=62167f4e w4=e9eaa394 rate=0.502819
w0=df63674a w4=7d8ed2b6 rate=0.502286
w0=1cdfe66f w4=30db554b rate=0.000000
w0=7ad619ac w4=b49a68c0 rate=0.503466
w0=7adfc1d4 w4=b443b0ab rate=0.000000
w0=12c94130 w4=373e12f2 rate=0.500792
w0=999d4918 w4=3c38e397 rate=0.000000
w0=92c6664e w4=6359d152 rate=0.000000
w0=228fa9d1 w4=adba50af rate=0.000000
w0=a7b43555 w4=c2430280 rate=0.502390
w0=83aef157 w4=eb9a58a0 rate=0.000000
w0=daeb6802 w4=7f55c76e rate=0.000000
w0=9589d756 w4=c993d972 rate=0.000000
w0=b34a6616 w4=dbcd3cc2 rate=0.000000
w0=50ae49fd w4=0e366d97 rate=0.000000
w0=1d5f73fa w4=a7706e12 rate=0.000000
w0=1fca6fa5 w4=75fe5a46 rate=0.000000
w0=f82a20f0 w4=3c06e727 rate=0.000000
w0=b1269e06 w4=5697ac5e rate=0.000000
w0=43767793 w4=1f7684d6 rate=0.000000
w0=6d6e63cb w4=422a3428 rate=0.502109
w0=99175798 w4=791f1f21 rate=0.000000
w0=5fccfe07 w4=54a2a152 rate=0.502075
w0=7955b3d6 w4=5e244844 rate=0.502116
w0=0906704a w4=00f0ae22 rate=0.502543
w0=b6991e31 w4=559ed55e rate=0.000000
w0=393b4804 w4=29a6ccd7 rate=0.000000
w0=1b3093d1 w4=ade178a0 rate=0.503066
w0=1d828f25 w4=2dd3812a rate=0.502048
w0=15e45869 w4=260b7d46 rate=0.502913
w0=2f5353cd w4=2c9c795f rate=0.502094
w0=0a1fbadc w4=32247f33 rate=0.000000
w0=8ba3fe94 w4=ef2d5fcc rate=0.000000
w0=a9998a69 w4=7627b52b rate=0.000000
w0=b22258a7 w4=6dd4730b rate=0.502451
w0=4a85bd4a w4=1d1dfc0c rate=0.000000
w0=51169299 w4=06238b85 rate=0.000000
w0=7c373f82 w4=6333e44d rate=0.000000
w0=bc61726b w4=74248007 rate=0.503333
w0=02d30926 w4=4fabdb94 rate=0.502791
w0=ddca1684 w4=626f9a49 rate=0.000000
w0=0769a118 w4=30f8051e rate=0.000000
w0=c0375573 w4=1ccf9195 rate=0.501957
w0=e3888ad2 w4=1dbf79a5 rate=0.000000
w0=c8bdcfa9 w4=a2cc40d9 rate=0.503588
w0=0a7e1c4b w4=a9ac8038 rate=0.503653
w0=0f6036df w4=42e9fa31 rate=0.000000
w0=8d894ec7 w4=86b9a471 rate=0.000000
w0=ac202724 w4=4c6ae93f rate=0.502888
w0=97e28a09 w4=e7e6ba2a rate=0.000000
w0=857ca40c w4=0b3e3b4b rate=0.501245
w0=4b49bcb7 w4=0af085b2 rate=0.000000
w0=854adcb6 w4=f9ba3d21 rate=0.502035
w0=6d919f8b w4=cd77c135 rate=0.502486
w0=ad33ad5a w4=6cd1ea25 rate=0.501698
w0=9600289a w4=f965aa86 rate=0.501857
w0=f9ad9288 w4=22ec5b84 rate=0.502561
w0=8e696130 w4=42f46102 rate=0.000000
w0=733c4c0a w4=e24f20c7 rate=0.502145
w0=2c699296 w4=46c47443 rate=0.000000
w0=1a0bf60d w4=443f4e12 rate=0.000000
w0=7a571093 w4=d70d57b4 rate=0.503273
w0=a5173348 w4=8fe2492e rate=0.501061
w0=02924422 w4=fd81c742 rate=0.000000
w0=7515efbe w4=87c5bce1 rate=0.503508
w0=e19a4904 w4=0cd8f5fb rate=0.502771
w0=ae9828e7 w4=783b523d rate=0.000000
w0=f2ca15e7 w4=b0a1cc8a rate=0.502297
w0=07e5d97b w4=f9617e04 rate=0.000000
w0=9495056b w4=813be505 rate=0.000000
w0=5a3ddf18 w4=6465b25b rate=0.502040
w0=fc5a4d50 w4=89e927a0 rate=0.000000
w0=3bd3a156 w4=2293ca91 rate=0.502834
w0=5b8197c7 w4=7b8ac57d rate=0.000000
w0=19410c60 w4=f7fcd90c rate=0.000000
w0=2060f898 w4=b0a814e9 rate=0.502410
w0=55f731ff w4=e95fcb95 rate=0.000000
w0=f7c15dfb w4=59a29e54 rate=0.502284
w0=d54bce50 w4=b6e6642c rate=0.000000
w0=c9ddab22 w4=0ed1a379 rate=0.000000
w0=d021262a w4=1ae71025 rate=0.502887
w0=21284448 w4=9975508d rate=0.503184
w0=35cb43ad w4=7a5134f0 rate=0.000000
w0=4f3fc6c4 w4=dfedeeec rate=0.504039
w0=921ccbad w4=fc92a6f5 rate=0.000000
w0=dfd67a1b w4=7f4e5e4a rate=0.000000
w0=ee7e8610 w4=894aec43 rate=0.000000
w0=5eaefd91 w4=ecab119e rate=0.000000
w0=e227ff8e w4=977abcd4 rate=0.502315
w0=7101d5c7 w4=e33b7249 rate=0.000000
w0=a9eda46e w4=3a226276 rate=0.503428
w0=3cdd2991 w4=736d394b rate=0.000000
w0=10adac26 w4=631a9db7 rate=0.000000
w0=1fd129b4 w4=65971ef2 rate=0.502892
w0=ea702591 w4=4ab7f46f rate=0.501987
w0=8af4393f w4=d94697ae rate=0.000000
w0=b738e734 w4=215d492a rate=0.502504
w0=796a8976 w4=cde138b5 rate=0.000000
w0=31b89c4f w4=f0315448 rate=0.000000
w0=71f075dd w4=e5917940 rate=0.502304
w0=40cc02c7 w4=7af4244d rate=0.000000
w0=67a8f51c w4=252e4736 rate=0.000000
w0=12279891 w4=6ac4df94 rate=0.501958
w0=663602c1 w4=f992fb2f rate=0.000000
w0=b7855520 w4=f9aadd00 rate=0.000000
w0=5c768bab w4=3375814a rate=0.000000
w0=d59fc8a9 w4=b6b01b29 rate=0.000000
w0=556b82e5 w4=fa1b94e3 rate=0.502589
w0=fe24c86d w4=e7256fdb rate=0.000000
w0=8e5f524b w4=6000c7bc rate=0.502757
w0=b083245b w4=8d200e8d rate=0.000000
w0=473fb2ce w4=d5398d4c rate=0.000000
w0=e950f89b w4=3a5d444e rate=0.000000
w0=d0700ed2 w4=b0b3856b rate=0.502477
w0=c4fbf2be w4=eb9538cd rate=0.502393
w0=6cd5e442 w4=f17006c1 rate=0.000000
w0=94242196 w4=f8441205 rate=0.502789
w0=a2dbcbbe w4=3864b355 rate=0.000000
w0=643ede3b w4=c54d4ea3 rate=0.500809
w0=bf834b68 w4=36f1af7f rate=0.502911
w0=c8d146e7 w4=33815499 rate=0.503669
w0=e8584c3c w4=ad2bca5a rate=0.502810
w0=ec23718d w4=c4ee827f rate=0.502475
w0=44c58ec9 w4=2aee45eb rate=0.000000
w0=96d9561b w4=96966c1e rate=0.502810
w0=fca046d3 w4=b4be1cd3 rate=0.000000
w0=9cc280ac w4=a88314e5 rate=0.501443
w0=832ed577 w4=3dc0679e rate=0.502384
w0=07682aaa w4=dfa7bb6d rate=0.502533
w0=3a278e4b w4=e8f442dc rate=0.502710
w0=0380d1f7 w4=8cd6f0c3 rate=0.501434
w0=73ceeeff w4=c32ddae4 rate=0.501926
w0=b2961eea w4=a34773c9 rate=0.502339
w0=e02f74de w4=5a69268e rate=0.502804
w0=999dcd52 w4=f1490b2a rate=0.502437
w0=4f05507f w4=a5f44409 rate=0.502533
w0=ac17e735 w4=efc3363e rate=0.502444
w0=0ab929cb w4=3d6ae263 rate=0.501655
w0=8ac5cf06 w4=40ab9a2b rate=0.502072
w0=3f8dc60d w4=fbbdc520 rate=0.000000
w0=1e5eca78 w4=c053471c rate=0.000000
w0=85710022 w4=b83a00f6 rate=0.502991
w0=0493514c w4=67819eaa rate=0.000000
w0=ef37fbcc w4=160e259a rate=0.000000
w0=20fadea7 w4=3bae6848 rate=0.501786
w0=491bc542 w4=6fcd22b2 rate=0.503345
w0=97eb6b90 w4=fb8bd00e rate=0.501701
w0=1d9ec974 w4=7acaae11 rate=0.501529
w0=5cb39cf0 w4=9ecbb5e5 rate=0.500530
w0=75358431 w4=0ab923f4 rate=0.000000
w0=042d297b w4=c07db6b9 rate=0.502122
w0=e152154a w4=152cfe54 rate=0.501616
w0=bb934a2f w4=9f63671d rate=0.502068
w0=add19b5c w4=f2c8ae4b rate=0.000000
w0=265b3680 w4=f23d9b97 rate=0.502528
w0=94b850a3 w4=c76dfb81 rate=0.501245
w0=f5834c15 w4=ebc8db24 rate=0.503198
w0=7f196f48 w4=c8a3a00e rate=0.000000
w0=92283cb1 w4=264e262e rate=0.501806
w0=011ee7e2 w4=bed5a2e6 rate=0.502296
w0=24d0dd10 w4=0a518a66 rate=0.000000
w0=ab1d5f44 w4=653da378 rate=0.000000
w0=50b7d21e w4=b65762ab rate=0.502398
w0=fa5aeb46 w4=4403d103 rate=0.502756
w0=4e0e98cc w4=7425504a rate=0.000000
w0=068b31f2 w4=04c8bbc9 rate=0.502097
w0=fcd3e3e8 w4=e192ab8c rate=0.502310
w0=c96bbb31 w4=863f48e2 rate=0.501943
w0=76d5a696 w4=0004c088 rate=0.502265
w0=f8660b13 w4=296c40b9 rate=0.000000
w0=982274c0 w4=e7f2eee8 rate=0.500505
w0=aa8a2be5 w4=bf98aa36 rate=0.000000
w0=b5d451a7 w4=04d92a5b rate=0.000000
w0=b6795120 w4=4694c545 rate=0.502491
w0=d220c05c w4=d7c1d04a rate=0.502509
w0=3c5afb63 w4=d93d890b rate=0.502350
w0=7470da38 w4=e34372ad rate=0.000000
w0=5e6cf783 w4=b9eae67b rate=0.000000
w0=fbe8018e w4=2891e1dd rate=0.503363
w0=4bdf1f3e w4=2681d47e rate=0.502372
w0=c1a79772 w4=93fc794f rate=0.503091
w0=918f210d w4=e3a05ad3 rate=0.000000
w0=366352d4 w4=10624050 rate=0.000000
scan K=2048 seeds/cell=2^20: mean=0.253166 min=0.000000 max=0.504723 at w0=2fca97fc w4=252d2f02 (bits at max=3.9864)

real	1m9.162s
user	1m6.752s
sys	0m0.302s
