# variant=11 W=2 log2keys=28 seed=4395 mode=F0 N=268435456
# d0 d1 name coll low32 low16 meanpop z hist0..8
0000000000000000 8000000000000000 bit127 0 0 6354 31.76607 -958.16 0 0 0 0 0 0 0 0 0
0000000000000000 4000000000000000 bit126 0 0 6150 31.82839 -702.93 0 0 0 0 0 0 0 0 0
0000000000000000 0000000000800000 bit87 0 0 5016 31.82947 -698.49 0 0 0 0 0 0 0 0 0
0000000000000000 0000000001000000 bit88 0 0 5234 31.83978 -656.25 0 0 0 0 0 0 0 0 0
0000000000000000 0000000002000000 bit89 0 0 5180 31.84992 -614.71 0 0 0 0 0 0 0 0 0
0000000000000000 0000400000000000 bit110 0 0 4062 31.86288 -561.65 0 0 0 0 0 0 0 0 0
0000000000000000 0000000000400000 bit86 0 0 4566 31.85355 -599.88 0 0 0 0 0 0 0 0 0
0000000000000000 0000000004000000 bit90 0 0 5069 31.85384 -598.67 0 0 0 0 0 0 0 0 0
0000000000000000 2000000000000000 bit125 0 0 5571 31.86576 -549.84 0 0 0 0 0 0 0 0 0
0000000000000000 0000200000000000 bit109 0 0 3997 31.87243 -522.53 0 0 0 0 0 0 0 0 0
0000000000000000 8000000000008000 bits79_127 0 0 3862 32.10195 417.57 0 0 0 0 0 0 0 0 0
0000000000000000 0000100000000000 bit108 0 0 4123 31.89238 -440.79 0 0 0 0 0 0 0 0 0
0000000000000000 0000080400000000 bits98_107 0 0 4057 31.99976 -0.97 0 0 0 0 0 0 0 0 0
0000000000000000 0400000000000000 bit122 0 0 5283 31.91447 -350.32 0 0 0 0 0 0 0 0 1
0000000008000000 0000000004000000 bits27_90 0 0 4152 31.99998 -0.07 0 0 0 0 0 0 0 0 0
0000020080000000 0000000000000000 bits31_41 0 1 4095 32.00015 0.60 0 0 0 0 0 0 0 0 0
0100000200000000 0000000000000000 bits33_56 0 0 4052 31.99991 -0.39 0 0 0 0 0 0 0 0 0
0000000000000001 0000000000000000 bit0 0 0 4019 31.99989 -0.45 0 0 0 0 0 0 0 0 1
8000000000000000 0000000000000000 bit63 0 0 4127 32.00006 0.24 0 0 0 0 0 0 0 0 0
ffffffffffffffff 0000000000000000 complement0 0 0 4157 32.00004 0.16 0 0 0 0 0 0 0 0 0
