# variant=11 W=2 log2keys=28 seed=4395 mode=R N=268435456
# d0 d1 name coll low32 low16 meanpop z hist0..8
0000000000000000 8000000000000000 bit127 0 0 6112 31.78971 -861.36 0 0 0 0 0 0 0 0 0
0000000000000000 4000000000000000 bit126 0 0 5785 31.84756 -624.41 0 0 0 0 0 0 0 0 0
0000000000000000 0000000000800000 bit87 0 0 4880 31.84973 -615.50 0 0 0 0 0 0 0 0 0
0000000000000000 0000000001000000 bit88 0 0 5129 31.85744 -583.94 0 0 0 0 0 0 0 0 0
0000000000000000 0000000002000000 bit89 0 0 5262 31.86445 -555.23 0 0 0 0 0 0 0 0 0
0000000000000000 0000400000000000 bit110 0 0 4038 31.86581 -549.63 0 0 0 0 0 0 0 0 0
0000000000000000 0000000000400000 bit86 0 0 4488 31.87095 -528.58 0 0 0 0 0 0 0 0 0
0000000000000000 0000000004000000 bit90 0 0 5214 31.86849 -538.67 0 0 0 0 0 0 0 0 1
0000000000000000 2000000000000000 bit125 0 0 5427 31.88011 -491.06 0 0 0 0 0 0 0 0 0
0000000000000000 0000200000000000 bit109 0 0 4053 31.88288 -479.74 0 0 0 0 0 0 0 0 0
0000000000000000 8000000000008000 bits79_127 0 0 3882 32.09686 396.76 0 0 0 0 0 0 0 0 0
0000000000000000 0000100000000000 bit108 0 0 4057 31.90417 -392.54 0 0 0 0 0 0 0 0 0
0000000000000000 0000080400000000 bits98_107 0 0 4177 32.00004 0.17 0 0 0 0 0 0 0 0 0
0000000000000000 0400000000000000 bit122 0 0 5062 31.92365 -312.74 0 0 0 0 0 0 0 0 0
0000000008000000 0000000004000000 bits27_90 0 0 4093 32.00015 0.61 0 0 0 0 0 0 0 0 0
0000020080000000 0000000000000000 bits31_41 0 0 4145 32.00019 0.79 0 0 0 0 0 0 0 0 0
0100000200000000 0000000000000000 bits33_56 0 0 4115 31.99995 -0.22 0 0 0 0 0 0 0 0 0
0000000000000001 0000000000000000 bit0 0 0 4102 31.99976 -0.98 0 0 0 0 0 0 0 0 0
8000000000000000 0000000000000000 bit63 0 0 3978 32.00038 1.57 0 0 0 0 0 0 0 0 0
ffffffffffffffff 0000000000000000 complement0 0 0 4084 31.99969 -1.29 0 0 0 0 0 0 0 0 0
