# variant=11 W=2 log2keys=28 seed=4395 mode=Fffffffffffffffff,ffffffffffffffff N=268435456
# d0 d1 name coll low32 low16 meanpop z hist0..8
0000000000000000 8000000000000000 bit127 0 1 6227 31.76605 -958.24 0 0 0 0 0 0 0 0 0
0000000000000000 4000000000000000 bit126 0 0 6236 31.82853 -702.36 0 0 0 0 0 0 0 0 0
0000000000000000 0000000000800000 bit87 0 0 5010 31.82952 -698.27 0 0 0 0 0 0 0 0 0
0000000000000000 0000000001000000 bit88 0 0 5313 31.84002 -655.26 0 0 0 0 0 0 0 0 0
0000000000000000 0000000002000000 bit89 0 0 5339 31.84986 -614.97 0 0 0 0 0 0 0 0 0
0000000000000000 0000400000000000 bit110 0 0 4088 31.86324 -560.15 0 0 0 0 0 0 0 0 0
0000000000000000 0000000000400000 bit86 0 0 4443 31.85352 -599.99 0 0 0 0 0 0 0 0 0
0000000000000000 0000000004000000 bit90 0 0 5175 31.85358 -599.74 0 0 0 0 0 0 0 0 0
0000000000000000 2000000000000000 bit125 0 0 5581 31.86533 -551.62 0 0 0 0 0 0 0 0 0
0000000000000000 0000200000000000 bit109 0 0 4102 31.87216 -523.65 0 0 0 0 0 0 0 0 0
0000000000000000 8000000000008000 bits79_127 0 0 3908 32.10147 415.62 0 0 0 0 0 0 0 0 0
0000000000000000 0000100000000000 bit108 0 0 4079 31.89160 -444.00 0 0 0 0 0 0 0 0 0
0000000000000000 0000080400000000 bits98_107 0 0 4058 31.99994 -0.24 0 0 0 0 0 0 0 0 0
0000000000000000 0400000000000000 bit122 0 0 5282 31.91441 -350.56 0 0 0 0 0 0 0 0 0
0000000008000000 0000000004000000 bits27_90 0 0 4169 31.99993 -0.30 0 0 0 0 0 0 0 0 0
0000020080000000 0000000000000000 bits31_41 0 0 4158 32.00009 0.39 0 0 0 0 0 0 0 0 0
0100000200000000 0000000000000000 bits33_56 0 0 4003 32.00043 1.77 0 0 0 0 0 0 0 0 0
0000000000000001 0000000000000000 bit0 0 0 4020 31.99946 -2.21 0 0 0 0 0 0 0 0 0
8000000000000000 0000000000000000 bit63 0 0 4040 31.99964 -1.47 0 0 0 0 0 0 0 0 0
ffffffffffffffff 0000000000000000 complement0 0 0 4111 31.99984 -0.68 0 0 0 0 0 0 0 0 0
