# variant=12 W=2 log2keys=28 seed=4651 mode=Fffffffffffffffff,ffffffffffffffff N=268435456
# d0 d1 name coll low32 low16 meanpop z hist0..8
0000000000000000 0108000000000000 bits115_120 0 0 4130 31.99943 -2.33 0 0 0 0 0 0 0 0 1
0002000000000000 0000020000000000 bits49_105 0 1 4212 32.00031 1.25 0 0 0 0 0 0 0 0 0
0000000000000000 0000100000000010 bits68_108 0 0 4077 32.00017 0.70 0 0 0 0 0 0 0 0 0
0000000000000000 2000000400000000 bits98_125 0 0 4110 31.99992 -0.32 0 0 0 0 0 0 0 1 0
0000400000000040 0000000000000000 bits6_46 0 0 4004 32.00001 0.02 0 0 0 0 0 0 0 0 0
0000000000010000 0000800000000000 bits16_111 0 0 4065 32.00001 0.04 0 0 0 0 0 0 0 0 0
0008000000000000 1000000000000000 bits51_124 0 0 4073 31.99962 -1.56 0 0 0 0 0 0 0 0 0
0000000000000000 0000001000000080 bits71_100 0 0 4055 31.99964 -1.49 0 0 0 0 0 0 0 0 0
0000000000000010 0000000000000001 bits4_64 0 0 3945 31.99976 -0.97 0 0 0 0 0 0 0 0 0
0000000000000000 0000000200000800 bits75_97 0 1 4129 32.00035 1.45 0 0 0 0 0 0 0 0 0
0004004000000000 0000000000000000 bits38_50 0 0 4064 32.00010 0.39 0 0 0 0 0 0 0 0 0
0018000000000000 0000000000000000 bits51_52 0 0 4211 32.00041 1.69 0 0 0 0 0 0 0 0 0
0000000004000000 0000000800000000 bits26_99 0 0 4095 31.99962 -1.58 0 0 0 0 0 0 0 0 0
0000000004000008 0000000000000000 bits3_26 0 0 4033 32.00024 0.98 0 0 0 0 0 0 0 0 0
0080000000000001 0000000000000000 bits0_55 0 1 4037 32.00004 0.17 0 0 0 0 0 0 0 0 0
0000000000000008 0000000008000000 bits3_91 0 0 4190 31.99997 -0.13 0 0 0 0 0 0 0 0 0
0040000000000100 0000000000000000 bits8_54 0 0 3967 32.00023 0.95 0 0 0 0 0 0 0 0 0
0000000000080000 0000000200000000 bits19_97 0 0 4055 31.99973 -1.09 0 0 0 0 0 0 0 0 0
0000000000000001 0000000000000000 bit0 0 0 3999 32.00008 0.34 0 0 0 0 0 0 0 0 0
8000000000000000 0000000000000000 bit63 0 0 4172 31.99989 -0.46 0 0 0 0 0 0 0 0 0
ffffffffffffffff 0000000000000000 complement0 0 0 4094 31.99986 -0.59 0 0 0 0 0 0 0 0 0
