# variant=12 W=2 log2keys=28 seed=4651 mode=F0 N=268435456
# d0 d1 name coll low32 low16 meanpop z hist0..8
0000000000000000 0108000000000000 bits115_120 0 0 4148 31.99969 -1.26 0 0 0 0 0 0 0 0 0
0002000000000000 0000020000000000 bits49_105 0 0 4119 31.99978 -0.89 0 0 0 0 0 0 0 0 0
0000000000000000 0000100000000010 bits68_108 0 0 4014 32.00031 1.28 0 0 0 0 0 0 0 0 0
0000000000000000 2000000400000000 bits98_125 0 0 4206 31.99994 -0.25 0 0 0 0 0 0 0 0 0
0000400000000040 0000000000000000 bits6_46 0 0 4082 32.00021 0.86 0 0 0 0 0 0 0 0 0
0000000000010000 0000800000000000 bits16_111 0 0 4132 31.99993 -0.29 0 0 0 0 0 0 0 0 0
0008000000000000 1000000000000000 bits51_124 0 0 4067 31.99990 -0.41 0 0 0 0 0 0 0 0 0
0000000000000000 0000001000000080 bits71_100 0 0 3992 31.99984 -0.64 0 0 0 0 0 0 0 0 0
0000000000000010 0000000000000001 bits4_64 0 0 3945 32.00015 0.60 0 0 0 0 0 0 0 0 0
0000000000000000 0000000200000800 bits75_97 0 0 4130 32.00007 0.29 0 0 0 0 0 0 0 0 0
0004004000000000 0000000000000000 bits38_50 0 0 4034 32.00016 0.66 0 0 0 0 0 0 0 0 0
0018000000000000 0000000000000000 bits51_52 0 0 4153 31.99984 -0.65 0 0 0 0 0 0 0 0 0
0000000004000000 0000000800000000 bits26_99 0 0 4066 32.00011 0.44 0 0 0 0 0 0 0 0 0
0000000004000008 0000000000000000 bits3_26 0 0 4176 32.00038 1.55 0 0 0 0 0 0 0 0 0
0080000000000001 0000000000000000 bits0_55 0 0 4013 31.99989 -0.44 0 0 0 0 0 0 0 0 0
0000000000000008 0000000008000000 bits3_91 0 0 4102 31.99995 -0.22 0 0 0 0 0 0 0 0 0
0040000000000100 0000000000000000 bits8_54 0 0 4068 32.00009 0.36 0 0 0 0 0 0 0 0 0
0000000000080000 0000000200000000 bits19_97 0 0 4126 31.99995 -0.19 0 0 0 0 0 0 0 0 0
0000000000000001 0000000000000000 bit0 0 0 4202 32.00000 -0.00 0 0 0 0 0 0 0 0 0
8000000000000000 0000000000000000 bit63 0 0 4005 31.99990 -0.39 0 0 0 0 0 0 0 0 0
ffffffffffffffff 0000000000000000 complement0 0 0 4170 31.99958 -1.73 0 0 0 0 0 0 0 0 0
