# variant=12 W=1 log2keys=28 seed=4635 mode=F0 N=268435456
# d0 d1 name coll low32 low16 meanpop z hist0..8
1000000000010000 0000000000000000 bits16_60 0 0 4185 31.99979 -0.88 0 0 0 0 0 0 0 0 0
0000800000008000 0000000000000000 bits15_47 0 0 4038 31.99993 -0.27 0 0 0 0 0 0 0 0 0
0080004000000000 0000000000000000 bits38_55 0 0 4112 31.99988 -0.47 0 0 0 0 0 0 0 0 0
0000800000002000 0000000000000000 bits13_47 0 1 4182 32.00046 1.89 0 0 0 0 0 0 0 0 1
0000004800000000 0000000000000000 bits35_38 0 0 4148 31.99996 -0.18 0 0 0 0 0 0 0 0 0
0000000000000808 0000000000000000 bits3_11 0 0 4089 32.00025 1.04 0 0 0 0 0 0 0 0 0
0000100000000000 0000000000000000 bit44 0 1 4253 32.00007 0.27 0 0 0 0 0 0 0 0 0
0020000800000000 0000000000000000 bits35_53 0 0 4201 32.00005 0.22 0 0 0 0 0 0 0 0 0
0000000000080008 0000000000000000 bits3_19 0 0 4105 31.99936 -2.61 0 0 0 0 0 0 0 0 0
0008000001000000 0000000000000000 bits24_51 0 0 3982 31.99987 -0.52 0 0 0 0 0 0 0 0 0
0100000008000000 0000000000000000 bits27_56 0 0 4093 31.99996 -0.15 0 0 0 0 0 0 0 0 0
0000002000020000 0000000000000000 bits17_37 0 0 4293 31.99992 -0.32 0 0 0 0 0 0 0 0 0
0000030000000000 0000000000000000 bits40_41 0 0 4148 32.00019 0.77 0 0 0 0 0 0 0 0 0
0000204000000000 0000000000000000 bits38_45 0 0 4021 32.00055 2.27 0 0 0 0 0 0 0 0 0
0000000000000040 0000000000000000 bit6 0 0 4079 32.00008 0.33 0 0 0 0 0 0 0 0 0
0000000000000030 0000000000000000 bits4_5 0 0 4162 31.99964 -1.46 0 0 0 0 0 0 0 0 0
0000000000004020 0000000000000000 bits5_14 0 0 4141 31.99991 -0.37 0 0 0 0 0 0 0 0 0
0000000004000400 0000000000000000 bits10_26 0 0 4079 31.99981 -0.79 0 0 0 0 0 0 0 0 0
0000000000000001 0000000000000000 bit0 0 0 4130 32.00002 0.09 0 0 0 0 0 0 0 0 0
8000000000000000 0000000000000000 bit63 0 0 4134 32.00011 0.46 0 0 0 0 0 0 0 0 0
ffffffffffffffff 0000000000000000 complement0 0 0 4002 31.99950 -2.06 0 0 0 0 0 0 0 0 0
