# variant=12 W=1 log2keys=28 seed=4635 mode=Fffffffffffffffff,ffffffffffffffff N=268435456
# d0 d1 name coll low32 low16 meanpop z hist0..8
1000000000010000 0000000000000000 bits16_60 0 0 4077 32.00031 1.28 0 0 0 0 0 0 0 0 0
0000800000008000 0000000000000000 bits15_47 0 0 4031 31.99993 -0.30 0 0 0 0 0 0 0 0 0
0080004000000000 0000000000000000 bits38_55 0 1 4045 32.00010 0.43 0 0 0 0 0 0 0 0 0
0000800000002000 0000000000000000 bits13_47 0 0 3932 31.99986 -0.57 0 0 0 0 0 0 0 0 0
0000004800000000 0000000000000000 bits35_38 0 0 4142 32.00036 1.49 0 0 0 0 0 0 0 0 0
0000000000000808 0000000000000000 bits3_11 0 0 4148 32.00047 1.93 0 0 0 0 0 0 0 0 0
0000100000000000 0000000000000000 bit44 0 1 4219 32.00006 0.23 0 0 0 0 0 0 0 0 0
0020000800000000 0000000000000000 bits35_53 0 0 4006 32.00002 0.07 0 0 0 0 0 0 0 0 0
0000000000080008 0000000000000000 bits3_19 0 1 4100 31.99977 -0.94 0 0 0 0 0 0 0 0 0
0008000001000000 0000000000000000 bits24_51 0 0 4242 32.00004 0.16 0 0 0 0 0 0 0 0 0
0100000008000000 0000000000000000 bits27_56 0 0 4105 32.00020 0.82 0 0 0 0 0 0 0 0 0
0000002000020000 0000000000000000 bits17_37 0 0 4169 31.99996 -0.18 0 0 0 0 0 0 0 0 0
0000030000000000 0000000000000000 bits40_41 0 0 4035 31.99954 -1.87 0 0 0 0 0 0 0 0 0
0000204000000000 0000000000000000 bits38_45 0 0 4064 32.00034 1.37 0 0 0 0 0 0 0 0 0
0000000000000040 0000000000000000 bit6 0 0 4079 32.00019 0.76 0 0 0 0 0 0 0 0 0
0000000000000030 0000000000000000 bits4_5 0 0 3994 31.99990 -0.40 0 0 0 0 0 0 0 0 0
0000000000004020 0000000000000000 bits5_14 0 0 4179 31.99987 -0.52 0 0 0 0 0 0 0 0 0
0000000004000400 0000000000000000 bits10_26 0 0 4084 31.99991 -0.37 0 0 0 0 0 0 0 0 0
0000000000000001 0000000000000000 bit0 0 0 4136 31.99996 -0.17 0 0 0 0 0 0 0 0 0
8000000000000000 0000000000000000 bit63 0 0 4082 32.00003 0.10 0 0 0 0 0 0 0 0 0
ffffffffffffffff 0000000000000000 complement0 0 0 4002 31.99950 -2.06 0 0 0 0 0 0 0 0 0
