# variant=12 W=2 log2keys=28 seed=4651 mode=R N=268435456
# d0 d1 name coll low32 low16 meanpop z hist0..8
0000000000000000 0108000000000000 bits115_120 0 0 4049 32.00015 0.61 0 0 0 0 0 0 0 0 0
0002000000000000 0000020000000000 bits49_105 0 0 4094 32.00003 0.11 0 0 0 0 0 0 0 0 1
0000000000000000 0000100000000010 bits68_108 0 0 4049 31.99999 -0.02 0 0 0 0 0 0 0 0 0
0000000000000000 2000000400000000 bits98_125 0 0 4138 32.00014 0.58 0 0 0 0 0 0 0 0 0
0000400000000040 0000000000000000 bits6_46 0 0 4116 32.00003 0.13 0 0 0 0 0 0 0 0 0
0000000000010000 0000800000000000 bits16_111 0 0 4243 32.00003 0.12 0 0 0 0 0 0 0 0 0
0008000000000000 1000000000000000 bits51_124 0 0 4039 31.99994 -0.25 0 0 0 0 0 0 0 0 0
0000000000000000 0000001000000080 bits71_100 0 0 4169 31.99981 -0.79 0 0 0 0 0 0 0 0 0
0000000000000010 0000000000000001 bits4_64 0 0 4205 31.99997 -0.14 0 0 0 0 0 0 0 0 0
0000000000000000 0000000200000800 bits75_97 0 0 4053 31.99967 -1.36 0 0 0 0 0 0 0 0 0
0004004000000000 0000000000000000 bits38_50 0 0 4125 31.99966 -1.39 0 0 0 0 0 0 0 0 0
0018000000000000 0000000000000000 bits51_52 0 0 4133 31.99985 -0.63 0 0 0 0 0 0 0 0 0
0000000004000000 0000000800000000 bits26_99 0 1 4108 32.00007 0.27 0 0 0 0 0 0 0 0 0
0000000004000008 0000000000000000 bits3_26 0 0 4016 31.99997 -0.12 0 0 0 0 0 0 0 0 1
0080000000000001 0000000000000000 bits0_55 0 0 4153 32.00031 1.27 0 0 0 0 0 0 0 0 0
0000000000000008 0000000008000000 bits3_91 0 0 4100 32.00023 0.95 0 0 0 0 0 0 0 0 0
0040000000000100 0000000000000000 bits8_54 0 0 3986 32.00002 0.07 0 0 0 0 0 0 0 0 0
0000000000080000 0000000200000000 bits19_97 0 0 4091 32.00003 0.12 0 0 0 0 0 0 0 0 0
0000000000000001 0000000000000000 bit0 0 0 4159 31.99977 -0.95 0 0 0 0 0 0 0 0 0
8000000000000000 0000000000000000 bit63 0 0 4181 32.00018 0.74 0 0 0 0 0 0 0 0 0
ffffffffffffffff 0000000000000000 complement0 0 0 4111 32.00036 1.49 0 0 0 0 0 0 0 0 0
