# variant=12 W=1 log2keys=28 seed=4635 mode=R N=268435456
# d0 d1 name coll low32 low16 meanpop z hist0..8
1000000000010000 0000000000000000 bits16_60 0 0 4141 32.00021 0.86 0 0 0 0 0 0 0 0 0
0000800000008000 0000000000000000 bits15_47 0 0 4155 32.00012 0.49 0 0 0 0 0 0 0 0 0
0080004000000000 0000000000000000 bits38_55 0 0 4192 32.00062 2.52 0 0 0 0 0 0 0 0 1
0000800000002000 0000000000000000 bits13_47 0 0 4068 32.00009 0.37 0 0 0 0 0 0 0 0 0
0000004800000000 0000000000000000 bits35_38 0 0 4150 32.00021 0.86 0 0 0 0 0 0 0 0 0
0000000000000808 0000000000000000 bits3_11 0 0 4102 31.99989 -0.44 0 0 0 0 0 0 0 0 0
0000100000000000 0000000000000000 bit44 0 1 3926 31.99991 -0.38 0 0 0 0 0 0 0 0 0
0020000800000000 0000000000000000 bits35_53 0 0 4097 32.00067 2.72 0 0 0 0 0 0 0 0 0
0000000000080008 0000000000000000 bits3_19 0 0 4043 31.99993 -0.28 0 0 0 0 0 0 0 0 0
0008000001000000 0000000000000000 bits24_51 0 0 4154 32.00060 2.47 0 0 0 0 0 0 0 0 1
0100000008000000 0000000000000000 bits27_56 0 0 4137 31.99974 -1.08 0 0 0 0 0 0 0 0 0
0000002000020000 0000000000000000 bits17_37 0 0 4123 32.00011 0.44 0 0 0 0 0 0 0 0 0
0000030000000000 0000000000000000 bits40_41 0 0 4168 31.99995 -0.21 0 0 0 0 0 0 0 0 0
0000204000000000 0000000000000000 bits38_45 0 0 4143 31.99980 -0.82 0 0 0 0 0 0 0 0 0
0000000000000040 0000000000000000 bit6 0 1 4112 32.00034 1.38 0 0 0 0 0 0 0 0 0
0000000000000030 0000000000000000 bits4_5 0 0 4154 32.00023 0.93 0 0 0 0 0 0 0 0 0
0000000000004020 0000000000000000 bits5_14 0 0 4063 31.99938 -2.53 0 0 0 0 0 0 0 0 0
0000000004000400 0000000000000000 bits10_26 0 0 4028 31.99994 -0.24 0 0 0 0 0 0 0 0 0
0000000000000001 0000000000000000 bit0 0 0 4128 31.99992 -0.32 0 0 0 0 0 0 0 0 0
8000000000000000 0000000000000000 bit63 0 0 4170 31.99974 -1.06 0 0 0 0 0 0 0 0 0
ffffffffffffffff 0000000000000000 complement0 0 0 4049 32.00004 0.15 0 0 0 0 0 0 0 0 0
