# variant=13 W=1 log2keys=28 seed=4891 mode=F0 N=268435456
# d0 d1 name coll low32 low16 meanpop z hist0..8
0000200000200000 0000000000000000 bits21_45 0 0 3942 31.99993 -0.29 0 0 0 0 0 0 0 0 0
0000200040000000 0000000000000000 bits30_45 0 0 4102 32.00049 2.00 0 0 0 0 0 0 0 0 0
0000000200020000 0000000000000000 bits17_33 0 0 4150 32.00029 1.19 0 0 0 0 0 0 0 0 0
0000800000000010 0000000000000000 bits4_47 0 0 3988 31.99976 -1.00 0 0 0 0 0 0 0 0 0
0000000000002001 0000000000000000 bits0_13 0 0 3931 32.00026 1.05 0 0 0 0 0 0 0 0 0
0000000001000000 0000000000000000 bit24 0 1 4066 32.00020 0.81 0 0 0 0 0 0 0 0 0
0000000000060000 0000000000000000 bits17_18 0 1 4093 32.00006 0.24 0 0 0 0 0 0 0 0 1
0000004000400000 0000000000000000 bits22_38 0 0 4168 32.00014 0.57 0 0 0 0 0 0 0 0 0
0000000020000004 0000000000000000 bits2_29 0 0 4063 32.00002 0.06 0 0 0 0 0 0 0 0 0
0000004080000000 0000000000000000 bits31_38 0 0 4123 31.99984 -0.66 0 0 0 0 0 0 0 0 1
0000000001000004 0000000000000000 bits2_24 0 0 4147 31.99988 -0.51 0 0 0 0 0 0 0 0 0
0200008000000000 0000000000000000 bits39_57 0 0 4143 32.00000 -0.00 0 0 0 0 0 0 0 0 0
0000100000001000 0000000000000000 bits12_44 0 0 4048 32.00020 0.84 0 0 0 0 0 0 0 0 2
0000002400000000 0000000000000000 bits34_37 0 0 4046 31.99990 -0.43 0 0 0 0 0 0 0 0 0
2000004000000000 0000000000000000 bits38_61 0 0 4006 32.00011 0.44 0 0 0 0 0 0 0 0 0
0000000000000041 0000000000000000 bits0_6 0 0 4078 32.00019 0.78 0 0 0 0 0 0 0 0 0
8000000000000002 0000000000000000 bits1_63 0 0 4130 31.99936 -2.60 0 0 0 0 0 0 0 0 0
0000000400000200 0000000000000000 bits9_34 0 0 4142 32.00002 0.08 0 0 0 0 0 0 0 0 0
0000000000000001 0000000000000000 bit0 0 0 4054 31.99987 -0.55 0 0 0 0 0 0 0 0 0
8000000000000000 0000000000000000 bit63 0 0 4009 32.00027 1.12 0 0 0 0 0 0 0 0 0
ffffffffffffffff 0000000000000000 complement0 0 0 4078 31.99988 -0.49 0 0 0 0 0 0 0 0 0
