# variant=13 W=1 log2keys=28 seed=4891 mode=Fffffffffffffffff,ffffffffffffffff N=268435456
# d0 d1 name coll low32 low16 meanpop z hist0..8
0000200000200000 0000000000000000 bits21_45 0 0 4106 31.99983 -0.72 0 0 0 0 0 0 0 0 0
0000200040000000 0000000000000000 bits30_45 0 0 4076 32.00037 1.52 0 0 0 0 0 0 0 0 0
0000000200020000 0000000000000000 bits17_33 0 0 4095 32.00024 0.97 0 0 0 0 0 0 0 0 0
0000800000000010 0000000000000000 bits4_47 0 0 4149 32.00002 0.08 0 0 0 0 0 0 0 0 0
0000000000002001 0000000000000000 bits0_13 0 0 4164 31.99961 -1.61 0 0 0 0 0 0 0 0 0
0000000001000000 0000000000000000 bit24 0 0 4126 31.99966 -1.38 0 0 0 0 0 0 0 0 0
0000000000060000 0000000000000000 bits17_18 0 0 4102 32.00009 0.36 0 0 0 0 0 0 0 0 0
0000004000400000 0000000000000000 bits22_38 0 0 4059 32.00011 0.45 0 0 0 0 0 0 0 0 0
0000000020000004 0000000000000000 bits2_29 0 0 4046 31.99996 -0.16 0 0 0 0 0 0 0 0 0
0000004080000000 0000000000000000 bits31_38 0 0 4106 31.99964 -1.49 0 0 0 0 0 0 0 0 0
0000000001000004 0000000000000000 bits2_24 0 0 4095 31.99973 -1.09 0 0 0 0 0 0 0 0 0
0200008000000000 0000000000000000 bits39_57 0 0 4191 31.99987 -0.53 0 0 0 0 0 0 0 0 0
0000100000001000 0000000000000000 bits12_44 0 0 4022 32.00004 0.15 0 0 0 0 0 0 0 0 0
0000002400000000 0000000000000000 bits34_37 0 0 4237 32.00030 1.25 0 0 0 0 0 0 0 0 0
2000004000000000 0000000000000000 bits38_61 0 1 4052 32.00040 1.65 0 0 0 0 0 0 0 0 0
0000000000000041 0000000000000000 bits0_6 0 0 4097 32.00003 0.11 0 0 0 0 0 0 0 0 0
8000000000000002 0000000000000000 bits1_63 0 0 4060 32.00001 0.03 0 0 0 0 0 0 0 0 0
0000000400000200 0000000000000000 bits9_34 0 0 4025 32.00024 0.99 0 0 0 0 0 0 0 0 0
0000000000000001 0000000000000000 bit0 0 0 4160 31.99979 -0.85 0 0 0 0 0 0 0 0 0
8000000000000000 0000000000000000 bit63 0 0 4115 31.99958 -1.74 0 0 0 0 0 0 0 0 0
ffffffffffffffff 0000000000000000 complement0 0 0 4078 31.99988 -0.49 0 0 0 0 0 0 0 0 0
