# variant=13 W=2 log2keys=28 seed=4907 mode=R N=268435456
# d0 d1 name coll low32 low16 meanpop z hist0..8
0000000000000000 0008000000004000 bits78_115 0 0 4106 32.00010 0.39 0 0 0 0 0 0 0 0 1
0000400000000002 0000000000000000 bits1_46 0 0 4066 32.00001 0.04 0 0 0 0 0 0 1 0 0
0000000000000000 0000400000004000 bits78_110 0 0 4095 32.00000 0.02 0 0 0 0 0 0 0 0 0
0000040000000000 0000000000004000 bits42_78 0 0 4123 32.00010 0.43 0 0 0 0 0 0 0 0 0
0000000040000000 0000000000000800 bits30_75 0 0 4046 31.99999 -0.05 0 0 0 0 0 0 0 0 0
0000002000000000 0004000000000000 bits37_114 0 0 4101 31.99998 -0.07 0 0 0 0 0 0 0 0 0
0000000001010000 0000000000000000 bits16_24 0 0 4126 32.00000 -0.02 0 0 0 0 0 0 0 0 0
0000001000000000 0000000000000004 bits36_66 0 0 4108 31.99995 -0.20 0 0 0 0 0 0 0 0 0
0000000000000000 0080000800000000 bits99_119 0 0 4137 32.00010 0.41 0 0 0 0 0 0 0 0 1
0000000000000000 0000003fffffffff run38_w1 0 0 4102 32.00020 0.84 0 0 0 0 0 0 0 0 0
0040000000010000 0000000000000000 bits16_54 0 0 4011 31.99982 -0.72 0 0 0 0 0 0 0 0 0
1000000002000000 0000000000000000 bits25_60 0 0 4158 32.00031 1.25 0 0 0 0 0 0 0 0 0
0000000020000000 0000000010000000 bits29_92 0 0 4178 31.99961 -1.59 0 0 0 0 0 0 0 0 0
0000000000100000 0000000020000000 bits20_93 0 0 3952 32.00072 2.96 0 0 0 0 0 0 0 0 0
0000012000000000 0000000000000000 bits37_40 0 0 4093 31.99959 -1.69 0 0 0 0 0 0 0 0 0
0000000020000000 0000000000000008 bits29_67 0 0 4160 31.99967 -1.35 0 0 0 0 0 0 0 0 0
0001008000000000 0000000000000000 bits39_48 0 0 4077 31.99986 -0.57 0 0 0 0 0 0 0 0 0
0000000000000001 0000000000000000 bit0 0 0 4087 32.00049 2.02 0 0 0 0 0 0 0 0 0
8000000000000000 0000000000000000 bit63 0 0 4005 32.00021 0.86 0 0 0 0 0 0 0 0 0
ffffffffffffffff 0000000000000000 complement0 0 0 3944 32.00024 0.98 0 0 0 0 0 0 0 0 0
