# variant=13 W=2 log2keys=28 seed=4907 mode=F0 N=268435456
# d0 d1 name coll low32 low16 meanpop z hist0..8
0000000000000000 0008000000004000 bits78_115 0 0 4072 32.00000 0.00 0 0 0 0 0 0 0 0 0
0000400000000002 0000000000000000 bits1_46 0 0 4149 32.00041 1.67 0 0 0 0 0 0 0 0 0
0000000000000000 0000400000004000 bits78_110 0 0 4129 31.99977 -0.95 0 0 0 0 0 0 0 0 0
0000040000000000 0000000000004000 bits42_78 0 0 4167 31.99981 -0.79 0 0 0 0 0 0 0 0 0
0000000040000000 0000000000000800 bits30_75 0 0 4126 32.00028 1.13 0 0 0 0 0 0 0 0 1
0000002000000000 0004000000000000 bits37_114 0 0 4050 32.00018 0.72 0 0 0 0 0 0 0 0 0
0000000001010000 0000000000000000 bits16_24 0 0 4068 32.00032 1.32 0 0 0 0 0 0 0 0 0
0000001000000000 0000000000000004 bits36_66 0 0 4185 32.00005 0.20 0 0 0 0 0 0 0 0 0
0000000000000000 0080000800000000 bits99_119 0 0 4072 32.00011 0.43 0 0 0 0 0 0 0 0 0
0000000000000000 0000003fffffffff run38_w1 0 0 4087 31.99981 -0.78 0 0 0 0 0 0 0 0 0
0040000000010000 0000000000000000 bits16_54 0 0 4096 31.99976 -0.97 0 0 0 0 0 0 0 0 0
1000000002000000 0000000000000000 bits25_60 0 0 4011 32.00026 1.08 0 0 0 0 0 0 0 0 0
0000000020000000 0000000010000000 bits29_92 0 0 4062 32.00012 0.50 0 0 0 0 0 0 0 0 0
0000000000100000 0000000020000000 bits20_93 0 0 4024 31.99988 -0.49 0 0 0 0 0 0 0 0 1
0000012000000000 0000000000000000 bits37_40 0 0 3921 31.99984 -0.66 0 0 0 0 0 0 0 0 0
0000000020000000 0000000000000008 bits29_67 0 0 4114 32.00010 0.39 0 0 0 0 0 0 0 0 1
0001008000000000 0000000000000000 bits39_48 0 0 4108 31.99963 -1.50 0 0 0 0 0 0 0 0 0
0000000000000001 0000000000000000 bit0 0 0 4074 31.99965 -1.44 0 0 0 0 0 0 0 0 0
8000000000000000 0000000000000000 bit63 0 0 4072 31.99976 -0.97 0 0 0 0 0 0 0 0 0
ffffffffffffffff 0000000000000000 complement0 0 0 4054 32.00012 0.47 0 0 0 0 0 0 0 0 0
