# variant=13 W=2 log2keys=28 seed=4907 mode=Fffffffffffffffff,ffffffffffffffff N=268435456
# d0 d1 name coll low32 low16 meanpop z hist0..8
0000000000000000 0008000000004000 bits78_115 0 0 4185 32.00063 2.58 0 0 0 0 0 0 0 0 0
0000400000000002 0000000000000000 bits1_46 0 0 4089 32.00021 0.86 0 0 0 0 0 0 0 0 0
0000000000000000 0000400000004000 bits78_110 0 1 4112 31.99968 -1.30 0 0 0 0 0 0 0 0 0
0000040000000000 0000000000004000 bits42_78 0 0 4155 31.99994 -0.26 0 0 0 0 0 0 0 0 0
0000000040000000 0000000000000800 bits30_75 0 0 4022 31.99986 -0.57 0 0 0 0 0 0 0 0 0
0000002000000000 0004000000000000 bits37_114 0 0 4012 31.99973 -1.09 0 0 0 0 0 0 0 0 0
0000000001010000 0000000000000000 bits16_24 0 0 4079 32.00018 0.74 0 0 0 0 0 0 0 0 0
0000001000000000 0000000000000004 bits36_66 0 0 4142 32.00003 0.12 0 0 0 0 0 0 0 0 0
0000000000000000 0080000800000000 bits99_119 0 0 4115 32.00008 0.32 0 0 0 0 0 0 0 0 0
0000000000000000 0000003fffffffff run38_w1 0 0 4184 32.00004 0.17 0 0 0 0 0 0 0 0 0
0040000000010000 0000000000000000 bits16_54 0 0 3961 32.00009 0.36 0 0 0 0 0 0 0 1 0
1000000002000000 0000000000000000 bits25_60 0 0 4030 32.00006 0.24 0 0 0 0 0 0 0 0 0
0000000020000000 0000000010000000 bits29_92 0 0 4162 32.00027 1.12 0 0 0 0 0 0 0 0 0
0000000000100000 0000000020000000 bits20_93 0 0 4101 32.00002 0.09 0 0 0 0 0 0 0 0 0
0000012000000000 0000000000000000 bits37_40 0 0 3956 31.99996 -0.16 0 0 0 0 0 0 0 0 0
0000000020000000 0000000000000008 bits29_67 0 0 4074 32.00017 0.68 0 0 0 0 0 0 0 0 0
0001008000000000 0000000000000000 bits39_48 0 0 4093 32.00029 1.20 0 0 0 0 0 0 0 0 0
0000000000000001 0000000000000000 bit0 0 0 4082 31.99999 -0.02 0 0 0 0 0 0 0 0 0
8000000000000000 0000000000000000 bit63 0 0 4023 31.99949 -2.07 0 0 0 0 0 0 0 0 0
ffffffffffffffff 0000000000000000 complement0 0 1 4033 32.00005 0.21 0 0 0 0 0 0 0 0 0
