# variant=13 W=1 log2keys=28 seed=4891 mode=R N=268435456
# d0 d1 name coll low32 low16 meanpop z hist0..8
0000200000200000 0000000000000000 bits21_45 0 0 4131 32.00006 0.26 0 0 0 0 0 0 0 0 0
0000200040000000 0000000000000000 bits30_45 0 0 4183 31.99993 -0.29 0 0 0 0 0 0 0 0 0
0000000200020000 0000000000000000 bits17_33 0 0 4056 32.00052 2.14 0 0 0 0 0 0 0 0 0
0000800000000010 0000000000000000 bits4_47 0 0 4022 32.00011 0.46 0 0 0 0 0 0 0 0 0
0000000000002001 0000000000000000 bits0_13 0 0 4176 31.99949 -2.10 0 0 0 0 0 0 0 0 0
0000000001000000 0000000000000000 bit24 0 0 4052 31.99948 -2.11 0 0 0 0 0 0 0 0 0
0000000000060000 0000000000000000 bits17_18 0 0 4036 31.99981 -0.76 0 0 0 0 0 0 0 0 0
0000004000400000 0000000000000000 bits22_38 0 0 3928 32.00032 1.33 0 0 0 0 0 0 0 0 2
0000000020000004 0000000000000000 bits2_29 0 0 4177 32.00032 1.31 0 0 0 0 0 0 0 0 1
0000004080000000 0000000000000000 bits31_38 0 0 4042 31.99957 -1.77 0 0 0 0 0 0 0 0 0
0000000001000004 0000000000000000 bits2_24 0 0 4075 32.00019 0.77 0 0 0 0 0 0 0 1 0
0200008000000000 0000000000000000 bits39_57 0 0 4144 31.99990 -0.39 0 0 0 0 0 0 0 0 0
0000100000001000 0000000000000000 bits12_44 0 0 4073 32.00002 0.08 0 0 0 0 0 0 0 0 0
0000002400000000 0000000000000000 bits34_37 0 0 4147 32.00002 0.07 0 0 0 0 0 0 0 0 0
2000004000000000 0000000000000000 bits38_61 0 0 4154 32.00003 0.14 0 0 0 0 0 0 0 0 0
0000000000000041 0000000000000000 bits0_6 0 0 4086 31.99967 -1.36 0 0 0 0 0 0 0 0 0
8000000000000002 0000000000000000 bits1_63 0 0 4175 31.99971 -1.17 0 0 0 0 0 0 0 0 1
0000000400000200 0000000000000000 bits9_34 0 0 4051 32.00005 0.20 0 0 0 0 0 0 0 0 0
0000000000000001 0000000000000000 bit0 0 0 4113 31.99989 -0.47 0 0 0 0 0 0 0 0 0
8000000000000000 0000000000000000 bit63 0 0 4204 31.99994 -0.25 0 0 0 0 0 0 0 0 0
ffffffffffffffff 0000000000000000 complement0 0 0 4150 32.00028 1.14 0 0 0 0 0 0 0 0 0
