# variant=24 W=1 log2keys=28 seed=9243 mode=F0 N=268435456
# d0 d1 name coll low32 low16 meanpop z hist0..8
0100000000080000 0000000000000000 bits19_56 0 0 4092 31.99987 -0.53 0 0 0 0 0 0 0 0 0
0000000010100000 0000000000000000 bits20_28 0 0 4155 32.00056 2.29 0 0 0 0 0 0 0 0 0
0000001100000000 0000000000000000 bits32_36 0 0 4107 32.00014 0.58 0 0 0 0 0 0 0 0 0
0000000800000080 0000000000000000 bits7_35 0 1 4202 32.00009 0.36 0 0 0 0 0 0 0 0 0
0000000001100000 0000000000000000 bits20_24 0 0 4097 31.99982 -0.75 0 0 0 0 0 0 0 0 1
000000a000000000 0000000000000000 bits37_39 0 0 4046 31.99971 -1.18 0 0 0 0 0 0 0 0 0
0004000002000000 0000000000000000 bits25_50 0 0 4134 32.00034 1.39 0 0 0 0 0 0 0 0 0
0000000000001020 0000000000000000 bits5_12 0 0 4045 32.00057 2.32 0 0 0 0 0 0 0 0 0
2000000010000000 0000000000000000 bits28_61 0 0 4104 32.00045 1.83 0 0 0 0 0 0 0 0 0
0400000100000000 0000000000000000 bits32_58 0 0 4126 32.00016 0.67 0 0 0 0 0 0 0 0 0
0000000004200000 0000000000000000 bits21_26 0 0 4090 31.99998 -0.08 0 0 0 0 0 0 0 0 1
0000000000004004 0000000000000000 bits2_14 0 0 4129 32.00017 0.71 0 0 0 0 0 0 0 0 0
0000080000010000 0000000000000000 bits16_43 0 0 4092 31.99991 -0.38 0 0 0 0 0 0 0 0 0
1000000000000200 0000000000000000 bits9_60 0 0 4150 32.00029 1.20 0 0 0 0 0 0 0 0 0
0000200000100000 0000000000000000 bits20_45 0 1 4075 32.00024 0.97 0 0 0 0 0 0 0 0 0
0000000000000100 0000000000000000 bit8 0 0 4140 31.99980 -0.80 0 0 0 0 0 0 0 0 0
0000020000000001 0000000000000000 bits0_41 0 0 4100 31.99993 -0.28 0 0 0 0 0 0 0 0 0
0004000000000001 0000000000000000 bits0_50 0 0 4155 32.00006 0.26 0 0 0 0 0 0 0 0 0
0000000000000001 0000000000000000 bit0 0 0 4262 31.99993 -0.30 0 0 0 0 0 0 0 0 0
8000000000000000 0000000000000000 bit63 0 1 4016 32.00006 0.23 0 0 0 0 0 0 0 0 0
ffffffffffffffff 0000000000000000 complement0 0 0 4021 32.00032 1.32 0 0 0 0 0 0 0 0 0
