# variant=24 W=1 log2keys=28 seed=9243 mode=R N=268435456
# d0 d1 name coll low32 low16 meanpop z hist0..8
0100000000080000 0000000000000000 bits19_56 0 0 4143 31.99989 -0.46 0 0 0 0 0 0 0 0 0
0000000010100000 0000000000000000 bits20_28 0 0 4028 31.99996 -0.16 0 0 0 0 0 0 0 0 0
0000001100000000 0000000000000000 bits32_36 0 0 4070 32.00001 0.06 0 0 0 0 0 0 0 0 0
0000000800000080 0000000000000000 bits7_35 0 0 4144 32.00033 1.36 0 0 0 0 0 0 0 0 0
0000000001100000 0000000000000000 bits20_24 0 0 4103 31.99957 -1.76 0 0 0 0 0 0 0 0 0
000000a000000000 0000000000000000 bits37_39 0 0 3970 31.99985 -0.63 0 0 0 0 0 0 0 0 1
0004000002000000 0000000000000000 bits25_50 0 0 4025 31.99996 -0.17 0 0 0 0 0 0 0 0 0
0000000000001020 0000000000000000 bits5_12 0 0 4078 31.99991 -0.35 0 0 0 0 0 0 0 0 0
2000000010000000 0000000000000000 bits28_61 0 0 4069 32.00030 1.24 0 0 0 0 0 0 0 0 0
0400000100000000 0000000000000000 bits32_58 0 0 4169 31.99954 -1.88 0 0 0 0 0 0 0 0 0
0000000004200000 0000000000000000 bits21_26 0 0 3950 32.00030 1.24 0 0 0 0 0 0 0 0 0
0000000000004004 0000000000000000 bits2_14 0 0 3995 32.00004 0.15 0 0 0 0 0 0 0 0 0
0000080000010000 0000000000000000 bits16_43 0 0 3992 32.00032 1.33 0 0 0 0 0 0 0 0 0
1000000000000200 0000000000000000 bits9_60 0 0 4056 32.00016 0.65 0 0 0 0 0 0 0 0 0
0000200000100000 0000000000000000 bits20_45 0 0 4059 32.00040 1.65 0 0 0 0 0 0 0 0 0
0000000000000100 0000000000000000 bit8 0 0 4104 31.99993 -0.27 0 0 0 0 0 0 0 0 0
0000020000000001 0000000000000000 bits0_41 0 0 4088 31.99981 -0.77 0 0 0 0 0 0 0 0 1
0004000000000001 0000000000000000 bits0_50 0 0 4158 32.00016 0.67 0 0 0 0 0 0 0 0 0
0000000000000001 0000000000000000 bit0 0 0 4020 32.00041 1.67 0 0 0 0 0 0 0 0 0
8000000000000000 0000000000000000 bit63 0 0 4087 31.99955 -1.86 0 0 0 0 0 0 0 0 0
ffffffffffffffff 0000000000000000 complement0 0 0 4166 32.00028 1.14 0 0 0 0 0 0 0 0 0
