# variant=24 W=1 log2keys=28 seed=9243 mode=Fffffffffffffffff,ffffffffffffffff N=268435456
# d0 d1 name coll low32 low16 meanpop z hist0..8
0100000000080000 0000000000000000 bits19_56 0 0 4081 31.99992 -0.34 0 0 0 0 0 0 0 0 0
0000000010100000 0000000000000000 bits20_28 0 0 4010 31.99992 -0.33 0 0 0 0 0 0 0 0 0
0000001100000000 0000000000000000 bits32_36 0 0 4048 32.00022 0.90 0 0 0 0 0 0 0 0 0
0000000800000080 0000000000000000 bits7_35 0 0 4128 32.00012 0.51 0 0 0 0 0 0 0 0 0
0000000001100000 0000000000000000 bits20_24 0 0 4013 32.00002 0.07 0 0 0 0 0 0 0 0 0
000000a000000000 0000000000000000 bits37_39 0 0 4045 31.99997 -0.14 0 0 0 0 0 0 0 0 0
0004000002000000 0000000000000000 bits25_50 0 1 4116 32.00022 0.90 0 0 0 0 0 0 0 0 0
0000000000001020 0000000000000000 bits5_12 0 0 4093 31.99982 -0.75 0 0 0 0 0 0 0 0 0
2000000010000000 0000000000000000 bits28_61 0 0 3982 31.99984 -0.67 0 0 0 0 0 0 0 0 0
0400000100000000 0000000000000000 bits32_58 0 0 4105 31.99982 -0.73 0 0 0 0 0 0 0 0 0
0000000004200000 0000000000000000 bits21_26 0 0 4135 32.00031 1.29 0 0 0 0 0 0 0 0 0
0000000000004004 0000000000000000 bits2_14 0 0 4114 31.99978 -0.91 0 0 0 0 0 0 0 0 0
0000080000010000 0000000000000000 bits16_43 0 0 4170 32.00049 2.01 0 0 0 0 0 0 0 0 0
1000000000000200 0000000000000000 bits9_60 0 0 4027 31.99985 -0.60 0 0 0 0 0 0 0 0 0
0000200000100000 0000000000000000 bits20_45 0 0 4063 32.00007 0.30 0 0 0 0 0 0 0 0 0
0000000000000100 0000000000000000 bit8 0 0 4018 32.00015 0.62 0 0 0 0 0 0 0 0 0
0000020000000001 0000000000000000 bits0_41 0 0 4132 31.99996 -0.17 0 0 0 0 0 0 0 0 0
0004000000000001 0000000000000000 bits0_50 0 0 4115 32.00011 0.44 0 0 0 0 0 0 0 0 0
0000000000000001 0000000000000000 bit0 0 0 4070 32.00025 1.01 0 0 0 0 0 0 0 0 0
8000000000000000 0000000000000000 bit63 0 0 4076 31.99969 -1.29 0 0 0 0 0 0 0 0 0
ffffffffffffffff 0000000000000000 complement0 0 0 4021 32.00032 1.32 0 0 0 0 0 0 0 0 0
