# variant=24 W=2 log2keys=28 seed=9259 mode=Fffffffffffffffff,ffffffffffffffff N=268435456
# d0 d1 name coll low32 low16 meanpop z hist0..8
0002010000000000 0000000000000000 bits40_49 0 0 4097 31.99996 -0.17 0 0 0 0 0 0 0 0 0
8000040000000000 0000000000000000 bits42_63 0 0 4116 32.00010 0.41 0 0 0 0 0 0 0 0 0
4000000000000000 0004000000000000 bits62_114 0 0 3973 32.00002 0.08 0 0 0 0 0 0 0 0 0
0000000000000080 8000000000000000 bits7_127 0 0 4124 31.99936 -2.62 0 0 0 0 0 0 0 0 0
0008000080000000 0000000000000000 bits31_51 0 0 4037 32.00029 1.21 0 0 0 0 0 0 0 0 0
0000000400004000 0000000000000000 bits14_34 0 0 4049 32.00021 0.85 0 0 0 0 0 0 0 0 0
0000020000000000 0000000000400000 bits41_86 0 0 4077 32.00002 0.08 0 0 0 0 0 0 0 0 0
0000100000800000 0000000000000000 bits23_44 0 0 4186 31.99963 -1.50 0 0 0 0 0 0 0 0 0
0000000010001000 0000000000000000 bits12_28 0 0 4013 31.99993 -0.29 0 0 0 0 0 0 0 0 0
0000040000000000 0000000000000008 bits42_67 0 0 4168 31.99999 -0.05 0 0 0 0 0 0 0 0 0
0000000000000000 0000000000010010 bits68_80 0 0 3994 31.99970 -1.21 0 0 0 0 0 0 0 0 0
2000000000000400 0000000000000000 bits10_61 0 0 4019 32.00022 0.90 0 0 0 0 0 0 0 0 0
0080000000000000 0000000020000000 bits55_93 0 0 4069 31.99991 -0.38 0 0 0 0 0 0 0 0 0
0000000100000000 0000008000000000 bits32_103 0 0 4211 31.99998 -0.07 0 0 0 0 0 0 0 0 0
0000000000200000 0080000000000000 bits21_119 0 1 4089 31.99975 -1.02 0 0 0 0 0 0 0 0 0
0100000000000080 0000000000000000 bits7_56 0 0 4132 31.99991 -0.39 0 0 0 0 0 0 0 0 0
0000000000020000 0000000001000000 bits17_88 0 0 4008 32.00008 0.31 0 0 0 0 0 0 0 0 0
0000000800000000 1000000000000000 bits35_124 0 0 4182 32.00050 2.06 0 0 0 0 0 0 0 0 0
0000000000000001 0000000000000000 bit0 0 0 4065 31.99973 -1.09 0 0 0 0 0 0 0 0 0
8000000000000000 0000000000000000 bit63 0 0 4081 32.00024 0.96 0 0 0 0 0 0 0 0 0
ffffffffffffffff 0000000000000000 complement0 0 0 4105 32.00010 0.42 0 0 0 0 0 0 0 0 0
