# variant=24 W=2 log2keys=28 seed=9259 mode=F0 N=268435456
# d0 d1 name coll low32 low16 meanpop z hist0..8
0002010000000000 0000000000000000 bits40_49 0 0 4178 32.00023 0.96 0 0 0 0 0 0 0 0 0
8000040000000000 0000000000000000 bits42_63 0 0 4037 31.99977 -0.93 0 0 0 0 0 0 0 0 1
4000000000000000 0004000000000000 bits62_114 0 0 4037 32.00015 0.62 0 0 0 0 0 0 0 0 1
0000000000000080 8000000000000000 bits7_127 0 0 4163 32.00018 0.73 0 0 0 0 0 0 0 0 0
0008000080000000 0000000000000000 bits31_51 0 0 4205 31.99977 -0.94 0 0 0 0 0 0 0 0 0
0000000400004000 0000000000000000 bits14_34 0 0 4054 31.99962 -1.54 0 0 0 0 0 0 0 0 0
0000020000000000 0000000000400000 bits41_86 0 0 4166 31.99997 -0.14 0 0 0 0 0 0 0 0 0
0000100000800000 0000000000000000 bits23_44 0 0 4156 32.00003 0.12 0 0 0 0 0 0 0 0 0
0000000010001000 0000000000000000 bits12_28 0 0 4213 31.99997 -0.10 0 0 0 0 0 0 0 0 0
0000040000000000 0000000000000008 bits42_67 0 0 4081 31.99978 -0.91 0 0 0 0 0 0 0 0 0
0000000000000000 0000000000010010 bits68_80 0 0 4051 31.99977 -0.94 0 0 0 0 0 0 0 0 0
2000000000000400 0000000000000000 bits10_61 0 0 4081 31.99958 -1.73 0 0 0 0 0 0 0 0 0
0080000000000000 0000000020000000 bits55_93 0 1 4082 31.99953 -1.91 0 0 0 0 0 0 0 0 0
0000000100000000 0000008000000000 bits32_103 0 0 4167 32.00016 0.65 0 0 0 0 0 0 0 0 0
0000000000200000 0080000000000000 bits21_119 0 0 3988 31.99959 -1.66 0 0 0 0 0 0 0 0 0
0100000000000080 0000000000000000 bits7_56 0 0 3961 32.00028 1.13 0 0 0 0 0 0 0 0 0
0000000000020000 0000000001000000 bits17_88 0 0 4121 31.99987 -0.54 0 0 0 0 0 0 0 0 0
0000000800000000 1000000000000000 bits35_124 0 0 4061 32.00014 0.57 0 0 0 0 0 0 0 0 0
0000000000000001 0000000000000000 bit0 0 0 4243 31.99982 -0.73 0 0 0 0 0 0 0 0 0
8000000000000000 0000000000000000 bit63 0 0 4005 32.00000 0.01 0 0 0 0 0 0 0 0 0
ffffffffffffffff 0000000000000000 complement0 0 0 4145 32.00038 1.55 0 0 0 0 0 0 0 0 0
