# variant=24 W=2 log2keys=28 seed=9259 mode=R N=268435456
# d0 d1 name coll low32 low16 meanpop z hist0..8
0002010000000000 0000000000000000 bits40_49 0 0 4090 32.00006 0.24 0 0 0 0 0 0 0 0 0
8000040000000000 0000000000000000 bits42_63 0 0 4124 32.00006 0.23 0 0 0 0 0 0 0 0 0
4000000000000000 0004000000000000 bits62_114 0 0 4188 31.99960 -1.64 0 0 0 0 0 0 0 0 0
0000000000000080 8000000000000000 bits7_127 0 0 4056 32.00025 1.00 0 0 0 0 0 0 0 0 0
0008000080000000 0000000000000000 bits31_51 0 0 4125 32.00000 0.01 0 0 0 0 0 0 0 0 0
0000000400004000 0000000000000000 bits14_34 0 0 4109 31.99989 -0.47 0 0 0 0 0 0 0 0 0
0000020000000000 0000000000400000 bits41_86 0 0 3927 31.99962 -1.54 0 0 0 0 0 0 0 0 0
0000100000800000 0000000000000000 bits23_44 0 0 4131 31.99990 -0.43 0 0 0 0 0 0 0 0 0
0000000010001000 0000000000000000 bits12_28 0 0 4133 31.99989 -0.45 0 0 0 0 0 0 0 0 0
0000040000000000 0000000000000008 bits42_67 0 0 4167 31.99975 -1.03 0 0 0 0 0 0 0 0 0
0000000000000000 0000000000010010 bits68_80 0 1 4132 31.99995 -0.20 0 0 0 0 0 0 0 0 0
2000000000000400 0000000000000000 bits10_61 0 0 4125 32.00020 0.84 0 0 0 0 0 0 0 0 0
0080000000000000 0000000020000000 bits55_93 0 0 4109 31.99982 -0.73 0 0 0 0 0 0 0 0 0
0000000100000000 0000008000000000 bits32_103 0 0 4092 31.99998 -0.07 0 0 0 0 0 0 0 0 0
0000000000200000 0080000000000000 bits21_119 0 0 4135 31.99999 -0.03 0 0 0 0 0 0 0 0 1
0100000000000080 0000000000000000 bits7_56 0 0 4159 32.00008 0.34 0 0 0 0 0 0 0 0 0
0000000000020000 0000000001000000 bits17_88 0 0 4019 32.00013 0.55 0 0 0 0 0 0 0 0 1
0000000800000000 1000000000000000 bits35_124 0 0 4098 32.00004 0.18 0 0 0 0 0 0 0 0 0
0000000000000001 0000000000000000 bit0 0 0 4130 31.99983 -0.69 0 0 0 0 0 0 0 0 0
8000000000000000 0000000000000000 bit63 0 0 4001 32.00001 0.04 0 0 0 0 0 0 0 0 0
ffffffffffffffff 0000000000000000 complement0 0 0 3989 31.99998 -0.08 0 0 0 0 0 0 0 0 0
