0 4 2.625 3.75
0 5 2.8125 4.375
0 6 2.90625 4.6875
0 7 2.953125 4.84375
0 8 2.9765625 4.921875
0 9 2.98828125 4.9609375
0 10 2.994140625 4.98046875
0 11 2.9970703125 4.990234375
0 12 2.99853515625 4.9951171875
0 13 2.999267578125 4.99755859375
0 14 2.9996337890625 4.998779296875
0 15 2.99981689453125 4.9993896484375
0 16 2.999908447265625 4.99969482421875
0 17 2.9999542236328125 4.999847412109375
0 18 2.9999771118164062 4.9999237060546875
0 19 2.999988555908203 4.999961853027344
0 20 2.9999942779541016 4.999980926513672
0 21 2.999997138977051 4.999990463256836
0 22 2.9999985694885254 4.999995231628418
0 23 3.0 5.0
0 24 3.0000016689300537 5.000009059906006
0 25 3.0000075101852417 5.000044584274292
0 26 3.0000304579734802 5.000182509422302
0 27 3.0001220405101776 5.000732123851776
0 28 3.000488266348839 5.002929538488388
0 29 3.0019531175494194 5.011718675494194
0 30 3.0078124962747097 5.046874962747097
0 31 3.031249998137355 5.1874999813735485
0 32 3.1249999990686774 5.749999990686774
0 33 3.9999999995343387 5.999999998137355
0 34 5.499999999767169 9.249999999068677
0 35 6.187499999883585 11.562499999534339
0 36 6.515624999941792 12.82812499976717
0 37 6.691406249970896 13.519531249883585
0 38 6.782226562485448 13.879882812441792
0 39 6.828369140617724 14.063720703095896
0 40 6.851623535152612 14.156555175766698
0 41 6.8632965087872435 14.203201293938037
0 42 6.869144439696356 14.22658157348269
0 43 6.872071266173862 14.238286018369763
0 44 6.873535394668352 14.244141817091986
0 45 6.874267637729531 14.24707061052277
0 46 6.874633803963604 14.248535230755579
0 47 6.874816898256512 14.249267596751338
0 48 6.874908448196933 14.249633793719056
0 49 6.874954223865636 14.249816895695375
0 50 6.87497711187461 14.249908447556649
0 51 6.874988555922753 14.249954223705565
0 52 6.874994277957739 14.249977111834593
0 53 6.87499713897796 14.249988555912749
0 54 6.874998569488753 14.249994277955238
0 55 6.8749992847443195 14.249997138977335
0 56 6.874999642372146 14.249998569488596
0 57 6.874999821186069 14.24999928474428
0 58 6.874999910593034 14.249999642372135
0 59 6.874999955296516 14.249999821186067
0 60 6.874999977648258 14.249999910593033
0 61 6.874999988824129 14.249999955296516
0 62 8.875 18.24999999254942
0 63 11.875000004656613 26.25000000372529
1 4 2.125 3.125
1 5 2.3125 3.8125
1 6 2.40625 4.15625
1 7 2.453125 4.328125
1 8 2.4765625 4.4140625
1 9 2.48828125 4.45703125
1 10 2.494140625 4.478515625
1 11 2.4970703125 4.4892578125
1 12 2.49853515625 4.49462890625
1 13 2.499267578125 4.497314453125
1 14 2.4996337890625 4.4986572265625
1 15 2.49981689453125 4.49932861328125
1 16 2.499908447265625 4.499664306640625
1 17 2.4999542236328125 4.4998321533203125
1 18 2.4999771118164062 4.499916076660156
1 19 2.499988555908203 4.499958038330078
1 20 2.4999942779541016 4.499979019165039
1 21 2.499997138977051 4.4999895095825195
1 22 2.4999992847442627 4.499996185302734
1 23 2.5000001192092896 4.500000476837158
1 24 2.500000536441803 4.500002145767212
1 25 2.500001698732376 4.500006794929504
1 26 2.5000018030405045 4.500007212162018
1 27 2.5000037625432014 4.500015050172806
1 28 2.5000037886202335 4.500015154480934
1 29 2.500007616356015 4.500030465424061
1 30 2.5000076228752732 4.500030491501093
1 31 2.5000152555294335 4.500061022117734
1 32 2.500015257159248 4.5000762874260545
1 33 3.0625000001164153 5.500000000465661
1 34 3.7343750000582077 6.812500000232831
1 35 4.105468750029104 7.687500000116415
1 36 4.299804687514552 8.203125000058208
1 37 4.399169921882276 8.472656250029104
1 38 4.449401855472388 8.610351562514552
1 39 4.4746551513690065 8.679931640632276
1 40 4.487316131592706 8.714904785159888
1 41 4.493655204773404 8.732437133790881
1 42 4.496826887130965 8.741214752198175
1 43 4.498413264751548 8.745606422424771
1 44 4.49920658767229 8.747802972793806
1 45 4.499603282660274 8.748901426792258
1 46 4.499801638536169 8.749450698494968
1 47 4.499900818569593 8.749725345522194
1 48 4.499950409110173 8.749862671829774
1 49 4.499975204511431 8.749931335682056
1 50 4.4999876022448015 8.74996566778282
1 51 4.499993801119672 8.749982833876858
1 52 4.499996900559154 8.74999141693479
1 53 4.499998450279406 8.749995708466486
1 54 4.4999992251396606 8.749997854233015
1 55 4.49999961256982 8.74999892711645
1 56 4.499999806284907 8.749999463558211
1 57 4.499999903142453 8.749999731779102
1 58 4.499999951571226 8.749999865889551
1 59 4.499999975785613 8.749999932944775
1 60 4.4999999878928065 8.749999966472387
1 61 5.499999995343387 10.749999983236194
1 62 7.749999998603016 17.749999991152436
