8 37.0
9 44.5
10 52.0
11 59.5
12 67.0
13 74.5
14 82.0
15 89.5
16 97.0
17 104.5
18 112.0
19 119.5
20 127.0
21 134.5
22 142.0
23 149.5
24 157.0
25 164.5
26 172.0
27 179.5
28 187.0
29 194.5
30 202.0
31 209.5
32 217.0
33 224.5
34 232.0
35 239.5
36 247.0
37 254.5
38 262.0
39 269.5
40 277.0
41 284.5
42 292.0
43 299.5
44 307.0
45 314.5
46 322.0
47 329.5
48 337.0
49 344.5
50 352.0
51 359.5
52 367.0
53 374.5
54 382.0
55 389.5
56 397.0
57 404.5
58 412.0
59 419.5
60 427.0
61 434.5 [1, 3, 0]
62 420.1875 [1, 3, 0]
63 423.6875 [1, 1, 0]
