⚠ [7366/7368] Replayed ProvenHashes.ChainHashModel
warning: ProvenHashes/ChainHashModel.lean:21:41: This simp argument is unused:
  word_card

Hint: Omit it from the simp argument list.
  simp only [IdealKey, BlockKey, Fintype.card_prod, Fintype.card_fun,
  ̵  ̵ ̵ ̵Fintype.card_fin,
  ̲  ̲ ̲ ̲Fintype.card_bool, w̵o̵r̵d̵_̵c̵a̵r̵d̵,̵ ̵field_card repr]

Note: This linter can be disabled with `set_option linter.unusedSimpArgs false`
✖ [7367/7368] Building ProvenHashes.ConcreteWords (6.2s)
trace: .> LEAN_PATH=/home/thomas-ahle/agents/lean-chainhash/lean/.lake/packages/Cli/.lake/build/lib/lean:/home/thomas-ahle/agents/lean-chainhash/lean/.lake/packages/batteries/.lake/build/lib/lean:/home/thomas-ahle/agents/lean-chainhash/lean/.lake/packages/Qq/.lake/build/lib/lean:/home/thomas-ahle/agents/lean-chainhash/lean/.lake/packages/aesop/.lake/build/lib/lean:/home/thomas-ahle/agents/lean-chainhash/lean/.lake/packages/proofwidgets/.lake/build/lib/lean:/home/thomas-ahle/agents/lean-chainhash/lean/.lake/packages/importGraph/.lake/build/lib/lean:/home/thomas-ahle/agents/lean-chainhash/lean/.lake/packages/LeanSearchClient/.lake/build/lib/lean:/home/thomas-ahle/agents/lean-chainhash/lean/.lake/packages/plausible/.lake/build/lib/lean:/home/thomas-ahle/agents/lean-chainhash/lean/.lake/packages/mathlib/.lake/build/lib/lean:/home/thomas-ahle/agents/lean-chainhash/lean/.lake/build/lib/lean /home/thomas-ahle/agents/lean-chainhash/.elan/toolchains/leanprover--lean4---v4.24.0/bin/lean /home/thomas-ahle/agents/lean-chainhash/lean/ProvenHashes/ConcreteWords.lean -o /home/thomas-ahle/agents/lean-chainhash/lean/.lake/build/lib/lean/ProvenHashes/ConcreteWords.olean -i /home/thomas-ahle/agents/lean-chainhash/lean/.lake/build/lib/lean/ProvenHashes/ConcreteWords.ilean -c /home/thomas-ahle/agents/lean-chainhash/lean/.lake/build/ir/ProvenHashes/ConcreteWords.c --setup /home/thomas-ahle/agents/lean-chainhash/lean/.lake/build/ir/ProvenHashes/ConcreteWords.setup.json --json
error: ProvenHashes/ConcreteWords.lean:30:10: Invalid field `degree_eq_natDegree`: The environment does not contain `Eq.degree_eq_natDegree`
  modulus_monic
has type
  leadingCoeff modulus = 1
error: ProvenHashes/ConcreteWords.lean:40:8: Tactic `rewrite` failed: Did not find an occurrence of the pattern
  (pack 64) (lowWord ((AdjoinRoot.modByMonicHom modulus_monic) a))
in the target expression
  (fun v => (AdjoinRoot.mk modulus) ((pack 64) v)) ((fun a => lowWord ((AdjoinRoot.modByMonicHom modulus_monic) a)) a) =
    a

a : BinaryQuotient
hp : (pack 64) (lowWord ((AdjoinRoot.modByMonicHom modulus_monic) a)) = (AdjoinRoot.modByMonicHom modulus_monic) a
⊢ (fun v => (AdjoinRoot.mk modulus) ((pack 64) v)) ((fun a => lowWord ((AdjoinRoot.modByMonicHom modulus_monic) a)) a) =
    a
error: Lean exited with code 1
✖ [7368/7368] Building ProvenHashes.KeyLayout (8.9s)
trace: .> LEAN_PATH=/home/thomas-ahle/agents/lean-chainhash/lean/.lake/packages/Cli/.lake/build/lib/lean:/home/thomas-ahle/agents/lean-chainhash/lean/.lake/packages/batteries/.lake/build/lib/lean:/home/thomas-ahle/agents/lean-chainhash/lean/.lake/packages/Qq/.lake/build/lib/lean:/home/thomas-ahle/agents/lean-chainhash/lean/.lake/packages/aesop/.lake/build/lib/lean:/home/thomas-ahle/agents/lean-chainhash/lean/.lake/packages/proofwidgets/.lake/build/lib/lean:/home/thomas-ahle/agents/lean-chainhash/lean/.lake/packages/importGraph/.lake/build/lib/lean:/home/thomas-ahle/agents/lean-chainhash/lean/.lake/packages/LeanSearchClient/.lake/build/lib/lean:/home/thomas-ahle/agents/lean-chainhash/lean/.lake/packages/plausible/.lake/build/lib/lean:/home/thomas-ahle/agents/lean-chainhash/lean/.lake/packages/mathlib/.lake/build/lib/lean:/home/thomas-ahle/agents/lean-chainhash/lean/.lake/build/lib/lean /home/thomas-ahle/agents/lean-chainhash/.elan/toolchains/leanprover--lean4---v4.24.0/bin/lean /home/thomas-ahle/agents/lean-chainhash/lean/ProvenHashes/KeyLayout.lean -o /home/thomas-ahle/agents/lean-chainhash/lean/.lake/build/lib/lean/ProvenHashes/KeyLayout.olean -i /home/thomas-ahle/agents/lean-chainhash/lean/.lake/build/lib/lean/ProvenHashes/KeyLayout.ilean -c /home/thomas-ahle/agents/lean-chainhash/lean/.lake/build/ir/ProvenHashes/KeyLayout.c --setup /home/thomas-ahle/agents/lean-chainhash/lean/.lake/build/ir/ProvenHashes/KeyLayout.setup.json --json
error: ProvenHashes/KeyLayout.lean:29:4: omega could not prove the goal:
a possible counterexample may satisfy the constraints
  0 ≤ b ≤ 40
  32 ≤ a ≤ 34
  a - b ≥ 1
where
 a := ↑↑j
 b := ↑↑⟨32 + (↑j - 32), ⋯⟩
error: ProvenHashes/KeyLayout.lean:33:4: omega could not prove the goal:
a possible counterexample may satisfy the constraints
  0 ≤ b ≤ 40
  35 ≤ a ≤ 39
  a - b ≥ 1
where
 a := ↑↑j
 b := ↑↑⟨35 + (↑j - 35), ⋯⟩
warning: ProvenHashes/KeyLayout.lean:44:34: This simp argument is unused:
  (pairPosition j).isLt

Hint: Omit it from the simp argument list.
  simp [decodeKey, encodeKey, (̵p̵a̵i̵r̵P̵o̵s̵i̵t̵i̵o̵n̵ ̵j̵)̵.̵i̵s̵L̵t̵,̵ ̵unpair_pairPosition]

Note: This linter can be disabled with `set_option linter.unusedSimpArgs false`
warning: ProvenHashes/KeyLayout.lean:48:34: This simp argument is unused:
  h₀

Hint: Omit it from the simp argument list.
  simp [decodeKey, encodeKey, h₀̵,̵ ̵h̵₁]

Note: This linter can be disabled with `set_option linter.unusedSimpArgs false`
warning: ProvenHashes/KeyLayout.lean:55:38: This simp argument is unused:
  h₁

Hint: Omit it from the simp argument list.
  simp [decodeKey, encodeKey, h₀, h₁̵,̵ ̵h̵₂]

Note: This linter can be disabled with `set_option linter.unusedSimpArgs false`
error: Lean exited with code 1
Some required targets logged failures:
- ProvenHashes.ConcreteWords
- ProvenHashes.KeyLayout
error: build failed
