== mum_head.h
seed0: b341726e9ea37186 b341726e9ea37186 EQ
CONFIG=mum_head_default unroll=8 collisions 1048576/1048576
seed0: b341726e9ea37186 b341726e9ea37186 EQ
CONFIG=mum_head_V3 unroll=8 collisions 1048576/1048576
seed0: e923ca5c3d9465bb e923ca5c3d9465bb EQ
CONFIG=mum_head_V1 unroll=4 collisions 1048576/1048576
seed0: e2cc332f546e669c e2cc332f546e669c EQ
CONFIG=mum_head_V2 unroll=4 collisions 1048576/1048576
seed0: b341726e9ea37186 b341726e9ea37186 EQ
CONFIG=mum_head_unroll4 unroll=16 collisions 1048576/1048576
seed0: 8b1cfd3bd94bd9a8 8689ba77bcfdba2e NE
CONFIG=mum_head_QUALITY unroll=8 collisions 0/1048576
== mum_prefix.h
seed0: b341726e9ea37186 b341726e9ea37186 EQ
CONFIG=mum_prefix_default unroll=8 collisions 1048576/1048576
seed0: b341726e9ea37186 b341726e9ea37186 EQ
CONFIG=mum_prefix_V3 unroll=8 collisions 1048576/1048576
seed0: e923ca5c3d9465bb e923ca5c3d9465bb EQ
CONFIG=mum_prefix_V1 unroll=4 collisions 1048576/1048576
seed0: e2cc332f546e669c e2cc332f546e669c EQ
CONFIG=mum_prefix_V2 unroll=4 collisions 1048576/1048576
seed0: b341726e9ea37186 b341726e9ea37186 EQ
CONFIG=mum_prefix_unroll4 unroll=16 collisions 1048576/1048576
seed0: 8b1cfd3bd94bd9a8 8689ba77bcfdba2e NE
CONFIG=mum_prefix_QUALITY unroll=8 collisions 0/1048576
