ProvenHashes/Highway/Bytes.lean:59:41: error: omega could not prove the goal:
a possible counterexample may satisfy the constraints
  0 ≤ f - 256*g ≤ 254
  0 ≤ c - 256*d ≤ 255
  0 ≤ c ≤ 18446744073709551615
  256 ≤ c + 18446744073709551616*e ≤ 18446744073709551871
  256 ≤ c + 18446744073709551616*e - 256*f ≤ 511
  b ≥ 0
  256*a - b - 256*d - 18446744073709551616*e ≤ -257
  -511 ≤ 256*a - c - 18446744073709551616*e ≤ -256
where
 a := ↑(BitVec.toNat x / 1) / 256
 b := ↑(if False then 1 else 0)
 c := ↑((BitVec.toNat x + 256) % 18446744073709551616) / 1
 d := ↑((BitVec.toNat x + 256) % 18446744073709551616 / 1) / 256
 e := ↑(BitVec.toNat x + 256) / 18446744073709551616
 f := ↑(BitVec.toNat x) / 256
 g := ↑(BitVec.toNat x / 256) / 256
ProvenHashes/Highway/Bytes.lean:59:41: error: omega could not prove the goal:
a possible counterexample may satisfy the constraints
  0 ≤ e - 256*f ≤ 255
  d ≥ 0
  0 ≤ b - 256*c ≤ 254
  b - 256*c + d - e + 256*f ≥ 1
  0 ≤ a ≤ 18446744073709551615
  0 ≤ a - 256*b ≤ 255
  -256 ≤ a - 256*e - 18446744073709551616*g ≤ -1
  -256 ≤ a - 18446744073709551616*g ≤ 18446744073709551359
where
 a := ↑(BitVec.toNat x)
 b := ↑(BitVec.toNat x) / 256
 c := ↑(BitVec.toNat x / 256) / 256
 d := ↑(if True then 1 else 0)
 e := ↑((BitVec.toNat x + 256) % 18446744073709551616) / 256
 f := ↑((BitVec.toNat x + 256) % 18446744073709551616 / 256) / 256
 g := ↑(BitVec.toNat x + 256) / 18446744073709551616
ProvenHashes/Highway/Bytes.lean:59:41: error: omega could not prove the goal:
a possible counterexample may satisfy the constraints
  0 ≤ i - 256*j ≤ 254
  0 ≤ e - 256*f ≤ 255
  d ≥ 0
  0 ≤ b - 256*c ≤ 255
  b - 256*c + d - e + 256*f ≥ 1
  0 ≤ a ≤ 18446744073709551615
  0 ≤ a - 65536*b ≤ 65535
  -256 ≤ a - 65536*e - 18446744073709551616*g ≤ 65279
  -256 ≤ a - 18446744073709551616*g ≤ 18446744073709551359
  0 ≤ a - 256*i ≤ 255
where
 a := ↑(BitVec.toNat x)
 b := ↑(BitVec.toNat x) / 65536
 c := ↑(BitVec.toNat x / 65536) / 256
 d := ↑(if False then 1 else 0)
 e := ↑((BitVec.toNat x + 256) % 18446744073709551616) / 65536
 f := ↑((BitVec.toNat x + 256) % 18446744073709551616 / 65536) / 256
 g := ↑(BitVec.toNat x + 256) / 18446744073709551616
 i := ↑(BitVec.toNat x) / 256
 j := ↑(BitVec.toNat x / 256) / 256
ProvenHashes/Highway/Bytes.lean:59:41: error: omega could not prove the goal:
a possible counterexample may satisfy the constraints
  0 ≤ i - 256*j ≤ 254
  0 ≤ e - 256*f ≤ 255
  d ≥ 0
  0 ≤ b - 256*c ≤ 255
  b - 256*c + d - e + 256*f ≥ 1
  0 ≤ a ≤ 18446744073709551615
  0 ≤ a - 16777216*b ≤ 16777215
  -256 ≤ a - 16777216*e - 18446744073709551616*g ≤ 16776959
  -256 ≤ a - 18446744073709551616*g ≤ 18446744073709551359
  0 ≤ a - 256*i ≤ 255
where
 a := ↑(BitVec.toNat x)
 b := ↑(BitVec.toNat x) / 16777216
 c := ↑(BitVec.toNat x / 16777216) / 256
 d := ↑(if False then 1 else 0)
 e := ↑((BitVec.toNat x + 256) % 18446744073709551616) / 16777216
 f := ↑((BitVec.toNat x + 256) % 18446744073709551616 / 16777216) / 256
 g := ↑(BitVec.toNat x + 256) / 18446744073709551616
 i := ↑(BitVec.toNat x) / 256
 j := ↑(BitVec.toNat x / 256) / 256
ProvenHashes/Highway/Bytes.lean:59:41: error: omega could not prove the goal:
a possible counterexample may satisfy the constraints
  0 ≤ i - 256*j ≤ 254
  0 ≤ e - 256*f ≤ 255
  d ≥ 0
  0 ≤ b - 256*c ≤ 255
  b - 256*c + d - e + 256*f ≥ 1
  0 ≤ a ≤ 18446744073709551615
  0 ≤ a - 4294967296*b ≤ 4294967295
  -256 ≤ a - 4294967296*e - 18446744073709551616*g ≤ 4294967039
  -256 ≤ a - 18446744073709551616*g ≤ 18446744073709551359
  0 ≤ a - 256*i ≤ 255
where
 a := ↑(BitVec.toNat x)
 b := ↑(BitVec.toNat x) / 4294967296
 c := ↑(BitVec.toNat x / 4294967296) / 256
 d := ↑(if False then 1 else 0)
 e := ↑((BitVec.toNat x + 256) % 18446744073709551616) / 4294967296
 f := ↑((BitVec.toNat x + 256) % 18446744073709551616 / 4294967296) / 256
 g := ↑(BitVec.toNat x + 256) / 18446744073709551616
 i := ↑(BitVec.toNat x) / 256
 j := ↑(BitVec.toNat x / 256) / 256
ProvenHashes/Highway/Bytes.lean:59:41: error: omega could not prove the goal:
a possible counterexample may satisfy the constraints
  0 ≤ i - 256*j ≤ 254
  0 ≤ e - 256*f ≤ 255
  d ≥ 0
  0 ≤ b - 256*c ≤ 255
  b - 256*c + d - e + 256*f ≥ 1
  0 ≤ a ≤ 18446744073709551615
  0 ≤ a - 1099511627776*b ≤ 1099511627775
  -256 ≤ a - 1099511627776*e - 18446744073709551616*g ≤ 1099511627519
  -256 ≤ a - 18446744073709551616*g ≤ 18446744073709551359
  0 ≤ a - 256*i ≤ 255
where
 a := ↑(BitVec.toNat x)
 b := ↑(BitVec.toNat x) / 1099511627776
 c := ↑(BitVec.toNat x / 1099511627776) / 256
 d := ↑(if False then 1 else 0)
 e := ↑((BitVec.toNat x + 256) % 18446744073709551616) / 1099511627776
 f := ↑((BitVec.toNat x + 256) % 18446744073709551616 / 1099511627776) / 256
 g := ↑(BitVec.toNat x + 256) / 18446744073709551616
 i := ↑(BitVec.toNat x) / 256
 j := ↑(BitVec.toNat x / 256) / 256
ProvenHashes/Highway/Bytes.lean:59:41: error: omega could not prove the goal:
a possible counterexample may satisfy the constraints
  0 ≤ i - 256*j ≤ 254
  0 ≤ e - 256*f ≤ 255
  d ≥ 0
  0 ≤ b - 256*c ≤ 255
  b - 256*c + d - e + 256*f ≥ 1
  0 ≤ a ≤ 18446744073709551615
  0 ≤ a - 281474976710656*b ≤ 281474976710655
  -256 ≤ a - 281474976710656*e - 18446744073709551616*g ≤ 281474976710399
  -256 ≤ a - 18446744073709551616*g ≤ 18446744073709551359
  0 ≤ a - 256*i ≤ 255
where
 a := ↑(BitVec.toNat x)
 b := ↑(BitVec.toNat x) / 281474976710656
 c := ↑(BitVec.toNat x / 281474976710656) / 256
 d := ↑(if False then 1 else 0)
 e := ↑((BitVec.toNat x + 256) % 18446744073709551616) / 281474976710656
 f := ↑((BitVec.toNat x + 256) % 18446744073709551616 / 281474976710656) / 256
 g := ↑(BitVec.toNat x + 256) / 18446744073709551616
 i := ↑(BitVec.toNat x) / 256
 j := ↑(BitVec.toNat x / 256) / 256
ProvenHashes/Highway/Bytes.lean:59:41: error: omega could not prove the goal:
a possible counterexample may satisfy the constraints
  0 ≤ i - 256*j ≤ 254
  0 ≤ e - 256*f ≤ 255
  d ≥ 0
  0 ≤ b - 256*c ≤ 255
  b - 256*c + d - e + 256*f ≥ 1
  0 ≤ a ≤ 18446744073709551615
  0 ≤ a - 72057594037927936*b ≤ 72057594037927935
  -256 ≤ a - 72057594037927936*e - 18446744073709551616*g ≤ 72057594037927679
  -256 ≤ a - 18446744073709551616*g ≤ 18446744073709551359
  0 ≤ a - 256*i ≤ 255
where
 a := ↑(BitVec.toNat x)
 b := ↑(BitVec.toNat x) / 72057594037927936
 c := ↑(BitVec.toNat x / 72057594037927936) / 256
 d := ↑(if False then 1 else 0)
 e := ↑((BitVec.toNat x + 256) % 18446744073709551616) / 72057594037927936
 f := ↑((BitVec.toNat x + 256) % 18446744073709551616 / 72057594037927936) / 256
 g := ↑(BitVec.toNat x + 256) / 18446744073709551616
 i := ↑(BitVec.toNat x) / 256
 j := ↑(BitVec.toNat x / 256) / 256
ProvenHashes/Highway/Bytes.lean:88:41: error: omega could not prove the goal:
a possible counterexample may satisfy the constraints
  0 ≤ f - 256*g ≤ 254
  0 ≤ c - 256*d ≤ 255
  0 ≤ c ≤ 18446744073709551615
  1099511627776 ≤ c + 18446744073709551616*e ≤ 18446745173221179391
  1099511627776 ≤ c + 18446744073709551616*e - 1099511627776*f ≤ 2199023255551
  b ≥ 0
  256*a - b - 256*d - 18446744073709551616*e ≤ -1099511627777
  -1099511628031 ≤ 256*a - c - 18446744073709551616*e ≤ -1099511627776
where
 a := ↑(BitVec.toNat x / 1) / 256
 b := ↑(if False then 1 else 0)
 c := ↑((BitVec.toNat x + 1099511627776) % 18446744073709551616) / 1
 d := ↑((BitVec.toNat x + 1099511627776) % 18446744073709551616 / 1) / 256
 e := ↑(BitVec.toNat x + 1099511627776) / 18446744073709551616
 f := ↑(BitVec.toNat x) / 1099511627776
 g := ↑(BitVec.toNat x / 1099511627776) / 256
ProvenHashes/Highway/Bytes.lean:88:41: error: omega could not prove the goal:
a possible counterexample may satisfy the constraints
  0 ≤ i - 256*j ≤ 254
  0 ≤ e - 256*f ≤ 255
  d ≥ 0
  0 ≤ b - 256*c ≤ 255
  b - 256*c + d - e + 256*f ≥ 1
  0 ≤ a ≤ 18446744073709551615
  0 ≤ a - 256*b ≤ 255
  -1099511627776 ≤ a - 256*e - 18446744073709551616*g ≤ -1099511627521
  -1099511627776 ≤ a - 18446744073709551616*g ≤ 18446742974197923839
  0 ≤ a - 1099511627776*i ≤ 1099511627775
where
 a := ↑(BitVec.toNat x)
 b := ↑(BitVec.toNat x) / 256
 c := ↑(BitVec.toNat x / 256) / 256
 d := ↑(if False then 1 else 0)
 e := ↑((BitVec.toNat x + 1099511627776) % 18446744073709551616) / 256
 f := ↑((BitVec.toNat x + 1099511627776) % 18446744073709551616 / 256) / 256
 g := ↑(BitVec.toNat x + 1099511627776) / 18446744073709551616
 i := ↑(BitVec.toNat x) / 1099511627776
 j := ↑(BitVec.toNat x / 1099511627776) / 256
ProvenHashes/Highway/Bytes.lean:88:41: error: omega could not prove the goal:
a possible counterexample may satisfy the constraints
  0 ≤ i - 256*j ≤ 254
  0 ≤ e - 256*f ≤ 255
  d ≥ 0
  0 ≤ b - 256*c ≤ 255
  b - 256*c + d - e + 256*f ≥ 1
  0 ≤ a ≤ 18446744073709551615
  0 ≤ a - 65536*b ≤ 65535
  -1099511627776 ≤ a - 65536*e - 18446744073709551616*g ≤ -1099511562241
  -1099511627776 ≤ a - 18446744073709551616*g ≤ 18446742974197923839
  0 ≤ a - 1099511627776*i ≤ 1099511627775
where
 a := ↑(BitVec.toNat x)
 b := ↑(BitVec.toNat x) / 65536
 c := ↑(BitVec.toNat x / 65536) / 256
 d := ↑(if False then 1 else 0)
 e := ↑((BitVec.toNat x + 1099511627776) % 18446744073709551616) / 65536
 f := ↑((BitVec.toNat x + 1099511627776) % 18446744073709551616 / 65536) / 256
 g := ↑(BitVec.toNat x + 1099511627776) / 18446744073709551616
 i := ↑(BitVec.toNat x) / 1099511627776
 j := ↑(BitVec.toNat x / 1099511627776) / 256
ProvenHashes/Highway/Bytes.lean:88:41: error: omega could not prove the goal:
a possible counterexample may satisfy the constraints
  0 ≤ i - 256*j ≤ 254
  0 ≤ e - 256*f ≤ 255
  d ≥ 0
  0 ≤ b - 256*c ≤ 255
  b - 256*c + d - e + 256*f ≥ 1
  0 ≤ a ≤ 18446744073709551615
  0 ≤ a - 16777216*b ≤ 16777215
  -1099511627776 ≤ a - 16777216*e - 18446744073709551616*g ≤ -1099494850561
  -1099511627776 ≤ a - 18446744073709551616*g ≤ 18446742974197923839
  0 ≤ a - 1099511627776*i ≤ 1099511627775
where
 a := ↑(BitVec.toNat x)
 b := ↑(BitVec.toNat x) / 16777216
 c := ↑(BitVec.toNat x / 16777216) / 256
 d := ↑(if False then 1 else 0)
 e := ↑((BitVec.toNat x + 1099511627776) % 18446744073709551616) / 16777216
 f := ↑((BitVec.toNat x + 1099511627776) % 18446744073709551616 / 16777216) / 256
 g := ↑(BitVec.toNat x + 1099511627776) / 18446744073709551616
 i := ↑(BitVec.toNat x) / 1099511627776
 j := ↑(BitVec.toNat x / 1099511627776) / 256
ProvenHashes/Highway/Bytes.lean:88:41: error: omega could not prove the goal:
a possible counterexample may satisfy the constraints
  0 ≤ i - 256*j ≤ 254
  0 ≤ e - 256*f ≤ 255
  d ≥ 0
  0 ≤ b - 256*c ≤ 255
  b - 256*c + d - e + 256*f ≥ 1
  0 ≤ a ≤ 18446744073709551615
  0 ≤ a - 4294967296*b ≤ 4294967295
  -1099511627776 ≤ a - 4294967296*e - 18446744073709551616*g ≤ -1095216660481
  -1099511627776 ≤ a - 18446744073709551616*g ≤ 18446742974197923839
  0 ≤ a - 1099511627776*i ≤ 1099511627775
where
 a := ↑(BitVec.toNat x)
 b := ↑(BitVec.toNat x) / 4294967296
 c := ↑(BitVec.toNat x / 4294967296) / 256
 d := ↑(if False then 1 else 0)
 e := ↑((BitVec.toNat x + 1099511627776) % 18446744073709551616) / 4294967296
 f := ↑((BitVec.toNat x + 1099511627776) % 18446744073709551616 / 4294967296) / 256
 g := ↑(BitVec.toNat x + 1099511627776) / 18446744073709551616
 i := ↑(BitVec.toNat x) / 1099511627776
 j := ↑(BitVec.toNat x / 1099511627776) / 256
ProvenHashes/Highway/Bytes.lean:88:41: error: omega could not prove the goal:
a possible counterexample may satisfy the constraints
  0 ≤ e - 256*f ≤ 255
  d ≥ 0
  0 ≤ b - 256*c ≤ 254
  b - 256*c + d - e + 256*f ≥ 1
  0 ≤ a ≤ 18446744073709551615
  0 ≤ a - 1099511627776*b ≤ 1099511627775
  -1099511627776 ≤ a - 1099511627776*e - 18446744073709551616*g ≤ -1
  -1099511627776 ≤ a - 18446744073709551616*g ≤ 18446742974197923839
where
 a := ↑(BitVec.toNat x)
 b := ↑(BitVec.toNat x) / 1099511627776
 c := ↑(BitVec.toNat x / 1099511627776) / 256
 d := ↑(if True then 1 else 0)
 e := ↑((BitVec.toNat x + 1099511627776) % 18446744073709551616) / 1099511627776
 f := ↑((BitVec.toNat x + 1099511627776) % 18446744073709551616 / 1099511627776) / 256
 g := ↑(BitVec.toNat x + 1099511627776) / 18446744073709551616
ProvenHashes/Highway/Bytes.lean:88:41: error: omega could not prove the goal:
a possible counterexample may satisfy the constraints
  0 ≤ i - 256*j ≤ 254
  0 ≤ e - 256*f ≤ 255
  d ≥ 0
  0 ≤ b - 256*c ≤ 255
  b - 256*c + d - e + 256*f ≥ 1
  0 ≤ a ≤ 18446744073709551615
  0 ≤ a - 281474976710656*b ≤ 281474976710655
  -1099511627776 ≤ a - 281474976710656*e - 18446744073709551616*g ≤ 280375465082879
  -1099511627776 ≤ a - 18446744073709551616*g ≤ 18446742974197923839
  0 ≤ a - 1099511627776*i ≤ 1099511627775
where
 a := ↑(BitVec.toNat x)
 b := ↑(BitVec.toNat x) / 281474976710656
 c := ↑(BitVec.toNat x / 281474976710656) / 256
 d := ↑(if False then 1 else 0)
 e := ↑((BitVec.toNat x + 1099511627776) % 18446744073709551616) / 281474976710656
 f := ↑((BitVec.toNat x + 1099511627776) % 18446744073709551616 / 281474976710656) / 256
 g := ↑(BitVec.toNat x + 1099511627776) / 18446744073709551616
 i := ↑(BitVec.toNat x) / 1099511627776
 j := ↑(BitVec.toNat x / 1099511627776) / 256
ProvenHashes/Highway/Bytes.lean:88:41: error: omega could not prove the goal:
a possible counterexample may satisfy the constraints
  0 ≤ i - 256*j ≤ 254
  0 ≤ e - 256*f ≤ 255
  d ≥ 0
  0 ≤ b - 256*c ≤ 255
  b - 256*c + d - e + 256*f ≥ 1
  0 ≤ a ≤ 18446744073709551615
  0 ≤ a - 72057594037927936*b ≤ 72057594037927935
  -1099511627776 ≤ a - 72057594037927936*e - 18446744073709551616*g ≤ 72056494526300159
  -1099511627776 ≤ a - 18446744073709551616*g ≤ 18446742974197923839
  0 ≤ a - 1099511627776*i ≤ 1099511627775
where
 a := ↑(BitVec.toNat x)
 b := ↑(BitVec.toNat x) / 72057594037927936
 c := ↑(BitVec.toNat x / 72057594037927936) / 256
 d := ↑(if False then 1 else 0)
 e := ↑((BitVec.toNat x + 1099511627776) % 18446744073709551616) / 72057594037927936
 f := ↑((BitVec.toNat x + 1099511627776) % 18446744073709551616 / 72057594037927936) / 256
 g := ↑(BitVec.toNat x + 1099511627776) / 18446744073709551616
 i := ↑(BitVec.toNat x) / 1099511627776
 j := ↑(BitVec.toNat x / 1099511627776) / 256
ProvenHashes/Highway/Bytes.lean:79:8: error: (kernel) deep recursion detected
ProvenHashes/Highway/Bytes.lean:90:8: error: (kernel) deep recursion detected
ProvenHashes/Highway/Bytes.lean:129:8: error: (kernel) deep recursion detected
