upstream_check: google/farmhash src/farmhash.cc included directly; NDEBUG defined; can_use_sse41=1; N=2^20 seeds per interface
Peters vector: farmhashna::Hash64("orlp-farmhash64-?VrJ@L7ytzwheaaa") = 1337 (published 1337)

pair A (8 B, rho): unseeded farmhashna::Hash64 25ddc82d6c8a301a / 25ddc82d6c8a301a EQUAL
  farmhash::(public)   explicit seed 82bdf567d8ebbf4f: 49186432ae14e980 / 49186432ae14e980 COLLIDE
  farmhash::(public)   Hash64WithSeed 1048576/1048576   Hash64WithSeeds 1048576/1048576
  farmhashna           explicit seed 82bdf567d8ebbf4f: 49186432ae14e980 / 49186432ae14e980 COLLIDE
  farmhashna           Hash64WithSeed 1048576/1048576   Hash64WithSeeds 1048576/1048576
  farmhashuo           explicit seed 82bdf567d8ebbf4f: 49186432ae14e980 / 49186432ae14e980 COLLIDE
  farmhashuo           Hash64WithSeed 1048576/1048576   Hash64WithSeeds 1048576/1048576
  farmhashxo           explicit seed 82bdf567d8ebbf4f: 49186432ae14e980 / 49186432ae14e980 COLLIDE
  farmhashxo           Hash64WithSeed 1048576/1048576   Hash64WithSeeds 1048576/1048576
  farmhashte           explicit seed 82bdf567d8ebbf4f: 49186432ae14e980 / 49186432ae14e980 COLLIDE
  farmhashte           Hash64WithSeed 1048576/1048576   Hash64WithSeeds 1048576/1048576

pair B (32 B, closed form): unseeded farmhashna::Hash64 b49071fd6dc4354d / b49071fd6dc4354d EQUAL
  farmhash::(public)   explicit seed 82bdf567d8ebbf4f: 6aeaa95070e78f9e / 6aeaa95070e78f9e COLLIDE
  farmhash::(public)   Hash64WithSeed 1048576/1048576   Hash64WithSeeds 1048576/1048576
  farmhashna           explicit seed 82bdf567d8ebbf4f: 6aeaa95070e78f9e / 6aeaa95070e78f9e COLLIDE
  farmhashna           Hash64WithSeed 1048576/1048576   Hash64WithSeeds 1048576/1048576
  farmhashuo           explicit seed 82bdf567d8ebbf4f: 6aeaa95070e78f9e / 6aeaa95070e78f9e COLLIDE
  farmhashuo           Hash64WithSeed 1048576/1048576   Hash64WithSeeds 1048576/1048576
  farmhashxo           explicit seed 82bdf567d8ebbf4f: 6aeaa95070e78f9e / 6aeaa95070e78f9e COLLIDE
  farmhashxo           Hash64WithSeed 1048576/1048576   Hash64WithSeeds 1048576/1048576
  farmhashte           explicit seed 82bdf567d8ebbf4f: 6aeaa95070e78f9e / 6aeaa95070e78f9e COLLIDE
  farmhashte           Hash64WithSeed 1048576/1048576   Hash64WithSeeds 1048576/1048576

pair C (Peters): unseeded farmhashna::Hash64 0000000000000539 / 0000000000000539 EQUAL
  farmhash::(public)   explicit seed 82bdf567d8ebbf4f: f8cf13cec7b1d83f / f8cf13cec7b1d83f COLLIDE
  farmhash::(public)   Hash64WithSeed 1048576/1048576   Hash64WithSeeds 1048576/1048576
  farmhashna           explicit seed 82bdf567d8ebbf4f: f8cf13cec7b1d83f / f8cf13cec7b1d83f COLLIDE
  farmhashna           Hash64WithSeed 1048576/1048576   Hash64WithSeeds 1048576/1048576
  farmhashuo           explicit seed 82bdf567d8ebbf4f: f8cf13cec7b1d83f / f8cf13cec7b1d83f COLLIDE
  farmhashuo           Hash64WithSeed 1048576/1048576   Hash64WithSeeds 1048576/1048576
  farmhashxo           explicit seed 82bdf567d8ebbf4f: f8cf13cec7b1d83f / f8cf13cec7b1d83f COLLIDE
  farmhashxo           Hash64WithSeed 1048576/1048576   Hash64WithSeeds 1048576/1048576
  farmhashte           explicit seed 82bdf567d8ebbf4f: f8cf13cec7b1d83f / f8cf13cec7b1d83f COLLIDE
  farmhashte           Hash64WithSeed 1048576/1048576   Hash64WithSeeds 1048576/1048576

RESULT: all pairs collide on every sampled seed on every interface

real	0m1.011s
user	0m0.335s
sys	0m0.001s
exit=0
