farmhash-64: FarmHash v1.1 NA, farmhashna::Hash64WithSeed (SMHasher3 FarmHash_64__NA)
validation: SMHasher3 verification_LE = 0xEBC4A679 (expected 0xEBC4A679) OK
validation: unseeded Hash64("orlp-farmhash64-?VrJ@L7ytzwheaaa") = 1337 (published: 1337) OK

mechanism: Hash64WithSeed(m, seed) = HashLen16(Hash64(m) - k2, seed) and
           Hash64WithSeeds(m, s0, s1) = HashLen16(Hash64(m) - s0, s1).  For a fixed second
           argument HashLen16(u, v) is a bijection of u (xor with v, multiply by an odd
           constant, the involution u ^= u >> 47), so the seed never separates two messages
           with equal unseeded Hash64: every such pair collides for EVERY seed (rate 1, key-free).
conditional on: none (no weak-seed class; the class is all 2^64 seeds, density 1)

seeds: N = 2^26 = 67108864 uniformly random 64-bit seeds per pair (xoshiro256**, seed 1)

pair A: 8-byte pair: collision of the public unseeded Hash64 found by a distinguished-point rho
      walk (~2^31.8 evaluations); verifier-confirmed at 2^30 seeds, rate exactly 1
  m1 = 574522e6dce98176  (8 bytes)
  m2 = 0df3b1f900d36296  (8 bytes)
  unseeded Hash64: m1 -> 25ddc82d6c8a301a   m2 -> 25ddc82d6c8a301a   (equal)
  Hash64WithSeed(seed):            collisions = 67108864 / 67108864   rate = 1   log2 rate = 0.0000
  Hash64WithSeeds(seed0, seed1):   collisions = 67108864 / 67108864   rate = 1   log2 rate = 0.0000
  explicit seed 82bdf567d8ebbf4f:   H(m1) = 49186432ae14e980   H(m2) = 49186432ae14e980   COLLIDE
  first sampled colliding seed b3f2af6d0fc710c5:   H = 6fcc1f5ef69df188 for both
  non-colliding seeds found: 0

pair B: 32-byte pair: closed form, NO search -- HashLen17to32 is solved for words w2,w3 so both
      messages land in one HashLen16 collision class; verifier-confirmed at 2^30 seeds
  m1 = 726c70206661726d706c61696e683332acc3a05fcc8dbead6d1998c94a300be8  (32 bytes)
  m2 = 736c70206661726de0d8c2d2dcd06664cdeab4eacd29799b6803df46f137a3cd  (32 bytes)
  unseeded Hash64: m1 -> b49071fd6dc4354d   m2 -> b49071fd6dc4354d   (equal)
  Hash64WithSeed(seed):            collisions = 67108864 / 67108864   rate = 1   log2 rate = 0.0000
  Hash64WithSeeds(seed0, seed1):   collisions = 67108864 / 67108864   rate = 1   log2 rate = 0.0000
  explicit seed 82bdf567d8ebbf4f:   H(m1) = 6aeaa95070e78f9e   H(m2) = 6aeaa95070e78f9e   COLLIDE
  first sampled colliding seed b3f2af6d0fc710c5:   H = 9cda96ba16a5b776 for both
  non-colliding seeds found: 0

pair C: Orson Peters' published strings 'orlp-farmhash64-?VrJ@L7ytzwheaaa' and
      'orlp-farmhash64-p3`!SQb}fmxheaaa' (orlp.net/blog/breaking-hash-functions): Hash64 == 1337
  m1 = 6f726c702d6661726d6861736836342d3f56724a404c3779747a776865616161  (32 bytes)
  m2 = 6f726c702d6661726d6861736836342d703360215351627d666d786865616161  (32 bytes)
  unseeded Hash64: m1 -> 0000000000000539   m2 -> 0000000000000539   (equal)
  Hash64WithSeed(seed):            collisions = 67108864 / 67108864   rate = 1   log2 rate = 0.0000
  Hash64WithSeeds(seed0, seed1):   collisions = 67108864 / 67108864   rate = 1   log2 rate = 0.0000
  explicit seed 82bdf567d8ebbf4f:   H(m1) = f8cf13cec7b1d83f   H(m2) = f8cf13cec7b1d83f   COLLIDE
  first sampled colliding seed b3f2af6d0fc710c5:   H = 54673fdd5512d429 for both
  non-colliding seeds found: 0

real	0m51.295s
user	0m17.533s
sys	0m0.001s
exit=0
