MurmurHash3_x64_128 (SMHasher3 "MurmurHash3_128", seed truncated to 32 bits)
SMHasher3 verification value: computed 0x6384BA69, expected 0x6384BA69 -> OK
Sampling N = 2^20 uniformly random 32-bit seeds (xoshiro256**, rng seed 1)

== Pair 1: 24-byte pair (one block + 8-byte tail): confirmed worst pair, L = 3 words, bits = log2(3/1) = 1.585 ==
  length 24 bytes each, condition on the seed: none (key-free)
  m  = 000000000000000000000000000000000000000000000000
  m' = 60a0fd219e0ef2cd42e098d38ee8728d000000007d4dce82
  mechanism: block 1: g1(k1') = g1(k1) ^ 2^36 and g2(k2') = g2(k2) ^ 2^32 give state difference (2^63, 0) deterministically (rotl 27 / rotl 31 move the bits to the top; += and *5+c preserve 2^63); 8-byte tail k3 with g1(k3') = g1(k3) ^ 2^63 cancels h1; no k2 tail so h2 untouched
  trace at seed 0x00000000 (state difference h1^h1', h2^h2'):
    block 1: g1 diff 0000001000000000  g2 diff 0000000100000000  -> state diff (8000000000000000, 0000000000000000)
    tail   : g1 diff 8000000000000000                            -> state diff (0000000000000000, 0000000000000000)
    same length, same state -> same finalization -> same hash
  trace at seed 0x9e3779b9 (state difference h1^h1', h2^h2'):
    block 1: g1 diff 0000001000000000  g2 diff 0000000100000000  -> state diff (8000000000000000, 0000000000000000)
    tail   : g1 diff 8000000000000000                            -> state diff (0000000000000000, 0000000000000000)
    same length, same state -> same finalization -> same hash
  random seeds : collisions/N = 1048576/1048576 = 1.000000, rate 2^0.0000
  control pair : collisions/N = 0/1048576, rate unestimated (zero observed in 2^20 trials)  (m' with last bit flipped)
  published example seed 0x00000000:
    H(m)  = 46328447a2022b04964f2f614c774125
    H(m') = 46328447a2022b04964f2f614c774125
    equal
  first sampled colliding seed 0xb3f2af6d:
    H(m)  = bd2dcb051acc710a23874cecfe4f47df
    H(m') = bd2dcb051acc710a23874cecfe4f47df
    equal
  exhaustive   : collisions = 4294967296 of 4294967296 seeds (2^32), rate 2^0.0000

== Pair 2: 32-byte pair (two blocks): the 2012-style two-block universal collision, L = 4 words, bits = 2 ==
  length 32 bytes each, condition on the seed: none (key-free)
  m  = 0000000000000000000000000000000000000000000000000000000000000000
  m' = 60a0fd219e0ef2cd000000000000000060a0fd2121c1234b000000c01f8b7776
  mechanism: block 1: g1 diff 2^36 -> (2^63, 2^63); block 2: g1 diff 2^63|2^36, g2 diff 2^63 -> (0, 0); n such block pairs give 2^n messages colliding for every seed (hash-flooding multicollision)
  trace at seed 0x00000000 (state difference h1^h1', h2^h2'):
    block 1: g1 diff 0000001000000000  g2 diff 0000000000000000  -> state diff (8000000000000000, 8000000000000000)
    block 2: g1 diff 8000001000000000  g2 diff 8000000000000000  -> state diff (0000000000000000, 0000000000000000)
    same length, same state -> same finalization -> same hash
  trace at seed 0x9e3779b9 (state difference h1^h1', h2^h2'):
    block 1: g1 diff 0000001000000000  g2 diff 0000000000000000  -> state diff (8000000000000000, 8000000000000000)
    block 2: g1 diff 8000001000000000  g2 diff 8000000000000000  -> state diff (0000000000000000, 0000000000000000)
    same length, same state -> same finalization -> same hash
  random seeds : collisions/N = 1048576/1048576 = 1.000000, rate 2^0.0000
  control pair : collisions/N = 0/1048576, rate unestimated (zero observed in 2^20 trials)  (m' with last bit flipped)
  published example seed 0x00000000:
    H(m)  = d05cde4a283c72313c2d34b31b1dc010
    H(m') = d05cde4a283c72313c2d34b31b1dc010
    equal
  first sampled colliding seed 0x1a28690d:
    H(m)  = 8a7b010b8bed1073e911a028f82cd0c2
    H(m') = 8a7b010b8bed1073e911a028f82cd0c2
    equal
  exhaustive   : collisions = 4294967296 of 4294967296 seeds (2^32), rate 2^0.0000

== Multicollision: the four 64-byte messages {m,m'} x {m,m'} of pair 2 ==
  seeds where all four hashes agree: 1048576/1048576
  example seed 0x0afee077:
    H(AA) = 43ff2fce6ca96bd127f1381812f90117
    H(AB) = 43ff2fce6ca96bd127f1381812f90117
    H(BA) = 43ff2fce6ca96bd127f1381812f90117
    H(BB) = 43ff2fce6ca96bd127f1381812f90117

Done.
