selftest 1: rapidhash_internal("message digest",14,seed=3,default) = 0031cdc21324150f expected 0031cdc21324150f PASS
selftest 2: row witness seed 3788f2419a81e2d6: 8f7a71ffebd4a14b 8f7a71ffebd4a14b expected 8f7a71ffebd4a14b PASS
selftest 3: pair A example key: 4329ec0defb7f826 4329ec0defb7f826 expected 4329ec0defb7f826 PASS
selftest 4: pair B24 example key: e69e5ea677632e22 e69e5ea677632e22 expected e69e5ea677632e22 PASS
selftest 5: rapidhash_withSeed matches internal(default secret): PASS
selftest: 0 failures
== 1: pair A, random seed + 3 uniform secret words, 2^32, rngseed 1
rs_verify pair: len=32 M=9bd4604137366abec688a63706aa4a2188d35499de169df633e0964e8c04600c M'=642b9fbec8c99541397759c8f955b5de88d35499de169df633e0964e8c04600c N=2^32 rngseed=1 mode=random threads=8 rng=mt19937_64
result: hits=40 N=4294967296 (2^32) rate=9.3132e-09 log2rate=-26.6781 [-27.1632, -26.2326] cap_bits(L=4)=28.678 [28.233, 29.163]
example: seed=425c7b271ec046a1 secret={c4a15a6813d3e593,258531f2680f4bf7,cf0b8843d67496f9} out=5613180444cb3113
example: seed=1a7bbfcff8678a47 secret={0c5d74779b899ad6,2e6774652f829c87,f42822b5422f4561} out=5039dd6b554ce739
example: seed=8bc3945ede133870 secret={6685cc4c507bb180,c3e3e60ffc8299b0,fd4c6c71c43b4093} out=75693248577d45d1
== 2: pair B24, random seed + 3 uniform secret words, 2^32, rngseed 1
rs_verify pair: len=24 M=9bd4604137366abec688a63706aa4a2188d35499de169df6 M'=642b9fbec8c99541c688a63706aa4a2188d35499de169df6 N=2^32 rngseed=1 mode=random threads=8 rng=mt19937_64
result: hits=25 N=4294967296 (2^32) rate=5.8208e-09 log2rate=-27.3561 [-27.9840, -26.7943] cap_bits(L=3)=28.941 [28.379, 29.569]
example: seed=6be0415e063f930c secret={90951aaf64dd124a,e6b20df9cd6afec7,be11590888f47356} out=9a6e58e10df308ec
example: seed=20f275e8088a342a secret={7bbf985f3dfa9d13,a386be0c73626036,1905f0c068943629} out=72cc8d22b190839a
example: seed=4b35b52126981c3b secret={11bd51ec4761ba88,4987ab3ba005b2b1,61f0fcf1c4f6a6f1} out=2a857b1e77d0d198
== 3: fresh confirmation, pair A, 2^33, rngseed 2
rs_verify pair: len=32 M=9bd4604137366abec688a63706aa4a2188d35499de169df633e0964e8c04600c M'=642b9fbec8c99541397759c8f955b5de88d35499de169df633e0964e8c04600c N=2^33 rngseed=2 mode=random threads=8 rng=mt19937_64
result: hits=82 N=8589934592 (2^33) rate=9.5461e-09 log2rate=-26.6424 [-26.9728, -26.3306] cap_bits(L=4)=28.642 [28.331, 28.973]
example: seed=380af2da6a8516ea secret={1911541e1e66e0c2,f7fc188f790a193c,e143055a2ed7c220} out=d5395dcf68138b11
example: seed=1bd3200e48c5b1ce secret={d4d097dfd843cfd3,587479ab4ddb6ea8,10c4d8551cd04645} out=3b8885870c9352e7
example: seed=293192ada1e287f7 secret={33b50d70358054f6,0c8911462434af4a,e5373e987f1361f1} out=a2eb44df822d38c7
== 4: fresh confirmation, pair B24, 2^33, rngseed 2
rs_verify pair: len=24 M=9bd4604137366abec688a63706aa4a2188d35499de169df6 M'=642b9fbec8c99541c688a63706aa4a2188d35499de169df6 N=2^33 rngseed=2 mode=random threads=8 rng=mt19937_64
result: hits=68 N=8589934592 (2^33) rate=7.9162e-09 log2rate=-26.9125 [-27.2774, -26.5703] cap_bits(L=3)=28.497 [28.155, 28.862]
example: seed=df264ff0dda24238 secret={8e6c23654005611a,4f7f57c4dc54843d,ee076beda9a375ad} out=dab7211385431026
example: seed=3dfd48521cd7fd39 secret={8952b39e096cc41f,0eaa923dd81db571,92ad3e8c2e1681be} out=8665eba362ff41bb
example: seed=27d3ad94b18bec19 secret={f128d3d257affd54,20fae773c8c28565,887dbc05dd266d5d} out=f74c5fdba6b1e5dc
== 5: controls, 2^32, rngseed 3: pair A default secret; pair A odd secret; pair B24 default secret
rs_verify pair: len=32 M=9bd4604137366abec688a63706aa4a2188d35499de169df633e0964e8c04600c M'=642b9fbec8c99541397759c8f955b5de88d35499de169df633e0964e8c04600c N=2^32 rngseed=3 mode=default threads=8 rng=mt19937_64
result: hits=47 N=4294967296 (2^32) rate=1.0943e-08 log2rate=-26.4454 [-26.8901, -26.0342] cap_bits(L=4)=28.445 [28.034, 28.890]
example: seed=0a5d3e76ad8f5090 secret={2d358dccaa6c78a5,8bb84b93962eacc9,4b33a62ed433d4a3} out=c0c2b738a7a6a1b3
example: seed=572661d4f8a57665 secret={2d358dccaa6c78a5,8bb84b93962eacc9,4b33a62ed433d4a3} out=35eb993b3ea82981
example: seed=d4d63c75df22a741 secret={2d358dccaa6c78a5,8bb84b93962eacc9,4b33a62ed433d4a3} out=aa641bb490b885c6
rs_verify pair: len=32 M=9bd4604137366abec688a63706aa4a2188d35499de169df633e0964e8c04600c M'=642b9fbec8c99541397759c8f955b5de88d35499de169df633e0964e8c04600c N=2^32 rngseed=3 mode=odd threads=8 rng=mt19937_64
result: hits=49 N=4294967296 (2^32) rate=1.1409e-08 log2rate=-26.3853 [-26.8201, -25.9825] cap_bits(L=4)=28.385 [27.983, 28.820]
example: seed=0dcc8bbff22bc65d secret={a22443292470fa77,66d8ff3209b40021,9452941168539735} out=5bba91a433985e7f
example: seed=2a743cf6627fe867 secret={97038da4da60dc97,0fe135a82a99644f,2ab9fe4c6835fb35} out=8209f5ec5fdc6a3d
example: seed=9c5e858bddcf696d secret={bdf7aff31dad8185,a5bffefe4b828a37,fdebc4ebd2af45dd} out=479d063748d66c0d
rs_verify pair: len=24 M=9bd4604137366abec688a63706aa4a2188d35499de169df6 M'=642b9fbec8c99541c688a63706aa4a2188d35499de169df6 N=2^32 rngseed=3 mode=default threads=8 rng=mt19937_64
result: hits=32 N=4294967296 (2^32) rate=7.4506e-09 log2rate=-27.0000 [-27.5479, -26.5026] cap_bits(L=3)=28.585 [28.088, 29.133]
example: seed=c1ddc640d97a84af secret={2d358dccaa6c78a5,8bb84b93962eacc9,4b33a62ed433d4a3} out=ef84149213841240
example: seed=80ea0f8346fe6614 secret={2d358dccaa6c78a5,8bb84b93962eacc9,4b33a62ed433d4a3} out=ea8189912ea0109d
example: seed=82bb1124c4ea3e2e secret={2d358dccaa6c78a5,8bb84b93962eacc9,4b33a62ed433d4a3} out=f3552b3618320d7f
== 6: 32-byte single-word complements under random model, 2^32, rngseed 3 (word 0 only; word 1 only); null control (single bit flip)
rs_verify pair: len=32 M=9bd4604137366abec688a63706aa4a2188d35499de169df633e0964e8c04600c M'=642b9fbec8c99541c688a63706aa4a2188d35499de169df633e0964e8c04600c N=2^32 rngseed=3 mode=random threads=8 rng=mt19937_64
result: hits=36 N=4294967296 (2^32) rate=8.3819e-09 log2rate=-26.8301 [-27.3438, -26.3608] cap_bits(L=4)=28.830 [28.361, 29.344]
example: seed=a2bf079c84d2f165 secret={993f5f74800a8b6b,bd9445880d6a1038,1a0127dbb6e4ce28} out=1606db925ea3116b
example: seed=bda519b5f446d350 secret={8520dd0b43182107,fc9eb100c0cf200b,a829a56e53525704} out=50a0ca3a34bfa3c3
example: seed=ea4749902271eb5d secret={0110a51eb956c4dd,981648c10928d08c,92c1644f198e7f4d} out=ecf7b6794968ab65
rs_verify pair: len=32 M=9bd4604137366abec688a63706aa4a2188d35499de169df633e0964e8c04600c M'=9bd4604137366abe397759c8f955b5de88d35499de169df633e0964e8c04600c N=2^32 rngseed=3 mode=random threads=8 rng=mt19937_64
result: hits=34 N=4294967296 (2^32) rate=7.9162e-09 log2rate=-26.9125 [-27.4426, -26.4298] cap_bits(L=4)=28.913 [28.430, 29.443]
example: seed=eb7871e123b2ba89 secret={44ce66c61f2e4b6b,6b26ae93f460c7df,30972f896a852ee8} out=05d56369f4e623d2
example: seed=a999c58a3ee7af16 secret={6ba8f6ee07f2bdfe,39a35738b77fb517,2f99a9f6bbe09492} out=2de2accc3caa8ae3
example: seed=143fe613520fa71b secret={85f1f0314a47d61d,be81e6db7db85e57,09dd330c925c689a} out=1ccb59a981121447
rs_verify pair: len=32 M=9bd4604137366abec688a63706aa4a2188d35499de169df633e0964e8c04600c M'=9bd4604137366abfc688a63706aa4a2188d35499de169df633e0964e8c04600c N=2^32 rngseed=3 mode=random threads=8 rng=mt19937_64
result: hits=0 N=4294967296 (2^32) rate=0.0000e+00 log2rate=-inf [-inf, -30.1168] cap_bits(L=4)=inf [32.117, inf]
floor: 0 hits -> rate < 8.5888e-10 = 2^-30.12 (95%), cap_bits > 32.12
elapsed 910 s
