{
  "status": "PASS",
  "C1": 3125,
  "C2": 729632,
  "J": 1416246956032,
  "K_decimal_display": 0.6276036008493975,
  "scores": {
    "through_2pow23_words": {
      "length": 2,
      "ratio": [
        883423532389192135626342988267511993685916486554437330390710663837122560,
        1838408874278400105683220940734082153772107441
      ],
      "interval_hundredths": [
        8863,
        8864
      ],
      "decimal_display_only": "88.634778062847499018141704009036631318324948510589719130841371447390221638277515"
    },
    "through_2pow61_minus1_words": {
      "length": 2305843009213693921,
      "ratio": [
        1018517988167242995815849890608584288259032153562331276350202457915270796692025332601978880,
        1725436586698668982917990847827213535695074927781316275888182521454881
      ],
      "interval_hundredths": [
        6899,
        6900
      ],
      "decimal_display_only": "68.999999999999140357760397251168648142967690287684493150108375966767064433169586"
    },
    "all_positive_lengths": {
      "length": 36893488147419103137,
      "ratio": [
        5432095936891962703393338831256790601742094534877818385209831626936339163469964473658245120,
        147237255398198689143349202972430467956720408002353080829357658282217331
      ],
      "interval_hundredths": [
        6499,
        6500
      ],
      "decimal_display_only": "64.999999999999999997536427371333717645992066151562742123783845471591592948668550"
    },
    "published_full_byte_domain": {
      "length": 2305843009205305345,
      "ratio": [
        295147905178279084160,
        1
      ],
      "interval_hundredths": [
        6799,
        6800
      ],
      "decimal_display_only": "67.999999999994751506641809330936966750245291478833868976835280567109199688844043"
    }
  }
}
