0 4 205.0625 409.625
0 5 201.53125 402.4375
0 6 198.015625 395.21875
0 7 194.5078125 387.984375
0 8 191.00390625 380.7421875
0 9 187.501953125 373.49609375
0 10 184.0009765625 366.248046875
0 11 180.50048828125 358.9990234375
0 12 177.000244140625 351.74951171875
0 13 173.5001220703125 344.499755859375
0 14 170.00006103515625 337.2498779296875
0 15 166.50003051757812 329.9999389648438
0 16 163.00001525878906 322.749969482422
0 17 159.50000762939453 315.4999847412112
0 18 156.00000381469727 308.2499923706058
0 19 152.50000190734863 300.9999961853038
0 20 149.00000095367432 293.74999809265285
0 21 145.50000047683716 286.49999904633
0 22 142.00000023841858 279.24999952316875
0 23 138.5000001192093 271.9999997615987
0 24 135.00000005960464 264.74999988081436
0 25 131.50000002980232 257.4999999404645
0 26 128.00000001490116 250.24999997029227
0 27 124.50000000745058 242.99999998537533
0 28 121.00000000372529 235.74999999292777
0 29 117.50000000186265 228.49999999738066
0 30 114.00000000093132 221.24999999965075
0 31 110.50000000046566 214.00000000349246
0 32 107.00000000023283 206.75000000558794
0 33 103.50000000011642 199.50000000721775
0 34 100.00000000005821 192.25000000174623
0 35 96.5000000000291 185.00000000180444
0 36 93.00000000001455 177.75000000043656
0 37 89.50000000000728 170.5000000004511
0 38 86.00000000000364 163.25000000010914
0 39 82.50000000000182 156.00000000011278
0 40 79.00000000000091 148.75000000002728
0 41 75.50000000000045 141.5000000000282
0 42 72.00000000000023 134.25000000000682
0 43 68.50000000000011 127.00000000000705
0 44 65.00000000000006 119.7500000000017
0 45 61.50000000000003 112.50000000000176
0 46 58.000000000000014 105.25000000000043
0 47 54.50000000000001 98.00000000000044
0 48 51.0 90.75000000000011
0 49 47.5 83.50000000000011
0 50 44.0 76.25000000000003
0 51 40.5 69.00000000000003
0 52 37.0 61.75000000000001
0 53 33.5 54.50000000000001
0 54 30.0 47.74999427795524
0 55 26.5 42.749997138977335
0 56 23.0 37.749998569488596
0 57 19.5 32.74999928474428
0 58 16.499999940395355 27.749999642372135
0 59 13.999999970197678 23.249999821186066
0 60 11.874999977648258 19.499999910593033
0 61 10.874999988824129 18.249999955296516
0 62 10.875 20.24999999254942
0 63 11.875000004656613 26.25000000372529
1 4 102.53125 204.8125
1 5 100.765625 201.21875
1 6 99.0078125 197.609375
1 7 97.25390625 193.9921875
1 8 95.501953125 190.37109375
1 9 93.7509765625 186.748046875
1 10 92.00048828125 183.1240234375
1 11 90.250244140625 179.49951171875
1 12 88.5001220703125 175.874755859375
1 13 86.75006103515625 172.24987792968753
1 14 85.00003051757812 168.62493896484378
1 15 83.25001525878906 164.99996948242193
1 16 81.50000762939453 161.37498474121108
1 17 79.75000381469727 157.74999237060575
1 18 78.00000190734863 154.1249961853033
1 19 76.25000095367432 150.4999980926525
1 20 74.50000047683716 146.87499904632796
1 21 72.75000023841858 143.2499995231674
1 22 71.00000011920929 139.62499976159052
1 23 69.25000005960464 135.9999998808089
1 24 67.50000002980232 132.37499994043174
1 25 65.75000001490116 128.74999997027044
1 26 64.00000000745058 125.12499998524436
1 27 62.25000000372529 121.49999999284046
1 28 60.500000001862645 117.87499999685679
1 29 58.75000000093132 114.24999999930151
1 30 57.00000000046566 110.62500000139698
1 31 55.25000000023283 107.00000000279397
1 32 53.500000000116415 103.3750000053551
1 33 51.75000000005821 99.75000000174623
1 34 50.000000000029104 96.12500000180444
1 35 48.25000000001455 92.50000000043656
1 36 46.500000000007276 88.87500000045111
1 37 44.75000000000364 85.25000000010914
1 38 43.00000000000182 81.62500000011278
1 39 41.25000000000091 78.00000000002728
1 40 39.500000000000455 74.3750000000282
1 41 37.75000000000023 70.75000000000682
1 42 36.000000000000114 67.12500000000705
1 43 34.25000000000006 63.500000000001705
1 44 32.50000000000003 59.87500000000176
1 45 30.750000000000014 56.250000000000426
1 46 29.000000000000007 52.62500000000044
1 47 27.250000000000004 49.00000000000011
1 48 25.5 45.375000000000114
1 49 23.75 41.75000000000003
1 50 22.0 38.12500000000003
1 51 20.25 34.50000000000001
1 52 18.5 30.875000000000007
1 53 16.75 27.999995708466486
1 54 15.0 25.499997854233015
1 55 13.25 22.99999892711645
1 56 11.5 20.49999946355821
1 57 9.999999903142452 17.999999731779102
1 58 8.999999951571226 15.499999865889551
1 59 7.999999975785613 13.249999932944775
1 60 6.9999999878928065 11.249999966472387
1 61 6.999999995343387 12.249999983236194
1 62 7.749999998603016 17.749999991152436
