one word: [8.0, 11.5]
dd 4 two equal 5.75 7.0
dd 5 two equal 5.875 7.5
dd 6 two equal 5.9375 7.75
dd 7 two equal 5.96875 7.875
dd 8 two equal 5.984375 7.9375
dd 9 two equal 5.9921875 7.96875
dd 10 two equal 5.99609375 7.984375
dd 11 two equal 5.998046875 7.9921875
dd 12 two equal 5.9990234375 7.99609375
dd 13 two equal 5.99951171875 7.998046875
dd 14 two equal 5.999755859375 7.9990234375
dd 15 two equal 5.9998779296875 7.99951171875
dd 16 two equal 5.99993896484375 7.999755859375
dd 17 two equal 5.999969482421875 7.9998779296875
dd 18 two equal 5.9999847412109375 7.99993896484375
dd 19 two equal 5.999992370605469 7.999969482421875
dd 20 two equal 5.999996185302734 7.9999847412109375
dd 21 two equal 5.999998092651367 7.999992370605469
dd 22 two equal 5.999999046325684 7.999996185302734
dd 23 two equal 6.000000238418579 8.000000476837158
dd 24 two equal 6.000001788139343 8.000009298324585
dd 25 two equal 6.0000075697898865 8.000044703483582
dd 26 two equal 6.000030487775803 8.000182569026947
dd 27 two equal 6.000122055411339 8.000732153654099
dd 28 two equal 6.000488273799419 8.00292955338955
dd 29 two equal 6.00195312127471 8.011718682944775
dd 30 two equal 6.007812498137355 8.046874966472387
dd 31 two equal 6.031249999068677 8.187499983236194
dd 32 two equal 6.124999999534339 8.749999991618097
dd 33 two equal 6.999999999767169 8.999999998603016
dd 34 two equal 8.499999999883585 12.249999999301508
dd 35 two equal 9.187499999941792 14.562499999650754
dd 36 two equal 9.515624999970896 15.828124999825377
dd 37 two equal 9.691406249985448 16.51953124991269
dd 38 two equal 9.782226562492724 16.879882812456344
dd 39 two equal 9.828369140621362 17.063720703103172
dd 40 two equal 9.851623535154431 17.156555175770336
dd 41 two equal 9.863296508788153 17.203201293939856
dd 42 two equal 9.86914443969681 17.2265815734836
dd 43 two equal 9.872071266174089 17.238286018370218
dd 44 two equal 9.873535394668465 17.244141817092213
dd 45 two equal 9.874267637729588 17.247070610522883
dd 46 two equal 9.874633803963633 17.248535230755635
dd 47 two equal 9.874816898256526 17.249267596751366
dd 48 two equal 9.87490844819694 17.24963379371907
dd 49 two equal 9.87495422386564 17.249816895695382
dd 50 two equal 9.874977111874612 17.249908447556653
dd 51 two equal 9.874988555922755 17.24995422370557
dd 52 two equal 9.87499427795774 17.249977111834593
dd 53 two equal 9.87499713897796 17.24998855591275
dd 54 two equal 9.874998569488753 17.24999427795524
dd 55 two equal 9.87499928474432 17.249997138977335
dd 56 two equal 9.874999642372146 17.249998569488596
dd 57 two equal 9.87499982118607 17.24999928474428
dd 58 two equal 9.874999910593033 17.249999642372135
dd 59 two equal 9.874999955296516 17.249999821186066
dd 60 two equal 9.874999977648258 17.249999910593033
dd 61 two equal 9.874999988824129 17.249999955296516
dd 62 two equal 10.875 20.24999999254942
dd 63 two equal 11.875000004656613 26.25000000372529
