48 2 991 903 944
48 3 897 633 792
48 4 891 619 775
48 6 891 591 756
48 8 883 563 734
48 12 871 535 718
48 16 863 507 678
56 2 1167 1063 1107
56 3 1057 745 944
56 4 1051 731 923
56 6 1051 703 895
56 8 1051 675 863
56 12 1024 646 840
56 16 994 624 808
60 2 1255 1143 1195
60 3 1137 801 1001
60 4 1131 787 1002
60 6 1131 759 995
60 8 1103 745 962
60 12 1083 716 914
60 16 1039 693 885
61 2 1277 1163 1220
61 3 1157 815 1029
61 4 1151 801 1009
61 6 1151 787 981
61 8 1123 761 961
61 12 1085 740 916
61 16 1054 711 921
62 2 1299 1183 1247
62 3 1177 829 1050
62 4 1171 815 1029
62 6 1155 801 997
62 8 1146 783 1004
62 12 1105 751 946
62 16 1065 713 908
63 2 1321 1203 1262
63 3 1197 843 1042
63 4 1191 829 1051
63 6 1179 819 1029
63 8 1171 807 1010
63 12 1129 764 979
63 16 1098 748 937
