ARCHIVE chainhash-adjacent-256-b4 2
WAIT chainhash-adjacent-256-b4 2 {"utc": "2026-09-18T19:41:11.231730+00:00", "load1": 4.6044921875, "load5": 4.76513671875, "load15": 5.14990234375, "smhasher_processes": [], "name": "chainhash-adjacent-256-b4", "run": 2, "accepted": false}
WAIT chainhash-adjacent-256-b4 2 {"utc": "2026-09-18T19:41:26.272085+00:00", "load1": 4.759765625, "load5": 4.79150390625, "load15": 5.15283203125, "smhasher_processes": [], "name": "chainhash-adjacent-256-b4", "run": 2, "accepted": false}
WAIT chainhash-adjacent-256-b4 2 {"utc": "2026-09-18T19:41:41.318993+00:00", "load1": 5.09619140625, "load5": 4.86572265625, "load15": 5.1728515625, "smhasher_processes": [], "name": "chainhash-adjacent-256-b4", "run": 2, "accepted": false}
WAIT chainhash-adjacent-256-b4 2 {"utc": "2026-09-18T19:41:56.367603+00:00", "load1": 4.83447265625, "load5": 4.82177734375, "load15": 5.1513671875, "smhasher_processes": [], "name": "chainhash-adjacent-256-b4", "run": 2, "accepted": false}
WAIT chainhash-adjacent-256-b4 2 {"utc": "2026-09-18T19:42:11.413948+00:00", "load1": 4.587890625, "load5": 4.765625, "load15": 5.125, "smhasher_processes": [], "name": "chainhash-adjacent-256-b4", "run": 2, "accepted": false}
WAIT chainhash-adjacent-256-b4 2 {"utc": "2026-09-18T19:42:26.455342+00:00", "load1": 5.02294921875, "load5": 4.8564453125, "load15": 5.1513671875, "smhasher_processes": [], "name": "chainhash-adjacent-256-b4", "run": 2, "accepted": false}
WAIT chainhash-adjacent-256-b4 2 {"utc": "2026-09-18T19:42:41.493974+00:00", "load1": 4.734375, "load5": 4.79736328125, "load15": 5.125, "smhasher_processes": [], "name": "chainhash-adjacent-256-b4", "run": 2, "accepted": false}
WAIT chainhash-adjacent-256-b4 2 {"utc": "2026-09-18T19:42:56.539495+00:00", "load1": 4.55908203125, "load5": 4.7568359375, "load15": 5.1044921875, "smhasher_processes": [], "name": "chainhash-adjacent-256-b4", "run": 2, "accepted": false}
WAIT chainhash-adjacent-256-b4 2 {"utc": "2026-09-18T19:43:11.598044+00:00", "load1": 4.86474609375, "load5": 4.81640625, "load15": 5.119140625, "smhasher_processes": [], "name": "chainhash-adjacent-256-b4", "run": 2, "accepted": false}
WAIT chainhash-adjacent-256-b4 2 {"utc": "2026-09-18T19:43:26.646397+00:00", "load1": 4.52490234375, "load5": 4.7431640625, "load15": 5.0869140625, "smhasher_processes": [], "name": "chainhash-adjacent-256-b4", "run": 2, "accepted": false}
WAIT chainhash-adjacent-256-b4 2 {"utc": "2026-09-18T19:43:41.694886+00:00", "load1": 4.69677734375, "load5": 4.77099609375, "load15": 5.08984375, "smhasher_processes": [], "name": "chainhash-adjacent-256-b4", "run": 2, "accepted": false}
WAIT chainhash-adjacent-256-b4 2 {"utc": "2026-09-18T19:43:56.738935+00:00", "load1": 5.341796875, "load5": 4.91162109375, "load15": 5.1337890625, "smhasher_processes": [], "name": "chainhash-adjacent-256-b4", "run": 2, "accepted": false}
WAIT chainhash-adjacent-256-b4 2 {"utc": "2026-09-18T19:44:11.786775+00:00", "load1": 5.2158203125, "load5": 4.900390625, "load15": 5.125, "smhasher_processes": [], "name": "chainhash-adjacent-256-b4", "run": 2, "accepted": false}
WAIT chainhash-adjacent-256-b4 2 {"utc": "2026-09-18T19:44:26.830930+00:00", "load1": 5.2900390625, "load5": 4.9365234375, "load15": 5.1337890625, "smhasher_processes": [], "name": "chainhash-adjacent-256-b4", "run": 2, "accepted": false}
WAIT chainhash-adjacent-256-b4 2 {"utc": "2026-09-18T19:44:41.870401+00:00", "load1": 4.85595703125, "load5": 4.857421875, "load15": 5.1015625, "smhasher_processes": [], "name": "chainhash-adjacent-256-b4", "run": 2, "accepted": false}
WAIT chainhash-adjacent-256-b4 2 {"utc": "2026-09-18T19:44:56.918278+00:00", "load1": 5.1142578125, "load5": 4.91259765625, "load15": 5.1162109375, "smhasher_processes": [], "name": "chainhash-adjacent-256-b4", "run": 2, "accepted": false}
WAIT chainhash-adjacent-256-b4 2 {"utc": "2026-09-18T19:45:11.970843+00:00", "load1": 4.78076171875, "load5": 4.85009765625, "load15": 5.08984375, "smhasher_processes": [], "name": "chainhash-adjacent-256-b4", "run": 2, "accepted": false}
WAIT chainhash-adjacent-256-b4 2 {"utc": "2026-09-18T19:45:27.019238+00:00", "load1": 4.87744140625, "load5": 4.8720703125, "load15": 5.0927734375, "smhasher_processes": [], "name": "chainhash-adjacent-256-b4", "run": 2, "accepted": false}
WAIT chainhash-adjacent-256-b4 2 {"utc": "2026-09-18T19:45:42.062529+00:00", "load1": 4.818359375, "load5": 4.86083984375, "load15": 5.083984375, "smhasher_processes": [], "name": "chainhash-adjacent-256-b4", "run": 2, "accepted": false}
WAIT chainhash-adjacent-256-b4 2 {"utc": "2026-09-18T19:45:57.102674+00:00", "load1": 5.078125, "load5": 4.916015625, "load15": 5.09912109375, "smhasher_processes": [], "name": "chainhash-adjacent-256-b4", "run": 2, "accepted": false}
WAIT chainhash-adjacent-256-b4 2 {"utc": "2026-09-18T19:46:12.148306+00:00", "load1": 5.0048828125, "load5": 4.9033203125, "load15": 5.09033203125, "smhasher_processes": [], "name": "chainhash-adjacent-256-b4", "run": 2, "accepted": false}
WAIT chainhash-adjacent-256-b4 2 {"utc": "2026-09-18T19:46:27.193830+00:00", "load1": 4.9970703125, "load5": 4.9072265625, "load15": 5.08740234375, "smhasher_processes": [], "name": "chainhash-adjacent-256-b4", "run": 2, "accepted": false}
WAIT chainhash-adjacent-256-b4 2 {"utc": "2026-09-18T19:46:42.245049+00:00", "load1": 5.138671875, "load5": 4.943359375, "load15": 5.09619140625, "smhasher_processes": [], "name": "chainhash-adjacent-256-b4", "run": 2, "accepted": false}
WAIT chainhash-adjacent-256-b4 2 {"utc": "2026-09-18T19:46:57.290320+00:00", "load1": 5.10107421875, "load5": 4.94482421875, "load15": 5.09326171875, "smhasher_processes": [], "name": "chainhash-adjacent-256-b4", "run": 2, "accepted": false}
WAIT chainhash-adjacent-256-b4 2 {"utc": "2026-09-18T19:47:12.330052+00:00", "load1": 4.708984375, "load5": 4.86474609375, "load15": 5.06201171875, "smhasher_processes": [], "name": "chainhash-adjacent-256-b4", "run": 2, "accepted": false}
WAIT chainhash-adjacent-256-b4 2 {"utc": "2026-09-18T19:47:27.378153+00:00", "load1": 4.76611328125, "load5": 4.8701171875, "load15": 5.060546875, "smhasher_processes": [], "name": "chainhash-adjacent-256-b4", "run": 2, "accepted": false}
WAIT chainhash-adjacent-256-b4 2 {"utc": "2026-09-18T19:47:42.425999+00:00", "load1": 4.96533203125, "load5": 4.908203125, "load15": 5.07080078125, "smhasher_processes": [], "name": "chainhash-adjacent-256-b4", "run": 2, "accepted": false}
WAIT chainhash-adjacent-256-b4 2 {"utc": "2026-09-18T19:47:57.474367+00:00", "load1": 4.8857421875, "load5": 4.8955078125, "load15": 5.0634765625, "smhasher_processes": [], "name": "chainhash-adjacent-256-b4", "run": 2, "accepted": false}
WAIT chainhash-adjacent-256-b4 2 {"utc": "2026-09-18T19:48:12.513136+00:00", "load1": 5.162109375, "load5": 4.9501953125, "load15": 5.07958984375, "smhasher_processes": [], "name": "chainhash-adjacent-256-b4", "run": 2, "accepted": false}
WAIT chainhash-adjacent-256-b4 2 {"utc": "2026-09-18T19:48:27.566574+00:00", "load1": 5.0029296875, "load5": 4.919921875, "load15": 5.06640625, "smhasher_processes": [], "name": "chainhash-adjacent-256-b4", "run": 2, "accepted": false}
WAIT chainhash-adjacent-256-b4 2 {"utc": "2026-09-18T19:48:42.607349+00:00", "load1": 4.77392578125, "load5": 4.87353515625, "load15": 5.04736328125, "smhasher_processes": [], "name": "chainhash-adjacent-256-b4", "run": 2, "accepted": false}
WAIT chainhash-adjacent-256-b4 2 {"utc": "2026-09-18T19:48:57.672256+00:00", "load1": 5.14404296875, "load5": 4.9453125, "load15": 5.0693359375, "smhasher_processes": [], "name": "chainhash-adjacent-256-b4", "run": 2, "accepted": false}
WAIT chainhash-adjacent-256-b4 2 {"utc": "2026-09-18T19:49:12.722179+00:00", "load1": 4.82861328125, "load5": 4.88232421875, "load15": 5.04443359375, "smhasher_processes": [], "name": "chainhash-adjacent-256-b4", "run": 2, "accepted": false}
WAIT chainhash-adjacent-256-b4 2 {"utc": "2026-09-18T19:49:27.768568+00:00", "load1": 4.9951171875, "load5": 4.91943359375, "load15": 5.0546875, "smhasher_processes": [], "name": "chainhash-adjacent-256-b4", "run": 2, "accepted": false}
WAIT chainhash-adjacent-256-b4 2 {"utc": "2026-09-18T19:49:42.816567+00:00", "load1": 5.22314453125, "load5": 4.97216796875, "load15": 5.07080078125, "smhasher_processes": [], "name": "chainhash-adjacent-256-b4", "run": 2, "accepted": false}
WAIT chainhash-adjacent-256-b4 2 {"utc": "2026-09-18T19:49:57.862237+00:00", "load1": 5.01318359375, "load5": 4.93896484375, "load15": 5.0576171875, "smhasher_processes": [], "name": "chainhash-adjacent-256-b4", "run": 2, "accepted": false}
WAIT chainhash-adjacent-256-b4 2 {"utc": "2026-09-18T19:50:12.904368+00:00", "load1": 5.29150390625, "load5": 5.00634765625, "load15": 5.0791015625, "smhasher_processes": [], "name": "chainhash-adjacent-256-b4", "run": 2, "accepted": false}
WAIT chainhash-adjacent-256-b4 2 {"utc": "2026-09-18T19:50:27.953968+00:00", "load1": 5.46044921875, "load5": 5.0546875, "load15": 5.0947265625, "smhasher_processes": [], "name": "chainhash-adjacent-256-b4", "run": 2, "accepted": false}
WAIT chainhash-adjacent-256-b4 2 {"utc": "2026-09-18T19:50:43.000605+00:00", "load1": 5.55517578125, "load5": 5.09912109375, "load15": 5.109375, "smhasher_processes": [], "name": "chainhash-adjacent-256-b4", "run": 2, "accepted": false}
WAIT chainhash-adjacent-256-b4 2 {"utc": "2026-09-18T19:50:58.044308+00:00", "load1": 5.36376953125, "load5": 5.07763671875, "load15": 5.1005859375, "smhasher_processes": [], "name": "chainhash-adjacent-256-b4", "run": 2, "accepted": false}
WAIT chainhash-adjacent-256-b4 2 {"utc": "2026-09-18T19:51:13.095673+00:00", "load1": 4.974609375, "load5": 5.00732421875, "load15": 5.07421875, "smhasher_processes": [], "name": "chainhash-adjacent-256-b4", "run": 2, "accepted": false}
WAIT chainhash-adjacent-256-b4 2 {"utc": "2026-09-18T19:51:28.142215+00:00", "load1": 4.5556640625, "load5": 4.9091796875, "load15": 5.03759765625, "smhasher_processes": [], "name": "chainhash-adjacent-256-b4", "run": 2, "accepted": false}
WAIT chainhash-adjacent-256-b4 2 {"utc": "2026-09-18T19:51:43.181776+00:00", "load1": 4.53662109375, "load5": 4.8818359375, "load15": 5.0244140625, "smhasher_processes": [], "name": "chainhash-adjacent-256-b4", "run": 2, "accepted": false}
WAIT chainhash-adjacent-256-b4 2 {"utc": "2026-09-18T19:51:58.233447+00:00", "load1": 4.63818359375, "load5": 4.88720703125, "load15": 5.02294921875, "smhasher_processes": [], "name": "chainhash-adjacent-256-b4", "run": 2, "accepted": false}
WAIT chainhash-adjacent-256-b4 2 {"utc": "2026-09-18T19:52:13.279607+00:00", "load1": 5.3154296875, "load5": 5.0361328125, "load15": 5.07421875, "smhasher_processes": [], "name": "chainhash-adjacent-256-b4", "run": 2, "accepted": false}
WAIT chainhash-adjacent-256-b4 2 {"utc": "2026-09-18T19:52:28.331019+00:00", "load1": 4.80126953125, "load5": 4.935546875, "load15": 5.03759765625, "smhasher_processes": [], "name": "chainhash-adjacent-256-b4", "run": 2, "accepted": false}
START chainhash-adjacent-256-b4 2 load 4.26025390625
END chainhash-adjacent-256-b4 2 {'bulk_bytes_per_cycle': 10.47, 'variable_bulk_bytes_per_cycle': 9.95, 'small_cycles_per_hash': 87.88, 'random_small_cycles_per_hash': 89.34}
COMPLETE
Three accepted attempts per variant; no observed overlaps.
