seed 00000000: H(M)=f238703d H(M')=cc7f7e62
seed b54cda26: H(M)=e00f99e0 H(M')=e00f99e0
seed e142fddf: H(M)=0427babe H(M')=0427babe
collisions = 1078944392 / 4294967296 = 0.251211317, log2 = -1.993027, bits(L=8) = 4.993027
first colliding seed 0x003fffc0 -> 7d770df1
	Command being timed: "nice -n 10 taskset -c 8-15 ./nmh_pair_scalar exhaustive"
	User time (seconds): 791.88
	System time (seconds): 0.39
	Percent of CPU this job got: 212%
	Elapsed (wall clock) time (h:mm:ss or m:ss): 6:13.41
	Average shared text size (kbytes): 0
	Average unshared data size (kbytes): 0
	Average stack size (kbytes): 0
	Average total size (kbytes): 0
	Maximum resident set size (kbytes): 1536
	Average resident set size (kbytes): 0
	Major (requiring I/O) page faults: 0
	Minor (reclaiming a frame) page faults: 338
	Voluntary context switches: 4
	Involuntary context switches: 200068
	Swaps: 0
	File system inputs: 0
	File system outputs: 8
	Socket messages sent: 0
	Socket messages received: 0
	Signals delivered: 0
	Page size (bytes): 4096
	Exit status: 0
