SMHasher3 fasthash-64: A16231A7 expected A16231A7 PASS
SMHasher3 fasthash-32 SMHasher3 64-bit seed: E9481AFC expected E9481AFC PASS
SMHasher3 fasthash-32 upstream 32-bit seed: E9481AFC expected E9481AFC PASS
structural checks PASS

7 vs 8 bytes / fasthash-64
M (7 B) = 00000000000000
M' (8 B) = 5e177be7d1d175f3
recorded colliding seed 0123456789abcdef: H(M)=3f624b9140899669 H(M')=3f624b9140899669
collisions = 1073741824 / 1073741824; rate = 1; log2(rate) = 0.000000; sampled score = 0.000000
first sampled colliding seed b3f2af6d0fc710c5: H(M)=H(M')=0ce33c766543c3a8

7 vs 8 bytes / fasthash-32 SMHasher3 64-bit seed
M (7 B) = 00000000000000
M' (8 B) = 5e177be7d1d175f3
recorded colliding seed 0123456789abcdef: H(M)=01274ad8 H(M')=01274ad8
collisions = 1073741824 / 1073741824; rate = 1; log2(rate) = 0.000000; sampled score = 0.000000
first sampled colliding seed b3f2af6d0fc710c5: H(M)=H(M')=58608732

7 vs 8 bytes / fasthash-32 upstream 32-bit seed
M (7 B) = 00000000000000
M' (8 B) = 5e177be7d1d175f3
recorded colliding seed 0000000000000000: H(M)=33f6e94b H(M')=33f6e94b
collisions = 1073741824 / 1073741824; rate = 1; log2(rate) = 0.000000; sampled score = 0.000000
first sampled colliding seed 000000000fc710c5: H(M)=H(M')=ff25f634

16-byte top-bit pair / fasthash-64
M (16 B) = 00000000000000000000000000000000
M' (16 B) = f69e1c7bcf4db16ff69e1c7bcf4db16f
recorded colliding seed 0123456789abcdef: H(M)=1ac53b33e0d7dd39 H(M')=1ac53b33e0d7dd39
collisions = 1073741824 / 1073741824; rate = 1; log2(rate) = 0.000000; sampled score = 1.000000
first sampled colliding seed b3f2af6d0fc710c5: H(M)=H(M')=3b3d32ec00108e61

16-byte top-bit pair / fasthash-32 SMHasher3 64-bit seed
M (16 B) = 00000000000000000000000000000000
M' (16 B) = f69e1c7bcf4db16ff69e1c7bcf4db16f
recorded colliding seed 0123456789abcdef: H(M)=c612a206 H(M')=c612a206
collisions = 1073741824 / 1073741824; rate = 1; log2(rate) = 0.000000; sampled score = 1.000000
first sampled colliding seed b3f2af6d0fc710c5: H(M)=H(M')=c4d35b75

16-byte top-bit pair / fasthash-32 upstream 32-bit seed
M (16 B) = 00000000000000000000000000000000
M' (16 B) = f69e1c7bcf4db16ff69e1c7bcf4db16f
recorded colliding seed 0000000000000000: H(M)=b5f0e529 H(M')=b5f0e529
collisions = 1073741824 / 1073741824; rate = 1; log2(rate) = 0.000000; sampled score = 1.000000
first sampled colliding seed 000000000fc710c5: H(M)=H(M')=3e9578f6

real	8m14.157s
user	3m19.884s
sys	0m0.015s
