== MuseAir v0.3 (SMHasher3 hashes/museair.cpp): verification values ==
  MuseAir              computed 0xF89F1683 expected 0xF89F1683 PASS
  MuseAir__bfast       computed 0xC61BEE56 expected 0xC61BEE56 PASS
  MuseAir_128          computed 0xD3DFE238 expected 0xD3DFE238 PASS
  MuseAir_128__bfast   computed 0x27939BF1 expected 0x27939BF1 PASS

== 17-byte pair (L = ceil(17/8) = 3 words, score cap <= 1.59 bits) ==
  M  = 0000000000000000000000000000000000
  M2 = 8079763bb19a00001a9a1100642d3a3f01
  head of M2 derived from the public tail function P(u,v): 8079763bb19a00001a9a1100642d3a3f  -> matches M2

== 24-byte pair (L = 3 words, score cap <= 1.59 bits) ==
  M  = 000000000000000000000000000000000000000000000000
  M2 = 7cd5c18245c15e8ef47bfef8b79181a80101010101010101
  head of M2 derived from the public tail function P(u,v): 7cd5c18245c15e8ef47bfef8b79181a8  -> matches M2

== 67108864 (2^26) uniformly random 64-bit seeds (xoshiro256**, seed 0x243f6a8885a308d3) ==
  17-byte pair:
    MuseAir              collisions 67108864 / 67108864 = 1.000000  (log2 rate = 0.0000)
    MuseAir__bfast       collisions 67108864 / 67108864 = 1.000000  (log2 rate = 0.0000)
    MuseAir_128          collisions 67108864 / 67108864 = 1.000000  (log2 rate = 0.0000)
    MuseAir_128__bfast   collisions 67108864 / 67108864 = 1.000000  (log2 rate = 0.0000)
  24-byte pair:
    MuseAir              collisions 67108864 / 67108864 = 1.000000  (log2 rate = 0.0000)
    MuseAir__bfast       collisions 67108864 / 67108864 = 1.000000  (log2 rate = 0.0000)
    MuseAir_128          collisions 67108864 / 67108864 = 1.000000  (log2 rate = 0.0000)
    MuseAir_128__bfast   collisions 67108864 / 67108864 = 1.000000  (log2 rate = 0.0000)

== explicit colliding seeds ==
  17-byte pair, seed 0x2cb0f69f4abea221 (published example):
    MuseAir              H(M) = e49a52cc7e41edd4  H(M2) = e49a52cc7e41edd4  EQUAL
      as u64 0xd4ed417ecc529ae4, published 0xd4ed417ecc529ae4: reproduced
    MuseAir__bfast       H(M) = 203ee3a245ae4376  H(M2) = 203ee3a245ae4376  EQUAL
    MuseAir_128          H(M) = cda876715e747c91cea410999db59615  H(M2) = cda876715e747c91cea410999db59615  EQUAL
    MuseAir_128__bfast   H(M) = cda876715e747c91cea410999db59615  H(M2) = cda876715e747c91cea410999db59615  EQUAL
  17-byte pair, seed 0x05c9c0954e168e82 (first seed of the sweep):
    MuseAir              H(M) = 5f1132023517769b  H(M2) = 5f1132023517769b  EQUAL
    MuseAir__bfast       H(M) = 443d4e0615bcab6f  H(M2) = 443d4e0615bcab6f  EQUAL
    MuseAir_128          H(M) = 07043a1c1c6c5312f03efe78da3a0600  H(M2) = 07043a1c1c6c5312f03efe78da3a0600  EQUAL
    MuseAir_128__bfast   H(M) = 07043a1c1c6c5312f03efe78da3a0600  H(M2) = 07043a1c1c6c5312f03efe78da3a0600  EQUAL
  24-byte pair, seed 0x2cb0f69f4abea221 (published example):
    MuseAir              H(M) = b9eef195606febb7  H(M2) = b9eef195606febb7  EQUAL
      as u64 0xb7eb6f6095f1eeb9, published 0xb7eb6f6095f1eeb9: reproduced
    MuseAir__bfast       H(M) = d50cc608288c3a8f  H(M2) = d50cc608288c3a8f  EQUAL
    MuseAir_128          H(M) = d39057701da0f11d77dbe4e654673a1e  H(M2) = d39057701da0f11d77dbe4e654673a1e  EQUAL
    MuseAir_128__bfast   H(M) = d39057701da0f11d77dbe4e654673a1e  H(M2) = d39057701da0f11d77dbe4e654673a1e  EQUAL
  24-byte pair, seed 0x05c9c0954e168e82 (first seed of the sweep):
    MuseAir              H(M) = 9a5b59e3041c0aee  H(M2) = 9a5b59e3041c0aee  EQUAL
    MuseAir__bfast       H(M) = 4be4ae20860686fa  H(M2) = 4be4ae20860686fa  EQUAL
    MuseAir_128          H(M) = 91f2d0773304fb6c634fdc4a2cd4a231  H(M2) = 91f2d0773304fb6c634fdc4a2cd4a231  EQUAL
    MuseAir_128__bfast   H(M) = 91f2d0773304fb6c634fdc4a2cd4a231  H(M2) = 91f2d0773304fb6c634fdc4a2cd4a231  EQUAL

== control: M vs (head of M | tail of M2), 17 bytes, MuseAir ==
  collisions 0 / 262144 = 0.000000  (none observed in 2^18 trials; no population bound)
