verification 9DAE7DD3 PASS
site24_low1 len=24/24 L=3 mode=1 N=2^29 hits=0 log2rate=-inf rate<=2^-27.1168(97.5%) bits>=28.702 secs=4.5
site24_high63 len=24/24 L=3 mode=1 N=2^29 hits=0 log2rate=-inf rate<=2^-27.1168(97.5%) bits>=28.702 secs=4.5
site24_low2 len=24/24 L=3 mode=1 N=2^29 hits=0 log2rate=-inf rate<=2^-27.1168(97.5%) bits>=28.702 secs=4.6
site24_high62 len=24/24 L=3 mode=1 N=2^29 hits=0 log2rate=-inf rate<=2^-27.1168(97.5%) bits>=28.702 secs=4.5
site24_low3 len=24/24 L=3 mode=1 N=2^29 hits=0 log2rate=-inf rate<=2^-27.1168(97.5%) bits>=28.702 secs=4.5
site24_high61 len=24/24 L=3 mode=1 N=2^29 hits=0 log2rate=-inf rate<=2^-27.1168(97.5%) bits>=28.702 secs=4.5
site24_low4 len=24/24 L=3 mode=1 N=2^29 hits=0 log2rate=-inf rate<=2^-27.1168(97.5%) bits>=28.702 secs=4.5
site24_high60 len=24/24 L=3 mode=1 N=2^29 hits=0 log2rate=-inf rate<=2^-27.1168(97.5%) bits>=28.702 secs=4.6
site24_low5 len=24/24 L=3 mode=1 N=2^29 hits=0 log2rate=-inf rate<=2^-27.1168(97.5%) bits>=28.702 secs=5.4
site24_high59 len=24/24 L=3 mode=1 N=2^29 hits=0 log2rate=-inf rate<=2^-27.1168(97.5%) bits>=28.702 secs=4.5
site24_low6 len=24/24 L=3 mode=1 N=2^29 hits=0 log2rate=-inf rate<=2^-27.1168(97.5%) bits>=28.702 secs=4.5
site24_high58 len=24/24 L=3 mode=1 N=2^29 hits=0 log2rate=-inf rate<=2^-27.1168(97.5%) bits>=28.702 secs=4.8
site24_low7 len=24/24 L=3 mode=1 N=2^29 hits=0 log2rate=-inf rate<=2^-27.1168(97.5%) bits>=28.702 secs=4.5
site24_high57 len=24/24 L=3 mode=1 N=2^29 hits=0 log2rate=-inf rate<=2^-27.1168(97.5%) bits>=28.702 secs=4.7
site24_low8 len=24/24 L=3 mode=1 N=2^29 hits=0 log2rate=-inf rate<=2^-27.1168(97.5%) bits>=28.702 secs=4.5
site24_high56 len=24/24 L=3 mode=1 N=2^29 hits=0 log2rate=-inf rate<=2^-27.1168(97.5%) bits>=28.702 secs=4.5
site24_low9 len=24/24 L=3 mode=1 N=2^29 hits=0 log2rate=-inf rate<=2^-27.1168(97.5%) bits>=28.702 secs=4.5
site24_high55 len=24/24 L=3 mode=1 N=2^29 hits=0 log2rate=-inf rate<=2^-27.1168(97.5%) bits>=28.702 secs=4.5
site24_low10 len=24/24 L=3 mode=1 N=2^29 hits=0 log2rate=-inf rate<=2^-27.1168(97.5%) bits>=28.702 secs=4.6
site24_high54 len=24/24 L=3 mode=1 N=2^29 hits=0 log2rate=-inf rate<=2^-27.1168(97.5%) bits>=28.702 secs=4.5
site24_low11 len=24/24 L=3 mode=1 N=2^29 hits=0 log2rate=-inf rate<=2^-27.1168(97.5%) bits>=28.702 secs=4.6
site24_high53 len=24/24 L=3 mode=1 N=2^29 hits=0 log2rate=-inf rate<=2^-27.1168(97.5%) bits>=28.702 secs=4.6
site24_low12 len=24/24 L=3 mode=1 N=2^29 hits=0 log2rate=-inf rate<=2^-27.1168(97.5%) bits>=28.702 secs=4.5
site24_high52 len=24/24 L=3 mode=1 N=2^29 hits=0 log2rate=-inf rate<=2^-27.1168(97.5%) bits>=28.702 secs=4.6
site24_low13 len=24/24 L=3 mode=1 N=2^29 hits=0 log2rate=-inf rate<=2^-27.1168(97.5%) bits>=28.702 secs=4.5
site24_high51 len=24/24 L=3 mode=1 N=2^29 hits=0 log2rate=-inf rate<=2^-27.1168(97.5%) bits>=28.702 secs=4.6
site24_low14 len=24/24 L=3 mode=1 N=2^29 hits=0 log2rate=-inf rate<=2^-27.1168(97.5%) bits>=28.702 secs=4.5
site24_high50 len=24/24 L=3 mode=1 N=2^29 hits=0 log2rate=-inf rate<=2^-27.1168(97.5%) bits>=28.702 secs=5.1
site24_low15 len=24/24 L=3 mode=1 N=2^29 hits=0 log2rate=-inf rate<=2^-27.1168(97.5%) bits>=28.702 secs=6.6
site24_high49 len=24/24 L=3 mode=1 N=2^29 hits=0 log2rate=-inf rate<=2^-27.1168(97.5%) bits>=28.702 secs=4.6
site24_low16 len=24/24 L=3 mode=1 N=2^29 hits=0 log2rate=-inf rate<=2^-27.1168(97.5%) bits>=28.702 secs=4.5
site24_high48 len=24/24 L=3 mode=1 N=2^29 hits=0 log2rate=-inf rate<=2^-27.1168(97.5%) bits>=28.702 secs=4.6
site24_low17 len=24/24 L=3 mode=1 N=2^29 hits=0 log2rate=-inf rate<=2^-27.1168(97.5%) bits>=28.702 secs=4.6
site24_high47 len=24/24 L=3 mode=1 N=2^29 hits=0 log2rate=-inf rate<=2^-27.1168(97.5%) bits>=28.702 secs=4.6
site24_low18 len=24/24 L=3 mode=1 N=2^29 hits=0 log2rate=-inf rate<=2^-27.1168(97.5%) bits>=28.702 secs=4.5
site24_high46 len=24/24 L=3 mode=1 N=2^29 hits=0 log2rate=-inf rate<=2^-27.1168(97.5%) bits>=28.702 secs=4.5
site24_low19 len=24/24 L=3 mode=1 N=2^29 hits=0 log2rate=-inf rate<=2^-27.1168(97.5%) bits>=28.702 secs=5.4
site24_high45 len=24/24 L=3 mode=1 N=2^29 hits=0 log2rate=-inf rate<=2^-27.1168(97.5%) bits>=28.702 secs=3.6
site24_low20 len=24/24 L=3 mode=1 N=2^29 hits=0 log2rate=-inf rate<=2^-27.1168(97.5%) bits>=28.702 secs=4.5
site24_high44 len=24/24 L=3 mode=1 N=2^29 hits=0 log2rate=-inf rate<=2^-27.1168(97.5%) bits>=28.702 secs=4.5
site24_low21 len=24/24 L=3 mode=1 N=2^29 hits=0 log2rate=-inf rate<=2^-27.1168(97.5%) bits>=28.702 secs=4.6
site24_high43 len=24/24 L=3 mode=1 N=2^29 hits=0 log2rate=-inf rate<=2^-27.1168(97.5%) bits>=28.702 secs=4.5
site24_low22 len=24/24 L=3 mode=1 N=2^29 hits=0 log2rate=-inf rate<=2^-27.1168(97.5%) bits>=28.702 secs=4.5
site24_high42 len=24/24 L=3 mode=1 N=2^29 hits=0 log2rate=-inf rate<=2^-27.1168(97.5%) bits>=28.702 secs=4.5
site24_low23 len=24/24 L=3 mode=1 N=2^29 hits=0 log2rate=-inf rate<=2^-27.1168(97.5%) bits>=28.702 secs=4.5
site24_high41 len=24/24 L=3 mode=1 N=2^29 hits=0 log2rate=-inf rate<=2^-27.1168(97.5%) bits>=28.702 secs=4.5
site24_low24 len=24/24 L=3 mode=1 N=2^29 hits=0 log2rate=-inf rate<=2^-27.1168(97.5%) bits>=28.702 secs=4.6
site24_high40 len=24/24 L=3 mode=1 N=2^29 hits=0 log2rate=-inf rate<=2^-27.1168(97.5%) bits>=28.702 secs=4.5
site24_low25 len=24/24 L=3 mode=1 N=2^29 hits=0 log2rate=-inf rate<=2^-27.1168(97.5%) bits>=28.702 secs=4.5
site24_high39 len=24/24 L=3 mode=1 N=2^29 hits=0 log2rate=-inf rate<=2^-27.1168(97.5%) bits>=28.702 secs=4.5
site24_low26 len=24/24 L=3 mode=1 N=2^29 hits=0 log2rate=-inf rate<=2^-27.1168(97.5%) bits>=28.702 secs=4.5
site24_high38 len=24/24 L=3 mode=1 N=2^29 hits=0 log2rate=-inf rate<=2^-27.1168(97.5%) bits>=28.702 secs=4.5
site24_low27 len=24/24 L=3 mode=1 N=2^29 hits=0 log2rate=-inf rate<=2^-27.1168(97.5%) bits>=28.702 secs=5.4
site24_high37 len=24/24 L=3 mode=1 N=2^29 hits=0 log2rate=-inf rate<=2^-27.1168(97.5%) bits>=28.702 secs=4.5
site24_low28 len=24/24 L=3 mode=1 N=2^29 hits=0 log2rate=-inf rate<=2^-27.1168(97.5%) bits>=28.702 secs=4.5
site24_high36 len=24/24 L=3 mode=1 N=2^29 hits=0 log2rate=-inf rate<=2^-27.1168(97.5%) bits>=28.702 secs=4.6
site24_low29 len=24/24 L=3 mode=1 N=2^29 hits=0 log2rate=-inf rate<=2^-27.1168(97.5%) bits>=28.702 secs=4.5
site24_high35 len=24/24 L=3 mode=1 N=2^29 hits=0 log2rate=-inf rate<=2^-27.1168(97.5%) bits>=28.702 secs=4.5
site24_low30 len=24/24 L=3 mode=1 N=2^29 hits=0 log2rate=-inf rate<=2^-27.1168(97.5%) bits>=28.702 secs=4.6
site24_high34 len=24/24 L=3 mode=1 N=2^29 hits=0 log2rate=-inf rate<=2^-27.1168(97.5%) bits>=28.702 secs=4.5
site24_low31 len=24/24 L=3 mode=1 N=2^29 hits=0 log2rate=-inf rate<=2^-27.1168(97.5%) bits>=28.702 secs=4.5
site24_high33 len=24/24 L=3 mode=1 N=2^29 hits=0 log2rate=-inf rate<=2^-27.1168(97.5%) bits>=28.702 secs=5.0
site24_low32 len=24/24 L=3 mode=1 N=2^29 hits=0 log2rate=-inf rate<=2^-27.1168(97.5%) bits>=28.702 secs=6.5
site24_high32 len=24/24 L=3 mode=1 N=2^29 hits=0 log2rate=-inf rate<=2^-27.1168(97.5%) bits>=28.702 secs=7.6
site24_low33 len=24/24 L=3 mode=1 N=2^29 hits=0 log2rate=-inf rate<=2^-27.1168(97.5%) bits>=28.702 secs=4.5
site24_high31 len=24/24 L=3 mode=1 N=2^29 hits=0 log2rate=-inf rate<=2^-27.1168(97.5%) bits>=28.702 secs=4.7
site24_low34 len=24/24 L=3 mode=1 N=2^29 hits=0 log2rate=-inf rate<=2^-27.1168(97.5%) bits>=28.702 secs=4.5
site24_high30 len=24/24 L=3 mode=1 N=2^29 hits=0 log2rate=-inf rate<=2^-27.1168(97.5%) bits>=28.702 secs=4.5
site24_low35 len=24/24 L=3 mode=1 N=2^29 hits=0 log2rate=-inf rate<=2^-27.1168(97.5%) bits>=28.702 secs=4.5
site24_high29 len=24/24 L=3 mode=1 N=2^29 hits=0 log2rate=-inf rate<=2^-27.1168(97.5%) bits>=28.702 secs=4.5
site24_low36 len=24/24 L=3 mode=1 N=2^29 hits=0 log2rate=-inf rate<=2^-27.1168(97.5%) bits>=28.702 secs=4.5
site24_high28 len=24/24 L=3 mode=1 N=2^29 hits=0 log2rate=-inf rate<=2^-27.1168(97.5%) bits>=28.702 secs=4.6
site24_low37 len=24/24 L=3 mode=1 N=2^29 hits=0 log2rate=-inf rate<=2^-27.1168(97.5%) bits>=28.702 secs=4.5
site24_high27 len=24/24 L=3 mode=1 N=2^29 hits=0 log2rate=-inf rate<=2^-27.1168(97.5%) bits>=28.702 secs=4.7
site24_low38 len=24/24 L=3 mode=1 N=2^29 hits=0 log2rate=-inf rate<=2^-27.1168(97.5%) bits>=28.702 secs=4.5
site24_high26 len=24/24 L=3 mode=1 N=2^29 hits=0 log2rate=-inf rate<=2^-27.1168(97.5%) bits>=28.702 secs=4.5
site24_low39 len=24/24 L=3 mode=1 N=2^29 hits=0 log2rate=-inf rate<=2^-27.1168(97.5%) bits>=28.702 secs=5.3
site24_high25 len=24/24 L=3 mode=1 N=2^29 hits=0 log2rate=-inf rate<=2^-27.1168(97.5%) bits>=28.702 secs=4.5
site24_low40 len=24/24 L=3 mode=1 N=2^29 hits=0 log2rate=-inf rate<=2^-27.1168(97.5%) bits>=28.702 secs=4.5
site24_high24 len=24/24 L=3 mode=1 N=2^29 hits=0 log2rate=-inf rate<=2^-27.1168(97.5%) bits>=28.702 secs=4.5
site24_low41 len=24/24 L=3 mode=1 N=2^29 hits=0 log2rate=-inf rate<=2^-27.1168(97.5%) bits>=28.702 secs=4.5
site24_high23 len=24/24 L=3 mode=1 N=2^29 hits=0 log2rate=-inf rate<=2^-27.1168(97.5%) bits>=28.702 secs=4.5
site24_low42 len=24/24 L=3 mode=1 N=2^29 hits=0 log2rate=-inf rate<=2^-27.1168(97.5%) bits>=28.702 secs=4.5
site24_high22 len=24/24 L=3 mode=1 N=2^29 hits=0 log2rate=-inf rate<=2^-27.1168(97.5%) bits>=28.702 secs=4.5
site24_low43 len=24/24 L=3 mode=1 N=2^29 hits=0 log2rate=-inf rate<=2^-27.1168(97.5%) bits>=28.702 secs=4.5
site24_high21 len=24/24 L=3 mode=1 N=2^29 hits=0 log2rate=-inf rate<=2^-27.1168(97.5%) bits>=28.702 secs=4.5
site24_low44 len=24/24 L=3 mode=1 N=2^29 hits=0 log2rate=-inf rate<=2^-27.1168(97.5%) bits>=28.702 secs=4.5
site24_high20 len=24/24 L=3 mode=1 N=2^29 hits=0 log2rate=-inf rate<=2^-27.1168(97.5%) bits>=28.702 secs=4.5
site24_low45 len=24/24 L=3 mode=1 N=2^29 hits=0 log2rate=-inf rate<=2^-27.1168(97.5%) bits>=28.702 secs=4.6
site24_high19 len=24/24 L=3 mode=1 N=2^29 hits=0 log2rate=-inf rate<=2^-27.1168(97.5%) bits>=28.702 secs=4.5
site24_low46 len=24/24 L=3 mode=1 N=2^29 hits=0 log2rate=-inf rate<=2^-27.1168(97.5%) bits>=28.702 secs=4.5
site24_high18 len=24/24 L=3 mode=1 N=2^29 hits=0 log2rate=-inf rate<=2^-27.1168(97.5%) bits>=28.702 secs=4.5
site24_low47 len=24/24 L=3 mode=1 N=2^29 hits=0 log2rate=-inf rate<=2^-27.1168(97.5%) bits>=28.702 secs=4.5
site24_high17 len=24/24 L=3 mode=1 N=2^29 hits=0 log2rate=-inf rate<=2^-27.1168(97.5%) bits>=28.702 secs=4.5
site24_low48 len=24/24 L=3 mode=1 N=2^29 hits=0 log2rate=-inf rate<=2^-27.1168(97.5%) bits>=28.702 secs=4.6
site24_high16 len=24/24 L=3 mode=1 N=2^29 hits=0 log2rate=-inf rate<=2^-27.1168(97.5%) bits>=28.702 secs=4.5
site24_low49 len=24/24 L=3 mode=1 N=2^29 hits=0 log2rate=-inf rate<=2^-27.1168(97.5%) bits>=28.702 secs=4.5
site24_high15 len=24/24 L=3 mode=1 N=2^29 hits=0 log2rate=-inf rate<=2^-27.1168(97.5%) bits>=28.702 secs=4.5
site24_low50 len=24/24 L=3 mode=1 N=2^29 hits=0 log2rate=-inf rate<=2^-27.1168(97.5%) bits>=28.702 secs=4.5
site24_high14 len=24/24 L=3 mode=1 N=2^29 hits=0 log2rate=-inf rate<=2^-27.1168(97.5%) bits>=28.702 secs=4.5
site24_low51 len=24/24 L=3 mode=1 N=2^29 hits=0 log2rate=-inf rate<=2^-27.1168(97.5%) bits>=28.702 secs=4.5
site24_high13 len=24/24 L=3 mode=1 N=2^29 hits=0 log2rate=-inf rate<=2^-27.1168(97.5%) bits>=28.702 secs=4.5
site24_low52 len=24/24 L=3 mode=1 N=2^29 hits=0 log2rate=-inf rate<=2^-27.1168(97.5%) bits>=28.702 secs=4.5
site24_high12 len=24/24 L=3 mode=1 N=2^29 hits=0 log2rate=-inf rate<=2^-27.1168(97.5%) bits>=28.702 secs=4.5
site24_low53 len=24/24 L=3 mode=1 N=2^29 hits=0 log2rate=-inf rate<=2^-27.1168(97.5%) bits>=28.702 secs=4.6
site24_high11 len=24/24 L=3 mode=1 N=2^29 hits=0 log2rate=-inf rate<=2^-27.1168(97.5%) bits>=28.702 secs=4.6
site24_low54 len=24/24 L=3 mode=1 N=2^29 hits=0 log2rate=-inf rate<=2^-27.1168(97.5%) bits>=28.702 secs=4.5
site24_high10 len=24/24 L=3 mode=1 N=2^29 hits=0 log2rate=-inf rate<=2^-27.1168(97.5%) bits>=28.702 secs=4.5
site24_low55 len=24/24 L=3 mode=1 N=2^29 hits=0 log2rate=-inf rate<=2^-27.1168(97.5%) bits>=28.702 secs=4.5
site24_high9 len=24/24 L=3 mode=1 N=2^29 hits=0 log2rate=-inf rate<=2^-27.1168(97.5%) bits>=28.702 secs=4.5
site24_low56 len=24/24 L=3 mode=1 N=2^29 hits=0 log2rate=-inf rate<=2^-27.1168(97.5%) bits>=28.702 secs=4.5
site24_high8 len=24/24 L=3 mode=1 N=2^29 hits=0 log2rate=-inf rate<=2^-27.1168(97.5%) bits>=28.702 secs=5.3
site24_low57 len=24/24 L=3 mode=1 N=2^29 hits=0 log2rate=-inf rate<=2^-27.1168(97.5%) bits>=28.702 secs=7.1
site24_high7 len=24/24 L=3 mode=1 N=2^29 hits=0 log2rate=-inf rate<=2^-27.1168(97.5%) bits>=28.702 secs=4.6
site24_low58 len=24/24 L=3 mode=1 N=2^29 hits=0 log2rate=-inf rate<=2^-27.1168(97.5%) bits>=28.702 secs=8.2
site24_high6 len=24/24 L=3 mode=1 N=2^29 hits=0 log2rate=-inf rate<=2^-27.1168(97.5%) bits>=28.702 secs=5.5
site24_low59 len=24/24 L=3 mode=1 N=2^29 hits=0 log2rate=-inf rate<=2^-27.1168(97.5%) bits>=28.702 secs=4.3
site24_high5 len=24/24 L=3 mode=1 N=2^29 hits=0 log2rate=-inf rate<=2^-27.1168(97.5%) bits>=28.702 secs=3.9
site24_low60 len=24/24 L=3 mode=1 N=2^29 hits=0 log2rate=-inf rate<=2^-27.1168(97.5%) bits>=28.702 secs=4.4
site24_high4 len=24/24 L=3 mode=1 N=2^29 hits=0 log2rate=-inf rate<=2^-27.1168(97.5%) bits>=28.702 secs=4.3
site24_low61 len=24/24 L=3 mode=1 N=2^29 hits=0 log2rate=-inf rate<=2^-27.1168(97.5%) bits>=28.702 secs=7.9
site24_high3 len=24/24 L=3 mode=1 N=2^29 hits=0 log2rate=-inf rate<=2^-27.1168(97.5%) bits>=28.702 secs=4.3
site24_low62 len=24/24 L=3 mode=1 N=2^29 hits=0 log2rate=-inf rate<=2^-27.1168(97.5%) bits>=28.702 secs=4.4
site24_high2 len=24/24 L=3 mode=1 N=2^29 hits=0 log2rate=-inf rate<=2^-27.1168(97.5%) bits>=28.702 secs=4.4
site24_low63 len=24/24 L=3 mode=1 N=2^29 hits=0 log2rate=-inf rate<=2^-27.1168(97.5%) bits>=28.702 secs=5.4
site24_high1 len=24/24 L=3 mode=1 N=2^29 hits=0 log2rate=-inf rate<=2^-27.1168(97.5%) bits>=28.702 secs=7.2
site24_low64 len=24/24 L=3 mode=1 N=2^29 hits=4 log2rate=-27.0000 [-28.8759,-25.6436] bits=28.585 [27.229,30.461] secs=6.0
  witness seed=91204d9d59867d28 secret=7374caf97945c9ad,01a02fee618a1b99,1291435ea59912a4,9d940970ead067d9 out=a399f57a52aa1e92
site24_bit0 len=24/24 L=3 mode=1 N=2^29 hits=0 log2rate=-inf rate<=2^-27.1168(97.5%) bits>=28.702 secs=4.5
site24_bit4 len=24/24 L=3 mode=1 N=2^29 hits=0 log2rate=-inf rate<=2^-27.1168(97.5%) bits>=28.702 secs=5.1
site24_bit8 len=24/24 L=3 mode=1 N=2^29 hits=0 log2rate=-inf rate<=2^-27.1168(97.5%) bits>=28.702 secs=4.3
site24_bit12 len=24/24 L=3 mode=1 N=2^29 hits=0 log2rate=-inf rate<=2^-27.1168(97.5%) bits>=28.702 secs=4.1
site24_bit16 len=24/24 L=3 mode=1 N=2^29 hits=0 log2rate=-inf rate<=2^-27.1168(97.5%) bits>=28.702 secs=3.8
site24_bit20 len=24/24 L=3 mode=1 N=2^29 hits=0 log2rate=-inf rate<=2^-27.1168(97.5%) bits>=28.702 secs=3.8
site24_bit24 len=24/24 L=3 mode=1 N=2^29 hits=0 log2rate=-inf rate<=2^-27.1168(97.5%) bits>=28.702 secs=3.4
site24_bit28 len=24/24 L=3 mode=1 N=2^29 hits=0 log2rate=-inf rate<=2^-27.1168(97.5%) bits>=28.702 secs=2.8
site24_bit32 len=24/24 L=3 mode=1 N=2^29 hits=0 log2rate=-inf rate<=2^-27.1168(97.5%) bits>=28.702 secs=3.4
site24_bit36 len=24/24 L=3 mode=1 N=2^29 hits=0 log2rate=-inf rate<=2^-27.1168(97.5%) bits>=28.702 secs=5.2
site24_bit40 len=24/24 L=3 mode=1 N=2^29 hits=0 log2rate=-inf rate<=2^-27.1168(97.5%) bits>=28.702 secs=5.1
site24_bit44 len=24/24 L=3 mode=1 N=2^29 hits=0 log2rate=-inf rate<=2^-27.1168(97.5%) bits>=28.702 secs=5.0
site24_bit48 len=24/24 L=3 mode=1 N=2^29 hits=0 log2rate=-inf rate<=2^-27.1168(97.5%) bits>=28.702 secs=8.1
site24_bit52 len=24/24 L=3 mode=1 N=2^29 hits=0 log2rate=-inf rate<=2^-27.1168(97.5%) bits>=28.702 secs=5.7
site24_bit56 len=24/24 L=3 mode=1 N=2^29 hits=0 log2rate=-inf rate<=2^-27.1168(97.5%) bits>=28.702 secs=5.3
site24_bit60 len=24/24 L=3 mode=1 N=2^29 hits=0 log2rate=-inf rate<=2^-27.1168(97.5%) bits>=28.702 secs=3.4
site24_Mflip1 len=24/24 L=3 mode=1 N=2^29 hits=5 log2rate=-26.6781 [-28.3009,-25.4555] bits=28.263 [27.040,29.886] secs=3.4
  witness seed=04b5cc6a22c45353 secret=39862bb6ba1b5365,720df139db6bfbc8,32daa144fa0cb63e,921e80acc04fb7f4 out=b1795f9d10c9ae65
site24_Mflip2 len=24/24 L=3 mode=1 N=2^29 hits=0 log2rate=-inf rate<=2^-27.1168(97.5%) bits>=28.702 secs=4.1
site24_Mflip3 len=24/24 L=3 mode=1 N=2^29 hits=0 log2rate=-inf rate<=2^-27.1168(97.5%) bits>=28.702 secs=6.9
site24_Mflip4 len=24/24 L=3 mode=1 N=2^29 hits=0 log2rate=-inf rate<=2^-27.1168(97.5%) bits>=28.702 secs=5.8
site24_Mflip5 len=24/24 L=3 mode=1 N=2^29 hits=0 log2rate=-inf rate<=2^-27.1168(97.5%) bits>=28.702 secs=4.3
site24_Mflip6 len=24/24 L=3 mode=1 N=2^29 hits=0 log2rate=-inf rate<=2^-27.1168(97.5%) bits>=28.702 secs=3.3
site24_Mflip7 len=24/24 L=3 mode=1 N=2^29 hits=0 log2rate=-inf rate<=2^-27.1168(97.5%) bits>=28.702 secs=3.3
site24_Mflip8 len=24/24 L=3 mode=1 N=2^29 hits=0 log2rate=-inf rate<=2^-27.1168(97.5%) bits>=28.702 secs=3.4
site24_Mflip9 len=24/24 L=3 mode=1 N=2^29 hits=0 log2rate=-inf rate<=2^-27.1168(97.5%) bits>=28.702 secs=3.2
site24_Mflip10 len=24/24 L=3 mode=1 N=2^29 hits=0 log2rate=-inf rate<=2^-27.1168(97.5%) bits>=28.702 secs=3.2
site24_Mflip11 len=24/24 L=3 mode=1 N=2^29 hits=0 log2rate=-inf rate<=2^-27.1168(97.5%) bits>=28.702 secs=3.2
site24_Mflip12 len=24/24 L=3 mode=1 N=2^29 hits=0 log2rate=-inf rate<=2^-27.1168(97.5%) bits>=28.702 secs=3.3
site24_Mflip13 len=24/24 L=3 mode=1 N=2^29 hits=0 log2rate=-inf rate<=2^-27.1168(97.5%) bits>=28.702 secs=3.2
site24_Mflip14 len=24/24 L=3 mode=1 N=2^29 hits=0 log2rate=-inf rate<=2^-27.1168(97.5%) bits>=28.702 secs=3.4
site24_Mflip15 len=24/24 L=3 mode=1 N=2^29 hits=0 log2rate=-inf rate<=2^-27.1168(97.5%) bits>=28.702 secs=3.4
site24_Mflip16 len=24/24 L=3 mode=1 N=2^29 hits=0 log2rate=-inf rate<=2^-27.1168(97.5%) bits>=28.702 secs=3.4
site24_Mflip17 len=24/24 L=3 mode=1 N=2^29 hits=0 log2rate=-inf rate<=2^-27.1168(97.5%) bits>=28.702 secs=3.4
site24_Mflip18 len=24/24 L=3 mode=1 N=2^29 hits=0 log2rate=-inf rate<=2^-27.1168(97.5%) bits>=28.702 secs=3.4
site24_Mflip19 len=24/24 L=3 mode=1 N=2^29 hits=0 log2rate=-inf rate<=2^-27.1168(97.5%) bits>=28.702 secs=3.4
site24_Mflip20 len=24/24 L=3 mode=1 N=2^29 hits=0 log2rate=-inf rate<=2^-27.1168(97.5%) bits>=28.702 secs=3.4
site24_Mflip21 len=24/24 L=3 mode=1 N=2^29 hits=0 log2rate=-inf rate<=2^-27.1168(97.5%) bits>=28.702 secs=3.4
site24_Mflip22 len=24/24 L=3 mode=1 N=2^29 hits=0 log2rate=-inf rate<=2^-27.1168(97.5%) bits>=28.702 secs=3.4
site24_Mflip23 len=24/24 L=3 mode=1 N=2^29 hits=0 log2rate=-inf rate<=2^-27.1168(97.5%) bits>=28.702 secs=3.2
site24_Mflip24 len=24/24 L=3 mode=1 N=2^29 hits=0 log2rate=-inf rate<=2^-27.1168(97.5%) bits>=28.702 secs=3.4
site24_Mflip25 len=24/24 L=3 mode=1 N=2^29 hits=0 log2rate=-inf rate<=2^-27.1168(97.5%) bits>=28.702 secs=3.2
site24_Mflip26 len=24/24 L=3 mode=1 N=2^29 hits=0 log2rate=-inf rate<=2^-27.1168(97.5%) bits>=28.702 secs=3.4
site24_Mflip27 len=24/24 L=3 mode=1 N=2^29 hits=0 log2rate=-inf rate<=2^-27.1168(97.5%) bits>=28.702 secs=3.4
site24_Mflip28 len=24/24 L=3 mode=1 N=2^29 hits=0 log2rate=-inf rate<=2^-27.1168(97.5%) bits>=28.702 secs=3.4
site24_Mflip29 len=24/24 L=3 mode=1 N=2^29 hits=0 log2rate=-inf rate<=2^-27.1168(97.5%) bits>=28.702 secs=3.4
site24_Mflip30 len=24/24 L=3 mode=1 N=2^29 hits=0 log2rate=-inf rate<=2^-27.1168(97.5%) bits>=28.702 secs=3.4
site24_Mflip31 len=24/24 L=3 mode=1 N=2^29 hits=0 log2rate=-inf rate<=2^-27.1168(97.5%) bits>=28.702 secs=3.4
site24_Mflip32 len=24/24 L=3 mode=1 N=2^29 hits=0 log2rate=-inf rate<=2^-27.1168(97.5%) bits>=28.702 secs=3.2
site24_Mflip33 len=24/24 L=3 mode=1 N=2^29 hits=0 log2rate=-inf rate<=2^-27.1168(97.5%) bits>=28.702 secs=3.4
site24_Mflip34 len=24/24 L=3 mode=1 N=2^29 hits=0 log2rate=-inf rate<=2^-27.1168(97.5%) bits>=28.702 secs=3.4
site24_Mflip35 len=24/24 L=3 mode=1 N=2^29 hits=0 log2rate=-inf rate<=2^-27.1168(97.5%) bits>=28.702 secs=3.4
site24_Mflip36 len=24/24 L=3 mode=1 N=2^29 hits=0 log2rate=-inf rate<=2^-27.1168(97.5%) bits>=28.702 secs=3.4
site24_Mflip37 len=24/24 L=3 mode=1 N=2^29 hits=0 log2rate=-inf rate<=2^-27.1168(97.5%) bits>=28.702 secs=3.4
site24_Mflip38 len=24/24 L=3 mode=1 N=2^29 hits=0 log2rate=-inf rate<=2^-27.1168(97.5%) bits>=28.702 secs=3.4
site24_Mflip39 len=24/24 L=3 mode=1 N=2^29 hits=0 log2rate=-inf rate<=2^-27.1168(97.5%) bits>=28.702 secs=3.2
site24_Mflip40 len=24/24 L=3 mode=1 N=2^29 hits=0 log2rate=-inf rate<=2^-27.1168(97.5%) bits>=28.702 secs=3.0
site24_Mflip41 len=24/24 L=3 mode=1 N=2^29 hits=0 log2rate=-inf rate<=2^-27.1168(97.5%) bits>=28.702 secs=2.7
site24_Mflip42 len=24/24 L=3 mode=1 N=2^29 hits=0 log2rate=-inf rate<=2^-27.1168(97.5%) bits>=28.702 secs=2.7
site24_Mflip43 len=24/24 L=3 mode=1 N=2^29 hits=0 log2rate=-inf rate<=2^-27.1168(97.5%) bits>=28.702 secs=2.7
site24_Mflip44 len=24/24 L=3 mode=1 N=2^29 hits=0 log2rate=-inf rate<=2^-27.1168(97.5%) bits>=28.702 secs=2.6
site24_Mflip45 len=24/24 L=3 mode=1 N=2^29 hits=0 log2rate=-inf rate<=2^-27.1168(97.5%) bits>=28.702 secs=2.7
site24_Mflip46 len=24/24 L=3 mode=1 N=2^29 hits=0 log2rate=-inf rate<=2^-27.1168(97.5%) bits>=28.702 secs=3.4
site24_Mflip47 len=24/24 L=3 mode=1 N=2^29 hits=0 log2rate=-inf rate<=2^-27.1168(97.5%) bits>=28.702 secs=3.4
site24_Mflip48 len=24/24 L=3 mode=1 N=2^29 hits=0 log2rate=-inf rate<=2^-27.1168(97.5%) bits>=28.702 secs=3.4
site24_Mflip49 len=24/24 L=3 mode=1 N=2^29 hits=0 log2rate=-inf rate<=2^-27.1168(97.5%) bits>=28.702 secs=3.4
site24_Mflip50 len=24/24 L=3 mode=1 N=2^29 hits=0 log2rate=-inf rate<=2^-27.1168(97.5%) bits>=28.702 secs=3.4
site24_Mflip51 len=24/24 L=3 mode=1 N=2^29 hits=0 log2rate=-inf rate<=2^-27.1168(97.5%) bits>=28.702 secs=3.4
site24_Mflip52 len=24/24 L=3 mode=1 N=2^29 hits=0 log2rate=-inf rate<=2^-27.1168(97.5%) bits>=28.702 secs=3.4
site24_Mflip53 len=24/24 L=3 mode=1 N=2^29 hits=0 log2rate=-inf rate<=2^-27.1168(97.5%) bits>=28.702 secs=3.2
site24_Mflip54 len=24/24 L=3 mode=1 N=2^29 hits=0 log2rate=-inf rate<=2^-27.1168(97.5%) bits>=28.702 secs=3.4
site24_Mflip55 len=24/24 L=3 mode=1 N=2^29 hits=0 log2rate=-inf rate<=2^-27.1168(97.5%) bits>=28.702 secs=3.4
site24_Mflip56 len=24/24 L=3 mode=1 N=2^29 hits=0 log2rate=-inf rate<=2^-27.1168(97.5%) bits>=28.702 secs=3.4
site24_Mflip57 len=24/24 L=3 mode=1 N=2^29 hits=0 log2rate=-inf rate<=2^-27.1168(97.5%) bits>=28.702 secs=3.4
site24_Mflip58 len=24/24 L=3 mode=1 N=2^29 hits=0 log2rate=-inf rate<=2^-27.1168(97.5%) bits>=28.702 secs=3.4
site24_Mflip59 len=24/24 L=3 mode=1 N=2^29 hits=0 log2rate=-inf rate<=2^-27.1168(97.5%) bits>=28.702 secs=3.4
site24_Mflip60 len=24/24 L=3 mode=1 N=2^29 hits=0 log2rate=-inf rate<=2^-27.1168(97.5%) bits>=28.702 secs=3.4
site24_Mflip61 len=24/24 L=3 mode=1 N=2^29 hits=0 log2rate=-inf rate<=2^-27.1168(97.5%) bits>=28.702 secs=3.4
site24_Mflip62 len=24/24 L=3 mode=1 N=2^29 hits=0 log2rate=-inf rate<=2^-27.1168(97.5%) bits>=28.702 secs=3.4
site24_Mflip63 len=24/24 L=3 mode=1 N=2^29 hits=0 log2rate=-inf rate<=2^-27.1168(97.5%) bits>=28.702 secs=3.2
