rust-ahash: aHash 0.8.12 as tested by SMHasher3 (hashes/rust-ahash.cpp); AES backend: AES-NI
  rust_ahash     SMHasher3 verification 0x3BF4383B (registered 0x3BF4383B) OK
  rust_ahash_fb  SMHasher3 verification 0x53C9F167 (registered 0x53C9F167) OK
N = 2^29 random secrets per model, rng seed 16

== pair A: rust_ahash (AES path), 56-byte messages
  m1 = 40313233343536373839253b3c3d3e3f408142094445464748494a4b4c4d4e4f8d896d065c5d5e5f606162636465666768696a6b6c6d6e6f
  m2 = 3e313233343536373839403b3c3d3e3f405e42204445464748494a4b4c4d4e4f727290085c5d5e5f606162636465666768696a6b6c6d6e6f
  xor= 7e00000000000000000065000000000000df0029000000000000000000000000fffbfd0e0000000000000000000000000000000000000000
  mechanism: 3-S-box differential trail through hash_in: the byte differences in block 1 (bytes 0,10)
  are chosen so that InvShiftRows puts them in one column and InvMixColumns of the inverse-S-box
  outputs (DDT 4/256 each) leaves one byte, which block 2 cancels except for one byte (DDT 2/256)
  that block 3 cancels; the sum lane cancels additively through the shuffle.  Predicted
  4/256 * 4/256 * 2/256 * (carry factor ~2^-0.7) = 2^-19.7; unconditional over the keys.
  explicit colliding secret: k0..k3 = 711096b41e1b7d99 59af3b7ae3b7d595 d2fb75eb5658a771 5a0f91d8ed1ffe38
    H(m1) = 45ef7682d72b19b6  H(m2) = 45ef7682d72b19b6  COLLIDE
  model rs4 (four uniform keys k0..k3)      : collisions/N = 592/2^29 = 2^-19.79
    140.5 s;  first colliding secret: k0..k3 = ab858d1831f51aeb 2715d68c98625730 20d09dff55940baa f8d486ebef8aac38
    H(m1) = H(m2) = 19a544e973d7fb6b
  model smh (one uniform seed, k_j = PI2[j]^seed): collisions/N = 619/2^29 = 2^-19.73
    183.0 s;  first colliding secret: seed = ffe82f95a35b9702, k0..k3 = bac00e739b8b8475 41bc495a97b29b6e 3f4406226a27c7df c06cfa20161c9e15
    H(m1) = H(m2) = 97106db12496ac47
