Fri Sep 18 22:16:03 UTC 2026
L=15: v=0x1f best DDT count=4 (w=0xa3) -> predicted eps=(4/256)^4=2^-24.00
Delta*=a3fe5da3a3fe5da342a3bcfe42a3bcfe
a (len 15) = 000000000000000000000000000000
b (len 16) = a3fe5da3a3fe5da342a3bcfe42a3bcfe
colliding key found after 16200862 draws: key[8,10,12,14]=b4 b4 10 10
that key, 16777216 random seeds: 16777216 collide (seed-free: yes)
same 4 bytes, other 124 key bytes + seed random, 65536 draws: 65536 collide
L=15: v=0x1f best DDT count=4 (w=0xa3) -> predicted eps=(4/256)^4=2^-24.00
Delta*=a3fe5da3a3fe5da342a3bcfe42a3bcfe
a (len 15) = 000000000000000000000000000000
b (len 16) = a3fe5da3a3fe5da342a3bcfe42a3bcfe
measure L=15 vs 16: collisions=66 N=2^30 rate=6.147e-08=2^-23.956  95% CI [2^-24.326, 2^-23.608]  (6.8 s, 8 threads)
L=1: v=0x11 best DDT count=4 (w=0xe1) -> predicted eps=(4/256)^4=2^-24.00
Delta*=e138d9e1e138d9e1c8e1f038c8e1f038
a (len 1) = 00
b (len 16) = e138d9e1e138d9e1c8e1f038c8e1f038
measure L=1 vs 16: collisions=64 N=2^30 rate=5.96e-08=2^-24.000  95% CI [2^-24.377, 2^-23.647]  (6.6 s, 8 threads)
L=2: v=0x12 best DDT count=4 (w=0xaa) -> predicted eps=(4/256)^4=2^-24.00
Delta*=aae54faaaae54faa5daab8e55daab8e5
a (len 2) = 0000
b (len 16) = aae54faaaae54faa5daab8e55daab8e5
measure L=2 vs 16: collisions=56 N=2^30 rate=5.215e-08=2^-24.193  95% CI [2^-24.597, 2^-23.816]  (7.2 s, 8 threads)
L=3: v=0x13 best DDT count=4 (w=0x1e) -> predicted eps=(4/256)^4=2^-24.00
Delta*=1e223c1e1e223c1e2f1e0d222f1e0d22
a (len 3) = 000000
b (len 16) = 1e223c1e1e223c1e2f1e0d222f1e0d22
measure L=3 vs 16: collisions=78 N=2^30 rate=7.264e-08=2^-23.715  95% CI [2^-24.054, 2^-23.395]  (6.8 s, 8 threads)
L=4: v=0x14 best DDT count=4 (w=0x99) -> predicted eps=(4/256)^4=2^-24.00
Delta*=99b0299999b029993d998db03d998db0
a (len 4) = 00000000
b (len 16) = 99b0299999b029993d998db03d998db0
measure L=4 vs 16: collisions=74 N=2^30 rate=6.892e-08=2^-23.791  95% CI [2^-24.139, 2^-23.462]  (6.7 s, 8 threads)
L=5: v=0x15 best DDT count=4 (w=0x3a) -> predicted eps=(4/256)^4=2^-24.00
Delta*=3a4e743a3a4e743a613a2f4e613a2f4e
a (len 5) = 0000000000
b (len 16) = 3a4e743a3a4e743a613a2f4e613a2f4e
measure L=5 vs 16: collisions=61 N=2^30 rate=5.681e-08=2^-24.069  95% CI [2^-24.456, 2^-23.708]  (6.7 s, 8 threads)
L=6: v=0x16 best DDT count=4 (w=0x24) -> predicted eps=(4/256)^4=2^-24.00
Delta*=246c4824246c48245e24326c5e24326c
a (len 6) = 000000000000
b (len 16) = 246c4824246c48245e24326c5e24326c
measure L=6 vs 16: collisions=58 N=2^30 rate=5.402e-08=2^-24.142  95% CI [2^-24.539, 2^-23.772]  (6.4 s, 8 threads)
L=7: v=0x17 best DDT count=4 (w=0x93) -> predicted eps=(4/256)^4=2^-24.00
Delta*=93ae3d9393ae3d932a9384ae2a9384ae
a (len 7) = 00000000000000
b (len 16) = 93ae3d9393ae3d932a9384ae2a9384ae
measure L=7 vs 16: collisions=63 N=2^30 rate=5.867e-08=2^-24.023  95% CI [2^-24.403, 2^-23.667]  (6.7 s, 8 threads)
collision: key[8,10,12,14]=ab0fb4ab seed=12c3be9a410c165a  maphash.Bytes: a=1b7db7aab24e95c9 b=1b7db7aab24e95c9 | other seed 74e0b8b8df8dd591: a=3456a4a54b1ad399 b=3456a4a54b1ad399
collision: key[8,10,12,14]=10100f10 seed=4646246ec3961a48  maphash.Bytes: a=b406348fd97ecb64 b=b406348fd97ecb64 | other seed b240da2011d24ae9: a=0a0f5191979d47cf b=0a0f5191979d47cf
real runtime go1.27.1 memhash, fresh key+seed per sample: collisions=20 N=2^28 rate=2^-23.678
Fri Sep 18 22:17:29 UTC 2026
