# variant=11 W=1 log2keys=24 seed=4375 mode=R N=16777216
# d0 d1 name coll low32 low16 meanpop z hist0..8
0000480000000000 0000000000000000 bits43_46 0 0 243 32.00602 6.16 0 0 0 0 0 0 0 0 0
0000880000000000 0000000000000000 bits43_47 0 0 249 31.99756 -2.50 0 0 0 0 0 0 0 0 0
0001080000000000 0000000000000000 bits43_48 0 0 265 32.00132 1.35 0 0 0 0 0 0 0 0 0
0002080000000000 0000000000000000 bits43_49 0 0 247 31.99890 -1.12 0 0 0 0 0 0 0 0 0
0004080000000000 0000000000000000 bits43_50 0 0 234 32.00053 0.54 0 0 0 0 0 0 0 0 0
0008080000000000 0000000000000000 bits43_51 0 0 273 31.99954 -0.47 0 0 0 0 0 0 0 0 0
0010080000000000 0000000000000000 bits43_52 0 0 240 32.00129 1.32 0 0 0 0 0 0 0 0 0
0020080000000000 0000000000000000 bits43_53 0 0 237 32.00002 0.02 0 0 0 0 0 0 0 0 0
0040080000000000 0000000000000000 bits43_54 0 0 258 31.99354 -6.61 0 0 0 0 0 0 0 0 0
0080080000000000 0000000000000000 bits43_55 0 0 248 31.99859 -1.45 0 0 0 0 0 0 0 0 0
0100080000000000 0000000000000000 bits43_56 0 0 251 31.99746 -2.60 0 0 0 0 0 0 0 0 0
0200080000000000 0000000000000000 bits43_57 0 0 236 31.99976 -0.24 0 0 0 0 0 0 0 0 0
0400080000000000 0000000000000000 bits43_58 0 0 267 31.99975 -0.26 0 0 0 0 0 0 0 0 0
0800080000000000 0000000000000000 bits43_59 0 0 256 32.04481 45.88 0 0 0 0 0 0 0 0 0
1000080000000000 0000000000000000 bits43_60 0 0 248 31.99609 -4.01 0 0 0 0 0 0 0 0 0
2000080000000000 0000000000000000 bits43_61 0 0 245 31.99951 -0.50 0 0 0 0 0 0 0 0 0
4000080000000000 0000000000000000 bits43_62 0 0 251 31.99192 -8.27 0 0 0 0 0 0 0 0 0
8000080000000000 0000000000000000 bits43_63 0 0 262 31.99531 -4.81 0 0 0 0 0 0 0 0 0
0000300000000000 0000000000000000 bits44_45 0 0 237 31.97764 -22.90 0 0 0 0 0 0 0 0 0
0000500000000000 0000000000000000 bits44_46 0 0 256 31.99762 -2.44 0 0 0 0 0 0 0 0 0
0000900000000000 0000000000000000 bits44_47 0 0 255 32.00525 5.38 0 0 0 0 0 0 0 0 0
0001100000000000 0000000000000000 bits44_48 0 0 242 31.99946 -0.55 0 0 0 0 0 0 0 0 0
0002100000000000 0000000000000000 bits44_49 0 0 294 32.00088 0.90 0 0 0 0 0 0 0 0 0
0004100000000000 0000000000000000 bits44_50 0 0 250 31.99849 -1.55 0 0 0 0 0 0 0 0 0
0008100000000000 0000000000000000 bits44_51 0 0 251 31.99990 -0.10 0 0 0 0 0 0 0 0 0
0010100000000000 0000000000000000 bits44_52 0 0 268 32.00195 2.00 0 0 0 0 0 0 0 0 0
0020100000000000 0000000000000000 bits44_53 0 0 269 31.99843 -1.61 0 0 0 0 0 0 0 0 0
0040100000000000 0000000000000000 bits44_54 0 0 300 31.99905 -0.97 0 0 0 0 0 0 0 0 0
0080100000000000 0000000000000000 bits44_55 0 0 260 31.99312 -7.04 0 0 0 0 0 0 0 0 0
0100100000000000 0000000000000000 bits44_56 0 0 267 31.99767 -2.39 0 0 0 0 0 0 0 0 0
0200100000000000 0000000000000000 bits44_57 0 0 263 31.99540 -4.71 0 0 0 0 0 0 0 0 0
0400100000000000 0000000000000000 bits44_58 0 0 246 31.99972 -0.29 0 0 0 0 0 0 0 0 0
0800100000000000 0000000000000000 bits44_59 0 0 290 32.00278 2.84 0 0 0 0 0 0 0 0 0
1000100000000000 0000000000000000 bits44_60 0 0 244 32.04680 47.92 0 0 0 0 0 0 0 0 0
2000100000000000 0000000000000000 bits44_61 0 0 242 31.99671 -3.37 0 0 0 0 0 0 0 0 0
4000100000000000 0000000000000000 bits44_62 0 0 244 32.00005 0.05 0 0 0 0 0 0 0 0 0
8000100000000000 0000000000000000 bits44_63 0 0 238 31.99059 -9.64 0 0 0 0 0 0 0 0 0
0000600000000000 0000000000000000 bits45_46 0 0 275 31.96604 -34.78 0 0 0 0 0 0 0 0 0
0000a00000000000 0000000000000000 bits45_47 0 0 263 31.99895 -1.07 0 0 0 0 0 0 0 0 0
0001200000000000 0000000000000000 bits45_48 0 0 264 32.00659 6.75 0 0 0 0 0 0 0 0 0
0002200000000000 0000000000000000 bits45_49 0 0 270 31.99771 -2.35 0 0 0 0 0 0 0 0 0
0004200000000000 0000000000000000 bits45_50 0 0 281 32.00217 2.22 0 0 0 0 0 0 0 0 0
0008200000000000 0000000000000000 bits45_51 0 0 261 32.00114 1.17 0 0 0 0 0 0 0 0 0
0010200000000000 0000000000000000 bits45_52 0 0 260 31.99920 -0.82 0 0 0 0 0 0 0 0 0
0020200000000000 0000000000000000 bits45_53 0 0 226 32.00061 0.63 0 0 0 0 0 0 0 0 0
0040200000000000 0000000000000000 bits45_54 0 0 258 31.99953 -0.48 0 0 0 0 0 0 0 0 0
0080200000000000 0000000000000000 bits45_55 0 0 279 31.99876 -1.27 0 0 0 0 0 0 0 0 0
0100200000000000 0000000000000000 bits45_56 0 0 272 31.99227 -7.92 0 0 0 0 0 0 0 0 0
0200200000000000 0000000000000000 bits45_57 0 0 294 31.99819 -1.85 0 0 0 0 0 0 0 0 0
0400200000000000 0000000000000000 bits45_58 0 0 286 31.99448 -5.65 0 0 0 0 0 0 0 0 0
0800200000000000 0000000000000000 bits45_59 0 0 220 32.00157 1.61 0 0 0 0 0 0 0 0 0
1000200000000000 0000000000000000 bits45_60 0 0 266 32.00194 1.98 0 0 0 0 0 0 0 0 0
2000200000000000 0000000000000000 bits45_61 0 0 235 32.05120 52.43 0 0 0 0 0 0 0 0 0
4000200000000000 0000000000000000 bits45_62 0 0 258 31.99594 -4.16 0 0 0 0 0 0 0 0 0
8000200000000000 0000000000000000 bits45_63 0 0 273 32.00010 0.10 0 0 0 0 0 0 0 0 0
0000c00000000000 0000000000000000 bits46_47 0 0 229 31.96193 -38.98 0 0 0 0 0 0 0 0 0
0001400000000000 0000000000000000 bits46_48 0 0 275 32.00064 0.66 0 0 0 0 0 0 0 0 0
0002400000000000 0000000000000000 bits46_49 0 0 260 32.00679 6.95 0 0 0 0 0 0 0 0 0
0004400000000000 0000000000000000 bits46_50 0 0 273 31.99774 -2.31 0 0 0 0 0 0 0 0 0
0008400000000000 0000000000000000 bits46_51 0 0 298 32.00421 4.32 0 0 0 0 0 0 0 0 0
0010400000000000 0000000000000000 bits46_52 0 0 279 32.00157 1.60 0 0 0 0 0 0 0 0 0
0020400000000000 0000000000000000 bits46_53 0 0 260 32.00110 1.12 0 0 0 0 0 0 0 0 0
0040400000000000 0000000000000000 bits46_54 0 0 259 32.00031 0.32 0 0 0 0 0 0 0 0 0
0080400000000000 0000000000000000 bits46_55 0 0 243 32.00031 0.32 0 0 0 0 0 0 0 0 0
0100400000000000 0000000000000000 bits46_56 0 0 249 32.00067 0.69 0 0 0 0 0 0 0 0 0
0200400000000000 0000000000000000 bits46_57 0 0 289 31.99042 -9.81 0 0 0 0 0 0 0 0 0
0400400000000000 0000000000000000 bits46_58 0 0 260 31.99768 -2.38 0 0 0 0 0 0 0 0 0
0800400000000000 0000000000000000 bits46_59 0 0 230 31.99606 -4.04 0 0 0 0 0 0 0 0 0
1000400000000000 0000000000000000 bits46_60 0 0 228 32.00057 0.58 0 0 0 0 0 0 0 0 0
2000400000000000 0000000000000000 bits46_61 0 0 240 32.00207 2.12 0 0 0 0 0 0 0 0 0
4000400000000000 0000000000000000 bits46_62 0 0 293 32.05638 57.74 0 0 0 0 0 0 0 0 0
8000400000000000 0000000000000000 bits46_63 0 0 252 31.99191 -8.28 0 0 0 0 0 0 0 0 0
0001800000000000 0000000000000000 bits47_48 0 0 242 32.02087 21.38 0 0 0 0 0 0 0 0 0
0002800000000000 0000000000000000 bits47_49 0 0 280 32.00146 1.49 0 0 0 0 0 0 0 0 0
0004800000000000 0000000000000000 bits47_50 0 0 234 32.00695 7.11 0 0 0 0 0 0 0 0 0
0008800000000000 0000000000000000 bits47_51 0 0 280 31.98216 -18.27 0 0 0 0 0 0 0 0 0
0010800000000000 0000000000000000 bits47_52 0 0 276 32.00506 5.18 0 0 0 0 0 0 0 0 0
0020800000000000 0000000000000000 bits47_53 0 0 265 32.00044 0.45 0 0 0 0 0 0 0 0 0
0040800000000000 0000000000000000 bits47_54 0 0 267 32.00162 1.66 0 0 0 0 0 0 0 0 0
0080800000000000 0000000000000000 bits47_55 0 0 261 32.00025 0.26 0 0 0 0 0 0 0 0 0
0100800000000000 0000000000000000 bits47_56 0 0 267 32.00020 0.21 0 0 0 0 0 0 0 0 0
0200800000000000 0000000000000000 bits47_57 0 0 280 31.99963 -0.38 0 0 0 0 0 0 0 0 0
0400800000000000 0000000000000000 bits47_58 0 0 268 31.99202 -8.17 0 0 0 0 0 0 0 0 0
0800800000000000 0000000000000000 bits47_59 0 0 259 31.99880 -1.23 0 0 0 0 0 0 0 0 0
1000800000000000 0000000000000000 bits47_60 0 0 250 31.99541 -4.70 0 0 0 0 0 0 0 0 0
2000800000000000 0000000000000000 bits47_61 0 0 261 32.00145 1.48 0 0 0 0 0 0 0 0 0
4000800000000000 0000000000000000 bits47_62 0 0 235 32.00486 4.98 0 0 0 0 0 0 0 0 0
8000800000000000 0000000000000000 bits47_63 0 0 225 32.08116 83.11 0 0 0 0 0 0 0 0 0
0003000000000000 0000000000000000 bits48_49 0 0 228 31.98815 -12.14 0 0 0 0 0 0 0 0 0
0005000000000000 0000000000000000 bits48_50 0 0 263 31.99992 -0.08 0 0 0 0 0 0 0 0 0
0009000000000000 0000000000000000 bits48_51 0 0 233 32.00355 3.63 0 0 0 0 0 0 0 0 0
0011000000000000 0000000000000000 bits48_52 0 0 248 32.00027 0.28 0 0 0 0 0 0 0 0 0
0021000000000000 0000000000000000 bits48_53 0 0 249 32.00210 2.15 0 0 0 0 0 0 0 0 0
0041000000000000 0000000000000000 bits48_54 0 0 293 31.99935 -0.66 0 0 0 0 0 0 0 0 0
0081000000000000 0000000000000000 bits48_55 0 0 284 32.00032 0.33 0 0 0 0 0 0 0 0 0
0101000000000000 0000000000000000 bits48_56 0 0 238 31.99994 -0.06 0 0 0 0 0 0 0 0 0
0201000000000000 0000000000000000 bits48_57 0 0 265 31.99947 -0.55 0 0 0 0 0 0 0 0 0
0401000000000000 0000000000000000 bits48_58 0 0 271 32.00102 1.05 0 0 0 0 0 0 0 0 0
0801000000000000 0000000000000000 bits48_59 0 0 254 31.99839 -1.65 0 0 0 0 0 0 0 0 0
1001000000000000 0000000000000000 bits48_60 0 0 278 31.99844 -1.60 0 0 0 0 0 0 0 0 0
2001000000000000 0000000000000000 bits48_61 0 0 285 31.99565 -4.46 0 0 0 0 0 0 0 0 0
4001000000000000 0000000000000000 bits48_62 0 0 284 31.99969 -0.32 0 0 0 0 0 0 0 0 0
8001000000000000 0000000000000000 bits48_63 0 0 256 32.00210 2.15 0 0 0 0 0 0 0 0 0
0006000000000000 0000000000000000 bits49_50 0 0 267 31.98981 -10.44 0 0 0 0 0 0 0 0 0
000a000000000000 0000000000000000 bits49_51 0 0 272 31.99849 -1.55 0 0 0 0 0 0 0 0 0
0012000000000000 0000000000000000 bits49_52 0 0 265 32.00801 8.21 0 0 0 0 0 0 0 0 0
0022000000000000 0000000000000000 bits49_53 0 0 264 31.99728 -2.78 0 0 0 0 0 0 0 0 0
0042000000000000 0000000000000000 bits49_54 0 0 257 32.00173 1.77 0 0 0 0 0 0 0 0 0
0082000000000000 0000000000000000 bits49_55 0 0 228 31.99867 -1.36 0 0 0 0 0 0 0 0 0
0102000000000000 0000000000000000 bits49_56 0 0 249 32.00129 1.32 0 0 0 0 0 0 0 0 0
0202000000000000 0000000000000000 bits49_57 0 0 233 32.00047 0.49 0 0 0 0 0 0 0 0 0
0402000000000000 0000000000000000 bits49_58 0 0 252 32.00079 0.81 0 0 0 0 0 0 0 0 0
0802000000000000 0000000000000000 bits49_59 0 0 246 31.99999 -0.01 0 0 0 0 0 0 0 0 0
1002000000000000 0000000000000000 bits49_60 0 0 256 31.99720 -2.86 0 0 0 0 0 0 0 0 0
2002000000000000 0000000000000000 bits49_61 0 0 252 31.99998 -0.02 0 0 0 0 0 0 0 0 0
4002000000000000 0000000000000000 bits49_62 0 0 250 31.99346 -6.70 0 0 0 0 0 0 0 0 0
8002000000000000 0000000000000000 bits49_63 0 0 272 31.99824 -1.80 0 0 0 0 0 0 0 0 0
000c000000000000 0000000000000000 bits50_51 0 0 280 31.99012 -10.12 0 0 0 0 0 0 0 0 0
0014000000000000 0000000000000000 bits50_52 0 0 219 32.00132 1.35 0 0 0 0 0 0 0 0 0
0024000000000000 0000000000000000 bits50_53 0 0 256 32.00619 6.33 0 0 0 0 0 0 0 0 0
0044000000000000 0000000000000000 bits50_54 0 0 240 31.99738 -2.68 0 0 0 0 0 0 0 0 0
0084000000000000 0000000000000000 bits50_55 0 0 233 32.00229 2.34 0 0 0 0 0 0 0 0 0
0104000000000000 0000000000000000 bits50_56 0 0 242 32.00102 1.04 0 0 0 0 0 0 0 0 0
0204000000000000 0000000000000000 bits50_57 0 0 252 31.99989 -0.11 0 0 0 0 0 0 0 0 0
0404000000000000 0000000000000000 bits50_58 0 0 234 31.99938 -0.64 0 0 0 0 0 0 0 0 1
0804000000000000 0000000000000000 bits50_59 0 0 268 31.99879 -1.24 0 0 0 0 0 0 0 0 0
1004000000000000 0000000000000000 bits50_60 0 0 259 31.99950 -0.51 0 0 0 0 0 0 0 0 0
2004000000000000 0000000000000000 bits50_61 0 0 277 31.99480 -5.32 0 0 0 0 0 0 0 0 0
4004000000000000 0000000000000000 bits50_62 0 0 252 31.99937 -0.64 0 0 0 0 0 0 0 0 0
8004000000000000 0000000000000000 bits50_63 0 0 234 31.98694 -13.37 0 0 0 0 0 0 0 0 0
0018000000000000 0000000000000000 bits51_52 0 0 247 31.99181 -8.39 0 0 0 0 0 0 0 0 0
0028000000000000 0000000000000000 bits51_53 0 0 224 32.00118 1.21 0 0 0 0 0 0 0 0 0
0048000000000000 0000000000000000 bits51_54 0 0 243 32.00530 5.43 0 0 0 0 0 0 0 0 0
0088000000000000 0000000000000000 bits51_55 0 0 250 31.99850 -1.53 0 0 0 0 0 0 0 0 0
0108000000000000 0000000000000000 bits51_56 0 0 252 32.00027 0.28 0 0 0 0 0 0 0 0 0
0208000000000000 0000000000000000 bits51_57 0 0 244 32.00045 0.46 0 0 0 0 0 0 0 0 0
0408000000000000 0000000000000000 bits51_58 0 0 257 32.00038 0.39 0 0 0 0 0 0 0 0 0
0808000000000000 0000000000000000 bits51_59 0 0 252 32.00202 2.07 0 0 0 0 0 0 0 0 0
1008000000000000 0000000000000000 bits51_60 0 0 244 31.99882 -1.21 0 0 0 0 0 0 0 0 0
2008000000000000 0000000000000000 bits51_61 0 0 237 32.00015 0.15 0 0 0 0 0 0 0 0 0
4008000000000000 0000000000000000 bits51_62 0 0 251 31.99865 -1.38 0 0 0 0 0 0 0 0 0
8008000000000000 0000000000000000 bits51_63 0 0 257 31.99862 -1.41 0 0 0 0 0 0 0 0 0
0030000000000000 0000000000000000 bits52_53 0 0 237 31.98968 -10.57 0 0 0 0 0 0 0 0 0
0050000000000000 0000000000000000 bits52_54 0 0 247 31.99921 -0.80 0 0 0 0 0 0 0 0 0
0090000000000000 0000000000000000 bits52_55 0 0 247 32.00502 5.14 0 0 0 0 0 0 0 0 0
0110000000000000 0000000000000000 bits52_56 0 0 282 31.99755 -2.51 0 0 0 0 0 0 0 0 0
0210000000000000 0000000000000000 bits52_57 0 0 278 32.00101 1.04 0 0 0 0 0 0 0 0 0
0410000000000000 0000000000000000 bits52_58 0 0 282 31.99871 -1.32 0 0 0 0 0 0 0 0 0
0810000000000000 0000000000000000 bits52_59 0 0 240 31.99853 -1.50 0 0 0 0 0 0 0 0 0
1010000000000000 0000000000000000 bits52_60 0 0 254 31.99956 -0.45 0 0 0 0 0 0 0 0 0
2010000000000000 0000000000000000 bits52_61 0 0 291 32.00040 0.41 0 0 0 0 0 0 0 0 0
4010000000000000 0000000000000000 bits52_62 0 0 278 31.99892 -1.10 0 0 0 0 0 0 0 0 0
8010000000000000 0000000000000000 bits52_63 0 0 251 31.99415 -5.99 0 0 0 0 0 0 0 0 0
0060000000000000 0000000000000000 bits53_54 0 0 250 31.99144 -8.77 0 0 0 0 0 0 0 0 0
00a0000000000000 0000000000000000 bits53_55 0 0 273 32.00083 0.85 0 0 0 0 0 0 0 0 0
0120000000000000 0000000000000000 bits53_56 0 0 239 32.00538 5.50 0 0 0 0 0 0 0 0 0
0220000000000000 0000000000000000 bits53_57 0 0 278 31.99764 -2.42 0 0 0 0 0 0 0 0 0
0420000000000000 0000000000000000 bits53_58 0 0 263 32.00319 3.27 0 0 0 0 0 0 0 0 0
0820000000000000 0000000000000000 bits53_59 0 0 265 32.00085 0.87 0 0 0 0 0 0 0 0 0
1020000000000000 0000000000000000 bits53_60 0 0 231 32.00075 0.77 0 0 0 0 0 0 0 0 0
2020000000000000 0000000000000000 bits53_61 0 0 250 31.99804 -2.01 0 0 0 0 0 0 0 0 0
4020000000000000 0000000000000000 bits53_62 0 0 229 31.99871 -1.32 0 0 0 0 0 0 0 0 0
8020000000000000 0000000000000000 bits53_63 0 0 242 32.00077 0.78 0 0 0 0 0 0 0 0 0
00c0000000000000 0000000000000000 bits54_55 0 0 278 31.98454 -15.83 0 0 0 0 0 0 0 0 0
0140000000000000 0000000000000000 bits54_56 0 0 214 31.99990 -0.11 0 0 0 0 0 0 0 0 0
0240000000000000 0000000000000000 bits54_57 0 0 248 32.00746 7.64 0 0 0 0 0 0 0 0 0
0440000000000000 0000000000000000 bits54_58 0 0 293 31.99672 -3.36 0 0 0 0 0 0 0 0 0
0840000000000000 0000000000000000 bits54_59 0 0 241 32.00206 2.11 0 0 0 0 0 0 0 0 0
1040000000000000 0000000000000000 bits54_60 0 0 266 32.00047 0.48 0 0 0 0 0 0 0 0 0
2040000000000000 0000000000000000 bits54_61 0 0 246 31.99730 -2.76 0 0 0 0 0 0 0 0 0
4040000000000000 0000000000000000 bits54_62 0 0 279 31.99816 -1.89 0 0 0 0 0 0 0 0 0
8040000000000000 0000000000000000 bits54_63 0 0 278 31.99950 -0.51 0 0 0 0 0 0 0 0 0
0180000000000000 0000000000000000 bits55_56 0 0 265 31.98715 -13.16 0 0 0 0 0 0 0 0 0
0280000000000000 0000000000000000 bits55_57 0 0 279 32.00000 0.00 0 0 0 0 0 0 0 0 0
0480000000000000 0000000000000000 bits55_58 0 0 252 32.00515 5.28 0 0 0 0 0 0 0 0 0
0880000000000000 0000000000000000 bits55_59 0 0 282 31.99995 -0.05 0 0 0 0 0 0 0 0 0
1080000000000000 0000000000000000 bits55_60 0 0 247 32.00789 8.08 0 0 0 0 0 0 0 0 0
2080000000000000 0000000000000000 bits55_61 0 0 231 32.00134 1.37 0 0 0 0 0 0 0 0 0
4080000000000000 0000000000000000 bits55_62 0 0 258 31.99884 -1.19 0 0 0 0 0 0 0 0 0
8080000000000000 0000000000000000 bits55_63 0 0 244 31.99788 -2.17 0 0 0 0 0 0 0 0 0
0300000000000000 0000000000000000 bits56_57 0 0 249 31.98934 -10.91 0 0 0 0 0 0 0 0 0
0500000000000000 0000000000000000 bits56_58 0 0 245 32.00207 2.12 0 0 0 0 0 0 0 0 0
0900000000000000 0000000000000000 bits56_59 0 0 240 32.00822 8.42 0 0 0 0 0 0 0 0 0
1100000000000000 0000000000000000 bits56_60 0 0 249 31.99441 -5.72 0 0 0 0 0 0 0 0 0
2100000000000000 0000000000000000 bits56_61 0 0 260 32.01084 11.10 0 0 0 0 0 0 0 0 0
4100000000000000 0000000000000000 bits56_62 0 0 253 32.00155 1.58 0 0 0 0 0 0 0 0 0
8100000000000000 0000000000000000 bits56_63 0 0 261 32.00081 0.83 0 0 0 0 0 0 0 0 0
0600000000000000 0000000000000000 bits57_58 0 0 279 31.98811 -12.18 0 0 0 0 0 0 0 0 0
0a00000000000000 0000000000000000 bits57_59 0 0 245 32.00148 1.51 0 0 0 0 0 0 0 0 0
1200000000000000 0000000000000000 bits57_60 0 0 287 32.00704 7.21 0 0 0 0 0 0 0 0 0
2200000000000000 0000000000000000 bits57_61 0 0 262 31.99518 -4.94 0 0 0 0 0 0 0 0 0
4200000000000000 0000000000000000 bits57_62 0 0 266 32.01378 14.11 0 0 0 0 0 0 0 0 0
8200000000000000 0000000000000000 bits57_63 0 0 268 32.00385 3.94 0 0 0 0 0 0 0 0 0
0c00000000000000 0000000000000000 bits58_59 0 0 298 31.98731 -12.99 0 0 0 0 0 0 0 0 0
1400000000000000 0000000000000000 bits58_60 0 0 252 32.00207 2.12 0 0 0 0 0 0 0 0 0
2400000000000000 0000000000000000 bits58_61 0 0 274 32.00873 8.94 0 0 0 0 0 0 0 0 0
4400000000000000 0000000000000000 bits58_62 0 0 250 31.99268 -7.49 0 0 0 0 0 0 0 0 0
8400000000000000 0000000000000000 bits58_63 0 0 277 32.01595 16.33 0 0 0 0 0 0 0 0 0
1800000000000000 0000000000000000 bits59_60 0 0 262 31.99522 -4.90 0 0 0 0 0 0 0 0 0
2800000000000000 0000000000000000 bits59_61 0 0 255 32.00236 2.41 0 0 0 0 0 0 0 0 0
4800000000000000 0000000000000000 bits59_62 0 0 276 32.01146 11.74 0 0 0 0 0 0 0 0 0
8800000000000000 0000000000000000 bits59_63 0 0 274 31.99097 -9.24 0 0 0 0 0 0 0 0 0
3000000000000000 0000000000000000 bits60_61 0 0 268 31.98367 -16.73 0 0 0 0 0 0 0 0 0
5000000000000000 0000000000000000 bits60_62 0 1 275 31.99889 -1.14 0 0 0 0 0 0 0 0 0
9000000000000000 0000000000000000 bits60_63 0 0 256 32.01159 11.87 0 0 0 0 0 0 0 0 0
6000000000000000 0000000000000000 bits61_62 0 0 289 31.97605 -24.52 0 0 0 0 0 0 0 0 0
a000000000000000 0000000000000000 bits61_63 0 0 258 32.00214 2.20 0 0 0 0 0 0 0 0 0
c000000000000000 0000000000000000 bits62_63 0 0 288 31.96906 -31.69 0 0 0 0 0 0 0 0 0
ffffffffffffffff 0000000000000000 complement0 0 0 254 31.99798 -2.07 0 0 0 0 0 0 0 0 0
00000000000000ff 0000000000000000 lowbyte 0 0 260 31.99949 -0.52 0 0 0 0 0 0 0 0 0
ff00000000000000 0000000000000000 highbyte 0 0 265 32.00041 0.42 0 0 0 0 0 0 0 0 0
00ff00ff00ff00ff 0000000000000000 byteswap_even 0 0 228 32.00026 0.26 0 0 0 0 0 0 0 0 0
ff00ff00ff00ff00 0000000000000000 byteswap_odd 0 0 250 32.00099 1.01 0 0 0 0 0 0 0 0 0
0f0f0f0f0f0f0f0f 0000000000000000 nibble 0 0 254 31.99918 -0.84 0 0 0 0 0 0 0 0 0
8080808080808080 0000000000000000 bytemsb 0 0 273 31.99912 -0.90 0 0 0 0 0 0 0 0 0
0101010101010101 0000000000000000 bytelsb 0 0 250 31.99791 -2.14 0 0 0 0 0 0 0 0 0
00000000ffffffff 0000000000000000 low32 0 0 257 31.99976 -0.25 0 0 0 0 0 0 0 0 0
ffffffff00000000 0000000000000000 high32 0 0 249 31.99948 -0.53 0 0 0 0 0 0 0 0 0
aaaaaaaaaaaaaaaa 0000000000000000 alt_a 0 0 240 32.00021 0.22 0 0 0 0 0 0 0 0 0
5555555555555555 0000000000000000 alt_5 0 0 242 31.99843 -1.61 0 0 0 0 0 0 0 0 0
8000000000000001 0000000000000000 wrap 0 0 238 31.99119 -9.03 0 0 0 0 0 0 0 0 0
0000000000000003 0000000000000000 run2 0 0 278 31.98982 -10.43 0 0 0 0 0 0 0 0 0
000000000000001f 0000000000000000 run5 0 0 286 32.00001 0.01 0 0 0 0 0 0 0 0 0
00000000000000ff 0000000000000000 run8 0 0 260 31.99949 -0.52 0 0 0 0 0 0 0 0 0
00000000000007ff 0000000000000000 run11 0 0 255 31.99995 -0.06 0 0 0 0 0 0 0 0 0
0000000000003fff 0000000000000000 run14 0 0 272 31.99962 -0.39 0 0 0 0 0 0 0 0 0
000000000001ffff 0000000000000000 run17 0 0 281 31.99979 -0.21 0 0 0 0 0 0 0 0 0
00000000000fffff 0000000000000000 run20 0 0 288 32.00006 0.06 0 0 0 0 0 0 0 0 0
00000000007fffff 0000000000000000 run23 0 0 283 32.00196 2.00 0 0 0 0 0 0 0 0 0
0000000003ffffff 0000000000000000 run26 0 0 258 31.99941 -0.60 0 0 0 0 0 0 0 0 0
000000001fffffff 0000000000000000 run29 0 0 275 32.00005 0.05 0 0 0 0 0 0 0 0 0
00000000ffffffff 0000000000000000 run32 0 0 257 31.99976 -0.25 0 0 0 0 0 0 0 0 0
00000007ffffffff 0000000000000000 run35 0 0 249 31.99968 -0.32 0 0 0 0 0 0 0 0 0
0000003fffffffff 0000000000000000 run38 0 0 258 32.00094 0.97 0 0 0 0 0 0 0 0 0
000001ffffffffff 0000000000000000 run41 0 0 222 32.00219 2.24 0 0 0 0 0 0 0 0 0
00000fffffffffff 0000000000000000 run44 0 0 280 32.00012 0.12 0 0 0 0 0 0 0 0 0
00007fffffffffff 0000000000000000 run47 0 0 252 32.00062 0.63 0 0 0 0 0 0 0 0 0
0003ffffffffffff 0000000000000000 run50 0 0 259 31.99982 -0.18 0 0 0 0 0 0 0 0 0
001fffffffffffff 0000000000000000 run53 0 1 264 32.00192 1.97 0 0 0 0 0 0 0 0 0
00ffffffffffffff 0000000000000000 run56 0 0 237 31.99920 -0.82 0 0 0 0 0 0 0 0 0
07ffffffffffffff 0000000000000000 run59 0 0 264 31.99946 -0.55 0 0 0 0 0 0 0 0 0
3fffffffffffffff 0000000000000000 run62 0 0 253 31.99998 -0.02 0 0 0 0 0 0 0 0 0
c000000000000000 0000000000000000 toprun2 0 0 288 31.96906 -31.69 0 0 0 0 0 0 0 0 0
f800000000000000 0000000000000000 toprun5 0 0 251 31.99838 -1.66 0 0 0 0 0 0 0 0 0
ff00000000000000 0000000000000000 toprun8 0 0 265 32.00041 0.42 0 0 0 0 0 0 0 0 0
ffe0000000000000 0000000000000000 toprun11 0 0 250 31.99965 -0.36 0 0 0 0 0 0 0 0 0
fffc000000000000 0000000000000000 toprun14 0 0 260 32.00102 1.05 0 0 0 0 0 0 0 0 0
ffff800000000000 0000000000000000 toprun17 0 0 246 32.00077 0.79 0 0 0 0 0 0 0 0 0
fffff00000000000 0000000000000000 toprun20 0 0 247 31.99987 -0.13 0 0 0 0 0 0 0 0 0
fffffe0000000000 0000000000000000 toprun23 0 0 253 32.00027 0.28 0 0 0 0 0 0 0 0 1
ffffffc000000000 0000000000000000 toprun26 0 0 262 32.00006 0.06 0 0 0 0 0 0 0 0 0
fffffff800000000 0000000000000000 toprun29 0 0 259 31.99864 -1.40 0 0 0 0 0 0 0 0 1
ffffffff00000000 0000000000000000 toprun32 0 0 249 31.99948 -0.53 0 0 0 0 0 0 0 0 0
ffffffffe0000000 0000000000000000 toprun35 0 0 278 31.99987 -0.14 0 0 0 0 0 0 0 0 0
fffffffffc000000 0000000000000000 toprun38 0 0 271 31.99976 -0.25 0 0 0 0 0 0 0 0 0
ffffffffff800000 0000000000000000 toprun41 0 0 260 31.99970 -0.30 0 0 0 0 0 0 0 0 0
fffffffffff00000 0000000000000000 toprun44 0 0 238 31.99860 -1.43 0 0 0 0 0 0 0 0 0
fffffffffffe0000 0000000000000000 toprun47 0 0 263 32.00008 0.09 0 0 0 0 0 0 0 0 0
ffffffffffffc000 0000000000000000 toprun50 0 0 238 32.00100 1.03 0 0 0 0 0 0 0 0 0
fffffffffffff800 0000000000000000 toprun53 0 0 222 31.99910 -0.92 0 0 0 0 0 0 0 0 0
ffffffffffffff00 0000000000000000 toprun56 0 0 272 31.99993 -0.07 0 0 0 0 0 0 0 0 0
ffffffffffffffe0 0000000000000000 toprun59 0 0 279 32.00054 0.55 0 0 0 0 0 0 0 0 0
fffffffffffffffc 0000000000000000 toprun62 0 0 232 32.00123 1.26 0 0 0 0 0 0 0 0 0
000000000f000000 0000000000000000 midrun4 0 0 244 31.99952 -0.49 0 0 0 0 0 0 0 0 0
00000000ff000000 0000000000000000 midrun8 0 0 249 32.00129 1.32 0 0 0 0 0 0 0 0 0
000000ffff000000 0000000000000000 midrun16 0 0 245 32.00102 1.04 0 0 0 0 0 0 0 0 0
00ffffffff000000 0000000000000000 midrun32 0 0 257 32.00060 0.61 0 0 0 0 0 0 0 0 0
