# variant=11 W=1 log2keys=24 seed=4375 mode=R N=16777216
# d0 d1 name coll low32 low16 meanpop z hist0..8
0100000100000000 0000000000000000 bits32_56 0 0 265 32.00000 0.00 0 0 0 0 0 0 0 0 0
0200000100000000 0000000000000000 bits32_57 0 0 259 31.99977 -0.24 0 0 0 0 0 0 0 0 0
0400000100000000 0000000000000000 bits32_58 0 0 259 31.99936 -0.65 0 0 0 0 0 0 0 0 0
0800000100000000 0000000000000000 bits32_59 0 0 242 32.00106 1.09 0 0 0 0 0 0 0 0 0
1000000100000000 0000000000000000 bits32_60 0 0 254 32.00086 0.88 0 0 0 0 0 0 0 0 0
2000000100000000 0000000000000000 bits32_61 0 0 248 32.00410 4.19 0 0 0 0 0 0 0 0 0
4000000100000000 0000000000000000 bits32_62 0 0 268 32.00033 0.34 0 0 0 0 0 0 0 0 0
8000000100000000 0000000000000000 bits32_63 0 0 240 31.99982 -0.18 0 0 0 0 0 0 0 0 0
0000000600000000 0000000000000000 bits33_34 0 0 300 31.99016 -10.07 0 0 0 0 0 0 0 0 0
0000000a00000000 0000000000000000 bits33_35 0 0 249 32.00164 1.68 0 0 0 0 0 0 0 0 0
0000001200000000 0000000000000000 bits33_36 0 0 235 32.00269 2.76 0 0 0 0 0 0 0 0 0
0000002200000000 0000000000000000 bits33_37 0 0 255 31.99978 -0.22 0 0 0 0 0 0 0 0 0
0000004200000000 0000000000000000 bits33_38 0 0 238 32.00213 2.18 0 0 0 0 0 0 0 0 0
0000008200000000 0000000000000000 bits33_39 0 0 244 31.99832 -1.72 0 0 0 0 0 0 0 0 0
0000010200000000 0000000000000000 bits33_40 0 0 240 31.99996 -0.04 0 0 0 0 0 0 0 0 0
0000020200000000 0000000000000000 bits33_41 0 0 248 31.99915 -0.87 0 0 0 0 0 0 0 0 0
0000040200000000 0000000000000000 bits33_42 0 0 288 32.00073 0.75 0 0 0 0 0 0 0 0 0
0000080200000000 0000000000000000 bits33_43 0 0 262 32.00047 0.48 0 0 0 0 0 0 0 0 0
0000100200000000 0000000000000000 bits33_44 0 0 277 31.99765 -2.41 0 0 0 0 0 0 0 0 0
0000200200000000 0000000000000000 bits33_45 0 0 239 31.99753 -2.53 0 0 0 0 0 0 0 0 0
0000400200000000 0000000000000000 bits33_46 0 0 260 31.99471 -5.41 0 0 0 0 0 0 0 0 0
0000800200000000 0000000000000000 bits33_47 0 0 264 32.00017 0.18 0 0 0 0 0 0 0 0 0
0001000200000000 0000000000000000 bits33_48 0 0 230 32.00248 2.54 0 0 0 0 0 0 0 0 0
0002000200000000 0000000000000000 bits33_49 0 0 251 32.03797 38.88 0 0 0 0 0 0 0 0 0
0004000200000000 0000000000000000 bits33_50 0 0 291 31.99868 -1.36 0 0 0 0 0 0 0 0 0
0008000200000000 0000000000000000 bits33_51 0 0 267 32.00035 0.36 0 0 0 0 0 0 0 0 0
0010000200000000 0000000000000000 bits33_52 0 0 267 31.99399 -6.15 0 0 0 0 0 0 0 0 0
0020000200000000 0000000000000000 bits33_53 0 0 243 31.99886 -1.16 0 0 0 0 0 0 0 0 0
0040000200000000 0000000000000000 bits33_54 0 0 264 31.99785 -2.20 0 0 0 0 0 0 0 0 0
0080000200000000 0000000000000000 bits33_55 0 0 248 32.00024 0.24 0 0 0 0 0 0 0 0 0
0100000200000000 0000000000000000 bits33_56 0 0 269 31.99999 -0.01 0 0 0 0 0 0 0 0 0
0200000200000000 0000000000000000 bits33_57 0 0 285 31.99967 -0.34 0 0 0 0 0 0 0 0 0
0400000200000000 0000000000000000 bits33_58 0 0 217 31.99914 -0.88 0 0 0 0 0 0 0 0 0
0800000200000000 0000000000000000 bits33_59 0 0 260 32.00061 0.63 0 0 0 0 0 0 0 0 0
1000000200000000 0000000000000000 bits33_60 0 0 245 32.00051 0.53 0 0 0 0 0 0 0 0 0
2000000200000000 0000000000000000 bits33_61 0 0 264 31.99917 -0.85 0 0 0 0 0 0 0 0 0
4000000200000000 0000000000000000 bits33_62 0 0 267 32.00452 4.63 0 0 0 0 0 0 0 0 0
8000000200000000 0000000000000000 bits33_63 0 0 255 32.00022 0.23 0 0 0 0 0 0 0 0 0
0000000c00000000 0000000000000000 bits34_35 0 0 256 31.99184 -8.36 0 0 0 0 0 0 0 0 0
0000001400000000 0000000000000000 bits34_36 0 0 264 32.00230 2.35 0 0 0 0 0 0 0 0 0
0000002400000000 0000000000000000 bits34_37 0 0 241 32.00714 7.31 0 0 0 0 0 0 0 0 0
0000004400000000 0000000000000000 bits34_38 0 0 258 31.99955 -0.46 0 0 0 0 0 0 0 0 0
0000008400000000 0000000000000000 bits34_39 0 0 234 32.00233 2.38 0 0 0 0 0 0 0 0 0
0000010400000000 0000000000000000 bits34_40 0 0 228 31.99885 -1.17 0 0 0 0 0 0 0 0 0
0000020400000000 0000000000000000 bits34_41 0 0 266 31.99788 -2.18 0 0 0 0 0 0 0 0 0
0000040400000000 0000000000000000 bits34_42 0 0 250 31.99880 -1.23 0 0 0 0 0 0 0 0 0
0000080400000000 0000000000000000 bits34_43 0 0 261 32.00073 0.74 0 0 0 0 0 0 0 0 0
0000100400000000 0000000000000000 bits34_44 0 0 259 31.99883 -1.20 0 0 0 0 0 0 0 0 0
0000200400000000 0000000000000000 bits34_45 0 0 282 31.99523 -4.88 0 0 0 0 0 0 0 0 0
0000400400000000 0000000000000000 bits34_46 0 0 258 31.99870 -1.34 0 0 0 0 0 0 0 0 0
0000800400000000 0000000000000000 bits34_47 0 0 235 31.99551 -4.60 0 0 0 0 0 0 0 0 0
0001000400000000 0000000000000000 bits34_48 0 0 261 31.99844 -1.60 0 0 0 0 0 0 0 0 0
0002000400000000 0000000000000000 bits34_49 0 0 261 31.99975 -0.26 0 0 0 0 0 0 0 0 0
0004000400000000 0000000000000000 bits34_50 0 0 244 32.03822 39.14 0 0 0 0 0 0 0 0 0
0008000400000000 0000000000000000 bits34_51 0 0 278 31.99731 -2.76 0 0 0 0 0 0 0 0 0
0010000400000000 0000000000000000 bits34_52 0 0 244 32.00066 0.68 0 0 0 0 0 0 0 0 0
0020000400000000 0000000000000000 bits34_53 0 0 259 31.99617 -3.92 0 0 0 0 0 0 0 0 0
0040000400000000 0000000000000000 bits34_54 0 0 254 31.99916 -0.86 0 0 0 0 0 0 0 0 0
0080000400000000 0000000000000000 bits34_55 0 0 269 31.99889 -1.14 0 0 0 0 0 0 0 0 0
0100000400000000 0000000000000000 bits34_56 0 0 253 32.00050 0.51 0 0 0 0 0 0 0 0 0
0200000400000000 0000000000000000 bits34_57 0 0 261 32.00075 0.77 0 0 0 0 0 0 0 0 0
0400000400000000 0000000000000000 bits34_58 0 0 265 31.99910 -0.92 0 0 0 0 0 0 0 0 0
0800000400000000 0000000000000000 bits34_59 0 0 263 31.99913 -0.89 0 0 0 0 0 0 0 0 0
1000000400000000 0000000000000000 bits34_60 0 0 244 32.00110 1.12 0 0 0 0 0 0 0 0 0
2000000400000000 0000000000000000 bits34_61 0 0 254 32.00046 0.47 0 0 0 0 0 0 0 0 0
4000000400000000 0000000000000000 bits34_62 0 0 251 32.00045 0.47 0 0 0 0 0 0 0 0 0
8000000400000000 0000000000000000 bits34_63 0 0 276 32.01452 14.87 0 0 0 0 0 0 0 0 0
0000001800000000 0000000000000000 bits35_36 0 0 273 31.98894 -11.33 0 0 0 0 0 0 0 0 0
0000002800000000 0000000000000000 bits35_37 0 0 223 32.00136 1.40 0 0 0 0 0 0 0 0 0
0000004800000000 0000000000000000 bits35_38 0 0 255 32.00952 9.75 0 0 0 0 0 0 0 0 0
0000008800000000 0000000000000000 bits35_39 0 0 267 31.99362 -6.53 0 0 0 0 0 0 0 0 0
0000010800000000 0000000000000000 bits35_40 0 0 266 32.00046 0.47 0 0 0 0 0 0 0 0 0
0000020800000000 0000000000000000 bits35_41 0 0 243 32.00106 1.08 0 0 0 0 0 0 0 0 0
0000040800000000 0000000000000000 bits35_42 0 0 271 31.99899 -1.03 0 0 0 0 0 0 0 0 0
0000080800000000 0000000000000000 bits35_43 0 0 233 31.99830 -1.74 0 0 0 0 0 0 0 0 0
0000100800000000 0000000000000000 bits35_44 0 0 233 31.99772 -2.34 0 0 0 0 0 0 0 0 0
0000200800000000 0000000000000000 bits35_45 0 0 248 31.99942 -0.60 0 0 0 0 0 0 0 0 0
0000400800000000 0000000000000000 bits35_46 0 0 289 31.99528 -4.83 0 0 0 0 0 0 0 0 0
0000800800000000 0000000000000000 bits35_47 0 0 232 32.00897 9.18 0 0 0 0 0 0 0 0 0
0001000800000000 0000000000000000 bits35_48 0 0 227 31.99573 -4.37 0 0 0 0 0 0 0 0 0
0002000800000000 0000000000000000 bits35_49 0 0 272 31.99992 -0.08 0 0 0 0 0 0 0 0 0
0004000800000000 0000000000000000 bits35_50 0 0 251 32.00077 0.79 0 0 0 0 0 0 0 0 0
0008000800000000 0000000000000000 bits35_51 0 0 250 32.03232 33.10 0 0 0 0 0 0 0 0 0
0010000800000000 0000000000000000 bits35_52 0 0 256 31.99870 -1.34 0 0 0 0 0 0 0 0 0
0020000800000000 0000000000000000 bits35_53 0 0 247 32.00006 0.06 0 0 0 0 0 0 0 0 0
0040000800000000 0000000000000000 bits35_54 0 0 248 31.99214 -8.05 0 0 0 0 0 0 0 0 0
0080000800000000 0000000000000000 bits35_55 0 0 247 31.99671 -3.37 0 0 0 0 0 0 0 0 0
0100000800000000 0000000000000000 bits35_56 0 0 252 31.99767 -2.39 0 0 0 0 0 0 0 0 0
0200000800000000 0000000000000000 bits35_57 0 0 265 31.99997 -0.03 0 0 0 0 0 0 0 0 0
0400000800000000 0000000000000000 bits35_58 0 0 254 31.99955 -0.46 0 0 0 0 0 0 0 0 0
0800000800000000 0000000000000000 bits35_59 0 0 256 31.99930 -0.72 0 0 0 0 0 0 0 0 0
1000000800000000 0000000000000000 bits35_60 0 0 233 32.00001 0.01 0 0 0 0 0 0 0 0 0
2000000800000000 0000000000000000 bits35_61 0 0 268 31.99958 -0.43 0 0 0 0 0 0 0 0 0
4000000800000000 0000000000000000 bits35_62 0 0 243 32.00175 1.79 0 0 0 0 0 0 0 0 0
8000000800000000 0000000000000000 bits35_63 0 0 246 31.99842 -1.62 0 0 0 0 0 0 0 0 0
0000003000000000 0000000000000000 bits36_37 0 0 306 31.98993 -10.32 0 0 0 0 0 0 0 0 0
0000005000000000 0000000000000000 bits36_38 0 0 251 32.00041 0.42 0 0 0 0 0 0 0 0 0
0000009000000000 0000000000000000 bits36_39 0 0 242 32.01125 11.52 0 0 0 0 0 0 0 0 0
0000011000000000 0000000000000000 bits36_40 0 0 272 31.99517 -4.95 0 0 0 0 0 0 0 0 0
0000021000000000 0000000000000000 bits36_41 0 0 271 32.00062 0.63 0 0 0 0 0 0 0 0 0
0000041000000000 0000000000000000 bits36_42 0 0 258 32.00101 1.03 0 0 0 0 0 0 0 0 0
0000081000000000 0000000000000000 bits36_43 0 0 226 31.99847 -1.56 0 0 0 0 0 0 0 0 0
0000101000000000 0000000000000000 bits36_44 0 0 244 31.99875 -1.28 0 0 0 0 0 0 0 0 0
0000201000000000 0000000000000000 bits36_45 0 0 251 31.99872 -1.31 0 0 0 0 0 0 0 0 0
0000401000000000 0000000000000000 bits36_46 0 0 269 31.99895 -1.08 0 0 0 0 0 0 0 0 0
0000801000000000 0000000000000000 bits36_47 0 0 247 31.99587 -4.23 0 0 0 0 0 0 0 0 0
0001001000000000 0000000000000000 bits36_48 0 0 264 31.99945 -0.56 0 0 0 0 0 0 0 0 0
0002001000000000 0000000000000000 bits36_49 0 0 243 31.99700 -3.08 0 0 0 0 0 0 0 0 0
0004001000000000 0000000000000000 bits36_50 0 0 263 32.00058 0.59 0 0 0 0 0 0 0 0 0
0008001000000000 0000000000000000 bits36_51 0 0 277 31.99959 -0.42 0 0 0 0 0 0 0 0 0
0010001000000000 0000000000000000 bits36_52 0 0 257 32.03202 32.79 0 0 0 0 0 0 0 0 0
0020001000000000 0000000000000000 bits36_53 0 0 250 32.00035 0.36 0 0 0 0 0 0 0 0 0
0040001000000000 0000000000000000 bits36_54 0 0 246 31.99930 -0.72 0 0 0 0 0 0 0 0 0
0080001000000000 0000000000000000 bits36_55 0 0 264 31.99223 -7.96 0 0 0 0 0 0 0 0 0
0100001000000000 0000000000000000 bits36_56 0 0 260 31.99703 -3.04 0 0 0 0 0 0 0 0 0
0200001000000000 0000000000000000 bits36_57 0 0 238 31.99993 -0.07 0 0 0 0 0 0 0 0 0
0400001000000000 0000000000000000 bits36_58 0 0 274 31.99886 -1.17 0 0 0 0 0 0 0 0 0
0800001000000000 0000000000000000 bits36_59 0 0 258 31.99931 -0.70 0 0 0 0 0 0 0 0 0
1000001000000000 0000000000000000 bits36_60 0 0 262 32.00201 2.06 0 0 0 0 0 0 0 0 0
2000001000000000 0000000000000000 bits36_61 0 0 267 31.99942 -0.60 0 0 0 0 0 0 0 0 0
4000001000000000 0000000000000000 bits36_62 0 0 239 32.00091 0.93 0 0 0 0 0 0 0 0 0
8000001000000000 0000000000000000 bits36_63 0 0 264 32.00186 1.90 0 0 0 0 0 0 0 0 0
0000006000000000 0000000000000000 bits37_38 0 0 284 31.99083 -9.39 0 0 0 0 0 0 0 0 0
000000a000000000 0000000000000000 bits37_39 0 0 256 31.99931 -0.71 0 0 0 0 0 0 0 0 0
0000012000000000 0000000000000000 bits37_40 0 0 240 32.00900 9.22 0 0 0 0 0 0 0 0 0
0000022000000000 0000000000000000 bits37_41 0 0 240 31.99702 -3.06 0 0 0 0 0 0 0 0 0
0000042000000000 0000000000000000 bits37_42 0 0 255 32.00169 1.73 0 0 0 0 0 0 0 0 0
0000082000000000 0000000000000000 bits37_43 0 0 268 32.00217 2.22 0 0 0 0 0 0 0 0 0
0000102000000000 0000000000000000 bits37_44 0 0 260 32.00006 0.06 0 0 0 0 0 0 0 0 0
0000202000000000 0000000000000000 bits37_45 0 0 237 31.99982 -0.18 0 0 0 0 0 0 0 0 0
0000402000000000 0000000000000000 bits37_46 0 0 255 31.99899 -1.04 0 0 0 0 0 0 0 0 1
0000802000000000 0000000000000000 bits37_47 0 0 271 31.99795 -2.10 0 0 0 0 0 0 0 0 0
0001002000000000 0000000000000000 bits37_48 0 0 266 31.99634 -3.74 0 0 0 0 0 0 0 0 0
0002002000000000 0000000000000000 bits37_49 0 0 254 31.99902 -1.01 0 0 0 0 0 0 0 0 0
0004002000000000 0000000000000000 bits37_50 0 0 247 31.99656 -3.52 0 0 0 0 0 0 0 0 0
0008002000000000 0000000000000000 bits37_51 0 0 229 32.00004 0.04 0 0 0 0 0 0 0 0 0
0010002000000000 0000000000000000 bits37_52 0 0 270 32.00030 0.31 0 0 0 0 0 0 0 0 0
0020002000000000 0000000000000000 bits37_53 0 0 223 32.03471 35.54 0 0 0 0 0 0 0 0 0
0040002000000000 0000000000000000 bits37_54 0 0 256 31.99937 -0.64 0 0 0 0 0 0 0 0 0
0080002000000000 0000000000000000 bits37_55 0 0 259 31.99875 -1.28 0 0 0 0 0 0 0 0 0
0100002000000000 0000000000000000 bits37_56 0 0 268 31.99082 -9.40 0 0 0 0 0 0 0 0 0
0200002000000000 0000000000000000 bits37_57 0 0 229 31.99985 -0.16 0 0 0 0 0 0 0 0 0
0400002000000000 0000000000000000 bits37_58 0 0 250 31.99701 -3.07 0 0 0 0 0 0 0 0 0
0800002000000000 0000000000000000 bits37_59 0 0 286 31.99856 -1.48 0 0 0 0 0 0 0 0 0
1000002000000000 0000000000000000 bits37_60 0 0 274 31.99826 -1.78 0 0 0 0 0 0 0 0 0
2000002000000000 0000000000000000 bits37_61 0 0 227 32.00188 1.92 0 0 0 0 0 0 0 0 0
4000002000000000 0000000000000000 bits37_62 0 0 253 32.00018 0.18 0 0 0 0 0 0 0 0 0
8000002000000000 0000000000000000 bits37_63 0 0 284 32.00173 1.77 0 0 0 0 0 0 0 0 0
000000c000000000 0000000000000000 bits38_39 0 0 235 32.01658 16.98 0 0 0 0 0 0 0 0 0
0000014000000000 0000000000000000 bits38_40 0 0 250 32.00529 5.42 0 0 0 0 0 0 0 0 0
0000024000000000 0000000000000000 bits38_41 0 0 252 32.00770 7.89 0 0 0 0 0 0 0 0 0
0000044000000000 0000000000000000 bits38_42 0 0 258 31.99575 -4.35 0 0 0 0 0 0 0 0 0
0000084000000000 0000000000000000 bits38_43 0 0 241 32.00549 5.62 0 0 0 0 0 0 0 0 0
0000104000000000 0000000000000000 bits38_44 0 0 249 32.00097 1.00 0 0 0 0 0 0 0 0 0
0000204000000000 0000000000000000 bits38_45 0 0 266 32.00093 0.95 0 0 0 0 0 0 0 0 0
0000404000000000 0000000000000000 bits38_46 0 0 249 31.99921 -0.81 0 0 0 0 0 0 0 0 0
0000804000000000 0000000000000000 bits38_47 0 0 265 32.00150 1.54 0 0 0 0 0 0 0 0 0
0001004000000000 0000000000000000 bits38_48 0 0 290 31.99758 -2.48 0 0 0 0 0 0 0 0 0
0002004000000000 0000000000000000 bits38_49 0 0 264 31.99768 -2.37 0 0 0 0 0 0 0 0 0
0004004000000000 0000000000000000 bits38_50 0 0 269 31.99776 -2.29 0 0 0 0 0 0 0 0 0
0008004000000000 0000000000000000 bits38_51 0 0 269 31.99356 -6.59 0 0 0 0 0 0 0 0 0
0010004000000000 0000000000000000 bits38_52 0 0 276 31.99841 -1.63 0 0 0 0 0 0 0 0 0
0020004000000000 0000000000000000 bits38_53 0 0 276 32.00118 1.21 0 0 0 0 0 0 0 0 0
0040004000000000 0000000000000000 bits38_54 0 0 267 32.05802 59.41 0 0 0 0 0 0 0 0 0
0080004000000000 0000000000000000 bits38_55 0 0 258 32.00162 1.66 0 0 0 0 0 0 0 0 0
0100004000000000 0000000000000000 bits38_56 0 0 267 32.00172 1.76 0 0 0 0 0 0 0 0 0
0200004000000000 0000000000000000 bits38_57 0 0 280 31.99344 -6.71 0 0 0 0 0 0 0 0 0
0400004000000000 0000000000000000 bits38_58 0 0 284 31.99908 -0.94 0 0 0 0 0 0 0 0 0
0800004000000000 0000000000000000 bits38_59 0 0 223 31.99889 -1.14 0 0 0 0 0 0 0 0 0
1000004000000000 0000000000000000 bits38_60 0 0 282 31.99940 -0.62 0 0 0 0 0 0 0 0 0
2000004000000000 0000000000000000 bits38_61 0 0 234 31.99907 -0.95 0 0 0 0 0 0 0 0 0
4000004000000000 0000000000000000 bits38_62 0 0 277 31.99937 -0.64 0 0 0 0 0 0 0 0 0
8000004000000000 0000000000000000 bits38_63 0 0 212 32.00090 0.92 0 0 0 0 0 0 0 0 0
0000018000000000 0000000000000000 bits39_40 0 0 204 31.99657 -3.52 0 0 0 0 0 0 0 0 0
0000028000000000 0000000000000000 bits39_41 0 0 275 32.00452 4.63 0 0 0 0 0 0 0 0 0
0000048000000000 0000000000000000 bits39_42 0 0 268 32.00456 4.67 0 0 0 0 0 0 0 0 0
0000088000000000 0000000000000000 bits39_43 0 0 254 31.99543 -4.68 0 0 0 0 0 0 0 0 0
0000108000000000 0000000000000000 bits39_44 0 0 232 32.00870 8.91 0 0 0 0 0 0 0 0 0
0000208000000000 0000000000000000 bits39_45 0 0 246 32.00154 1.58 0 0 0 0 0 0 0 0 0
0000408000000000 0000000000000000 bits39_46 0 0 257 32.00115 1.18 0 0 0 0 0 0 0 0 0
0000808000000000 0000000000000000 bits39_47 0 0 269 31.99959 -0.42 0 0 0 0 0 0 0 0 0
0001008000000000 0000000000000000 bits39_48 0 0 253 32.00015 0.15 0 0 0 0 0 0 0 0 0
0002008000000000 0000000000000000 bits39_49 0 0 295 32.00014 0.15 0 0 0 0 0 0 0 0 0
0004008000000000 0000000000000000 bits39_50 0 0 306 31.99567 -4.43 0 0 0 0 0 0 0 0 0
0008008000000000 0000000000000000 bits39_51 0 0 238 31.99972 -0.28 0 0 0 0 0 0 0 0 0
0010008000000000 0000000000000000 bits39_52 0 0 260 31.99180 -8.40 0 0 0 0 0 0 0 0 0
0020008000000000 0000000000000000 bits39_53 0 0 254 31.99984 -0.17 0 0 0 0 0 0 0 0 0
0040008000000000 0000000000000000 bits39_54 0 0 238 31.99125 -8.96 0 0 0 0 0 0 0 0 0
0080008000000000 0000000000000000 bits39_55 0 0 231 32.07230 74.04 0 0 0 0 0 0 0 0 0
0100008000000000 0000000000000000 bits39_56 0 0 263 32.00025 0.26 0 0 0 0 0 0 0 0 0
0200008000000000 0000000000000000 bits39_57 0 0 262 32.00101 1.04 0 0 0 0 0 0 0 0 0
0400008000000000 0000000000000000 bits39_58 0 0 255 31.99357 -6.58 0 0 0 0 0 0 0 0 0
0800008000000000 0000000000000000 bits39_59 0 0 241 31.99865 -1.39 0 0 0 0 0 0 0 0 0
1000008000000000 0000000000000000 bits39_60 0 0 259 31.99433 -5.81 0 0 0 0 0 0 0 0 0
2000008000000000 0000000000000000 bits39_61 0 0 268 31.99885 -1.17 0 0 0 0 0 0 0 0 0
4000008000000000 0000000000000000 bits39_62 0 0 272 31.99937 -0.64 0 0 0 0 0 0 0 0 0
8000008000000000 0000000000000000 bits39_63 0 0 250 31.99993 -0.08 0 0 0 0 0 0 0 0 0
0000030000000000 0000000000000000 bits40_41 0 0 210 31.99116 -9.06 0 0 0 0 0 0 0 0 0
0000050000000000 0000000000000000 bits40_42 0 0 237 32.00196 2.00 0 0 0 0 0 0 0 0 0
0000090000000000 0000000000000000 bits40_43 0 0 280 32.00231 2.37 0 0 0 0 0 0 0 0 0
0000110000000000 0000000000000000 bits40_44 0 0 260 31.99670 -3.38 0 0 0 0 0 0 0 0 0
0000210000000000 0000000000000000 bits40_45 0 0 261 32.00701 7.17 0 0 0 0 0 0 0 0 0
0000410000000000 0000000000000000 bits40_46 0 0 284 31.99927 -0.75 0 0 0 0 0 0 0 0 0
0000810000000000 0000000000000000 bits40_47 0 0 257 31.99866 -1.37 0 0 0 0 0 0 0 0 0
0001010000000000 0000000000000000 bits40_48 0 0 253 31.99991 -0.09 0 0 0 0 0 0 0 0 0
0002010000000000 0000000000000000 bits40_49 0 0 274 31.99927 -0.75 0 0 0 0 0 0 0 0 0
0004010000000000 0000000000000000 bits40_50 0 0 250 32.00040 0.41 0 0 0 0 0 0 0 0 0
0008010000000000 0000000000000000 bits40_51 0 0 273 31.99721 -2.85 0 0 0 0 0 0 0 0 0
0010010000000000 0000000000000000 bits40_52 0 0 260 31.99778 -2.27 0 0 0 0 0 0 0 0 0
0020010000000000 0000000000000000 bits40_53 0 0 280 31.99365 -6.50 0 0 0 0 0 0 0 0 0
0040010000000000 0000000000000000 bits40_54 0 0 266 31.99759 -2.47 0 0 0 0 0 0 0 0 0
0080010000000000 0000000000000000 bits40_55 0 0 265 31.99582 -4.28 0 0 0 0 0 0 0 0 0
0100010000000000 0000000000000000 bits40_56 0 0 252 32.06402 65.56 0 0 0 0 0 0 0 0 0
0200010000000000 0000000000000000 bits40_57 0 0 216 31.99752 -2.54 0 0 0 0 0 0 0 0 0
0400010000000000 0000000000000000 bits40_58 0 0 269 32.00124 1.27 0 0 0 0 0 0 0 0 0
0800010000000000 0000000000000000 bits40_59 0 0 262 31.99068 -9.54 0 0 0 0 0 0 0 0 0
1000010000000000 0000000000000000 bits40_60 0 1 248 31.99361 -6.54 0 0 0 0 0 0 0 0 0
2000010000000000 0000000000000000 bits40_61 0 0 232 31.98926 -10.99 0 0 0 0 0 0 0 0 0
4000010000000000 0000000000000000 bits40_62 0 0 255 31.99780 -2.25 0 0 0 0 0 0 0 0 0
8000010000000000 0000000000000000 bits40_63 0 0 258 32.00042 0.43 0 0 0 0 0 0 0 0 0
0000060000000000 0000000000000000 bits41_42 0 0 236 31.98982 -10.42 0 0 0 0 0 0 0 0 0
00000a0000000000 0000000000000000 bits41_43 0 0 240 32.00272 2.79 0 0 0 0 0 0 0 0 0
0000120000000000 0000000000000000 bits41_44 0 0 260 32.00511 5.23 0 0 0 0 0 0 0 0 0
0000220000000000 0000000000000000 bits41_45 0 0 269 31.99860 -1.43 0 0 0 0 0 0 0 0 0
0000420000000000 0000000000000000 bits41_46 0 0 297 32.00832 8.52 0 0 0 0 0 0 0 0 0
0000820000000000 0000000000000000 bits41_47 0 0 257 32.00154 1.58 0 0 0 0 0 0 0 0 0
0001020000000000 0000000000000000 bits41_48 0 0 248 32.00081 0.83 0 0 0 0 0 0 0 0 0
0002020000000000 0000000000000000 bits41_49 0 0 249 32.00100 1.02 0 0 0 0 0 0 0 0 0
0004020000000000 0000000000000000 bits41_50 0 0 282 31.99935 -0.66 0 0 0 0 0 0 0 0 0
0008020000000000 0000000000000000 bits41_51 0 0 247 31.99946 -0.55 0 0 0 0 0 0 0 0 0
0010020000000000 0000000000000000 bits41_52 0 0 273 31.99819 -1.85 0 0 0 0 0 0 0 0 0
0020020000000000 0000000000000000 bits41_53 0 0 254 31.99868 -1.35 0 0 0 0 0 0 0 0 0
0040020000000000 0000000000000000 bits41_54 0 0 255 31.99318 -6.99 0 0 0 0 0 0 0 0 0
0080020000000000 0000000000000000 bits41_55 0 0 259 31.99871 -1.32 0 0 0 0 0 0 0 0 0
0100020000000000 0000000000000000 bits41_56 0 0 259 31.99624 -3.85 0 0 0 0 0 0 0 0 0
0200020000000000 0000000000000000 bits41_57 0 0 229 32.06034 61.78 0 0 0 0 0 0 0 0 0
0400020000000000 0000000000000000 bits41_58 0 0 234 31.99820 -1.84 0 0 0 0 0 0 0 0 0
0800020000000000 0000000000000000 bits41_59 0 0 280 32.00061 0.63 0 0 0 0 0 0 0 0 0
1000020000000000 0000000000000000 bits41_60 0 0 283 31.98862 -11.66 0 0 0 0 0 0 0 0 1
2000020000000000 0000000000000000 bits41_61 0 0 241 31.99358 -6.58 0 0 0 0 0 0 0 0 0
4000020000000000 0000000000000000 bits41_62 0 0 246 31.98663 -13.69 0 0 0 0 0 0 0 0 0
8000020000000000 0000000000000000 bits41_63 0 0 250 31.99728 -2.79 0 0 0 0 0 0 0 0 0
00000c0000000000 0000000000000000 bits42_43 0 0 250 31.99021 -10.03 0 0 0 0 0 0 0 0 0
0000140000000000 0000000000000000 bits42_44 0 0 254 31.99997 -0.03 0 0 0 0 0 0 0 0 1
0000240000000000 0000000000000000 bits42_45 0 0 291 32.00544 5.57 0 0 0 0 0 0 0 0 0
0000440000000000 0000000000000000 bits42_46 0 0 238 31.99783 -2.23 0 0 0 0 0 0 0 0 0
0000840000000000 0000000000000000 bits42_47 0 0 246 32.00553 5.66 0 0 0 0 0 0 0 0 0
0001040000000000 0000000000000000 bits42_48 0 0 243 31.99941 -0.61 0 0 0 0 0 0 0 0 0
0002040000000000 0000000000000000 bits42_49 0 0 279 32.00037 0.38 0 0 0 0 0 0 0 0 0
0004040000000000 0000000000000000 bits42_50 0 0 271 32.00111 1.13 0 0 0 0 0 0 0 0 0
0008040000000000 0000000000000000 bits42_51 0 0 247 32.00030 0.31 0 0 0 0 0 0 0 0 0
0010040000000000 0000000000000000 bits42_52 0 0 247 32.00176 1.80 0 0 0 0 0 0 0 0 0
0020040000000000 0000000000000000 bits42_53 0 0 247 31.99659 -3.49 0 0 0 0 0 0 0 0 0
0040040000000000 0000000000000000 bits42_54 0 0 277 31.99763 -2.42 0 0 0 0 0 0 0 0 0
0080040000000000 0000000000000000 bits42_55 0 0 252 31.99666 -3.43 0 0 0 0 0 0 0 0 0
0100040000000000 0000000000000000 bits42_56 0 0 283 31.99776 -2.30 0 0 0 0 0 0 0 0 0
0200040000000000 0000000000000000 bits42_57 0 0 235 31.99873 -1.30 0 0 0 0 0 0 0 0 0
0400040000000000 0000000000000000 bits42_58 0 0 247 32.05423 55.53 0 0 0 0 0 0 0 0 0
0800040000000000 0000000000000000 bits42_59 0 0 241 31.99667 -3.41 0 0 0 0 0 0 0 0 0
1000040000000000 0000000000000000 bits42_60 0 0 275 31.99904 -0.98 0 0 0 0 0 0 0 0 0
2000040000000000 0000000000000000 bits42_61 0 0 260 31.98930 -10.96 0 0 0 0 0 0 0 0 0
4000040000000000 0000000000000000 bits42_62 0 0 249 31.99322 -6.94 0 0 0 0 0 0 0 0 0
8000040000000000 0000000000000000 bits42_63 0 0 276 31.98629 -14.04 0 0 0 0 0 0 0 0 0
0000180000000000 0000000000000000 bits43_44 0 0 247 31.98287 -17.55 0 0 0 0 0 0 0 0 0
0000280000000000 0000000000000000 bits43_45 0 0 260 31.99919 -0.83 0 0 0 0 0 0 0 0 0
