# variant=11 W=2 log2keys=22 seed=4391 mode=R N=4194304
# d0 d1 name coll low32 low16 meanpop z hist0..8
0000002000000000 0000004000000000 bits37_102 0 0 64 32.00140 0.72 0 0 0 0 0 0 0 0 0
0000002000000000 0000008000000000 bits37_103 0 0 61 32.00023 0.12 0 0 0 0 0 0 0 0 0
0000002000000000 0000010000000000 bits37_104 0 0 64 32.00206 1.05 0 0 0 0 0 0 0 0 0
0000002000000000 0000020000000000 bits37_105 0 0 74 31.99953 -0.24 0 0 0 0 0 0 0 0 0
0000002000000000 0000040000000000 bits37_106 0 0 53 31.99823 -0.90 0 0 0 0 0 0 0 0 0
0000002000000000 0000080000000000 bits37_107 0 0 52 31.99574 -2.18 0 0 0 0 0 0 0 0 0
0000002000000000 0000100000000000 bits37_108 0 0 60 31.99964 -0.18 0 0 0 0 0 0 0 0 0
0000002000000000 0000200000000000 bits37_109 0 0 64 31.99861 -0.71 0 0 0 0 0 0 0 0 0
0000002000000000 0000400000000000 bits37_110 0 0 65 32.00224 1.15 0 0 0 0 0 0 0 0 0
0000002000000000 0000800000000000 bits37_111 0 0 78 32.00076 0.39 0 0 0 0 0 0 0 0 0
0000002000000000 0001000000000000 bits37_112 0 0 59 32.00362 1.85 0 0 0 0 0 0 0 0 0
0000002000000000 0002000000000000 bits37_113 0 0 52 31.99811 -0.97 0 0 0 0 0 0 0 0 0
0000002000000000 0004000000000000 bits37_114 0 0 73 31.99649 -1.80 0 0 0 0 0 0 0 0 0
0000002000000000 0008000000000000 bits37_115 0 0 70 31.99863 -0.70 0 0 0 0 0 0 0 0 0
0000002000000000 0010000000000000 bits37_116 0 0 64 31.99613 -1.98 0 0 0 0 0 0 0 0 0
0000002000000000 0020000000000000 bits37_117 0 0 67 31.99986 -0.07 0 0 0 0 0 0 0 0 0
0000002000000000 0040000000000000 bits37_118 0 0 61 32.00091 0.46 0 0 0 0 0 0 0 0 0
0000002000000000 0080000000000000 bits37_119 0 0 68 32.00121 0.62 0 0 0 0 0 0 0 0 0
0000002000000000 0100000000000000 bits37_120 0 0 52 31.99703 -1.52 0 0 0 0 0 0 0 0 0
0000002000000000 0200000000000000 bits37_121 0 0 87 32.00396 2.03 0 0 0 0 0 0 0 0 0
0000002000000000 0400000000000000 bits37_122 0 0 56 32.00055 0.28 0 0 0 0 0 0 0 0 0
0000002000000000 0800000000000000 bits37_123 0 0 65 32.00088 0.45 0 0 0 0 0 0 0 0 0
0000002000000000 1000000000000000 bits37_124 0 0 73 32.00227 1.16 0 0 0 0 0 0 0 0 0
0000002000000000 2000000000000000 bits37_125 0 0 82 32.00124 0.63 0 0 0 0 0 0 0 0 0
0000002000000000 4000000000000000 bits37_126 0 0 61 31.99847 -0.78 0 0 0 0 0 0 0 0 0
0000002000000000 8000000000000000 bits37_127 0 0 60 31.99914 -0.44 0 0 0 0 0 0 0 0 0
000000c000000000 0000000000000000 bits38_39 0 0 72 31.99844 -0.80 0 0 0 0 0 0 0 0 0
0000014000000000 0000000000000000 bits38_40 0 0 64 31.99883 -0.60 0 0 0 0 0 0 0 0 0
0000024000000000 0000000000000000 bits38_41 0 0 58 32.00311 1.59 0 0 0 0 0 0 0 0 0
0000044000000000 0000000000000000 bits38_42 0 0 67 31.99815 -0.95 0 0 0 0 0 0 0 0 0
0000084000000000 0000000000000000 bits38_43 0 0 68 31.99960 -0.20 0 0 0 0 0 0 0 0 0
0000104000000000 0000000000000000 bits38_44 0 0 56 32.00186 0.95 0 0 0 0 0 0 0 0 0
0000204000000000 0000000000000000 bits38_45 0 0 53 32.00115 0.59 0 0 0 0 0 0 0 0 0
0000404000000000 0000000000000000 bits38_46 0 0 56 31.99536 -2.38 0 0 0 0 0 0 0 0 0
0000804000000000 0000000000000000 bits38_47 0 0 57 32.00048 0.25 0 0 0 0 0 0 0 0 0
0001004000000000 0000000000000000 bits38_48 0 0 62 31.99781 -1.12 0 0 0 0 0 0 0 0 0
0002004000000000 0000000000000000 bits38_49 0 0 62 31.99802 -1.01 0 0 0 0 0 0 0 0 0
0004004000000000 0000000000000000 bits38_50 0 0 71 31.99893 -0.55 0 0 0 0 0 0 0 0 0
0008004000000000 0000000000000000 bits38_51 0 0 63 32.00171 0.88 0 0 0 0 0 0 0 0 0
0010004000000000 0000000000000000 bits38_52 0 0 74 31.99707 -1.50 0 0 0 0 0 0 0 0 0
0020004000000000 0000000000000000 bits38_53 0 0 62 31.99928 -0.37 0 0 0 0 0 0 0 0 0
0040004000000000 0000000000000000 bits38_54 0 0 53 32.00249 1.28 0 0 0 0 0 0 0 0 0
0080004000000000 0000000000000000 bits38_55 0 0 55 32.00375 1.92 0 0 0 0 0 0 0 0 0
0100004000000000 0000000000000000 bits38_56 0 0 55 32.00254 1.30 0 0 0 0 0 0 0 0 0
0200004000000000 0000000000000000 bits38_57 0 0 47 31.99757 -1.24 0 0 0 0 0 0 0 0 0
0400004000000000 0000000000000000 bits38_58 0 0 63 31.99899 -0.52 0 0 0 0 0 0 0 0 0
0800004000000000 0000000000000000 bits38_59 0 0 48 32.00001 0.00 0 0 0 0 0 0 0 0 0
1000004000000000 0000000000000000 bits38_60 0 0 63 31.99782 -1.12 0 0 0 0 0 0 0 0 0
2000004000000000 0000000000000000 bits38_61 0 0 50 31.99935 -0.33 0 0 0 0 0 0 0 0 0
4000004000000000 0000000000000000 bits38_62 0 0 70 31.99849 -0.78 0 0 0 0 0 0 0 0 0
8000004000000000 0000000000000000 bits38_63 0 0 62 31.99913 -0.44 0 0 0 0 0 0 0 0 0
0000004000000000 0000000000000001 bits38_64 0 0 64 31.99813 -0.96 0 0 0 0 0 0 0 0 0
0000004000000000 0000000000000002 bits38_65 0 0 47 32.00176 0.90 0 0 0 0 0 0 0 0 0
0000004000000000 0000000000000004 bits38_66 0 0 67 32.00246 1.26 0 0 0 0 0 0 0 0 0
0000004000000000 0000000000000008 bits38_67 0 0 72 32.00098 0.50 0 0 0 0 0 0 0 0 0
0000004000000000 0000000000000010 bits38_68 0 0 69 32.00029 0.15 0 0 0 0 0 0 0 0 0
0000004000000000 0000000000000020 bits38_69 0 0 64 32.00098 0.50 0 0 0 0 0 0 0 0 0
0000004000000000 0000000000000040 bits38_70 0 0 64 32.00142 0.73 0 0 0 0 0 0 0 0 0
0000004000000000 0000000000000080 bits38_71 0 0 73 31.99985 -0.08 0 0 0 0 0 0 0 0 0
0000004000000000 0000000000000100 bits38_72 0 0 58 32.00264 1.35 0 0 0 0 0 0 0 0 0
0000004000000000 0000000000000200 bits38_73 0 0 63 32.00105 0.54 0 0 0 0 0 0 0 0 0
0000004000000000 0000000000000400 bits38_74 0 0 70 32.00188 0.96 0 0 0 0 0 0 0 0 0
0000004000000000 0000000000000800 bits38_75 0 0 61 31.99806 -0.99 0 0 0 0 0 0 0 0 0
0000004000000000 0000000000001000 bits38_76 0 0 59 32.00172 0.88 0 0 0 0 0 0 0 0 0
0000004000000000 0000000000002000 bits38_77 0 0 64 32.00165 0.85 0 0 0 0 0 0 0 0 0
0000004000000000 0000000000004000 bits38_78 0 0 75 31.99741 -1.33 0 0 0 0 0 0 0 0 0
0000004000000000 0000000000008000 bits38_79 0 0 76 31.99667 -1.70 0 0 0 0 0 0 0 0 0
0000004000000000 0000000000010000 bits38_80 0 0 79 32.00080 0.41 0 0 0 0 0 0 0 0 0
0000004000000000 0000000000020000 bits38_81 0 0 66 31.99699 -1.54 0 0 0 0 0 0 0 0 0
0000004000000000 0000000000040000 bits38_82 0 0 55 31.99951 -0.25 0 0 0 0 0 0 0 0 0
0000004000000000 0000000000080000 bits38_83 0 0 66 31.99836 -0.84 0 0 0 0 0 0 0 0 0
0000004000000000 0000000000100000 bits38_84 0 0 61 32.00008 0.04 0 0 0 0 0 0 0 0 0
0000004000000000 0000000000200000 bits38_85 0 0 59 31.99841 -0.82 0 0 0 0 0 0 0 0 0
0000004000000000 0000000000400000 bits38_86 0 0 56 31.99918 -0.42 0 0 0 0 0 0 0 0 0
0000004000000000 0000000000800000 bits38_87 0 0 68 32.00074 0.38 0 0 0 0 0 0 0 0 0
0000004000000000 0000000001000000 bits38_88 0 0 55 32.00178 0.91 0 0 0 0 0 0 0 0 0
0000004000000000 0000000002000000 bits38_89 0 0 76 32.00063 0.32 0 0 0 0 0 0 0 0 0
0000004000000000 0000000004000000 bits38_90 0 0 72 32.00158 0.81 0 0 0 0 0 0 0 0 0
0000004000000000 0000000008000000 bits38_91 0 0 59 31.99759 -1.23 0 0 0 0 0 0 0 0 0
0000004000000000 0000000010000000 bits38_92 0 0 74 31.99805 -1.00 0 0 0 0 0 0 0 0 0
0000004000000000 0000000020000000 bits38_93 0 0 53 32.00238 1.22 0 0 0 0 0 0 0 0 0
0000004000000000 0000000040000000 bits38_94 0 0 65 32.00414 2.12 0 0 0 0 0 0 0 0 0
0000004000000000 0000000080000000 bits38_95 0 0 63 31.99730 -1.38 0 0 0 0 0 0 0 0 0
0000004000000000 0000000100000000 bits38_96 0 0 67 31.99816 -0.94 0 0 0 0 0 0 0 0 0
0000004000000000 0000000200000000 bits38_97 0 0 63 31.99861 -0.71 0 0 0 0 0 0 0 0 0
0000004000000000 0000000400000000 bits38_98 0 0 61 31.99910 -0.46 0 0 0 0 0 0 0 0 0
0000004000000000 0000000800000000 bits38_99 0 0 59 31.99770 -1.18 0 0 0 0 0 0 0 0 0
0000004000000000 0000001000000000 bits38_100 0 0 67 32.00031 0.16 0 0 0 0 0 0 0 0 0
0000004000000000 0000002000000000 bits38_101 0 0 65 32.00056 0.28 0 0 0 0 0 0 0 0 0
0000004000000000 0000004000000000 bits38_102 0 0 46 31.99654 -1.77 0 0 0 0 0 0 0 0 0
0000004000000000 0000008000000000 bits38_103 0 0 61 31.99928 -0.37 0 0 0 0 0 0 0 0 0
0000004000000000 0000010000000000 bits38_104 0 0 58 32.00032 0.16 0 0 0 0 0 0 0 0 0
0000004000000000 0000020000000000 bits38_105 0 0 58 32.00108 0.55 0 0 0 0 0 0 0 0 0
0000004000000000 0000040000000000 bits38_106 0 0 68 32.00153 0.78 0 0 0 0 0 0 0 0 0
0000004000000000 0000080000000000 bits38_107 0 0 44 31.99805 -1.00 0 0 0 0 0 0 0 0 0
0000004000000000 0000100000000000 bits38_108 0 0 77 31.99930 -0.36 0 0 0 0 0 0 0 0 0
0000004000000000 0000200000000000 bits38_109 0 0 66 31.99838 -0.83 0 0 0 0 0 0 0 0 0
0000004000000000 0000400000000000 bits38_110 0 0 69 31.99863 -0.70 0 0 0 0 0 0 0 0 0
0000004000000000 0000800000000000 bits38_111 0 0 60 31.99912 -0.45 0 0 0 0 0 0 0 0 0
0000004000000000 0001000000000000 bits38_112 0 0 52 31.99824 -0.90 0 0 0 0 0 0 0 0 0
0000004000000000 0002000000000000 bits38_113 0 0 71 32.00098 0.50 0 0 0 0 0 0 0 0 0
0000004000000000 0004000000000000 bits38_114 0 0 64 32.00085 0.43 0 0 0 0 0 0 0 0 0
0000004000000000 0008000000000000 bits38_115 0 0 70 32.00187 0.96 0 0 0 0 0 0 0 0 0
0000004000000000 0010000000000000 bits38_116 0 0 59 32.00261 1.33 0 0 0 0 0 0 0 0 0
0000004000000000 0020000000000000 bits38_117 0 0 55 32.00029 0.15 0 0 0 0 0 0 0 0 0
0000004000000000 0040000000000000 bits38_118 0 0 66 31.99891 -0.56 0 0 0 0 0 0 0 0 0
0000004000000000 0080000000000000 bits38_119 0 0 67 31.99768 -1.19 0 0 0 0 0 0 0 0 0
0000004000000000 0100000000000000 bits38_120 0 0 56 31.99885 -0.59 0 0 0 0 0 0 0 0 0
0000004000000000 0200000000000000 bits38_121 0 0 53 32.00201 1.03 0 0 0 0 0 0 0 0 0
0000004000000000 0400000000000000 bits38_122 0 0 74 32.00273 1.40 0 0 0 0 0 0 0 0 0
0000004000000000 0800000000000000 bits38_123 0 0 72 31.99824 -0.90 0 0 0 0 0 0 0 0 0
0000004000000000 1000000000000000 bits38_124 0 0 61 32.00450 2.30 0 0 0 0 0 0 0 0 0
0000004000000000 2000000000000000 bits38_125 0 0 51 31.99847 -0.78 0 0 0 0 0 0 0 0 0
0000004000000000 4000000000000000 bits38_126 0 0 72 31.99736 -1.35 0 0 0 0 0 0 0 0 0
0000004000000000 8000000000000000 bits38_127 0 0 54 31.99974 -0.13 0 0 0 0 0 0 0 0 0
0000018000000000 0000000000000000 bits39_40 0 0 63 31.99885 -0.59 0 0 0 0 0 0 0 0 0
0000028000000000 0000000000000000 bits39_41 0 0 82 31.99855 -0.74 0 0 0 0 0 0 0 0 0
0000048000000000 0000000000000000 bits39_42 0 0 67 31.99981 -0.10 0 0 0 0 0 0 0 0 0
0000088000000000 0000000000000000 bits39_43 0 0 69 31.99876 -0.64 0 0 0 0 0 0 0 0 0
0000108000000000 0000000000000000 bits39_44 0 0 66 32.00043 0.22 0 0 0 0 0 0 0 0 0
0000208000000000 0000000000000000 bits39_45 0 0 63 32.00099 0.51 0 0 0 0 0 0 0 0 0
0000408000000000 0000000000000000 bits39_46 0 0 60 32.00110 0.56 0 0 0 0 0 0 0 0 0
0000808000000000 0000000000000000 bits39_47 0 0 64 32.00282 1.44 0 0 0 0 0 0 0 0 0
0001008000000000 0000000000000000 bits39_48 0 0 63 31.99883 -0.60 0 0 0 0 0 0 0 0 0
0002008000000000 0000000000000000 bits39_49 0 0 66 31.99810 -0.97 0 0 0 0 0 0 0 0 0
0004008000000000 0000000000000000 bits39_50 0 0 63 32.00185 0.95 0 0 0 0 0 0 0 0 0
0008008000000000 0000000000000000 bits39_51 0 0 78 32.00073 0.37 0 0 0 0 0 0 0 0 0
0010008000000000 0000000000000000 bits39_52 0 0 54 31.99668 -1.70 0 0 0 0 0 0 0 0 0
0020008000000000 0000000000000000 bits39_53 0 0 58 31.99996 -0.02 0 0 0 0 0 0 0 0 0
0040008000000000 0000000000000000 bits39_54 0 0 62 32.00058 0.30 0 0 0 0 0 0 0 0 0
0080008000000000 0000000000000000 bits39_55 0 0 55 32.00029 0.15 0 0 0 0 0 0 0 0 0
0100008000000000 0000000000000000 bits39_56 0 0 70 31.99518 -2.47 0 0 0 0 0 0 0 0 0
0200008000000000 0000000000000000 bits39_57 0 0 58 31.99764 -1.21 0 0 0 0 0 0 0 0 0
0400008000000000 0000000000000000 bits39_58 0 0 77 32.00221 1.13 0 0 0 0 0 0 0 0 0
0800008000000000 0000000000000000 bits39_59 0 0 53 32.00000 -0.00 0 0 0 0 0 0 0 0 0
1000008000000000 0000000000000000 bits39_60 0 0 81 31.99700 -1.54 0 0 0 0 0 0 0 0 0
2000008000000000 0000000000000000 bits39_61 0 0 55 31.99928 -0.37 0 0 0 0 0 0 0 0 0
4000008000000000 0000000000000000 bits39_62 0 0 63 31.99700 -1.54 0 0 0 0 0 0 0 0 0
8000008000000000 0000000000000000 bits39_63 0 0 69 31.99791 -1.07 0 0 0 0 0 0 0 0 0
0000008000000000 0000000000000001 bits39_64 0 0 57 32.00381 1.95 0 0 0 0 0 0 0 0 0
0000008000000000 0000000000000002 bits39_65 0 0 74 32.00255 1.30 0 0 0 0 0 0 0 0 0
0000008000000000 0000000000000004 bits39_66 0 0 58 32.00039 0.20 0 0 0 0 0 0 0 0 0
0000008000000000 0000000000000008 bits39_67 0 0 66 31.99509 -2.51 0 0 0 0 0 0 0 0 0
0000008000000000 0000000000000010 bits39_68 0 0 54 31.99993 -0.03 0 0 0 0 0 0 0 0 0
0000008000000000 0000000000000020 bits39_69 0 0 71 32.00225 1.15 0 0 0 0 0 0 0 0 0
0000008000000000 0000000000000040 bits39_70 0 0 59 32.00396 2.03 0 0 0 0 0 0 0 0 0
0000008000000000 0000000000000080 bits39_71 0 0 72 31.99919 -0.41 0 0 0 0 0 0 0 0 0
0000008000000000 0000000000000100 bits39_72 0 0 59 32.00274 1.40 0 0 0 0 0 0 0 0 0
0000008000000000 0000000000000200 bits39_73 0 0 75 32.00018 0.09 0 0 0 0 0 0 0 0 0
0000008000000000 0000000000000400 bits39_74 0 0 56 32.00076 0.39 0 0 0 0 0 0 0 0 0
0000008000000000 0000000000000800 bits39_75 0 0 65 31.99982 -0.09 0 0 0 0 0 0 0 0 0
0000008000000000 0000000000001000 bits39_76 0 0 70 31.99994 -0.03 0 0 0 0 0 0 0 0 0
0000008000000000 0000000000002000 bits39_77 0 0 67 32.00188 0.96 0 0 0 0 0 0 0 0 0
0000008000000000 0000000000004000 bits39_78 0 0 75 32.00011 0.06 0 0 0 0 0 0 0 0 0
0000008000000000 0000000000008000 bits39_79 0 0 65 31.99990 -0.05 0 0 0 0 0 0 0 0 0
0000008000000000 0000000000010000 bits39_80 0 0 59 31.99796 -1.04 0 0 0 0 0 0 0 0 0
0000008000000000 0000000000020000 bits39_81 0 0 57 32.00005 0.02 0 0 0 0 0 0 0 0 0
0000008000000000 0000000000040000 bits39_82 0 0 69 31.99775 -1.15 0 0 0 0 0 0 0 0 0
0000008000000000 0000000000080000 bits39_83 0 0 61 31.99947 -0.27 0 0 0 0 0 0 0 0 0
0000008000000000 0000000000100000 bits39_84 0 0 65 31.99744 -1.31 0 0 0 0 0 0 0 0 0
0000008000000000 0000000000200000 bits39_85 0 0 58 31.99917 -0.43 0 0 0 0 0 0 0 0 0
0000008000000000 0000000000400000 bits39_86 0 0 66 32.00212 1.09 0 0 0 0 0 0 0 0 0
0000008000000000 0000000000800000 bits39_87 0 0 57 31.99834 -0.85 0 0 0 0 0 0 0 0 0
0000008000000000 0000000001000000 bits39_88 0 0 68 31.99893 -0.55 0 0 0 0 0 0 0 0 0
0000008000000000 0000000002000000 bits39_89 0 0 67 31.99990 -0.05 0 0 0 0 0 0 0 0 0
0000008000000000 0000000004000000 bits39_90 0 0 72 31.99965 -0.18 0 0 0 0 0 0 0 0 0
0000008000000000 0000000008000000 bits39_91 0 0 66 32.00143 0.73 0 0 0 0 0 0 0 0 0
0000008000000000 0000000010000000 bits39_92 0 0 64 31.99979 -0.11 0 0 0 0 0 0 0 0 0
0000008000000000 0000000020000000 bits39_93 0 0 43 32.00026 0.13 0 0 0 0 0 0 0 0 0
0000008000000000 0000000040000000 bits39_94 0 0 75 32.00115 0.59 0 0 0 0 0 0 0 0 0
0000008000000000 0000000080000000 bits39_95 0 0 62 31.99783 -1.11 0 0 0 0 0 0 0 0 0
0000008000000000 0000000100000000 bits39_96 0 0 80 32.00157 0.80 0 0 0 0 0 0 0 0 0
0000008000000000 0000000200000000 bits39_97 0 0 62 32.00084 0.43 0 0 0 0 0 0 0 0 0
0000008000000000 0000000400000000 bits39_98 0 0 63 32.00050 0.26 0 0 0 0 0 0 0 0 0
0000008000000000 0000000800000000 bits39_99 0 0 68 31.99957 -0.22 0 0 0 0 0 0 0 0 0
0000008000000000 0000001000000000 bits39_100 0 0 64 31.99901 -0.51 0 0 0 0 0 0 0 0 0
0000008000000000 0000002000000000 bits39_101 0 0 65 32.00040 0.20 0 0 0 0 0 0 0 0 0
0000008000000000 0000004000000000 bits39_102 0 0 60 31.99806 -0.99 0 0 0 0 0 0 0 0 0
0000008000000000 0000008000000000 bits39_103 0 0 67 32.00010 0.05 0 0 0 0 0 0 0 0 0
0000008000000000 0000010000000000 bits39_104 0 0 61 31.99865 -0.69 0 0 0 0 0 0 0 0 0
0000008000000000 0000020000000000 bits39_105 0 0 63 31.99771 -1.17 0 0 0 0 0 0 0 0 0
0000008000000000 0000040000000000 bits39_106 0 0 51 32.00232 1.19 0 0 0 0 0 0 0 0 0
0000008000000000 0000080000000000 bits39_107 0 0 69 32.00209 1.07 0 0 0 0 0 0 0 0 0
0000008000000000 0000100000000000 bits39_108 0 0 55 31.99783 -1.11 0 0 0 0 0 0 0 0 0
0000008000000000 0000200000000000 bits39_109 0 0 67 31.99789 -1.08 0 0 0 0 0 0 0 0 0
0000008000000000 0000400000000000 bits39_110 0 0 71 31.99959 -0.21 0 0 0 0 0 0 0 0 0
0000008000000000 0000800000000000 bits39_111 0 0 53 32.00026 0.13 0 0 0 0 0 0 0 0 0
0000008000000000 0001000000000000 bits39_112 0 0 82 31.99961 -0.20 0 0 0 0 0 0 0 0 0
0000008000000000 0002000000000000 bits39_113 0 0 66 31.99895 -0.54 0 0 0 0 0 0 0 0 0
0000008000000000 0004000000000000 bits39_114 0 0 55 32.00038 0.19 0 0 0 0 0 0 0 0 0
0000008000000000 0008000000000000 bits39_115 0 0 52 32.00001 0.00 0 0 0 0 0 0 0 0 0
0000008000000000 0010000000000000 bits39_116 0 0 57 31.99946 -0.27 0 0 0 0 0 0 0 0 0
0000008000000000 0020000000000000 bits39_117 0 0 61 31.99672 -1.68 0 0 0 0 0 0 0 0 0
0000008000000000 0040000000000000 bits39_118 0 0 70 32.00138 0.71 0 0 0 0 0 0 0 0 0
0000008000000000 0080000000000000 bits39_119 0 0 61 31.99992 -0.04 0 0 0 0 0 0 0 0 0
0000008000000000 0100000000000000 bits39_120 0 0 71 31.99874 -0.64 0 0 0 0 0 0 0 0 0
0000008000000000 0200000000000000 bits39_121 0 0 58 32.00173 0.89 0 0 0 0 0 0 0 0 0
0000008000000000 0400000000000000 bits39_122 0 0 58 32.00062 0.32 0 0 0 0 0 0 0 0 0
0000008000000000 0800000000000000 bits39_123 0 0 61 31.99861 -0.71 0 0 0 0 0 0 0 0 0
0000008000000000 1000000000000000 bits39_124 0 0 66 32.00100 0.51 0 0 0 0 0 0 0 0 0
0000008000000000 2000000000000000 bits39_125 0 0 71 31.99990 -0.05 0 0 0 0 0 0 0 0 0
0000008000000000 4000000000000000 bits39_126 0 0 66 31.99914 -0.44 0 0 0 0 0 0 0 0 0
0000008000000000 8000000000000000 bits39_127 0 0 63 31.99652 -1.78 0 0 0 0 0 0 0 0 0
0000030000000000 0000000000000000 bits40_41 0 0 54 31.99878 -0.62 0 0 0 0 0 0 0 0 0
0000050000000000 0000000000000000 bits40_42 0 0 70 31.99779 -1.13 0 0 0 0 0 0 0 0 0
0000090000000000 0000000000000000 bits40_43 0 0 54 31.99505 -2.53 0 0 0 0 0 0 0 0 0
0000110000000000 0000000000000000 bits40_44 0 0 67 32.00263 1.34 0 0 0 0 0 0 0 0 0
0000210000000000 0000000000000000 bits40_45 0 0 67 32.00147 0.75 0 0 0 0 0 0 0 0 0
0000410000000000 0000000000000000 bits40_46 0 0 63 31.99792 -1.06 0 0 0 0 0 0 0 0 0
0000810000000000 0000000000000000 bits40_47 0 0 59 31.99922 -0.40 0 0 0 0 0 0 0 0 0
0001010000000000 0000000000000000 bits40_48 0 0 61 31.99712 -1.47 0 0 0 0 0 0 0 0 0
0002010000000000 0000000000000000 bits40_49 0 0 64 32.00273 1.40 0 0 0 0 0 0 0 0 0
0004010000000000 0000000000000000 bits40_50 0 0 54 31.99963 -0.19 0 0 0 0 0 0 0 0 0
0008010000000000 0000000000000000 bits40_51 0 0 79 31.99678 -1.65 0 0 0 0 0 0 0 0 0
0010010000000000 0000000000000000 bits40_52 0 0 60 31.99927 -0.37 0 0 0 0 0 0 0 0 0
0020010000000000 0000000000000000 bits40_53 0 0 61 31.99935 -0.33 0 0 0 0 0 0 0 0 0
0040010000000000 0000000000000000 bits40_54 0 0 73 31.99927 -0.37 0 0 0 0 0 0 0 0 0
0080010000000000 0000000000000000 bits40_55 0 0 59 32.00372 1.91 0 0 0 0 0 0 0 0 0
0100010000000000 0000000000000000 bits40_56 0 0 63 32.00321 1.64 0 0 0 0 0 0 0 0 0
0200010000000000 0000000000000000 bits40_57 0 0 70 31.99898 -0.52 0 0 0 0 0 0 0 0 0
0400010000000000 0000000000000000 bits40_58 0 0 72 32.00155 0.79 0 0 0 0 0 0 0 0 0
0800010000000000 0000000000000000 bits40_59 0 0 60 31.99711 -1.48 0 0 0 0 0 0 0 0 0
1000010000000000 0000000000000000 bits40_60 0 0 73 32.00025 0.13 0 0 0 0 0 0 0 0 0
2000010000000000 0000000000000000 bits40_61 0 0 59 31.99895 -0.54 0 0 0 0 0 0 0 0 0
4000010000000000 0000000000000000 bits40_62 0 0 63 32.00224 1.15 0 0 0 0 0 0 0 0 0
8000010000000000 0000000000000000 bits40_63 0 0 73 31.99991 -0.04 0 0 0 0 0 0 0 0 0
0000010000000000 0000000000000001 bits40_64 0 0 67 32.00103 0.53 0 0 0 0 0 0 0 0 0
0000010000000000 0000000000000002 bits40_65 0 0 65 32.00217 1.11 0 0 0 0 0 0 0 0 0
0000010000000000 0000000000000004 bits40_66 0 0 76 32.00298 1.53 0 0 0 0 0 0 0 0 0
0000010000000000 0000000000000008 bits40_67 0 0 61 31.99873 -0.65 0 0 0 0 0 0 0 0 0
0000010000000000 0000000000000010 bits40_68 0 0 53 32.00042 0.21 0 0 0 0 0 0 0 0 0
0000010000000000 0000000000000020 bits40_69 0 0 64 31.99915 -0.44 0 0 0 0 0 0 0 0 0
0000010000000000 0000000000000040 bits40_70 0 0 77 32.00043 0.22 0 0 0 0 0 0 0 0 0
0000010000000000 0000000000000080 bits40_71 0 0 67 31.99778 -1.13 0 0 0 0 0 0 0 0 0
0000010000000000 0000000000000100 bits40_72 0 0 71 31.99811 -0.97 0 0 0 0 0 0 0 0 0
0000010000000000 0000000000000200 bits40_73 0 0 67 31.99941 -0.30 0 0 0 0 0 0 0 0 0
0000010000000000 0000000000000400 bits40_74 0 0 61 31.99839 -0.82 0 0 0 0 0 0 0 0 0
0000010000000000 0000000000000800 bits40_75 0 0 60 31.99880 -0.61 0 0 0 0 0 0 0 0 0
0000010000000000 0000000000001000 bits40_76 0 0 71 32.00262 1.34 0 0 0 0 0 0 0 0 0
0000010000000000 0000000000002000 bits40_77 0 0 54 31.99891 -0.56 0 0 0 0 0 0 0 0 0
0000010000000000 0000000000004000 bits40_78 0 0 50 32.00169 0.87 0 0 0 0 0 0 0 0 0
0000010000000000 0000000000008000 bits40_79 0 0 58 32.00021 0.11 0 0 0 0 0 0 0 0 0
0000010000000000 0000000000010000 bits40_80 0 0 63 32.00130 0.67 0 0 0 0 0 0 0 0 0
0000010000000000 0000000000020000 bits40_81 0 0 48 32.00188 0.96 0 0 0 0 0 0 0 0 0
0000010000000000 0000000000040000 bits40_82 0 0 65 31.99936 -0.33 0 0 0 0 0 0 0 0 0
0000010000000000 0000000000080000 bits40_83 0 0 70 32.00240 1.23 0 0 0 0 0 0 0 0 0
0000010000000000 0000000000100000 bits40_84 0 0 63 32.00044 0.22 0 0 0 0 0 0 0 0 0
0000010000000000 0000000000200000 bits40_85 0 0 59 31.99864 -0.70 0 0 0 0 0 0 0 0 0
0000010000000000 0000000000400000 bits40_86 0 0 54 32.00021 0.11 0 0 0 0 0 0 0 0 0
0000010000000000 0000000000800000 bits40_87 0 0 61 31.99963 -0.19 0 0 0 0 0 0 0 0 0
0000010000000000 0000000001000000 bits40_88 0 0 69 31.99734 -1.36 0 0 0 0 0 0 0 0 0
0000010000000000 0000000002000000 bits40_89 0 0 65 32.00133 0.68 0 0 0 0 0 0 0 0 0
0000010000000000 0000000004000000 bits40_90 0 0 71 32.00284 1.45 0 0 0 0 0 0 0 0 0
0000010000000000 0000000008000000 bits40_91 0 0 67 32.00399 2.04 0 0 0 0 0 0 0 0 0
0000010000000000 0000000010000000 bits40_92 0 0 52 32.00262 1.34 0 0 0 0 0 0 0 0 0
0000010000000000 0000000020000000 bits40_93 0 0 44 32.00351 1.80 0 0 0 0 0 0 0 0 0
0000010000000000 0000000040000000 bits40_94 0 0 70 32.00149 0.76 0 0 0 0 0 0 0 0 0
0000010000000000 0000000080000000 bits40_95 0 0 76 31.99069 -4.77 0 0 0 0 0 0 0 0 0
0000010000000000 0000000100000000 bits40_96 0 0 57 32.00039 0.20 0 0 0 0 0 0 0 0 0
0000010000000000 0000000200000000 bits40_97 0 0 59 32.00154 0.79 0 0 0 0 0 0 0 0 0
0000010000000000 0000000400000000 bits40_98 0 0 77 31.99940 -0.31 0 0 0 0 0 0 0 0 0
0000010000000000 0000000800000000 bits40_99 0 0 70 32.00016 0.08 0 0 0 0 0 0 0 0 0
0000010000000000 0000001000000000 bits40_100 0 0 66 32.00148 0.76 0 0 0 0 0 0 0 0 0
0000010000000000 0000002000000000 bits40_101 0 0 66 32.00016 0.08 0 0 0 0 0 0 0 0 0
0000010000000000 0000004000000000 bits40_102 0 0 69 31.99836 -0.84 0 0 0 0 0 0 0 0 0
0000010000000000 0000008000000000 bits40_103 0 0 48 31.99652 -1.78 0 0 0 0 0 0 0 0 0
0000010000000000 0000010000000000 bits40_104 0 0 73 32.00087 0.44 0 0 0 0 0 0 0 0 0
0000010000000000 0000020000000000 bits40_105 0 0 55 31.99905 -0.49 0 0 0 0 0 0 0 0 0
0000010000000000 0000040000000000 bits40_106 0 0 65 31.99738 -1.34 0 0 0 0 0 0 0 0 0
0000010000000000 0000080000000000 bits40_107 0 0 55 31.99968 -0.16 0 0 0 0 0 0 0 0 0
0000010000000000 0000100000000000 bits40_108 0 0 75 31.99396 -3.09 0 0 0 0 0 0 0 0 0
0000010000000000 0000200000000000 bits40_109 0 0 60 31.99878 -0.62 0 0 0 0 0 0 0 0 0
0000010000000000 0000400000000000 bits40_110 0 0 65 32.00113 0.58 0 0 0 0 0 0 0 0 0
0000010000000000 0000800000000000 bits40_111 0 0 56 32.00121 0.62 0 0 0 0 0 0 0 0 0
0000010000000000 0001000000000000 bits40_112 0 0 59 32.00019 0.10 0 0 0 0 0 0 0 0 0
0000010000000000 0002000000000000 bits40_113 0 0 60 31.99867 -0.68 0 0 0 0 0 0 0 0 0
0000010000000000 0004000000000000 bits40_114 0 0 64 32.00098 0.50 0 0 0 0 0 0 0 0 0
0000010000000000 0008000000000000 bits40_115 0 0 66 32.00052 0.26 0 0 0 0 0 0 0 0 0
0000010000000000 0010000000000000 bits40_116 0 0 58 31.99893 -0.55 0 0 0 0 0 0 0 0 0
0000010000000000 0020000000000000 bits40_117 0 0 85 31.99809 -0.98 0 0 0 0 0 0 0 0 0
0000010000000000 0040000000000000 bits40_118 0 0 75 31.99990 -0.05 0 0 0 0 0 0 0 0 0
0000010000000000 0080000000000000 bits40_119 0 0 81 31.99994 -0.03 0 0 0 0 0 0 0 0 0
0000010000000000 0100000000000000 bits40_120 0 0 65 32.00087 0.45 0 0 0 0 0 0 0 0 0
0000010000000000 0200000000000000 bits40_121 0 0 60 32.00183 0.94 0 0 0 0 0 0 0 0 0
0000010000000000 0400000000000000 bits40_122 0 0 64 32.00229 1.17 0 0 0 0 0 0 0 0 0
0000010000000000 0800000000000000 bits40_123 0 0 61 32.00187 0.96 0 0 0 0 0 0 0 0 0
0000010000000000 1000000000000000 bits40_124 0 0 68 32.00104 0.53 0 0 0 0 0 0 0 0 0
0000010000000000 2000000000000000 bits40_125 0 0 76 32.00210 1.07 0 0 0 0 0 0 0 0 0
0000010000000000 4000000000000000 bits40_126 0 0 73 32.00227 1.16 0 0 0 0 0 0 0 0 0
0000010000000000 8000000000000000 bits40_127 0 0 65 32.00007 0.04 0 0 0 0 0 0 0 0 0
0000060000000000 0000000000000000 bits41_42 0 0 66 31.99815 -0.95 0 0 0 0 0 0 0 0 0
00000a0000000000 0000000000000000 bits41_43 0 0 64 31.99526 -2.42 0 0 0 0 0 0 0 0 0
0000120000000000 0000000000000000 bits41_44 0 0 63 32.00456 2.33 0 0 0 0 0 0 0 0 0
0000220000000000 0000000000000000 bits41_45 0 0 64 31.99913 -0.45 0 0 0 0 0 0 0 0 0
0000420000000000 0000000000000000 bits41_46 0 0 73 31.99954 -0.24 0 0 0 0 0 0 0 0 0
0000820000000000 0000000000000000 bits41_47 0 0 60 32.00137 0.70 0 0 0 0 0 0 0 0 0
0001020000000000 0000000000000000 bits41_48 0 0 60 31.99916 -0.43 0 0 0 0 0 0 0 0 0
0002020000000000 0000000000000000 bits41_49 0 0 67 32.00273 1.40 0 0 0 0 0 0 0 0 0
0004020000000000 0000000000000000 bits41_50 0 0 54 31.99701 -1.53 0 0 0 0 0 0 0 0 0
0008020000000000 0000000000000000 bits41_51 0 0 64 32.00115 0.59 0 0 0 0 0 0 0 0 0
0010020000000000 0000000000000000 bits41_52 0 0 61 31.99754 -1.26 0 0 0 0 0 0 0 0 0
0020020000000000 0000000000000000 bits41_53 0 0 49 31.99947 -0.27 0 0 0 0 0 0 0 0 0
0040020000000000 0000000000000000 bits41_54 0 0 50 32.00385 1.97 0 0 0 0 0 0 0 0 0
0080020000000000 0000000000000000 bits41_55 0 0 62 31.99683 -1.62 0 0 0 0 0 0 0 0 0
0100020000000000 0000000000000000 bits41_56 0 0 66 31.99976 -0.12 0 0 0 0 0 0 0 0 0
0200020000000000 0000000000000000 bits41_57 0 0 63 31.99911 -0.46 0 0 0 0 0 0 0 0 0
0400020000000000 0000000000000000 bits41_58 0 0 65 32.00530 2.71 0 0 0 0 0 0 0 0 0
0800020000000000 0000000000000000 bits41_59 0 0 60 32.00184 0.94 0 0 0 0 0 0 0 0 0
1000020000000000 0000000000000000 bits41_60 0 0 61 31.99588 -2.11 0 0 0 0 0 0 0 0 0
2000020000000000 0000000000000000 bits41_61 0 0 70 31.99615 -1.97 0 0 0 0 0 0 0 0 0
4000020000000000 0000000000000000 bits41_62 0 0 69 31.99823 -0.91 0 0 0 0 0 0 0 0 0
8000020000000000 0000000000000000 bits41_63 0 0 86 31.99960 -0.20 0 0 0 0 0 0 0 0 0
0000020000000000 0000000000000001 bits41_64 0 0 66 31.99847 -0.78 0 0 0 0 0 0 0 0 0
0000020000000000 0000000000000002 bits41_65 0 0 65 31.99853 -0.75 0 0 0 0 0 0 0 0 0
0000020000000000 0000000000000004 bits41_66 0 0 79 31.99851 -0.76 0 0 0 0 0 0 0 0 0
0000020000000000 0000000000000008 bits41_67 0 0 53 32.00222 1.14 0 0 0 0 0 0 0 0 0
0000020000000000 0000000000000010 bits41_68 0 0 56 31.99807 -0.99 0 0 0 0 0 0 0 0 0
0000020000000000 0000000000000020 bits41_69 0 0 57 31.99991 -0.04 0 0 0 0 0 0 0 0 0
0000020000000000 0000000000000040 bits41_70 0 0 74 31.99833 -0.86 0 0 0 0 0 0 0 0 0
0000020000000000 0000000000000080 bits41_71 0 0 63 31.99948 -0.27 0 0 0 0 0 0 0 0 0
0000020000000000 0000000000000100 bits41_72 0 0 64 32.00137 0.70 0 0 0 0 0 0 0 0 0
0000020000000000 0000000000000200 bits41_73 0 0 76 31.99925 -0.38 0 0 0 0 0 0 0 0 0
0000020000000000 0000000000000400 bits41_74 0 0 72 31.99806 -0.99 0 0 0 0 0 0 0 0 0
0000020000000000 0000000000000800 bits41_75 0 0 70 31.99647 -1.80 0 0 0 0 0 0 0 0 0
0000020000000000 0000000000001000 bits41_76 0 0 45 31.99826 -0.89 0 0 0 0 0 0 0 0 0
0000020000000000 0000000000002000 bits41_77 0 0 76 32.00509 2.60 0 0 0 0 0 0 0 0 0
0000020000000000 0000000000004000 bits41_78 0 0 74 32.00002 0.01 0 0 0 0 0 0 0 0 0
0000020000000000 0000000000008000 bits41_79 0 0 62 31.99958 -0.21 0 0 0 0 0 0 0 0 0
0000020000000000 0000000000010000 bits41_80 0 0 85 31.99915 -0.44 0 0 0 0 0 0 0 0 0
0000020000000000 0000000000020000 bits41_81 0 0 62 31.99990 -0.05 0 0 0 0 0 0 0 0 0
0000020000000000 0000000000040000 bits41_82 0 0 59 31.99620 -1.94 0 0 0 0 0 0 0 0 0
0000020000000000 0000000000080000 bits41_83 0 0 78 32.00341 1.75 0 0 0 0 0 0 0 0 0
0000020000000000 0000000000100000 bits41_84 0 0 57 32.00032 0.16 0 0 0 0 0 0 0 0 0
0000020000000000 0000000000200000 bits41_85 0 0 63 31.99886 -0.58 0 0 0 0 0 0 0 0 0
0000020000000000 0000000000400000 bits41_86 0 0 61 32.00174 0.89 0 0 0 0 0 0 0 0 0
0000020000000000 0000000000800000 bits41_87 0 0 57 32.00309 1.58 0 0 0 0 0 0 0 0 0
0000020000000000 0000000001000000 bits41_88 0 0 62 32.00136 0.70 0 0 0 0 0 0 0 0 0
0000020000000000 0000000002000000 bits41_89 0 0 47 32.00002 0.01 0 0 0 0 0 0 0 0 0
0000020000000000 0000000004000000 bits41_90 0 0 62 32.00535 2.74 0 0 0 0 0 0 0 0 0
0000020000000000 0000000008000000 bits41_91 0 0 69 32.00304 1.55 0 0 0 0 0 0 0 0 0
0000020000000000 0000000010000000 bits41_92 0 0 72 31.99801 -1.02 0 0 0 0 0 0 0 0 0
0000020000000000 0000000020000000 bits41_93 0 0 48 31.99964 -0.19 0 0 0 0 0 0 0 0 0
0000020000000000 0000000040000000 bits41_94 0 0 79 31.99814 -0.95 0 0 0 0 0 0 0 0 0
0000020000000000 0000000080000000 bits41_95 0 0 68 32.00094 0.48 0 0 0 0 0 0 0 0 0
0000020000000000 0000000100000000 bits41_96 0 0 62 32.00103 0.53 0 0 0 0 0 0 0 0 0
0000020000000000 0000000200000000 bits41_97 0 0 73 32.00297 1.52 0 0 0 0 0 0 0 0 0
0000020000000000 0000000400000000 bits41_98 0 0 55 32.00098 0.50 0 0 0 0 0 0 0 0 0
0000020000000000 0000000800000000 bits41_99 0 0 81 32.00182 0.93 0 0 0 0 0 0 0 0 0
0000020000000000 0000001000000000 bits41_100 0 0 63 32.00007 0.03 0 0 0 0 0 0 0 0 0
0000020000000000 0000002000000000 bits41_101 0 0 52 31.99950 -0.26 0 0 0 0 0 0 0 0 0
0000020000000000 0000004000000000 bits41_102 0 0 60 32.00290 1.48 0 0 0 0 0 0 0 0 0
0000020000000000 0000008000000000 bits41_103 0 0 49 32.00251 1.29 0 0 0 0 0 0 0 0 0
0000020000000000 0000010000000000 bits41_104 0 0 69 32.00091 0.47 0 0 0 0 0 0 0 0 0
0000020000000000 0000020000000000 bits41_105 0 0 57 31.99853 -0.75 0 0 0 0 0 0 0 0 0
0000020000000000 0000040000000000 bits41_106 0 0 66 32.00167 0.86 0 0 0 0 0 0 0 0 0
0000020000000000 0000080000000000 bits41_107 0 0 66 31.99877 -0.63 0 0 0 0 0 0 0 0 0
0000020000000000 0000100000000000 bits41_108 0 0 63 31.99937 -0.32 0 0 0 0 0 0 0 0 0
0000020000000000 0000200000000000 bits41_109 0 0 44 31.99933 -0.34 0 0 0 0 0 0 0 0 0
0000020000000000 0000400000000000 bits41_110 0 0 54 31.99798 -1.03 0 0 0 0 0 0 0 0 0
0000020000000000 0000800000000000 bits41_111 0 0 58 31.99977 -0.12 0 0 0 0 0 0 0 0 0
0000020000000000 0001000000000000 bits41_112 0 0 61 32.00034 0.17 0 0 0 0 0 0 0 0 0
0000020000000000 0002000000000000 bits41_113 0 0 63 31.99915 -0.44 0 0 0 0 0 0 0 0 0
0000020000000000 0004000000000000 bits41_114 0 0 51 32.00011 0.05 0 0 0 0 0 0 0 0 0
0000020000000000 0008000000000000 bits41_115 0 0 68 31.99970 -0.15 0 0 0 0 0 0 0 0 0
0000020000000000 0010000000000000 bits41_116 0 0 70 32.00147 0.75 0 0 0 0 0 0 0 0 0
0000020000000000 0020000000000000 bits41_117 0 0 76 32.00160 0.82 0 0 0 0 0 0 0 0 0
0000020000000000 0040000000000000 bits41_118 0 0 66 31.99995 -0.02 0 0 0 0 0 0 0 0 0
0000020000000000 0080000000000000 bits41_119 0 0 64 32.00313 1.60 0 0 0 0 0 0 0 0 0
0000020000000000 0100000000000000 bits41_120 0 0 63 31.99841 -0.82 0 0 0 0 0 0 0 0 0
0000020000000000 0200000000000000 bits41_121 0 0 61 32.00080 0.41 0 0 0 0 0 0 0 0 0
0000020000000000 0400000000000000 bits41_122 0 0 68 32.00089 0.46 0 0 0 0 0 0 0 0 0
0000020000000000 0800000000000000 bits41_123 0 0 69 31.99911 -0.46 0 0 0 0 0 0 0 0 0
0000020000000000 1000000000000000 bits41_124 0 0 85 32.00032 0.16 0 0 0 0 0 0 0 0 0
0000020000000000 2000000000000000 bits41_125 0 0 45 32.00065 0.33 0 0 0 0 0 0 0 0 0
0000020000000000 4000000000000000 bits41_126 0 0 62 31.99894 -0.54 0 0 0 0 0 0 0 0 0
0000020000000000 8000000000000000 bits41_127 0 0 52 32.00296 1.52 0 0 0 0 0 0 0 0 0
00000c0000000000 0000000000000000 bits42_43 0 0 56 31.99815 -0.95 0 0 0 0 0 0 0 0 0
0000140000000000 0000000000000000 bits42_44 0 0 67 32.00098 0.50 0 0 0 0 0 0 0 0 0
0000240000000000 0000000000000000 bits42_45 0 0 60 31.99762 -1.22 0 0 0 0 0 0 0 0 0
0000440000000000 0000000000000000 bits42_46 0 0 66 32.00083 0.43 0 0 0 0 0 0 0 0 0
0000840000000000 0000000000000000 bits42_47 0 0 73 31.99859 -0.72 0 0 0 0 0 0 0 0 0
0001040000000000 0000000000000000 bits42_48 0 0 77 31.99875 -0.64 0 0 0 0 0 0 0 0 0
0002040000000000 0000000000000000 bits42_49 0 0 67 31.99367 -3.24 0 0 0 0 0 0 0 0 0
0004040000000000 0000000000000000 bits42_50 0 0 70 32.00150 0.77 0 0 0 0 0 0 0 0 0
0008040000000000 0000000000000000 bits42_51 0 0 60 32.00024 0.12 0 0 0 0 0 0 0 0 0
0010040000000000 0000000000000000 bits42_52 0 0 58 31.99731 -1.38 0 0 0 0 0 0 0 0 0
0020040000000000 0000000000000000 bits42_53 0 0 54 32.00022 0.11 0 0 0 0 0 0 0 0 0
0040040000000000 0000000000000000 bits42_54 0 0 62 31.99699 -1.54 0 0 0 0 0 0 0 0 0
0080040000000000 0000000000000000 bits42_55 0 0 53 31.99811 -0.97 0 0 0 0 0 0 0 0 0
0100040000000000 0000000000000000 bits42_56 0 0 53 32.00153 0.78 0 0 0 0 0 0 0 0 0
0200040000000000 0000000000000000 bits42_57 0 0 70 31.99683 -1.62 0 0 0 0 0 0 0 0 0
0400040000000000 0000000000000000 bits42_58 0 0 62 32.00088 0.45 0 0 0 0 0 0 0 0 0
0800040000000000 0000000000000000 bits42_59 0 0 73 31.99786 -1.09 0 0 0 0 0 0 0 0 0
1000040000000000 0000000000000000 bits42_60 0 0 74 32.00093 0.48 0 0 0 0 0 0 0 0 0
2000040000000000 0000000000000000 bits42_61 0 0 64 32.00136 0.69 0 0 0 0 0 0 0 0 0
4000040000000000 0000000000000000 bits42_62 0 0 55 32.00074 0.38 0 0 0 0 0 0 0 0 0
8000040000000000 0000000000000000 bits42_63 0 0 82 31.99994 -0.03 0 0 0 0 0 0 0 0 0
0000040000000000 0000000000000001 bits42_64 0 0 71 31.99847 -0.78 0 0 0 0 0 0 0 0 0
0000040000000000 0000000000000002 bits42_65 0 0 69 32.00180 0.92 0 0 0 0 0 0 0 0 0
0000040000000000 0000000000000004 bits42_66 0 0 65 31.99931 -0.35 0 0 0 0 0 0 0 0 0
0000040000000000 0000000000000008 bits42_67 0 0 60 31.99881 -0.61 0 0 0 0 0 0 0 0 0
0000040000000000 0000000000000010 bits42_68 0 0 59 32.00054 0.27 0 0 0 0 0 0 0 0 0
0000040000000000 0000000000000020 bits42_69 0 0 64 31.99987 -0.07 0 0 0 0 0 0 0 0 0
0000040000000000 0000000000000040 bits42_70 0 0 76 31.99816 -0.94 0 0 0 0 0 0 0 0 0
0000040000000000 0000000000000080 bits42_71 0 0 69 31.99801 -1.02 0 0 0 0 0 0 0 0 0
0000040000000000 0000000000000100 bits42_72 0 0 67 32.00244 1.25 0 0 0 0 0 0 0 0 0
0000040000000000 0000000000000200 bits42_73 0 0 76 32.00001 0.01 0 0 0 0 0 0 0 0 0
0000040000000000 0000000000000400 bits42_74 0 0 62 31.99839 -0.83 0 0 0 0 0 0 0 0 0
0000040000000000 0000000000000800 bits42_75 0 0 73 32.00078 0.40 0 0 0 0 0 0 0 0 0
0000040000000000 0000000000001000 bits42_76 0 0 58 32.00063 0.32 0 0 0 0 0 0 0 0 0
0000040000000000 0000000000002000 bits42_77 0 0 70 31.99951 -0.25 0 0 0 0 0 0 0 0 0
0000040000000000 0000000000004000 bits42_78 0 0 55 31.99997 -0.02 0 0 0 0 0 0 0 0 0
0000040000000000 0000000000008000 bits42_79 0 0 67 31.99895 -0.54 0 0 0 0 0 0 0 0 0
0000040000000000 0000000000010000 bits42_80 0 0 61 31.99728 -1.39 0 0 0 0 0 0 0 0 0
0000040000000000 0000000000020000 bits42_81 0 0 63 32.00069 0.35 0 0 0 0 0 0 0 0 0
0000040000000000 0000000000040000 bits42_82 0 0 63 31.99787 -1.09 0 0 0 0 0 0 0 0 0
0000040000000000 0000000000080000 bits42_83 0 0 50 31.99799 -1.03 0 0 0 0 0 0 0 0 0
0000040000000000 0000000000100000 bits42_84 0 0 65 32.00060 0.31 0 0 0 0 0 0 0 0 0
0000040000000000 0000000000200000 bits42_85 0 0 53 32.00008 0.04 0 0 0 0 0 0 0 0 0
0000040000000000 0000000000400000 bits42_86 0 0 56 32.00069 0.35 0 0 0 0 0 0 0 0 0
0000040000000000 0000000000800000 bits42_87 0 0 74 31.99743 -1.32 0 0 0 0 0 0 0 0 0
0000040000000000 0000000001000000 bits42_88 0 0 65 31.99819 -0.93 0 0 0 0 0 0 0 0 0
0000040000000000 0000000002000000 bits42_89 0 0 61 32.00104 0.53 0 0 0 0 0 0 0 0 0
0000040000000000 0000000004000000 bits42_90 0 0 67 31.99707 -1.50 0 0 0 0 0 0 0 0 0
0000040000000000 0000000008000000 bits42_91 0 0 65 32.00072 0.37 0 0 0 0 0 0 0 0 0
0000040000000000 0000000010000000 bits42_92 0 0 55 32.00182 0.93 0 0 0 0 0 0 0 0 0
0000040000000000 0000000020000000 bits42_93 0 0 63 31.99697 -1.55 0 0 0 0 0 0 0 0 0
0000040000000000 0000000040000000 bits42_94 0 0 69 32.00063 0.32 0 0 0 0 0 0 0 0 0
0000040000000000 0000000080000000 bits42_95 0 0 74 31.99981 -0.10 0 0 0 0 0 0 0 0 0
0000040000000000 0000000100000000 bits42_96 0 0 72 32.00148 0.76 0 0 0 0 0 0 0 0 0
0000040000000000 0000000200000000 bits42_97 0 0 67 31.99874 -0.64 0 0 0 0 0 0 0 0 0
0000040000000000 0000000400000000 bits42_98 0 0 65 31.99701 -1.53 0 0 0 0 0 0 0 0 0
0000040000000000 0000000800000000 bits42_99 0 0 53 31.99980 -0.10 0 0 0 0 0 0 0 0 0
0000040000000000 0000001000000000 bits42_100 0 0 56 32.00097 0.50 0 0 0 0 0 0 0 0 0
0000040000000000 0000002000000000 bits42_101 0 0 65 31.99915 -0.43 0 0 0 0 0 0 0 0 0
0000040000000000 0000004000000000 bits42_102 0 0 61 32.00297 1.52 0 0 0 0 0 0 0 0 0
0000040000000000 0000008000000000 bits42_103 0 0 70 32.00084 0.43 0 0 0 0 0 0 0 0 0
0000040000000000 0000010000000000 bits42_104 0 0 64 31.99956 -0.22 0 0 0 0 0 0 0 0 0
0000040000000000 0000020000000000 bits42_105 0 0 67 32.00016 0.08 0 0 0 0 0 0 0 0 0
0000040000000000 0000040000000000 bits42_106 0 0 73 31.99891 -0.56 0 0 0 0 0 0 0 0 0
0000040000000000 0000080000000000 bits42_107 0 0 75 31.99967 -0.17 0 0 0 0 0 0 0 0 0
0000040000000000 0000100000000000 bits42_108 0 0 65 32.00031 0.16 0 0 0 0 0 0 0 0 0
0000040000000000 0000200000000000 bits42_109 0 0 76 32.00142 0.73 0 0 0 0 0 0 0 0 0
0000040000000000 0000400000000000 bits42_110 0 0 64 32.00080 0.41 0 0 0 0 0 0 0 0 0
0000040000000000 0000800000000000 bits42_111 0 0 57 32.00322 1.65 0 0 0 0 0 0 0 0 0
0000040000000000 0001000000000000 bits42_112 0 0 66 31.99862 -0.71 0 0 0 0 0 0 0 0 0
0000040000000000 0002000000000000 bits42_113 0 0 73 31.99826 -0.89 0 0 0 0 0 0 0 0 0
0000040000000000 0004000000000000 bits42_114 0 0 79 31.99952 -0.25 0 0 0 0 0 0 0 0 0
0000040000000000 0008000000000000 bits42_115 0 0 59 31.99997 -0.02 0 0 0 0 0 0 0 0 0
0000040000000000 0010000000000000 bits42_116 0 0 62 32.00114 0.58 0 0 0 0 0 0 0 0 0
0000040000000000 0020000000000000 bits42_117 0 0 61 32.00125 0.64 0 0 0 0 0 0 0 0 0
0000040000000000 0040000000000000 bits42_118 0 0 49 31.99892 -0.55 0 0 0 0 0 0 0 0 0
0000040000000000 0080000000000000 bits42_119 0 0 67 32.00112 0.57 0 0 0 0 0 0 0 0 0
0000040000000000 0100000000000000 bits42_120 0 0 71 31.99940 -0.31 0 0 0 0 0 0 0 0 0
0000040000000000 0200000000000000 bits42_121 0 0 60 32.00049 0.25 0 0 0 0 0 0 0 0 0
0000040000000000 0400000000000000 bits42_122 0 0 85 31.99785 -1.10 0 0 0 0 0 0 0 0 0
0000040000000000 0800000000000000 bits42_123 0 0 61 32.00211 1.08 0 0 0 0 0 0 0 0 0
0000040000000000 1000000000000000 bits42_124 0 0 78 32.00137 0.70 0 0 0 0 0 0 0 0 0
0000040000000000 2000000000000000 bits42_125 0 0 55 32.00034 0.17 0 0 0 0 0 0 0 0 0
0000040000000000 4000000000000000 bits42_126 0 0 66 32.00165 0.84 0 0 0 0 0 0 0 0 0
0000040000000000 8000000000000000 bits42_127 0 0 73 32.00101 0.52 0 0 0 0 0 0 0 0 0
0000180000000000 0000000000000000 bits43_44 0 0 61 32.00276 1.41 0 0 0 0 0 0 0 0 0
0000280000000000 0000000000000000 bits43_45 0 0 69 31.99806 -1.00 0 0 0 0 0 0 0 0 0
0000480000000000 0000000000000000 bits43_46 0 0 61 32.00008 0.04 0 0 0 0 0 0 0 0 0
0000880000000000 0000000000000000 bits43_47 0 0 58 32.00437 2.24 0 0 0 0 0 0 0 0 0
0001080000000000 0000000000000000 bits43_48 0 0 62 31.99786 -1.10 0 0 0 0 0 0 0 0 0
0002080000000000 0000000000000000 bits43_49 0 0 66 32.00107 0.55 0 0 0 0 0 0 0 0 0
0004080000000000 0000000000000000 bits43_50 0 0 57 32.00010 0.05 0 0 0 0 0 0 0 0 0
0008080000000000 0000000000000000 bits43_51 0 0 69 31.99893 -0.55 0 0 0 0 0 0 0 0 0
0010080000000000 0000000000000000 bits43_52 0 0 56 31.99642 -1.83 0 0 0 0 0 0 0 0 0
0020080000000000 0000000000000000 bits43_53 0 0 66 31.99932 -0.35 0 0 0 0 0 0 0 0 0
0040080000000000 0000000000000000 bits43_54 0 0 57 32.00106 0.54 0 0 0 0 0 0 0 0 0
0080080000000000 0000000000000000 bits43_55 0 0 63 32.00149 0.76 0 0 0 0 0 0 0 0 0
0100080000000000 0000000000000000 bits43_56 0 0 60 31.99862 -0.71 0 0 0 0 0 0 0 0 0
0200080000000000 0000000000000000 bits43_57 0 0 62 31.99732 -1.37 0 0 0 0 0 0 0 0 0
0400080000000000 0000000000000000 bits43_58 0 0 69 32.00185 0.95 0 0 0 0 0 0 0 0 0
0800080000000000 0000000000000000 bits43_59 0 0 58 32.00079 0.40 0 0 0 0 0 0 0 0 0
1000080000000000 0000000000000000 bits43_60 0 0 59 31.99741 -1.33 0 0 0 0 0 0 0 0 0
2000080000000000 0000000000000000 bits43_61 0 0 68 31.99883 -0.60 0 0 0 0 0 0 0 0 0
4000080000000000 0000000000000000 bits43_62 0 0 66 32.00028 0.14 0 0 0 0 0 0 0 0 0
8000080000000000 0000000000000000 bits43_63 0 0 71 31.99653 -1.78 0 0 0 0 0 0 0 0 0
0000080000000000 0000000000000001 bits43_64 0 0 53 32.00069 0.35 0 0 0 0 0 0 0 0 0
0000080000000000 0000000000000002 bits43_65 0 0 72 31.99648 -1.80 0 0 0 0 0 0 0 0 0
0000080000000000 0000000000000004 bits43_66 0 0 69 32.00064 0.33 0 0 0 0 0 0 0 0 0
0000080000000000 0000000000000008 bits43_67 0 0 63 31.99860 -0.72 0 0 0 0 0 0 0 0 0
0000080000000000 0000000000000010 bits43_68 0 0 55 32.00072 0.37 0 0 0 0 0 0 0 0 0
0000080000000000 0000000000000020 bits43_69 0 0 68 32.00024 0.12 0 0 0 0 0 0 0 0 0
0000080000000000 0000000000000040 bits43_70 0 0 67 32.00159 0.81 0 0 0 0 0 0 0 0 0
0000080000000000 0000000000000080 bits43_71 0 0 69 31.99520 -2.46 0 0 0 0 0 0 0 0 0
0000080000000000 0000000000000100 bits43_72 0 0 71 31.99886 -0.58 0 0 0 0 0 0 0 0 0
0000080000000000 0000000000000200 bits43_73 0 0 54 32.00190 0.97 0 0 0 0 0 0 0 0 0
0000080000000000 0000000000000400 bits43_74 0 0 62 32.00243 1.24 0 0 0 0 0 0 0 0 0
0000080000000000 0000000000000800 bits43_75 0 0 59 31.99834 -0.85 0 0 0 0 0 0 0 0 0
0000080000000000 0000000000001000 bits43_76 0 0 67 31.99982 -0.09 0 0 0 0 0 0 0 0 0
0000080000000000 0000000000002000 bits43_77 0 0 55 31.99925 -0.39 0 0 0 0 0 0 0 0 0
0000080000000000 0000000000004000 bits43_78 0 0 55 31.99896 -0.53 0 0 0 0 0 0 0 0 0
0000080000000000 0000000000008000 bits43_79 0 0 66 32.00076 0.39 0 0 0 0 0 0 0 0 0
0000080000000000 0000000000010000 bits43_80 0 0 60 32.00029 0.15 0 0 0 0 0 0 0 0 0
0000080000000000 0000000000020000 bits43_81 0 0 60 31.99970 -0.15 0 0 0 0 0 0 0 0 0
0000080000000000 0000000000040000 bits43_82 0 0 68 31.99794 -1.06 0 0 0 0 0 0 0 0 0
0000080000000000 0000000000080000 bits43_83 0 0 58 31.99840 -0.82 0 0 0 0 0 0 0 0 0
0000080000000000 0000000000100000 bits43_84 0 0 63 32.00242 1.24 0 0 0 0 0 0 0 0 0
0000080000000000 0000000000200000 bits43_85 0 0 74 31.99923 -0.39 0 0 0 0 0 0 0 0 0
0000080000000000 0000000000400000 bits43_86 0 0 67 32.00032 0.16 0 0 0 0 0 0 0 0 0
0000080000000000 0000000000800000 bits43_87 0 0 56 31.99896 -0.53 0 0 0 0 0 0 0 0 0
0000080000000000 0000000001000000 bits43_88 0 0 77 31.99947 -0.27 0 0 0 0 0 0 0 0 0
0000080000000000 0000000002000000 bits43_89 0 0 52 32.00082 0.42 0 0 0 0 0 0 0 0 0
0000080000000000 0000000004000000 bits43_90 0 0 66 31.99788 -1.09 0 0 0 0 0 0 0 0 0
0000080000000000 0000000008000000 bits43_91 0 0 63 32.00037 0.19 0 0 0 0 0 0 0 0 0
0000080000000000 0000000010000000 bits43_92 0 0 60 31.99694 -1.57 0 0 0 0 0 0 0 0 0
0000080000000000 0000000020000000 bits43_93 0 0 65 32.00022 0.11 0 0 0 0 0 0 0 0 0
0000080000000000 0000000040000000 bits43_94 0 0 59 31.99964 -0.18 0 0 0 0 0 0 0 0 0
0000080000000000 0000000080000000 bits43_95 0 0 67 32.00106 0.54 0 0 0 0 0 0 0 0 0
0000080000000000 0000000100000000 bits43_96 0 0 60 31.99627 -1.91 0 0 0 0 0 0 0 0 0
0000080000000000 0000000200000000 bits43_97 0 0 78 32.00024 0.13 0 0 0 0 0 0 0 0 0
0000080000000000 0000000400000000 bits43_98 0 0 66 32.00191 0.98 0 0 0 0 0 0 0 0 0
0000080000000000 0000000800000000 bits43_99 0 0 59 31.99911 -0.45 0 0 0 0 0 0 0 0 0
0000080000000000 0000001000000000 bits43_100 0 0 62 32.00049 0.25 0 0 0 0 0 0 0 0 0
0000080000000000 0000002000000000 bits43_101 0 0 68 32.00108 0.56 0 0 0 0 0 0 0 0 0
0000080000000000 0000004000000000 bits43_102 0 0 55 31.99892 -0.55 0 0 0 0 0 0 0 0 0
0000080000000000 0000008000000000 bits43_103 0 0 54 31.99795 -1.05 0 0 0 0 0 0 0 0 0
0000080000000000 0000010000000000 bits43_104 0 0 60 31.99863 -0.70 0 0 0 0 0 0 0 0 0
0000080000000000 0000020000000000 bits43_105 0 0 61 31.99971 -0.15 0 0 0 0 0 0 0 0 0
0000080000000000 0000040000000000 bits43_106 0 0 65 32.00187 0.96 0 0 0 0 0 0 0 0 0
0000080000000000 0000080000000000 bits43_107 0 0 65 31.99863 -0.70 0 0 0 0 0 0 0 0 0
0000080000000000 0000100000000000 bits43_108 0 0 66 32.00115 0.59 0 0 0 0 0 0 0 0 0
0000080000000000 0000200000000000 bits43_109 0 0 50 32.00213 1.09 0 0 0 0 0 0 0 0 0
0000080000000000 0000400000000000 bits43_110 0 0 71 32.00182 0.93 0 0 0 0 0 0 0 0 0
0000080000000000 0000800000000000 bits43_111 0 0 67 31.99736 -1.35 0 0 0 0 0 0 0 0 0
0000080000000000 0001000000000000 bits43_112 0 0 61 31.99985 -0.08 0 0 0 0 0 0 0 0 0
0000080000000000 0002000000000000 bits43_113 0 0 60 31.99569 -2.21 0 0 0 0 0 0 0 0 0
0000080000000000 0004000000000000 bits43_114 0 0 59 31.99899 -0.52 0 0 0 0 0 0 0 0 0
0000080000000000 0008000000000000 bits43_115 0 0 62 32.00023 0.12 0 0 0 0 0 0 0 0 0
0000080000000000 0010000000000000 bits43_116 0 0 62 32.00059 0.30 0 0 0 0 0 0 0 0 0
0000080000000000 0020000000000000 bits43_117 0 0 68 32.00102 0.52 0 0 0 0 0 0 0 0 0
0000080000000000 0040000000000000 bits43_118 0 0 55 31.99944 -0.29 0 0 0 0 0 0 0 0 0
0000080000000000 0080000000000000 bits43_119 0 0 73 31.99950 -0.26 0 0 0 0 0 0 0 0 0
0000080000000000 0100000000000000 bits43_120 0 0 67 32.00189 0.97 0 0 0 0 0 0 0 0 0
0000080000000000 0200000000000000 bits43_121 0 0 52 32.00101 0.52 0 0 0 0 0 0 0 0 0
0000080000000000 0400000000000000 bits43_122 0 0 85 31.99863 -0.70 0 0 0 0 0 0 0 0 0
0000080000000000 0800000000000000 bits43_123 0 0 62 31.99701 -1.53 0 0 0 0 0 0 0 0 0
0000080000000000 1000000000000000 bits43_124 0 0 67 31.99545 -2.33 0 0 0 0 0 0 0 0 0
0000080000000000 2000000000000000 bits43_125 0 0 70 32.00201 1.03 0 0 0 0 0 0 0 0 0
0000080000000000 4000000000000000 bits43_126 0 0 59 31.99923 -0.39 0 0 0 0 0 0 0 0 0
0000080000000000 8000000000000000 bits43_127 0 0 67 32.00041 0.21 0 0 0 0 0 0 0 0 0
0000300000000000 0000000000000000 bits44_45 0 0 71 31.99915 -0.44 0 0 0 0 0 0 0 0 0
0000500000000000 0000000000000000 bits44_46 0 0 61 32.00130 0.67 0 0 0 0 0 0 0 0 0
0000900000000000 0000000000000000 bits44_47 0 0 58 31.99752 -1.27 0 0 0 0 0 0 0 0 0
0001100000000000 0000000000000000 bits44_48 0 0 65 31.99971 -0.15 0 0 0 0 0 0 0 0 0
0002100000000000 0000000000000000 bits44_49 0 0 64 31.99859 -0.72 0 0 0 0 0 0 0 0 0
0004100000000000 0000000000000000 bits44_50 0 0 61 31.99905 -0.49 0 0 0 0 0 0 0 0 0
0008100000000000 0000000000000000 bits44_51 0 0 73 31.99914 -0.44 0 0 0 0 0 0 0 0 0
0010100000000000 0000000000000000 bits44_52 0 0 57 32.00006 0.03 0 0 0 0 0 0 0 0 0
0020100000000000 0000000000000000 bits44_53 0 0 58 31.99825 -0.90 0 0 0 0 0 0 0 0 0
0040100000000000 0000000000000000 bits44_54 0 0 75 32.00086 0.44 0 0 0 0 0 0 0 0 0
0080100000000000 0000000000000000 bits44_55 0 0 77 31.99746 -1.30 0 0 0 0 0 0 0 0 0
0100100000000000 0000000000000000 bits44_56 0 0 70 32.00134 0.69 0 0 0 0 0 0 0 0 0
0200100000000000 0000000000000000 bits44_57 0 0 54 32.00028 0.14 0 0 0 0 0 0 0 0 0
0400100000000000 0000000000000000 bits44_58 0 0 72 31.99989 -0.05 0 0 0 0 0 0 0 0 0
0800100000000000 0000000000000000 bits44_59 0 0 67 31.99823 -0.90 0 0 0 0 0 0 0 0 0
1000100000000000 0000000000000000 bits44_60 0 0 70 31.99618 -1.96 0 0 0 0 0 0 0 0 0
2000100000000000 0000000000000000 bits44_61 0 0 56 32.00089 0.46 0 0 0 0 0 0 0 0 0
4000100000000000 0000000000000000 bits44_62 0 0 70 32.00051 0.26 0 0 0 0 0 0 0 0 0
8000100000000000 0000000000000000 bits44_63 0 0 71 31.99977 -0.12 0 0 0 0 0 0 0 0 0
0000100000000000 0000000000000001 bits44_64 0 0 48 32.00121 0.62 0 0 0 0 0 0 0 0 0
0000100000000000 0000000000000002 bits44_65 0 0 67 31.99887 -0.58 0 0 0 0 0 0 0 0 0
0000100000000000 0000000000000004 bits44_66 0 0 73 32.00166 0.85 0 0 0 0 0 0 0 0 0
0000100000000000 0000000000000008 bits44_67 0 0 53 32.00103 0.53 0 0 0 0 0 0 0 0 0
0000100000000000 0000000000000010 bits44_68 0 0 65 31.99475 -2.69 0 0 0 0 0 0 0 0 0
0000100000000000 0000000000000020 bits44_69 0 0 66 32.00187 0.96 0 0 0 0 0 0 0 0 0
0000100000000000 0000000000000040 bits44_70 0 0 62 31.99974 -0.13 0 0 0 0 0 0 0 0 0
0000100000000000 0000000000000080 bits44_71 0 0 75 32.00253 1.30 0 0 0 0 0 0 0 0 0
0000100000000000 0000000000000100 bits44_72 0 0 74 32.00193 0.99 0 0 0 0 0 0 0 0 0
0000100000000000 0000000000000200 bits44_73 0 0 61 32.00246 1.26 0 0 0 0 0 0 0 0 0
0000100000000000 0000000000000400 bits44_74 0 0 70 32.00305 1.56 0 0 0 0 0 0 0 0 0
0000100000000000 0000000000000800 bits44_75 0 0 74 32.00245 1.26 0 0 0 0 0 0 0 0 0
0000100000000000 0000000000001000 bits44_76 0 0 63 32.00218 1.11 0 0 0 0 0 0 0 0 0
0000100000000000 0000000000002000 bits44_77 0 0 66 31.99860 -0.72 0 0 0 0 0 0 0 0 0
0000100000000000 0000000000004000 bits44_78 0 0 75 32.00119 0.61 0 0 0 0 0 0 0 0 0
0000100000000000 0000000000008000 bits44_79 0 0 56 31.99746 -1.30 0 0 0 0 0 0 0 0 0
0000100000000000 0000000000010000 bits44_80 0 0 56 31.99992 -0.04 0 0 0 0 0 0 0 0 0
0000100000000000 0000000000020000 bits44_81 0 0 67 31.99804 -1.00 0 0 0 0 0 0 0 0 0
0000100000000000 0000000000040000 bits44_82 0 0 59 31.99564 -2.23 0 0 0 0 0 0 0 0 0
0000100000000000 0000000000080000 bits44_83 0 0 65 31.99781 -1.12 0 0 0 0 0 0 0 0 0
0000100000000000 0000000000100000 bits44_84 0 0 55 31.99772 -1.17 0 0 0 0 0 0 0 0 0
0000100000000000 0000000000200000 bits44_85 0 0 66 32.00521 2.67 0 0 0 0 0 0 0 0 0
0000100000000000 0000000000400000 bits44_86 0 0 82 32.00097 0.50 0 0 0 0 0 0 0 0 0
0000100000000000 0000000000800000 bits44_87 0 0 72 31.99991 -0.05 0 0 0 0 0 0 0 0 0
0000100000000000 0000000001000000 bits44_88 0 0 72 31.99699 -1.54 0 0 0 0 0 0 0 0 0
0000100000000000 0000000002000000 bits44_89 0 0 53 32.00121 0.62 0 0 0 0 0 0 0 0 0
0000100000000000 0000000004000000 bits44_90 0 0 59 32.00165 0.84 0 0 0 0 0 0 0 0 0
0000100000000000 0000000008000000 bits44_91 0 0 68 31.99967 -0.17 0 0 0 0 0 0 0 0 0
0000100000000000 0000000010000000 bits44_92 0 0 56 32.00108 0.55 0 0 0 0 0 0 0 0 0
0000100000000000 0000000020000000 bits44_93 0 0 56 31.99888 -0.57 0 0 0 0 0 0 0 0 0
0000100000000000 0000000040000000 bits44_94 0 0 69 31.99920 -0.41 0 0 0 0 0 0 0 0 0
0000100000000000 0000000080000000 bits44_95 0 0 67 32.00142 0.73 0 0 0 0 0 0 0 0 0
0000100000000000 0000000100000000 bits44_96 0 0 77 31.99851 -0.76 0 0 0 0 0 0 0 0 0
0000100000000000 0000000200000000 bits44_97 0 0 71 31.99962 -0.19 0 0 0 0 0 0 0 0 0
0000100000000000 0000000400000000 bits44_98 0 0 62 32.00028 0.14 0 0 0 0 0 0 0 0 0
0000100000000000 0000000800000000 bits44_99 0 0 67 31.99831 -0.87 0 0 0 0 0 0 0 0 0
0000100000000000 0000001000000000 bits44_100 0 0 51 32.00069 0.36 0 0 0 0 0 0 0 0 0
0000100000000000 0000002000000000 bits44_101 0 0 66 32.00093 0.47 0 0 0 0 0 0 0 0 0
0000100000000000 0000004000000000 bits44_102 0 0 54 32.00028 0.14 0 0 0 0 0 0 0 0 0
0000100000000000 0000008000000000 bits44_103 0 0 66 32.00031 0.16 0 0 0 0 0 0 0 0 0
0000100000000000 0000010000000000 bits44_104 0 0 59 31.99628 -1.90 0 0 0 0 0 0 0 0 0
0000100000000000 0000020000000000 bits44_105 0 0 73 32.00450 2.30 0 0 0 0 0 0 0 0 0
0000100000000000 0000040000000000 bits44_106 0 0 67 31.99966 -0.17 0 0 0 0 0 0 0 0 0
0000100000000000 0000080000000000 bits44_107 0 0 62 32.00096 0.49 0 0 0 0 0 0 0 0 0
0000100000000000 0000100000000000 bits44_108 0 0 73 31.99474 -2.69 0 0 0 0 0 0 0 0 0
0000100000000000 0000200000000000 bits44_109 0 0 64 31.99740 -1.33 0 0 0 0 0 0 0 0 0
0000100000000000 0000400000000000 bits44_110 0 0 50 32.00180 0.92 0 0 0 0 0 0 0 0 0
0000100000000000 0000800000000000 bits44_111 0 0 59 32.00217 1.11 0 0 0 0 0 0 0 0 0
0000100000000000 0001000000000000 bits44_112 0 0 53 32.00001 0.00 0 0 0 0 0 0 0 0 0
0000100000000000 0002000000000000 bits44_113 0 0 77 31.99991 -0.05 0 0 0 0 0 0 0 0 0
0000100000000000 0004000000000000 bits44_114 0 0 62 32.00120 0.61 0 0 0 0 0 0 0 0 0
0000100000000000 0008000000000000 bits44_115 0 0 57 32.00033 0.17 0 0 0 0 0 0 0 0 0
0000100000000000 0010000000000000 bits44_116 0 0 68 31.99956 -0.23 0 0 0 0 0 0 0 0 0
0000100000000000 0020000000000000 bits44_117 0 0 46 31.99707 -1.50 0 0 0 0 0 0 0 0 0
0000100000000000 0040000000000000 bits44_118 0 0 56 31.99836 -0.84 0 0 0 0 0 0 0 0 0
0000100000000000 0080000000000000 bits44_119 0 0 69 31.99781 -1.12 0 0 0 0 0 0 0 0 0
0000100000000000 0100000000000000 bits44_120 0 0 72 31.99531 -2.40 0 0 0 0 0 0 0 0 0
0000100000000000 0200000000000000 bits44_121 0 0 71 32.00375 1.92 0 0 0 0 0 0 0 0 0
0000100000000000 0400000000000000 bits44_122 0 0 51 31.99987 -0.07 0 0 0 0 0 0 0 0 0
0000100000000000 0800000000000000 bits44_123 0 0 64 32.00148 0.76 0 0 0 0 0 0 0 0 0
0000100000000000 1000000000000000 bits44_124 0 0 63 31.99871 -0.66 0 0 0 0 0 0 0 0 0
0000100000000000 2000000000000000 bits44_125 0 0 63 31.99855 -0.74 0 0 0 0 0 0 0 0 0
0000100000000000 4000000000000000 bits44_126 0 0 68 32.00232 1.19 0 0 0 0 0 0 0 0 0
0000100000000000 8000000000000000 bits44_127 0 0 69 31.99825 -0.90 0 0 0 0 0 0 0 0 0
0000600000000000 0000000000000000 bits45_46 0 0 60 32.00176 0.90 0 0 0 0 0 0 0 0 0
0000a00000000000 0000000000000000 bits45_47 0 0 58 32.00078 0.40 0 0 0 0 0 0 0 0 0
0001200000000000 0000000000000000 bits45_48 0 0 72 32.00142 0.73 0 0 0 0 0 0 0 0 0
0002200000000000 0000000000000000 bits45_49 0 0 63 32.00176 0.90 0 0 0 0 0 0 0 0 0
0004200000000000 0000000000000000 bits45_50 0 0 65 32.00380 1.95 0 0 0 0 0 0 0 0 0
0008200000000000 0000000000000000 bits45_51 0 0 64 32.00067 0.35 0 0 0 0 0 0 0 0 0
0010200000000000 0000000000000000 bits45_52 0 0 64 32.00178 0.91 0 0 0 0 0 0 0 0 0
0020200000000000 0000000000000000 bits45_53 0 0 59 31.99899 -0.52 0 0 0 0 0 0 0 0 0
0040200000000000 0000000000000000 bits45_54 0 0 79 32.00274 1.40 0 0 0 0 0 0 0 0 0
0080200000000000 0000000000000000 bits45_55 0 0 60 31.99945 -0.28 0 0 0 0 0 0 0 0 0
0100200000000000 0000000000000000 bits45_56 0 0 56 31.99992 -0.04 0 0 0 0 0 0 0 0 0
0200200000000000 0000000000000000 bits45_57 0 0 71 31.99958 -0.22 0 0 0 0 0 0 0 0 0
0400200000000000 0000000000000000 bits45_58 0 0 61 31.99935 -0.33 0 0 0 0 0 0 0 0 0
0800200000000000 0000000000000000 bits45_59 0 0 65 32.00029 0.15 0 0 0 0 0 0 0 0 0
1000200000000000 0000000000000000 bits45_60 0 0 64 31.99780 -1.13 0 0 0 0 0 0 0 0 0
2000200000000000 0000000000000000 bits45_61 0 0 66 31.99774 -1.16 0 0 0 0 0 0 0 0 0
4000200000000000 0000000000000000 bits45_62 0 0 48 32.00002 0.01 0 0 0 0 0 0 0 0 0
8000200000000000 0000000000000000 bits45_63 0 0 59 31.99896 -0.53 0 0 0 0 0 0 0 0 0
0000200000000000 0000000000000001 bits45_64 0 0 42 32.00463 2.37 0 0 0 0 0 0 0 0 0
0000200000000000 0000000000000002 bits45_65 0 0 53 32.00002 0.01 0 0 0 0 0 0 0 0 0
0000200000000000 0000000000000004 bits45_66 0 0 58 31.99982 -0.09 0 0 0 0 0 0 0 0 0
0000200000000000 0000000000000008 bits45_67 0 0 76 31.99973 -0.14 0 0 0 0 0 0 0 0 0
0000200000000000 0000000000000010 bits45_68 0 0 68 31.99620 -1.94 0 0 0 0 0 0 0 0 0
0000200000000000 0000000000000020 bits45_69 0 0 58 31.99853 -0.75 0 0 0 0 0 0 0 0 0
0000200000000000 0000000000000040 bits45_70 0 0 67 32.00059 0.30 0 0 0 0 0 0 0 0 0
0000200000000000 0000000000000080 bits45_71 0 0 55 31.99728 -1.39 0 0 0 0 0 0 0 0 0
0000200000000000 0000000000000100 bits45_72 0 0 66 32.00096 0.49 0 0 0 0 0 0 0 0 0
0000200000000000 0000000000000200 bits45_73 0 0 77 32.00434 2.22 0 0 0 0 0 0 0 0 0
0000200000000000 0000000000000400 bits45_74 0 0 60 32.00198 1.02 0 0 0 0 0 0 0 0 0
0000200000000000 0000000000000800 bits45_75 0 0 67 31.99656 -1.76 0 0 0 0 0 0 0 0 0
0000200000000000 0000000000001000 bits45_76 0 0 61 32.00140 0.71 0 0 0 0 0 0 0 0 0
0000200000000000 0000000000002000 bits45_77 0 0 59 32.00207 1.06 0 0 0 0 0 0 0 0 0
0000200000000000 0000000000004000 bits45_78 0 0 61 32.00058 0.30 0 0 0 0 0 0 0 0 0
0000200000000000 0000000000008000 bits45_79 0 0 69 31.99901 -0.51 0 0 0 0 0 0 0 0 0
0000200000000000 0000000000010000 bits45_80 0 0 59 32.00036 0.18 0 0 0 0 0 0 0 0 0
0000200000000000 0000000000020000 bits45_81 0 0 70 32.00172 0.88 0 0 0 0 0 0 0 0 0
0000200000000000 0000000000040000 bits45_82 0 0 62 32.00012 0.06 0 0 0 0 0 0 0 0 0
0000200000000000 0000000000080000 bits45_83 0 0 61 31.99983 -0.09 0 0 0 0 0 0 0 0 0
0000200000000000 0000000000100000 bits45_84 0 0 75 31.99734 -1.36 0 0 0 0 0 0 0 0 0
0000200000000000 0000000000200000 bits45_85 0 0 80 32.00334 1.71 0 0 0 0 0 0 0 0 0
0000200000000000 0000000000400000 bits45_86 0 0 57 31.99982 -0.09 0 0 0 0 0 0 0 0 0
0000200000000000 0000000000800000 bits45_87 0 0 72 31.99997 -0.01 0 0 0 0 0 0 0 0 0
0000200000000000 0000000001000000 bits45_88 0 0 66 31.99900 -0.51 0 0 0 0 0 0 0 0 0
0000200000000000 0000000002000000 bits45_89 0 0 66 32.00076 0.39 0 0 0 0 0 0 0 0 0
0000200000000000 0000000004000000 bits45_90 0 0 77 32.00000 0.00 0 0 0 0 0 0 0 0 0
0000200000000000 0000000008000000 bits45_91 0 0 63 32.00227 1.16 0 0 0 0 0 0 0 0 0
0000200000000000 0000000010000000 bits45_92 0 0 71 31.99876 -0.63 0 0 0 0 0 0 0 0 0
0000200000000000 0000000020000000 bits45_93 0 0 67 31.99791 -1.07 0 0 0 0 0 0 0 0 0
0000200000000000 0000000040000000 bits45_94 0 0 67 32.00197 1.01 0 0 0 0 0 0 0 0 0
0000200000000000 0000000080000000 bits45_95 0 0 65 31.99976 -0.12 0 0 0 0 0 0 0 0 0
0000200000000000 0000000100000000 bits45_96 0 0 54 32.00172 0.88 0 0 0 0 0 0 0 0 0
0000200000000000 0000000200000000 bits45_97 0 0 72 31.99964 -0.19 0 0 0 0 0 0 0 0 0
0000200000000000 0000000400000000 bits45_98 0 0 48 31.99868 -0.68 0 0 0 0 0 0 0 0 0
0000200000000000 0000000800000000 bits45_99 0 0 55 32.00005 0.02 0 0 0 0 0 0 0 0 0
0000200000000000 0000001000000000 bits45_100 0 0 65 31.99966 -0.17 0 0 0 0 0 0 0 0 0
0000200000000000 0000002000000000 bits45_101 0 0 65 31.99983 -0.09 0 0 0 0 0 0 0 0 0
0000200000000000 0000004000000000 bits45_102 0 0 59 32.00137 0.70 0 0 0 0 0 0 0 0 0
0000200000000000 0000008000000000 bits45_103 0 0 70 32.00149 0.77 0 0 0 0 0 0 0 0 0
0000200000000000 0000010000000000 bits45_104 0 0 65 31.99946 -0.27 0 0 0 0 0 0 0 0 0
0000200000000000 0000020000000000 bits45_105 0 0 50 32.00339 1.74 0 0 0 0 0 0 0 0 0
0000200000000000 0000040000000000 bits45_106 0 0 61 32.00046 0.24 0 0 0 0 0 0 0 0 0
0000200000000000 0000080000000000 bits45_107 0 0 71 32.00013 0.06 0 0 0 0 0 0 0 0 0
0000200000000000 0000100000000000 bits45_108 0 0 64 31.99945 -0.28 0 0 0 0 0 0 0 0 0
0000200000000000 0000200000000000 bits45_109 0 0 64 32.00329 1.68 0 0 0 0 0 0 0 0 0
0000200000000000 0000400000000000 bits45_110 0 0 53 32.00202 1.03 0 0 0 0 0 0 0 0 0
0000200000000000 0000800000000000 bits45_111 0 0 80 32.00228 1.17 0 0 0 0 0 0 0 0 0
0000200000000000 0001000000000000 bits45_112 0 0 56 32.00233 1.19 0 0 0 0 0 0 0 0 0
0000200000000000 0002000000000000 bits45_113 0 0 71 31.99903 -0.50 0 0 0 0 0 0 0 0 0
0000200000000000 0004000000000000 bits45_114 0 0 63 31.99977 -0.12 0 0 0 0 0 0 0 0 0
0000200000000000 0008000000000000 bits45_115 0 0 46 32.00060 0.31 0 0 0 0 0 0 0 0 0
0000200000000000 0010000000000000 bits45_116 0 0 71 32.00405 2.07 0 0 0 0 0 0 0 0 0
0000200000000000 0020000000000000 bits45_117 0 0 61 31.99944 -0.29 0 0 0 0 0 0 0 0 0
0000200000000000 0040000000000000 bits45_118 0 0 59 31.99973 -0.14 0 0 0 0 0 0 0 0 0
0000200000000000 0080000000000000 bits45_119 0 0 50 31.99947 -0.27 0 0 0 0 0 0 0 0 0
0000200000000000 0100000000000000 bits45_120 0 0 58 32.00010 0.05 0 0 0 0 0 0 0 0 0
0000200000000000 0200000000000000 bits45_121 0 0 66 32.00258 1.32 0 0 0 0 0 0 0 0 0
0000200000000000 0400000000000000 bits45_122 0 0 63 31.99931 -0.35 0 0 0 0 0 0 0 0 0
0000200000000000 0800000000000000 bits45_123 0 0 60 32.00155 0.79 0 0 0 0 0 0 0 0 0
0000200000000000 1000000000000000 bits45_124 0 0 69 31.99998 -0.01 0 0 0 0 0 0 0 0 0
0000200000000000 2000000000000000 bits45_125 0 0 73 32.00034 0.17 0 0 0 0 0 0 0 0 0
0000200000000000 4000000000000000 bits45_126 0 0 68 31.99912 -0.45 0 0 0 0 0 0 0 0 0
0000200000000000 8000000000000000 bits45_127 0 0 68 32.00170 0.87 0 0 0 0 0 0 0 0 0
0000c00000000000 0000000000000000 bits46_47 0 0 64 31.99970 -0.15 0 0 0 0 0 0 0 0 0
0001400000000000 0000000000000000 bits46_48 0 0 69 32.00149 0.76 0 0 0 0 0 0 0 0 0
0002400000000000 0000000000000000 bits46_49 0 0 46 32.00140 0.72 0 0 0 0 0 0 0 0 0
0004400000000000 0000000000000000 bits46_50 0 0 68 31.99740 -1.33 0 0 0 0 0 0 0 0 0
0008400000000000 0000000000000000 bits46_51 0 0 67 31.99972 -0.14 0 0 0 0 0 0 0 0 0
0010400000000000 0000000000000000 bits46_52 0 0 60 31.99852 -0.76 0 0 0 0 0 0 0 0 0
0020400000000000 0000000000000000 bits46_53 0 0 50 31.99957 -0.22 0 0 0 0 0 0 0 0 0
0040400000000000 0000000000000000 bits46_54 0 0 63 32.00226 1.16 0 0 0 0 0 0 0 0 0
0080400000000000 0000000000000000 bits46_55 0 0 55 31.99628 -1.91 0 0 0 0 0 0 0 0 0
0100400000000000 0000000000000000 bits46_56 0 0 57 31.99997 -0.01 0 0 0 0 0 0 0 0 0
0200400000000000 0000000000000000 bits46_57 0 0 62 32.00152 0.78 0 0 0 0 0 0 0 0 0
0400400000000000 0000000000000000 bits46_58 0 0 69 32.00243 1.24 0 0 0 0 0 0 0 0 0
0800400000000000 0000000000000000 bits46_59 0 0 62 31.99833 -0.85 0 0 0 0 0 0 0 0 0
1000400000000000 0000000000000000 bits46_60 0 0 80 32.00087 0.44 0 0 0 0 0 0 0 0 0
2000400000000000 0000000000000000 bits46_61 0 0 73 32.00018 0.09 0 0 0 0 0 0 0 0 0
4000400000000000 0000000000000000 bits46_62 0 0 69 32.00068 0.35 0 0 0 0 0 0 0 0 0
8000400000000000 0000000000000000 bits46_63 0 0 75 31.99782 -1.12 0 0 0 0 0 0 0 0 0
0000400000000000 0000000000000001 bits46_64 0 0 69 32.00037 0.19 0 0 0 0 0 0 0 0 0
0000400000000000 0000000000000002 bits46_65 0 0 61 31.99844 -0.80 0 0 0 0 0 0 0 0 0
0000400000000000 0000000000000004 bits46_66 0 0 61 31.99585 -2.12 0 0 0 0 0 0 0 0 0
0000400000000000 0000000000000008 bits46_67 0 0 65 32.00100 0.51 0 0 0 0 0 0 0 0 0
0000400000000000 0000000000000010 bits46_68 0 0 63 31.99921 -0.40 0 0 0 0 0 0 0 0 0
0000400000000000 0000000000000020 bits46_69 0 0 61 32.00141 0.72 0 0 0 0 0 0 0 0 0
0000400000000000 0000000000000040 bits46_70 0 0 66 31.99929 -0.36 0 0 0 0 0 0 0 0 0
0000400000000000 0000000000000080 bits46_71 0 0 54 31.99767 -1.19 0 0 0 0 0 0 0 0 0
0000400000000000 0000000000000100 bits46_72 0 0 76 31.99897 -0.53 0 0 0 0 0 0 0 0 0
0000400000000000 0000000000000200 bits46_73 0 0 53 31.99921 -0.40 0 0 0 0 0 0 0 0 0
0000400000000000 0000000000000400 bits46_74 0 0 63 32.00074 0.38 0 0 0 0 0 0 0 0 0
0000400000000000 0000000000000800 bits46_75 0 0 56 32.00258 1.32 0 0 0 0 0 0 0 0 0
0000400000000000 0000000000001000 bits46_76 0 0 65 32.00048 0.24 0 0 0 0 0 0 0 0 0
0000400000000000 0000000000002000 bits46_77 0 0 59 32.00039 0.20 0 0 0 0 0 0 0 0 0
0000400000000000 0000000000004000 bits46_78 0 0 64 32.00397 2.03 0 0 0 0 0 0 0 0 0
0000400000000000 0000000000008000 bits46_79 0 0 69 31.99845 -0.79 0 0 0 0 0 0 0 0 0
0000400000000000 0000000000010000 bits46_80 0 0 61 31.99728 -1.39 0 0 0 0 0 0 0 0 0
0000400000000000 0000000000020000 bits46_81 0 0 60 32.00014 0.07 0 0 0 0 0 0 0 0 0
0000400000000000 0000000000040000 bits46_82 0 0 75 32.00077 0.39 0 0 0 0 0 0 0 0 0
0000400000000000 0000000000080000 bits46_83 0 0 60 32.00112 0.58 0 0 0 0 0 0 0 0 0
0000400000000000 0000000000100000 bits46_84 0 0 60 31.99719 -1.44 0 0 0 0 0 0 0 0 0
0000400000000000 0000000000200000 bits46_85 0 0 74 31.99642 -1.84 0 0 0 0 0 0 0 0 0
0000400000000000 0000000000400000 bits46_86 0 0 59 32.00099 0.51 0 0 0 0 0 0 0 0 0
0000400000000000 0000000000800000 bits46_87 0 0 64 31.99697 -1.55 0 0 0 0 0 0 0 0 0
0000400000000000 0000000001000000 bits46_88 0 0 71 32.00201 1.03 0 0 0 0 0 0 0 0 0
0000400000000000 0000000002000000 bits46_89 0 0 79 31.99584 -2.13 0 0 0 0 0 0 0 0 0
0000400000000000 0000000004000000 bits46_90 0 0 63 31.99814 -0.95 0 0 0 0 0 0 0 0 0
0000400000000000 0000000008000000 bits46_91 0 0 62 32.00001 0.00 0 0 0 0 0 0 0 0 0
0000400000000000 0000000010000000 bits46_92 0 0 58 32.00392 2.01 0 0 0 0 0 0 0 0 0
0000400000000000 0000000020000000 bits46_93 0 0 53 31.99898 -0.52 0 0 0 0 0 0 0 0 0
0000400000000000 0000000040000000 bits46_94 0 0 72 32.00044 0.23 0 0 0 0 0 0 0 0 0
0000400000000000 0000000080000000 bits46_95 0 0 70 31.99910 -0.46 0 0 0 0 0 0 0 0 0
0000400000000000 0000000100000000 bits46_96 0 0 60 31.99872 -0.66 0 0 0 0 0 0 0 0 0
0000400000000000 0000000200000000 bits46_97 0 0 60 31.99933 -0.34 0 0 0 0 0 0 0 0 0
0000400000000000 0000000400000000 bits46_98 0 0 61 32.00138 0.71 0 0 0 0 0 0 0 0 0
0000400000000000 0000000800000000 bits46_99 0 0 60 31.99856 -0.74 0 0 0 0 0 0 0 0 0
0000400000000000 0000001000000000 bits46_100 0 0 70 32.00003 0.02 0 0 0 0 0 0 0 0 0
0000400000000000 0000002000000000 bits46_101 0 0 69 32.00445 2.28 0 0 0 0 0 0 0 0 0
0000400000000000 0000004000000000 bits46_102 0 0 58 32.00445 2.28 0 0 0 0 0 0 0 0 0
0000400000000000 0000008000000000 bits46_103 0 0 52 32.00234 1.20 0 0 0 0 0 0 0 0 0
0000400000000000 0000010000000000 bits46_104 0 0 55 32.00043 0.22 0 0 0 0 0 0 0 0 0
0000400000000000 0000020000000000 bits46_105 0 0 57 32.00014 0.07 0 0 0 0 0 0 0 0 0
0000400000000000 0000040000000000 bits46_106 0 0 54 32.00060 0.30 0 0 0 0 0 0 0 0 0
0000400000000000 0000080000000000 bits46_107 0 0 48 31.99544 -2.33 0 0 0 0 0 0 0 0 0
0000400000000000 0000100000000000 bits46_108 0 0 61 31.99742 -1.32 0 0 0 0 0 0 0 0 0
0000400000000000 0000200000000000 bits46_109 0 0 66 32.00264 1.35 0 0 0 0 0 0 0 0 0
0000400000000000 0000400000000000 bits46_110 0 0 75 32.00137 0.70 0 0 0 0 0 0 0 0 0
0000400000000000 0000800000000000 bits46_111 0 0 70 31.99979 -0.11 0 0 0 0 0 0 0 0 0
0000400000000000 0001000000000000 bits46_112 0 0 81 32.00391 2.00 0 0 0 0 0 0 0 0 0
0000400000000000 0002000000000000 bits46_113 0 0 63 31.99726 -1.40 0 0 0 0 0 0 0 0 0
0000400000000000 0004000000000000 bits46_114 0 0 82 32.00253 1.30 0 0 0 0 0 0 0 0 0
0000400000000000 0008000000000000 bits46_115 0 0 61 31.99918 -0.42 0 0 0 0 0 0 0 0 0
0000400000000000 0010000000000000 bits46_116 0 0 73 31.99792 -1.07 0 0 0 0 0 0 0 0 0
0000400000000000 0020000000000000 bits46_117 0 0 67 31.99833 -0.85 0 0 0 0 0 0 0 0 0
0000400000000000 0040000000000000 bits46_118 0 0 69 32.00177 0.91 0 0 0 0 0 0 0 0 0
0000400000000000 0080000000000000 bits46_119 0 0 77 32.00105 0.54 0 0 0 0 0 0 0 0 0
0000400000000000 0100000000000000 bits46_120 0 0 63 32.00480 2.46 0 0 0 0 0 0 0 0 0
0000400000000000 0200000000000000 bits46_121 0 0 71 32.00150 0.77 0 0 0 0 0 0 0 0 0
0000400000000000 0400000000000000 bits46_122 0 0 71 32.00061 0.31 0 0 0 0 0 0 0 0 0
0000400000000000 0800000000000000 bits46_123 0 0 73 31.99902 -0.50 0 0 0 0 0 0 0 0 0
0000400000000000 1000000000000000 bits46_124 0 0 74 31.99970 -0.15 0 0 0 0 0 0 0 0 0
0000400000000000 2000000000000000 bits46_125 0 0 67 32.00232 1.19 0 0 0 0 0 0 0 0 0
0000400000000000 4000000000000000 bits46_126 0 0 57 32.00027 0.14 0 0 0 0 0 0 0 0 0
0000400000000000 8000000000000000 bits46_127 0 0 68 32.00123 0.63 0 0 0 0 0 0 0 0 0
0001800000000000 0000000000000000 bits47_48 0 0 65 31.99862 -0.70 0 0 0 0 0 0 0 0 0
0002800000000000 0000000000000000 bits47_49 0 0 68 31.99965 -0.18 0 0 0 0 0 0 0 0 0
0004800000000000 0000000000000000 bits47_50 0 0 73 31.99964 -0.18 0 0 0 0 0 0 0 0 0
0008800000000000 0000000000000000 bits47_51 0 0 64 32.00219 1.12 0 0 0 0 0 0 0 0 0
0010800000000000 0000000000000000 bits47_52 0 0 51 31.99957 -0.22 0 0 0 0 0 0 0 0 0
0020800000000000 0000000000000000 bits47_53 0 0 56 32.00196 1.00 0 0 0 0 0 0 0 0 0
0040800000000000 0000000000000000 bits47_54 0 0 66 31.99851 -0.76 0 0 0 0 0 0 0 0 0
0080800000000000 0000000000000000 bits47_55 0 0 58 31.99841 -0.82 0 0 0 0 0 0 0 0 0
0100800000000000 0000000000000000 bits47_56 0 0 58 32.00015 0.08 0 0 0 0 0 0 0 0 0
0200800000000000 0000000000000000 bits47_57 0 0 58 31.99724 -1.42 0 0 0 0 0 0 0 0 0
0400800000000000 0000000000000000 bits47_58 0 0 59 32.00020 0.10 0 0 0 0 0 0 0 0 0
0800800000000000 0000000000000000 bits47_59 0 0 72 32.00003 0.02 0 0 0 0 0 0 0 0 0
1000800000000000 0000000000000000 bits47_60 0 0 58 32.00082 0.42 0 0 0 0 0 0 0 0 0
2000800000000000 0000000000000000 bits47_61 0 0 60 31.99832 -0.86 0 0 0 0 0 0 0 0 0
4000800000000000 0000000000000000 bits47_62 0 0 73 31.99781 -1.12 0 0 0 0 0 0 0 0 0
8000800000000000 0000000000000000 bits47_63 0 0 61 32.00302 1.55 0 0 0 0 0 0 0 0 0
0000800000000000 0000000000000001 bits47_64 0 0 52 31.99571 -2.20 0 0 0 0 0 0 0 0 0
0000800000000000 0000000000000002 bits47_65 0 0 54 31.99890 -0.56 0 0 0 0 0 0 0 0 0
0000800000000000 0000000000000004 bits47_66 0 0 59 31.99942 -0.30 0 0 0 0 0 0 0 0 0
0000800000000000 0000000000000008 bits47_67 0 0 71 32.00168 0.86 0 0 0 0 0 0 0 0 0
0000800000000000 0000000000000010 bits47_68 0 0 59 31.99935 -0.33 0 0 0 0 0 0 0 0 0
0000800000000000 0000000000000020 bits47_69 0 0 72 32.00124 0.64 0 0 0 0 0 0 0 0 0
0000800000000000 0000000000000040 bits47_70 0 0 70 31.99736 -1.35 0 0 0 0 0 0 0 0 0
0000800000000000 0000000000000080 bits47_71 0 0 70 32.00428 2.19 0 0 0 0 0 0 0 0 0
0000800000000000 0000000000000100 bits47_72 0 0 60 31.99835 -0.84 0 0 0 0 0 0 0 0 0
0000800000000000 0000000000000200 bits47_73 0 0 71 31.99792 -1.06 0 0 0 0 0 0 0 0 0
0000800000000000 0000000000000400 bits47_74 0 0 64 31.99855 -0.74 0 0 0 0 0 0 0 0 0
0000800000000000 0000000000000800 bits47_75 0 0 43 31.99851 -0.76 0 0 0 0 0 0 0 0 0
0000800000000000 0000000000001000 bits47_76 0 0 64 32.00135 0.69 0 0 0 0 0 0 0 0 0
0000800000000000 0000000000002000 bits47_77 0 0 53 32.00040 0.21 0 0 0 0 0 0 0 0 0
0000800000000000 0000000000004000 bits47_78 0 0 59 31.99943 -0.29 0 0 0 0 0 0 0 0 0
0000800000000000 0000000000008000 bits47_79 0 0 77 32.00140 0.72 0 0 0 0 0 0 0 0 0
0000800000000000 0000000000010000 bits47_80 0 0 46 31.99962 -0.19 0 0 0 0 0 0 0 0 0
0000800000000000 0000000000020000 bits47_81 0 0 65 32.00009 0.05 0 0 0 0 0 0 0 0 0
0000800000000000 0000000000040000 bits47_82 0 0 81 31.99641 -1.84 0 0 0 0 0 0 0 0 0
0000800000000000 0000000000080000 bits47_83 0 0 65 31.99800 -1.02 0 0 0 0 0 0 0 0 0
0000800000000000 0000000000100000 bits47_84 0 0 73 32.00057 0.29 0 0 0 0 0 0 0 0 0
0000800000000000 0000000000200000 bits47_85 0 0 68 32.00200 1.03 0 0 0 0 0 0 0 0 0
0000800000000000 0000000000400000 bits47_86 0 0 83 32.00241 1.24 0 0 0 0 0 0 0 0 0
0000800000000000 0000000000800000 bits47_87 0 0 51 31.99829 -0.87 0 0 0 0 0 0 0 0 0
0000800000000000 0000000001000000 bits47_88 0 0 57 31.99999 -0.00 0 0 0 0 0 0 0 0 0
0000800000000000 0000000002000000 bits47_89 0 0 57 31.99959 -0.21 0 0 0 0 0 0 0 0 0
0000800000000000 0000000004000000 bits47_90 0 0 76 31.99885 -0.59 0 0 0 0 0 0 0 0 0
0000800000000000 0000000008000000 bits47_91 0 0 57 31.99844 -0.80 0 0 0 0 0 0 0 0 0
0000800000000000 0000000010000000 bits47_92 0 0 63 32.00234 1.20 0 0 0 0 0 0 0 0 0
0000800000000000 0000000020000000 bits47_93 0 0 51 31.99773 -1.16 0 0 0 0 0 0 0 0 0
0000800000000000 0000000040000000 bits47_94 0 0 63 31.99689 -1.59 0 0 0 0 0 0 0 0 0
0000800000000000 0000000080000000 bits47_95 0 0 60 31.99868 -0.68 0 0 0 0 0 0 0 0 0
0000800000000000 0000000100000000 bits47_96 0 0 57 32.00193 0.99 0 0 0 0 0 0 0 0 0
0000800000000000 0000000200000000 bits47_97 0 0 58 31.99879 -0.62 0 0 0 0 0 0 0 0 0
0000800000000000 0000000400000000 bits47_98 0 0 70 32.00249 1.27 0 0 0 0 0 0 0 0 0
0000800000000000 0000000800000000 bits47_99 0 0 75 32.00108 0.55 0 0 0 0 0 0 0 0 0
0000800000000000 0000001000000000 bits47_100 0 0 56 32.00003 0.02 0 0 0 0 0 0 0 0 0
0000800000000000 0000002000000000 bits47_101 0 0 57 32.00116 0.59 0 0 0 0 0 0 0 0 0
0000800000000000 0000004000000000 bits47_102 0 0 58 31.99646 -1.81 0 0 0 0 0 0 0 0 0
0000800000000000 0000008000000000 bits47_103 0 0 65 31.99908 -0.47 0 0 0 0 0 0 0 0 0
0000800000000000 0000010000000000 bits47_104 0 0 57 32.00106 0.54 0 0 0 0 0 0 0 0 0
0000800000000000 0000020000000000 bits47_105 0 0 61 32.00191 0.98 0 0 0 0 0 0 0 0 0
0000800000000000 0000040000000000 bits47_106 0 0 69 31.99796 -1.04 0 0 0 0 0 0 0 0 0
0000800000000000 0000080000000000 bits47_107 0 0 69 31.99775 -1.15 0 0 0 0 0 0 0 0 0
0000800000000000 0000100000000000 bits47_108 0 0 63 32.00072 0.37 0 0 0 0 0 0 0 0 0
0000800000000000 0000200000000000 bits47_109 0 0 59 31.99679 -1.64 0 0 0 0 0 0 0 0 0
0000800000000000 0000400000000000 bits47_110 0 0 69 31.99688 -1.60 0 0 0 0 0 0 0 0 0
0000800000000000 0000800000000000 bits47_111 0 0 67 32.00151 0.77 0 0 0 0 0 0 0 0 0
0000800000000000 0001000000000000 bits47_112 0 0 57 32.00099 0.51 0 0 0 0 0 0 0 0 0
0000800000000000 0002000000000000 bits47_113 0 0 80 32.00033 0.17 0 0 0 0 0 0 0 0 0
0000800000000000 0004000000000000 bits47_114 0 0 67 32.00078 0.40 0 0 0 0 0 0 0 0 0
0000800000000000 0008000000000000 bits47_115 0 0 55 31.99889 -0.57 0 0 0 0 0 0 0 0 0
0000800000000000 0010000000000000 bits47_116 0 0 66 31.99874 -0.64 0 0 0 0 0 0 0 0 0
0000800000000000 0020000000000000 bits47_117 0 0 62 32.00365 1.87 0 0 0 0 0 0 0 0 0
0000800000000000 0040000000000000 bits47_118 0 0 78 31.99744 -1.31 0 0 0 0 0 0 0 0 0
0000800000000000 0080000000000000 bits47_119 0 0 54 31.99903 -0.50 0 0 0 0 0 0 0 0 0
0000800000000000 0100000000000000 bits47_120 0 0 76 32.00333 1.70 0 0 0 0 0 0 0 0 0
0000800000000000 0200000000000000 bits47_121 0 0 58 32.00261 1.34 0 0 0 0 0 0 0 0 0
0000800000000000 0400000000000000 bits47_122 0 0 51 31.99927 -0.37 0 0 0 0 0 0 0 0 0
0000800000000000 0800000000000000 bits47_123 0 0 64 32.00110 0.56 0 0 0 0 0 0 0 0 0
0000800000000000 1000000000000000 bits47_124 0 0 58 31.99994 -0.03 0 0 0 0 0 0 0 0 0
0000800000000000 2000000000000000 bits47_125 0 0 73 31.99907 -0.47 0 0 0 0 0 0 0 0 0
0000800000000000 4000000000000000 bits47_126 0 0 61 32.00169 0.87 0 0 0 0 0 0 0 0 0
0000800000000000 8000000000000000 bits47_127 0 0 66 31.99945 -0.28 0 0 0 0 0 0 0 0 0
0003000000000000 0000000000000000 bits48_49 0 0 51 32.00207 1.06 0 0 0 0 0 0 0 0 0
0005000000000000 0000000000000000 bits48_50 0 0 58 32.00038 0.20 0 0 0 0 0 0 0 0 0
0009000000000000 0000000000000000 bits48_51 0 0 58 31.99908 -0.47 0 0 0 0 0 0 0 0 0
0011000000000000 0000000000000000 bits48_52 0 0 59 32.00074 0.38 0 0 0 0 0 0 0 0 0
0021000000000000 0000000000000000 bits48_53 0 0 71 31.99800 -1.02 0 0 0 0 0 0 0 0 0
0041000000000000 0000000000000000 bits48_54 0 0 50 31.99821 -0.92 0 0 0 0 0 0 0 0 0
0081000000000000 0000000000000000 bits48_55 0 0 59 32.00146 0.75 0 0 0 0 0 0 0 0 0
0101000000000000 0000000000000000 bits48_56 0 0 67 31.99589 -2.10 0 0 0 0 0 0 0 0 0
0201000000000000 0000000000000000 bits48_57 0 0 70 31.99939 -0.31 0 0 0 0 0 0 0 0 0
0401000000000000 0000000000000000 bits48_58 0 0 67 32.00049 0.25 0 0 0 0 0 0 0 0 0
0801000000000000 0000000000000000 bits48_59 0 0 80 31.99736 -1.35 0 0 0 0 0 0 0 0 0
1001000000000000 0000000000000000 bits48_60 0 0 70 32.00390 2.00 0 0 0 0 0 0 0 0 0
2001000000000000 0000000000000000 bits48_61 0 0 61 32.00085 0.44 0 0 0 0 0 0 0 0 0
4001000000000000 0000000000000000 bits48_62 0 0 90 32.00127 0.65 0 0 0 0 0 0 0 0 0
8001000000000000 0000000000000000 bits48_63 0 0 55 32.00223 1.14 0 0 0 0 0 0 0 0 0
0001000000000000 0000000000000001 bits48_64 0 0 68 32.00232 1.19 0 0 0 0 0 0 0 0 0
0001000000000000 0000000000000002 bits48_65 0 0 58 32.00053 0.27 0 0 0 0 0 0 0 0 0
0001000000000000 0000000000000004 bits48_66 0 0 60 32.00236 1.21 0 0 0 0 0 0 0 0 0
0001000000000000 0000000000000008 bits48_67 0 0 53 31.99835 -0.84 0 0 0 0 0 0 0 0 0
0001000000000000 0000000000000010 bits48_68 0 0 66 31.99852 -0.76 0 0 0 0 0 0 0 0 0
0001000000000000 0000000000000020 bits48_69 0 0 80 32.00258 1.32 0 0 0 0 0 0 0 0 0
0001000000000000 0000000000000040 bits48_70 0 0 65 32.00148 0.76 0 0 0 0 0 0 0 0 0
0001000000000000 0000000000000080 bits48_71 0 0 75 31.99801 -1.02 0 0 0 0 0 0 0 0 0
0001000000000000 0000000000000100 bits48_72 0 0 61 31.99899 -0.52 0 0 0 0 0 0 0 0 0
0001000000000000 0000000000000200 bits48_73 0 0 58 32.00008 0.04 0 0 0 0 0 0 0 0 0
0001000000000000 0000000000000400 bits48_74 0 0 75 31.99921 -0.41 0 0 0 0 0 0 0 0 0
0001000000000000 0000000000000800 bits48_75 0 0 76 32.00202 1.03 0 0 0 0 0 0 0 0 0
0001000000000000 0000000000001000 bits48_76 0 0 66 32.00114 0.58 0 0 0 0 0 0 0 0 0
0001000000000000 0000000000002000 bits48_77 0 0 65 31.99901 -0.51 0 0 0 0 0 0 0 0 0
0001000000000000 0000000000004000 bits48_78 0 0 58 32.00082 0.42 0 0 0 0 0 0 0 0 0
0001000000000000 0000000000008000 bits48_79 0 0 70 32.00023 0.12 0 0 0 0 0 0 0 0 0
0001000000000000 0000000000010000 bits48_80 0 0 68 31.99987 -0.07 0 0 0 0 0 0 0 0 0
0001000000000000 0000000000020000 bits48_81 0 0 63 32.00027 0.14 0 0 0 0 0 0 0 0 0
0001000000000000 0000000000040000 bits48_82 0 0 70 31.99959 -0.21 0 0 0 0 0 0 0 0 0
0001000000000000 0000000000080000 bits48_83 0 0 67 32.00259 1.33 0 0 0 0 0 0 0 0 0
0001000000000000 0000000000100000 bits48_84 0 0 52 32.00099 0.50 0 0 0 0 0 0 0 0 0
0001000000000000 0000000000200000 bits48_85 0 0 48 31.99942 -0.30 0 0 0 0 0 0 0 0 0
0001000000000000 0000000000400000 bits48_86 0 0 73 31.99799 -1.03 0 0 0 0 0 0 0 0 0
0001000000000000 0000000000800000 bits48_87 0 0 64 32.00309 1.58 0 0 0 0 0 0 0 0 0
0001000000000000 0000000001000000 bits48_88 0 0 69 31.99820 -0.92 0 0 0 0 0 0 0 0 0
0001000000000000 0000000002000000 bits48_89 0 0 70 31.99797 -1.04 0 0 0 0 0 0 0 0 0
0001000000000000 0000000004000000 bits48_90 0 0 68 32.00118 0.61 0 0 0 0 0 0 0 0 0
0001000000000000 0000000008000000 bits48_91 0 0 58 31.99977 -0.12 0 0 0 0 0 0 0 0 0
0001000000000000 0000000010000000 bits48_92 0 0 75 32.00045 0.23 0 0 0 0 0 0 0 0 0
0001000000000000 0000000020000000 bits48_93 0 0 81 31.99791 -1.07 0 0 0 0 0 0 0 0 0
0001000000000000 0000000040000000 bits48_94 0 0 67 32.00228 1.17 0 0 0 0 0 0 0 0 0
0001000000000000 0000000080000000 bits48_95 0 0 67 32.00002 0.01 0 0 0 0 0 0 0 0 0
0001000000000000 0000000100000000 bits48_96 0 0 59 31.99835 -0.85 0 0 0 0 0 0 0 0 0
0001000000000000 0000000200000000 bits48_97 0 0 71 31.99892 -0.55 0 0 0 0 0 0 0 0 0
0001000000000000 0000000400000000 bits48_98 0 0 65 32.00108 0.55 0 0 0 0 0 0 0 0 0
0001000000000000 0000000800000000 bits48_99 0 0 78 32.00011 0.06 0 0 0 0 0 0 0 0 0
0001000000000000 0000001000000000 bits48_100 0 0 67 32.00021 0.11 0 0 0 0 0 0 0 0 0
0001000000000000 0000002000000000 bits48_101 0 0 56 32.00050 0.25 0 0 0 0 0 0 0 0 0
0001000000000000 0000004000000000 bits48_102 0 0 72 32.00002 0.01 0 0 0 0 0 0 0 0 0
0001000000000000 0000008000000000 bits48_103 0 0 66 32.00170 0.87 0 0 0 0 0 0 0 0 0
0001000000000000 0000010000000000 bits48_104 0 0 48 31.99770 -1.18 0 0 0 0 0 0 0 0 0
0001000000000000 0000020000000000 bits48_105 0 0 72 32.00148 0.76 0 0 0 0 0 0 0 0 0
0001000000000000 0000040000000000 bits48_106 0 0 67 32.00119 0.61 0 0 0 0 0 0 0 0 0
0001000000000000 0000080000000000 bits48_107 0 0 66 31.99815 -0.95 0 0 0 0 0 0 0 0 0
0001000000000000 0000100000000000 bits48_108 0 0 56 31.99927 -0.37 0 0 0 0 0 0 0 0 0
0001000000000000 0000200000000000 bits48_109 0 0 54 32.00091 0.46 0 0 0 0 0 0 0 0 0
0001000000000000 0000400000000000 bits48_110 0 0 58 32.00042 0.22 0 0 0 0 0 0 0 0 0
0001000000000000 0000800000000000 bits48_111 0 0 62 32.00157 0.80 0 0 0 0 0 0 0 0 0
0001000000000000 0001000000000000 bits48_112 0 0 70 32.00094 0.48 0 0 0 0 0 0 0 0 0
0001000000000000 0002000000000000 bits48_113 0 0 61 32.00102 0.52 0 0 0 0 0 0 0 0 0
0001000000000000 0004000000000000 bits48_114 0 0 54 31.99716 -1.45 0 0 0 0 0 0 0 0 0
0001000000000000 0008000000000000 bits48_115 0 0 66 32.00136 0.70 0 0 0 0 0 0 0 0 0
0001000000000000 0010000000000000 bits48_116 0 0 63 31.99939 -0.31 0 0 0 0 0 0 0 0 0
0001000000000000 0020000000000000 bits48_117 0 0 62 32.00445 2.28 0 0 0 0 0 0 0 0 0
0001000000000000 0040000000000000 bits48_118 0 0 77 31.99745 -1.31 0 0 0 0 0 0 0 0 0
0001000000000000 0080000000000000 bits48_119 0 0 63 31.99865 -0.69 0 0 0 0 0 0 0 0 0
0001000000000000 0100000000000000 bits48_120 0 0 57 31.99670 -1.69 0 0 0 0 0 0 0 0 0
0001000000000000 0200000000000000 bits48_121 0 0 66 32.00112 0.57 0 0 0 0 0 0 0 0 0
0001000000000000 0400000000000000 bits48_122 0 0 58 32.00090 0.46 0 0 0 0 0 0 0 0 0
0001000000000000 0800000000000000 bits48_123 0 0 72 31.99531 -2.40 0 0 0 0 0 0 0 0 0
0001000000000000 1000000000000000 bits48_124 0 0 66 32.00026 0.13 0 0 0 0 0 0 0 0 0
0001000000000000 2000000000000000 bits48_125 0 0 70 32.00166 0.85 0 0 0 0 0 0 0 0 0
0001000000000000 4000000000000000 bits48_126 0 0 62 31.99896 -0.53 0 0 0 0 0 0 0 0 0
0001000000000000 8000000000000000 bits48_127 0 0 64 31.99760 -1.23 0 0 0 0 0 0 0 0 0
0006000000000000 0000000000000000 bits49_50 0 0 73 31.99910 -0.46 0 0 0 0 0 0 0 0 0
000a000000000000 0000000000000000 bits49_51 0 0 75 32.00158 0.81 0 0 0 0 0 0 0 0 0
0012000000000000 0000000000000000 bits49_52 0 0 68 31.99987 -0.07 0 0 0 0 0 0 0 0 0
0022000000000000 0000000000000000 bits49_53 0 0 46 31.99756 -1.25 0 0 0 0 0 0 0 0 0
0042000000000000 0000000000000000 bits49_54 0 0 64 32.00101 0.52 0 0 0 0 0 0 0 0 0
0082000000000000 0000000000000000 bits49_55 0 0 75 31.99956 -0.23 0 0 0 0 0 0 0 0 0
0102000000000000 0000000000000000 bits49_56 0 0 67 32.00256 1.31 0 0 0 0 0 0 0 0 0
0202000000000000 0000000000000000 bits49_57 0 0 74 31.99880 -0.62 0 0 0 0 0 0 0 0 0
0402000000000000 0000000000000000 bits49_58 0 0 61 31.99831 -0.86 0 0 0 0 0 0 0 0 0
0802000000000000 0000000000000000 bits49_59 0 0 76 31.99981 -0.09 0 0 0 0 0 0 0 0 0
1002000000000000 0000000000000000 bits49_60 0 0 56 31.99818 -0.93 0 0 0 0 0 0 0 0 0
2002000000000000 0000000000000000 bits49_61 0 0 52 32.00014 0.07 0 0 0 0 0 0 0 0 0
4002000000000000 0000000000000000 bits49_62 0 0 67 32.00106 0.54 0 0 0 0 0 0 0 0 0
8002000000000000 0000000000000000 bits49_63 0 0 73 31.99640 -1.85 0 0 0 0 0 0 0 0 0
0002000000000000 0000000000000001 bits49_64 0 0 62 31.99779 -1.13 0 0 0 0 0 0 0 0 0
0002000000000000 0000000000000002 bits49_65 0 0 66 31.99972 -0.14 0 0 0 0 0 0 0 0 0
0002000000000000 0000000000000004 bits49_66 0 0 69 32.00078 0.40 0 0 0 0 0 0 0 0 0
0002000000000000 0000000000000008 bits49_67 0 0 69 32.00093 0.48 0 0 0 0 0 0 0 0 0
0002000000000000 0000000000000010 bits49_68 0 0 73 31.99728 -1.39 0 0 0 0 0 0 0 0 0
0002000000000000 0000000000000020 bits49_69 0 0 65 32.00054 0.28 0 0 0 0 0 0 0 0 0
0002000000000000 0000000000000040 bits49_70 0 0 65 32.00084 0.43 0 0 0 0 0 0 0 0 0
0002000000000000 0000000000000080 bits49_71 0 0 65 32.00248 1.27 0 0 0 0 0 0 0 0 0
0002000000000000 0000000000000100 bits49_72 0 0 64 31.99918 -0.42 0 0 0 0 0 0 0 0 0
0002000000000000 0000000000000200 bits49_73 0 0 68 31.99813 -0.96 0 0 0 0 0 0 0 0 0
0002000000000000 0000000000000400 bits49_74 0 0 64 32.00119 0.61 0 0 0 0 0 0 0 0 0
0002000000000000 0000000000000800 bits49_75 0 0 53 32.00076 0.39 0 0 0 0 0 0 0 0 0
0002000000000000 0000000000001000 bits49_76 0 0 64 32.00187 0.96 0 0 0 0 0 0 0 0 0
0002000000000000 0000000000002000 bits49_77 0 0 61 31.99824 -0.90 0 0 0 0 0 0 0 0 0
0002000000000000 0000000000004000 bits49_78 0 0 67 32.00114 0.59 0 0 0 0 0 0 0 0 0
0002000000000000 0000000000008000 bits49_79 0 0 58 32.00524 2.69 0 0 0 0 0 0 0 0 0
0002000000000000 0000000000010000 bits49_80 0 0 51 32.00301 1.54 0 0 0 0 0 0 0 0 0
0002000000000000 0000000000020000 bits49_81 0 0 61 32.00275 1.41 0 0 0 0 0 0 0 0 0
0002000000000000 0000000000040000 bits49_82 0 0 70 32.00104 0.53 0 0 0 0 0 0 0 0 0
0002000000000000 0000000000080000 bits49_83 0 0 67 31.99756 -1.25 0 0 0 0 0 0 0 0 0
0002000000000000 0000000000100000 bits49_84 0 0 64 32.00281 1.44 0 0 0 0 0 0 0 0 0
0002000000000000 0000000000200000 bits49_85 0 0 67 32.00247 1.26 0 0 0 0 0 0 0 0 0
0002000000000000 0000000000400000 bits49_86 0 0 65 31.99826 -0.89 0 0 0 0 0 0 0 0 0
0002000000000000 0000000000800000 bits49_87 0 0 68 32.00155 0.79 0 0 0 0 0 0 0 0 0
0002000000000000 0000000001000000 bits49_88 0 0 69 32.00174 0.89 0 0 0 0 0 0 0 0 0
0002000000000000 0000000002000000 bits49_89 0 0 64 32.00226 1.16 0 0 0 0 0 0 0 0 0
0002000000000000 0000000004000000 bits49_90 0 0 65 32.00231 1.18 0 0 0 0 0 0 0 0 0
0002000000000000 0000000008000000 bits49_91 0 0 75 32.00248 1.27 0 0 0 0 0 0 0 0 0
0002000000000000 0000000010000000 bits49_92 0 0 53 31.99943 -0.29 0 0 0 0 0 0 0 0 0
0002000000000000 0000000020000000 bits49_93 0 0 81 31.99945 -0.28 0 0 0 0 0 0 0 0 0
0002000000000000 0000000040000000 bits49_94 0 0 57 32.00201 1.03 0 0 0 0 0 0 0 0 0
0002000000000000 0000000080000000 bits49_95 0 0 51 31.99960 -0.21 0 0 0 0 0 0 0 0 0
0002000000000000 0000000100000000 bits49_96 0 0 69 32.00236 1.21 0 0 0 0 0 0 0 0 0
0002000000000000 0000000200000000 bits49_97 0 0 66 31.99974 -0.13 0 0 0 0 0 0 0 0 0
0002000000000000 0000000400000000 bits49_98 0 0 61 31.99953 -0.24 0 0 0 0 0 0 0 0 0
0002000000000000 0000000800000000 bits49_99 0 0 52 32.00257 1.32 0 0 0 0 0 0 0 0 0
0002000000000000 0000001000000000 bits49_100 0 0 63 31.99914 -0.44 0 0 0 0 0 0 0 0 0
0002000000000000 0000002000000000 bits49_101 0 0 60 31.99690 -1.59 0 0 0 0 0 0 0 0 0
0002000000000000 0000004000000000 bits49_102 0 0 58 32.00223 1.14 0 0 0 0 0 0 0 0 0
0002000000000000 0000008000000000 bits49_103 0 0 64 31.99784 -1.10 0 0 0 0 0 0 0 0 0
0002000000000000 0000010000000000 bits49_104 0 0 62 32.00029 0.15 0 0 0 0 0 0 0 0 0
0002000000000000 0000020000000000 bits49_105 0 0 50 31.99937 -0.32 0 0 0 0 0 0 0 0 0
0002000000000000 0000040000000000 bits49_106 0 0 53 31.99871 -0.66 0 0 0 0 0 0 0 0 0
0002000000000000 0000080000000000 bits49_107 0 0 72 31.99995 -0.03 0 0 0 0 0 0 0 0 0
0002000000000000 0000100000000000 bits49_108 0 0 65 31.99857 -0.73 0 0 0 0 0 0 0 0 0
0002000000000000 0000200000000000 bits49_109 0 0 57 32.00002 0.01 0 0 0 0 0 0 0 0 0
0002000000000000 0000400000000000 bits49_110 0 0 64 31.99766 -1.20 0 0 0 0 0 0 0 0 0
0002000000000000 0000800000000000 bits49_111 0 0 62 31.99715 -1.46 0 0 0 0 0 0 0 0 0
0002000000000000 0001000000000000 bits49_112 0 0 58 31.99726 -1.40 0 0 0 0 0 0 0 0 0
0002000000000000 0002000000000000 bits49_113 0 0 67 31.99890 -0.56 0 0 0 0 0 0 0 0 0
0002000000000000 0004000000000000 bits49_114 0 0 66 31.99784 -1.11 0 0 0 0 0 0 0 0 0
0002000000000000 0008000000000000 bits49_115 0 0 94 32.00145 0.74 0 0 0 0 0 0 0 0 0
0002000000000000 0010000000000000 bits49_116 0 0 49 31.99873 -0.65 0 0 0 0 0 0 0 0 0
0002000000000000 0020000000000000 bits49_117 0 0 63 31.99945 -0.28 0 0 0 0 0 0 0 0 0
0002000000000000 0040000000000000 bits49_118 0 0 76 31.99740 -1.33 0 0 0 0 0 0 0 0 0
0002000000000000 0080000000000000 bits49_119 0 0 60 32.00111 0.57 0 0 0 0 0 0 0 0 0
0002000000000000 0100000000000000 bits49_120 0 0 66 31.99741 -1.33 0 0 0 0 0 0 0 0 0
0002000000000000 0200000000000000 bits49_121 0 0 57 32.00324 1.66 0 0 0 0 0 0 0 0 0
0002000000000000 0400000000000000 bits49_122 0 0 49 32.00194 0.99 0 0 0 0 0 0 0 0 0
0002000000000000 0800000000000000 bits49_123 0 0 61 32.00143 0.73 0 0 0 0 0 0 0 0 0
0002000000000000 1000000000000000 bits49_124 0 0 70 32.00002 0.01 0 0 0 0 0 0 0 0 0
0002000000000000 2000000000000000 bits49_125 0 0 74 32.00184 0.94 0 0 0 0 0 0 0 0 0
0002000000000000 4000000000000000 bits49_126 0 0 59 32.00295 1.51 0 0 0 0 0 0 0 0 0
0002000000000000 8000000000000000 bits49_127 0 0 50 32.00253 1.30 0 0 0 0 0 0 0 0 0
000c000000000000 0000000000000000 bits50_51 0 0 65 32.00383 1.96 0 0 0 0 0 0 0 0 0
0014000000000000 0000000000000000 bits50_52 0 0 56 31.99995 -0.03 0 0 0 0 0 0 0 0 0
0024000000000000 0000000000000000 bits50_53 0 0 61 32.00070 0.36 0 0 0 0 0 0 0 0 0
0044000000000000 0000000000000000 bits50_54 0 0 77 31.99729 -1.39 0 0 0 0 0 0 0 0 0
0084000000000000 0000000000000000 bits50_55 0 0 58 31.99856 -0.73 0 0 0 0 0 0 0 0 0
0104000000000000 0000000000000000 bits50_56 0 0 61 31.99874 -0.65 0 0 0 0 0 0 0 0 0
0204000000000000 0000000000000000 bits50_57 0 0 73 31.99888 -0.57 0 0 0 0 0 0 0 0 0
0404000000000000 0000000000000000 bits50_58 0 0 74 32.00073 0.37 0 0 0 0 0 0 0 0 0
0804000000000000 0000000000000000 bits50_59 0 0 55 31.99877 -0.63 0 0 0 0 0 0 0 0 0
1004000000000000 0000000000000000 bits50_60 0 0 80 31.99734 -1.36 0 0 0 0 0 0 0 0 0
2004000000000000 0000000000000000 bits50_61 0 0 61 31.99779 -1.13 0 0 0 0 0 0 0 0 0
4004000000000000 0000000000000000 bits50_62 0 0 55 32.00121 0.62 0 0 0 0 0 0 0 0 0
8004000000000000 0000000000000000 bits50_63 0 0 65 31.99860 -0.72 0 0 0 0 0 0 0 0 0
0004000000000000 0000000000000001 bits50_64 0 0 72 32.00134 0.69 0 0 0 0 0 0 0 0 0
0004000000000000 0000000000000002 bits50_65 0 0 58 31.99909 -0.47 0 0 0 0 0 0 0 0 0
0004000000000000 0000000000000004 bits50_66 0 0 69 32.00163 0.83 0 0 0 0 0 0 0 0 0
