# variant=11 W=1 log2keys=24 seed=4375 mode=R N=16777216
# d0 d1 name coll low32 low16 meanpop z hist0..8
0000000000000001 0000000000000000 bit0 0 0 302 31.93571 -65.83 0 0 0 0 0 0 0 0 0
0000000000000002 0000000000000000 bit1 0 0 296 31.94641 -54.88 0 0 0 0 0 0 0 0 0
0000000000000004 0000000000000000 bit2 0 0 319 31.94380 -57.54 0 0 0 0 0 0 0 0 0
0000000000000008 0000000000000000 bit3 0 0 287 31.93518 -66.38 0 0 0 0 0 0 0 0 0
0000000000000010 0000000000000000 bit4 0 0 313 31.93441 -67.16 0 0 0 0 0 0 0 0 0
0000000000000020 0000000000000000 bit5 0 0 264 31.94132 -60.08 0 0 0 0 0 0 0 0 0
0000000000000040 0000000000000000 bit6 0 0 258 31.96739 -33.40 0 0 0 0 0 0 0 0 0
0000000000000080 0000000000000000 bit7 0 0 254 31.94292 -58.45 0 0 0 0 0 0 0 0 0
0000000000000100 0000000000000000 bit8 0 0 226 31.92754 -74.20 0 0 0 0 0 0 0 0 0
0000000000000200 0000000000000000 bit9 0 0 254 31.92668 -75.08 0 0 0 0 0 0 0 0 0
0000000000000400 0000000000000000 bit10 0 0 242 31.92684 -74.91 0 0 0 0 0 0 0 0 0
0000000000000800 0000000000000000 bit11 0 0 238 31.91910 -82.84 0 0 0 0 0 0 0 0 0
0000000000001000 0000000000000000 bit12 0 0 244 31.91288 -89.21 0 0 0 0 0 0 0 0 0
0000000000002000 0000000000000000 bit13 0 0 236 31.92107 -80.82 0 0 0 0 0 0 0 0 0
0000000000004000 0000000000000000 bit14 0 0 255 31.92792 -73.82 0 0 0 0 0 0 0 0 0
0000000000008000 0000000000000000 bit15 0 0 257 31.93061 -71.05 0 0 0 0 0 0 0 0 0
0000000000010000 0000000000000000 bit16 0 0 249 31.93202 -69.61 0 0 0 0 0 0 0 0 0
0000000000020000 0000000000000000 bit17 0 0 268 31.93160 -70.04 0 0 0 0 0 0 0 0 0
0000000000040000 0000000000000000 bit18 0 0 255 31.93299 -68.62 0 0 0 0 0 0 0 0 0
0000000000080000 0000000000000000 bit19 0 0 263 31.94368 -57.67 0 0 0 0 0 0 0 0 0
0000000000100000 0000000000000000 bit20 0 0 234 31.95557 -45.50 0 0 0 0 0 0 0 0 0
0000000000200000 0000000000000000 bit21 0 0 231 31.94706 -54.21 0 0 0 0 0 0 0 0 0
0000000000400000 0000000000000000 bit22 0 0 266 31.87034 -132.77 0 0 0 0 0 0 0 0 0
0000000000800000 0000000000000000 bit23 0 0 296 31.85060 -152.98 0 0 0 0 0 0 0 0 0
0000000001000000 0000000000000000 bit24 0 0 353 31.86032 -143.04 0 0 0 0 0 0 0 0 0
0000000002000000 0000000000000000 bit25 0 0 333 31.86420 -139.06 0 0 0 0 0 0 0 0 0
0000000004000000 0000000000000000 bit26 0 0 301 31.86634 -136.87 0 0 0 0 0 0 0 0 0
0000000008000000 0000000000000000 bit27 0 0 301 31.92520 -76.59 0 0 0 0 0 0 0 0 0
0000000010000000 0000000000000000 bit28 0 0 271 31.92493 -76.87 0 0 0 0 0 0 0 0 0
0000000020000000 0000000000000000 bit29 0 0 265 31.92121 -80.68 0 0 0 0 0 0 0 0 0
0000000040000000 0000000000000000 bit30 0 0 273 31.92288 -78.97 0 0 0 0 0 0 0 0 0
0000000080000000 0000000000000000 bit31 0 0 297 31.92863 -73.09 0 0 0 0 0 0 0 0 0
0000000100000000 0000000000000000 bit32 0 0 286 31.93510 -66.46 0 0 0 0 0 0 0 0 0
0000000200000000 0000000000000000 bit33 0 0 262 31.93401 -67.57 0 0 0 0 0 0 0 0 0
0000000400000000 0000000000000000 bit34 0 0 225 31.93553 -66.02 0 0 0 0 0 0 0 0 0
0000000800000000 0000000000000000 bit35 0 0 283 31.92813 -73.59 0 0 0 0 0 0 0 0 0
0000001000000000 0000000000000000 bit36 0 0 310 31.92391 -77.92 0 0 0 0 0 0 0 0 0
0000002000000000 0000000000000000 bit37 0 0 330 31.92872 -72.99 0 0 0 0 0 0 0 0 0
0000004000000000 0000000000000000 bit38 0 0 230 31.99378 -6.37 0 0 0 0 0 0 0 0 0
0000008000000000 0000000000000000 bit39 0 0 188 31.94171 -59.69 0 0 0 0 0 0 0 0 0
0000010000000000 0000000000000000 bit40 0 0 204 31.92126 -80.63 0 0 0 0 0 0 0 0 0
0000020000000000 0000000000000000 bit41 0 0 221 31.91442 -87.63 0 0 0 0 0 0 0 0 0
0000040000000000 0000000000000000 bit42 0 0 214 31.91795 -84.02 0 0 0 0 0 0 0 0 0
0000080000000000 0000000000000000 bit43 0 0 251 31.91456 -87.49 0 0 0 0 0 0 0 0 0
0000100000000000 0000000000000000 bit44 0 0 248 31.90592 -96.34 0 0 0 0 0 0 0 0 0
0000200000000000 0000000000000000 bit45 0 0 244 31.88358 -119.21 0 0 0 0 0 0 0 0 0
0000400000000000 0000000000000000 bit46 0 0 256 31.86539 -137.84 0 0 0 0 0 0 0 0 0
0000800000000000 0000000000000000 bit47 0 0 183 31.98140 -19.05 0 0 0 0 0 0 0 0 0
0001000000000000 0000000000000000 bit48 0 0 248 31.93570 -65.84 0 0 0 0 0 0 0 0 0
0002000000000000 0000000000000000 bit49 0 0 232 31.93000 -71.68 0 0 0 0 0 0 0 0 0
0004000000000000 0000000000000000 bit50 0 0 224 31.93004 -71.63 0 0 0 0 0 0 0 0 0
0008000000000000 0000000000000000 bit51 0 0 208 31.93732 -64.18 0 0 0 0 0 0 0 0 0
0010000000000000 0000000000000000 bit52 0 0 213 31.93491 -66.65 0 0 0 0 0 0 0 0 0
0020000000000000 0000000000000000 bit53 0 0 234 31.93651 -65.02 0 0 0 0 0 0 0 0 0
0040000000000000 0000000000000000 bit54 0 0 289 31.92142 -80.47 0 0 0 0 0 0 0 0 0
0080000000000000 0000000000000000 bit55 0 0 297 31.92208 -79.79 0 0 0 0 0 0 0 0 0
0100000000000000 0000000000000000 bit56 0 0 338 31.92329 -78.55 0 0 0 0 0 0 0 0 0
0200000000000000 0000000000000000 bit57 0 0 301 31.92335 -78.49 0 0 0 0 0 0 0 0 0
0400000000000000 0000000000000000 bit58 0 0 314 31.92188 -79.99 0 0 0 0 0 0 0 0 0
0800000000000000 0000000000000000 bit59 0 0 314 31.93371 -67.88 0 0 0 0 0 0 0 0 0
1000000000000000 0000000000000000 bit60 0 0 315 31.90769 -94.52 0 0 0 0 0 0 0 0 0
2000000000000000 0000000000000000 bit61 0 0 317 31.87972 -123.16 0 0 0 0 0 0 0 0 0
4000000000000000 0000000000000000 bit62 0 0 358 31.84741 -156.25 0 0 0 0 0 0 0 0 0
8000000000000000 0000000000000000 bit63 0 0 416 31.78793 -217.16 0 0 0 0 0 0 0 0 0
0000000000000003 0000000000000000 bits0_1 0 0 278 31.98982 -10.43 0 0 0 0 0 0 0 0 0
0000000000000005 0000000000000000 bits0_2 0 0 287 32.00043 0.44 0 0 0 0 0 0 0 0 0
0000000000000009 0000000000000000 bits0_3 0 0 243 32.00506 5.18 0 0 0 0 0 0 0 0 0
0000000000000011 0000000000000000 bits0_4 0 0 280 31.99691 -3.16 0 0 0 0 0 0 0 0 0
0000000000000021 0000000000000000 bits0_5 0 0 273 32.00361 3.70 0 0 0 0 0 0 0 0 0
0000000000000041 0000000000000000 bits0_6 0 0 249 31.99984 -0.17 0 0 0 0 0 0 0 0 0
0000000000000081 0000000000000000 bits0_7 0 0 257 31.99796 -2.09 0 0 0 0 0 0 0 0 0
0000000000000101 0000000000000000 bits0_8 0 0 257 32.00057 0.58 0 0 0 0 0 0 0 0 0
0000000000000201 0000000000000000 bits0_9 0 0 256 32.00065 0.67 0 0 0 0 0 0 0 0 0
0000000000000401 0000000000000000 bits0_10 0 0 253 31.99950 -0.51 0 0 0 0 0 0 0 0 0
0000000000000801 0000000000000000 bits0_11 0 0 228 31.99832 -1.72 0 0 0 0 0 0 0 0 0
0000000000001001 0000000000000000 bits0_12 0 0 295 31.99887 -1.15 0 0 0 0 0 0 0 0 0
0000000000002001 0000000000000000 bits0_13 0 0 246 31.99688 -3.19 0 0 0 0 0 0 0 0 0
0000000000004001 0000000000000000 bits0_14 0 0 247 31.99952 -0.49 0 0 0 0 0 0 0 0 0
0000000000008001 0000000000000000 bits0_15 0 0 224 32.00212 2.17 0 0 0 0 0 0 0 0 0
0000000000010001 0000000000000000 bits0_16 0 0 285 32.03749 38.39 0 0 0 0 0 0 0 0 0
0000000000020001 0000000000000000 bits0_17 0 0 259 31.99838 -1.66 0 0 0 0 0 0 0 0 0
0000000000040001 0000000000000000 bits0_18 0 0 230 32.00099 1.01 0 0 0 0 0 0 0 0 0
0000000000080001 0000000000000000 bits0_19 0 0 260 31.99425 -5.89 0 0 0 0 0 0 0 0 0
0000000000100001 0000000000000000 bits0_20 0 0 254 31.99645 -3.63 0 0 0 0 0 0 0 0 0
0000000000200001 0000000000000000 bits0_21 0 0 279 31.99834 -1.70 0 0 0 0 0 0 0 0 0
0000000000400001 0000000000000000 bits0_22 0 0 234 32.00010 0.10 0 0 0 0 0 0 0 0 0
0000000000800001 0000000000000000 bits0_23 0 0 217 31.99926 -0.76 0 0 0 0 0 0 0 0 0
0000000001000001 0000000000000000 bits0_24 0 0 230 31.99825 -1.79 0 0 0 0 0 0 0 0 0
0000000002000001 0000000000000000 bits0_25 0 0 247 32.00023 0.23 0 0 0 0 0 0 0 0 0
0000000004000001 0000000000000000 bits0_26 0 0 261 31.99823 -1.81 0 0 0 0 0 0 0 0 0
0000000008000001 0000000000000000 bits0_27 0 0 276 32.00226 2.32 0 0 0 0 0 0 0 0 0
0000000010000001 0000000000000000 bits0_28 0 0 259 31.99983 -0.18 0 0 0 0 0 0 0 0 0
0000000020000001 0000000000000000 bits0_29 0 0 254 32.00131 1.34 0 0 0 0 0 0 0 0 0
0000000040000001 0000000000000000 bits0_30 0 0 254 31.99979 -0.22 0 0 0 0 0 0 0 0 0
0000000080000001 0000000000000000 bits0_31 0 0 282 32.00122 1.25 0 0 0 0 0 0 0 0 0
0000000100000001 0000000000000000 bits0_32 0 0 271 31.98055 -19.91 0 0 0 0 0 0 0 0 0
0000000200000001 0000000000000000 bits0_33 0 0 251 31.99889 -1.14 0 0 0 0 0 0 0 0 0
0000000400000001 0000000000000000 bits0_34 0 0 239 31.99884 -1.19 0 0 0 0 0 0 0 0 0
0000000800000001 0000000000000000 bits0_35 0 0 250 32.00075 0.77 0 0 0 0 0 0 0 0 0
0000001000000001 0000000000000000 bits0_36 0 0 251 31.99880 -1.23 0 0 0 0 0 0 0 0 0
0000002000000001 0000000000000000 bits0_37 0 0 244 32.00001 0.01 0 0 0 0 0 0 0 0 0
0000004000000001 0000000000000000 bits0_38 0 0 277 31.99863 -1.41 0 0 0 0 0 0 0 0 0
0000008000000001 0000000000000000 bits0_39 0 0 228 31.99911 -0.91 0 0 0 0 0 0 0 0 0
0000010000000001 0000000000000000 bits0_40 0 0 247 32.00086 0.88 0 0 0 0 0 0 0 0 0
0000020000000001 0000000000000000 bits0_41 0 0 269 31.99854 -1.50 0 0 0 0 0 0 0 0 0
0000040000000001 0000000000000000 bits0_42 0 0 252 31.99993 -0.07 0 0 0 0 0 0 0 0 0
0000080000000001 0000000000000000 bits0_43 0 0 260 31.99764 -2.41 0 0 0 0 0 0 0 0 0
0000100000000001 0000000000000000 bits0_44 0 0 259 31.99796 -2.09 0 0 0 0 0 0 0 0 0
0000200000000001 0000000000000000 bits0_45 0 0 257 31.99411 -6.03 0 0 0 0 0 0 0 0 0
0000400000000001 0000000000000000 bits0_46 0 0 243 32.00048 0.49 0 0 0 0 0 0 0 0 0
0000800000000001 0000000000000000 bits0_47 0 0 270 31.99728 -2.79 0 0 0 0 0 0 0 0 0
0001000000000001 0000000000000000 bits0_48 0 0 282 32.03849 39.41 0 0 0 0 0 0 0 0 0
0002000000000001 0000000000000000 bits0_49 0 0 253 32.00047 0.48 0 0 0 0 0 0 0 0 0
0004000000000001 0000000000000000 bits0_50 0 0 257 32.00120 1.23 0 0 0 0 0 0 0 0 0
0008000000000001 0000000000000000 bits0_51 0 0 272 31.99528 -4.83 0 0 0 0 0 0 0 0 0
0010000000000001 0000000000000000 bits0_52 0 0 270 31.99780 -2.25 0 0 0 0 0 0 0 0 0
0020000000000001 0000000000000000 bits0_53 0 0 253 31.99800 -2.05 0 0 0 0 0 0 0 0 0
0040000000000001 0000000000000000 bits0_54 0 0 245 32.00116 1.18 0 0 0 0 0 0 0 0 0
0080000000000001 0000000000000000 bits0_55 0 0 269 32.00032 0.33 0 0 0 0 0 0 0 0 0
0100000000000001 0000000000000000 bits0_56 0 0 226 31.99904 -0.98 0 0 0 0 0 0 0 0 0
0200000000000001 0000000000000000 bits0_57 0 0 239 32.00075 0.77 0 0 0 0 0 0 0 0 0
0400000000000001 0000000000000000 bits0_58 0 0 285 31.99923 -0.79 0 0 0 0 0 0 0 0 0
0800000000000001 0000000000000000 bits0_59 0 0 269 32.00296 3.03 0 0 0 0 0 0 0 0 0
1000000000000001 0000000000000000 bits0_60 0 0 248 31.99938 -0.63 0 0 0 0 0 0 0 0 0
2000000000000001 0000000000000000 bits0_61 0 0 241 32.00689 7.06 0 0 0 0 0 0 0 0 0
4000000000000001 0000000000000000 bits0_62 0 0 242 32.00024 0.24 0 0 0 0 0 0 0 0 0
8000000000000001 0000000000000000 bits0_63 0 0 238 31.99119 -9.03 0 0 0 0 0 0 0 0 0
0000000000000006 0000000000000000 bits1_2 0 0 267 31.99182 -8.37 0 0 0 0 0 0 0 0 0
000000000000000a 0000000000000000 bits1_3 0 0 272 31.99981 -0.20 0 0 0 0 0 0 0 0 0
0000000000000012 0000000000000000 bits1_4 0 0 258 32.00236 2.42 0 0 0 0 0 0 0 0 0
0000000000000022 0000000000000000 bits1_5 0 0 278 31.99879 -1.24 0 0 0 0 0 0 0 0 0
0000000000000042 0000000000000000 bits1_6 0 0 245 32.00309 3.17 0 0 0 0 0 0 0 0 0
0000000000000082 0000000000000000 bits1_7 0 0 241 32.00118 1.20 0 0 0 0 0 0 0 0 0
0000000000000102 0000000000000000 bits1_8 0 0 256 31.99953 -0.48 0 0 0 0 0 0 0 0 0
0000000000000202 0000000000000000 bits1_9 0 0 256 32.00105 1.07 0 0 0 0 0 0 0 0 0
0000000000000402 0000000000000000 bits1_10 0 0 275 32.00109 1.11 0 0 0 0 0 0 0 0 0
0000000000000802 0000000000000000 bits1_11 0 0 227 31.99905 -0.97 0 0 0 0 0 0 0 0 0
0000000000001002 0000000000000000 bits1_12 0 0 280 31.99889 -1.14 0 0 0 0 0 0 0 0 0
0000000000002002 0000000000000000 bits1_13 0 0 276 31.99901 -1.02 0 0 0 0 0 0 0 0 0
0000000000004002 0000000000000000 bits1_14 0 0 258 31.99528 -4.84 0 0 0 0 0 0 0 0 0
0000000000008002 0000000000000000 bits1_15 0 0 244 31.99906 -0.96 0 0 0 0 0 0 0 0 0
0000000000010002 0000000000000000 bits1_16 0 0 269 31.99989 -0.11 0 0 0 0 0 0 0 0 0
0000000000020002 0000000000000000 bits1_17 0 1 262 32.03773 38.64 0 0 0 0 0 0 0 0 0
0000000000040002 0000000000000000 bits1_18 0 0 238 32.00029 0.29 0 0 0 0 0 0 0 0 0
0000000000080002 0000000000000000 bits1_19 0 0 266 31.99834 -1.70 0 0 0 0 0 0 0 0 0
0000000000100002 0000000000000000 bits1_20 0 0 258 31.99701 -3.06 0 0 0 0 0 0 0 0 0
0000000000200002 0000000000000000 bits1_21 0 0 271 31.99999 -0.01 0 0 0 0 0 0 0 0 0
0000000000400002 0000000000000000 bits1_22 0 0 253 31.99863 -1.40 0 0 0 0 0 0 0 0 0
0000000000800002 0000000000000000 bits1_23 0 0 269 31.99915 -0.87 0 0 0 0 0 0 0 0 0
0000000001000002 0000000000000000 bits1_24 0 0 252 31.99856 -1.47 0 0 0 0 0 0 0 0 0
0000000002000002 0000000000000000 bits1_25 0 0 270 31.99958 -0.43 0 0 0 0 0 0 0 0 0
0000000004000002 0000000000000000 bits1_26 0 0 277 31.99812 -1.93 0 0 0 0 0 0 0 0 0
0000000008000002 0000000000000000 bits1_27 0 0 246 31.99975 -0.26 0 0 0 0 0 0 0 0 0
0000000010000002 0000000000000000 bits1_28 0 0 266 32.00141 1.45 0 0 0 0 0 0 0 0 0
0000000020000002 0000000000000000 bits1_29 0 0 238 31.99856 -1.47 0 0 0 0 0 0 0 0 0
0000000040000002 0000000000000000 bits1_30 0 0 227 32.00349 3.58 0 0 0 0 0 0 0 0 0
0000000080000002 0000000000000000 bits1_31 0 0 271 31.99948 -0.54 0 0 0 0 0 0 0 0 0
0000000100000002 0000000000000000 bits1_32 0 0 242 31.99970 -0.31 0 0 0 0 0 0 0 0 0
0000000200000002 0000000000000000 bits1_33 0 0 268 31.97898 -21.52 0 0 0 0 0 0 0 0 0
0000000400000002 0000000000000000 bits1_34 0 0 252 31.99958 -0.43 0 0 0 0 0 0 0 0 0
0000000800000002 0000000000000000 bits1_35 0 0 251 31.99878 -1.25 0 0 0 0 0 0 0 0 0
0000001000000002 0000000000000000 bits1_36 0 0 226 32.00124 1.27 0 0 0 0 0 0 0 0 0
0000002000000002 0000000000000000 bits1_37 0 0 272 31.99949 -0.52 0 0 0 0 0 0 0 0 0
0000004000000002 0000000000000000 bits1_38 0 0 229 31.99973 -0.28 0 0 0 0 0 0 0 0 0
0000008000000002 0000000000000000 bits1_39 0 0 277 32.00067 0.69 0 0 0 0 0 0 0 0 0
0000010000000002 0000000000000000 bits1_40 0 0 267 32.00068 0.70 0 0 0 0 0 0 0 0 0
0000020000000002 0000000000000000 bits1_41 0 0 236 32.00073 0.74 0 0 0 0 0 0 0 0 0
0000040000000002 0000000000000000 bits1_42 0 0 259 31.99983 -0.18 0 0 0 0 0 0 0 0 0
0000080000000002 0000000000000000 bits1_43 0 0 272 32.00116 1.19 0 0 0 0 0 0 0 0 0
0000100000000002 0000000000000000 bits1_44 0 0 230 31.99526 -4.85 0 0 0 0 0 0 0 0 0
0000200000000002 0000000000000000 bits1_45 0 0 238 31.99811 -1.93 0 0 0 0 0 0 0 0 0
0000400000000002 0000000000000000 bits1_46 0 0 243 31.99195 -8.24 0 0 0 0 0 0 0 0 0
0000800000000002 0000000000000000 bits1_47 0 0 220 31.99883 -1.20 0 0 0 0 0 0 0 0 0
0001000000000002 0000000000000000 bits1_48 0 0 278 31.99820 -1.84 0 0 0 0 0 0 0 0 0
0002000000000002 0000000000000000 bits1_49 0 0 263 32.03784 38.75 0 0 0 0 0 0 0 0 0
0004000000000002 0000000000000000 bits1_50 0 0 300 31.99982 -0.18 0 0 0 0 0 0 0 0 0
0008000000000002 0000000000000000 bits1_51 0 0 290 32.00099 1.01 0 0 0 0 0 0 0 0 0
0010000000000002 0000000000000000 bits1_52 0 0 285 31.99814 -1.90 0 0 0 0 0 0 0 0 0
0020000000000002 0000000000000000 bits1_53 0 0 242 32.00013 0.13 0 0 0 0 0 0 0 0 0
0040000000000002 0000000000000000 bits1_54 0 0 257 31.99728 -2.79 0 0 0 0 0 0 0 0 0
0080000000000002 0000000000000000 bits1_55 0 0 236 32.00035 0.36 0 0 0 0 0 0 0 0 0
0100000000000002 0000000000000000 bits1_56 0 0 274 31.99994 -0.06 0 0 0 0 0 0 0 0 0
0200000000000002 0000000000000000 bits1_57 0 0 249 31.99874 -1.29 0 0 0 0 0 0 0 0 0
0400000000000002 0000000000000000 bits1_58 0 0 240 32.00136 1.39 0 0 0 0 0 0 0 0 0
0800000000000002 0000000000000000 bits1_59 0 0 242 31.99931 -0.70 0 0 0 0 0 0 0 0 0
1000000000000002 0000000000000000 bits1_60 0 0 262 32.00350 3.59 0 0 0 0 0 0 0 0 0
2000000000000002 0000000000000000 bits1_61 0 0 283 31.99888 -1.15 0 0 0 0 0 0 0 0 0
4000000000000002 0000000000000000 bits1_62 0 0 267 32.00676 6.92 0 0 0 0 0 0 0 0 0
8000000000000002 0000000000000000 bits1_63 0 0 237 32.00121 1.24 0 0 0 0 0 0 0 0 0
000000000000000c 0000000000000000 bits2_3 0 0 268 31.99103 -9.19 0 0 0 0 0 0 0 0 0
0000000000000014 0000000000000000 bits2_4 0 0 253 32.00068 0.70 0 0 0 0 0 0 0 0 0
0000000000000024 0000000000000000 bits2_5 0 0 267 32.00362 3.71 0 0 0 0 0 0 0 0 0
0000000000000044 0000000000000000 bits2_6 0 0 264 31.99848 -1.55 0 0 0 0 0 0 0 0 0
0000000000000084 0000000000000000 bits2_7 0 0 245 32.00228 2.34 0 0 0 0 0 0 0 0 0
0000000000000104 0000000000000000 bits2_8 0 0 234 31.99922 -0.80 0 0 0 0 0 0 0 0 0
0000000000000204 0000000000000000 bits2_9 0 0 277 32.00196 2.01 0 0 0 0 0 0 0 0 0
0000000000000404 0000000000000000 bits2_10 0 0 265 32.00071 0.73 0 0 0 0 0 0 0 0 0
0000000000000804 0000000000000000 bits2_11 0 0 252 32.00118 1.21 0 0 0 0 0 0 0 0 0
0000000000001004 0000000000000000 bits2_12 0 0 261 32.00145 1.48 0 0 0 0 0 0 0 0 0
0000000000002004 0000000000000000 bits2_13 0 0 267 31.99795 -2.10 0 0 0 0 0 0 0 0 0
0000000000004004 0000000000000000 bits2_14 0 0 271 31.99799 -2.06 0 0 0 0 0 0 0 0 0
0000000000008004 0000000000000000 bits2_15 0 0 241 31.99638 -3.71 0 0 0 0 0 0 0 0 0
0000000000010004 0000000000000000 bits2_16 0 0 278 32.00021 0.22 0 0 0 0 0 0 0 0 0
0000000000020004 0000000000000000 bits2_17 0 0 241 31.99929 -0.73 0 0 0 0 0 0 0 0 0
0000000000040004 0000000000000000 bits2_18 0 0 267 32.03824 39.16 0 0 0 0 0 0 0 0 0
0000000000080004 0000000000000000 bits2_19 0 0 258 31.99816 -1.89 0 0 0 0 0 0 0 0 0
0000000000100004 0000000000000000 bits2_20 0 0 226 32.00129 1.32 0 0 0 0 0 0 0 0 0
0000000000200004 0000000000000000 bits2_21 0 0 271 31.99471 -5.42 0 0 0 0 0 0 0 0 0
0000000000400004 0000000000000000 bits2_22 0 0 259 31.99808 -1.97 0 0 0 0 0 0 0 0 0
0000000000800004 0000000000000000 bits2_23 0 0 300 31.99503 -5.09 0 0 0 0 0 0 0 0 0
0000000001000004 0000000000000000 bits2_24 0 0 244 31.99956 -0.45 0 0 0 0 0 0 0 0 0
0000000002000004 0000000000000000 bits2_25 0 0 256 31.99981 -0.19 0 0 0 0 0 0 0 0 0
0000000004000004 0000000000000000 bits2_26 0 0 235 32.00060 0.62 0 0 0 0 0 0 0 0 0
0000000008000004 0000000000000000 bits2_27 0 0 276 32.00071 0.73 0 0 0 0 0 0 0 0 0
0000000010000004 0000000000000000 bits2_28 0 0 237 32.00265 2.72 0 0 0 0 0 0 0 0 0
0000000020000004 0000000000000000 bits2_29 0 0 255 32.00176 1.80 0 0 0 0 0 0 0 0 0
0000000040000004 0000000000000000 bits2_30 0 0 250 31.99840 -1.63 0 0 0 0 0 0 0 0 0
0000000080000004 0000000000000000 bits2_31 0 0 224 32.00354 3.63 0 0 0 0 0 0 0 0 0
0000000100000004 0000000000000000 bits2_32 0 0 254 32.00057 0.58 0 0 0 0 0 0 0 0 0
0000000200000004 0000000000000000 bits2_33 0 0 257 32.00062 0.63 0 0 0 0 0 0 0 0 0
0000000400000004 0000000000000000 bits2_34 0 0 265 31.98174 -18.70 0 0 0 0 0 0 0 0 0
0000000800000004 0000000000000000 bits2_35 0 0 245 32.00056 0.57 0 0 0 0 0 0 0 0 0
0000001000000004 0000000000000000 bits2_36 0 0 269 31.99906 -0.96 0 0 0 0 0 0 0 0 0
0000002000000004 0000000000000000 bits2_37 0 0 269 32.00144 1.47 0 0 0 0 0 0 0 0 0
0000004000000004 0000000000000000 bits2_38 0 0 261 32.00038 0.39 0 0 0 0 0 0 0 0 0
0000008000000004 0000000000000000 bits2_39 0 0 263 32.00169 1.73 0 0 0 0 0 0 0 0 0
0000010000000004 0000000000000000 bits2_40 0 0 248 31.99951 -0.50 0 0 0 0 0 0 0 0 0
0000020000000004 0000000000000000 bits2_41 0 0 255 31.99977 -0.24 0 0 0 0 0 0 0 0 0
0000040000000004 0000000000000000 bits2_42 0 0 264 31.99979 -0.22 0 0 0 0 0 0 0 0 0
0000080000000004 0000000000000000 bits2_43 0 0 283 31.99735 -2.72 0 0 0 0 0 0 0 0 0
0000100000000004 0000000000000000 bits2_44 0 0 270 31.99887 -1.16 0 0 0 0 0 0 0 0 0
0000200000000004 0000000000000000 bits2_45 0 0 249 31.99648 -3.60 0 0 0 0 0 0 0 0 0
0000400000000004 0000000000000000 bits2_46 0 0 260 31.99623 -3.86 0 0 0 0 0 0 0 0 0
0000800000000004 0000000000000000 bits2_47 0 0 246 31.99041 -9.82 0 0 0 0 0 0 0 0 0
0001000000000004 0000000000000000 bits2_48 0 0 277 32.00014 0.14 0 0 0 0 0 0 0 0 0
0002000000000004 0000000000000000 bits2_49 0 0 243 31.99858 -1.45 0 0 0 0 0 0 0 0 0
0004000000000004 0000000000000000 bits2_50 0 0 237 32.03990 40.86 0 0 0 0 0 0 0 0 0
0008000000000004 0000000000000000 bits2_51 0 0 224 32.00198 2.03 0 0 0 0 0 0 0 0 0
0010000000000004 0000000000000000 bits2_52 0 0 240 31.99979 -0.22 0 0 0 0 0 0 0 0 0
0020000000000004 0000000000000000 bits2_53 0 0 248 32.00009 0.09 0 0 0 0 0 0 0 0 0
0040000000000004 0000000000000000 bits2_54 0 0 238 31.99952 -0.49 0 0 0 0 0 0 0 0 0
0080000000000004 0000000000000000 bits2_55 0 0 247 31.99926 -0.76 0 0 0 0 0 0 0 0 0
0100000000000004 0000000000000000 bits2_56 0 0 248 31.99875 -1.28 0 0 0 0 0 0 0 1 0
0200000000000004 0000000000000000 bits2_57 0 0 261 32.00020 0.21 0 0 0 0 0 0 0 0 0
0400000000000004 0000000000000000 bits2_58 0 0 264 31.99872 -1.31 0 0 0 0 0 0 0 0 0
0800000000000004 0000000000000000 bits2_59 0 0 274 32.00049 0.50 0 0 0 0 0 0 0 0 0
1000000000000004 0000000000000000 bits2_60 0 0 244 32.00026 0.27 0 0 0 0 0 0 0 0 0
2000000000000004 0000000000000000 bits2_61 0 0 246 32.00440 4.51 0 0 0 0 0 0 0 0 0
4000000000000004 0000000000000000 bits2_62 0 0 263 31.99524 -4.88 0 0 0 0 0 0 0 0 0
8000000000000004 0000000000000000 bits2_63 0 0 243 32.01562 15.99 0 0 0 0 0 0 0 0 0
0000000000000018 0000000000000000 bits3_4 0 0 291 31.99191 -8.28 0 0 0 0 0 0 0 0 0
0000000000000028 0000000000000000 bits3_5 0 0 247 31.99839 -1.64 0 0 0 0 0 0 0 0 0
0000000000000048 0000000000000000 bits3_6 0 0 277 32.00707 7.24 0 0 0 0 0 0 0 0 0
0000000000000088 0000000000000000 bits3_7 0 0 236 31.99861 -1.43 0 0 0 0 0 0 0 0 0
0000000000000108 0000000000000000 bits3_8 0 0 256 32.00165 1.69 0 0 0 0 0 0 0 0 0
0000000000000208 0000000000000000 bits3_9 0 0 264 31.99936 -0.66 0 0 0 0 0 0 0 0 0
0000000000000408 0000000000000000 bits3_10 0 0 273 32.00029 0.29 0 0 0 0 0 0 0 0 0
0000000000000808 0000000000000000 bits3_11 0 0 254 31.99905 -0.97 0 0 0 0 0 0 0 0 0
0000000000001008 0000000000000000 bits3_12 0 0 247 32.00083 0.85 0 0 0 0 0 0 0 0 0
0000000000002008 0000000000000000 bits3_13 0 0 232 32.00023 0.23 0 0 0 0 0 0 0 0 0
0000000000004008 0000000000000000 bits3_14 0 0 275 31.99658 -3.51 0 0 0 0 0 0 0 0 0
0000000000008008 0000000000000000 bits3_15 0 0 256 31.99947 -0.54 0 0 0 0 0 0 0 0 0
0000000000010008 0000000000000000 bits3_16 0 0 241 31.99682 -3.26 0 0 0 0 0 0 0 0 0
0000000000020008 0000000000000000 bits3_17 0 0 253 32.00034 0.35 0 0 0 0 0 0 0 0 0
0000000000040008 0000000000000000 bits3_18 0 0 252 31.99980 -0.21 0 0 0 0 0 0 0 0 0
0000000000080008 0000000000000000 bits3_19 0 0 264 32.03375 34.56 0 0 0 0 0 0 0 0 0
0000000000100008 0000000000000000 bits3_20 0 0 238 32.00007 0.07 0 0 0 0 0 0 0 0 0
0000000000200008 0000000000000000 bits3_21 0 0 250 31.99918 -0.84 0 0 0 0 0 0 0 0 0
0000000000400008 0000000000000000 bits3_22 0 0 269 31.99057 -9.66 0 0 0 0 0 0 0 0 0
0000000000800008 0000000000000000 bits3_23 0 0 266 31.99458 -5.55 0 0 0 0 0 0 0 0 0
0000000001000008 0000000000000000 bits3_24 0 0 267 31.99619 -3.90 0 0 0 0 0 0 0 0 0
0000000002000008 0000000000000000 bits3_25 0 0 252 32.00021 0.22 0 0 0 0 0 0 0 0 0
0000000004000008 0000000000000000 bits3_26 0 0 234 31.99943 -0.59 0 0 0 0 0 0 0 0 0
0000000008000008 0000000000000000 bits3_27 0 0 250 31.99866 -1.37 0 0 0 0 0 0 0 0 0
0000000010000008 0000000000000000 bits3_28 0 0 258 32.00047 0.48 0 0 0 0 0 0 0 0 0
0000000020000008 0000000000000000 bits3_29 0 0 260 32.00117 1.20 0 0 0 0 0 0 0 0 0
