# variant=11 W=1 log2keys=24 seed=4375 mode=R N=16777216
# d0 d1 name coll low32 low16 meanpop z hist0..8
0020000000040000 0000000000000000 bits18_53 0 0 264 32.00086 0.88 0 0 0 0 0 0 0 0 0
0040000000040000 0000000000000000 bits18_54 0 0 281 32.00082 0.84 0 0 0 0 0 0 0 0 0
0080000000040000 0000000000000000 bits18_55 0 0 268 32.00176 1.80 0 0 0 0 0 0 0 0 0
0100000000040000 0000000000000000 bits18_56 0 0 242 31.99983 -0.17 0 0 0 0 0 0 0 0 0
0200000000040000 0000000000000000 bits18_57 0 0 243 32.00026 0.26 0 0 0 0 0 0 0 0 0
0400000000040000 0000000000000000 bits18_58 0 0 265 32.00060 0.62 0 0 0 0 0 0 0 0 0
0800000000040000 0000000000000000 bits18_59 0 0 257 31.99861 -1.42 0 0 0 0 0 0 0 0 0
1000000000040000 0000000000000000 bits18_60 0 0 254 31.99923 -0.79 0 0 0 0 0 0 0 0 0
2000000000040000 0000000000000000 bits18_61 0 0 234 31.99530 -4.81 0 0 0 0 0 0 0 0 0
4000000000040000 0000000000000000 bits18_62 0 0 258 31.99677 -3.31 0 0 0 0 0 0 0 0 0
8000000000040000 0000000000000000 bits18_63 0 0 265 31.97882 -21.69 0 0 0 0 0 0 0 0 0
0000000000180000 0000000000000000 bits19_20 0 0 246 31.99169 -8.51 0 0 0 0 0 0 0 0 0
0000000000280000 0000000000000000 bits19_21 0 0 275 32.00195 1.99 0 0 0 0 0 0 0 0 0
0000000000480000 0000000000000000 bits19_22 0 0 230 32.00804 8.24 0 0 0 0 0 0 0 0 0
0000000000880000 0000000000000000 bits19_23 0 0 263 32.00010 0.10 0 0 0 0 0 0 0 0 0
0000000001080000 0000000000000000 bits19_24 0 0 272 32.00148 1.52 0 0 0 0 0 0 0 0 0
0000000002080000 0000000000000000 bits19_25 0 0 261 32.00023 0.24 0 0 0 0 0 0 0 0 0
0000000004080000 0000000000000000 bits19_26 0 0 240 32.00169 1.73 0 0 0 0 0 0 0 0 0
0000000008080000 0000000000000000 bits19_27 0 0 255 32.00013 0.14 0 0 0 0 0 0 0 0 0
0000000010080000 0000000000000000 bits19_28 0 0 245 32.00000 0.00 0 0 0 0 0 0 0 0 0
0000000020080000 0000000000000000 bits19_29 0 0 269 31.99816 -1.89 0 0 0 0 0 0 0 0 0
0000000040080000 0000000000000000 bits19_30 0 0 269 31.99529 -4.82 0 0 0 0 0 0 0 0 0
0000000080080000 0000000000000000 bits19_31 0 0 248 31.99971 -0.30 0 0 0 0 0 0 0 0 0
0000000100080000 0000000000000000 bits19_32 0 0 256 31.99677 -3.31 0 0 0 0 0 0 0 0 0
0000000200080000 0000000000000000 bits19_33 0 0 256 32.00022 0.22 0 0 0 0 0 0 0 0 0
0000000400080000 0000000000000000 bits19_34 0 0 243 31.99961 -0.40 0 0 0 0 0 0 0 0 0
0000000800080000 0000000000000000 bits19_35 0 0 239 32.03553 36.38 0 0 0 0 0 0 0 0 0
0000001000080000 0000000000000000 bits19_36 0 0 260 31.99791 -2.14 0 0 0 0 0 0 0 0 0
0000002000080000 0000000000000000 bits19_37 0 0 251 31.99926 -0.76 0 0 0 0 0 0 0 0 0
0000004000080000 0000000000000000 bits19_38 0 0 247 31.99129 -8.92 0 0 0 0 0 0 0 0 0
0000008000080000 0000000000000000 bits19_39 0 0 262 31.99953 -0.48 0 0 0 0 0 0 0 0 0
0000010000080000 0000000000000000 bits19_40 0 0 261 31.99928 -0.74 0 0 0 0 0 0 0 0 0
0000020000080000 0000000000000000 bits19_41 0 0 248 31.99792 -2.13 0 0 0 0 0 0 0 0 0
0000040000080000 0000000000000000 bits19_42 0 0 245 32.00089 0.91 0 0 0 0 0 0 0 0 0
0000080000080000 0000000000000000 bits19_43 0 0 229 31.99962 -0.39 0 0 0 0 0 0 0 0 0
0000100000080000 0000000000000000 bits19_44 0 0 274 31.99956 -0.45 0 0 0 0 0 0 0 0 0
0000200000080000 0000000000000000 bits19_45 0 0 252 31.99928 -0.73 0 0 0 0 0 0 0 0 0
0000400000080000 0000000000000000 bits19_46 0 0 258 32.00244 2.49 0 0 0 0 0 0 0 0 0
0000800000080000 0000000000000000 bits19_47 0 0 258 31.99060 -9.62 0 0 0 0 0 0 0 0 0
0001000000080000 0000000000000000 bits19_48 0 0 262 32.00273 2.79 0 0 0 0 0 0 0 0 0
0002000000080000 0000000000000000 bits19_49 0 0 281 32.00093 0.95 0 0 0 0 0 0 0 0 0
0004000000080000 0000000000000000 bits19_50 0 0 263 31.99942 -0.59 0 0 0 0 0 0 0 0 0
0008000000080000 0000000000000000 bits19_51 0 0 248 31.98088 -19.57 0 0 0 0 0 0 0 0 0
0010000000080000 0000000000000000 bits19_52 0 0 247 31.99966 -0.35 0 0 0 0 0 0 0 0 0
0020000000080000 0000000000000000 bits19_53 0 0 240 31.99951 -0.50 0 0 0 0 0 0 0 0 0
0040000000080000 0000000000000000 bits19_54 0 0 263 32.00376 3.85 0 0 0 0 0 0 0 0 0
0080000000080000 0000000000000000 bits19_55 0 0 249 31.99922 -0.79 0 0 0 0 0 0 0 0 0
0100000000080000 0000000000000000 bits19_56 0 0 267 32.00102 1.04 0 0 0 0 0 0 0 0 0
0200000000080000 0000000000000000 bits19_57 0 0 261 32.00123 1.26 0 0 0 0 0 0 0 0 0
0400000000080000 0000000000000000 bits19_58 0 0 248 32.00069 0.70 0 0 0 0 0 0 0 0 0
0800000000080000 0000000000000000 bits19_59 0 0 249 32.00060 0.61 0 0 0 0 0 0 0 0 0
1000000000080000 0000000000000000 bits19_60 0 0 250 32.00156 1.59 0 0 0 0 0 0 0 0 0
2000000000080000 0000000000000000 bits19_61 0 0 251 31.99988 -0.13 0 0 0 0 0 0 0 0 0
4000000000080000 0000000000000000 bits19_62 0 0 253 31.99492 -5.20 0 0 0 0 0 0 0 0 0
8000000000080000 0000000000000000 bits19_63 0 0 261 31.99574 -4.36 0 0 0 0 0 0 0 0 0
0000000000300000 0000000000000000 bits20_21 0 0 249 31.99650 -3.59 0 0 0 0 0 0 0 0 0
0000000000500000 0000000000000000 bits20_22 0 0 263 32.00095 0.97 0 0 0 0 0 0 0 0 0
0000000000900000 0000000000000000 bits20_23 0 0 250 32.00959 9.82 0 0 0 0 0 0 0 0 0
0000000001100000 0000000000000000 bits20_24 0 0 258 31.99957 -0.44 0 0 0 0 0 0 0 0 0
0000000002100000 0000000000000000 bits20_25 0 0 277 32.00312 3.19 0 0 0 0 0 0 0 0 0
0000000004100000 0000000000000000 bits20_26 0 0 241 31.99996 -0.04 0 0 0 0 0 0 0 0 0
0000000008100000 0000000000000000 bits20_27 0 0 243 31.99993 -0.07 0 0 0 0 0 0 0 0 0
0000000010100000 0000000000000000 bits20_28 0 0 260 32.00123 1.26 0 0 0 0 0 0 0 0 0
0000000020100000 0000000000000000 bits20_29 0 0 240 32.00204 2.09 0 0 0 0 0 0 0 0 0
0000000040100000 0000000000000000 bits20_30 0 0 249 31.99896 -1.07 0 0 0 0 0 0 0 0 0
0000000080100000 0000000000000000 bits20_31 0 0 253 31.99788 -2.17 0 0 0 0 0 0 0 0 0
0000000100100000 0000000000000000 bits20_32 0 0 248 31.99873 -1.30 0 0 0 0 0 0 0 0 0
0000000200100000 0000000000000000 bits20_33 0 0 245 31.99622 -3.87 0 0 0 0 0 0 0 0 0
0000000400100000 0000000000000000 bits20_34 0 0 261 32.00017 0.18 0 0 0 0 0 0 0 0 0
0000000800100000 0000000000000000 bits20_35 0 0 260 32.00142 1.46 0 0 0 0 0 0 0 0 0
0000001000100000 0000000000000000 bits20_36 0 0 267 32.03208 32.85 0 0 0 0 0 0 0 0 0
0000002000100000 0000000000000000 bits20_37 0 0 249 32.00082 0.84 0 0 0 0 0 0 0 0 0
0000004000100000 0000000000000000 bits20_38 0 0 251 31.99991 -0.10 0 0 0 0 0 0 0 0 0
0000008000100000 0000000000000000 bits20_39 0 0 269 31.99120 -9.01 0 0 0 0 0 0 0 0 0
0000010000100000 0000000000000000 bits20_40 0 0 278 31.99966 -0.34 0 0 0 0 0 0 0 0 0
0000020000100000 0000000000000000 bits20_41 0 0 256 31.99596 -4.14 0 0 0 0 0 0 0 0 0
0000040000100000 0000000000000000 bits20_42 0 0 265 31.99874 -1.29 0 0 0 0 0 0 0 0 0
0000080000100000 0000000000000000 bits20_43 0 0 249 31.99816 -1.88 0 0 0 0 0 0 0 0 0
0000100000100000 0000000000000000 bits20_44 0 0 286 31.99992 -0.09 0 0 0 0 0 0 0 0 0
0000200000100000 0000000000000000 bits20_45 0 0 251 31.99740 -2.66 0 0 0 0 0 0 0 0 0
0000400000100000 0000000000000000 bits20_46 0 0 253 31.99961 -0.40 0 0 0 0 0 0 0 0 0
0000800000100000 0000000000000000 bits20_47 0 0 248 32.00507 5.20 0 0 0 0 0 0 0 0 0
0001000000100000 0000000000000000 bits20_48 0 0 257 31.99942 -0.59 0 0 0 0 0 0 0 0 0
0002000000100000 0000000000000000 bits20_49 0 0 275 32.00219 2.25 0 0 0 0 0 0 0 0 0
0004000000100000 0000000000000000 bits20_50 0 0 286 32.00054 0.55 0 0 0 0 0 0 0 0 0
0008000000100000 0000000000000000 bits20_51 0 0 275 31.99758 -2.47 0 0 0 0 0 0 0 0 0
0010000000100000 0000000000000000 bits20_52 0 0 228 31.98513 -15.23 0 0 0 0 0 0 0 0 0
0020000000100000 0000000000000000 bits20_53 0 0 253 31.99791 -2.14 0 0 0 0 0 0 0 0 0
0040000000100000 0000000000000000 bits20_54 0 0 264 32.00074 0.76 0 0 0 0 0 0 0 0 0
0080000000100000 0000000000000000 bits20_55 0 0 270 32.00354 3.62 0 0 0 0 0 0 0 0 0
0100000000100000 0000000000000000 bits20_56 0 0 253 31.99930 -0.71 0 0 0 0 0 0 0 0 0
0200000000100000 0000000000000000 bits20_57 0 0 256 31.99996 -0.04 0 0 0 0 0 0 0 0 0
0400000000100000 0000000000000000 bits20_58 0 0 223 31.99902 -1.00 0 0 0 0 0 0 0 0 0
0800000000100000 0000000000000000 bits20_59 0 0 266 31.99966 -0.35 0 0 0 0 0 0 0 0 0
1000000000100000 0000000000000000 bits20_60 0 0 266 32.00106 1.08 0 0 0 0 0 0 0 0 0
2000000000100000 0000000000000000 bits20_61 0 0 268 31.99955 -0.46 0 0 0 0 0 0 0 0 0
4000000000100000 0000000000000000 bits20_62 0 0 276 32.00048 0.50 0 0 0 0 0 0 0 0 0
8000000000100000 0000000000000000 bits20_63 0 0 267 31.99343 -6.73 0 0 0 0 0 0 0 0 0
0000000000600000 0000000000000000 bits21_22 0 0 258 31.99355 -6.61 0 0 0 0 0 0 0 0 0
0000000000a00000 0000000000000000 bits21_23 0 0 263 31.99964 -0.37 0 0 0 0 0 0 0 0 0
0000000001200000 0000000000000000 bits21_24 0 0 266 32.00529 5.42 0 0 0 0 0 0 0 0 0
0000000002200000 0000000000000000 bits21_25 0 0 268 31.99870 -1.33 0 0 0 0 0 0 0 0 0
0000000004200000 0000000000000000 bits21_26 0 0 267 32.00300 3.07 0 0 0 0 0 0 0 0 0
0000000008200000 0000000000000000 bits21_27 0 0 260 31.99991 -0.09 0 0 0 0 0 0 0 0 0
0000000010200000 0000000000000000 bits21_28 0 0 271 32.00221 2.26 0 0 0 0 0 0 0 0 0
0000000020200000 0000000000000000 bits21_29 0 0 281 31.99986 -0.15 0 0 0 0 0 0 0 0 0
0000000040200000 0000000000000000 bits21_30 0 0 259 32.00080 0.82 0 0 0 0 0 0 0 0 0
0000000080200000 0000000000000000 bits21_31 0 0 280 32.00159 1.63 0 0 0 0 0 0 0 0 0
0000000100200000 0000000000000000 bits21_32 0 0 260 31.99550 -4.61 0 0 0 0 0 0 0 0 0
0000000200200000 0000000000000000 bits21_33 0 0 259 32.00037 0.38 0 0 0 0 0 0 0 0 0
0000000400200000 0000000000000000 bits21_34 0 0 272 31.99847 -1.57 0 0 0 0 0 0 0 0 0
0000000800200000 0000000000000000 bits21_35 0 0 237 31.99985 -0.16 0 0 0 0 0 0 0 0 0
0000001000200000 0000000000000000 bits21_36 0 0 276 31.99949 -0.52 0 0 0 0 0 0 0 0 0
0000002000200000 0000000000000000 bits21_37 0 0 267 32.03611 36.97 0 0 0 0 0 0 0 0 0
0000004000200000 0000000000000000 bits21_38 0 0 286 31.99897 -1.05 0 0 0 0 0 0 0 0 0
0000008000200000 0000000000000000 bits21_39 0 0 261 31.99974 -0.26 0 0 0 0 0 0 0 0 0
0000010000200000 0000000000000000 bits21_40 0 0 268 31.99361 -6.54 0 0 0 0 0 0 0 0 0
0000020000200000 0000000000000000 bits21_41 0 0 247 31.99912 -0.90 0 0 0 0 0 0 0 0 0
0000040000200000 0000000000000000 bits21_42 0 0 249 31.99844 -1.60 0 0 0 0 0 0 0 0 0
0000080000200000 0000000000000000 bits21_43 0 0 291 31.99758 -2.48 0 0 0 0 0 0 0 0 0
0000100000200000 0000000000000000 bits21_44 0 0 264 31.99958 -0.43 0 0 0 0 0 0 0 0 0
0000200000200000 0000000000000000 bits21_45 0 0 258 31.99828 -1.76 0 0 0 0 0 0 0 0 0
0000400000200000 0000000000000000 bits21_46 0 0 257 32.00112 1.14 0 0 0 0 0 0 0 0 0
0000800000200000 0000000000000000 bits21_47 0 0 257 31.99901 -1.01 0 0 0 0 0 0 0 0 0
0001000000200000 0000000000000000 bits21_48 0 0 257 32.00194 1.99 0 0 0 0 0 0 0 0 0
0002000000200000 0000000000000000 bits21_49 0 0 262 31.99864 -1.39 0 0 0 0 0 0 0 0 0
0004000000200000 0000000000000000 bits21_50 0 0 255 32.00231 2.37 0 0 0 0 0 0 0 0 0
0008000000200000 0000000000000000 bits21_51 0 0 253 31.99978 -0.23 0 0 0 0 0 0 0 0 0
0010000000200000 0000000000000000 bits21_52 0 0 242 32.00139 1.43 0 0 0 0 0 0 0 0 0
0020000000200000 0000000000000000 bits21_53 0 0 270 31.98193 -18.51 0 0 0 0 0 0 0 0 1
0040000000200000 0000000000000000 bits21_54 0 0 258 32.00000 -0.00 0 0 0 0 0 0 0 0 0
0080000000200000 0000000000000000 bits21_55 0 0 258 32.00172 1.76 0 0 0 0 0 0 0 0 0
0100000000200000 0000000000000000 bits21_56 0 0 243 32.00342 3.50 0 0 0 0 0 0 0 0 0
0200000000200000 0000000000000000 bits21_57 0 0 252 32.00021 0.21 0 0 0 0 0 0 0 0 0
0400000000200000 0000000000000000 bits21_58 0 0 241 31.99942 -0.59 0 0 0 0 0 0 0 0 0
0800000000200000 0000000000000000 bits21_59 0 0 237 31.99896 -1.07 0 0 0 0 0 0 0 0 0
1000000000200000 0000000000000000 bits21_60 0 0 251 31.99944 -0.57 0 0 0 0 0 0 0 0 0
2000000000200000 0000000000000000 bits21_61 0 0 230 31.99921 -0.81 0 0 0 0 0 0 0 0 0
4000000000200000 0000000000000000 bits21_62 0 0 245 31.99898 -1.04 0 0 0 0 0 0 0 0 0
8000000000200000 0000000000000000 bits21_63 0 0 278 31.99948 -0.54 0 0 0 0 0 0 0 0 0
0000000000c00000 0000000000000000 bits22_23 0 0 289 31.95889 -42.10 0 0 0 0 0 0 0 0 0
0000000001400000 0000000000000000 bits22_24 0 0 275 31.99426 -5.88 0 0 0 0 0 0 0 0 0
0000000002400000 0000000000000000 bits22_25 0 0 271 32.00467 4.79 0 0 0 0 0 0 0 0 0
0000000004400000 0000000000000000 bits22_26 0 0 277 31.99696 -3.11 0 0 0 0 0 0 0 0 0
0000000008400000 0000000000000000 bits22_27 0 0 257 32.00172 1.76 0 0 0 0 0 0 0 0 0
0000000010400000 0000000000000000 bits22_28 0 0 245 31.99981 -0.20 0 0 0 0 0 0 0 0 0
0000000020400000 0000000000000000 bits22_29 0 0 257 31.99949 -0.52 0 0 0 0 0 0 0 0 0
0000000040400000 0000000000000000 bits22_30 0 0 274 31.99987 -0.13 0 0 0 0 0 0 0 0 0
0000000080400000 0000000000000000 bits22_31 0 0 244 31.99896 -1.06 0 0 0 0 0 0 0 0 0
0000000100400000 0000000000000000 bits22_32 0 0 259 31.99816 -1.88 0 0 0 0 0 0 0 0 0
0000000200400000 0000000000000000 bits22_33 0 0 254 31.99718 -2.89 0 0 0 0 0 0 0 0 0
0000000400400000 0000000000000000 bits22_34 0 0 252 31.99835 -1.69 0 0 0 0 0 0 0 0 0
0000000800400000 0000000000000000 bits22_35 0 0 277 31.99366 -6.49 0 0 0 0 0 0 0 0 0
0000001000400000 0000000000000000 bits22_36 0 0 283 31.99936 -0.66 0 0 0 0 0 0 0 0 0
0000002000400000 0000000000000000 bits22_37 0 0 235 32.00082 0.84 0 0 0 0 0 0 0 0 0
0000004000400000 0000000000000000 bits22_38 0 0 234 32.05981 61.24 0 0 0 0 0 0 0 0 0
0000008000400000 0000000000000000 bits22_39 0 0 247 31.99205 -8.14 0 0 0 0 0 0 0 0 0
0000010000400000 0000000000000000 bits22_40 0 0 262 32.00011 0.11 0 0 0 0 0 0 0 0 0
0000020000400000 0000000000000000 bits22_41 0 0 269 31.99446 -5.67 0 0 0 0 0 0 0 0 0
0000040000400000 0000000000000000 bits22_42 0 0 261 31.99721 -2.85 0 0 0 0 0 0 0 0 0
0000080000400000 0000000000000000 bits22_43 0 0 255 31.99434 -5.79 0 0 0 0 0 0 0 0 0
0000100000400000 0000000000000000 bits22_44 0 0 253 31.99861 -1.43 0 0 0 0 0 0 0 0 0
0000200000400000 0000000000000000 bits22_45 0 0 241 31.99998 -0.02 0 0 0 0 0 0 0 0 0
0000400000400000 0000000000000000 bits22_46 0 0 271 32.00072 0.73 0 0 0 0 0 0 0 0 0
0000800000400000 0000000000000000 bits22_47 0 0 277 31.99866 -1.37 0 0 0 0 0 0 0 0 0
0001000000400000 0000000000000000 bits22_48 0 0 234 32.00138 1.41 0 0 0 0 0 0 0 0 0
0002000000400000 0000000000000000 bits22_49 0 0 242 32.00195 2.00 0 0 0 0 0 0 0 0 0
0004000000400000 0000000000000000 bits22_50 0 0 262 32.00034 0.35 0 0 0 0 0 0 0 0 0
0008000000400000 0000000000000000 bits22_51 0 0 270 32.00215 2.21 0 0 0 0 0 0 0 0 0
0010000000400000 0000000000000000 bits22_52 0 0 262 32.00016 0.16 0 0 0 0 0 0 0 0 0
0020000000400000 0000000000000000 bits22_53 0 0 242 31.99851 -1.52 0 0 0 0 0 0 0 0 0
0040000000400000 0000000000000000 bits22_54 0 0 225 31.97196 -28.71 0 0 0 0 0 0 0 0 0
0080000000400000 0000000000000000 bits22_55 0 0 267 31.99461 -5.52 0 0 0 0 0 0 0 0 0
0100000000400000 0000000000000000 bits22_56 0 0 258 32.00034 0.34 0 0 0 0 0 0 0 0 0
0200000000400000 0000000000000000 bits22_57 0 0 256 32.00340 3.48 0 0 0 0 0 0 0 0 0
0400000000400000 0000000000000000 bits22_58 0 0 260 32.00027 0.28 0 0 0 0 0 0 0 0 0
0800000000400000 0000000000000000 bits22_59 0 0 269 32.00097 1.00 0 0 0 0 0 0 0 0 0
1000000000400000 0000000000000000 bits22_60 0 0 281 32.00062 0.64 0 0 0 0 0 0 0 0 0
2000000000400000 0000000000000000 bits22_61 0 0 272 31.99807 -1.98 0 0 0 0 0 0 0 0 0
4000000000400000 0000000000000000 bits22_62 0 0 243 31.99972 -0.28 0 0 0 0 0 0 0 0 0
8000000000400000 0000000000000000 bits22_63 0 0 254 31.99952 -0.49 0 0 0 0 0 0 0 0 0
0000000001800000 0000000000000000 bits23_24 0 0 259 31.95262 -48.51 0 0 0 0 0 0 0 0 0
0000000002800000 0000000000000000 bits23_25 0 0 274 31.99384 -6.31 0 0 0 0 0 0 0 0 0
0000000004800000 0000000000000000 bits23_26 0 0 281 32.00537 5.50 0 0 0 0 0 0 0 0 0
0000000008800000 0000000000000000 bits23_27 0 0 259 31.99887 -1.16 0 0 0 0 0 0 0 0 0
0000000010800000 0000000000000000 bits23_28 0 0 255 32.00201 2.05 0 0 0 0 0 0 0 0 0
0000000020800000 0000000000000000 bits23_29 0 0 253 32.00128 1.32 0 0 0 0 0 0 0 0 0
0000000040800000 0000000000000000 bits23_30 0 0 251 32.00145 1.48 0 0 0 0 0 0 0 0 0
0000000080800000 0000000000000000 bits23_31 0 0 273 31.99883 -1.19 0 0 0 0 0 0 0 0 0
0000000100800000 0000000000000000 bits23_32 0 0 251 32.00022 0.23 0 0 0 0 0 0 0 0 0
0000000200800000 0000000000000000 bits23_33 0 0 253 32.00088 0.90 0 0 0 0 0 0 0 0 0
0000000400800000 0000000000000000 bits23_34 0 0 260 31.99919 -0.83 0 0 0 0 0 0 0 0 0
0000000800800000 0000000000000000 bits23_35 0 0 293 31.99789 -2.16 0 0 0 0 0 0 0 0 0
0000001000800000 0000000000000000 bits23_36 0 0 246 31.99220 -7.99 0 0 0 0 0 0 0 0 0
0000002000800000 0000000000000000 bits23_37 0 0 260 31.99933 -0.69 0 0 0 0 0 0 0 0 0
0000004000800000 0000000000000000 bits23_38 0 0 255 32.00884 9.05 0 0 0 0 0 0 0 0 0
0000008000800000 0000000000000000 bits23_39 0 0 279 32.05913 60.55 0 0 0 0 0 0 0 0 0
0000010000800000 0000000000000000 bits23_40 0 0 251 31.99187 -8.32 0 0 0 0 0 0 0 0 0
0000020000800000 0000000000000000 bits23_41 0 0 255 31.99698 -3.09 0 0 0 0 0 0 0 0 0
0000040000800000 0000000000000000 bits23_42 0 0 252 31.99428 -5.86 0 0 0 0 0 0 0 0 0
0000080000800000 0000000000000000 bits23_43 0 0 254 31.99735 -2.71 0 0 0 0 0 0 0 0 0
0000100000800000 0000000000000000 bits23_44 0 0 244 31.99079 -9.43 0 0 0 0 0 0 0 0 0
0000200000800000 0000000000000000 bits23_45 0 0 270 31.99864 -1.40 0 0 0 0 0 0 0 0 0
0000400000800000 0000000000000000 bits23_46 0 0 244 31.99861 -1.43 0 0 0 0 0 0 0 0 0
0000800000800000 0000000000000000 bits23_47 0 0 268 32.00054 0.55 0 0 0 0 0 0 0 0 0
0001000000800000 0000000000000000 bits23_48 0 0 251 31.99866 -1.37 0 0 0 0 0 0 0 0 0
0002000000800000 0000000000000000 bits23_49 0 0 278 32.00116 1.19 0 0 0 0 0 0 0 0 0
0004000000800000 0000000000000000 bits23_50 0 0 268 32.00187 1.91 0 0 0 0 0 0 0 0 0
0008000000800000 0000000000000000 bits23_51 0 0 254 32.00018 0.18 0 0 0 0 0 0 0 0 0
0010000000800000 0000000000000000 bits23_52 0 0 255 32.00510 5.22 0 0 0 0 0 0 0 0 0
0020000000800000 0000000000000000 bits23_53 0 0 229 31.99958 -0.43 0 0 0 0 0 0 0 0 0
0040000000800000 0000000000000000 bits23_54 0 0 245 31.99155 -8.65 0 0 0 0 0 0 0 0 0
0080000000800000 0000000000000000 bits23_55 0 0 235 31.96553 -35.29 0 0 0 0 0 0 0 0 0
0100000000800000 0000000000000000 bits23_56 0 0 247 31.99832 -1.72 0 0 0 0 0 0 0 0 0
0200000000800000 0000000000000000 bits23_57 0 0 239 32.00008 0.08 0 0 0 0 0 0 0 0 0
0400000000800000 0000000000000000 bits23_58 0 0 247 32.00253 2.59 0 0 0 0 0 0 0 0 0
0800000000800000 0000000000000000 bits23_59 0 0 250 32.00099 1.02 0 0 0 0 0 0 0 0 0
1000000000800000 0000000000000000 bits23_60 0 0 272 32.00334 3.42 0 0 0 0 0 0 0 0 0
2000000000800000 0000000000000000 bits23_61 0 0 253 32.00175 1.79 0 0 0 0 0 0 0 0 0
4000000000800000 0000000000000000 bits23_62 0 0 271 32.00099 1.01 0 0 0 0 0 0 0 0 1
8000000000800000 0000000000000000 bits23_63 0 0 246 32.00118 1.21 0 0 0 0 0 0 0 0 0
0000000003000000 0000000000000000 bits24_25 0 0 283 31.95613 -44.92 0 0 0 0 0 0 0 0 0
0000000005000000 0000000000000000 bits24_26 0 0 278 31.99466 -5.47 0 0 0 0 0 0 0 0 0
0000000009000000 0000000000000000 bits24_27 0 0 260 32.00458 4.69 0 0 0 0 0 0 0 0 0
0000000011000000 0000000000000000 bits24_28 0 0 226 31.99882 -1.21 0 0 0 0 0 0 0 0 0
0000000021000000 0000000000000000 bits24_29 0 0 265 32.00407 4.17 0 0 0 0 0 0 0 0 0
0000000041000000 0000000000000000 bits24_30 0 0 241 32.00112 1.14 0 0 0 0 0 0 0 0 0
0000000081000000 0000000000000000 bits24_31 0 0 267 31.99897 -1.05 0 0 0 0 0 0 0 0 0
0000000101000000 0000000000000000 bits24_32 0 0 258 32.00049 0.50 0 0 0 0 0 0 0 0 0
0000000201000000 0000000000000000 bits24_33 0 0 275 31.99902 -1.00 0 0 0 0 0 0 0 0 0
0000000401000000 0000000000000000 bits24_34 0 0 269 31.99903 -1.00 0 0 0 0 0 0 0 0 0
0000000801000000 0000000000000000 bits24_35 0 0 249 31.99647 -3.62 0 0 0 0 0 0 0 0 0
0000001001000000 0000000000000000 bits24_36 0 0 270 31.99766 -2.39 0 0 0 0 0 0 0 0 0
0000002001000000 0000000000000000 bits24_37 0 0 242 31.99322 -6.94 0 0 0 0 0 0 0 0 0
0000004001000000 0000000000000000 bits24_38 0 0 250 32.00238 2.43 0 0 0 0 0 0 0 0 0
0000008001000000 0000000000000000 bits24_39 0 0 258 32.00810 8.29 0 0 0 0 0 0 0 0 0
0000010001000000 0000000000000000 bits24_40 0 0 245 32.05453 55.83 0 0 0 0 0 0 0 0 0
0000020001000000 0000000000000000 bits24_41 0 0 277 31.99114 -9.07 0 0 0 0 0 0 0 0 0
0000040001000000 0000000000000000 bits24_42 0 0 287 31.99891 -1.12 0 0 0 0 0 0 0 0 0
0000080001000000 0000000000000000 bits24_43 0 0 246 31.99570 -4.40 0 0 0 0 0 0 0 0 0
0000100001000000 0000000000000000 bits24_44 0 0 276 31.99709 -2.98 0 0 0 0 0 0 0 0 0
0000200001000000 0000000000000000 bits24_45 0 0 271 31.99456 -5.57 0 0 0 0 0 0 0 0 0
0000400001000000 0000000000000000 bits24_46 0 0 278 31.99894 -1.09 0 0 0 0 0 0 0 0 0
0000800001000000 0000000000000000 bits24_47 0 0 242 32.00061 0.62 0 0 0 0 0 0 0 0 0
0001000001000000 0000000000000000 bits24_48 0 0 241 32.00007 0.08 0 0 0 0 0 0 0 0 0
0002000001000000 0000000000000000 bits24_49 0 0 278 32.00049 0.50 0 0 0 0 0 0 0 0 0
0004000001000000 0000000000000000 bits24_50 0 0 270 31.99749 -2.57 0 0 0 0 0 0 0 0 0
0008000001000000 0000000000000000 bits24_51 0 0 252 32.00094 0.97 0 0 0 0 0 0 0 0 0
0010000001000000 0000000000000000 bits24_52 0 0 265 31.99978 -0.23 0 0 0 0 0 0 0 0 0
0020000001000000 0000000000000000 bits24_53 0 0 260 32.00386 3.95 0 0 0 0 0 0 0 0 0
0040000001000000 0000000000000000 bits24_54 0 0 279 31.99804 -2.01 0 0 0 0 0 0 0 0 0
0080000001000000 0000000000000000 bits24_55 0 0 281 31.99453 -5.60 0 0 0 0 0 0 0 0 0
0100000001000000 0000000000000000 bits24_56 0 0 278 31.96670 -34.10 0 0 0 0 0 0 0 0 0
0200000001000000 0000000000000000 bits24_57 0 0 243 31.99710 -2.97 0 0 0 0 0 0 0 0 0
0400000001000000 0000000000000000 bits24_58 0 0 257 31.99909 -0.94 0 0 0 0 0 0 0 0 0
0800000001000000 0000000000000000 bits24_59 0 0 248 32.00296 3.03 0 0 0 0 0 0 0 0 0
1000000001000000 0000000000000000 bits24_60 0 0 280 31.99926 -0.75 0 0 0 0 0 0 0 0 0
2000000001000000 0000000000000000 bits24_61 0 0 233 32.00450 4.61 0 0 0 0 0 0 0 0 0
4000000001000000 0000000000000000 bits24_62 0 0 286 32.00010 0.10 0 0 0 0 0 0 0 0 0
8000000001000000 0000000000000000 bits24_63 0 0 248 31.99966 -0.35 0 0 0 0 0 0 0 0 0
0000000006000000 0000000000000000 bits25_26 0 0 333 31.95305 -48.08 0 0 0 0 0 0 0 0 0
000000000a000000 0000000000000000 bits25_27 0 0 257 32.00060 0.61 0 0 0 0 0 0 0 0 0
0000000012000000 0000000000000000 bits25_28 0 0 228 32.00640 6.55 0 0 0 0 0 0 0 0 0
0000000022000000 0000000000000000 bits25_29 0 0 254 31.99865 -1.38 0 0 0 0 0 0 0 0 0
