# variant=11 W=2 log2keys=22 seed=4391 mode=R N=4194304
# d0 d1 name coll low32 low16 meanpop z hist0..8
0000000000000000 4000000000100000 bits84_126 0 0 62 31.99866 -0.69 0 0 0 0 0 0 0 0 0
0000000000000000 8000000000100000 bits84_127 0 0 64 31.99300 -3.59 0 0 0 0 0 0 0 0 0
0000000000000000 0000000000600000 bits85_86 0 0 51 31.99086 -4.68 0 0 0 0 0 0 0 0 0
0000000000000000 0000000000a00000 bits85_87 0 0 77 32.00391 2.00 0 0 0 0 0 0 0 0 0
0000000000000000 0000000001200000 bits85_88 0 0 57 32.00567 2.90 0 0 0 0 0 0 0 0 0
0000000000000000 0000000002200000 bits85_89 0 0 63 31.99733 -1.36 0 0 0 0 0 0 0 0 0
0000000000000000 0000000004200000 bits85_90 0 0 64 32.00142 0.73 0 0 0 0 0 0 0 0 0
0000000000000000 0000000008200000 bits85_91 0 0 61 32.00160 0.82 0 0 0 0 0 0 0 0 0
0000000000000000 0000000010200000 bits85_92 0 0 67 32.00351 1.80 0 0 0 0 0 0 0 0 0
0000000000000000 0000000020200000 bits85_93 0 0 56 31.99879 -0.62 0 0 0 0 0 0 0 0 0
0000000000000000 0000000040200000 bits85_94 0 0 82 32.00116 0.59 0 0 0 0 0 0 0 0 0
0000000000000000 0000000080200000 bits85_95 0 0 67 31.99965 -0.18 0 0 0 0 0 0 0 0 0
0000000000000000 0000000100200000 bits85_96 0 0 53 32.00131 0.67 0 0 0 0 0 0 0 0 0
0000000000000000 0000000200200000 bits85_97 0 0 66 31.99874 -0.65 0 0 0 0 0 0 0 0 0
0000000000000000 0000000400200000 bits85_98 0 0 59 31.99384 -3.15 0 0 0 0 0 0 0 0 0
0000000000000000 0000000800200000 bits85_99 0 0 58 31.99965 -0.18 0 0 0 0 0 0 0 0 0
0000000000000000 0000001000200000 bits85_100 0 0 60 31.99827 -0.89 0 0 0 0 0 0 0 0 0
0000000000000000 0000002000200000 bits85_101 0 0 66 32.03420 17.51 0 0 0 0 0 0 0 0 0
0000000000000000 0000004000200000 bits85_102 0 0 64 31.99879 -0.62 0 0 0 0 0 0 0 0 0
0000000000000000 0000008000200000 bits85_103 0 0 61 31.99930 -0.36 0 0 0 0 0 0 0 0 0
0000000000000000 0000010000200000 bits85_104 0 0 55 31.99057 -4.83 0 0 0 0 0 0 0 0 0
0000000000000000 0000020000200000 bits85_105 0 0 59 31.99858 -0.73 0 0 0 0 0 0 0 0 0
0000000000000000 0000040000200000 bits85_106 0 0 46 31.99965 -0.18 0 0 0 0 0 0 0 0 0
0000000000000000 0000080000200000 bits85_107 0 0 75 32.00226 1.16 0 0 0 0 0 0 0 0 0
0000000000000000 0000100000200000 bits85_108 0 0 80 31.99873 -0.65 0 0 0 0 0 0 0 0 0
0000000000000000 0000200000200000 bits85_109 0 0 45 31.99983 -0.09 0 0 0 0 0 0 0 0 0
0000000000000000 0000400000200000 bits85_110 0 0 76 32.00236 1.21 0 0 0 0 0 0 0 0 0
0000000000000000 0000800000200000 bits85_111 0 0 70 32.00006 0.03 0 0 0 0 0 0 0 0 0
0000000000000000 0001000000200000 bits85_112 0 0 53 32.00130 0.67 0 0 0 0 0 0 0 0 0
0000000000000000 0002000000200000 bits85_113 0 0 66 31.99711 -1.48 0 0 0 0 0 0 0 0 0
0000000000000000 0004000000200000 bits85_114 0 0 64 32.00312 1.60 0 0 0 0 0 0 0 0 0
0000000000000000 0008000000200000 bits85_115 0 0 51 31.99841 -0.81 0 0 0 0 0 0 0 0 0
0000000000000000 0010000000200000 bits85_116 0 0 68 32.00016 0.08 0 0 0 0 0 0 0 0 0
0000000000000000 0020000000200000 bits85_117 0 0 55 31.98218 -9.12 0 0 0 0 0 0 0 0 0
0000000000000000 0040000000200000 bits85_118 0 0 53 31.99960 -0.20 0 0 0 0 0 0 0 0 0
0000000000000000 0080000000200000 bits85_119 0 0 73 31.99928 -0.37 0 0 0 0 0 0 0 0 0
0000000000000000 0100000000200000 bits85_120 0 0 69 32.00156 0.80 0 0 0 0 0 0 0 0 0
0000000000000000 0200000000200000 bits85_121 0 0 79 31.99641 -1.84 0 0 0 0 0 0 0 0 0
0000000000000000 0400000000200000 bits85_122 0 0 73 32.00311 1.59 0 0 0 0 0 0 0 0 0
0000000000000000 0800000000200000 bits85_123 0 0 65 31.99827 -0.89 0 0 0 0 0 0 0 0 0
0000000000000000 1000000000200000 bits85_124 0 0 73 32.00043 0.22 0 0 0 0 0 0 0 0 0
0000000000000000 2000000000200000 bits85_125 0 0 76 32.00076 0.39 0 0 0 0 0 0 0 0 0
0000000000000000 4000000000200000 bits85_126 0 0 85 31.99965 -0.18 0 0 0 0 0 0 0 0 0
0000000000000000 8000000000200000 bits85_127 0 0 89 32.00329 1.69 0 0 0 0 0 0 0 0 0
0000000000000000 0000000000c00000 bits86_87 0 0 72 31.95907 -20.96 0 0 0 0 0 0 0 0 0
0000000000000000 0000000001400000 bits86_88 0 0 62 31.99380 -3.17 0 0 0 0 0 0 0 0 0
0000000000000000 0000000002400000 bits86_89 0 0 64 32.00334 1.71 0 0 0 0 0 0 0 0 0
0000000000000000 0000000004400000 bits86_90 0 0 61 31.99707 -1.50 0 0 0 0 0 0 0 0 0
0000000000000000 0000000008400000 bits86_91 0 0 62 32.00269 1.38 0 0 0 0 0 0 0 0 0
0000000000000000 0000000010400000 bits86_92 0 0 72 31.99837 -0.83 0 0 0 0 0 0 0 0 0
0000000000000000 0000000020400000 bits86_93 0 0 60 31.99808 -0.98 0 0 0 0 0 0 0 0 0
0000000000000000 0000000040400000 bits86_94 0 0 62 31.99759 -1.23 0 0 0 0 0 0 0 0 0
0000000000000000 0000000080400000 bits86_95 0 0 63 32.00249 1.27 0 0 0 0 0 0 0 0 0
0000000000000000 0000000100400000 bits86_96 0 0 76 31.99848 -0.78 0 0 0 0 0 0 0 0 0
0000000000000000 0000000200400000 bits86_97 0 0 70 31.99672 -1.68 0 0 0 0 0 0 0 0 0
0000000000000000 0000000400400000 bits86_98 0 0 55 31.99696 -1.56 0 0 0 0 0 0 0 0 0
0000000000000000 0000000800400000 bits86_99 0 0 77 31.99590 -2.10 0 0 0 0 0 0 0 0 0
0000000000000000 0000001000400000 bits86_100 0 0 65 32.00259 1.32 0 0 0 0 0 0 0 0 0
0000000000000000 0000002000400000 bits86_101 0 0 62 32.00187 0.96 0 0 0 0 0 0 0 0 0
0000000000000000 0000004000400000 bits86_102 0 0 47 32.05885 30.13 0 0 0 0 0 0 0 0 0
0000000000000000 0000008000400000 bits86_103 0 0 53 31.99426 -2.94 0 0 0 0 0 0 0 0 0
0000000000000000 0000010000400000 bits86_104 0 0 70 31.99680 -1.64 0 0 0 0 0 0 0 0 0
0000000000000000 0000020000400000 bits86_105 0 0 88 31.99245 -3.86 0 0 0 0 0 0 0 0 0
0000000000000000 0000040000400000 bits86_106 0 0 46 31.99538 -2.36 0 0 0 0 0 0 0 0 0
0000000000000000 0000080000400000 bits86_107 0 0 70 31.99309 -3.54 0 0 0 0 0 0 0 0 0
0000000000000000 0000100000400000 bits86_108 0 0 70 31.99660 -1.74 0 0 0 0 0 0 0 0 0
0000000000000000 0000200000400000 bits86_109 0 0 68 32.00030 0.15 0 0 0 0 0 0 0 0 0
0000000000000000 0000400000400000 bits86_110 0 0 53 32.00151 0.77 0 0 0 0 0 0 0 0 0
0000000000000000 0000800000400000 bits86_111 0 0 86 32.00174 0.89 0 0 0 0 0 0 0 0 0
0000000000000000 0001000000400000 bits86_112 0 0 62 31.99746 -1.30 0 0 0 0 0 0 0 0 0
0000000000000000 0002000000400000 bits86_113 0 0 60 32.00213 1.09 0 0 0 0 0 0 0 0 0
0000000000000000 0004000000400000 bits86_114 0 0 68 31.99676 -1.66 0 0 0 0 0 0 0 0 0
0000000000000000 0008000000400000 bits86_115 0 0 57 32.00501 2.56 0 0 0 0 0 0 0 0 0
0000000000000000 0010000000400000 bits86_116 0 0 68 32.00110 0.56 0 0 0 0 0 0 0 0 0
0000000000000000 0020000000400000 bits86_117 0 0 63 31.99837 -0.84 0 0 0 0 0 0 0 0 0
0000000000000000 0040000000400000 bits86_118 0 0 63 31.97086 -14.92 0 0 0 0 0 0 0 0 0
0000000000000000 0080000000400000 bits86_119 0 0 66 31.99552 -2.29 0 0 0 0 0 0 0 0 0
0000000000000000 0100000000400000 bits86_120 0 0 72 32.00026 0.14 0 0 0 0 0 0 0 0 0
0000000000000000 0200000000400000 bits86_121 0 0 55 32.00304 1.56 0 0 0 0 0 0 0 0 0
0000000000000000 0400000000400000 bits86_122 0 0 59 31.99670 -1.69 0 0 0 0 0 0 0 0 0
0000000000000000 0800000000400000 bits86_123 0 0 70 32.00282 1.44 0 0 0 0 0 0 0 0 0
0000000000000000 1000000000400000 bits86_124 0 0 73 31.99772 -1.17 0 0 0 0 0 0 0 0 0
0000000000000000 2000000000400000 bits86_125 0 0 53 32.00189 0.97 0 0 0 0 0 0 0 0 0
0000000000000000 4000000000400000 bits86_126 0 0 62 31.99966 -0.17 0 0 0 0 0 0 0 0 0
0000000000000000 8000000000400000 bits86_127 0 0 83 31.99955 -0.23 0 0 0 0 0 0 0 0 0
0000000000000000 0000000001800000 bits87_88 0 0 73 31.95322 -23.95 0 0 0 0 0 0 0 0 0
0000000000000000 0000000002800000 bits87_89 0 0 70 31.99772 -1.17 0 0 0 0 0 0 0 0 0
0000000000000000 0000000004800000 bits87_90 0 0 82 32.00747 3.82 0 0 0 0 0 0 0 0 0
0000000000000000 0000000008800000 bits87_91 0 0 63 32.00064 0.33 0 0 0 0 0 0 0 0 0
0000000000000000 0000000010800000 bits87_92 0 0 61 32.00591 3.02 0 0 0 0 0 0 0 0 0
0000000000000000 0000000020800000 bits87_93 0 0 42 32.00004 0.02 0 0 0 0 0 0 0 0 0
0000000000000000 0000000040800000 bits87_94 0 0 59 31.99698 -1.55 0 0 0 0 0 0 0 0 0
0000000000000000 0000000080800000 bits87_95 0 0 70 31.99662 -1.73 0 0 0 0 0 0 0 0 0
0000000000000000 0000000100800000 bits87_96 0 0 55 31.99827 -0.88 0 0 0 0 0 0 0 0 0
0000000000000000 0000000200800000 bits87_97 0 0 61 31.99903 -0.50 0 0 0 0 0 0 0 0 0
0000000000000000 0000000400800000 bits87_98 0 0 67 31.99877 -0.63 0 0 0 0 0 0 0 0 0
0000000000000000 0000000800800000 bits87_99 0 0 66 32.00016 0.08 0 0 0 0 0 0 0 0 0
0000000000000000 0000001000800000 bits87_100 0 0 68 31.99273 -3.72 0 0 0 0 0 0 0 0 0
0000000000000000 0000002000800000 bits87_101 0 0 62 31.99847 -0.78 0 0 0 0 0 0 0 0 0
0000000000000000 0000004000800000 bits87_102 0 0 64 32.00762 3.90 0 0 0 0 0 0 0 0 0
0000000000000000 0000008000800000 bits87_103 0 0 61 32.06036 30.91 0 0 0 0 0 0 0 0 0
0000000000000000 0000010000800000 bits87_104 0 0 74 31.99249 -3.85 0 0 0 0 0 0 0 0 0
0000000000000000 0000020000800000 bits87_105 0 0 74 31.99797 -1.04 0 0 0 0 0 0 0 0 0
0000000000000000 0000040000800000 bits87_106 0 0 58 31.99440 -2.87 0 0 0 0 0 0 0 0 0
0000000000000000 0000080000800000 bits87_107 0 0 61 31.99793 -1.06 0 0 0 0 0 0 0 0 0
0000000000000000 0000100000800000 bits87_108 0 0 79 31.99353 -3.31 0 0 0 0 0 0 0 0 0
0000000000000000 0000200000800000 bits87_109 0 0 54 32.00107 0.55 0 0 0 0 0 0 0 0 0
0000000000000000 0000400000800000 bits87_110 0 0 62 31.99979 -0.11 0 0 0 0 0 0 0 0 0
0000000000000000 0000800000800000 bits87_111 0 0 65 31.99843 -0.80 0 0 0 0 0 0 0 0 0
0000000000000000 0001000000800000 bits87_112 0 0 52 32.00099 0.51 0 0 0 0 0 0 0 0 0
0000000000000000 0002000000800000 bits87_113 0 0 65 31.99869 -0.67 0 0 0 0 0 0 0 0 0
0000000000000000 0004000000800000 bits87_114 0 0 49 32.00127 0.65 0 0 0 0 0 0 0 0 0
0000000000000000 0008000000800000 bits87_115 0 0 69 32.00296 1.51 0 0 0 0 0 0 0 0 0
0000000000000000 0010000000800000 bits87_116 0 0 60 32.00235 1.20 0 0 0 0 0 0 0 0 0
0000000000000000 0020000000800000 bits87_117 0 0 71 31.99703 -1.52 0 0 0 0 0 0 0 0 0
0000000000000000 0040000000800000 bits87_118 0 0 76 31.99643 -1.83 0 0 0 0 0 0 0 0 0
0000000000000000 0080000000800000 bits87_119 0 0 67 31.96338 -18.75 0 0 0 0 0 0 0 0 0
0000000000000000 0100000000800000 bits87_120 0 0 65 31.99684 -1.62 0 0 0 0 0 0 0 0 0
0000000000000000 0200000000800000 bits87_121 0 0 47 32.00154 0.79 0 0 0 0 0 0 0 0 0
0000000000000000 0400000000800000 bits87_122 0 0 49 32.00393 2.01 0 0 0 0 0 0 0 0 0
0000000000000000 0800000000800000 bits87_123 0 0 50 32.00074 0.38 0 0 0 0 0 0 0 0 0
0000000000000000 1000000000800000 bits87_124 0 0 59 31.99984 -0.08 0 0 0 0 0 0 0 0 0
0000000000000000 2000000000800000 bits87_125 0 0 54 31.99996 -0.02 0 0 0 0 0 0 0 0 0
0000000000000000 4000000000800000 bits87_126 0 0 75 31.99869 -0.67 0 0 0 0 0 0 0 0 0
0000000000000000 8000000000800000 bits87_127 0 0 51 31.99946 -0.27 0 0 0 0 0 0 0 0 0
0000000000000000 0000000003000000 bits88_89 0 0 77 31.95725 -21.89 0 0 0 0 0 0 0 0 0
0000000000000000 0000000005000000 bits88_90 0 0 71 31.98889 -5.69 0 0 0 0 0 0 0 0 0
0000000000000000 0000000009000000 bits88_91 0 0 66 32.00152 0.78 0 0 0 0 0 0 0 0 0
0000000000000000 0000000011000000 bits88_92 0 0 59 31.99961 -0.20 0 0 0 0 0 0 0 0 0
0000000000000000 0000000021000000 bits88_93 0 0 54 32.00625 3.20 0 0 0 0 0 0 0 0 0
0000000000000000 0000000041000000 bits88_94 0 0 68 32.00180 0.92 0 0 0 0 0 0 0 0 0
0000000000000000 0000000081000000 bits88_95 0 0 58 31.99791 -1.07 0 0 0 0 0 0 0 0 0
0000000000000000 0000000101000000 bits88_96 0 0 55 31.99728 -1.39 0 0 0 0 0 0 0 0 0
0000000000000000 0000000201000000 bits88_97 0 0 62 31.99965 -0.18 0 0 0 0 0 0 0 0 0
0000000000000000 0000000401000000 bits88_98 0 0 73 31.99726 -1.40 0 0 0 0 0 0 0 0 0
0000000000000000 0000000801000000 bits88_99 0 0 69 32.00102 0.52 0 0 0 0 0 0 0 0 0
0000000000000000 0000001001000000 bits88_100 0 0 67 31.99750 -1.28 0 0 0 0 0 0 0 0 0
0000000000000000 0000002001000000 bits88_101 0 0 61 31.99476 -2.69 0 0 0 0 0 0 0 0 0
0000000000000000 0000004001000000 bits88_102 0 0 79 32.00270 1.38 0 0 0 0 0 0 0 0 0
0000000000000000 0000008001000000 bits88_103 0 0 54 32.01113 5.70 0 0 0 0 0 0 0 0 0
0000000000000000 0000010001000000 bits88_104 0 1 62 32.05885 30.13 0 0 0 0 0 0 0 0 0
0000000000000000 0000020001000000 bits88_105 0 0 72 31.98868 -5.79 0 0 0 0 0 0 0 0 0
0000000000000000 0000040001000000 bits88_106 0 0 59 32.00319 1.63 0 0 0 0 0 0 0 0 0
0000000000000000 0000080001000000 bits88_107 0 0 58 31.99376 -3.19 0 0 0 0 0 0 0 0 0
0000000000000000 0000100001000000 bits88_108 0 0 58 31.99743 -1.31 0 0 0 0 0 0 0 0 0
0000000000000000 0000200001000000 bits88_109 0 0 65 31.99039 -4.92 0 0 0 0 0 0 0 0 0
0000000000000000 0000400001000000 bits88_110 0 0 69 31.99873 -0.65 0 0 0 0 0 0 0 0 0
0000000000000000 0000800001000000 bits88_111 0 0 78 32.00031 0.16 0 0 0 0 0 0 0 0 0
0000000000000000 0001000001000000 bits88_112 0 0 74 32.00298 1.53 0 0 0 0 0 0 0 0 0
0000000000000000 0002000001000000 bits88_113 0 0 69 32.00179 0.92 0 0 0 0 0 0 0 0 0
0000000000000000 0004000001000000 bits88_114 0 0 64 32.00260 1.33 0 0 0 0 0 0 0 0 0
0000000000000000 0008000001000000 bits88_115 0 0 69 32.00216 1.10 0 0 0 0 0 0 0 0 0
0000000000000000 0010000001000000 bits88_116 0 0 63 31.99728 -1.39 0 0 0 0 0 0 0 0 0
0000000000000000 0020000001000000 bits88_117 0 0 72 32.00632 3.23 0 0 0 0 0 0 0 0 0
0000000000000000 0040000001000000 bits88_118 0 0 72 32.00152 0.78 0 0 0 0 0 0 0 0 0
0000000000000000 0080000001000000 bits88_119 0 0 56 31.99595 -2.07 0 0 0 0 0 0 0 0 0
0000000000000000 0100000001000000 bits88_120 0 0 70 31.96400 -18.43 0 0 0 0 0 0 0 0 0
0000000000000000 0200000001000000 bits88_121 0 0 77 31.99582 -2.14 0 0 0 0 0 0 0 0 0
0000000000000000 0400000001000000 bits88_122 0 0 66 32.00476 2.44 0 0 0 0 0 0 0 0 0
0000000000000000 0800000001000000 bits88_123 0 0 56 32.00158 0.81 0 0 0 0 0 0 0 0 0
0000000000000000 1000000001000000 bits88_124 0 0 66 32.00186 0.95 0 0 0 0 0 0 0 0 0
0000000000000000 2000000001000000 bits88_125 0 0 55 32.00459 2.35 0 0 0 0 0 0 0 0 0
0000000000000000 4000000001000000 bits88_126 0 0 66 32.00260 1.33 0 0 0 0 0 0 0 0 0
0000000000000000 8000000001000000 bits88_127 0 0 56 32.00165 0.84 0 0 0 0 0 0 0 0 0
0000000000000000 0000000006000000 bits89_90 0 0 73 31.95165 -24.76 0 0 0 0 0 0 0 0 0
0000000000000000 000000000a000000 bits89_91 0 0 90 32.00233 1.19 0 0 0 0 0 0 0 0 0
0000000000000000 0000000012000000 bits89_92 0 0 74 32.00535 2.74 0 0 0 0 0 0 0 0 0
0000000000000000 0000000022000000 bits89_93 0 0 75 31.99816 -0.94 0 0 0 0 0 0 0 0 0
0000000000000000 0000000042000000 bits89_94 0 0 71 32.00380 1.95 0 0 0 0 0 0 0 0 0
0000000000000000 0000000082000000 bits89_95 0 0 58 31.99937 -0.32 0 0 0 0 0 0 0 0 0
0000000000000000 0000000102000000 bits89_96 0 0 53 32.00323 1.65 0 0 0 0 0 0 0 0 0
0000000000000000 0000000202000000 bits89_97 0 0 65 32.00374 1.91 0 0 0 0 0 0 0 0 0
0000000000000000 0000000402000000 bits89_98 0 0 67 31.99855 -0.74 0 0 0 0 0 0 0 0 0
0000000000000000 0000000802000000 bits89_99 0 0 67 31.99895 -0.54 0 0 0 0 0 0 0 0 0
0000000000000000 0000001002000000 bits89_100 0 0 53 31.99707 -1.50 0 0 0 0 0 0 0 0 0
0000000000000000 0000002002000000 bits89_101 0 0 72 31.99836 -0.84 0 0 0 0 0 0 0 0 0
0000000000000000 0000004002000000 bits89_102 0 0 71 31.99501 -2.55 0 0 0 0 0 0 0 0 0
0000000000000000 0000008002000000 bits89_103 0 0 66 32.00303 1.55 0 0 0 0 0 0 0 0 0
0000000000000000 0000010002000000 bits89_104 0 0 64 32.00733 3.75 0 0 0 0 0 0 0 0 0
0000000000000000 0000020002000000 bits89_105 0 0 61 32.05334 27.31 0 0 0 0 0 0 0 0 0
0000000000000000 0000040002000000 bits89_106 0 0 86 31.99815 -0.95 0 0 0 0 0 0 0 0 0
0000000000000000 0000080002000000 bits89_107 0 0 71 31.99871 -0.66 0 0 0 0 0 0 0 0 0
0000000000000000 0000100002000000 bits89_108 0 0 51 31.99493 -2.60 0 0 0 0 0 0 0 0 0
0000000000000000 0000200002000000 bits89_109 0 0 71 32.00005 0.02 0 0 0 0 0 0 0 0 0
0000000000000000 0000400002000000 bits89_110 0 0 58 31.99304 -3.57 0 0 0 0 0 0 0 0 0
0000000000000000 0000800002000000 bits89_111 0 0 73 31.99767 -1.19 0 0 0 0 0 0 0 0 0
0000000000000000 0001000002000000 bits89_112 0 0 58 32.00174 0.89 0 0 0 0 0 0 0 0 0
0000000000000000 0002000002000000 bits89_113 0 0 55 32.00014 0.07 0 0 0 0 0 0 0 0 0
0000000000000000 0004000002000000 bits89_114 0 0 52 31.99749 -1.29 0 0 0 0 0 0 0 0 0
0000000000000000 0008000002000000 bits89_115 0 0 66 32.00283 1.45 0 0 0 0 0 0 0 0 0
0000000000000000 0010000002000000 bits89_116 0 0 67 32.00327 1.67 0 0 0 0 0 0 0 0 0
0000000000000000 0020000002000000 bits89_117 0 0 69 31.99968 -0.17 0 0 0 0 0 0 0 0 0
0000000000000000 0040000002000000 bits89_118 0 0 67 32.00264 1.35 0 0 0 0 0 0 0 0 0
0000000000000000 0080000002000000 bits89_119 0 0 79 31.99891 -0.56 0 0 0 0 0 0 0 0 0
0000000000000000 0100000002000000 bits89_120 0 0 67 31.99340 -3.38 0 0 0 0 0 0 0 0 0
0000000000000000 0200000002000000 bits89_121 0 0 72 31.97069 -15.00 0 0 0 0 0 0 0 0 0
0000000000000000 0400000002000000 bits89_122 0 0 65 31.99892 -0.56 0 0 0 0 0 0 0 0 0
0000000000000000 0800000002000000 bits89_123 0 0 70 31.99883 -0.60 0 0 0 0 0 0 0 0 0
0000000000000000 1000000002000000 bits89_124 0 0 52 32.00563 2.88 0 0 0 0 0 0 0 0 0
0000000000000000 2000000002000000 bits89_125 0 0 83 32.00082 0.42 0 0 0 0 0 0 0 0 0
0000000000000000 4000000002000000 bits89_126 0 0 71 32.00992 5.08 0 0 0 0 0 0 0 0 0
0000000000000000 8000000002000000 bits89_127 0 0 84 31.99835 -0.84 0 0 0 0 0 0 0 0 0
0000000000000000 000000000c000000 bits90_91 0 0 64 31.99025 -4.99 0 0 0 0 0 0 0 0 0
0000000000000000 0000000014000000 bits90_92 0 0 66 32.00178 0.91 0 0 0 0 0 0 0 0 0
0000000000000000 0000000024000000 bits90_93 0 0 60 32.00622 3.19 0 0 0 0 0 0 0 0 0
0000000000000000 0000000044000000 bits90_94 0 0 66 31.99455 -2.79 0 0 0 0 0 0 0 0 0
0000000000000000 0000000084000000 bits90_95 0 0 53 31.99811 -0.97 0 0 0 0 0 0 0 0 0
0000000000000000 0000000104000000 bits90_96 0 0 84 31.99886 -0.59 0 0 0 0 0 0 0 0 0
0000000000000000 0000000204000000 bits90_97 0 0 56 32.00215 1.10 0 0 0 0 0 0 0 0 0
0000000000000000 0000000404000000 bits90_98 0 0 60 31.99907 -0.48 0 0 0 0 0 0 0 0 0
0000000000000000 0000000804000000 bits90_99 0 0 61 32.00308 1.58 0 0 0 0 0 0 0 0 0
0000000000000000 0000001004000000 bits90_100 0 0 63 32.00035 0.18 0 0 0 0 0 0 0 0 0
0000000000000000 0000002004000000 bits90_101 0 0 77 31.99996 -0.02 0 0 0 0 0 0 0 0 0
0000000000000000 0000004004000000 bits90_102 0 0 56 31.99821 -0.92 0 0 0 0 0 0 0 0 0
0000000000000000 0000008004000000 bits90_103 0 0 72 31.99439 -2.87 0 0 0 0 0 0 0 0 0
0000000000000000 0000010004000000 bits90_104 0 0 74 32.00137 0.70 0 0 0 0 0 0 0 0 0
0000000000000000 0000020004000000 bits90_105 0 0 63 32.00510 2.61 0 0 0 0 0 0 0 0 0
0000000000000000 0000040004000000 bits90_106 0 0 71 32.04477 22.92 0 0 0 0 0 0 0 0 0
0000000000000000 0000080004000000 bits90_107 0 0 85 31.99922 -0.40 0 0 0 0 0 0 0 0 0
0000000000000000 0000100004000000 bits90_108 0 0 51 32.00047 0.24 0 0 0 0 0 0 0 0 0
0000000000000000 0000200004000000 bits90_109 0 0 42 31.99008 -5.08 0 0 0 0 0 0 0 0 0
0000000000000000 0000400004000000 bits90_110 0 0 58 31.99419 -2.97 0 0 0 0 0 0 0 0 0
0000000000000000 0000800004000000 bits90_111 0 0 72 31.99310 -3.53 0 0 0 0 0 0 0 0 0
0000000000000000 0001000004000000 bits90_112 0 0 67 32.00084 0.43 0 0 0 0 0 0 0 0 1
0000000000000000 0002000004000000 bits90_113 0 0 51 31.99732 -1.37 0 0 0 0 0 0 0 0 0
0000000000000000 0004000004000000 bits90_114 0 0 63 31.99474 -2.69 0 0 0 0 0 0 0 0 0
0000000000000000 0008000004000000 bits90_115 0 0 66 32.00201 1.03 0 0 0 0 0 0 0 0 0
0000000000000000 0010000004000000 bits90_116 0 0 79 32.00147 0.75 0 0 0 0 0 0 0 0 0
0000000000000000 0020000004000000 bits90_117 0 0 65 31.99953 -0.24 0 0 0 0 0 0 0 0 0
0000000000000000 0040000004000000 bits90_118 0 0 62 32.00074 0.38 0 0 0 0 0 0 0 0 0
0000000000000000 0080000004000000 bits90_119 0 0 61 32.00613 3.14 0 0 0 0 0 0 0 0 0
0000000000000000 0100000004000000 bits90_120 0 0 50 32.00081 0.41 0 0 0 0 0 0 0 0 0
0000000000000000 0200000004000000 bits90_121 0 0 67 31.99495 -2.59 0 0 0 0 0 0 0 0 0
0000000000000000 0400000004000000 bits90_122 0 0 70 31.97121 -14.74 0 0 0 0 0 0 0 0 0
0000000000000000 0800000004000000 bits90_123 0 0 59 31.99714 -1.47 0 0 0 0 0 0 0 0 0
0000000000000000 1000000004000000 bits90_124 0 0 56 31.99731 -1.38 0 0 0 0 0 0 0 0 0
0000000000000000 2000000004000000 bits90_125 0 0 87 32.00419 2.15 0 0 0 0 0 0 0 0 0
0000000000000000 4000000004000000 bits90_126 0 0 60 31.99913 -0.44 0 0 0 0 0 0 0 0 0
0000000000000000 8000000004000000 bits90_127 0 0 80 32.01158 5.93 0 0 0 0 0 0 0 0 0
0000000000000000 0000000018000000 bits91_92 0 0 45 31.98619 -7.07 0 0 0 0 0 0 0 0 0
0000000000000000 0000000028000000 bits91_93 0 0 74 31.99941 -0.30 0 0 0 0 0 0 0 0 0
0000000000000000 0000000048000000 bits91_94 0 0 64 32.00657 3.36 0 0 0 0 0 0 0 0 0
0000000000000000 0000000088000000 bits91_95 0 0 46 31.99733 -1.36 0 0 0 0 0 0 0 0 0
0000000000000000 0000000108000000 bits91_96 0 0 79 32.00147 0.75 0 0 0 0 0 0 0 0 0
0000000000000000 0000000208000000 bits91_97 0 0 53 31.99837 -0.84 0 0 0 0 0 0 0 0 0
0000000000000000 0000000408000000 bits91_98 0 0 63 31.99867 -0.68 0 0 0 0 0 0 0 0 0
0000000000000000 0000000808000000 bits91_99 0 0 52 31.99918 -0.42 0 0 0 0 0 0 0 0 0
0000000000000000 0000001008000000 bits91_100 0 0 69 31.99721 -1.43 0 0 0 0 0 0 0 0 0
0000000000000000 0000002008000000 bits91_101 0 0 74 32.00403 2.06 0 0 0 0 0 0 0 0 0
0000000000000000 0000004008000000 bits91_102 0 0 53 31.99655 -1.77 0 0 0 0 0 0 0 0 0
0000000000000000 0000008008000000 bits91_103 0 0 51 32.00092 0.47 0 0 0 0 0 0 0 0 0
0000000000000000 0000010008000000 bits91_104 0 0 52 32.00048 0.24 0 0 0 0 0 0 0 0 0
0000000000000000 0000020008000000 bits91_105 0 0 63 31.99965 -0.18 0 0 0 0 0 0 0 0 0
0000000000000000 0000040008000000 bits91_106 0 0 69 32.00278 1.42 0 0 0 0 0 0 0 0 0
0000000000000000 0000080008000000 bits91_107 0 0 59 32.04335 22.20 0 0 0 0 0 0 0 0 0
0000000000000000 0000100008000000 bits91_108 0 0 57 31.99919 -0.41 0 0 0 0 0 0 0 0 0
0000000000000000 0000200008000000 bits91_109 0 0 61 32.00073 0.37 0 0 0 0 0 0 0 0 0
0000000000000000 0000400008000000 bits91_110 0 0 52 31.99662 -1.73 0 0 0 0 0 0 0 0 0
0000000000000000 0000800008000000 bits91_111 0 0 65 31.99679 -1.64 0 0 0 0 0 0 0 0 0
0000000000000000 0001000008000000 bits91_112 0 0 67 31.99693 -1.57 0 0 0 0 0 0 0 0 0
0000000000000000 0002000008000000 bits91_113 0 0 68 31.99985 -0.08 0 0 0 0 0 0 0 0 0
0000000000000000 0004000008000000 bits91_114 0 0 67 31.99922 -0.40 0 0 0 0 0 0 0 0 0
0000000000000000 0008000008000000 bits91_115 0 0 59 31.99961 -0.20 0 0 0 0 0 0 0 0 0
0000000000000000 0010000008000000 bits91_116 0 0 72 31.99953 -0.24 0 0 0 0 0 0 0 0 0
0000000000000000 0020000008000000 bits91_117 0 0 73 32.00028 0.14 0 0 0 0 0 0 0 0 0
0000000000000000 0040000008000000 bits91_118 0 0 50 32.00434 2.22 0 0 0 0 0 0 0 0 0
0000000000000000 0080000008000000 bits91_119 0 0 68 31.99959 -0.21 0 0 0 0 0 0 0 0 0
0000000000000000 0100000008000000 bits91_120 0 0 67 32.00282 1.44 0 0 0 0 0 0 0 0 0
0000000000000000 0200000008000000 bits91_121 0 0 73 32.00005 0.03 0 0 0 0 0 0 0 0 0
0000000000000000 0400000008000000 bits91_122 0 0 61 32.00292 1.50 0 0 0 0 0 0 0 0 0
0000000000000000 0800000008000000 bits91_123 0 0 65 31.97934 -10.58 0 0 0 0 0 0 0 0 0
0000000000000000 1000000008000000 bits91_124 0 0 51 32.00083 0.43 0 0 0 0 0 0 0 0 0
0000000000000000 2000000008000000 bits91_125 0 0 50 32.00106 0.54 0 0 0 0 0 0 0 0 0
0000000000000000 4000000008000000 bits91_126 0 0 55 32.00486 2.49 0 0 0 0 0 0 0 0 0
0000000000000000 8000000008000000 bits91_127 0 0 66 31.99824 -0.90 0 0 0 0 0 0 0 0 0
0000000000000000 0000000030000000 bits92_93 0 0 72 31.99116 -4.52 0 0 0 0 0 0 0 0 0
0000000000000000 0000000050000000 bits92_94 0 0 62 31.99863 -0.70 0 0 0 0 0 0 0 0 0
0000000000000000 0000000090000000 bits92_95 0 0 54 32.00478 2.45 0 0 0 0 0 0 0 0 0
0000000000000000 0000000110000000 bits92_96 0 0 60 31.99535 -2.38 0 0 0 0 0 0 0 0 0
0000000000000000 0000000210000000 bits92_97 0 0 81 32.00363 1.86 0 0 0 0 0 0 0 0 0
0000000000000000 0000000410000000 bits92_98 0 0 56 31.99681 -1.63 0 0 0 0 0 0 0 0 0
0000000000000000 0000000810000000 bits92_99 0 0 57 32.00044 0.22 0 0 0 0 0 0 0 0 0
0000000000000000 0000001010000000 bits92_100 0 0 63 32.00182 0.93 0 0 0 0 0 0 0 0 0
0000000000000000 0000002010000000 bits92_101 0 0 54 32.00013 0.07 0 0 0 0 0 0 0 0 0
0000000000000000 0000004010000000 bits92_102 0 0 59 32.00545 2.79 0 0 0 0 0 0 0 0 0
0000000000000000 0000008010000000 bits92_103 0 0 55 31.99608 -2.01 0 0 0 0 0 0 0 0 0
0000000000000000 0000010010000000 bits92_104 0 0 67 31.99993 -0.03 0 0 0 0 0 0 0 0 0
0000000000000000 0000020010000000 bits92_105 0 0 69 31.99720 -1.43 0 0 0 0 0 0 0 0 0
0000000000000000 0000040010000000 bits92_106 0 0 60 32.00192 0.98 0 0 0 0 0 0 0 0 0
0000000000000000 0000080010000000 bits92_107 0 0 59 32.00025 0.13 0 0 0 0 0 0 0 0 0
0000000000000000 0000100010000000 bits92_108 0 0 45 32.04955 25.37 0 0 0 0 0 0 0 0 0
0000000000000000 0000200010000000 bits92_109 0 0 58 31.99884 -0.59 0 0 0 0 0 0 0 0 0
0000000000000000 0000400010000000 bits92_110 0 0 83 31.99968 -0.17 0 0 0 0 0 0 0 0 0
0000000000000000 0000800010000000 bits92_111 0 0 65 31.99565 -2.23 0 0 0 0 0 0 0 0 0
0000000000000000 0001000010000000 bits92_112 0 0 52 32.00009 0.04 0 0 0 0 0 0 0 0 0
0000000000000000 0002000010000000 bits92_113 0 0 71 31.99503 -2.54 0 0 0 0 0 0 0 0 0
0000000000000000 0004000010000000 bits92_114 0 0 51 31.99955 -0.23 0 0 0 0 0 0 0 0 0
0000000000000000 0008000010000000 bits92_115 0 0 60 32.00061 0.31 0 0 0 0 0 0 0 0 0
0000000000000000 0010000010000000 bits92_116 0 0 55 31.99761 -1.23 0 0 0 0 0 0 0 0 0
0000000000000000 0020000010000000 bits92_117 0 0 71 31.99839 -0.82 0 0 0 0 0 0 0 0 0
0000000000000000 0040000010000000 bits92_118 0 0 64 32.00206 1.06 0 0 0 0 0 0 0 0 0
0000000000000000 0080000010000000 bits92_119 0 0 50 32.00145 0.74 0 0 0 0 0 0 0 0 0
0000000000000000 0100000010000000 bits92_120 0 0 61 32.00087 0.44 0 0 0 0 0 0 0 0 0
0000000000000000 0200000010000000 bits92_121 0 0 66 32.00377 1.93 0 0 0 0 0 0 0 0 0
0000000000000000 0400000010000000 bits92_122 0 0 75 32.00003 0.01 0 0 0 0 0 0 0 0 0
0000000000000000 0800000010000000 bits92_123 0 0 60 31.99831 -0.86 0 0 0 0 0 0 0 0 0
0000000000000000 1000000010000000 bits92_124 0 0 59 31.97206 -14.30 0 0 0 0 0 0 0 0 0
0000000000000000 2000000010000000 bits92_125 0 0 66 32.00156 0.80 0 0 0 0 0 0 0 0 0
0000000000000000 4000000010000000 bits92_126 0 0 58 32.00108 0.55 0 0 0 0 0 0 0 0 0
0000000000000000 8000000010000000 bits92_127 0 0 72 32.00848 4.34 0 0 0 0 0 0 0 0 0
0000000000000000 0000000060000000 bits93_94 0 0 56 31.99044 -4.90 0 0 0 0 0 0 0 0 0
0000000000000000 00000000a0000000 bits93_95 0 0 59 31.99841 -0.81 0 0 0 0 0 0 0 0 0
0000000000000000 0000000120000000 bits93_96 0 0 68 32.00915 4.68 0 0 0 0 0 0 0 0 0
0000000000000000 0000000220000000 bits93_97 0 0 57 31.99434 -2.90 0 0 0 0 0 0 0 0 0
0000000000000000 0000000420000000 bits93_98 0 0 65 32.00528 2.70 0 0 0 0 0 0 0 0 0
0000000000000000 0000000820000000 bits93_99 0 0 67 32.00502 2.57 0 0 0 0 0 0 0 0 0
0000000000000000 0000001020000000 bits93_100 0 0 70 31.99864 -0.70 0 0 0 0 0 0 0 0 0
0000000000000000 0000002020000000 bits93_101 0 0 61 32.00212 1.09 0 0 0 0 0 0 0 0 0
0000000000000000 0000004020000000 bits93_102 0 0 73 31.99737 -1.35 0 0 0 0 0 0 0 0 0
0000000000000000 0000008020000000 bits93_103 0 0 53 31.99724 -1.41 0 0 0 0 0 0 0 0 0
0000000000000000 0000010020000000 bits93_104 0 0 73 31.99271 -3.73 0 0 0 0 0 0 0 0 0
0000000000000000 0000020020000000 bits93_105 0 0 73 31.99990 -0.05 0 0 0 0 0 0 0 0 0
0000000000000000 0000040020000000 bits93_106 0 0 57 31.99991 -0.05 0 0 0 0 0 0 0 0 0
0000000000000000 0000080020000000 bits93_107 0 0 78 32.00230 1.18 0 0 0 0 0 0 0 0 0
0000000000000000 0000100020000000 bits93_108 0 0 64 32.00251 1.28 0 0 0 0 0 0 0 0 0
0000000000000000 0000200020000000 bits93_109 0 0 62 32.05591 28.63 0 0 0 0 0 0 0 0 0
0000000000000000 0000400020000000 bits93_110 0 0 75 32.00127 0.65 0 0 0 0 0 0 0 0 0
0000000000000000 0000800020000000 bits93_111 0 0 59 31.99999 -0.00 0 0 0 0 0 0 0 0 0
0000000000000000 0001000020000000 bits93_112 0 0 59 31.99464 -2.74 0 0 0 0 0 0 0 0 0
0000000000000000 0002000020000000 bits93_113 0 0 64 31.99637 -1.86 0 0 0 0 0 0 0 0 0
0000000000000000 0004000020000000 bits93_114 0 0 55 31.99736 -1.35 0 0 0 0 0 0 0 0 0
0000000000000000 0008000020000000 bits93_115 0 0 63 31.99914 -0.44 0 0 0 0 0 0 0 0 0
0000000000000000 0010000020000000 bits93_116 0 0 67 32.00070 0.36 0 0 0 0 0 0 0 0 0
0000000000000000 0020000020000000 bits93_117 0 0 58 32.00260 1.33 0 0 0 0 0 0 0 0 0
0000000000000000 0040000020000000 bits93_118 0 0 70 31.99697 -1.55 0 0 0 0 0 0 0 0 0
0000000000000000 0080000020000000 bits93_119 0 0 72 32.00329 1.68 0 0 0 0 0 0 0 0 0
0000000000000000 0100000020000000 bits93_120 0 0 84 32.00355 1.82 0 0 0 0 0 0 0 0 0
0000000000000000 0200000020000000 bits93_121 0 0 58 31.99753 -1.27 0 0 0 0 0 0 0 0 0
0000000000000000 0400000020000000 bits93_122 0 0 69 32.00532 2.72 0 0 0 0 0 0 0 0 0
0000000000000000 0800000020000000 bits93_123 0 0 59 31.99951 -0.25 0 0 0 0 0 0 0 0 0
0000000000000000 1000000020000000 bits93_124 0 0 63 31.99630 -1.89 0 0 0 0 0 0 0 0 0
0000000000000000 2000000020000000 bits93_125 0 0 68 31.97201 -14.33 0 0 0 0 0 0 0 0 0
0000000000000000 4000000020000000 bits93_126 0 0 74 31.99941 -0.30 0 0 0 0 0 0 0 0 0
0000000000000000 8000000020000000 bits93_127 0 0 72 31.99815 -0.95 0 0 0 0 0 0 0 0 0
0000000000000000 00000000c0000000 bits94_95 0 0 67 31.98605 -7.14 0 0 0 0 0 0 0 0 0
0000000000000000 0000000140000000 bits94_96 0 0 58 32.00258 1.32 0 0 0 0 0 0 0 0 0
0000000000000000 0000000240000000 bits94_97 0 0 72 32.00615 3.15 0 0 0 0 0 0 0 0 0
0000000000000000 0000000440000000 bits94_98 0 0 51 31.99715 -1.46 0 0 0 0 0 0 0 0 0
0000000000000000 0000000840000000 bits94_99 0 0 66 32.00063 0.32 0 0 0 0 0 0 0 0 0
0000000000000000 0000001040000000 bits94_100 0 0 60 31.99875 -0.64 0 0 0 0 0 0 0 0 0
0000000000000000 0000002040000000 bits94_101 0 0 56 32.00192 0.98 0 0 0 0 0 0 0 0 0
0000000000000000 0000004040000000 bits94_102 0 0 74 32.00135 0.69 0 0 0 0 0 0 0 0 0
0000000000000000 0000008040000000 bits94_103 0 0 76 32.00008 0.04 0 0 0 0 0 0 0 0 0
0000000000000000 0000010040000000 bits94_104 0 0 80 31.99944 -0.29 0 0 0 0 0 0 0 0 0
0000000000000000 0000020040000000 bits94_105 0 0 52 31.99704 -1.52 0 0 0 0 0 0 0 0 0
0000000000000000 0000040040000000 bits94_106 0 0 72 31.99731 -1.38 0 0 0 0 0 0 0 0 0
0000000000000000 0000080040000000 bits94_107 0 0 67 31.99386 -3.15 0 0 0 0 0 0 0 0 0
0000000000000000 0000100040000000 bits94_108 0 0 69 31.99980 -0.10 0 0 0 0 0 0 0 0 0
0000000000000000 0000200040000000 bits94_109 0 0 56 31.99847 -0.79 0 0 0 0 0 0 0 0 0
0000000000000000 0000400040000000 bits94_110 0 0 55 32.05251 26.89 0 0 0 0 0 0 0 0 0
0000000000000000 0000800040000000 bits94_111 0 0 70 32.00041 0.21 0 0 0 0 0 0 0 0 0
0000000000000000 0001000040000000 bits94_112 0 0 67 32.00168 0.86 0 0 0 0 0 0 0 0 0
0000000000000000 0002000040000000 bits94_113 0 0 63 31.99117 -4.52 0 0 0 0 0 0 0 0 0
0000000000000000 0004000040000000 bits94_114 0 0 64 31.99966 -0.17 0 0 0 0 0 0 0 0 0
0000000000000000 0008000040000000 bits94_115 0 0 74 31.99486 -2.63 0 0 0 0 0 0 0 0 0
0000000000000000 0010000040000000 bits94_116 0 0 61 32.00049 0.25 0 0 0 0 0 0 0 0 0
0000000000000000 0020000040000000 bits94_117 0 0 71 31.99821 -0.92 0 0 0 0 0 0 0 0 0
0000000000000000 0040000040000000 bits94_118 0 0 56 31.99670 -1.69 0 0 0 0 0 0 0 0 0
0000000000000000 0080000040000000 bits94_119 0 0 55 31.99972 -0.14 0 0 0 0 0 0 0 0 0
0000000000000000 0100000040000000 bits94_120 0 0 79 32.00463 2.37 0 0 0 0 0 0 0 0 0
0000000000000000 0200000040000000 bits94_121 0 0 57 32.00484 2.48 0 0 0 0 0 0 0 0 0
0000000000000000 0400000040000000 bits94_122 0 0 55 31.99854 -0.75 0 0 0 0 0 0 0 0 0
0000000000000000 0800000040000000 bits94_123 0 0 65 32.00182 0.93 0 0 0 0 0 0 0 0 0
0000000000000000 1000000040000000 bits94_124 0 0 71 32.00143 0.73 0 0 0 0 0 0 0 0 0
0000000000000000 2000000040000000 bits94_125 0 0 56 31.99654 -1.77 0 0 0 0 0 0 0 0 0
0000000000000000 4000000040000000 bits94_126 0 0 67 31.96617 -17.32 0 0 0 0 0 0 0 0 0
0000000000000000 8000000040000000 bits94_127 0 0 58 31.99823 -0.90 0 0 0 0 0 0 0 0 0
0000000000000000 0000000180000000 bits95_96 0 0 79 31.98653 -6.90 0 0 0 0 0 0 0 0 0
0000000000000000 0000000280000000 bits95_97 0 0 56 31.99973 -0.14 0 0 0 0 0 0 0 0 0
0000000000000000 0000000480000000 bits95_98 0 0 72 32.00275 1.41 0 0 0 0 0 0 0 0 0
0000000000000000 0000000880000000 bits95_99 0 0 60 31.99632 -1.88 0 0 0 0 0 0 0 0 0
0000000000000000 0000001080000000 bits95_100 0 0 64 32.00620 3.17 0 0 0 0 0 0 0 0 0
0000000000000000 0000002080000000 bits95_101 0 0 51 31.99907 -0.47 0 0 0 0 0 0 0 0 0
0000000000000000 0000004080000000 bits95_102 0 0 50 32.00342 1.75 0 0 0 0 0 0 0 0 0
0000000000000000 0000008080000000 bits95_103 0 0 61 32.00050 0.26 0 0 0 0 0 0 0 0 0
0000000000000000 0000010080000000 bits95_104 0 0 50 31.99895 -0.54 0 0 0 0 0 0 0 0 0
0000000000000000 0000020080000000 bits95_105 0 0 55 31.99925 -0.38 0 0 0 0 0 0 0 0 0
0000000000000000 0000040080000000 bits95_106 0 0 52 31.99626 -1.91 0 0 0 0 0 0 0 0 0
0000000000000000 0000080080000000 bits95_107 0 0 86 31.99910 -0.46 0 0 0 0 0 0 0 0 0
0000000000000000 0000100080000000 bits95_108 0 0 73 31.99525 -2.43 0 0 0 0 0 0 0 0 0
0000000000000000 0000200080000000 bits95_109 0 0 79 31.99991 -0.05 0 0 0 0 0 0 0 0 0
0000000000000000 0000400080000000 bits95_110 0 0 47 31.99784 -1.10 0 0 0 0 0 0 0 0 0
0000000000000000 0000800080000000 bits95_111 0 0 69 32.05039 25.80 0 0 0 0 0 0 0 0 0
0000000000000000 0001000080000000 bits95_112 0 0 62 31.99953 -0.24 0 0 0 0 0 0 0 0 0
0000000000000000 0002000080000000 bits95_113 0 0 54 31.99852 -0.76 0 0 0 0 0 0 0 0 0
0000000000000000 0004000080000000 bits95_114 0 0 69 31.99434 -2.90 0 0 0 0 0 0 0 0 0
0000000000000000 0008000080000000 bits95_115 0 0 63 31.99742 -1.32 0 0 0 0 0 0 0 0 0
0000000000000000 0010000080000000 bits95_116 0 0 72 31.99667 -1.71 0 0 0 0 0 0 0 0 0
0000000000000000 0020000080000000 bits95_117 0 0 68 32.00271 1.39 0 0 0 0 0 0 0 0 0
0000000000000000 0040000080000000 bits95_118 0 0 56 31.99708 -1.49 0 0 0 0 0 0 0 0 0
0000000000000000 0080000080000000 bits95_119 0 0 61 32.00129 0.66 0 0 0 0 0 0 0 0 0
0000000000000000 0100000080000000 bits95_120 0 0 55 32.00448 2.29 0 0 0 0 0 0 0 0 0
0000000000000000 0200000080000000 bits95_121 0 0 68 32.00178 0.91 0 0 0 0 0 0 0 0 0
0000000000000000 0400000080000000 bits95_122 0 0 52 32.00215 1.10 0 0 0 0 0 0 0 0 0
0000000000000000 0800000080000000 bits95_123 0 0 68 31.99769 -1.18 0 0 0 0 0 0 0 0 0
0000000000000000 1000000080000000 bits95_124 0 0 69 32.00134 0.69 0 0 0 0 0 0 0 0 0
0000000000000000 2000000080000000 bits95_125 0 0 64 32.00139 0.71 0 0 0 0 0 0 0 0 0
0000000000000000 4000000080000000 bits95_126 0 0 67 32.00241 1.23 0 0 0 0 0 0 0 0 0
0000000000000000 8000000080000000 bits95_127 0 0 59 31.95579 -22.64 0 0 0 0 0 0 0 0 0
0000000000000000 0000000300000000 bits96_97 0 0 60 31.99132 -4.44 0 0 0 0 0 0 0 0 0
0000000000000000 0000000500000000 bits96_98 0 0 67 31.99715 -1.46 0 0 0 0 0 0 0 0 0
0000000000000000 0000000900000000 bits96_99 0 0 60 32.00523 2.68 0 0 0 0 0 0 0 0 0
0000000000000000 0000001100000000 bits96_100 0 0 59 31.99876 -0.64 0 0 0 0 0 0 0 0 0
0000000000000000 0000002100000000 bits96_101 0 0 64 32.00228 1.17 0 0 0 0 0 0 0 0 0
0000000000000000 0000004100000000 bits96_102 0 0 53 31.99893 -0.55 0 0 0 0 0 0 0 0 0
0000000000000000 0000008100000000 bits96_103 0 0 61 31.99991 -0.04 0 0 0 0 0 0 0 0 0
0000000000000000 0000010100000000 bits96_104 0 0 73 32.00012 0.06 0 0 0 0 0 0 0 0 0
0000000000000000 0000020100000000 bits96_105 0 0 59 31.99960 -0.20 0 0 0 0 0 0 0 0 0
0000000000000000 0000040100000000 bits96_106 0 0 53 31.99381 -3.17 0 0 0 0 0 0 0 0 0
0000000000000000 0000080100000000 bits96_107 0 0 67 31.99684 -1.62 0 0 0 0 0 0 0 0 0
0000000000000000 0000100100000000 bits96_108 0 0 62 32.00007 0.04 0 0 0 0 0 0 0 0 0
0000000000000000 0000200100000000 bits96_109 0 0 65 31.99412 -3.01 0 0 0 0 0 0 0 0 0
0000000000000000 0000400100000000 bits96_110 0 0 60 31.99972 -0.14 0 0 0 0 0 0 0 0 0
0000000000000000 0000800100000000 bits96_111 0 0 63 31.99559 -2.26 0 0 0 0 0 0 0 0 0
0000000000000000 0001000100000000 bits96_112 0 0 54 32.03792 19.42 0 0 0 0 0 0 0 0 0
0000000000000000 0002000100000000 bits96_113 0 0 72 31.99503 -2.55 0 0 0 0 0 0 0 0 0
0000000000000000 0004000100000000 bits96_114 0 0 61 31.99869 -0.67 0 0 0 0 0 0 0 0 0
0000000000000000 0008000100000000 bits96_115 0 0 62 31.99514 -2.49 0 0 0 0 0 0 0 0 0
0000000000000000 0010000100000000 bits96_116 0 0 48 31.99918 -0.42 0 0 0 0 0 0 0 0 0
0000000000000000 0020000100000000 bits96_117 0 0 54 31.99451 -2.81 0 0 0 0 0 0 0 0 0
0000000000000000 0040000100000000 bits96_118 0 0 90 31.99816 -0.94 0 0 0 0 0 0 0 0 0
0000000000000000 0080000100000000 bits96_119 0 0 66 31.99757 -1.24 0 0 0 0 0 0 0 0 0
0000000000000000 0100000100000000 bits96_120 0 0 75 31.99973 -0.14 0 0 0 0 0 0 0 0 0
0000000000000000 0200000100000000 bits96_121 0 0 59 31.99897 -0.53 0 0 0 0 0 0 0 0 0
0000000000000000 0400000100000000 bits96_122 0 0 58 31.99851 -0.76 0 0 0 0 0 0 0 0 0
0000000000000000 0800000100000000 bits96_123 0 0 43 32.00011 0.06 0 0 0 0 0 0 0 0 0
0000000000000000 1000000100000000 bits96_124 0 0 61 32.00226 1.16 0 0 0 0 0 0 0 0 0
0000000000000000 2000000100000000 bits96_125 0 0 64 32.00517 2.65 0 0 0 0 0 0 0 0 0
0000000000000000 4000000100000000 bits96_126 0 0 78 32.00202 1.03 0 0 0 0 0 0 0 0 0
0000000000000000 8000000100000000 bits96_127 0 0 61 31.99581 -2.15 0 0 0 0 0 0 0 0 0
0000000000000000 0000000600000000 bits97_98 0 0 62 31.98908 -5.59 0 0 0 0 0 0 0 0 0
0000000000000000 0000000a00000000 bits97_99 0 0 73 32.00453 2.32 0 0 0 0 0 0 0 0 0
0000000000000000 0000001200000000 bits97_100 0 0 59 32.00563 2.88 0 0 0 0 0 0 0 0 0
0000000000000000 0000002200000000 bits97_101 0 0 56 31.99472 -2.70 0 0 0 0 0 0 0 0 0
0000000000000000 0000004200000000 bits97_102 0 0 56 32.00560 2.87 0 0 0 0 0 0 0 0 0
0000000000000000 0000008200000000 bits97_103 0 0 43 31.99984 -0.08 0 0 0 0 0 0 0 0 0
0000000000000000 0000010200000000 bits97_104 0 0 69 32.00093 0.48 0 0 0 0 0 0 0 0 0
0000000000000000 0000020200000000 bits97_105 0 0 66 32.00054 0.28 0 0 0 0 0 0 0 0 0
0000000000000000 0000040200000000 bits97_106 0 0 56 32.00090 0.46 0 0 0 0 0 0 0 0 0
0000000000000000 0000080200000000 bits97_107 0 0 55 31.99945 -0.28 0 0 0 0 0 0 0 0 0
0000000000000000 0000100200000000 bits97_108 0 0 78 31.99793 -1.06 0 0 0 0 0 0 0 0 0
0000000000000000 0000200200000000 bits97_109 0 0 62 32.00032 0.16 0 0 0 0 0 0 0 0 0
0000000000000000 0000400200000000 bits97_110 0 0 68 31.99608 -2.01 0 0 0 0 0 0 0 0 0
0000000000000000 0000800200000000 bits97_111 0 0 67 32.00218 1.11 0 0 0 0 0 0 0 0 0
0000000000000000 0001000200000000 bits97_112 0 0 52 32.00039 0.20 0 0 0 0 0 0 0 0 0
0000000000000000 0002000200000000 bits97_113 0 0 63 32.04154 21.27 0 0 0 0 0 0 0 0 0
0000000000000000 0004000200000000 bits97_114 0 0 67 32.00133 0.68 0 0 0 0 0 0 0 0 0
0000000000000000 0008000200000000 bits97_115 0 0 69 32.00111 0.57 0 0 0 0 0 0 0 0 0
0000000000000000 0010000200000000 bits97_116 0 0 70 31.99797 -1.04 0 0 0 0 0 0 0 0 0
0000000000000000 0020000200000000 bits97_117 0 0 57 31.99574 -2.18 0 0 0 0 0 0 0 0 0
0000000000000000 0040000200000000 bits97_118 0 0 72 31.99921 -0.40 0 0 0 0 0 0 0 0 0
0000000000000000 0080000200000000 bits97_119 0 0 59 32.00277 1.42 0 0 0 0 0 0 0 0 0
0000000000000000 0100000200000000 bits97_120 0 0 80 32.00001 0.00 0 0 0 0 0 0 0 0 0
0000000000000000 0200000200000000 bits97_121 0 0 63 31.99954 -0.23 0 0 0 0 0 0 0 0 0
0000000000000000 0400000200000000 bits97_122 0 0 65 32.00091 0.47 0 0 0 0 0 0 0 0 0
0000000000000000 0800000200000000 bits97_123 0 0 56 31.99614 -1.98 0 0 0 0 0 0 0 0 0
0000000000000000 1000000200000000 bits97_124 0 0 61 31.99875 -0.64 0 0 0 0 0 0 0 0 0
0000000000000000 2000000200000000 bits97_125 0 0 71 32.00046 0.24 0 0 0 0 0 0 0 0 0
0000000000000000 4000000200000000 bits97_126 0 0 65 32.00367 1.88 0 0 0 0 0 0 0 0 0
0000000000000000 8000000200000000 bits97_127 0 0 71 31.99666 -1.71 0 0 0 0 0 0 0 0 0
0000000000000000 0000000c00000000 bits98_99 0 0 69 31.98945 -5.40 0 0 0 0 0 0 0 0 0
0000000000000000 0000001400000000 bits98_100 0 0 65 32.00377 1.93 0 0 0 0 0 0 0 0 0
0000000000000000 0000002400000000 bits98_101 0 0 55 32.00282 1.44 0 0 0 0 0 0 0 0 0
0000000000000000 0000004400000000 bits98_102 0 0 61 32.00002 0.01 0 0 0 0 0 0 0 0 0
0000000000000000 0000008400000000 bits98_103 0 0 68 32.00315 1.61 0 0 0 0 0 0 0 0 0
0000000000000000 0000010400000000 bits98_104 0 0 62 32.00208 1.06 0 0 0 0 0 0 0 0 0
0000000000000000 0000020400000000 bits98_105 0 0 54 31.99946 -0.28 0 0 0 0 0 0 0 0 0
0000000000000000 0000040400000000 bits98_106 0 0 55 32.00217 1.11 0 0 0 0 0 0 0 0 0
0000000000000000 0000080400000000 bits98_107 0 0 98 32.00549 2.81 0 0 0 0 0 0 0 0 0
0000000000000000 0000100400000000 bits98_108 0 0 58 32.00175 0.90 0 0 0 0 0 0 0 0 0
0000000000000000 0000200400000000 bits98_109 0 0 74 31.99721 -1.43 0 0 0 0 0 0 0 0 0
0000000000000000 0000400400000000 bits98_110 0 0 70 31.99939 -0.31 0 0 0 0 0 0 0 0 0
0000000000000000 0000800400000000 bits98_111 0 0 67 31.99197 -4.11 0 0 0 0 0 0 0 0 0
0000000000000000 0001000400000000 bits98_112 0 0 68 32.00054 0.28 0 0 0 0 0 0 0 0 0
0000000000000000 0002000400000000 bits98_113 0 0 63 32.00076 0.39 0 0 0 0 0 0 0 0 0
0000000000000000 0004000400000000 bits98_114 0 0 55 32.04356 22.30 0 0 0 0 0 0 0 0 0
0000000000000000 0008000400000000 bits98_115 0 0 68 31.99754 -1.26 0 0 0 0 0 0 0 0 0
0000000000000000 0010000400000000 bits98_116 0 0 68 32.00236 1.21 0 0 0 0 0 0 0 0 0
0000000000000000 0020000400000000 bits98_117 0 0 51 31.99233 -3.93 0 0 0 0 0 0 0 0 0
0000000000000000 0040000400000000 bits98_118 0 0 67 32.00081 0.41 0 0 0 0 0 0 0 0 0
0000000000000000 0080000400000000 bits98_119 0 0 69 31.99928 -0.37 0 0 0 0 0 0 0 0 0
0000000000000000 0100000400000000 bits98_120 0 0 61 31.99825 -0.90 0 0 0 0 0 0 0 0 0
0000000000000000 0200000400000000 bits98_121 0 0 69 32.00004 0.02 0 0 0 0 0 0 0 0 0
0000000000000000 0400000400000000 bits98_122 0 0 66 31.99848 -0.78 0 0 0 0 0 0 0 0 0
0000000000000000 0800000400000000 bits98_123 0 0 54 31.99679 -1.64 0 0 0 0 0 0 0 0 0
0000000000000000 1000000400000000 bits98_124 0 0 55 32.00029 0.15 0 0 0 0 0 0 0 0 0
0000000000000000 2000000400000000 bits98_125 0 0 54 32.00278 1.42 0 0 0 0 0 0 0 0 0
0000000000000000 4000000400000000 bits98_126 0 0 68 31.99830 -0.87 0 0 0 0 0 0 0 0 0
0000000000000000 8000000400000000 bits98_127 0 0 57 32.01394 7.14 0 0 0 0 0 0 0 0 0
0000000000000000 0000001800000000 bits99_100 0 0 80 31.98978 -5.23 0 0 0 0 0 0 0 0 0
0000000000000000 0000002800000000 bits99_101 0 0 58 31.99654 -1.77 0 0 0 0 0 0 0 0 0
0000000000000000 0000004800000000 bits99_102 0 0 63 32.00969 4.96 0 0 0 0 0 0 0 0 0
0000000000000000 0000008800000000 bits99_103 0 0 64 31.99509 -2.51 0 0 0 0 0 0 0 0 0
0000000000000000 0000010800000000 bits99_104 0 0 65 32.00149 0.76 0 0 0 0 0 0 0 0 0
0000000000000000 0000020800000000 bits99_105 0 0 61 32.00151 0.77 0 0 0 0 0 0 0 0 0
0000000000000000 0000040800000000 bits99_106 0 0 68 32.00118 0.60 0 0 0 0 0 0 0 0 0
0000000000000000 0000080800000000 bits99_107 0 0 72 32.00210 1.07 0 0 0 0 0 0 0 0 0
0000000000000000 0000100800000000 bits99_108 0 0 59 32.00166 0.85 0 0 0 0 0 0 0 0 0
0000000000000000 0000200800000000 bits99_109 0 0 68 31.99927 -0.37 0 0 0 0 0 0 0 0 0
0000000000000000 0000400800000000 bits99_110 0 0 74 31.99295 -3.61 0 0 0 0 0 0 0 0 0
0000000000000000 0000800800000000 bits99_111 0 0 57 32.01036 5.31 0 0 0 0 0 0 0 0 0
0000000000000000 0001000800000000 bits99_112 0 0 72 31.99635 -1.87 0 0 0 0 0 0 0 0 0
0000000000000000 0002000800000000 bits99_113 0 0 72 32.00381 1.95 0 0 0 0 0 0 0 0 0
0000000000000000 0004000800000000 bits99_114 0 0 74 32.00057 0.29 0 0 0 0 0 0 0 0 0
0000000000000000 0008000800000000 bits99_115 0 0 54 32.04100 20.99 0 0 0 0 0 0 0 0 0
0000000000000000 0010000800000000 bits99_116 0 0 79 32.00016 0.08 0 0 0 0 0 0 0 0 0
0000000000000000 0020000800000000 bits99_117 0 0 77 32.00226 1.16 0 0 0 0 0 0 0 0 0
0000000000000000 0040000800000000 bits99_118 0 0 57 31.99107 -4.57 0 0 0 0 0 0 0 0 0
0000000000000000 0080000800000000 bits99_119 0 0 71 32.00051 0.26 0 0 0 0 0 0 0 0 0
0000000000000000 0100000800000000 bits99_120 0 0 70 31.99906 -0.48 0 0 0 0 0 0 0 0 0
0000000000000000 0200000800000000 bits99_121 0 0 60 31.99985 -0.08 0 0 0 0 0 0 0 0 0
0000000000000000 0400000800000000 bits99_122 0 0 60 32.00133 0.68 0 0 0 0 0 0 0 0 0
0000000000000000 0800000800000000 bits99_123 0 0 55 31.99854 -0.75 0 0 0 0 0 0 0 0 0
0000000000000000 1000000800000000 bits99_124 0 0 57 32.00271 1.39 0 0 0 0 0 0 0 0 0
0000000000000000 2000000800000000 bits99_125 0 0 68 31.99936 -0.33 0 0 0 0 0 0 0 0 0
0000000000000000 4000000800000000 bits99_126 0 0 59 32.00286 1.46 0 0 0 0 0 0 0 0 0
0000000000000000 8000000800000000 bits99_127 0 0 59 31.99866 -0.69 0 0 0 0 0 0 0 0 0
0000000000000000 0000003000000000 bits100_101 0 0 73 31.99382 -3.16 0 0 0 0 0 0 0 0 0
0000000000000000 0000005000000000 bits100_102 0 0 55 31.99971 -0.15 0 0 0 0 0 0 0 0 0
0000000000000000 0000009000000000 bits100_103 0 0 66 32.01188 6.08 0 0 0 0 0 0 0 0 0
0000000000000000 0000011000000000 bits100_104 0 0 42 31.99992 -0.04 0 0 0 0 0 0 0 0 0
0000000000000000 0000021000000000 bits100_105 0 0 66 31.99927 -0.37 0 0 0 0 0 0 0 0 0
0000000000000000 0000041000000000 bits100_106 0 0 63 32.00015 0.08 0 0 0 0 0 0 0 0 0
0000000000000000 0000081000000000 bits100_107 0 0 54 32.00369 1.89 0 0 0 0 0 0 0 0 0
0000000000000000 0000101000000000 bits100_108 0 0 65 32.00047 0.24 0 0 0 0 0 0 0 0 0
0000000000000000 0000201000000000 bits100_109 0 0 67 32.00007 0.03 0 0 0 0 0 0 0 0 0
0000000000000000 0000401000000000 bits100_110 0 0 71 31.99767 -1.19 0 0 0 0 0 0 0 0 0
0000000000000000 0000801000000000 bits100_111 0 0 57 31.99770 -1.18 0 0 0 0 0 0 0 0 0
0000000000000000 0001001000000000 bits100_112 0 0 59 31.99895 -0.54 0 0 0 0 0 0 0 0 0
0000000000000000 0002001000000000 bits100_113 0 0 62 31.99442 -2.86 0 0 0 0 0 0 0 0 0
0000000000000000 0004001000000000 bits100_114 0 0 79 32.00056 0.29 0 0 0 0 0 0 0 0 0
0000000000000000 0008001000000000 bits100_115 0 0 57 32.00003 0.01 0 0 0 0 0 0 0 0 0
0000000000000000 0010001000000000 bits100_116 0 0 45 32.03105 15.90 0 0 0 0 0 0 0 0 0
0000000000000000 0020001000000000 bits100_117 0 0 63 32.00004 0.02 0 0 0 0 0 0 0 0 0
0000000000000000 0040001000000000 bits100_118 0 0 75 31.99984 -0.08 0 0 0 0 0 0 0 0 0
0000000000000000 0080001000000000 bits100_119 0 0 72 31.99307 -3.55 0 0 0 0 0 0 0 0 0
0000000000000000 0100001000000000 bits100_120 0 0 59 31.99452 -2.80 0 0 0 0 0 0 0 0 0
0000000000000000 0200001000000000 bits100_121 0 0 60 31.99539 -2.36 0 0 0 0 0 0 0 0 0
0000000000000000 0400001000000000 bits100_122 0 0 67 32.00276 1.42 0 0 0 0 0 0 0 0 0
0000000000000000 0800001000000000 bits100_123 0 0 70 32.00180 0.92 0 0 0 0 0 0 0 0 0
0000000000000000 1000001000000000 bits100_124 0 0 85 32.00066 0.34 0 0 0 0 0 0 0 0 0
0000000000000000 2000001000000000 bits100_125 0 0 62 31.99938 -0.32 0 0 0 0 0 0 0 0 0
0000000000000000 4000001000000000 bits100_126 0 0 47 31.99992 -0.04 0 0 0 0 0 0 0 0 0
0000000000000000 8000001000000000 bits100_127 0 0 60 32.00233 1.19 0 0 0 0 0 0 0 0 0
0000000000000000 0000006000000000 bits101_102 0 0 74 31.99190 -4.15 0 0 0 0 0 0 0 0 0
0000000000000000 000000a000000000 bits101_103 0 0 53 32.00351 1.80 0 0 0 0 0 0 0 0 0
0000000000000000 0000012000000000 bits101_104 0 0 66 32.01153 5.91 0 0 0 0 0 0 0 0 0
0000000000000000 0000022000000000 bits101_105 0 0 64 31.99567 -2.22 0 0 0 0 0 0 0 0 0
0000000000000000 0000042000000000 bits101_106 0 0 67 31.99761 -1.22 0 0 0 0 0 0 0 0 0
0000000000000000 0000082000000000 bits101_107 0 0 59 31.99995 -0.03 0 0 0 0 0 0 0 0 0
0000000000000000 0000102000000000 bits101_108 0 0 75 32.00442 2.27 0 0 0 0 0 0 0 0 0
0000000000000000 0000202000000000 bits101_109 0 0 70 31.99799 -1.03 0 0 0 0 0 0 0 0 0
0000000000000000 0000402000000000 bits101_110 0 0 61 31.99813 -0.96 0 0 0 0 0 0 0 0 0
0000000000000000 0000802000000000 bits101_111 0 0 56 32.00058 0.29 0 0 0 0 0 0 0 0 0
0000000000000000 0001002000000000 bits101_112 0 0 65 31.99819 -0.93 0 0 0 0 0 0 0 0 0
0000000000000000 0002002000000000 bits101_113 0 0 68 32.00234 1.20 0 0 0 0 0 0 0 0 0
0000000000000000 0004002000000000 bits101_114 0 0 54 31.99501 -2.55 0 0 0 0 0 0 0 0 0
0000000000000000 0008002000000000 bits101_115 0 0 58 31.99928 -0.37 0 0 0 0 0 0 0 0 0
0000000000000000 0010002000000000 bits101_116 0 0 55 31.99917 -0.42 0 0 0 0 0 0 0 0 0
0000000000000000 0020002000000000 bits101_117 0 0 74 32.03450 17.67 0 0 0 0 0 0 0 0 0
0000000000000000 0040002000000000 bits101_118 0 0 68 31.99973 -0.14 0 0 0 0 0 0 0 0 0
0000000000000000 0080002000000000 bits101_119 0 0 60 32.00045 0.23 0 0 0 0 0 0 0 0 0
0000000000000000 0100002000000000 bits101_120 0 0 77 31.99129 -4.46 0 0 0 0 0 0 0 0 0
0000000000000000 0200002000000000 bits101_121 0 0 50 32.00088 0.45 0 0 0 0 0 0 0 0 0
0000000000000000 0400002000000000 bits101_122 0 0 69 31.99963 -0.19 0 0 0 0 0 0 0 0 0
0000000000000000 0800002000000000 bits101_123 0 0 66 32.00193 0.99 0 0 0 0 0 0 0 0 0
0000000000000000 1000002000000000 bits101_124 0 0 70 32.00038 0.20 0 0 0 0 0 0 0 0 0
0000000000000000 2000002000000000 bits101_125 0 0 68 32.00180 0.92 0 0 0 0 0 0 0 0 0
0000000000000000 4000002000000000 bits101_126 0 0 63 32.00096 0.49 0 0 0 0 0 0 0 0 0
0000000000000000 8000002000000000 bits101_127 0 0 66 32.00063 0.32 0 0 0 0 0 0 0 0 0
0000000000000000 000000c000000000 bits102_103 0 0 68 32.02237 11.45 0 0 0 0 0 0 0 0 0
0000000000000000 0000014000000000 bits102_104 0 0 62 32.00494 2.53 0 0 0 0 0 0 0 0 0
0000000000000000 0000024000000000 bits102_105 0 0 56 32.00958 4.90 0 0 0 0 0 0 0 0 0
0000000000000000 0000044000000000 bits102_106 0 0 55 31.99697 -1.55 0 0 0 0 0 0 0 0 0
0000000000000000 0000084000000000 bits102_107 0 0 49 32.00614 3.14 0 0 0 0 0 0 0 0 0
0000000000000000 0000104000000000 bits102_108 0 0 71 31.99956 -0.22 0 0 0 0 0 0 0 0 0
0000000000000000 0000204000000000 bits102_109 0 0 58 32.00169 0.87 0 0 0 0 0 0 0 0 0
0000000000000000 0000404000000000 bits102_110 0 0 59 32.00101 0.52 0 0 0 0 0 0 0 0 0
0000000000000000 0000804000000000 bits102_111 0 0 61 31.99945 -0.28 0 0 0 0 0 0 0 0 0
0000000000000000 0001004000000000 bits102_112 0 0 70 31.99775 -1.15 0 0 0 0 0 0 0 0 0
0000000000000000 0002004000000000 bits102_113 0 0 74 31.99756 -1.25 0 0 0 0 0 0 0 0 0
0000000000000000 0004004000000000 bits102_114 0 0 66 31.99884 -0.59 0 0 0 0 0 0 0 0 0
0000000000000000 0008004000000000 bits102_115 0 0 56 31.99665 -1.71 0 0 0 0 0 0 0 0 0
0000000000000000 0010004000000000 bits102_116 0 0 75 32.00184 0.94 0 0 0 0 0 0 0 0 0
0000000000000000 0020004000000000 bits102_117 0 0 80 32.00653 3.34 0 0 0 0 0 0 0 0 0
0000000000000000 0040004000000000 bits102_118 0 0 64 32.05656 28.96 0 0 0 0 0 0 0 0 0
0000000000000000 0080004000000000 bits102_119 0 0 66 32.00128 0.65 0 0 0 0 0 0 0 0 0
0000000000000000 0100004000000000 bits102_120 0 0 66 32.00359 1.84 0 0 0 0 0 0 0 0 0
0000000000000000 0200004000000000 bits102_121 0 0 56 31.99448 -2.82 0 0 0 0 0 0 0 0 0
0000000000000000 0400004000000000 bits102_122 0 0 61 31.99865 -0.69 0 0 0 0 0 0 0 0 0
0000000000000000 0800004000000000 bits102_123 0 0 75 31.99681 -1.63 0 0 0 0 0 0 0 0 0
0000000000000000 1000004000000000 bits102_124 0 0 68 31.99441 -2.86 0 0 0 0 0 0 0 0 0
0000000000000000 2000004000000000 bits102_125 0 0 59 31.99742 -1.32 0 0 0 0 0 0 0 0 0
0000000000000000 4000004000000000 bits102_126 0 0 67 31.99832 -0.86 0 0 0 0 0 0 0 0 0
0000000000000000 8000004000000000 bits102_127 0 0 61 32.00239 1.23 0 0 0 0 0 0 0 0 0
0000000000000000 0000018000000000 bits103_104 0 0 50 31.99964 -0.18 0 0 0 0 0 0 0 0 0
0000000000000000 0000028000000000 bits103_105 0 0 72 31.99818 -0.93 0 0 0 0 0 0 0 0 0
0000000000000000 0000048000000000 bits103_106 0 0 58 32.00954 4.89 0 0 0 0 0 0 0 0 0
0000000000000000 0000088000000000 bits103_107 0 0 58 31.99366 -3.25 0 0 0 0 0 0 0 0 0
0000000000000000 0000108000000000 bits103_108 0 0 60 32.00990 5.07 0 0 0 0 0 0 0 0 0
0000000000000000 0000208000000000 bits103_109 0 0 79 32.00415 2.13 0 0 0 0 0 0 0 0 0
0000000000000000 0000408000000000 bits103_110 0 0 56 31.99721 -1.43 0 0 0 0 0 0 0 0 0
0000000000000000 0000808000000000 bits103_111 0 0 55 31.99816 -0.94 0 0 0 0 0 0 0 0 0
0000000000000000 0001008000000000 bits103_112 0 0 55 32.00070 0.36 0 0 0 0 0 0 0 0 0
0000000000000000 0002008000000000 bits103_113 0 0 61 31.99857 -0.73 0 0 0 0 0 0 0 0 0
0000000000000000 0004008000000000 bits103_114 0 0 61 31.99922 -0.40 0 0 0 0 0 0 0 0 0
0000000000000000 0008008000000000 bits103_115 0 0 71 31.99798 -1.03 0 0 0 0 0 0 0 0 0
0000000000000000 0010008000000000 bits103_116 0 0 80 31.98896 -5.65 0 0 0 0 0 0 0 0 0
0000000000000000 0020008000000000 bits103_117 0 0 70 31.99831 -0.87 0 0 0 0 0 0 0 0 0
0000000000000000 0040008000000000 bits103_118 0 0 53 31.99254 -3.82 0 0 0 0 0 0 0 0 0
0000000000000000 0080008000000000 bits103_119 0 0 61 32.07055 36.12 0 0 0 0 0 0 0 0 0
0000000000000000 0100008000000000 bits103_120 0 0 58 31.99920 -0.41 0 0 0 0 0 0 0 0 0
0000000000000000 0200008000000000 bits103_121 0 0 70 32.00090 0.46 0 0 0 0 0 0 0 0 0
0000000000000000 0400008000000000 bits103_122 0 0 70 31.99010 -5.07 0 0 0 0 0 0 0 0 0
0000000000000000 0800008000000000 bits103_123 0 0 68 31.99393 -3.11 0 0 0 0 0 0 0 0 0
0000000000000000 1000008000000000 bits103_124 0 0 58 31.99368 -3.23 0 0 0 0 0 0 0 0 0
0000000000000000 2000008000000000 bits103_125 0 0 60 31.99978 -0.11 0 0 0 0 0 0 0 0 0
0000000000000000 4000008000000000 bits103_126 0 0 67 31.99861 -0.71 0 0 0 0 0 0 0 0 0
0000000000000000 8000008000000000 bits103_127 0 0 66 31.99801 -1.02 0 0 0 0 0 0 0 0 0
0000000000000000 0000030000000000 bits104_105 0 0 55 31.99137 -4.42 0 0 0 0 0 0 0 0 0
0000000000000000 0000050000000000 bits104_106 0 0 62 32.00403 2.06 0 0 0 0 0 0 0 0 0
0000000000000000 0000090000000000 bits104_107 0 0 73 32.00408 2.09 0 0 0 0 0 0 0 0 0
0000000000000000 0000110000000000 bits104_108 0 0 81 31.99837 -0.84 0 0 0 0 0 0 0 0 0
0000000000000000 0000210000000000 bits104_109 0 0 65 32.00685 3.50 0 0 0 0 0 0 0 0 0
0000000000000000 0000410000000000 bits104_110 0 0 59 32.00035 0.18 0 0 0 0 0 0 0 0 0
0000000000000000 0000810000000000 bits104_111 0 0 71 31.99588 -2.11 0 0 0 0 0 0 0 0 0
0000000000000000 0001010000000000 bits104_112 0 0 62 31.99929 -0.36 0 0 0 0 0 0 0 0 0
0000000000000000 0002010000000000 bits104_113 0 0 56 31.99781 -1.12 0 0 0 0 0 0 0 0 0
0000000000000000 0004010000000000 bits104_114 0 0 62 32.00160 0.82 0 0 0 0 0 0 0 0 0
0000000000000000 0008010000000000 bits104_115 0 0 70 31.99851 -0.76 0 0 0 0 0 0 0 0 0
0000000000000000 0010010000000000 bits104_116 0 0 81 32.00045 0.23 0 0 0 0 0 0 0 0 0
0000000000000000 0020010000000000 bits104_117 0 1 69 31.99269 -3.74 0 0 0 0 0 0 0 0 0
0000000000000000 0040010000000000 bits104_118 0 0 76 32.00038 0.19 0 0 0 0 0 0 0 0 0
0000000000000000 0080010000000000 bits104_119 0 0 84 31.99493 -2.60 0 0 0 0 0 0 0 0 0
0000000000000000 0100010000000000 bits104_120 0 0 59 32.06445 33.00 0 0 0 0 0 0 0 0 0
0000000000000000 0200010000000000 bits104_121 0 0 71 31.99865 -0.69 0 0 0 0 0 0 0 0 0
0000000000000000 0400010000000000 bits104_122 0 0 60 32.00110 0.56 0 0 0 0 0 0 0 0 0
0000000000000000 0800010000000000 bits104_123 0 0 65 31.99284 -3.66 0 0 0 0 0 0 0 0 0
0000000000000000 1000010000000000 bits104_124 0 0 67 31.99943 -0.29 0 0 0 0 0 0 0 0 0
0000000000000000 2000010000000000 bits104_125 0 0 49 31.99104 -4.59 0 0 0 0 0 0 0 0 0
0000000000000000 4000010000000000 bits104_126 0 0 59 31.99880 -0.62 0 0 0 0 0 0 0 0 0
0000000000000000 8000010000000000 bits104_127 0 0 72 32.00392 2.01 0 0 0 0 0 0 0 0 0
0000000000000000 0000060000000000 bits105_106 0 0 52 31.99067 -4.77 0 0 0 0 0 0 0 0 0
0000000000000000 00000a0000000000 bits105_107 0 0 68 31.99936 -0.33 0 0 0 0 0 0 0 0 0
0000000000000000 0000120000000000 bits105_108 0 0 67 32.01003 5.14 0 0 0 0 0 0 0 0 0
0000000000000000 0000220000000000 bits105_109 0 0 56 31.99712 -1.47 0 0 0 0 0 0 0 0 0
0000000000000000 0000420000000000 bits105_110 0 0 58 32.00594 3.04 0 0 0 0 0 0 0 0 0
0000000000000000 0000820000000000 bits105_111 0 0 57 32.00006 0.03 0 0 0 0 0 0 0 0 0
0000000000000000 0001020000000000 bits105_112 0 0 70 32.00012 0.06 0 0 0 0 0 0 0 0 0
0000000000000000 0002020000000000 bits105_113 0 0 56 32.00119 0.61 0 0 0 0 0 0 0 0 0
0000000000000000 0004020000000000 bits105_114 0 0 72 31.99933 -0.34 0 0 0 0 0 0 0 0 0
0000000000000000 0008020000000000 bits105_115 0 0 57 32.00276 1.41 0 0 0 0 0 0 0 0 0
0000000000000000 0010020000000000 bits105_116 0 0 74 31.99590 -2.10 0 0 0 0 0 0 0 0 0
0000000000000000 0020020000000000 bits105_117 0 0 80 31.99932 -0.35 0 0 0 0 0 0 0 0 0
0000000000000000 0040020000000000 bits105_118 0 0 52 31.99145 -4.38 0 0 0 0 0 0 0 0 0
0000000000000000 0080020000000000 bits105_119 0 0 64 31.99842 -0.81 0 0 0 0 0 0 0 0 0
0000000000000000 0100020000000000 bits105_120 0 0 85 31.99670 -1.69 0 0 0 0 0 0 0 0 0
0000000000000000 0200020000000000 bits105_121 0 0 46 32.06222 31.86 0 0 0 0 0 0 0 0 0
0000000000000000 0400020000000000 bits105_122 0 0 64 31.99500 -2.56 0 0 0 0 0 0 0 0 0
0000000000000000 0800020000000000 bits105_123 0 0 68 31.99924 -0.39 0 0 0 0 0 0 0 0 0
0000000000000000 1000020000000000 bits105_124 0 0 71 31.98740 -6.45 0 0 0 0 0 0 0 0 0
0000000000000000 2000020000000000 bits105_125 0 0 66 31.99523 -2.44 0 0 0 0 0 0 0 0 0
0000000000000000 4000020000000000 bits105_126 0 0 70 31.98513 -7.61 0 0 0 0 0 0 0 0 0
0000000000000000 8000020000000000 bits105_127 0 0 61 31.99672 -1.68 0 0 0 0 0 0 0 0 0
0000000000000000 00000c0000000000 bits106_107 0 0 59 31.98932 -5.47 0 0 0 0 0 0 0 0 0
0000000000000000 0000140000000000 bits106_108 0 0 62 32.00126 0.64 0 0 0 0 0 0 0 0 0
0000000000000000 0000240000000000 bits106_109 0 0 68 32.00741 3.80 0 0 0 0 0 0 0 0 0
0000000000000000 0000440000000000 bits106_110 0 0 63 31.99438 -2.88 0 0 0 0 0 0 0 0 0
0000000000000000 0000840000000000 bits106_111 0 0 65 32.00332 1.70 0 0 0 0 0 0 0 0 0
0000000000000000 0001040000000000 bits106_112 0 0 61 31.99820 -0.92 0 0 0 0 0 0 0 0 0
0000000000000000 0002040000000000 bits106_113 0 0 76 32.00159 0.82 0 0 0 0 0 0 0 0 0
0000000000000000 0004040000000000 bits106_114 0 0 70 31.99869 -0.67 0 0 0 0 0 0 0 0 0
0000000000000000 0008040000000000 bits106_115 0 0 90 31.99703 -1.52 0 0 0 0 0 0 0 0 0
0000000000000000 0010040000000000 bits106_116 0 0 70 32.00181 0.93 0 0 0 0 0 0 0 0 0
0000000000000000 0020040000000000 bits106_117 0 0 72 31.99838 -0.83 0 0 0 0 0 0 0 0 0
0000000000000000 0040040000000000 bits106_118 0 0 58 31.99982 -0.09 0 0 0 0 0 0 0 0 0
0000000000000000 0080040000000000 bits106_119 0 0 83 31.99367 -3.24 0 0 0 0 0 0 0 0 0
0000000000000000 0100040000000000 bits106_120 0 0 66 32.00140 0.72 0 0 0 0 0 0 0 0 0
0000000000000000 0200040000000000 bits106_121 0 0 64 31.99801 -1.02 0 0 0 0 0 0 0 0 0
0000000000000000 0400040000000000 bits106_122 0 0 61 32.05205 26.65 0 0 0 0 0 0 0 0 0
0000000000000000 0800040000000000 bits106_123 0 0 55 32.00154 0.79 0 0 0 0 0 0 0 0 0
0000000000000000 1000040000000000 bits106_124 0 0 69 32.00072 0.37 0 0 0 0 0 0 0 0 0
0000000000000000 2000040000000000 bits106_125 0 0 56 31.98920 -5.53 0 0 0 0 0 0 0 0 0
0000000000000000 4000040000000000 bits106_126 0 0 69 31.99413 -3.01 0 0 0 0 0 0 0 0 0
0000000000000000 8000040000000000 bits106_127 0 0 65 31.98826 -6.01 0 0 0 0 0 0 0 0 0
0000000000000000 0000180000000000 bits107_108 0 0 62 31.97863 -10.94 0 0 0 0 0 0 0 0 0
0000000000000000 0000280000000000 bits107_109 0 0 68 32.00099 0.50 0 0 0 0 0 0 0 0 0
0000000000000000 0000480000000000 bits107_110 0 0 64 32.00628 3.21 0 0 0 0 0 0 0 0 0
0000000000000000 0000880000000000 bits107_111 0 0 80 32.00115 0.59 0 0 0 0 0 0 0 0 0
0000000000000000 0001080000000000 bits107_112 0 0 68 32.00077 0.40 0 0 0 0 0 0 0 0 0
0000000000000000 0002080000000000 bits107_113 0 0 55 31.99868 -0.68 0 0 0 0 0 0 0 0 0
0000000000000000 0004080000000000 bits107_114 0 0 81 32.00151 0.77 0 0 0 0 0 0 0 0 0
0000000000000000 0008080000000000 bits107_115 0 0 70 31.99817 -0.93 0 0 0 0 0 0 0 0 0
0000000000000000 0010080000000000 bits107_116 0 0 60 31.99795 -1.05 0 0 0 0 0 0 0 0 0
0000000000000000 0020080000000000 bits107_117 0 0 69 31.99913 -0.45 0 0 0 0 0 0 0 0 0
0000000000000000 0040080000000000 bits107_118 0 0 66 31.99747 -1.30 0 0 0 0 0 0 0 0 0
0000000000000000 0080080000000000 bits107_119 0 0 78 31.99880 -0.61 0 0 0 0 0 0 0 0 0
0000000000000000 0100080000000000 bits107_120 0 0 45 31.99636 -1.86 0 0 0 0 0 0 0 0 0
0000000000000000 0200080000000000 bits107_121 0 0 69 31.99684 -1.62 0 0 0 0 0 0 0 0 0
0000000000000000 0400080000000000 bits107_122 0 0 59 32.00279 1.43 0 0 0 0 0 0 0 0 0
0000000000000000 0800080000000000 bits107_123 0 0 69 32.04335 22.20 0 0 0 0 0 0 0 0 0
0000000000000000 1000080000000000 bits107_124 0 0 78 31.99692 -1.58 0 0 0 0 0 0 0 0 0
0000000000000000 2000080000000000 bits107_125 0 0 59 31.99927 -0.37 0 0 0 0 0 0 0 0 0
0000000000000000 4000080000000000 bits107_126 0 0 60 31.99105 -4.58 0 0 0 0 0 0 0 0 0
0000000000000000 8000080000000000 bits107_127 0 0 60 31.99614 -1.98 0 0 0 0 0 0 0 0 0
0000000000000000 0000300000000000 bits108_109 0 0 62 31.97545 -12.57 0 0 0 0 0 0 0 0 0
0000000000000000 0000500000000000 bits108_110 0 0 67 32.00060 0.31 0 0 0 0 0 0 0 0 0
0000000000000000 0000900000000000 bits108_111 0 0 60 32.00767 3.92 0 0 0 0 0 0 0 0 0
0000000000000000 0001100000000000 bits108_112 0 0 68 32.00177 0.91 0 0 0 0 0 0 0 0 0
0000000000000000 0002100000000000 bits108_113 0 0 69 32.00323 1.65 0 0 0 0 0 0 0 0 0
0000000000000000 0004100000000000 bits108_114 0 0 65 32.00227 1.16 0 0 0 0 0 0 0 0 0
0000000000000000 0008100000000000 bits108_115 0 0 62 32.00006 0.03 0 0 0 0 0 0 0 0 0
0000000000000000 0010100000000000 bits108_116 0 0 70 31.99900 -0.51 0 0 0 0 0 0 0 0 0
0000000000000000 0020100000000000 bits108_117 0 0 66 32.00064 0.33 0 0 0 0 0 0 0 0 0
0000000000000000 0040100000000000 bits108_118 0 0 53 32.00004 0.02 0 0 0 0 0 0 0 0 0
0000000000000000 0080100000000000 bits108_119 0 0 66 31.99265 -3.76 0 0 0 0 0 0 0 0 0
0000000000000000 0100100000000000 bits108_120 0 0 57 31.99829 -0.88 0 0 0 0 0 0 0 0 0
0000000000000000 0200100000000000 bits108_121 0 0 58 31.99487 -2.63 0 0 0 0 0 0 0 0 0
0000000000000000 0400100000000000 bits108_122 0 0 56 32.00183 0.94 0 0 0 0 0 0 0 0 0
0000000000000000 0800100000000000 bits108_123 0 0 64 32.00101 0.52 0 0 0 0 0 0 0 0 0
0000000000000000 1000100000000000 bits108_124 0 0 65 32.04602 23.56 0 0 0 0 0 0 0 0 0
0000000000000000 2000100000000000 bits108_125 0 0 57 31.99384 -3.16 0 0 0 0 0 0 0 0 0
0000000000000000 4000100000000000 bits108_126 0 0 70 32.00124 0.63 0 0 0 0 0 0 0 0 0
0000000000000000 8000100000000000 bits108_127 0 0 67 31.99192 -4.14 0 0 0 0 0 0 0 0 0
0000000000000000 0000600000000000 bits109_110 0 0 58 31.96765 -16.56 0 0 0 0 0 0 0 0 0
0000000000000000 0000a00000000000 bits109_111 0 0 58 31.99670 -1.69 0 0 0 0 0 0 0 0 0
0000000000000000 0001200000000000 bits109_112 0 0 51 32.00548 2.81 0 0 0 0 0 0 0 0 0
0000000000000000 0002200000000000 bits109_113 0 0 53 31.99727 -1.40 0 0 0 0 0 0 0 0 0
0000000000000000 0004200000000000 bits109_114 0 0 53 32.00385 1.97 0 0 0 0 0 0 0 0 0
0000000000000000 0008200000000000 bits109_115 0 0 70 32.00047 0.24 0 0 0 0 0 0 0 0 0
0000000000000000 0010200000000000 bits109_116 0 0 65 32.00172 0.88 0 0 0 0 0 0 0 0 0
0000000000000000 0020200000000000 bits109_117 0 0 60 31.99688 -1.60 0 0 0 0 0 0 0 0 0
0000000000000000 0040200000000000 bits109_118 0 0 66 31.99979 -0.11 0 0 0 0 0 0 0 0 0
0000000000000000 0080200000000000 bits109_119 0 0 68 31.99900 -0.51 0 0 0 0 0 0 0 0 0
0000000000000000 0100200000000000 bits109_120 0 0 61 31.99449 -2.82 0 0 0 0 0 0 0 0 0
0000000000000000 0200200000000000 bits109_121 0 0 52 31.99863 -0.70 0 0 0 0 0 0 0 0 0
0000000000000000 0400200000000000 bits109_122 0 0 69 31.99494 -2.59 0 0 0 0 0 0 0 0 0
0000000000000000 0800200000000000 bits109_123 0 0 69 31.99801 -1.02 0 0 0 0 0 0 0 0 0
0000000000000000 1000200000000000 bits109_124 0 0 64 32.00489 2.50 0 0 0 0 0 0 0 0 0
0000000000000000 2000200000000000 bits109_125 0 0 68 32.04555 23.32 0 0 0 0 0 0 0 0 0
0000000000000000 4000200000000000 bits109_126 0 0 69 31.99587 -2.11 0 0 0 0 0 0 0 0 0
0000000000000000 8000200000000000 bits109_127 0 0 79 31.99971 -0.15 0 0 0 0 0 0 0 0 0
0000000000000000 0000c00000000000 bits110_111 0 0 56 31.96287 -19.01 0 0 0 0 0 0 0 0 0
0000000000000000 0001400000000000 bits110_112 0 0 55 32.00270 1.38 0 0 0 0 0 0 0 0 0
0000000000000000 0002400000000000 bits110_113 0 0 67 32.00629 3.22 0 0 0 0 0 0 0 0 0
0000000000000000 0004400000000000 bits110_114 0 0 62 31.99483 -2.65 0 0 0 0 0 0 0 0 0
0000000000000000 0008400000000000 bits110_115 0 0 59 32.00498 2.55 0 0 0 0 0 0 0 0 0
0000000000000000 0010400000000000 bits110_116 0 0 63 31.99743 -1.31 0 0 0 0 0 0 0 0 0
0000000000000000 0020400000000000 bits110_117 0 0 71 32.00029 0.15 0 0 0 0 0 0 0 0 0
0000000000000000 0040400000000000 bits110_118 0 0 55 32.00079 0.40 0 0 0 0 0 0 0 0 0
0000000000000000 0080400000000000 bits110_119 0 0 64 32.00032 0.16 0 0 0 0 0 0 0 0 0
0000000000000000 0100400000000000 bits110_120 0 0 65 31.99887 -0.58 0 0 0 0 0 0 0 0 0
0000000000000000 0200400000000000 bits110_121 0 0 69 31.99202 -4.08 0 0 0 0 0 0 0 0 0
0000000000000000 0400400000000000 bits110_122 0 0 64 31.99985 -0.08 0 0 0 0 0 0 0 0 0
0000000000000000 0800400000000000 bits110_123 0 0 74 31.99269 -3.74 0 0 0 0 0 0 0 0 0
0000000000000000 1000400000000000 bits110_124 0 0 53 31.99674 -1.67 0 0 0 0 0 0 0 0 0
0000000000000000 2000400000000000 bits110_125 0 0 87 32.00493 2.53 0 0 0 0 0 0 0 0 0
0000000000000000 4000400000000000 bits110_126 0 0 70 32.05485 28.09 0 0 0 0 0 0 0 0 0
0000000000000000 8000400000000000 bits110_127 0 0 55 31.99156 -4.32 0 0 0 0 0 0 0 0 0
0000000000000000 0001800000000000 bits111_112 0 0 50 32.01823 9.33 0 0 0 0 0 0 0 0 0
0000000000000000 0002800000000000 bits111_113 0 0 59 32.00364 1.86 0 0 0 0 0 0 0 0 0
0000000000000000 0004800000000000 bits111_114 0 0 75 32.00586 3.00 0 0 0 0 0 0 0 0 0
0000000000000000 0008800000000000 bits111_115 0 0 68 31.98520 -7.58 0 0 0 0 0 0 0 0 0
0000000000000000 0010800000000000 bits111_116 0 0 41 32.00729 3.73 0 0 0 0 0 0 0 0 0
0000000000000000 0020800000000000 bits111_117 0 0 52 31.99776 -1.15 0 0 0 0 0 0 0 0 0
0000000000000000 0040800000000000 bits111_118 0 0 71 32.00020 0.10 0 0 0 0 0 0 0 0 0
0000000000000000 0080800000000000 bits111_119 0 0 52 31.99919 -0.42 0 0 0 0 0 0 0 0 0
0000000000000000 0100800000000000 bits111_120 0 0 60 32.00198 1.01 0 0 0 0 0 0 0 0 0
0000000000000000 0200800000000000 bits111_121 0 0 58 31.99968 -0.16 0 0 0 0 0 0 0 0 0
0000000000000000 0400800000000000 bits111_122 0 0 66 31.99220 -3.99 0 0 0 0 0 0 0 0 0
0000000000000000 0800800000000000 bits111_123 0 0 65 32.00015 0.08 0 0 0 0 0 0 0 0 0
0000000000000000 1000800000000000 bits111_124 0 0 52 31.99071 -4.76 0 0 0 0 0 0 0 0 0
0000000000000000 2000800000000000 bits111_125 0 0 69 31.99967 -0.17 0 0 0 0 0 0 0 0 0
0000000000000000 4000800000000000 bits111_126 0 0 60 32.00354 1.81 0 0 0 0 0 0 0 0 0
0000000000000000 8000800000000000 bits111_127 0 0 63 32.07883 40.36 0 0 0 0 0 0 0 0 0
0000000000000000 0003000000000000 bits112_113 0 0 68 31.98907 -5.60 0 0 0 0 0 0 0 0 0
0000000000000000 0005000000000000 bits112_114 0 0 65 32.00185 0.94 0 0 0 0 0 0 0 0 0
0000000000000000 0009000000000000 bits112_115 0 0 56 32.00367 1.88 0 0 0 0 0 0 0 0 0
0000000000000000 0011000000000000 bits112_116 0 0 55 32.00164 0.84 0 0 0 0 0 0 0 0 0
0000000000000000 0021000000000000 bits112_117 0 0 66 31.99930 -0.36 0 0 0 0 0 0 0 0 0
0000000000000000 0041000000000000 bits112_118 0 0 56 32.00210 1.08 0 0 0 0 0 0 0 0 0
0000000000000000 0081000000000000 bits112_119 0 0 59 32.00011 0.06 0 0 0 0 0 0 0 0 0
0000000000000000 0101000000000000 bits112_120 0 0 76 32.00025 0.13 0 0 0 0 0 0 0 0 0
0000000000000000 0201000000000000 bits112_121 0 0 70 32.00061 0.31 0 0 0 0 0 0 0 0 0
0000000000000000 0401000000000000 bits112_122 0 0 60 31.99912 -0.45 0 0 0 0 0 0 0 0 0
0000000000000000 0801000000000000 bits112_123 0 0 54 31.99469 -2.72 0 0 0 0 0 0 0 0 0
0000000000000000 1001000000000000 bits112_124 0 0 59 32.00006 0.03 0 0 0 0 0 0 0 0 0
0000000000000000 2001000000000000 bits112_125 0 0 69 31.99936 -0.33 0 0 0 0 0 0 0 0 0
0000000000000000 4001000000000000 bits112_126 0 0 59 31.99786 -1.09 0 0 0 0 0 0 0 0 0
0000000000000000 8001000000000000 bits112_127 0 0 59 32.00271 1.39 0 0 0 0 0 0 0 0 0
0000000000000000 0006000000000000 bits113_114 0 0 58 31.98777 -6.26 0 0 0 0 0 0 0 0 0
0000000000000000 000a000000000000 bits113_115 0 0 59 32.00046 0.24 0 0 0 0 0 0 0 0 0
0000000000000000 0012000000000000 bits113_116 0 0 46 32.00702 3.59 0 0 0 0 0 0 0 0 0
0000000000000000 0022000000000000 bits113_117 0 0 66 31.99748 -1.29 0 0 0 0 0 0 0 0 0
0000000000000000 0042000000000000 bits113_118 0 0 64 32.00033 0.17 0 0 0 0 0 0 0 0 0
0000000000000000 0082000000000000 bits113_119 0 0 62 32.00475 2.43 0 0 0 0 0 0 0 0 0
0000000000000000 0102000000000000 bits113_120 0 0 70 32.00021 0.11 0 0 0 0 0 0 0 0 0
0000000000000000 0202000000000000 bits113_121 0 0 55 31.99859 -0.72 0 0 0 0 0 0 0 0 0
0000000000000000 0402000000000000 bits113_122 0 0 75 31.99763 -1.21 0 0 0 0 0 0 0 0 0
0000000000000000 0802000000000000 bits113_123 0 0 73 31.99949 -0.26 0 0 0 0 0 0 0 0 0
0000000000000000 1002000000000000 bits113_124 0 0 53 31.99799 -1.03 0 0 0 0 0 0 0 0 0
0000000000000000 2002000000000000 bits113_125 0 0 76 32.00112 0.58 0 0 0 0 0 0 0 0 0
0000000000000000 4002000000000000 bits113_126 0 0 66 31.99304 -3.56 0 0 0 0 0 0 0 0 0
0000000000000000 8002000000000000 bits113_127 0 0 68 31.99987 -0.07 0 0 0 0 0 0 0 0 0
0000000000000000 000c000000000000 bits114_115 0 0 63 31.99022 -5.01 0 0 0 0 0 0 0 0 0
0000000000000000 0014000000000000 bits114_116 0 0 72 31.99977 -0.12 0 0 0 0 0 0 0 0 0
0000000000000000 0024000000000000 bits114_117 0 0 67 32.00718 3.67 0 0 0 0 0 0 0 0 0
0000000000000000 0044000000000000 bits114_118 0 0 56 31.99902 -0.50 0 0 0 0 0 0 0 0 0
0000000000000000 0084000000000000 bits114_119 0 0 67 32.00391 2.00 0 0 0 0 0 0 0 0 0
0000000000000000 0104000000000000 bits114_120 0 0 80 31.99998 -0.01 0 0 0 0 0 0 0 0 0
0000000000000000 0204000000000000 bits114_121 0 0 62 32.00172 0.88 0 0 0 0 0 0 0 0 0
0000000000000000 0404000000000000 bits114_122 0 0 64 31.99780 -1.13 0 0 0 0 0 0 0 0 0
0000000000000000 0804000000000000 bits114_123 0 0 55 32.00049 0.25 0 0 0 0 0 0 0 0 0
0000000000000000 1004000000000000 bits114_124 0 0 71 32.00155 0.79 0 0 0 0 0 0 0 0 0
0000000000000000 2004000000000000 bits114_125 0 0 69 31.99815 -0.94 0 0 0 0 0 0 0 0 0
0000000000000000 4004000000000000 bits114_126 0 0 75 31.99862 -0.71 0 0 0 0 0 0 0 0 0
0000000000000000 8004000000000000 bits114_127 0 0 71 31.98476 -7.80 0 0 0 0 0 0 0 0 0
0000000000000000 0018000000000000 bits115_116 0 0 60 31.99065 -4.79 0 0 0 0 0 0 0 0 0
0000000000000000 0028000000000000 bits115_117 0 0 57 31.99999 -0.00 0 0 0 0 0 0 0 0 0
0000000000000000 0048000000000000 bits115_118 0 0 74 32.00448 2.29 0 0 0 0 0 0 0 0 0
0000000000000000 0088000000000000 bits115_119 0 0 56 31.99774 -1.16 0 0 0 0 0 0 0 0 0
0000000000000000 0108000000000000 bits115_120 0 0 47 32.00296 1.51 0 0 0 0 0 0 0 0 0
0000000000000000 0208000000000000 bits115_121 0 0 59 31.99908 -0.47 0 0 0 0 0 0 0 0 0
0000000000000000 0408000000000000 bits115_122 0 0 67 31.99671 -1.69 0 0 0 0 0 0 0 0 0
0000000000000000 0808000000000000 bits115_123 0 0 66 32.00194 0.99 0 0 0 0 0 0 0 0 0
0000000000000000 1008000000000000 bits115_124 0 0 58 32.00055 0.28 0 0 0 0 0 0 0 0 0
0000000000000000 2008000000000000 bits115_125 0 0 70 32.00443 2.27 0 0 0 0 0 0 0 0 0
0000000000000000 4008000000000000 bits115_126 0 0 57 31.99772 -1.17 0 0 0 0 0 0 0 0 0
0000000000000000 8008000000000000 bits115_127 0 0 73 31.99868 -0.68 0 0 0 0 0 0 0 0 0
0000000000000000 0030000000000000 bits116_117 0 0 66 31.99575 -2.17 0 0 0 0 0 0 0 0 0
0000000000000000 0050000000000000 bits116_118 0 0 56 31.99997 -0.02 0 0 0 0 0 0 0 0 0
0000000000000000 0090000000000000 bits116_119 0 0 67 32.00381 1.95 0 0 0 0 0 0 0 0 0
0000000000000000 0110000000000000 bits116_120 0 0 66 31.99795 -1.05 0 0 0 0 0 0 0 0 0
0000000000000000 0210000000000000 bits116_121 0 0 72 32.00345 1.76 0 0 0 0 0 0 0 0 0
0000000000000000 0410000000000000 bits116_122 0 0 47 31.99691 -1.58 0 0 0 0 0 0 0 0 0
0000000000000000 0810000000000000 bits116_123 0 0 73 31.99723 -1.42 0 0 0 0 0 0 0 0 0
0000000000000000 1010000000000000 bits116_124 0 0 58 32.00023 0.12 0 0 0 0 0 0 0 0 0
0000000000000000 2010000000000000 bits116_125 0 0 62 31.99983 -0.09 0 0 0 0 0 0 0 0 0
0000000000000000 4010000000000000 bits116_126 0 0 72 32.00068 0.35 0 0 0 0 0 0 0 0 0
0000000000000000 8010000000000000 bits116_127 0 0 74 31.99492 -2.60 0 0 0 0 0 0 0 0 0
0000000000000000 0060000000000000 bits117_118 0 0 58 31.99202 -4.09 0 0 0 0 0 0 0 0 0
0000000000000000 00a0000000000000 bits117_119 0 0 64 31.99881 -0.61 0 0 0 0 0 0 0 0 0
0000000000000000 0120000000000000 bits117_120 0 0 72 32.00813 4.16 0 0 0 0 0 0 0 0 0
0000000000000000 0220000000000000 bits117_121 0 0 53 31.99774 -1.16 0 0 0 0 0 0 0 0 0
0000000000000000 0420000000000000 bits117_122 0 0 69 31.99771 -1.17 0 0 0 0 0 0 0 0 0
0000000000000000 0820000000000000 bits117_123 0 0 54 31.99735 -1.36 0 0 0 0 0 0 0 0 0
0000000000000000 1020000000000000 bits117_124 0 0 55 32.00004 0.02 0 0 0 0 0 0 0 0 0
0000000000000000 2020000000000000 bits117_125 0 0 77 32.00091 0.47 0 0 0 0 0 0 0 0 0
0000000000000000 4020000000000000 bits117_126 0 0 60 31.99574 -2.18 0 0 0 0 0 0 0 0 0
0000000000000000 8020000000000000 bits117_127 0 0 58 32.00271 1.39 0 0 0 0 0 0 0 0 0
0000000000000000 00c0000000000000 bits118_119 0 0 70 31.98580 -7.27 0 0 0 0 0 0 0 0 0
0000000000000000 0140000000000000 bits118_120 0 0 66 32.00141 0.72 0 0 0 0 0 0 0 0 0
0000000000000000 0240000000000000 bits118_121 0 0 70 32.00585 2.99 0 0 0 0 0 0 0 0 0
0000000000000000 0440000000000000 bits118_122 0 0 66 31.99870 -0.67 0 0 0 0 0 0 0 0 0
0000000000000000 0840000000000000 bits118_123 0 0 64 31.99993 -0.03 0 0 0 0 0 0 0 0 0
0000000000000000 1040000000000000 bits118_124 0 0 68 32.00070 0.36 0 0 0 0 0 0 0 0 0
0000000000000000 2040000000000000 bits118_125 0 0 67 32.00146 0.75 0 0 0 0 0 0 0 0 0
0000000000000000 4040000000000000 bits118_126 0 0 50 31.99907 -0.48 0 0 0 0 0 0 0 0 0
0000000000000000 8040000000000000 bits118_127 0 0 66 32.00163 0.83 0 0 0 0 0 0 0 0 0
0000000000000000 0180000000000000 bits119_120 0 0 69 31.98613 -7.10 0 0 0 0 0 0 0 0 0
0000000000000000 0280000000000000 bits119_121 0 0 56 31.99660 -1.74 0 0 0 0 0 0 0 0 0
0000000000000000 0480000000000000 bits119_122 0 0 62 32.00728 3.73 0 0 0 0 0 0 0 0 0
0000000000000000 0880000000000000 bits119_123 0 0 59 31.99644 -1.82 0 0 0 0 0 0 0 0 0
0000000000000000 1080000000000000 bits119_124 0 0 52 32.00651 3.33 0 0 0 0 0 0 0 0 0
0000000000000000 2080000000000000 bits119_125 0 0 58 32.00256 1.31 0 0 0 0 0 0 0 0 0
0000000000000000 4080000000000000 bits119_126 0 0 59 31.99910 -0.46 0 0 0 0 0 0 0 0 0
0000000000000000 8080000000000000 bits119_127 0 0 68 32.00049 0.25 0 0 0 0 0 0 0 0 0
0000000000000000 0300000000000000 bits120_121 0 0 57 31.98656 -6.88 0 0 0 0 0 0 0 0 0
0000000000000000 0500000000000000 bits120_122 0 0 69 31.99994 -0.03 0 0 0 0 0 0 0 0 0
0000000000000000 0900000000000000 bits120_123 0 0 71 32.00774 3.96 0 0 0 0 0 0 0 0 0
0000000000000000 1100000000000000 bits120_124 0 0 57 31.99343 -3.37 0 0 0 0 0 0 0 0 0
0000000000000000 2100000000000000 bits120_125 0 0 57 32.00579 2.97 0 0 0 0 0 0 0 0 0
0000000000000000 4100000000000000 bits120_126 0 0 64 32.00226 1.16 0 0 0 0 0 0 0 0 0
0000000000000000 8100000000000000 bits120_127 0 0 53 31.99986 -0.07 0 0 0 0 0 0 0 0 0
0000000000000000 0600000000000000 bits121_122 0 0 71 31.99012 -5.06 0 0 0 0 0 0 0 0 0
0000000000000000 0a00000000000000 bits121_123 0 0 66 32.00125 0.64 0 0 0 0 0 0 0 0 0
0000000000000000 1200000000000000 bits121_124 0 0 70 32.00797 4.08 0 0 0 0 0 0 0 0 0
0000000000000000 2200000000000000 bits121_125 0 0 64 31.99583 -2.14 0 0 0 0 0 0 0 0 0
0000000000000000 4200000000000000 bits121_126 0 0 70 32.01354 6.93 0 0 0 0 0 0 0 0 0
0000000000000000 8200000000000000 bits121_127 0 0 77 32.00056 0.28 0 0 0 0 0 0 0 0 0
0000000000000000 0c00000000000000 bits122_123 0 0 74 31.98583 -7.25 0 0 0 0 0 0 0 0 0
0000000000000000 1400000000000000 bits122_124 0 0 77 31.99516 -2.48 0 0 0 0 0 0 0 0 0
0000000000000000 2400000000000000 bits122_125 0 0 65 32.00732 3.75 0 0 0 0 0 0 0 0 0
0000000000000000 4400000000000000 bits122_126 0 0 65 31.99602 -2.04 0 0 0 0 0 0 0 0 0
0000000000000000 8400000000000000 bits122_127 0 0 75 32.01857 9.51 0 0 0 0 0 0 0 0 0
0000000000000000 1800000000000000 bits123_124 0 0 75 31.99475 -2.69 0 0 0 0 0 0 0 0 0
0000000000000000 2800000000000000 bits123_125 0 0 68 32.00276 1.41 0 0 0 0 0 0 0 0 0
0000000000000000 4800000000000000 bits123_126 0 0 63 32.00747 3.83 0 0 0 0 0 0 0 0 0
0000000000000000 8800000000000000 bits123_127 0 0 60 31.99260 -3.79 0 0 0 0 0 0 0 0 0
0000000000000000 3000000000000000 bits124_125 0 0 65 31.98661 -6.85 0 0 0 0 0 0 0 0 0
0000000000000000 5000000000000000 bits124_126 0 0 57 31.99984 -0.08 0 0 0 0 0 0 0 0 0
0000000000000000 9000000000000000 bits124_127 0 0 70 32.01326 6.79 0 0 0 0 0 0 0 0 0
0000000000000000 6000000000000000 bits125_126 0 0 76 31.97985 -10.32 0 0 0 0 0 0 0 0 0
0000000000000000 a000000000000000 bits125_127 0 0 66 32.00632 3.24 0 0 0 0 0 0 0 0 0
0000000000000000 c000000000000000 bits126_127 0 0 71 31.96698 -16.91 0 0 0 0 0 0 0 0 0
ffffffffffffffff 0000000000000000 complement0 0 0 51 32.00144 0.74 0 0 0 0 0 0 0 0 0
00000000000000ff 0000000000000000 lowbyte 0 0 69 32.00218 1.11 0 0 0 0 0 0 0 0 0
ff00000000000000 0000000000000000 highbyte 0 0 74 31.99648 -1.80 0 0 0 0 0 0 0 0 0
00ff00ff00ff00ff 0000000000000000 byteswap_even 0 0 64 32.00105 0.54 0 0 0 0 0 0 0 0 0
ff00ff00ff00ff00 0000000000000000 byteswap_odd 0 0 65 32.00191 0.98 0 0 0 0 0 0 0 0 0
0f0f0f0f0f0f0f0f 0000000000000000 nibble 0 0 65 31.99956 -0.23 0 0 0 0 0 0 0 0 0
8080808080808080 0000000000000000 bytemsb 0 0 62 32.00071 0.36 0 0 0 0 0 0 0 0 0
0101010101010101 0000000000000000 bytelsb 0 0 72 32.00008 0.04 0 0 0 0 0 0 0 0 0
00000000ffffffff 0000000000000000 low32 0 0 61 32.00291 1.49 0 0 0 0 0 0 0 0 0
ffffffff00000000 0000000000000000 high32 0 0 64 32.00298 1.53 0 0 0 0 0 0 0 0 0
aaaaaaaaaaaaaaaa 0000000000000000 alt_a 0 0 65 32.00264 1.35 0 0 0 0 0 0 0 0 0
5555555555555555 0000000000000000 alt_5 0 0 52 32.00586 3.00 0 0 0 0 0 0 0 0 0
8000000000000001 0000000000000000 wrap 0 0 60 31.99676 -1.66 0 0 0 0 0 0 0 0 0
0000000000000003 0000000000000000 run2 0 0 73 32.00035 0.18 0 0 0 0 0 0 0 0 0
000000000000001f 0000000000000000 run5 0 0 78 32.00206 1.05 0 0 0 0 0 0 0 0 0
00000000000000ff 0000000000000000 run8 0 0 69 32.00218 1.11 0 0 0 0 0 0 0 0 0
00000000000007ff 0000000000000000 run11 0 0 58 31.99894 -0.55 0 0 0 0 0 0 0 0 0
0000000000003fff 0000000000000000 run14 0 0 69 32.00102 0.52 0 0 0 0 0 0 0 0 0
000000000001ffff 0000000000000000 run17 0 0 51 32.00064 0.33 0 0 0 0 0 0 0 0 0
00000000000fffff 0000000000000000 run20 0 0 54 32.00032 0.16 0 0 0 0 0 0 0 0 0
00000000007fffff 0000000000000000 run23 0 0 69 32.00178 0.91 0 0 0 0 0 0 0 0 0
0000000003ffffff 0000000000000000 run26 0 0 53 31.99858 -0.73 0 0 0 0 0 0 0 0 0
000000001fffffff 0000000000000000 run29 0 0 59 31.99791 -1.07 0 0 0 0 0 0 0 0 0
00000000ffffffff 0000000000000000 run32 0 0 61 32.00291 1.49 0 0 0 0 0 0 0 0 0
00000007ffffffff 0000000000000000 run35 0 0 76 32.00061 0.31 0 0 0 0 0 0 0 0 0
0000003fffffffff 0000000000000000 run38 0 0 54 31.99854 -0.75 0 0 0 0 0 0 0 0 0
000001ffffffffff 0000000000000000 run41 0 0 70 31.99896 -0.53 0 0 0 0 0 0 0 0 0
00000fffffffffff 0000000000000000 run44 0 0 54 32.00210 1.08 0 0 0 0 0 0 0 0 0
00007fffffffffff 0000000000000000 run47 0 0 61 32.00026 0.13 0 0 0 0 0 0 0 0 0
0003ffffffffffff 0000000000000000 run50 0 0 70 31.99998 -0.01 0 0 0 0 0 0 0 0 0
001fffffffffffff 0000000000000000 run53 0 0 64 31.99635 -1.87 0 0 0 0 0 0 0 0 0
00ffffffffffffff 0000000000000000 run56 0 0 59 32.00005 0.03 0 0 0 0 0 0 0 0 0
07ffffffffffffff 0000000000000000 run59 0 0 65 31.99816 -0.94 0 0 0 0 0 0 0 0 0
3fffffffffffffff 0000000000000000 run62 0 0 66 31.99915 -0.44 0 0 0 0 0 0 0 0 0
c000000000000000 0000000000000000 toprun2 0 0 51 32.00058 0.30 0 0 0 0 0 0 0 0 0
f800000000000000 0000000000000000 toprun5 0 0 76 32.00208 1.06 0 0 0 0 0 0 0 0 0
ff00000000000000 0000000000000000 toprun8 0 0 74 31.99648 -1.80 0 0 0 0 0 0 0 0 0
ffe0000000000000 0000000000000000 toprun11 0 0 59 31.99978 -0.11 0 0 0 0 0 0 0 0 0
fffc000000000000 0000000000000000 toprun14 0 0 74 31.99961 -0.20 0 0 0 0 0 0 0 0 0
ffff800000000000 0000000000000000 toprun17 0 0 55 32.00106 0.54 0 0 0 0 0 0 0 0 0
fffff00000000000 0000000000000000 toprun20 0 0 70 32.00250 1.28 0 0 0 0 0 0 0 0 0
fffffe0000000000 0000000000000000 toprun23 0 0 63 32.00214 1.10 0 0 0 0 0 0 0 0 0
ffffffc000000000 0000000000000000 toprun26 0 0 57 32.00117 0.60 0 0 0 0 0 0 0 0 0
fffffff800000000 0000000000000000 toprun29 0 0 67 31.99823 -0.91 0 0 0 0 0 0 0 0 0
ffffffff00000000 0000000000000000 toprun32 0 0 64 32.00298 1.53 0 0 0 0 0 0 0 0 0
ffffffffe0000000 0000000000000000 toprun35 0 0 64 31.99893 -0.55 0 0 0 0 0 0 0 0 0
fffffffffc000000 0000000000000000 toprun38 0 0 70 31.99983 -0.09 0 0 0 0 0 0 0 0 0
ffffffffff800000 0000000000000000 toprun41 0 0 72 31.99796 -1.05 0 0 0 0 0 0 0 0 0
fffffffffff00000 0000000000000000 toprun44 0 0 63 32.00036 0.18 0 0 0 0 0 0 0 0 0
fffffffffffe0000 0000000000000000 toprun47 0 0 80 31.99873 -0.65 0 0 0 0 0 0 0 0 0
ffffffffffffc000 0000000000000000 toprun50 0 0 54 32.00029 0.15 0 0 0 0 0 0 0 0 0
fffffffffffff800 0000000000000000 toprun53 0 0 70 32.00032 0.16 0 0 0 0 0 0 0 0 0
ffffffffffffff00 0000000000000000 toprun56 0 0 65 32.00217 1.11 0 0 0 0 0 0 0 0 0
ffffffffffffffe0 0000000000000000 toprun59 0 0 65 31.99999 -0.00 0 0 0 0 0 0 0 0 0
fffffffffffffffc 0000000000000000 toprun62 0 0 66 32.00209 1.07 0 0 0 0 0 0 0 0 0
000000000f000000 0000000000000000 midrun4 0 0 52 31.99845 -0.79 0 0 0 0 0 0 0 0 0
00000000ff000000 0000000000000000 midrun8 0 0 74 32.00060 0.31 0 0 0 0 0 0 0 0 0
000000ffff000000 0000000000000000 midrun16 0 0 59 31.99735 -1.36 0 0 0 0 0 0 0 0 0
00ffffffff000000 0000000000000000 midrun32 0 0 64 32.00145 0.74 0 0 0 0 0 0 0 0 0
0000000000000000 ffffffffffffffff complement0_w1 0 0 61 32.00286 1.47 0 0 0 0 0 0 0 0 0
0000000000000000 00000000000000ff lowbyte_w1 0 0 75 31.99819 -0.92 0 0 0 0 0 0 0 0 0
0000000000000000 ff00000000000000 highbyte_w1 0 0 66 32.00111 0.57 0 0 0 0 0 0 0 0 0
0000000000000000 00ff00ff00ff00ff byteswap_even_w1 0 0 52 32.00096 0.49 0 0 0 0 0 0 0 0 0
0000000000000000 ff00ff00ff00ff00 byteswap_odd_w1 0 0 68 32.00120 0.61 0 0 0 0 0 0 0 0 0
0000000000000000 0f0f0f0f0f0f0f0f nibble_w1 0 0 69 31.99778 -1.13 0 0 0 0 0 0 0 0 0
0000000000000000 8080808080808080 bytemsb_w1 0 0 53 32.00153 0.78 0 0 0 0 0 0 0 0 0
0000000000000000 0101010101010101 bytelsb_w1 0 0 61 32.00016 0.08 0 0 0 0 0 0 0 0 0
0000000000000000 00000000ffffffff low32_w1 0 0 66 32.00089 0.46 0 0 0 0 0 0 0 0 0
0000000000000000 ffffffff00000000 high32_w1 0 0 74 32.00079 0.40 0 0 0 0 0 0 0 0 0
0000000000000000 aaaaaaaaaaaaaaaa alt_a_w1 0 0 60 31.99784 -1.11 0 0 0 0 0 0 0 0 0
0000000000000000 5555555555555555 alt_5_w1 0 0 58 32.00198 1.02 0 0 0 0 0 0 0 0 0
0000000000000000 8000000000000001 wrap_w1 0 0 65 31.99472 -2.71 0 0 0 0 0 0 0 0 0
0000000000000000 0000000000000003 run2_w1 0 0 66 31.99050 -4.87 0 0 0 0 0 0 0 0 0
0000000000000000 000000000000001f run5_w1 0 0 60 32.00030 0.16 0 0 0 0 0 0 0 0 0
0000000000000000 00000000000000ff run8_w1 0 0 75 31.99819 -0.92 0 0 0 0 0 0 0 0 0
0000000000000000 00000000000007ff run11_w1 0 0 50 32.00010 0.05 0 0 0 0 0 0 0 0 0
0000000000000000 0000000000003fff run14_w1 0 0 65 32.00043 0.22 0 0 0 0 0 0 0 0 0
0000000000000000 000000000001ffff run17_w1 0 0 52 32.00042 0.21 0 0 0 0 0 0 0 0 0
0000000000000000 00000000000fffff run20_w1 0 0 73 31.99841 -0.81 0 0 0 0 0 0 0 0 0
0000000000000000 00000000007fffff run23_w1 0 0 61 32.00191 0.98 0 0 0 0 0 0 0 0 0
0000000000000000 0000000003ffffff run26_w1 0 0 52 31.99969 -0.16 0 0 0 0 0 0 0 0 0
0000000000000000 000000001fffffff run29_w1 0 0 61 31.99776 -1.14 0 0 0 0 0 0 0 0 0
0000000000000000 00000000ffffffff run32_w1 0 0 66 32.00089 0.46 0 0 0 0 0 0 0 0 0
0000000000000000 00000007ffffffff run35_w1 0 0 56 32.00045 0.23 0 0 0 0 0 0 0 0 0
0000000000000000 0000003fffffffff run38_w1 0 0 67 32.00008 0.04 0 0 0 0 0 0 0 0 0
0000000000000000 000001ffffffffff run41_w1 0 0 72 32.00453 2.32 0 0 0 0 0 0 0 0 0
0000000000000000 00000fffffffffff run44_w1 0 0 64 32.00404 2.07 0 0 0 0 0 0 0 0 0
0000000000000000 00007fffffffffff run47_w1 0 0 52 31.99978 -0.11 0 0 0 0 0 0 0 0 0
0000000000000000 0003ffffffffffff run50_w1 0 0 51 32.00319 1.63 0 0 0 0 0 0 0 0 0
0000000000000000 001fffffffffffff run53_w1 0 0 65 32.00003 0.02 0 0 0 0 0 0 0 0 0
0000000000000000 00ffffffffffffff run56_w1 0 0 59 32.00181 0.93 0 0 0 0 0 0 0 0 0
0000000000000000 07ffffffffffffff run59_w1 0 0 68 31.99992 -0.04 0 0 0 0 0 0 0 0 0
0000000000000000 3fffffffffffffff run62_w1 0 0 58 32.00157 0.81 0 0 0 0 0 0 0 0 0
0000000000000000 c000000000000000 toprun2_w1 0 0 71 31.96698 -16.91 0 0 0 0 0 0 0 0 0
0000000000000000 f800000000000000 toprun5_w1 0 0 54 31.99999 -0.00 0 0 0 0 0 0 0 0 0
0000000000000000 ff00000000000000 toprun8_w1 0 0 66 32.00111 0.57 0 0 0 0 0 0 0 0 0
0000000000000000 ffe0000000000000 toprun11_w1 0 0 69 32.00041 0.21 0 0 0 0 0 0 0 0 0
0000000000000000 fffc000000000000 toprun14_w1 0 0 64 32.00149 0.76 0 0 0 0 0 0 0 0 0
0000000000000000 ffff800000000000 toprun17_w1 0 0 62 32.00084 0.43 0 0 0 0 0 0 0 0 0
0000000000000000 fffff00000000000 toprun20_w1 0 0 71 32.00027 0.14 0 0 0 0 0 0 0 0 0
0000000000000000 fffffe0000000000 toprun23_w1 0 0 71 32.00316 1.62 0 0 0 0 0 0 0 0 0
0000000000000000 ffffffc000000000 toprun26_w1 0 0 60 31.99539 -2.36 0 0 0 0 0 0 0 0 0
0000000000000000 fffffff800000000 toprun29_w1 0 0 50 31.99975 -0.13 0 0 0 0 0 0 0 0 0
0000000000000000 ffffffff00000000 toprun32_w1 0 0 74 32.00079 0.40 0 0 0 0 0 0 0 0 0
0000000000000000 ffffffffe0000000 toprun35_w1 0 0 58 31.99920 -0.41 0 0 0 0 0 0 0 0 0
0000000000000000 fffffffffc000000 toprun38_w1 0 0 56 31.99931 -0.35 0 0 0 0 0 0 0 0 0
0000000000000000 ffffffffff800000 toprun41_w1 0 0 65 31.99792 -1.07 0 0 0 0 0 0 0 0 0
0000000000000000 fffffffffff00000 toprun44_w1 0 0 62 31.99863 -0.70 0 0 0 0 0 0 0 0 0
0000000000000000 fffffffffffe0000 toprun47_w1 0 0 54 32.00154 0.79 0 0 0 0 0 0 0 0 0
0000000000000000 ffffffffffffc000 toprun50_w1 0 0 64 32.00221 1.13 0 0 0 0 0 0 0 0 0
0000000000000000 fffffffffffff800 toprun53_w1 0 0 65 32.00029 0.15 0 0 0 0 0 0 0 0 0
0000000000000000 ffffffffffffff00 toprun56_w1 0 0 62 31.99988 -0.06 0 0 0 0 0 0 0 0 0
0000000000000000 ffffffffffffffe0 toprun59_w1 0 0 49 31.99927 -0.38 0 0 0 0 0 0 0 0 0
0000000000000000 fffffffffffffffc toprun62_w1 0 0 72 32.00045 0.23 0 0 0 0 0 0 0 0 0
0000000000000000 000000000f000000 midrun4_w1 0 0 54 31.99991 -0.04 0 0 0 0 0 0 0 0 0
0000000000000000 00000000ff000000 midrun8_w1 0 0 72 31.99590 -2.10 0 0 0 0 0 0 0 0 0
0000000000000000 000000ffff000000 midrun16_w1 0 0 57 32.00097 0.50 0 0 0 0 0 0 0 0 0
0000000000000000 00ffffffff000000 midrun32_w1 0 0 64 32.00072 0.37 0 0 0 0 0 0 0 0 0
ffffffffffffffff ffffffffffffffff complement_both 0 0 56 32.00009 0.05 0 0 0 0 0 0 0 0 0
0000000000000001 0000000000000001 bit0_both 0 0 62 32.00029 0.15 0 0 0 0 0 0 0 0 0
8000000000000000 8000000000000000 bit63_both 0 0 70 32.00036 0.18 0 0 0 0 0 0 0 0 0
0123456789abcdef fedcba9876543210 rand_both 0 0 76 31.99997 -0.02 0 0 0 0 0 0 0 0 0
