# variant=11 W=1 log2keys=24 seed=4375 mode=R N=16777216
# d0 d1 name coll low32 low16 meanpop z hist0..8
0000000040000008 0000000000000000 bits3_30 0 0 273 32.00189 1.93 0 0 0 0 0 0 0 0 0
0000000080000008 0000000000000000 bits3_31 0 0 255 32.00073 0.75 0 0 0 0 0 0 0 0 0
0000000100000008 0000000000000000 bits3_32 0 0 265 32.00366 3.75 0 0 0 0 0 0 0 0 0
0000000200000008 0000000000000000 bits3_33 0 0 254 32.00038 0.39 0 0 0 0 0 0 0 0 0
0000000400000008 0000000000000000 bits3_34 0 0 232 31.99863 -1.41 0 0 0 0 0 0 0 0 0
0000000800000008 0000000000000000 bits3_35 0 0 255 31.98186 -18.58 0 0 0 0 0 0 0 0 0
0000001000000008 0000000000000000 bits3_36 0 0 245 32.00055 0.56 0 0 0 0 0 0 0 0 0
0000002000000008 0000000000000000 bits3_37 0 0 254 31.99884 -1.19 0 0 0 0 0 0 0 0 0
0000004000000008 0000000000000000 bits3_38 0 0 249 32.00520 5.32 0 0 0 0 0 0 0 0 0
0000008000000008 0000000000000000 bits3_39 0 0 241 31.99974 -0.26 0 0 0 0 0 0 0 0 0
0000010000000008 0000000000000000 bits3_40 0 0 235 32.00121 1.24 0 0 0 0 0 0 0 0 0
0000020000000008 0000000000000000 bits3_41 0 0 258 31.99811 -1.93 0 0 0 0 0 0 0 0 0
0000040000000008 0000000000000000 bits3_42 0 0 251 32.00119 1.22 0 0 0 0 0 0 0 0 0
0000080000000008 0000000000000000 bits3_43 0 0 266 31.99832 -1.72 0 0 0 0 0 0 0 0 0
0000100000000008 0000000000000000 bits3_44 0 0 273 32.00138 1.42 0 0 0 0 0 0 0 0 0
0000200000000008 0000000000000000 bits3_45 0 0 248 32.00003 0.03 0 0 0 0 0 0 0 0 0
0000400000000008 0000000000000000 bits3_46 0 0 251 31.99507 -5.05 0 0 0 0 0 0 0 0 0
0000800000000008 0000000000000000 bits3_47 0 0 258 32.01264 12.94 0 0 0 0 0 0 0 0 0
0001000000000008 0000000000000000 bits3_48 0 0 232 31.99675 -3.33 0 0 0 0 0 0 0 0 0
0002000000000008 0000000000000000 bits3_49 0 0 267 32.00085 0.87 0 0 0 0 0 0 0 0 0
0004000000000008 0000000000000000 bits3_50 0 0 248 31.99986 -0.14 0 0 0 0 0 0 0 0 0
0008000000000008 0000000000000000 bits3_51 0 0 235 32.03518 36.03 0 0 0 0 0 0 0 0 0
0010000000000008 0000000000000000 bits3_52 0 0 269 32.00046 0.48 0 0 0 0 0 0 0 0 0
0020000000000008 0000000000000000 bits3_53 0 0 254 31.99939 -0.63 0 0 0 0 0 0 0 0 0
0040000000000008 0000000000000000 bits3_54 0 0 259 31.99564 -4.47 0 0 0 0 0 0 0 0 0
0080000000000008 0000000000000000 bits3_55 0 0 256 31.99957 -0.44 0 0 0 0 0 0 0 0 0
0100000000000008 0000000000000000 bits3_56 0 0 263 31.99896 -1.07 0 0 0 0 0 0 0 0 0
0200000000000008 0000000000000000 bits3_57 0 0 246 32.00086 0.89 0 0 0 0 0 0 0 0 0
0400000000000008 0000000000000000 bits3_58 0 0 271 32.00064 0.66 0 0 0 0 0 0 0 0 0
0800000000000008 0000000000000000 bits3_59 0 0 256 32.00072 0.74 0 0 0 0 0 0 0 0 0
1000000000000008 0000000000000000 bits3_60 0 0 253 32.00093 0.96 0 0 0 0 0 0 0 0 0
2000000000000008 0000000000000000 bits3_61 0 0 249 32.00005 0.05 0 0 0 0 0 0 0 0 0
4000000000000008 0000000000000000 bits3_62 0 0 258 32.00463 4.74 0 0 0 0 0 0 0 0 0
8000000000000008 0000000000000000 bits3_63 0 0 261 31.99715 -2.92 0 0 0 0 0 0 0 0 0
0000000000000030 0000000000000000 bits4_5 0 0 243 31.99087 -9.35 0 0 0 0 0 0 0 0 0
0000000000000050 0000000000000000 bits4_6 0 0 264 32.00060 0.62 0 0 0 0 0 0 0 0 0
0000000000000090 0000000000000000 bits4_7 0 0 250 32.00900 9.21 0 0 0 0 0 0 0 0 0
0000000000000110 0000000000000000 bits4_8 0 0 259 31.99623 -3.86 0 0 0 0 0 0 0 0 0
0000000000000210 0000000000000000 bits4_9 0 0 275 32.00073 0.75 0 0 0 0 0 0 0 0 0
0000000000000410 0000000000000000 bits4_10 0 0 257 31.99934 -0.67 0 0 0 0 0 0 0 0 0
0000000000000810 0000000000000000 bits4_11 0 0 256 32.00019 0.19 0 0 0 0 0 0 0 0 0
0000000000001010 0000000000000000 bits4_12 0 0 271 31.99945 -0.56 0 0 0 0 0 0 0 0 0
0000000000002010 0000000000000000 bits4_13 0 0 234 31.99874 -1.30 0 0 0 0 0 0 0 0 0
0000000000004010 0000000000000000 bits4_14 0 0 249 32.00089 0.92 0 0 0 0 0 0 0 0 0
0000000000008010 0000000000000000 bits4_15 0 0 262 31.99761 -2.44 0 0 0 0 0 0 0 0 0
0000000000010010 0000000000000000 bits4_16 0 0 282 32.00217 2.22 0 0 0 0 0 0 0 0 0
0000000000020010 0000000000000000 bits4_17 0 0 281 31.99719 -2.88 0 0 0 0 0 0 0 0 0
0000000000040010 0000000000000000 bits4_18 0 0 241 32.00033 0.34 0 0 0 0 0 0 0 0 0
0000000000080010 0000000000000000 bits4_19 0 0 279 32.00011 0.11 0 0 0 0 0 0 0 0 0
0000000000100010 0000000000000000 bits4_20 0 0 228 32.03214 32.91 0 0 0 0 0 0 0 0 0
0000000000200010 0000000000000000 bits4_21 0 0 255 31.99834 -1.70 0 0 0 0 0 0 0 0 0
0000000000400010 0000000000000000 bits4_22 0 0 252 31.99884 -1.19 0 0 0 0 0 0 0 0 0
0000000000800010 0000000000000000 bits4_23 0 0 275 31.99043 -9.80 0 0 0 0 0 0 0 0 0
0000000001000010 0000000000000000 bits4_24 0 0 245 31.99545 -4.66 0 0 0 0 0 0 0 0 0
0000000002000010 0000000000000000 bits4_25 0 0 249 31.99697 -3.10 0 0 0 0 0 0 0 0 0
0000000004000010 0000000000000000 bits4_26 0 0 258 31.99926 -0.76 0 0 0 0 0 0 0 0 0
0000000008000010 0000000000000000 bits4_27 0 0 252 31.99926 -0.76 0 0 0 0 0 0 0 0 0
0000000010000010 0000000000000000 bits4_28 0 0 267 31.99879 -1.24 0 0 0 0 0 0 0 0 0
0000000020000010 0000000000000000 bits4_29 0 0 241 31.99948 -0.53 0 0 0 0 0 0 0 0 0
0000000040000010 0000000000000000 bits4_30 0 0 241 32.00084 0.86 0 0 0 0 0 0 0 0 0
0000000080000010 0000000000000000 bits4_31 0 0 262 32.00007 0.07 0 0 0 0 0 0 0 0 0
0000000100000010 0000000000000000 bits4_32 0 0 274 32.00066 0.67 0 0 0 0 0 0 0 0 0
0000000200000010 0000000000000000 bits4_33 0 0 251 32.00229 2.35 0 0 0 0 0 0 0 0 0
0000000400000010 0000000000000000 bits4_34 0 0 250 32.00022 0.23 0 0 0 0 0 0 0 0 0
0000000800000010 0000000000000000 bits4_35 0 0 249 31.99726 -2.81 0 0 0 0 0 0 0 0 0
0000001000000010 0000000000000000 bits4_36 0 0 283 31.98387 -16.51 0 0 0 0 0 0 0 0 0
0000002000000010 0000000000000000 bits4_37 0 0 275 31.99979 -0.21 0 0 0 0 0 0 0 0 0
0000004000000010 0000000000000000 bits4_38 0 0 283 31.99953 -0.48 0 0 0 0 0 0 0 0 0
0000008000000010 0000000000000000 bits4_39 0 0 262 32.00634 6.49 0 0 0 0 0 0 0 0 0
0000010000000010 0000000000000000 bits4_40 0 0 251 31.99856 -1.47 0 0 0 0 0 0 0 0 0
0000020000000010 0000000000000000 bits4_41 0 0 259 32.00119 1.22 0 0 0 0 0 0 0 0 0
0000040000000010 0000000000000000 bits4_42 0 0 251 31.99979 -0.21 0 0 0 0 0 0 0 0 0
0000080000000010 0000000000000000 bits4_43 0 0 258 31.99918 -0.84 0 0 0 0 0 0 0 0 0
0000100000000010 0000000000000000 bits4_44 0 0 251 32.00024 0.24 0 0 0 0 0 0 0 0 0
0000200000000010 0000000000000000 bits4_45 0 0 253 32.00106 1.09 0 0 0 0 0 0 0 0 0
0000400000000010 0000000000000000 bits4_46 0 0 256 32.00011 0.11 0 0 0 0 0 0 0 0 0
0000800000000010 0000000000000000 bits4_47 0 0 261 31.99911 -0.91 0 0 0 0 0 0 0 0 0
0001000000000010 0000000000000000 bits4_48 0 0 253 31.99927 -0.75 0 0 0 0 0 0 0 0 0
0002000000000010 0000000000000000 bits4_49 0 0 281 31.99354 -6.62 0 0 0 0 0 0 0 0 0
0004000000000010 0000000000000000 bits4_50 0 0 260 32.00131 1.34 0 0 0 0 0 0 0 0 0
0008000000000010 0000000000000000 bits4_51 0 0 259 31.99652 -3.57 0 0 0 0 0 0 0 0 0
0010000000000010 0000000000000000 bits4_52 0 0 277 32.03170 32.46 0 0 0 0 0 0 0 0 0
0020000000000010 0000000000000000 bits4_53 0 0 241 32.00052 0.53 0 0 0 0 0 0 0 0 0
0040000000000010 0000000000000000 bits4_54 0 0 242 32.00086 0.88 0 0 0 0 0 0 0 0 0
0080000000000010 0000000000000000 bits4_55 0 0 252 31.99527 -4.85 0 0 0 0 0 0 0 0 0
0100000000000010 0000000000000000 bits4_56 0 0 262 31.99998 -0.02 0 0 0 0 0 0 0 0 0
0200000000000010 0000000000000000 bits4_57 0 0 248 31.99831 -1.73 0 0 0 0 0 0 0 0 0
0400000000000010 0000000000000000 bits4_58 0 0 253 31.99789 -2.16 0 0 0 0 0 0 0 0 0
0800000000000010 0000000000000000 bits4_59 0 0 251 32.00117 1.20 0 0 0 0 0 0 0 0 0
1000000000000010 0000000000000000 bits4_60 0 0 239 32.00017 0.17 0 0 0 0 0 0 0 0 0
2000000000000010 0000000000000000 bits4_61 0 0 266 31.99961 -0.40 0 0 0 0 0 0 0 0 0
4000000000000010 0000000000000000 bits4_62 0 0 254 31.99971 -0.29 0 0 0 0 0 0 0 0 0
8000000000000010 0000000000000000 bits4_63 0 0 247 32.00658 6.74 0 0 0 0 0 0 0 0 0
0000000000000060 0000000000000000 bits5_6 0 0 267 31.98867 -11.60 0 0 0 0 0 0 0 0 0
00000000000000a0 0000000000000000 bits5_7 0 0 251 32.00064 0.65 0 0 0 0 0 0 0 0 0
0000000000000120 0000000000000000 bits5_8 0 0 265 32.00589 6.03 0 0 0 0 0 0 0 0 0
0000000000000220 0000000000000000 bits5_9 0 0 254 32.00032 0.33 0 0 0 0 0 0 0 0 0
0000000000000420 0000000000000000 bits5_10 0 0 244 31.99978 -0.23 0 0 0 0 0 0 0 0 0
0000000000000820 0000000000000000 bits5_11 0 0 234 31.99899 -1.03 0 0 0 0 0 0 0 0 0
0000000000001020 0000000000000000 bits5_12 0 0 276 31.99987 -0.13 0 0 0 0 0 0 0 0 0
0000000000002020 0000000000000000 bits5_13 0 0 241 31.99991 -0.09 0 0 0 0 0 0 0 0 0
0000000000004020 0000000000000000 bits5_14 0 0 248 32.00111 1.14 0 0 0 0 0 0 0 0 0
0000000000008020 0000000000000000 bits5_15 0 0 242 31.99966 -0.34 0 0 0 0 0 0 0 0 0
0000000000010020 0000000000000000 bits5_16 0 0 245 31.99458 -5.55 0 0 0 0 0 0 0 0 0
0000000000020020 0000000000000000 bits5_17 0 0 254 31.99814 -1.90 0 0 0 0 0 0 0 0 0
0000000000040020 0000000000000000 bits5_18 0 0 289 31.99620 -3.89 0 0 0 0 0 0 0 0 0
0000000000080020 0000000000000000 bits5_19 0 0 253 31.99775 -2.30 0 0 0 0 0 0 0 0 0
0000000000100020 0000000000000000 bits5_20 0 0 246 32.00219 2.24 0 0 0 0 0 0 0 0 0
0000000000200020 0000000000000000 bits5_21 0 0 218 32.03385 34.66 0 0 0 0 0 0 0 0 0
0000000000400020 0000000000000000 bits5_22 0 0 261 31.99812 -1.93 0 0 0 0 0 0 0 0 0
0000000000800020 0000000000000000 bits5_23 0 0 253 31.99938 -0.64 0 0 0 0 0 0 0 0 0
0000000001000020 0000000000000000 bits5_24 0 0 245 31.99211 -8.08 0 0 0 0 0 0 0 0 0
0000000002000020 0000000000000000 bits5_25 0 0 240 31.99740 -2.66 0 0 0 0 0 0 0 0 0
0000000004000020 0000000000000000 bits5_26 0 0 251 31.99758 -2.48 0 0 0 0 0 0 0 0 0
0000000008000020 0000000000000000 bits5_27 0 0 259 32.00043 0.44 0 0 0 0 0 0 0 0 0
0000000010000020 0000000000000000 bits5_28 0 0 279 32.00110 1.13 0 0 0 0 0 0 0 0 0
0000000020000020 0000000000000000 bits5_29 0 0 259 31.99881 -1.22 0 0 0 0 0 0 0 0 0
0000000040000020 0000000000000000 bits5_30 0 0 264 32.00102 1.04 0 0 0 0 0 0 0 0 0
0000000080000020 0000000000000000 bits5_31 0 0 248 31.99933 -0.69 0 0 0 0 0 0 0 0 0
0000000100000020 0000000000000000 bits5_32 0 0 243 32.00076 0.78 0 0 0 0 0 0 0 0 0
0000000200000020 0000000000000000 bits5_33 0 0 273 31.99930 -0.72 0 0 0 0 0 0 0 0 0
0000000400000020 0000000000000000 bits5_34 0 0 260 32.00037 0.38 0 0 0 0 0 0 0 0 0
0000000800000020 0000000000000000 bits5_35 0 0 225 32.00089 0.91 0 0 0 0 0 0 0 0 0
0000001000000020 0000000000000000 bits5_36 0 0 250 32.00044 0.45 0 0 0 0 0 0 0 0 0
0000002000000020 0000000000000000 bits5_37 0 0 257 31.98105 -19.40 0 0 0 0 0 0 0 0 0
0000004000000020 0000000000000000 bits5_38 0 0 253 32.00077 0.79 0 0 0 0 0 0 0 0 0
0000008000000020 0000000000000000 bits5_39 0 0 274 31.99935 -0.66 0 0 0 0 0 0 0 0 0
0000010000000020 0000000000000000 bits5_40 0 0 271 32.00743 7.61 0 0 0 0 0 0 0 0 0
0000020000000020 0000000000000000 bits5_41 0 0 238 31.99945 -0.57 0 0 0 0 0 0 0 0 0
0000040000000020 0000000000000000 bits5_42 0 0 281 32.00000 -0.00 0 0 0 0 0 0 0 0 0
0000080000000020 0000000000000000 bits5_43 0 0 257 31.99876 -1.27 0 0 0 0 0 0 0 0 0
0000100000000020 0000000000000000 bits5_44 0 0 247 32.00069 0.70 0 0 0 0 0 0 0 0 0
0000200000000020 0000000000000000 bits5_45 0 0 249 31.99974 -0.26 0 0 0 0 0 0 0 0 0
0000400000000020 0000000000000000 bits5_46 0 0 250 31.99870 -1.33 0 0 0 0 0 0 0 0 0
0000800000000020 0000000000000000 bits5_47 0 0 257 31.99889 -1.13 0 0 0 0 0 0 0 0 0
0001000000000020 0000000000000000 bits5_48 0 0 267 31.99622 -3.87 0 0 0 0 0 0 0 0 0
0002000000000020 0000000000000000 bits5_49 0 0 290 31.99843 -1.61 0 0 0 0 0 0 0 0 0
0004000000000020 0000000000000000 bits5_50 0 0 239 31.99340 -6.76 0 0 0 0 0 0 0 0 0
0008000000000020 0000000000000000 bits5_51 0 0 282 32.00061 0.62 0 0 0 0 0 0 0 0 0
0010000000000020 0000000000000000 bits5_52 0 0 272 31.99918 -0.84 0 0 0 0 0 0 0 0 0
0020000000000020 0000000000000000 bits5_53 0 0 238 32.03253 33.32 0 0 0 0 0 0 0 0 0
0040000000000020 0000000000000000 bits5_54 0 0 238 32.00096 0.98 0 0 0 0 0 0 0 0 0
0080000000000020 0000000000000000 bits5_55 0 0 276 31.99999 -0.01 0 0 0 0 0 0 0 0 0
0100000000000020 0000000000000000 bits5_56 0 0 264 31.99527 -4.84 0 0 0 0 0 0 0 0 0
0200000000000020 0000000000000000 bits5_57 0 0 248 32.00021 0.21 0 0 0 0 0 0 0 0 0
0400000000000020 0000000000000000 bits5_58 0 0 249 31.99763 -2.43 0 0 0 0 0 0 0 0 0
0800000000000020 0000000000000000 bits5_59 0 0 256 32.00091 0.93 0 0 0 0 0 0 0 0 0
1000000000000020 0000000000000000 bits5_60 0 0 290 31.99970 -0.31 0 0 0 0 0 0 0 0 0
2000000000000020 0000000000000000 bits5_61 0 0 277 32.00175 1.79 0 0 0 0 0 0 0 0 0
4000000000000020 0000000000000000 bits5_62 0 0 293 31.99979 -0.22 0 0 0 0 0 0 0 0 0
8000000000000020 0000000000000000 bits5_63 0 0 272 32.00220 2.26 0 0 0 0 0 0 0 0 0
00000000000000c0 0000000000000000 bits6_7 0 0 258 32.00603 6.17 0 0 0 0 0 0 0 0 0
0000000000000140 0000000000000000 bits6_8 0 0 275 32.00375 3.84 0 0 0 0 0 0 0 0 0
0000000000000240 0000000000000000 bits6_9 0 0 219 32.00697 7.14 0 0 0 0 0 0 0 0 0
0000000000000440 0000000000000000 bits6_10 0 0 243 31.99945 -0.56 0 0 0 0 0 0 0 0 0
0000000000000840 0000000000000000 bits6_11 0 0 238 32.00410 4.20 0 0 0 0 0 0 0 0 0
0000000000001040 0000000000000000 bits6_12 0 0 275 32.00099 1.01 0 0 0 0 0 0 0 0 0
0000000000002040 0000000000000000 bits6_13 0 0 267 31.99953 -0.48 0 0 0 0 0 0 0 0 0
0000000000004040 0000000000000000 bits6_14 0 0 233 32.00114 1.17 0 0 0 0 0 0 0 0 0
0000000000008040 0000000000000000 bits6_15 0 0 269 31.99969 -0.31 0 0 0 0 0 0 0 0 0
0000000000010040 0000000000000000 bits6_16 0 0 260 31.99957 -0.45 0 0 0 0 0 0 0 0 0
0000000000020040 0000000000000000 bits6_17 0 0 229 31.99732 -2.75 0 0 0 0 0 0 0 0 0
0000000000040040 0000000000000000 bits6_18 0 0 230 32.00079 0.81 0 0 0 0 0 0 0 0 0
0000000000080040 0000000000000000 bits6_19 0 0 261 31.99515 -4.97 0 0 0 0 0 0 0 0 0
0000000000100040 0000000000000000 bits6_20 0 0 214 32.00023 0.24 0 0 0 0 0 0 0 0 0
0000000000200040 0000000000000000 bits6_21 0 0 215 32.00113 1.15 0 0 0 0 0 0 0 0 0
0000000000400040 0000000000000000 bits6_22 0 0 252 32.05450 55.80 0 0 0 0 0 0 0 0 0
0000000000800040 0000000000000000 bits6_23 0 0 250 32.00355 3.63 0 0 0 0 0 0 0 0 0
0000000001000040 0000000000000000 bits6_24 0 0 259 32.00165 1.69 0 0 0 0 0 0 0 0 0
0000000002000040 0000000000000000 bits6_25 0 0 280 31.99446 -5.67 0 0 0 0 0 0 0 0 0
0000000004000040 0000000000000000 bits6_26 0 0 252 31.99590 -4.20 0 0 0 0 0 0 0 0 0
0000000008000040 0000000000000000 bits6_27 0 0 245 31.99830 -1.74 0 0 0 0 0 0 0 0 0
0000000010000040 0000000000000000 bits6_28 0 0 228 32.00067 0.68 0 0 0 0 0 0 0 0 0
0000000020000040 0000000000000000 bits6_29 0 0 239 31.99926 -0.75 0 0 0 0 0 0 0 0 0
0000000040000040 0000000000000000 bits6_30 0 0 266 31.99882 -1.21 0 0 0 0 0 0 0 0 0
0000000080000040 0000000000000000 bits6_31 0 0 251 31.99969 -0.32 0 0 0 0 0 0 0 0 0
0000000100000040 0000000000000000 bits6_32 0 0 267 32.00047 0.48 0 0 0 0 0 0 0 0 0
0000000200000040 0000000000000000 bits6_33 0 0 283 32.00214 2.19 0 0 0 0 0 0 0 0 0
0000000400000040 0000000000000000 bits6_34 0 0 237 31.99776 -2.30 0 0 0 0 0 0 0 0 0
0000000800000040 0000000000000000 bits6_35 0 0 261 32.00325 3.33 0 0 0 0 0 0 0 0 0
0000001000000040 0000000000000000 bits6_36 0 0 255 32.00038 0.38 0 0 0 0 0 0 0 0 0
0000002000000040 0000000000000000 bits6_37 0 0 231 31.99869 -1.35 0 0 0 0 0 0 0 0 0
0000004000000040 0000000000000000 bits6_38 0 0 274 31.97312 -27.52 0 0 0 0 0 0 0 0 0
0000008000000040 0000000000000000 bits6_39 0 0 245 32.00383 3.92 0 0 0 0 0 0 0 0 0
0000010000000040 0000000000000000 bits6_40 0 0 272 31.99948 -0.53 0 0 0 0 0 0 0 0 0
0000020000000040 0000000000000000 bits6_41 0 0 272 32.00286 2.93 0 0 0 0 0 0 0 0 0
0000040000000040 0000000000000000 bits6_42 0 0 256 32.00013 0.14 0 0 0 0 0 0 0 0 0
0000080000000040 0000000000000000 bits6_43 0 0 237 32.00374 3.83 0 0 0 0 0 0 0 0 0
0000100000000040 0000000000000000 bits6_44 0 0 278 32.00037 0.38 0 0 0 0 0 0 0 0 0
0000200000000040 0000000000000000 bits6_45 0 0 279 31.99957 -0.44 0 0 0 0 0 0 0 0 0
0000400000000040 0000000000000000 bits6_46 0 0 252 31.99917 -0.85 0 0 0 0 0 0 0 0 0
0000800000000040 0000000000000000 bits6_47 0 0 242 31.99806 -1.98 0 0 0 0 0 0 0 0 0
0001000000000040 0000000000000000 bits6_48 0 0 268 31.99888 -1.15 0 0 0 0 0 0 0 0 0
0002000000000040 0000000000000000 bits6_49 0 0 254 31.99726 -2.81 0 0 0 0 0 0 0 0 0
0004000000000040 0000000000000000 bits6_50 0 0 258 31.99771 -2.34 0 0 0 0 0 0 0 0 0
0008000000000040 0000000000000000 bits6_51 0 0 252 31.99381 -6.34 0 0 0 0 0 0 0 0 0
0010000000000040 0000000000000000 bits6_52 0 0 239 31.99823 -1.81 0 0 0 0 0 0 0 0 0
0020000000000040 0000000000000000 bits6_53 0 0 249 31.99815 -1.89 0 0 0 0 0 0 0 0 0
0040000000000040 0000000000000000 bits6_54 0 0 249 32.05104 52.26 0 0 0 0 0 0 0 0 0
0080000000000040 0000000000000000 bits6_55 0 0 250 32.00446 4.57 0 0 0 0 0 0 0 0 0
0100000000000040 0000000000000000 bits6_56 0 0 237 31.99980 -0.21 0 0 0 0 0 0 0 0 0
0200000000000040 0000000000000000 bits6_57 0 0 239 31.99529 -4.82 0 0 0 0 0 0 0 0 0
0400000000000040 0000000000000000 bits6_58 0 0 267 31.99907 -0.95 0 0 0 0 0 0 0 0 0
0800000000000040 0000000000000000 bits6_59 0 0 242 31.99734 -2.73 0 0 0 0 0 0 0 0 0
1000000000000040 0000000000000000 bits6_60 0 0 261 31.99943 -0.59 0 0 0 0 0 0 0 0 0
2000000000000040 0000000000000000 bits6_61 0 0 209 31.99928 -0.74 0 0 0 0 0 0 0 0 0
4000000000000040 0000000000000000 bits6_62 0 0 261 32.00189 1.94 0 0 0 0 0 0 0 0 0
8000000000000040 0000000000000000 bits6_63 0 0 269 32.00156 1.60 0 0 0 0 0 0 0 0 0
0000000000000180 0000000000000000 bits7_8 0 0 241 31.99787 -2.18 0 0 0 0 0 0 0 0 0
0000000000000280 0000000000000000 bits7_9 0 0 259 32.00334 3.42 0 0 0 0 0 0 0 0 0
0000000000000480 0000000000000000 bits7_10 0 0 283 32.00670 6.86 0 0 0 0 0 0 0 0 0
0000000000000880 0000000000000000 bits7_11 0 0 236 31.99816 -1.88 0 0 0 0 0 0 0 0 0
0000000000001080 0000000000000000 bits7_12 0 0 292 32.00430 4.41 0 0 0 0 0 0 0 0 0
0000000000002080 0000000000000000 bits7_13 0 0 266 32.00061 0.62 0 0 0 0 0 0 0 0 0
0000000000004080 0000000000000000 bits7_14 0 0 272 32.00242 2.48 0 0 0 0 0 0 0 0 0
0000000000008080 0000000000000000 bits7_15 0 0 230 31.99882 -1.21 0 0 0 0 0 0 0 0 0
0000000000010080 0000000000000000 bits7_16 0 0 243 32.00066 0.67 0 0 0 0 0 0 0 0 0
0000000000020080 0000000000000000 bits7_17 0 0 254 32.00109 1.12 0 0 0 0 0 0 0 0 0
0000000000040080 0000000000000000 bits7_18 0 0 250 31.99718 -2.89 0 0 0 0 0 0 0 0 0
0000000000080080 0000000000000000 bits7_19 0 0 250 31.99986 -0.14 0 0 0 0 0 0 0 0 0
0000000000100080 0000000000000000 bits7_20 0 0 241 31.99507 -5.05 0 0 0 0 0 0 0 0 0
0000000000200080 0000000000000000 bits7_21 0 0 242 32.00150 1.53 0 0 0 0 0 0 0 0 0
0000000000400080 0000000000000000 bits7_22 0 0 245 31.99596 -4.14 0 0 0 0 0 0 0 0 0
0000000000800080 0000000000000000 bits7_23 0 0 236 32.06270 64.21 0 0 0 0 0 0 0 0 0
0000000001000080 0000000000000000 bits7_24 0 0 274 32.00159 1.63 0 0 0 0 0 0 0 0 0
0000000002000080 0000000000000000 bits7_25 0 0 260 32.00089 0.91 0 0 0 0 0 0 0 0 0
0000000004000080 0000000000000000 bits7_26 0 0 274 31.99298 -7.19 0 0 0 0 0 0 0 0 0
0000000008000080 0000000000000000 bits7_27 0 0 257 31.99800 -2.05 0 0 0 0 0 0 0 0 0
0000000010000080 0000000000000000 bits7_28 0 0 238 31.99710 -2.97 0 0 0 0 0 0 0 0 0
0000000020000080 0000000000000000 bits7_29 0 0 237 32.00165 1.69 0 0 0 0 0 0 0 0 0
0000000040000080 0000000000000000 bits7_30 0 0 254 31.99944 -0.57 0 0 0 0 0 0 0 0 0
0000000080000080 0000000000000000 bits7_31 0 0 253 31.99914 -0.88 0 0 0 0 0 0 0 0 0
0000000100000080 0000000000000000 bits7_32 0 0 285 31.99951 -0.51 0 0 0 0 0 0 0 0 0
0000000200000080 0000000000000000 bits7_33 0 0 242 32.00118 1.21 0 0 0 0 0 0 0 0 0
0000000400000080 0000000000000000 bits7_34 0 0 243 32.00122 1.25 0 0 0 0 0 0 0 0 0
0000000800000080 0000000000000000 bits7_35 0 0 251 31.99972 -0.29 0 0 0 0 0 0 0 0 0
0000001000000080 0000000000000000 bits7_36 0 0 255 32.00446 4.57 0 0 0 0 0 0 0 0 0
0000002000000080 0000000000000000 bits7_37 0 0 257 31.99944 -0.57 0 0 0 0 0 0 0 0 0
0000004000000080 0000000000000000 bits7_38 0 0 252 32.00194 1.99 0 0 0 0 0 0 0 0 0
0000008000000080 0000000000000000 bits7_39 0 0 247 31.96507 -35.77 0 0 0 0 0 0 0 0 0
0000010000000080 0000000000000000 bits7_40 0 0 282 31.99902 -1.01 0 0 0 0 0 0 0 0 0
0000020000000080 0000000000000000 bits7_41 0 0 235 32.00055 0.57 0 0 0 0 0 0 0 0 0
0000040000000080 0000000000000000 bits7_42 0 0 234 32.00370 3.79 0 0 0 0 0 0 0 0 0
0000080000000080 0000000000000000 bits7_43 0 0 280 31.99967 -0.34 0 0 0 0 0 0 0 0 0
0000100000000080 0000000000000000 bits7_44 0 0 276 32.00614 6.29 0 0 0 0 0 0 0 0 0
0000200000000080 0000000000000000 bits7_45 0 0 265 32.00131 1.34 0 0 0 0 0 0 0 0 0
0000400000000080 0000000000000000 bits7_46 0 0 241 32.00021 0.22 0 0 0 0 0 0 0 0 0
0000800000000080 0000000000000000 bits7_47 0 0 263 31.99918 -0.84 0 0 0 0 0 0 0 0 0
0001000000000080 0000000000000000 bits7_48 0 0 262 32.00029 0.29 0 0 0 0 0 0 0 0 0
0002000000000080 0000000000000000 bits7_49 0 0 235 32.00157 1.61 0 0 0 0 0 0 0 0 0
0004000000000080 0000000000000000 bits7_50 0 0 257 31.99760 -2.46 0 0 0 0 0 0 0 0 0
0008000000000080 0000000000000000 bits7_51 0 0 253 31.99753 -2.53 0 0 0 0 0 0 0 0 0
0010000000000080 0000000000000000 bits7_52 0 0 261 31.99209 -8.10 0 0 0 0 0 0 0 0 0
0020000000000080 0000000000000000 bits7_53 0 0 249 31.99993 -0.08 0 0 0 0 0 0 0 0 0
0040000000000080 0000000000000000 bits7_54 0 0 261 31.99322 -6.94 0 0 0 0 0 0 0 0 0
0080000000000080 0000000000000000 bits7_55 0 0 262 32.05024 51.44 0 0 0 0 0 0 0 0 0
0100000000000080 0000000000000000 bits7_56 0 0 267 32.00472 4.83 0 0 0 0 0 0 0 0 0
0200000000000080 0000000000000000 bits7_57 0 0 246 31.99897 -1.06 0 0 0 0 0 0 0 0 0
0400000000000080 0000000000000000 bits7_58 0 0 269 31.99544 -4.67 0 0 0 0 0 0 0 0 0
0800000000000080 0000000000000000 bits7_59 0 0 255 31.99884 -1.19 0 0 0 0 0 0 0 0 0
1000000000000080 0000000000000000 bits7_60 0 0 266 31.99260 -7.58 0 0 0 0 0 0 0 0 0
2000000000000080 0000000000000000 bits7_61 0 0 244 31.99962 -0.39 0 0 0 0 0 0 0 0 0
4000000000000080 0000000000000000 bits7_62 0 0 258 31.99747 -2.59 0 0 0 0 0 0 0 0 0
8000000000000080 0000000000000000 bits7_63 0 0 252 32.00136 1.39 0 0 0 0 0 0 0 0 0
0000000000000300 0000000000000000 bits8_9 0 0 242 31.98930 -10.95 0 0 0 0 0 0 0 0 0
0000000000000500 0000000000000000 bits8_10 0 0 257 32.00143 1.47 0 0 0 0 0 0 0 0 0
0000000000000900 0000000000000000 bits8_11 0 0 249 32.00535 5.48 0 0 0 0 0 0 0 0 0
0000000000001100 0000000000000000 bits8_12 0 0 225 31.99536 -4.75 0 0 0 0 0 0 0 0 0
0000000000002100 0000000000000000 bits8_13 0 0 275 32.00328 3.36 0 0 0 0 0 0 0 0 0
0000000000004100 0000000000000000 bits8_14 0 0 250 31.99941 -0.61 0 0 0 0 0 0 0 0 1
0000000000008100 0000000000000000 bits8_15 0 0 292 31.99951 -0.50 0 0 0 0 0 0 0 0 0
