# variant=12 W=1 log2keys=24 seed=4631 mode=R N=16777216
# d0 d1 name coll low32 low16 meanpop z hist0..8
0000000000000001 0000000000000000 bit0 0 0 256 32.00132 1.35 0 0 0 0 0 0 0 0 0
0000000000000002 0000000000000000 bit1 0 0 240 31.99761 -2.45 0 0 0 0 0 0 0 0 0
0000000000000004 0000000000000000 bit2 0 0 285 32.00133 1.36 0 0 0 0 0 0 0 0 0
0000000000000008 0000000000000000 bit3 0 0 280 31.99802 -2.03 0 0 0 0 0 0 0 0 0
0000000000000010 0000000000000000 bit4 0 0 261 31.99778 -2.27 0 0 0 0 0 0 0 0 0
0000000000000020 0000000000000000 bit5 0 0 266 32.00113 1.16 0 0 0 0 0 0 0 0 0
0000000000000040 0000000000000000 bit6 0 0 308 32.00018 0.19 0 0 0 0 0 0 0 0 0
0000000000000080 0000000000000000 bit7 0 0 263 31.99961 -0.40 0 0 0 0 0 0 0 0 0
0000000000000100 0000000000000000 bit8 0 0 242 31.99980 -0.21 0 0 0 0 0 0 0 0 0
0000000000000200 0000000000000000 bit9 0 0 251 31.99884 -1.19 0 0 0 0 0 0 0 0 0
0000000000000400 0000000000000000 bit10 0 0 241 31.99971 -0.30 0 0 0 0 0 0 0 0 0
0000000000000800 0000000000000000 bit11 0 0 260 31.99991 -0.09 0 0 0 0 0 0 0 0 0
0000000000001000 0000000000000000 bit12 0 0 230 32.00106 1.09 0 0 0 0 0 0 0 0 0
0000000000002000 0000000000000000 bit13 0 0 242 32.00195 2.00 0 0 0 0 0 0 0 0 0
0000000000004000 0000000000000000 bit14 0 0 246 31.99941 -0.60 0 0 0 0 0 0 0 0 0
0000000000008000 0000000000000000 bit15 0 0 232 32.00121 1.24 0 0 0 0 0 0 0 0 0
0000000000010000 0000000000000000 bit16 0 0 249 31.99937 -0.64 0 0 0 0 0 0 0 0 0
0000000000020000 0000000000000000 bit17 0 0 262 31.99954 -0.47 0 0 0 0 0 0 0 0 0
0000000000040000 0000000000000000 bit18 0 0 265 32.00046 0.47 0 0 0 0 0 0 0 0 0
0000000000080000 0000000000000000 bit19 0 0 277 31.99992 -0.08 0 0 0 0 0 0 0 0 0
0000000000100000 0000000000000000 bit20 0 0 262 31.99960 -0.41 0 0 0 0 0 0 0 0 0
0000000000200000 0000000000000000 bit21 0 0 249 32.00058 0.60 0 0 0 0 0 0 0 0 0
0000000000400000 0000000000000000 bit22 0 0 263 32.00076 0.78 0 0 0 0 0 0 0 0 0
0000000000800000 0000000000000000 bit23 0 0 287 32.00164 1.68 0 0 0 0 0 0 0 0 0
0000000001000000 0000000000000000 bit24 0 0 250 31.99945 -0.56 0 0 0 0 0 0 0 0 0
0000000002000000 0000000000000000 bit25 0 0 246 32.00015 0.16 0 0 0 0 0 0 0 0 0
0000000004000000 0000000000000000 bit26 0 0 251 32.00029 0.30 0 0 0 0 0 0 0 0 0
0000000008000000 0000000000000000 bit27 0 0 243 31.99970 -0.31 0 0 0 0 0 0 0 0 0
0000000010000000 0000000000000000 bit28 0 0 251 32.00041 0.42 0 0 0 0 0 0 0 0 0
0000000020000000 0000000000000000 bit29 0 0 288 31.99883 -1.20 0 0 0 0 0 0 0 0 0
0000000040000000 0000000000000000 bit30 0 0 267 32.00132 1.36 0 0 0 0 0 0 0 0 0
0000000080000000 0000000000000000 bit31 0 0 246 32.00183 1.87 0 0 0 0 0 0 0 0 0
0000000100000000 0000000000000000 bit32 0 0 229 32.00002 0.02 0 0 0 0 0 0 0 0 0
0000000200000000 0000000000000000 bit33 0 0 242 31.99999 -0.01 0 0 0 0 0 0 0 0 0
0000000400000000 0000000000000000 bit34 0 0 255 31.99933 -0.69 0 0 0 0 0 0 0 0 0
0000000800000000 0000000000000000 bit35 0 0 211 31.99897 -1.05 0 0 0 0 0 0 0 0 0
0000001000000000 0000000000000000 bit36 0 0 260 32.00112 1.15 0 0 0 0 0 0 0 0 0
0000002000000000 0000000000000000 bit37 0 0 245 32.00019 0.19 0 0 0 0 0 0 0 0 0
0000004000000000 0000000000000000 bit38 0 0 242 32.00071 0.73 0 0 0 0 0 0 0 0 0
0000008000000000 0000000000000000 bit39 0 0 255 31.99944 -0.58 0 0 0 0 0 0 0 0 0
0000010000000000 0000000000000000 bit40 0 0 225 32.00064 0.66 0 0 0 0 0 0 0 0 0
0000020000000000 0000000000000000 bit41 0 0 258 32.00152 1.56 0 0 0 0 0 0 0 0 0
0000040000000000 0000000000000000 bit42 0 0 248 31.99981 -0.20 0 0 0 0 0 0 0 0 0
0000080000000000 0000000000000000 bit43 0 0 257 32.00000 0.00 0 0 0 0 0 0 0 0 0
0000100000000000 0000000000000000 bit44 0 0 263 32.00288 2.95 0 0 0 0 0 0 0 0 0
0000200000000000 0000000000000000 bit45 0 0 272 32.00045 0.47 0 0 0 0 0 0 0 0 0
0000400000000000 0000000000000000 bit46 0 0 246 32.00103 1.05 0 0 0 0 0 0 0 0 0
0000800000000000 0000000000000000 bit47 0 0 250 31.99989 -0.11 0 0 0 0 0 0 0 0 0
0001000000000000 0000000000000000 bit48 0 0 281 32.00102 1.04 0 0 0 0 0 0 0 0 0
0002000000000000 0000000000000000 bit49 0 0 261 31.99876 -1.27 0 0 0 0 0 0 0 0 0
0004000000000000 0000000000000000 bit50 0 0 280 32.00013 0.13 0 0 0 0 0 0 0 0 0
0008000000000000 0000000000000000 bit51 0 0 227 32.00005 0.05 0 0 0 0 0 0 0 0 0
0010000000000000 0000000000000000 bit52 0 0 241 31.99984 -0.17 0 0 0 0 0 0 0 0 0
0020000000000000 0000000000000000 bit53 0 0 241 31.99967 -0.33 0 0 0 0 0 0 0 0 0
0040000000000000 0000000000000000 bit54 0 0 239 31.99851 -1.52 0 0 0 0 0 0 0 0 0
0080000000000000 0000000000000000 bit55 0 0 242 31.99953 -0.48 0 0 0 0 0 0 0 0 0
0100000000000000 0000000000000000 bit56 0 0 237 31.99979 -0.21 0 0 0 0 0 0 0 0 0
0200000000000000 0000000000000000 bit57 0 0 266 32.00000 0.00 0 0 0 0 0 0 0 0 0
0400000000000000 0000000000000000 bit58 0 0 264 32.00227 2.32 0 0 0 0 0 0 0 0 0
0800000000000000 0000000000000000 bit59 0 0 262 31.99981 -0.20 0 0 0 0 0 0 0 0 0
1000000000000000 0000000000000000 bit60 0 0 271 32.00009 0.09 0 0 0 0 0 0 0 0 0
2000000000000000 0000000000000000 bit61 0 0 229 31.99905 -0.98 0 0 0 0 0 0 0 0 0
4000000000000000 0000000000000000 bit62 0 0 270 31.99948 -0.53 0 0 0 0 0 0 0 0 0
8000000000000000 0000000000000000 bit63 0 0 262 32.00039 0.40 0 0 0 0 0 0 0 0 0
0000000000000003 0000000000000000 bits0_1 0 0 273 32.00077 0.79 0 0 0 0 0 0 0 0 0
0000000000000005 0000000000000000 bits0_2 0 0 251 31.99944 -0.57 0 0 0 0 0 0 0 0 0
0000000000000009 0000000000000000 bits0_3 0 0 253 31.99966 -0.34 0 0 0 0 0 0 0 0 0
0000000000000011 0000000000000000 bits0_4 0 0 281 32.00016 0.16 0 0 0 0 0 0 0 0 0
0000000000000021 0000000000000000 bits0_5 0 0 245 32.00065 0.67 0 0 0 0 0 0 0 0 0
0000000000000041 0000000000000000 bits0_6 0 0 288 31.99969 -0.32 0 0 0 0 0 0 0 0 0
0000000000000081 0000000000000000 bits0_7 0 0 231 31.99905 -0.97 0 0 0 0 0 0 0 0 0
0000000000000101 0000000000000000 bits0_8 0 0 236 31.99886 -1.17 0 0 0 0 0 0 0 0 0
0000000000000201 0000000000000000 bits0_9 0 0 249 31.99901 -1.02 0 0 0 0 0 0 0 0 0
0000000000000401 0000000000000000 bits0_10 0 0 255 32.00010 0.10 0 0 0 0 0 0 0 0 0
0000000000000801 0000000000000000 bits0_11 0 0 253 32.00001 0.01 0 0 0 0 0 0 0 0 0
0000000000001001 0000000000000000 bits0_12 0 0 272 31.99949 -0.53 0 0 0 0 0 0 0 0 0
0000000000002001 0000000000000000 bits0_13 0 0 244 32.00000 0.00 0 0 0 0 0 0 0 0 0
0000000000004001 0000000000000000 bits0_14 0 0 254 31.99911 -0.91 0 0 0 0 0 0 0 0 0
0000000000008001 0000000000000000 bits0_15 0 0 251 32.00022 0.22 0 0 0 0 0 0 0 0 0
0000000000010001 0000000000000000 bits0_16 0 0 242 31.99842 -1.62 0 0 0 0 0 0 0 0 0
0000000000020001 0000000000000000 bits0_17 0 0 227 32.00122 1.25 0 0 0 0 0 0 0 0 0
0000000000040001 0000000000000000 bits0_18 0 0 268 32.00055 0.56 0 0 0 0 0 0 0 0 0
0000000000080001 0000000000000000 bits0_19 0 0 263 32.00032 0.33 0 0 0 0 0 0 0 0 0
0000000000100001 0000000000000000 bits0_20 0 0 258 32.00041 0.42 0 0 0 0 0 0 0 0 0
0000000000200001 0000000000000000 bits0_21 0 0 251 31.99948 -0.53 0 0 0 0 0 0 0 0 0
0000000000400001 0000000000000000 bits0_22 0 0 230 32.00083 0.85 0 0 0 0 0 0 0 0 0
0000000000800001 0000000000000000 bits0_23 0 0 249 31.99788 -2.17 0 0 0 0 0 0 0 0 0
0000000001000001 0000000000000000 bits0_24 0 0 248 32.00098 1.00 0 0 0 0 0 0 0 0 0
0000000002000001 0000000000000000 bits0_25 0 0 277 32.00130 1.33 0 0 0 0 0 0 0 0 0
0000000004000001 0000000000000000 bits0_26 0 0 248 32.00127 1.30 0 0 0 0 0 0 0 0 0
0000000008000001 0000000000000000 bits0_27 0 0 236 31.99981 -0.20 0 0 0 0 0 0 0 0 0
0000000010000001 0000000000000000 bits0_28 0 0 289 31.99970 -0.31 0 0 0 0 0 0 0 0 0
0000000020000001 0000000000000000 bits0_29 0 0 253 31.99913 -0.89 0 0 0 0 0 0 0 0 0
0000000040000001 0000000000000000 bits0_30 0 0 254 32.00102 1.05 0 0 0 0 0 0 0 0 0
0000000080000001 0000000000000000 bits0_31 0 0 265 31.99902 -1.01 0 0 0 0 0 0 0 0 0
0000000100000001 0000000000000000 bits0_32 0 0 268 32.00054 0.55 0 0 0 0 0 0 0 0 0
0000000200000001 0000000000000000 bits0_33 0 0 266 32.00021 0.21 0 0 0 0 0 0 0 0 0
0000000400000001 0000000000000000 bits0_34 0 0 260 32.00019 0.19 0 0 0 0 0 0 0 0 0
0000000800000001 0000000000000000 bits0_35 0 0 242 31.99884 -1.19 0 0 0 0 0 0 0 0 0
0000001000000001 0000000000000000 bits0_36 0 0 277 31.99850 -1.53 0 0 0 0 0 0 0 0 0
0000002000000001 0000000000000000 bits0_37 0 0 256 31.99971 -0.30 0 0 0 0 0 0 0 0 0
0000004000000001 0000000000000000 bits0_38 0 0 255 31.99881 -1.22 0 0 0 0 0 0 0 0 0
0000008000000001 0000000000000000 bits0_39 0 0 260 31.99906 -0.97 0 0 0 0 0 0 0 0 0
0000010000000001 0000000000000000 bits0_40 0 0 248 31.99911 -0.91 0 0 0 0 0 0 0 0 0
0000020000000001 0000000000000000 bits0_41 0 0 269 32.00106 1.08 0 0 0 0 0 0 0 0 0
0000040000000001 0000000000000000 bits0_42 0 0 251 31.99905 -0.97 0 0 0 0 0 0 0 0 0
0000080000000001 0000000000000000 bits0_43 0 0 264 31.99972 -0.29 0 0 0 0 0 0 0 0 0
0000100000000001 0000000000000000 bits0_44 0 0 241 32.00126 1.29 0 0 0 0 0 0 0 0 0
0000200000000001 0000000000000000 bits0_45 0 0 261 31.99974 -0.27 0 0 0 0 0 0 0 0 0
0000400000000001 0000000000000000 bits0_46 0 0 266 31.99979 -0.21 0 0 0 0 0 0 0 0 0
0000800000000001 0000000000000000 bits0_47 0 0 263 32.00016 0.16 0 0 0 0 0 0 0 0 0
0001000000000001 0000000000000000 bits0_48 0 0 291 31.99829 -1.75 0 0 0 0 0 0 0 0 0
0002000000000001 0000000000000000 bits0_49 0 0 257 32.00026 0.26 0 0 0 0 0 0 0 0 0
0004000000000001 0000000000000000 bits0_50 0 0 284 32.00117 1.20 0 0 0 0 0 0 0 0 0
0008000000000001 0000000000000000 bits0_51 0 0 251 32.00016 0.17 0 0 0 0 0 0 0 0 0
0010000000000001 0000000000000000 bits0_52 0 0 254 31.99982 -0.19 0 0 0 0 0 0 0 0 0
0020000000000001 0000000000000000 bits0_53 0 0 253 32.00058 0.59 0 0 0 0 0 0 0 0 0
0040000000000001 0000000000000000 bits0_54 0 0 266 31.99952 -0.49 0 0 0 0 0 0 0 0 0
0080000000000001 0000000000000000 bits0_55 0 0 240 32.00060 0.62 0 0 0 0 0 0 0 0 0
0100000000000001 0000000000000000 bits0_56 0 0 271 31.99921 -0.81 0 0 0 0 0 0 0 0 0
0200000000000001 0000000000000000 bits0_57 0 0 290 31.99983 -0.17 0 0 0 0 0 0 0 0 0
0400000000000001 0000000000000000 bits0_58 0 0 269 31.99801 -2.04 0 0 0 0 0 0 0 0 0
0800000000000001 0000000000000000 bits0_59 0 0 260 32.00074 0.76 0 0 0 0 0 0 0 0 0
1000000000000001 0000000000000000 bits0_60 0 0 257 31.99901 -1.01 0 0 0 0 0 0 0 0 0
2000000000000001 0000000000000000 bits0_61 0 0 254 32.00200 2.05 0 0 0 0 0 0 0 0 0
4000000000000001 0000000000000000 bits0_62 0 0 258 31.99925 -0.76 0 0 0 0 0 0 0 0 0
8000000000000001 0000000000000000 bits0_63 0 0 267 31.99963 -0.38 0 0 0 0 0 0 0 0 0
0000000000000006 0000000000000000 bits1_2 0 0 260 32.00098 1.01 0 0 0 0 0 0 0 0 0
000000000000000a 0000000000000000 bits1_3 0 0 261 32.00009 0.09 0 0 0 0 0 0 0 0 0
0000000000000012 0000000000000000 bits1_4 0 0 253 31.99948 -0.53 0 0 0 0 0 0 0 0 0
0000000000000022 0000000000000000 bits1_5 0 0 261 32.00084 0.86 0 0 0 0 0 0 0 0 0
0000000000000042 0000000000000000 bits1_6 0 0 258 32.00014 0.14 0 0 0 0 0 0 0 0 0
0000000000000082 0000000000000000 bits1_7 0 0 253 32.00118 1.21 0 0 0 0 0 0 0 0 0
0000000000000102 0000000000000000 bits1_8 0 0 245 32.00021 0.21 0 0 0 0 0 0 0 0 0
0000000000000202 0000000000000000 bits1_9 0 0 239 31.99880 -1.22 0 0 0 0 0 0 0 0 0
0000000000000402 0000000000000000 bits1_10 0 0 229 32.00009 0.09 0 0 0 0 0 0 0 0 0
0000000000000802 0000000000000000 bits1_11 0 0 261 31.99997 -0.03 0 0 0 0 0 0 0 0 0
0000000000001002 0000000000000000 bits1_12 0 0 267 31.99960 -0.41 0 0 0 0 0 0 0 0 0
0000000000002002 0000000000000000 bits1_13 0 0 262 32.00003 0.03 0 0 0 0 0 0 0 0 0
0000000000004002 0000000000000000 bits1_14 0 0 248 31.99822 -1.82 0 0 0 0 0 0 0 0 0
0000000000008002 0000000000000000 bits1_15 0 0 281 32.00094 0.97 0 0 0 0 0 0 0 0 0
0000000000010002 0000000000000000 bits1_16 0 0 246 31.99823 -1.81 0 0 0 0 0 0 0 0 0
0000000000020002 0000000000000000 bits1_17 0 0 261 32.00079 0.81 0 0 0 0 0 0 0 0 0
0000000000040002 0000000000000000 bits1_18 0 0 276 31.99946 -0.55 0 0 0 0 0 0 0 0 0
0000000000080002 0000000000000000 bits1_19 0 0 268 32.00000 0.00 0 0 0 0 0 0 0 0 0
0000000000100002 0000000000000000 bits1_20 0 0 265 32.00108 1.11 0 0 0 0 0 0 0 0 0
0000000000200002 0000000000000000 bits1_21 0 0 236 31.99966 -0.35 0 0 0 0 0 0 0 0 0
0000000000400002 0000000000000000 bits1_22 0 0 272 32.00007 0.08 0 0 0 0 0 0 0 0 0
0000000000800002 0000000000000000 bits1_23 0 0 243 31.99942 -0.59 0 0 0 0 0 0 0 0 0
0000000001000002 0000000000000000 bits1_24 0 0 286 32.00134 1.37 0 0 0 0 0 0 0 0 0
0000000002000002 0000000000000000 bits1_25 0 0 240 31.99856 -1.47 0 0 0 0 0 0 0 0 0
0000000004000002 0000000000000000 bits1_26 0 0 248 31.99959 -0.42 0 0 0 0 0 0 0 0 0
0000000008000002 0000000000000000 bits1_27 0 0 244 31.99910 -0.92 0 0 0 0 0 0 0 0 0
0000000010000002 0000000000000000 bits1_28 0 0 266 32.00073 0.74 0 0 0 0 0 0 0 0 0
0000000020000002 0000000000000000 bits1_29 0 0 260 31.99921 -0.81 0 0 0 0 0 0 0 0 0
0000000040000002 0000000000000000 bits1_30 0 0 257 32.00087 0.89 0 0 0 0 0 0 0 0 0
0000000080000002 0000000000000000 bits1_31 0 0 242 32.00167 1.71 0 0 0 0 0 0 0 0 0
0000000100000002 0000000000000000 bits1_32 0 0 261 31.99990 -0.10 0 0 0 0 0 0 0 0 0
0000000200000002 0000000000000000 bits1_33 0 0 270 31.99810 -1.94 0 0 0 0 0 0 0 0 0
0000000400000002 0000000000000000 bits1_34 0 0 237 31.99962 -0.39 0 0 0 0 0 0 0 0 0
0000000800000002 0000000000000000 bits1_35 0 0 243 32.00035 0.35 0 0 0 0 0 0 0 0 0
0000001000000002 0000000000000000 bits1_36 0 0 258 31.99763 -2.43 0 0 0 0 0 0 0 0 0
0000002000000002 0000000000000000 bits1_37 0 0 276 32.00045 0.46 0 0 0 0 0 0 0 0 0
0000004000000002 0000000000000000 bits1_38 0 0 242 32.00088 0.90 0 0 0 0 0 0 0 0 1
0000008000000002 0000000000000000 bits1_39 0 0 257 32.00032 0.33 0 0 0 0 0 0 0 0 0
0000010000000002 0000000000000000 bits1_40 0 0 268 31.99932 -0.69 0 0 0 0 0 0 0 0 0
0000020000000002 0000000000000000 bits1_41 0 0 263 31.99943 -0.59 0 0 0 0 0 0 0 0 0
0000040000000002 0000000000000000 bits1_42 0 0 277 31.99951 -0.50 0 0 0 0 0 0 0 0 0
0000080000000002 0000000000000000 bits1_43 0 0 257 31.99868 -1.35 0 0 0 0 0 0 0 0 0
0000100000000002 0000000000000000 bits1_44 0 0 281 32.00018 0.19 0 0 0 0 0 0 0 0 0
0000200000000002 0000000000000000 bits1_45 0 0 262 31.99941 -0.61 0 0 0 0 0 0 0 0 0
0000400000000002 0000000000000000 bits1_46 0 0 241 31.99881 -1.22 0 0 0 0 0 0 0 0 0
0000800000000002 0000000000000000 bits1_47 0 0 290 31.99983 -0.18 0 0 0 0 0 0 0 0 0
0001000000000002 0000000000000000 bits1_48 0 0 265 32.00086 0.88 0 0 0 0 0 0 0 0 0
0002000000000002 0000000000000000 bits1_49 0 0 252 32.00147 1.50 0 0 0 0 0 0 0 0 0
0004000000000002 0000000000000000 bits1_50 0 0 238 31.99927 -0.75 0 0 0 0 0 0 0 0 0
0008000000000002 0000000000000000 bits1_51 0 0 257 32.00079 0.81 0 0 0 0 0 0 0 0 0
0010000000000002 0000000000000000 bits1_52 0 0 270 32.00032 0.33 0 0 0 0 0 0 0 0 0
0020000000000002 0000000000000000 bits1_53 0 0 267 31.99991 -0.09 0 0 0 0 0 0 0 0 0
0040000000000002 0000000000000000 bits1_54 0 0 270 31.99795 -2.10 0 0 0 0 0 0 0 0 0
0080000000000002 0000000000000000 bits1_55 0 0 248 32.00084 0.86 0 0 0 0 0 0 0 0 0
0100000000000002 0000000000000000 bits1_56 0 0 249 31.99934 -0.68 0 0 0 0 0 0 0 0 0
0200000000000002 0000000000000000 bits1_57 0 0 227 31.99976 -0.24 0 0 0 0 0 0 0 0 0
0400000000000002 0000000000000000 bits1_58 0 0 246 32.00040 0.41 0 0 0 0 0 0 0 0 0
0800000000000002 0000000000000000 bits1_59 0 0 272 32.00076 0.78 0 0 0 0 0 0 0 0 0
1000000000000002 0000000000000000 bits1_60 0 0 255 32.00111 1.14 0 0 0 0 0 0 0 0 0
2000000000000002 0000000000000000 bits1_61 0 0 263 32.00005 0.05 0 0 0 0 0 0 0 0 0
4000000000000002 0000000000000000 bits1_62 0 0 243 32.00047 0.48 0 0 0 0 0 0 0 0 0
8000000000000002 0000000000000000 bits1_63 0 0 260 32.00031 0.32 0 0 0 0 0 0 0 0 0
000000000000000c 0000000000000000 bits2_3 0 0 272 31.99837 -1.67 0 0 0 0 0 0 0 0 0
0000000000000014 0000000000000000 bits2_4 0 0 290 32.00039 0.40 0 0 0 0 0 0 0 0 0
0000000000000024 0000000000000000 bits2_5 0 0 255 31.99919 -0.83 0 0 0 0 0 0 0 0 0
0000000000000044 0000000000000000 bits2_6 0 0 254 32.00082 0.84 0 0 0 0 0 0 0 0 0
0000000000000084 0000000000000000 bits2_7 0 0 261 32.00167 1.71 0 0 0 0 0 0 0 0 0
0000000000000104 0000000000000000 bits2_8 0 0 259 32.00119 1.22 0 0 0 0 0 0 0 0 0
0000000000000204 0000000000000000 bits2_9 0 0 236 31.99977 -0.23 0 0 0 0 0 0 0 0 0
0000000000000404 0000000000000000 bits2_10 0 0 284 32.00066 0.68 0 0 0 0 0 0 0 0 0
0000000000000804 0000000000000000 bits2_11 0 0 265 32.00109 1.12 0 0 0 0 0 0 0 0 0
0000000000001004 0000000000000000 bits2_12 0 0 234 32.00134 1.37 0 0 0 0 0 0 0 0 0
0000000000002004 0000000000000000 bits2_13 0 0 225 31.99972 -0.29 0 0 0 0 0 0 0 0 0
0000000000004004 0000000000000000 bits2_14 0 0 272 31.99886 -1.17 0 0 0 0 0 0 0 0 0
0000000000008004 0000000000000000 bits2_15 0 0 254 32.00082 0.84 0 0 0 0 0 0 0 0 0
0000000000010004 0000000000000000 bits2_16 0 0 242 31.99997 -0.03 0 0 0 0 0 0 0 0 0
0000000000020004 0000000000000000 bits2_17 0 0 250 32.00058 0.59 0 0 0 0 0 0 0 0 0
0000000000040004 0000000000000000 bits2_18 0 0 237 32.00077 0.79 0 0 0 0 0 0 0 0 0
0000000000080004 0000000000000000 bits2_19 0 0 258 32.00041 0.42 0 0 0 0 0 0 0 0 0
0000000000100004 0000000000000000 bits2_20 0 0 267 31.99974 -0.27 0 0 0 0 0 0 0 0 0
0000000000200004 0000000000000000 bits2_21 0 0 249 31.99937 -0.64 0 0 0 0 0 0 0 0 0
0000000000400004 0000000000000000 bits2_22 0 0 249 31.99899 -1.04 0 0 0 0 0 0 0 0 0
0000000000800004 0000000000000000 bits2_23 0 0 249 31.99964 -0.37 0 0 0 0 0 0 0 0 0
0000000001000004 0000000000000000 bits2_24 0 0 282 32.00103 1.06 0 0 0 0 0 0 0 0 0
0000000002000004 0000000000000000 bits2_25 0 0 238 32.00013 0.14 0 0 0 0 0 0 0 0 0
0000000004000004 0000000000000000 bits2_26 0 0 244 32.00065 0.67 0 0 0 0 0 0 0 0 0
0000000008000004 0000000000000000 bits2_27 0 0 282 31.99759 -2.47 0 0 0 0 0 0 0 0 0
0000000010000004 0000000000000000 bits2_28 0 0 242 32.00138 1.42 0 0 0 0 0 0 0 0 0
0000000020000004 0000000000000000 bits2_29 0 0 231 32.00190 1.94 0 0 0 0 0 0 0 0 0
0000000040000004 0000000000000000 bits2_30 0 0 225 31.99915 -0.87 0 0 0 0 0 0 0 0 0
0000000080000004 0000000000000000 bits2_31 0 0 259 32.00130 1.33 0 0 0 0 0 0 0 0 0
0000000100000004 0000000000000000 bits2_32 0 0 221 32.00061 0.62 0 0 0 0 0 0 0 0 0
0000000200000004 0000000000000000 bits2_33 0 0 256 32.00165 1.69 0 0 0 0 0 0 0 0 0
0000000400000004 0000000000000000 bits2_34 0 0 265 32.00038 0.39 0 0 0 0 0 0 0 0 0
0000000800000004 0000000000000000 bits2_35 0 0 275 32.00099 1.01 0 0 0 0 0 0 0 0 0
0000001000000004 0000000000000000 bits2_36 0 0 277 32.00032 0.33 0 0 0 0 0 0 0 0 0
0000002000000004 0000000000000000 bits2_37 0 0 247 31.99957 -0.44 0 0 0 0 0 0 0 0 0
0000004000000004 0000000000000000 bits2_38 0 0 257 32.00237 2.42 0 0 0 0 0 0 0 0 0
0000008000000004 0000000000000000 bits2_39 0 0 249 32.00038 0.39 0 0 0 0 0 0 0 0 0
0000010000000004 0000000000000000 bits2_40 0 0 266 32.00092 0.94 0 0 0 0 0 0 0 0 0
0000020000000004 0000000000000000 bits2_41 0 0 258 32.00245 2.51 0 0 0 0 0 0 0 0 0
0000040000000004 0000000000000000 bits2_42 0 0 251 32.00014 0.14 0 0 0 0 0 0 0 0 0
0000080000000004 0000000000000000 bits2_43 0 0 253 31.99983 -0.18 0 0 0 0 0 0 0 0 0
0000100000000004 0000000000000000 bits2_44 0 0 226 32.00040 0.41 0 0 0 0 0 0 0 0 0
0000200000000004 0000000000000000 bits2_45 0 0 277 31.99996 -0.04 0 0 0 0 0 0 0 0 0
0000400000000004 0000000000000000 bits2_46 0 0 250 31.99963 -0.38 0 0 0 0 0 0 0 0 0
0000800000000004 0000000000000000 bits2_47 0 0 273 32.00008 0.08 0 0 0 0 0 0 0 0 0
0001000000000004 0000000000000000 bits2_48 0 0 244 32.00073 0.75 0 0 0 0 0 0 0 0 0
0002000000000004 0000000000000000 bits2_49 0 0 271 31.99948 -0.53 0 0 0 0 0 0 0 0 0
0004000000000004 0000000000000000 bits2_50 0 0 262 32.00035 0.36 0 0 0 0 0 0 0 0 0
0008000000000004 0000000000000000 bits2_51 0 0 267 32.00119 1.22 0 0 0 0 0 0 0 0 0
0010000000000004 0000000000000000 bits2_52 0 0 268 32.00130 1.33 0 0 0 0 0 0 0 0 0
0020000000000004 0000000000000000 bits2_53 0 0 256 32.00027 0.28 0 0 0 0 0 0 0 0 0
0040000000000004 0000000000000000 bits2_54 0 0 290 31.99977 -0.24 0 0 0 0 0 0 0 0 0
0080000000000004 0000000000000000 bits2_55 0 0 241 31.99803 -2.01 0 0 0 0 0 0 0 0 0
0100000000000004 0000000000000000 bits2_56 0 0 252 32.00005 0.05 0 0 0 0 0 0 0 0 0
0200000000000004 0000000000000000 bits2_57 0 0 241 32.00112 1.15 0 0 0 0 0 0 0 0 0
0400000000000004 0000000000000000 bits2_58 0 0 267 32.00039 0.40 0 0 0 0 0 0 0 0 0
0800000000000004 0000000000000000 bits2_59 0 0 269 31.99873 -1.30 0 0 0 0 0 0 0 0 0
1000000000000004 0000000000000000 bits2_60 0 0 253 31.99951 -0.50 0 0 0 0 0 0 0 0 0
2000000000000004 0000000000000000 bits2_61 0 0 287 31.99922 -0.80 0 0 0 0 0 0 0 0 0
4000000000000004 0000000000000000 bits2_62 0 0 239 32.00224 2.29 0 0 0 0 0 0 0 0 0
8000000000000004 0000000000000000 bits2_63 0 0 205 31.99933 -0.69 0 0 0 0 0 0 0 0 0
0000000000000018 0000000000000000 bits3_4 0 0 260 32.00007 0.07 0 0 0 0 0 0 0 0 0
0000000000000028 0000000000000000 bits3_5 0 0 271 31.99907 -0.95 0 0 0 0 0 0 0 0 0
0000000000000048 0000000000000000 bits3_6 0 0 241 32.00049 0.51 0 0 0 0 0 0 0 0 0
0000000000000088 0000000000000000 bits3_7 0 0 248 32.00103 1.06 0 0 0 0 0 0 0 0 0
0000000000000108 0000000000000000 bits3_8 0 0 246 31.99928 -0.74 0 0 0 0 0 0 0 0 0
0000000000000208 0000000000000000 bits3_9 0 0 249 32.00082 0.84 0 0 0 0 0 0 0 0 0
0000000000000408 0000000000000000 bits3_10 0 0 255 31.99895 -1.07 0 0 0 0 0 0 0 0 0
0000000000000808 0000000000000000 bits3_11 0 0 251 31.99709 -2.98 0 0 0 0 0 0 0 0 0
0000000000001008 0000000000000000 bits3_12 0 0 251 31.99801 -2.03 0 0 0 0 0 0 0 0 0
0000000000002008 0000000000000000 bits3_13 0 0 248 31.99922 -0.80 0 0 0 0 0 0 0 0 0
0000000000004008 0000000000000000 bits3_14 0 0 270 31.99990 -0.10 0 0 0 0 0 0 0 0 0
0000000000008008 0000000000000000 bits3_15 0 0 251 31.99995 -0.05 0 0 0 0 0 0 0 0 0
0000000000010008 0000000000000000 bits3_16 0 0 249 32.00031 0.32 0 0 0 0 0 0 0 0 0
0000000000020008 0000000000000000 bits3_17 0 0 251 31.99900 -1.03 0 0 0 0 0 0 0 0 0
0000000000040008 0000000000000000 bits3_18 0 0 285 32.00003 0.03 0 0 0 0 0 0 0 0 0
0000000000080008 0000000000000000 bits3_19 0 0 265 32.00284 2.91 0 0 0 0 0 0 0 0 0
0000000000100008 0000000000000000 bits3_20 0 0 264 32.00049 0.50 0 0 0 0 0 0 0 0 0
0000000000200008 0000000000000000 bits3_21 0 0 267 31.99854 -1.50 0 0 0 0 0 0 0 0 0
0000000000400008 0000000000000000 bits3_22 0 0 247 32.00040 0.41 0 0 0 0 0 0 0 0 0
0000000000800008 0000000000000000 bits3_23 0 0 271 32.00007 0.07 0 0 0 0 0 0 0 0 0
0000000001000008 0000000000000000 bits3_24 0 0 286 32.00000 -0.00 0 0 0 0 0 0 0 0 0
0000000002000008 0000000000000000 bits3_25 0 0 282 31.99997 -0.03 0 0 0 0 0 0 0 0 0
0000000004000008 0000000000000000 bits3_26 0 0 229 31.99960 -0.41 0 0 0 0 0 0 0 0 0
0000000008000008 0000000000000000 bits3_27 0 0 254 32.00176 1.81 0 0 0 0 0 0 0 0 0
0000000010000008 0000000000000000 bits3_28 0 0 268 32.00022 0.23 0 0 0 0 0 0 0 0 0
0000000020000008 0000000000000000 bits3_29 0 0 252 31.99918 -0.84 0 0 0 0 0 0 0 0 0
