# variant=12 W=1 log2keys=24 seed=4631 mode=R N=16777216
# d0 d1 name coll low32 low16 meanpop z hist0..8
0000000042000000 0000000000000000 bits25_30 0 0 268 32.00073 0.75 0 0 0 0 0 0 0 0 0
0000000082000000 0000000000000000 bits25_31 0 0 263 31.99872 -1.31 0 0 0 0 0 0 0 0 0
0000000102000000 0000000000000000 bits25_32 0 0 282 31.99923 -0.79 0 0 0 0 0 0 0 0 0
0000000202000000 0000000000000000 bits25_33 0 0 231 31.99941 -0.60 0 0 0 0 0 0 0 0 0
0000000402000000 0000000000000000 bits25_34 0 0 238 32.00092 0.94 0 0 0 0 0 0 0 0 0
0000000802000000 0000000000000000 bits25_35 0 0 285 32.00025 0.26 0 0 0 0 0 0 0 0 0
0000001002000000 0000000000000000 bits25_36 0 0 252 32.00187 1.91 0 0 0 0 0 0 0 0 0
0000002002000000 0000000000000000 bits25_37 0 0 252 31.99934 -0.68 0 0 0 0 0 0 0 0 0
0000004002000000 0000000000000000 bits25_38 0 0 232 32.00034 0.35 0 0 0 0 0 0 0 0 0
0000008002000000 0000000000000000 bits25_39 0 0 237 31.99840 -1.64 0 0 0 0 0 0 0 0 0
0000010002000000 0000000000000000 bits25_40 0 0 259 31.99981 -0.20 0 0 0 0 0 0 0 0 0
0000020002000000 0000000000000000 bits25_41 0 0 252 31.99755 -2.51 0 0 0 0 0 0 0 0 0
0000040002000000 0000000000000000 bits25_42 0 0 226 31.99860 -1.43 0 0 0 0 0 0 0 0 0
0000080002000000 0000000000000000 bits25_43 0 0 266 32.00031 0.31 0 0 0 0 0 0 0 0 0
0000100002000000 0000000000000000 bits25_44 0 0 281 31.99917 -0.85 0 0 0 0 0 0 0 0 0
0000200002000000 0000000000000000 bits25_45 0 0 245 31.99839 -1.65 0 0 0 0 0 0 0 0 0
0000400002000000 0000000000000000 bits25_46 0 0 269 31.99924 -0.77 0 0 0 0 0 0 0 0 0
0000800002000000 0000000000000000 bits25_47 0 0 240 31.99936 -0.65 0 0 0 0 0 0 0 0 0
0001000002000000 0000000000000000 bits25_48 0 0 284 32.00055 0.56 0 0 0 0 0 0 0 0 0
0002000002000000 0000000000000000 bits25_49 0 0 246 32.00145 1.49 0 0 0 0 0 0 0 0 0
0004000002000000 0000000000000000 bits25_50 0 0 208 31.99797 -2.08 0 0 0 0 0 0 0 0 0
0008000002000000 0000000000000000 bits25_51 0 0 249 31.99918 -0.84 0 0 0 0 0 0 0 0 0
0010000002000000 0000000000000000 bits25_52 0 0 296 31.99942 -0.59 0 0 0 0 0 0 0 0 0
0020000002000000 0000000000000000 bits25_53 0 0 259 31.99952 -0.49 0 0 0 0 0 0 0 0 0
0040000002000000 0000000000000000 bits25_54 0 0 267 31.99942 -0.59 0 0 0 0 0 0 0 0 0
0080000002000000 0000000000000000 bits25_55 0 0 278 31.99937 -0.64 0 0 0 0 0 0 0 0 0
0100000002000000 0000000000000000 bits25_56 0 0 265 31.99943 -0.59 0 0 0 0 0 0 0 0 0
0200000002000000 0000000000000000 bits25_57 0 0 227 32.00076 0.78 0 0 0 0 0 0 0 0 0
0400000002000000 0000000000000000 bits25_58 0 0 271 31.99898 -1.04 0 0 0 0 0 0 0 0 0
0800000002000000 0000000000000000 bits25_59 0 0 282 32.00128 1.31 0 0 0 0 0 0 0 0 0
1000000002000000 0000000000000000 bits25_60 0 0 256 32.00060 0.61 0 0 0 0 0 0 0 0 0
2000000002000000 0000000000000000 bits25_61 0 0 243 31.99982 -0.19 0 0 0 0 0 0 0 0 0
4000000002000000 0000000000000000 bits25_62 0 0 258 31.99939 -0.62 0 0 0 0 0 0 0 0 0
8000000002000000 0000000000000000 bits25_63 0 0 237 32.00060 0.61 0 0 0 0 0 0 0 0 0
000000000c000000 0000000000000000 bits26_27 0 0 261 32.00090 0.92 0 0 0 0 0 0 0 0 0
0000000014000000 0000000000000000 bits26_28 0 0 255 31.99983 -0.17 0 0 0 0 0 0 0 0 0
0000000024000000 0000000000000000 bits26_29 0 0 249 32.00260 2.66 0 0 0 0 0 0 0 0 0
0000000044000000 0000000000000000 bits26_30 0 0 241 31.99952 -0.49 0 0 0 0 0 0 0 0 0
0000000084000000 0000000000000000 bits26_31 0 0 257 32.00081 0.83 0 0 0 0 0 0 0 0 0
0000000104000000 0000000000000000 bits26_32 0 0 253 32.00112 1.14 0 0 0 0 0 0 0 0 0
0000000204000000 0000000000000000 bits26_33 0 0 257 32.00030 0.31 0 0 0 0 0 0 0 0 0
0000000404000000 0000000000000000 bits26_34 0 0 254 32.00100 1.02 0 0 0 0 0 0 0 0 0
0000000804000000 0000000000000000 bits26_35 0 0 259 31.99930 -0.71 0 0 0 0 0 0 0 0 0
0000001004000000 0000000000000000 bits26_36 0 0 304 32.00087 0.89 0 0 0 0 0 0 0 0 0
0000002004000000 0000000000000000 bits26_37 0 0 261 31.99907 -0.96 0 0 0 0 0 0 0 0 0
0000004004000000 0000000000000000 bits26_38 0 0 251 32.00131 1.34 0 0 0 0 0 0 0 0 0
0000008004000000 0000000000000000 bits26_39 0 0 245 31.99904 -0.98 0 0 0 0 0 0 0 0 0
0000010004000000 0000000000000000 bits26_40 0 0 283 32.00105 1.07 0 0 0 0 0 0 0 0 0
0000020004000000 0000000000000000 bits26_41 0 0 261 32.00070 0.72 0 0 0 0 0 0 0 0 0
0000040004000000 0000000000000000 bits26_42 0 0 248 31.99976 -0.24 0 0 0 0 0 0 0 0 0
0000080004000000 0000000000000000 bits26_43 0 0 276 31.99959 -0.42 0 0 0 0 0 0 0 0 0
0000100004000000 0000000000000000 bits26_44 0 0 270 31.99928 -0.74 0 0 0 0 0 0 0 0 0
0000200004000000 0000000000000000 bits26_45 0 0 270 32.00004 0.04 0 0 0 0 0 0 0 0 0
0000400004000000 0000000000000000 bits26_46 0 0 253 32.00010 0.10 0 0 0 0 0 0 0 0 0
0000800004000000 0000000000000000 bits26_47 0 0 236 32.00032 0.33 0 0 0 0 0 0 0 0 0
0001000004000000 0000000000000000 bits26_48 0 0 243 32.00164 1.68 0 0 0 0 0 0 0 0 0
0002000004000000 0000000000000000 bits26_49 0 0 222 32.00006 0.06 0 0 0 0 0 0 0 0 0
0004000004000000 0000000000000000 bits26_50 0 0 259 32.00099 1.01 0 0 0 0 0 0 0 0 0
0008000004000000 0000000000000000 bits26_51 0 0 278 31.99939 -0.62 0 0 0 0 0 0 0 0 0
0010000004000000 0000000000000000 bits26_52 0 0 256 32.00033 0.34 0 0 0 0 0 0 0 0 0
0020000004000000 0000000000000000 bits26_53 0 0 253 32.00013 0.14 0 0 0 0 0 0 0 0 0
0040000004000000 0000000000000000 bits26_54 0 0 261 31.99992 -0.09 0 0 0 0 0 0 0 0 0
0080000004000000 0000000000000000 bits26_55 0 0 254 32.00066 0.68 0 0 0 0 0 0 0 0 0
0100000004000000 0000000000000000 bits26_56 0 0 260 32.00039 0.40 0 0 0 0 0 0 0 0 0
0200000004000000 0000000000000000 bits26_57 0 0 269 32.00005 0.05 0 0 0 0 0 0 0 0 0
0400000004000000 0000000000000000 bits26_58 0 0 265 32.00079 0.81 0 0 0 0 0 0 0 0 0
0800000004000000 0000000000000000 bits26_59 0 0 267 31.99990 -0.10 0 0 0 0 0 0 0 0 0
1000000004000000 0000000000000000 bits26_60 0 0 263 31.99902 -1.01 0 0 0 0 0 0 0 0 0
2000000004000000 0000000000000000 bits26_61 0 0 249 31.99956 -0.45 0 0 0 0 0 0 0 0 0
4000000004000000 0000000000000000 bits26_62 0 0 269 32.00175 1.79 0 0 0 0 0 0 0 0 0
8000000004000000 0000000000000000 bits26_63 0 0 234 31.99933 -0.69 0 0 0 0 0 0 0 0 0
0000000018000000 0000000000000000 bits27_28 0 0 246 31.99864 -1.40 0 0 0 0 0 0 0 0 0
0000000028000000 0000000000000000 bits27_29 0 0 279 31.99856 -1.47 0 0 0 0 0 0 0 0 0
0000000048000000 0000000000000000 bits27_30 0 0 245 32.00001 0.01 0 0 0 0 0 0 0 0 0
0000000088000000 0000000000000000 bits27_31 0 0 267 31.99880 -1.23 0 0 0 0 0 0 0 0 0
0000000108000000 0000000000000000 bits27_32 0 0 267 32.00110 1.12 0 0 0 0 0 0 0 0 0
0000000208000000 0000000000000000 bits27_33 0 0 266 32.00065 0.67 0 0 0 0 0 0 0 0 0
0000000408000000 0000000000000000 bits27_34 0 0 238 32.00011 0.11 0 0 0 0 0 0 0 0 0
0000000808000000 0000000000000000 bits27_35 0 0 254 31.99830 -1.74 0 0 0 0 0 0 0 0 0
0000001008000000 0000000000000000 bits27_36 0 0 261 32.00001 0.01 0 0 0 0 0 0 0 0 0
0000002008000000 0000000000000000 bits27_37 0 0 272 31.99903 -0.99 0 0 0 0 0 0 0 0 0
0000004008000000 0000000000000000 bits27_38 0 0 261 31.99875 -1.27 0 0 0 0 0 0 0 0 0
0000008008000000 0000000000000000 bits27_39 0 0 260 31.99943 -0.58 0 0 0 0 0 0 0 0 0
0000010008000000 0000000000000000 bits27_40 0 0 229 31.99976 -0.24 0 0 0 0 0 0 0 0 0
0000020008000000 0000000000000000 bits27_41 0 0 269 31.99892 -1.10 0 0 0 0 0 0 0 0 0
0000040008000000 0000000000000000 bits27_42 0 0 261 31.99970 -0.31 0 0 0 0 0 0 0 0 0
0000080008000000 0000000000000000 bits27_43 0 1 273 31.99987 -0.13 0 0 0 0 0 0 0 0 0
0000100008000000 0000000000000000 bits27_44 0 0 269 31.99823 -1.81 0 0 0 0 0 0 0 0 0
0000200008000000 0000000000000000 bits27_45 0 0 266 31.99954 -0.47 0 0 0 0 0 0 0 0 0
0000400008000000 0000000000000000 bits27_46 0 0 269 31.99843 -1.61 0 0 0 0 0 0 0 0 0
0000800008000000 0000000000000000 bits27_47 0 0 236 31.99848 -1.55 0 0 0 0 0 0 0 0 0
0001000008000000 0000000000000000 bits27_48 0 1 291 32.00143 1.47 0 0 0 0 0 0 0 0 0
0002000008000000 0000000000000000 bits27_49 0 0 246 31.99810 -1.94 0 0 0 0 0 0 0 0 0
0004000008000000 0000000000000000 bits27_50 0 0 276 32.00042 0.43 0 0 0 0 0 0 0 0 0
0008000008000000 0000000000000000 bits27_51 0 0 255 32.00047 0.48 0 0 0 0 0 0 0 0 0
0010000008000000 0000000000000000 bits27_52 0 0 256 32.00172 1.76 0 0 0 0 0 0 0 0 0
0020000008000000 0000000000000000 bits27_53 0 0 251 32.00045 0.47 0 0 0 0 0 0 0 0 0
0040000008000000 0000000000000000 bits27_54 0 0 230 32.00000 0.00 0 0 0 0 0 0 0 0 0
0080000008000000 0000000000000000 bits27_55 0 0 244 31.99990 -0.10 0 0 0 0 0 0 0 0 0
0100000008000000 0000000000000000 bits27_56 0 0 239 32.00282 2.89 0 0 0 0 0 0 0 0 0
0200000008000000 0000000000000000 bits27_57 0 0 249 32.00102 1.04 0 0 0 0 0 0 0 0 0
0400000008000000 0000000000000000 bits27_58 0 0 209 31.99875 -1.28 0 0 0 0 0 0 0 0 0
0800000008000000 0000000000000000 bits27_59 0 0 255 31.99935 -0.66 0 0 0 0 0 0 0 0 0
1000000008000000 0000000000000000 bits27_60 0 0 249 31.99924 -0.78 0 0 0 0 0 0 0 0 0
2000000008000000 0000000000000000 bits27_61 0 0 263 32.00166 1.70 0 0 0 0 0 0 0 0 0
4000000008000000 0000000000000000 bits27_62 0 0 236 32.00094 0.96 0 0 0 0 0 0 0 0 0
8000000008000000 0000000000000000 bits27_63 0 0 265 32.00075 0.77 0 0 0 0 0 0 0 0 0
0000000030000000 0000000000000000 bits28_29 0 0 235 32.00154 1.58 0 0 0 0 0 0 0 0 0
0000000050000000 0000000000000000 bits28_30 0 0 252 31.99863 -1.40 0 0 0 0 0 0 0 0 0
0000000090000000 0000000000000000 bits28_31 0 0 284 32.00003 0.03 0 0 0 0 0 0 0 0 0
0000000110000000 0000000000000000 bits28_32 0 0 254 32.00093 0.96 0 0 0 0 0 0 0 0 0
0000000210000000 0000000000000000 bits28_33 0 0 239 32.00026 0.27 0 0 0 0 0 0 0 0 0
0000000410000000 0000000000000000 bits28_34 0 0 244 32.00091 0.93 0 0 0 0 0 0 0 0 0
0000000810000000 0000000000000000 bits28_35 0 0 272 32.00071 0.73 0 0 0 0 0 0 0 0 0
0000001010000000 0000000000000000 bits28_36 0 0 259 32.00076 0.78 0 0 0 0 0 0 0 0 0
0000002010000000 0000000000000000 bits28_37 0 0 252 32.00048 0.49 0 0 0 0 0 0 0 0 0
0000004010000000 0000000000000000 bits28_38 0 0 273 31.99994 -0.06 0 0 0 0 0 0 0 0 0
0000008010000000 0000000000000000 bits28_39 0 0 234 32.00185 1.90 0 0 0 0 0 0 0 0 0
0000010010000000 0000000000000000 bits28_40 0 0 255 32.00081 0.83 0 0 0 0 0 0 0 0 0
0000020010000000 0000000000000000 bits28_41 0 0 281 32.00147 1.51 0 0 0 0 0 0 0 0 0
0000040010000000 0000000000000000 bits28_42 0 0 273 31.99887 -1.15 0 0 0 0 0 0 0 0 0
0000080010000000 0000000000000000 bits28_43 0 0 291 31.99991 -0.09 0 0 0 0 0 0 0 0 0
0000100010000000 0000000000000000 bits28_44 0 0 260 32.00022 0.22 0 0 0 0 0 0 0 0 0
0000200010000000 0000000000000000 bits28_45 0 0 270 32.00133 1.36 0 0 0 0 0 0 0 0 0
0000400010000000 0000000000000000 bits28_46 0 0 235 32.00065 0.67 0 0 0 0 0 0 0 0 0
0000800010000000 0000000000000000 bits28_47 0 0 283 31.99916 -0.86 0 0 0 0 0 0 0 0 0
0001000010000000 0000000000000000 bits28_48 0 0 236 32.00108 1.11 0 0 0 0 0 0 0 0 0
0002000010000000 0000000000000000 bits28_49 0 0 255 32.00046 0.47 0 0 0 0 0 0 0 0 0
0004000010000000 0000000000000000 bits28_50 0 0 250 32.00099 1.01 0 0 0 0 0 0 0 0 0
0008000010000000 0000000000000000 bits28_51 0 0 237 32.00191 1.96 0 0 0 0 0 0 0 0 0
0010000010000000 0000000000000000 bits28_52 0 0 249 32.00034 0.35 0 0 0 0 0 0 0 0 0
0020000010000000 0000000000000000 bits28_53 0 0 264 32.00172 1.76 0 0 0 0 0 0 0 0 0
0040000010000000 0000000000000000 bits28_54 0 0 241 32.00018 0.19 0 0 0 0 0 0 0 0 0
0080000010000000 0000000000000000 bits28_55 0 0 272 31.99838 -1.66 0 0 0 0 0 0 0 0 0
0100000010000000 0000000000000000 bits28_56 0 0 258 31.99827 -1.78 0 0 0 0 0 0 0 0 0
0200000010000000 0000000000000000 bits28_57 0 0 255 31.99961 -0.40 0 0 0 0 0 0 0 0 0
0400000010000000 0000000000000000 bits28_58 0 0 283 32.00043 0.44 0 0 0 0 0 0 0 0 0
0800000010000000 0000000000000000 bits28_59 0 0 269 32.00054 0.55 0 0 0 0 0 0 0 0 0
1000000010000000 0000000000000000 bits28_60 0 0 257 31.99873 -1.30 0 0 0 0 0 0 0 0 0
2000000010000000 0000000000000000 bits28_61 0 0 255 31.99946 -0.55 0 0 0 0 0 0 0 0 0
4000000010000000 0000000000000000 bits28_62 0 0 260 31.99964 -0.37 0 0 0 0 0 0 0 0 0
8000000010000000 0000000000000000 bits28_63 0 0 246 32.00052 0.53 0 0 0 0 0 0 0 0 0
0000000060000000 0000000000000000 bits29_30 0 0 265 32.00050 0.51 0 0 0 0 0 0 0 0 0
00000000a0000000 0000000000000000 bits29_31 0 0 228 32.00101 1.03 0 0 0 0 0 0 0 0 0
0000000120000000 0000000000000000 bits29_32 0 0 227 32.00053 0.54 0 0 0 0 0 0 0 0 0
0000000220000000 0000000000000000 bits29_33 0 0 249 32.00144 1.48 0 0 0 0 0 0 0 0 0
0000000420000000 0000000000000000 bits29_34 0 0 261 32.00018 0.18 0 0 0 0 0 0 0 0 0
0000000820000000 0000000000000000 bits29_35 0 0 245 32.00146 1.49 0 0 0 0 0 0 0 0 0
0000001020000000 0000000000000000 bits29_36 0 0 271 31.99884 -1.18 0 0 0 0 0 0 0 0 0
0000002020000000 0000000000000000 bits29_37 0 0 268 31.99973 -0.28 0 0 0 0 0 0 0 0 0
0000004020000000 0000000000000000 bits29_38 0 0 251 31.99934 -0.68 0 0 0 0 0 0 0 0 0
0000008020000000 0000000000000000 bits29_39 0 0 280 31.99847 -1.57 0 0 0 0 0 0 0 0 0
0000010020000000 0000000000000000 bits29_40 0 0 269 31.99802 -2.03 0 0 0 0 0 0 0 0 0
0000020020000000 0000000000000000 bits29_41 0 0 282 31.99873 -1.30 0 0 0 0 0 0 0 0 0
0000040020000000 0000000000000000 bits29_42 0 0 254 31.99908 -0.94 0 0 0 0 0 0 0 0 0
0000080020000000 0000000000000000 bits29_43 0 0 275 31.99940 -0.61 0 0 0 0 0 0 0 0 0
0000100020000000 0000000000000000 bits29_44 0 0 256 32.00175 1.79 0 0 0 0 0 0 0 0 0
0000200020000000 0000000000000000 bits29_45 0 0 244 32.00084 0.86 0 0 0 0 0 0 0 0 0
0000400020000000 0000000000000000 bits29_46 0 0 288 31.99999 -0.01 0 0 0 0 0 0 0 0 0
0000800020000000 0000000000000000 bits29_47 0 0 244 31.99916 -0.86 0 0 0 0 0 0 0 0 0
0001000020000000 0000000000000000 bits29_48 0 0 234 31.99951 -0.51 0 0 0 0 0 0 0 0 0
0002000020000000 0000000000000000 bits29_49 0 0 264 32.00015 0.15 0 0 0 0 0 0 0 0 0
0004000020000000 0000000000000000 bits29_50 0 0 233 31.99830 -1.74 0 0 0 0 0 0 0 0 0
0008000020000000 0000000000000000 bits29_51 0 0 281 32.00005 0.05 0 0 0 0 0 0 0 0 0
0010000020000000 0000000000000000 bits29_52 0 0 255 32.00020 0.20 0 0 0 0 0 0 0 0 0
0020000020000000 0000000000000000 bits29_53 0 0 234 31.99942 -0.60 0 0 0 0 0 0 0 0 0
0040000020000000 0000000000000000 bits29_54 0 0 239 32.00027 0.28 0 0 0 0 0 0 0 0 0
0080000020000000 0000000000000000 bits29_55 0 0 270 31.99932 -0.70 0 0 0 0 0 0 0 0 0
0100000020000000 0000000000000000 bits29_56 0 0 268 31.99916 -0.86 0 0 0 0 0 0 0 0 0
0200000020000000 0000000000000000 bits29_57 0 0 253 31.99966 -0.34 0 0 0 0 0 0 0 0 0
0400000020000000 0000000000000000 bits29_58 0 0 274 32.00009 0.09 0 0 0 0 0 0 0 0 0
0800000020000000 0000000000000000 bits29_59 0 0 263 31.99974 -0.26 0 0 0 0 0 0 0 0 0
1000000020000000 0000000000000000 bits29_60 0 0 256 32.00148 1.52 0 0 0 0 0 0 0 0 0
2000000020000000 0000000000000000 bits29_61 0 0 254 32.00088 0.90 0 0 0 0 0 0 0 0 0
4000000020000000 0000000000000000 bits29_62 0 0 274 32.00057 0.58 0 0 0 0 0 0 0 0 0
8000000020000000 0000000000000000 bits29_63 0 0 251 31.99955 -0.46 0 0 0 0 0 0 0 0 0
00000000c0000000 0000000000000000 bits30_31 0 0 240 32.00119 1.22 0 0 0 0 0 0 0 0 0
0000000140000000 0000000000000000 bits30_32 0 0 234 32.00024 0.24 0 0 0 0 0 0 0 0 0
0000000240000000 0000000000000000 bits30_33 0 0 263 32.00060 0.62 0 0 0 0 0 0 0 0 0
0000000440000000 0000000000000000 bits30_34 0 0 270 32.00046 0.47 0 0 0 0 0 0 0 0 0
0000000840000000 0000000000000000 bits30_35 0 0 250 31.99990 -0.10 0 0 0 0 0 0 0 0 0
0000001040000000 0000000000000000 bits30_36 0 0 209 32.00016 0.16 0 0 0 0 0 0 0 0 0
0000002040000000 0000000000000000 bits30_37 0 0 254 31.99817 -1.87 0 0 0 0 0 0 0 0 0
0000004040000000 0000000000000000 bits30_38 0 0 239 31.99937 -0.64 0 0 0 0 0 0 0 0 0
0000008040000000 0000000000000000 bits30_39 0 0 236 32.00125 1.28 0 0 0 0 0 0 0 0 0
0000010040000000 0000000000000000 bits30_40 0 0 265 32.00239 2.44 0 0 0 0 0 0 0 0 0
0000020040000000 0000000000000000 bits30_41 0 0 261 31.99954 -0.47 0 0 0 0 0 0 0 0 0
0000040040000000 0000000000000000 bits30_42 0 0 263 31.99964 -0.37 0 0 0 0 0 0 0 0 0
0000080040000000 0000000000000000 bits30_43 0 0 267 32.00060 0.61 0 0 0 0 0 0 0 0 0
0000100040000000 0000000000000000 bits30_44 0 0 260 32.00086 0.88 0 0 0 0 0 0 0 0 0
0000200040000000 0000000000000000 bits30_45 0 0 271 32.00013 0.14 0 0 0 0 0 0 0 0 0
0000400040000000 0000000000000000 bits30_46 0 0 225 31.99785 -2.20 0 0 0 0 0 0 0 0 0
0000800040000000 0000000000000000 bits30_47 0 0 269 32.00054 0.55 0 0 0 0 0 0 0 0 0
0001000040000000 0000000000000000 bits30_48 0 0 231 31.99938 -0.63 0 0 0 0 0 0 0 0 0
0002000040000000 0000000000000000 bits30_49 0 0 261 32.00002 0.02 0 0 0 0 0 0 0 0 0
0004000040000000 0000000000000000 bits30_50 0 0 257 31.99953 -0.48 0 0 0 0 0 0 0 0 0
0008000040000000 0000000000000000 bits30_51 0 0 252 32.00229 2.35 0 0 0 0 0 0 0 0 0
0010000040000000 0000000000000000 bits30_52 0 0 266 31.99954 -0.47 0 0 0 0 0 0 0 0 0
0020000040000000 0000000000000000 bits30_53 0 0 229 32.00001 0.01 0 0 0 0 0 0 0 0 0
0040000040000000 0000000000000000 bits30_54 0 0 258 31.99966 -0.35 0 0 0 0 0 0 0 0 0
0080000040000000 0000000000000000 bits30_55 0 0 243 32.00029 0.30 0 0 0 0 0 0 0 0 0
0100000040000000 0000000000000000 bits30_56 0 0 246 32.00176 1.80 0 0 0 0 0 0 0 0 0
0200000040000000 0000000000000000 bits30_57 0 0 284 32.00184 1.88 0 0 0 0 0 0 0 0 0
0400000040000000 0000000000000000 bits30_58 0 0 254 32.00083 0.85 0 0 0 0 0 0 0 0 0
0800000040000000 0000000000000000 bits30_59 0 0 248 32.00032 0.33 0 0 0 0 0 0 0 0 0
1000000040000000 0000000000000000 bits30_60 0 0 273 31.99882 -1.21 0 0 0 0 0 0 0 0 0
2000000040000000 0000000000000000 bits30_61 0 0 265 31.99989 -0.11 0 0 0 0 0 0 0 0 0
4000000040000000 0000000000000000 bits30_62 0 0 274 32.00071 0.73 0 0 0 0 0 0 0 0 0
8000000040000000 0000000000000000 bits30_63 0 0 272 31.99886 -1.17 0 0 0 0 0 0 0 0 0
0000000180000000 0000000000000000 bits31_32 0 0 268 31.99816 -1.89 0 0 0 0 0 0 0 0 0
0000000280000000 0000000000000000 bits31_33 0 0 237 31.99916 -0.86 0 0 0 0 0 0 0 0 0
0000000480000000 0000000000000000 bits31_34 0 0 247 31.99991 -0.10 0 0 0 0 0 0 0 0 0
0000000880000000 0000000000000000 bits31_35 0 0 257 31.99916 -0.86 0 0 0 0 0 0 0 0 0
0000001080000000 0000000000000000 bits31_36 0 0 255 31.99901 -1.02 0 0 0 0 0 0 0 0 0
0000002080000000 0000000000000000 bits31_37 0 0 258 32.00022 0.23 0 0 0 0 0 0 0 0 0
0000004080000000 0000000000000000 bits31_38 0 0 242 32.00098 1.01 0 0 0 0 0 0 0 0 0
0000008080000000 0000000000000000 bits31_39 0 0 246 31.99899 -1.03 0 0 0 0 0 0 0 0 0
0000010080000000 0000000000000000 bits31_40 0 0 242 32.00015 0.16 0 0 0 0 0 0 0 0 0
0000020080000000 0000000000000000 bits31_41 0 0 278 31.99935 -0.66 0 0 0 0 0 0 0 0 0
0000040080000000 0000000000000000 bits31_42 0 0 272 32.00008 0.08 0 0 0 0 0 0 0 0 0
0000080080000000 0000000000000000 bits31_43 0 0 239 31.99936 -0.66 0 0 0 0 0 0 0 0 0
0000100080000000 0000000000000000 bits31_44 0 0 256 31.99832 -1.72 0 0 0 0 0 0 0 0 0
0000200080000000 0000000000000000 bits31_45 0 0 274 31.99999 -0.02 0 0 0 0 0 0 0 0 0
0000400080000000 0000000000000000 bits31_46 0 0 249 32.00042 0.43 0 0 0 0 0 0 0 0 0
0000800080000000 0000000000000000 bits31_47 0 0 259 32.00137 1.40 0 0 0 0 0 0 0 0 0
0001000080000000 0000000000000000 bits31_48 0 0 307 31.99939 -0.62 0 0 0 0 0 0 0 0 0
0002000080000000 0000000000000000 bits31_49 0 0 282 31.99974 -0.26 0 0 0 0 0 0 0 0 0
0004000080000000 0000000000000000 bits31_50 0 0 245 32.00129 1.32 0 0 0 0 0 0 0 0 0
0008000080000000 0000000000000000 bits31_51 0 0 253 31.99963 -0.38 0 0 0 0 0 0 0 0 0
0010000080000000 0000000000000000 bits31_52 0 0 260 32.00063 0.65 0 0 0 0 0 0 0 0 0
0020000080000000 0000000000000000 bits31_53 0 0 281 32.00049 0.50 0 0 0 0 0 0 0 0 0
0040000080000000 0000000000000000 bits31_54 0 0 260 32.00120 1.23 0 0 0 0 0 0 0 0 0
0080000080000000 0000000000000000 bits31_55 0 0 257 32.00017 0.17 0 0 0 0 0 0 0 0 0
0100000080000000 0000000000000000 bits31_56 0 0 271 32.00173 1.77 0 0 0 0 0 0 0 0 0
0200000080000000 0000000000000000 bits31_57 0 0 241 32.00019 0.19 0 0 0 0 0 0 0 0 0
0400000080000000 0000000000000000 bits31_58 0 0 265 32.00150 1.53 0 0 0 0 0 0 0 0 0
0800000080000000 0000000000000000 bits31_59 0 0 255 31.99967 -0.34 0 0 0 0 0 0 0 0 0
1000000080000000 0000000000000000 bits31_60 0 0 248 31.99992 -0.08 0 0 0 0 0 0 0 0 0
2000000080000000 0000000000000000 bits31_61 0 0 251 32.00114 1.17 0 0 0 0 0 0 0 0 0
4000000080000000 0000000000000000 bits31_62 0 0 248 31.99946 -0.55 0 0 0 0 0 0 0 0 0
8000000080000000 0000000000000000 bits31_63 0 0 303 31.99972 -0.29 0 0 0 0 0 0 0 0 0
0000000300000000 0000000000000000 bits32_33 0 0 259 32.00175 1.79 0 0 0 0 0 0 0 0 0
0000000500000000 0000000000000000 bits32_34 0 0 266 31.99963 -0.38 0 0 0 0 0 0 0 0 0
0000000900000000 0000000000000000 bits32_35 0 0 240 32.00020 0.20 0 0 0 0 0 0 0 0 0
0000001100000000 0000000000000000 bits32_36 0 0 277 31.99877 -1.26 0 0 0 0 0 0 0 0 0
0000002100000000 0000000000000000 bits32_37 0 0 255 31.99739 -2.68 0 0 0 0 0 0 0 0 0
0000004100000000 0000000000000000 bits32_38 0 0 266 31.99915 -0.87 0 0 0 0 0 0 0 0 0
0000008100000000 0000000000000000 bits32_39 0 0 279 32.00001 0.01 0 0 0 0 0 0 0 0 0
0000010100000000 0000000000000000 bits32_40 0 0 274 32.00074 0.76 0 0 0 0 0 0 0 0 0
0000020100000000 0000000000000000 bits32_41 0 0 212 32.00056 0.58 0 0 0 0 0 0 0 0 0
0000040100000000 0000000000000000 bits32_42 0 0 235 31.99997 -0.03 0 0 0 0 0 0 0 0 0
0000080100000000 0000000000000000 bits32_43 0 0 258 32.00022 0.22 0 0 0 0 0 0 0 0 0
0000100100000000 0000000000000000 bits32_44 0 0 269 32.00102 1.04 0 0 0 0 0 0 0 0 0
0000200100000000 0000000000000000 bits32_45 0 0 224 32.00052 0.53 0 0 0 0 0 0 0 0 0
0000400100000000 0000000000000000 bits32_46 0 0 269 32.00159 1.62 0 0 0 0 0 0 0 0 0
0000800100000000 0000000000000000 bits32_47 0 0 257 31.99972 -0.29 0 0 0 0 0 0 0 0 0
0001000100000000 0000000000000000 bits32_48 0 0 253 31.99977 -0.23 0 0 0 0 0 0 0 0 0
0002000100000000 0000000000000000 bits32_49 0 0 225 32.00049 0.50 0 0 0 0 0 0 0 0 0
0004000100000000 0000000000000000 bits32_50 0 0 246 31.99966 -0.35 0 0 0 0 0 0 0 0 0
0008000100000000 0000000000000000 bits32_51 0 0 241 31.99857 -1.46 0 0 0 0 0 0 0 0 0
0010000100000000 0000000000000000 bits32_52 0 0 233 31.99841 -1.62 0 0 0 0 0 0 0 0 0
0020000100000000 0000000000000000 bits32_53 0 0 248 31.99842 -1.62 0 0 0 0 0 0 0 0 0
0040000100000000 0000000000000000 bits32_54 0 0 251 32.00138 1.42 0 0 0 0 0 0 0 0 0
0080000100000000 0000000000000000 bits32_55 0 0 257 31.99962 -0.39 0 0 0 0 0 0 0 0 0
