# variant=12 W=2 log2keys=22 seed=4647 mode=R N=4194304
# d0 d1 name coll low32 low16 meanpop z hist0..8
0004000000000000 0000000000000008 bits50_67 0 0 67 31.99721 -1.43 0 0 0 0 0 0 0 0 0
0004000000000000 0000000000000010 bits50_68 0 0 59 31.99998 -0.01 0 0 0 0 0 0 0 0 0
0004000000000000 0000000000000020 bits50_69 0 0 57 32.00002 0.01 0 0 0 0 0 0 0 0 0
0004000000000000 0000000000000040 bits50_70 0 0 54 31.99851 -0.76 0 0 0 0 0 0 0 0 0
0004000000000000 0000000000000080 bits50_71 0 0 67 31.99907 -0.47 0 0 0 0 0 0 0 0 0
0004000000000000 0000000000000100 bits50_72 0 0 68 32.00203 1.04 0 0 0 0 0 0 0 0 0
0004000000000000 0000000000000200 bits50_73 0 0 61 32.00356 1.82 0 0 0 0 0 0 0 0 0
0004000000000000 0000000000000400 bits50_74 0 0 60 31.99776 -1.15 0 0 0 0 0 0 0 0 0
0004000000000000 0000000000000800 bits50_75 0 0 68 32.00328 1.68 0 0 0 0 0 0 0 0 0
0004000000000000 0000000000001000 bits50_76 0 0 49 32.00186 0.95 0 0 0 0 0 0 0 0 0
0004000000000000 0000000000002000 bits50_77 0 0 79 31.99813 -0.96 0 0 0 0 0 0 0 0 0
0004000000000000 0000000000004000 bits50_78 0 0 66 31.99824 -0.90 0 0 0 0 0 0 0 0 0
0004000000000000 0000000000008000 bits50_79 0 0 60 32.00067 0.34 0 0 0 0 0 0 0 0 0
0004000000000000 0000000000010000 bits50_80 0 0 64 32.00264 1.35 0 0 0 0 0 0 0 0 0
0004000000000000 0000000000020000 bits50_81 0 0 76 31.99699 -1.54 0 0 0 0 0 0 0 0 0
0004000000000000 0000000000040000 bits50_82 0 0 75 32.00216 1.11 0 0 0 0 0 0 0 0 0
0004000000000000 0000000000080000 bits50_83 0 0 55 31.99990 -0.05 0 0 0 0 0 0 0 0 0
0004000000000000 0000000000100000 bits50_84 0 0 68 32.00119 0.61 0 0 0 0 0 0 0 0 0
0004000000000000 0000000000200000 bits50_85 0 0 49 32.00180 0.92 0 0 0 0 0 0 0 0 0
0004000000000000 0000000000400000 bits50_86 0 0 48 31.99886 -0.59 0 0 0 0 0 0 0 0 0
0004000000000000 0000000000800000 bits50_87 0 0 69 31.99930 -0.36 0 0 0 0 0 0 0 0 0
0004000000000000 0000000001000000 bits50_88 0 0 58 32.00170 0.87 0 0 0 0 0 0 0 0 0
0004000000000000 0000000002000000 bits50_89 0 0 61 31.99442 -2.86 0 0 0 0 0 0 0 0 0
0004000000000000 0000000004000000 bits50_90 0 0 65 32.00249 1.27 0 0 0 0 0 0 0 0 0
0004000000000000 0000000008000000 bits50_91 0 0 68 32.00056 0.29 0 0 0 0 0 0 0 0 0
0004000000000000 0000000010000000 bits50_92 0 0 68 32.00153 0.78 0 0 0 0 0 0 0 0 0
0004000000000000 0000000020000000 bits50_93 0 0 63 31.99799 -1.03 0 0 0 0 0 0 0 0 0
0004000000000000 0000000040000000 bits50_94 0 0 55 31.99826 -0.89 0 0 0 0 0 0 0 0 0
0004000000000000 0000000080000000 bits50_95 0 0 77 31.99669 -1.70 0 0 0 0 0 0 0 0 0
0004000000000000 0000000100000000 bits50_96 0 0 57 32.00131 0.67 0 0 0 0 0 0 0 0 0
0004000000000000 0000000200000000 bits50_97 0 0 80 31.99721 -1.43 0 0 0 0 0 0 0 0 0
0004000000000000 0000000400000000 bits50_98 0 0 65 31.99771 -1.17 0 0 0 0 0 0 0 0 0
0004000000000000 0000000800000000 bits50_99 0 0 74 31.99900 -0.51 0 0 0 0 0 0 0 0 0
0004000000000000 0000001000000000 bits50_100 0 0 64 31.99979 -0.11 0 0 0 0 0 0 0 0 0
0004000000000000 0000002000000000 bits50_101 0 0 67 32.00133 0.68 0 0 0 0 0 0 0 0 0
0004000000000000 0000004000000000 bits50_102 0 0 69 31.99846 -0.79 0 0 0 0 0 0 0 0 0
0004000000000000 0000008000000000 bits50_103 0 0 68 31.99959 -0.21 0 0 0 0 0 0 0 0 0
0004000000000000 0000010000000000 bits50_104 0 0 50 31.99960 -0.20 0 0 0 0 0 0 0 0 0
0004000000000000 0000020000000000 bits50_105 0 0 48 32.00391 2.00 0 0 0 0 0 0 0 0 0
0004000000000000 0000040000000000 bits50_106 0 0 57 32.00064 0.33 0 0 0 0 0 0 0 0 0
0004000000000000 0000080000000000 bits50_107 0 0 43 31.99775 -1.15 0 0 0 0 0 0 0 0 0
0004000000000000 0000100000000000 bits50_108 0 0 60 32.00076 0.39 0 0 0 0 0 0 0 0 0
0004000000000000 0000200000000000 bits50_109 0 0 57 31.99826 -0.89 0 0 0 0 0 0 0 0 0
0004000000000000 0000400000000000 bits50_110 0 0 60 31.99881 -0.61 0 0 0 0 0 0 0 0 0
0004000000000000 0000800000000000 bits50_111 0 0 62 32.00039 0.20 0 0 0 0 0 0 0 0 0
0004000000000000 0001000000000000 bits50_112 0 0 60 31.99766 -1.20 0 0 0 0 0 0 0 0 0
0004000000000000 0002000000000000 bits50_113 0 0 67 32.00227 1.16 0 0 0 0 0 0 0 0 0
0004000000000000 0004000000000000 bits50_114 0 0 66 32.00090 0.46 0 0 0 0 0 0 0 0 0
0004000000000000 0008000000000000 bits50_115 0 0 65 32.00145 0.74 0 0 0 0 0 0 0 0 0
0004000000000000 0010000000000000 bits50_116 0 0 67 31.99837 -0.83 0 0 0 0 0 0 0 0 0
0004000000000000 0020000000000000 bits50_117 0 0 62 32.00173 0.89 0 0 0 0 0 0 0 0 0
0004000000000000 0040000000000000 bits50_118 0 0 57 32.00009 0.05 0 0 0 0 0 0 0 0 0
0004000000000000 0080000000000000 bits50_119 0 0 61 32.00117 0.60 0 0 0 0 0 0 0 0 0
0004000000000000 0100000000000000 bits50_120 0 0 69 31.99887 -0.58 0 0 0 0 0 0 0 0 0
0004000000000000 0200000000000000 bits50_121 0 0 46 32.00125 0.64 0 0 0 0 0 0 0 0 0
0004000000000000 0400000000000000 bits50_122 0 0 54 32.00051 0.26 0 0 0 0 0 0 0 0 0
0004000000000000 0800000000000000 bits50_123 0 0 66 32.00144 0.74 0 0 0 0 0 0 0 0 0
0004000000000000 1000000000000000 bits50_124 0 0 58 31.99901 -0.51 0 0 0 0 0 0 0 0 0
0004000000000000 2000000000000000 bits50_125 0 0 63 31.99939 -0.31 0 0 0 0 0 0 0 0 0
0004000000000000 4000000000000000 bits50_126 0 0 65 31.99955 -0.23 0 0 0 0 0 0 0 0 0
0004000000000000 8000000000000000 bits50_127 0 0 62 32.00001 0.01 0 0 0 0 0 0 0 0 0
0018000000000000 0000000000000000 bits51_52 0 0 62 31.99375 -3.20 0 0 0 0 0 0 0 0 0
0028000000000000 0000000000000000 bits51_53 0 0 75 32.00363 1.86 0 0 0 0 0 0 0 0 0
0048000000000000 0000000000000000 bits51_54 0 0 68 31.99940 -0.31 0 0 0 0 0 0 0 0 0
0088000000000000 0000000000000000 bits51_55 0 0 68 31.99782 -1.12 0 0 0 0 0 0 0 0 0
0108000000000000 0000000000000000 bits51_56 0 0 66 31.99858 -0.73 0 0 0 0 0 0 0 0 0
0208000000000000 0000000000000000 bits51_57 0 0 69 31.99831 -0.86 0 0 0 0 0 0 0 0 0
0408000000000000 0000000000000000 bits51_58 0 0 60 31.99987 -0.07 0 0 0 0 0 0 0 0 0
0808000000000000 0000000000000000 bits51_59 0 0 59 31.99853 -0.75 0 0 0 0 0 0 0 0 0
1008000000000000 0000000000000000 bits51_60 0 0 61 31.99783 -1.11 0 0 0 0 0 0 0 0 0
2008000000000000 0000000000000000 bits51_61 0 0 69 32.00100 0.51 0 0 0 0 0 0 0 0 0
4008000000000000 0000000000000000 bits51_62 0 0 71 31.99871 -0.66 0 0 0 0 0 0 0 0 0
8008000000000000 0000000000000000 bits51_63 0 0 55 32.00164 0.84 0 0 0 0 0 0 0 0 0
0008000000000000 0000000000000001 bits51_64 0 0 64 31.99618 -1.96 0 0 0 0 0 0 0 0 0
0008000000000000 0000000000000002 bits51_65 0 0 61 31.99786 -1.10 0 0 0 0 0 0 0 0 0
0008000000000000 0000000000000004 bits51_66 0 0 67 31.99729 -1.39 0 0 0 0 0 0 0 0 0
0008000000000000 0000000000000008 bits51_67 0 0 61 31.99792 -1.06 0 0 0 0 0 0 0 0 0
0008000000000000 0000000000000010 bits51_68 0 0 57 32.00113 0.58 0 0 0 0 0 0 0 0 0
0008000000000000 0000000000000020 bits51_69 0 0 56 32.00297 1.52 0 0 0 0 0 0 0 0 0
0008000000000000 0000000000000040 bits51_70 0 0 69 31.99891 -0.56 0 0 0 0 0 0 0 0 0
0008000000000000 0000000000000080 bits51_71 0 0 73 31.99562 -2.24 0 0 0 0 0 0 0 0 0
0008000000000000 0000000000000100 bits51_72 0 0 66 31.99871 -0.66 0 0 0 0 0 0 0 0 0
0008000000000000 0000000000000200 bits51_73 0 0 65 32.00095 0.49 0 0 0 0 0 0 0 0 0
0008000000000000 0000000000000400 bits51_74 0 0 47 32.00003 0.01 0 0 0 0 0 0 0 0 0
0008000000000000 0000000000000800 bits51_75 0 0 61 31.99792 -1.07 0 0 0 0 0 0 0 0 0
0008000000000000 0000000000001000 bits51_76 0 0 52 32.00242 1.24 0 0 0 0 0 0 0 0 0
0008000000000000 0000000000002000 bits51_77 0 0 69 31.99853 -0.75 0 0 0 0 0 0 0 0 0
0008000000000000 0000000000004000 bits51_78 0 0 66 31.99766 -1.20 0 0 0 0 0 0 0 0 0
0008000000000000 0000000000008000 bits51_79 0 0 62 32.00131 0.67 0 0 0 0 0 0 0 0 0
0008000000000000 0000000000010000 bits51_80 0 0 73 32.00223 1.14 0 0 0 0 0 0 0 0 0
0008000000000000 0000000000020000 bits51_81 0 0 57 32.00103 0.53 0 0 0 0 0 0 0 0 0
0008000000000000 0000000000040000 bits51_82 0 0 66 32.00228 1.17 0 0 0 0 0 0 0 0 0
0008000000000000 0000000000080000 bits51_83 0 0 58 31.99930 -0.36 0 0 0 0 0 0 0 0 0
0008000000000000 0000000000100000 bits51_84 0 0 70 31.99885 -0.59 0 0 0 0 0 0 0 0 0
0008000000000000 0000000000200000 bits51_85 0 0 76 32.00128 0.65 0 0 0 0 0 0 0 0 0
0008000000000000 0000000000400000 bits51_86 0 0 62 31.99590 -2.10 0 0 0 0 0 0 0 0 0
0008000000000000 0000000000800000 bits51_87 0 0 58 31.99828 -0.88 0 0 0 0 0 0 0 0 0
0008000000000000 0000000001000000 bits51_88 0 0 52 32.00058 0.30 0 0 0 0 0 0 0 0 0
0008000000000000 0000000002000000 bits51_89 0 0 52 31.99946 -0.28 0 0 0 0 0 0 0 0 0
0008000000000000 0000000004000000 bits51_90 0 0 68 31.99919 -0.42 0 0 0 0 0 0 0 0 0
0008000000000000 0000000008000000 bits51_91 0 0 50 31.99934 -0.34 0 0 0 0 0 0 0 0 0
0008000000000000 0000000010000000 bits51_92 0 0 68 32.00299 1.53 0 0 0 0 0 0 0 0 0
0008000000000000 0000000020000000 bits51_93 0 0 62 31.99839 -0.82 0 0 0 0 0 0 0 0 0
0008000000000000 0000000040000000 bits51_94 0 0 58 32.00048 0.24 0 0 0 0 0 0 0 0 0
0008000000000000 0000000080000000 bits51_95 0 0 65 31.99820 -0.92 0 0 0 0 0 0 0 0 0
0008000000000000 0000000100000000 bits51_96 0 0 51 31.99983 -0.09 0 0 0 0 0 0 0 0 0
0008000000000000 0000000200000000 bits51_97 0 0 60 31.99849 -0.77 0 0 0 0 0 0 0 0 0
0008000000000000 0000000400000000 bits51_98 0 0 78 32.00156 0.80 0 0 0 0 0 0 0 0 0
0008000000000000 0000000800000000 bits51_99 0 0 52 31.99646 -1.81 0 0 0 0 0 0 0 0 0
0008000000000000 0000001000000000 bits51_100 0 0 62 32.00177 0.91 0 0 0 0 0 0 0 0 0
0008000000000000 0000002000000000 bits51_101 0 0 61 32.00302 1.55 0 0 0 0 0 0 0 0 0
0008000000000000 0000004000000000 bits51_102 0 0 87 32.00082 0.42 0 0 0 0 0 0 0 0 0
0008000000000000 0000008000000000 bits51_103 0 0 68 32.00219 1.12 0 0 0 0 0 0 0 0 0
0008000000000000 0000010000000000 bits51_104 0 0 70 31.99941 -0.30 0 0 0 0 0 0 0 0 0
0008000000000000 0000020000000000 bits51_105 0 0 60 32.00170 0.87 0 0 0 0 0 0 0 0 0
0008000000000000 0000040000000000 bits51_106 0 0 58 32.00091 0.46 0 0 0 0 0 0 0 0 0
0008000000000000 0000080000000000 bits51_107 0 0 55 32.00012 0.06 0 0 0 0 0 0 0 0 0
0008000000000000 0000100000000000 bits51_108 0 0 66 32.00147 0.75 0 0 0 0 0 0 0 0 0
0008000000000000 0000200000000000 bits51_109 0 0 65 31.99987 -0.07 0 0 0 0 0 0 0 0 0
0008000000000000 0000400000000000 bits51_110 0 0 77 32.00176 0.90 0 0 0 0 0 0 0 0 0
0008000000000000 0000800000000000 bits51_111 0 0 57 32.00005 0.03 0 0 0 0 0 0 0 0 0
0008000000000000 0001000000000000 bits51_112 0 0 58 32.00092 0.47 0 0 0 0 0 0 0 0 0
0008000000000000 0002000000000000 bits51_113 0 0 70 31.99660 -1.74 0 0 0 0 0 0 0 0 0
0008000000000000 0004000000000000 bits51_114 0 0 46 32.00252 1.29 0 0 0 0 0 0 0 0 0
0008000000000000 0008000000000000 bits51_115 0 0 66 31.99735 -1.36 0 0 0 0 0 0 0 0 0
0008000000000000 0010000000000000 bits51_116 0 0 67 32.00082 0.42 0 0 0 0 0 0 0 0 0
0008000000000000 0020000000000000 bits51_117 0 0 72 31.99703 -1.52 0 0 0 0 0 0 0 0 0
0008000000000000 0040000000000000 bits51_118 0 0 70 31.99885 -0.59 0 0 0 0 0 0 0 0 0
0008000000000000 0080000000000000 bits51_119 0 0 68 32.00161 0.82 0 0 0 0 0 0 0 0 0
0008000000000000 0100000000000000 bits51_120 0 0 65 32.00161 0.82 0 0 0 0 0 0 0 0 0
0008000000000000 0200000000000000 bits51_121 0 0 53 32.00082 0.42 0 0 0 0 0 0 0 0 0
0008000000000000 0400000000000000 bits51_122 0 0 69 31.99971 -0.15 0 0 0 0 0 0 0 0 0
0008000000000000 0800000000000000 bits51_123 0 0 63 31.99843 -0.80 0 0 0 0 0 0 0 0 0
0008000000000000 1000000000000000 bits51_124 0 0 73 32.00666 3.41 0 0 0 0 0 0 0 0 0
0008000000000000 2000000000000000 bits51_125 0 0 61 31.99641 -1.84 0 0 0 0 0 0 0 0 0
0008000000000000 4000000000000000 bits51_126 0 0 63 32.00010 0.05 0 0 0 0 0 0 0 0 0
0008000000000000 8000000000000000 bits51_127 0 0 61 31.99876 -0.63 0 0 0 0 0 0 0 0 0
0030000000000000 0000000000000000 bits52_53 0 0 74 32.00160 0.82 0 0 0 0 0 0 0 0 0
0050000000000000 0000000000000000 bits52_54 0 0 61 32.00167 0.85 0 0 0 0 0 0 0 0 0
0090000000000000 0000000000000000 bits52_55 0 0 67 32.00210 1.08 0 0 0 0 0 0 0 0 0
0110000000000000 0000000000000000 bits52_56 0 0 62 31.99789 -1.08 0 0 0 0 0 0 0 0 0
0210000000000000 0000000000000000 bits52_57 0 0 61 32.00153 0.78 0 0 0 0 0 0 0 0 0
0410000000000000 0000000000000000 bits52_58 0 0 49 31.99970 -0.16 0 0 0 0 0 0 0 0 0
0810000000000000 0000000000000000 bits52_59 0 0 61 32.00062 0.32 0 0 0 0 0 0 0 0 0
1010000000000000 0000000000000000 bits52_60 0 0 70 31.99909 -0.47 0 0 0 0 0 0 0 0 0
2010000000000000 0000000000000000 bits52_61 0 0 60 32.00069 0.35 0 0 0 0 0 0 0 0 0
4010000000000000 0000000000000000 bits52_62 0 0 59 31.99925 -0.38 0 0 0 0 0 0 0 0 0
8010000000000000 0000000000000000 bits52_63 0 0 70 32.00154 0.79 0 0 0 0 0 0 0 0 0
0010000000000000 0000000000000001 bits52_64 0 0 57 32.00006 0.03 0 0 0 0 0 0 0 0 0
0010000000000000 0000000000000002 bits52_65 0 0 67 31.99816 -0.94 0 0 0 0 0 0 0 0 0
0010000000000000 0000000000000004 bits52_66 0 0 66 31.99726 -1.41 0 0 0 0 0 0 0 0 0
0010000000000000 0000000000000008 bits52_67 0 0 66 31.99750 -1.28 0 0 0 0 0 0 0 0 0
0010000000000000 0000000000000010 bits52_68 0 0 62 31.99430 -2.92 0 0 0 0 0 0 0 0 0
0010000000000000 0000000000000020 bits52_69 0 0 83 32.00040 0.20 0 0 0 0 0 0 0 0 0
0010000000000000 0000000000000040 bits52_70 0 0 61 32.00304 1.55 0 0 0 0 0 0 0 0 0
0010000000000000 0000000000000080 bits52_71 0 0 59 31.99788 -1.08 0 0 0 0 0 0 0 0 0
0010000000000000 0000000000000100 bits52_72 0 0 58 31.99979 -0.11 0 0 0 0 0 0 0 0 0
0010000000000000 0000000000000200 bits52_73 0 0 55 32.00222 1.14 0 0 0 0 0 0 0 0 0
0010000000000000 0000000000000400 bits52_74 0 0 66 31.99806 -0.99 0 0 0 0 0 0 0 0 0
0010000000000000 0000000000000800 bits52_75 0 0 67 31.99836 -0.84 0 0 0 0 0 0 0 0 0
0010000000000000 0000000000001000 bits52_76 0 0 71 31.99996 -0.02 0 0 0 0 0 0 0 0 0
0010000000000000 0000000000002000 bits52_77 0 0 71 32.00219 1.12 0 0 0 0 0 0 0 0 0
0010000000000000 0000000000004000 bits52_78 0 0 57 31.99689 -1.59 0 0 0 0 0 0 0 0 0
0010000000000000 0000000000008000 bits52_79 0 0 69 31.99791 -1.07 0 0 0 0 0 0 0 0 0
0010000000000000 0000000000010000 bits52_80 0 0 81 31.99925 -0.38 0 0 0 0 0 0 0 0 0
0010000000000000 0000000000020000 bits52_81 0 0 64 31.99851 -0.76 0 0 0 0 0 0 0 0 0
0010000000000000 0000000000040000 bits52_82 0 0 61 31.99880 -0.61 0 0 0 0 0 0 0 0 0
0010000000000000 0000000000080000 bits52_83 0 0 73 31.99653 -1.77 0 0 0 0 0 0 0 0 0
0010000000000000 0000000000100000 bits52_84 0 0 60 31.99529 -2.41 0 0 0 0 0 0 0 0 0
0010000000000000 0000000000200000 bits52_85 0 0 56 31.99521 -2.45 0 0 0 0 0 0 0 0 0
0010000000000000 0000000000400000 bits52_86 0 0 57 31.99927 -0.37 0 0 0 0 0 0 0 0 0
0010000000000000 0000000000800000 bits52_87 0 0 59 32.00027 0.14 0 0 0 0 0 0 0 0 0
0010000000000000 0000000001000000 bits52_88 0 0 81 32.00073 0.38 0 0 0 0 0 0 0 0 0
0010000000000000 0000000002000000 bits52_89 0 0 68 31.99775 -1.15 0 0 0 0 0 0 0 0 0
0010000000000000 0000000004000000 bits52_90 0 0 74 31.99958 -0.22 0 0 0 0 0 0 0 0 0
0010000000000000 0000000008000000 bits52_91 0 0 60 32.00209 1.07 0 0 0 0 0 0 0 0 0
0010000000000000 0000000010000000 bits52_92 0 0 51 32.00238 1.22 0 0 0 0 0 0 0 0 0
0010000000000000 0000000020000000 bits52_93 0 0 69 31.99872 -0.66 0 0 0 0 0 0 0 0 0
0010000000000000 0000000040000000 bits52_94 0 0 60 31.99836 -0.84 0 0 0 0 0 0 0 0 0
0010000000000000 0000000080000000 bits52_95 0 0 76 32.00128 0.66 0 0 0 0 0 0 0 0 0
0010000000000000 0000000100000000 bits52_96 0 0 60 31.99948 -0.27 0 0 0 0 0 0 0 0 0
0010000000000000 0000000200000000 bits52_97 0 0 55 32.00011 0.05 0 0 0 0 0 0 0 0 0
0010000000000000 0000000400000000 bits52_98 0 0 76 31.99608 -2.01 0 0 0 0 0 0 0 0 0
0010000000000000 0000000800000000 bits52_99 0 0 62 32.00028 0.14 0 0 0 0 0 0 0 0 0
0010000000000000 0000001000000000 bits52_100 0 0 76 31.99971 -0.15 0 0 0 0 0 0 0 0 0
0010000000000000 0000002000000000 bits52_101 0 0 63 31.99593 -2.08 0 0 0 0 0 0 0 0 0
0010000000000000 0000004000000000 bits52_102 0 0 71 32.00062 0.32 0 0 0 0 0 0 0 0 0
0010000000000000 0000008000000000 bits52_103 0 0 76 31.99885 -0.59 0 0 0 0 0 0 0 0 0
0010000000000000 0000010000000000 bits52_104 0 0 57 32.00307 1.57 0 0 0 0 0 0 0 0 0
0010000000000000 0000020000000000 bits52_105 0 0 64 32.00045 0.23 0 0 0 0 0 0 0 0 0
0010000000000000 0000040000000000 bits52_106 0 0 58 32.00028 0.14 0 0 0 0 0 0 0 0 0
0010000000000000 0000080000000000 bits52_107 0 0 71 32.00299 1.53 0 0 0 0 0 0 0 0 0
0010000000000000 0000100000000000 bits52_108 0 0 64 31.99668 -1.70 0 0 0 0 0 0 0 0 0
0010000000000000 0000200000000000 bits52_109 0 0 70 31.99577 -2.17 0 0 0 0 0 0 0 0 0
0010000000000000 0000400000000000 bits52_110 0 0 69 31.99961 -0.20 0 0 0 0 0 0 0 0 0
0010000000000000 0000800000000000 bits52_111 0 0 81 31.99900 -0.51 0 0 0 0 0 0 0 0 0
0010000000000000 0001000000000000 bits52_112 0 0 74 31.99993 -0.03 0 0 0 0 0 0 0 0 0
0010000000000000 0002000000000000 bits52_113 0 0 68 31.99764 -1.21 0 0 0 0 0 0 0 0 0
0010000000000000 0004000000000000 bits52_114 0 0 62 32.00283 1.45 0 0 0 0 0 0 0 0 0
0010000000000000 0008000000000000 bits52_115 0 0 73 32.00044 0.23 0 0 0 0 0 0 0 0 0
0010000000000000 0010000000000000 bits52_116 0 0 65 32.00277 1.42 0 0 0 0 0 0 0 0 0
0010000000000000 0020000000000000 bits52_117 0 0 51 32.00004 0.02 0 0 0 0 0 0 0 0 0
0010000000000000 0040000000000000 bits52_118 0 0 81 31.99862 -0.71 0 0 0 0 0 0 0 0 0
0010000000000000 0080000000000000 bits52_119 0 0 59 31.99858 -0.73 0 0 0 0 0 0 0 0 0
0010000000000000 0100000000000000 bits52_120 0 0 65 31.99642 -1.83 0 0 0 0 0 0 0 0 0
0010000000000000 0200000000000000 bits52_121 0 0 59 32.00101 0.52 0 0 0 0 0 0 0 0 0
0010000000000000 0400000000000000 bits52_122 0 0 77 31.99551 -2.30 0 0 0 0 0 0 0 0 0
0010000000000000 0800000000000000 bits52_123 0 0 65 31.99996 -0.02 0 0 0 0 0 0 0 0 0
0010000000000000 1000000000000000 bits52_124 0 0 60 31.99840 -0.82 0 0 0 0 0 0 0 0 0
0010000000000000 2000000000000000 bits52_125 0 0 64 32.00028 0.15 0 0 0 0 0 0 0 0 0
0010000000000000 4000000000000000 bits52_126 0 0 57 32.00067 0.34 0 0 0 0 0 0 0 0 0
0010000000000000 8000000000000000 bits52_127 0 0 71 31.99990 -0.05 0 0 0 0 0 0 0 0 0
0060000000000000 0000000000000000 bits53_54 0 0 49 32.00323 1.65 0 0 0 0 0 0 0 0 0
00a0000000000000 0000000000000000 bits53_55 0 0 75 32.00110 0.56 0 0 0 0 0 0 0 0 0
0120000000000000 0000000000000000 bits53_56 0 0 53 32.00235 1.20 0 0 0 0 0 0 0 0 0
0220000000000000 0000000000000000 bits53_57 0 0 61 32.00253 1.30 0 0 0 0 0 0 0 0 0
0420000000000000 0000000000000000 bits53_58 0 0 78 31.99995 -0.02 0 0 0 0 0 0 0 0 0
0820000000000000 0000000000000000 bits53_59 0 0 70 31.99902 -0.50 0 0 0 0 0 0 0 0 0
1020000000000000 0000000000000000 bits53_60 0 0 58 31.99443 -2.85 0 0 0 0 0 0 0 0 0
2020000000000000 0000000000000000 bits53_61 0 0 58 31.99930 -0.36 0 0 0 0 0 0 0 0 0
4020000000000000 0000000000000000 bits53_62 0 0 64 32.00041 0.21 0 0 0 0 0 0 0 0 0
8020000000000000 0000000000000000 bits53_63 0 0 60 32.00263 1.34 0 0 0 0 0 0 0 0 0
0020000000000000 0000000000000001 bits53_64 0 0 60 32.00007 0.04 0 0 0 0 0 0 0 0 0
0020000000000000 0000000000000002 bits53_65 0 0 70 31.99933 -0.34 0 0 0 0 0 0 0 0 0
0020000000000000 0000000000000004 bits53_66 0 0 64 31.99666 -1.71 0 0 0 0 0 0 0 0 0
0020000000000000 0000000000000008 bits53_67 0 0 60 31.99974 -0.13 0 0 0 0 0 0 0 0 0
0020000000000000 0000000000000010 bits53_68 0 0 68 32.00155 0.79 0 0 0 0 0 0 0 0 0
0020000000000000 0000000000000020 bits53_69 0 0 48 31.99868 -0.68 0 0 0 0 0 0 0 0 0
0020000000000000 0000000000000040 bits53_70 0 0 61 31.99739 -1.34 0 0 0 0 0 0 0 0 0
0020000000000000 0000000000000080 bits53_71 0 0 50 32.00392 2.00 0 0 0 0 0 0 0 0 0
0020000000000000 0000000000000100 bits53_72 0 0 66 32.00174 0.89 0 0 0 0 0 0 0 0 0
0020000000000000 0000000000000200 bits53_73 0 0 68 32.00202 1.03 0 0 0 0 0 0 0 0 0
0020000000000000 0000000000000400 bits53_74 0 0 64 32.00036 0.18 0 0 0 0 0 0 0 0 0
0020000000000000 0000000000000800 bits53_75 0 0 65 31.99706 -1.51 0 0 0 0 0 0 0 0 0
0020000000000000 0000000000001000 bits53_76 0 0 67 32.00182 0.93 0 0 0 0 0 0 0 0 0
0020000000000000 0000000000002000 bits53_77 0 0 57 32.00220 1.13 0 0 0 0 0 0 0 0 0
0020000000000000 0000000000004000 bits53_78 0 0 62 31.99974 -0.13 0 0 0 0 0 0 0 0 0
0020000000000000 0000000000008000 bits53_79 0 0 61 32.00055 0.28 0 0 0 0 0 0 0 0 0
0020000000000000 0000000000010000 bits53_80 0 0 72 31.99700 -1.54 0 0 0 0 0 0 0 0 0
0020000000000000 0000000000020000 bits53_81 0 0 70 32.00231 1.18 0 0 0 0 0 0 0 0 0
0020000000000000 0000000000040000 bits53_82 0 0 62 31.99770 -1.18 0 0 0 0 0 0 0 0 0
0020000000000000 0000000000080000 bits53_83 0 0 50 31.99661 -1.73 0 0 0 0 0 0 0 0 0
0020000000000000 0000000000100000 bits53_84 0 0 61 31.99867 -0.68 0 0 0 0 0 0 0 0 0
0020000000000000 0000000000200000 bits53_85 0 0 62 32.00252 1.29 0 0 0 0 0 0 0 0 0
0020000000000000 0000000000400000 bits53_86 0 0 63 32.00430 2.20 0 0 0 0 0 0 0 0 0
0020000000000000 0000000000800000 bits53_87 0 0 62 32.00165 0.84 0 0 0 0 0 0 0 0 0
0020000000000000 0000000001000000 bits53_88 0 0 58 31.99873 -0.65 0 0 0 0 0 0 0 0 0
0020000000000000 0000000002000000 bits53_89 0 0 61 32.00260 1.33 0 0 0 0 0 0 0 0 0
0020000000000000 0000000004000000 bits53_90 0 0 68 31.99970 -0.15 0 0 0 0 0 0 0 0 0
0020000000000000 0000000008000000 bits53_91 0 0 62 32.00104 0.53 0 0 0 0 0 0 0 0 0
0020000000000000 0000000010000000 bits53_92 0 0 64 32.00089 0.45 0 0 0 0 0 0 0 0 0
0020000000000000 0000000020000000 bits53_93 0 0 59 32.00150 0.77 0 0 0 0 0 0 0 0 0
0020000000000000 0000000040000000 bits53_94 0 0 69 31.99967 -0.17 0 0 0 0 0 0 0 0 0
0020000000000000 0000000080000000 bits53_95 0 0 57 32.00021 0.11 0 0 0 0 0 0 0 0 0
0020000000000000 0000000100000000 bits53_96 0 0 65 32.00147 0.75 0 0 0 0 0 0 0 0 0
0020000000000000 0000000200000000 bits53_97 0 0 66 31.99814 -0.95 0 0 0 0 0 0 0 0 0
0020000000000000 0000000400000000 bits53_98 0 0 63 31.99965 -0.18 0 0 0 0 0 0 0 0 0
0020000000000000 0000000800000000 bits53_99 0 0 62 31.99737 -1.35 0 0 0 0 0 0 0 0 0
0020000000000000 0000001000000000 bits53_100 0 0 65 31.99970 -0.15 0 0 0 0 0 0 0 0 0
0020000000000000 0000002000000000 bits53_101 0 0 69 32.00146 0.75 0 0 0 0 0 0 0 0 0
0020000000000000 0000004000000000 bits53_102 0 0 64 31.99897 -0.53 0 0 0 0 0 0 0 0 0
0020000000000000 0000008000000000 bits53_103 0 0 55 31.99688 -1.60 0 0 0 0 0 0 0 0 0
0020000000000000 0000010000000000 bits53_104 0 0 72 32.00194 0.99 0 0 0 0 0 0 0 0 0
0020000000000000 0000020000000000 bits53_105 0 0 47 32.00099 0.51 0 0 0 0 0 0 0 0 0
0020000000000000 0000040000000000 bits53_106 0 0 66 31.99716 -1.46 0 0 0 0 0 0 0 0 0
0020000000000000 0000080000000000 bits53_107 0 0 76 32.00061 0.31 0 0 0 0 0 0 0 0 0
0020000000000000 0000100000000000 bits53_108 0 0 68 31.99976 -0.12 0 0 0 0 0 0 0 0 0
0020000000000000 0000200000000000 bits53_109 0 0 55 31.99975 -0.13 0 0 0 0 0 0 0 0 0
0020000000000000 0000400000000000 bits53_110 0 0 67 32.00210 1.08 0 0 0 0 0 0 0 0 0
0020000000000000 0000800000000000 bits53_111 0 0 72 32.00005 0.02 0 0 0 0 0 0 0 0 0
0020000000000000 0001000000000000 bits53_112 0 0 62 32.00183 0.94 0 0 0 0 0 0 0 0 0
0020000000000000 0002000000000000 bits53_113 0 0 70 31.99985 -0.08 0 0 0 0 0 0 0 0 0
0020000000000000 0004000000000000 bits53_114 0 0 66 31.99863 -0.70 0 0 0 0 0 0 0 0 0
0020000000000000 0008000000000000 bits53_115 0 0 67 31.99911 -0.46 0 0 0 0 0 0 0 0 0
0020000000000000 0010000000000000 bits53_116 0 0 81 32.00206 1.05 0 0 0 0 0 0 0 0 0
0020000000000000 0020000000000000 bits53_117 0 0 67 31.99675 -1.67 0 0 0 0 0 0 0 0 0
0020000000000000 0040000000000000 bits53_118 0 0 63 31.99898 -0.52 0 0 0 0 0 0 0 0 0
0020000000000000 0080000000000000 bits53_119 0 0 79 32.00197 1.01 0 0 0 0 0 0 0 0 0
0020000000000000 0100000000000000 bits53_120 0 0 55 31.99850 -0.77 0 0 0 0 0 0 0 0 0
0020000000000000 0200000000000000 bits53_121 0 0 65 32.00032 0.16 0 0 0 0 0 0 0 0 0
0020000000000000 0400000000000000 bits53_122 0 0 56 32.00222 1.14 0 0 0 0 0 0 0 0 0
0020000000000000 0800000000000000 bits53_123 0 0 54 31.99710 -1.49 0 0 0 0 0 0 0 0 0
0020000000000000 1000000000000000 bits53_124 0 0 63 31.99725 -1.41 0 0 0 0 0 0 0 0 0
0020000000000000 2000000000000000 bits53_125 0 0 68 31.99914 -0.44 0 0 0 0 0 0 0 0 0
0020000000000000 4000000000000000 bits53_126 0 0 45 31.99853 -0.75 0 0 0 0 0 0 0 0 0
0020000000000000 8000000000000000 bits53_127 0 0 61 31.99771 -1.17 0 0 0 0 0 0 0 0 0
00c0000000000000 0000000000000000 bits54_55 0 0 59 32.00045 0.23 0 0 0 0 0 0 0 0 0
0140000000000000 0000000000000000 bits54_56 0 0 82 32.00127 0.65 0 0 0 0 0 0 0 0 0
0240000000000000 0000000000000000 bits54_57 0 0 85 32.00184 0.94 0 0 0 0 0 0 0 0 0
0440000000000000 0000000000000000 bits54_58 0 0 55 32.00300 1.53 0 0 0 0 0 0 0 0 0
0840000000000000 0000000000000000 bits54_59 0 0 56 31.99953 -0.24 0 0 0 0 0 0 0 0 0
1040000000000000 0000000000000000 bits54_60 0 0 56 32.00161 0.82 0 0 0 0 0 0 0 0 0
2040000000000000 0000000000000000 bits54_61 0 0 77 31.99925 -0.39 0 0 0 0 0 0 0 0 0
4040000000000000 0000000000000000 bits54_62 0 0 75 32.00389 1.99 0 0 0 0 0 0 0 0 0
8040000000000000 0000000000000000 bits54_63 0 0 56 32.00212 1.09 0 0 0 0 0 0 0 0 0
0040000000000000 0000000000000001 bits54_64 0 0 71 32.00032 0.16 0 0 0 0 0 0 0 0 0
0040000000000000 0000000000000002 bits54_65 0 0 63 31.99650 -1.79 0 0 0 0 0 0 0 0 0
0040000000000000 0000000000000004 bits54_66 0 0 65 32.00099 0.51 0 0 0 0 0 0 0 0 0
0040000000000000 0000000000000008 bits54_67 0 0 84 32.00031 0.16 0 0 0 0 0 0 0 0 0
0040000000000000 0000000000000010 bits54_68 0 0 69 31.99836 -0.84 0 0 0 0 0 0 0 0 0
0040000000000000 0000000000000020 bits54_69 0 0 68 31.99778 -1.13 0 0 0 0 0 0 0 0 0
0040000000000000 0000000000000040 bits54_70 0 0 56 32.00193 0.99 0 0 0 0 0 0 0 0 0
0040000000000000 0000000000000080 bits54_71 0 0 64 32.00432 2.21 0 0 0 0 0 0 0 0 0
0040000000000000 0000000000000100 bits54_72 0 0 67 31.99681 -1.63 0 0 0 0 0 0 0 0 1
0040000000000000 0000000000000200 bits54_73 0 0 66 31.99732 -1.37 0 0 0 0 0 0 0 0 0
0040000000000000 0000000000000400 bits54_74 0 0 49 31.99998 -0.01 0 0 0 0 0 0 0 0 0
0040000000000000 0000000000000800 bits54_75 0 0 58 32.00034 0.17 0 0 0 0 0 0 0 0 0
0040000000000000 0000000000001000 bits54_76 0 0 62 32.00014 0.07 0 0 0 0 0 0 0 0 0
0040000000000000 0000000000002000 bits54_77 0 0 59 32.00279 1.43 0 0 0 0 0 0 0 0 0
0040000000000000 0000000000004000 bits54_78 0 0 56 32.00063 0.32 0 0 0 0 0 0 0 0 0
0040000000000000 0000000000008000 bits54_79 0 0 64 32.00012 0.06 0 0 0 0 0 0 0 0 0
0040000000000000 0000000000010000 bits54_80 0 0 62 31.99963 -0.19 0 0 0 0 0 0 0 0 0
0040000000000000 0000000000020000 bits54_81 0 0 74 32.00249 1.28 0 0 0 0 0 0 0 0 0
0040000000000000 0000000000040000 bits54_82 0 0 75 32.00113 0.58 0 0 0 0 0 0 0 0 0
0040000000000000 0000000000080000 bits54_83 0 0 60 32.00223 1.14 0 0 0 0 0 0 0 0 0
0040000000000000 0000000000100000 bits54_84 0 0 71 31.99562 -2.24 0 0 0 0 0 0 0 0 0
0040000000000000 0000000000200000 bits54_85 0 0 55 32.00149 0.76 0 0 0 0 0 0 0 0 0
0040000000000000 0000000000400000 bits54_86 0 0 57 32.00244 1.25 0 0 0 0 0 0 0 0 0
0040000000000000 0000000000800000 bits54_87 0 0 65 32.00081 0.42 0 0 0 0 0 0 0 0 0
0040000000000000 0000000001000000 bits54_88 0 0 58 32.00039 0.20 0 0 0 0 0 0 0 0 0
0040000000000000 0000000002000000 bits54_89 0 0 77 32.00263 1.34 0 0 0 0 0 0 0 0 0
0040000000000000 0000000004000000 bits54_90 0 0 77 31.99952 -0.25 0 0 0 0 0 0 0 0 0
0040000000000000 0000000008000000 bits54_91 0 0 63 32.00284 1.45 0 0 0 0 0 0 0 0 0
0040000000000000 0000000010000000 bits54_92 0 0 74 31.99960 -0.21 0 0 0 0 0 0 0 0 0
0040000000000000 0000000020000000 bits54_93 0 0 61 31.99706 -1.51 0 0 0 0 0 0 0 0 0
0040000000000000 0000000040000000 bits54_94 0 0 51 31.99810 -0.97 0 0 0 0 0 0 0 0 0
0040000000000000 0000000080000000 bits54_95 0 0 62 32.00431 2.21 0 0 0 0 0 0 0 0 0
0040000000000000 0000000100000000 bits54_96 0 0 55 31.99915 -0.44 0 0 0 0 0 0 0 0 0
0040000000000000 0000000200000000 bits54_97 0 0 60 31.99918 -0.42 0 0 0 0 0 0 0 0 0
0040000000000000 0000000400000000 bits54_98 0 0 72 31.99791 -1.07 0 0 0 0 0 0 0 0 0
0040000000000000 0000000800000000 bits54_99 0 0 58 32.00100 0.51 0 0 0 0 0 0 0 0 0
0040000000000000 0000001000000000 bits54_100 0 0 71 32.00261 1.33 0 0 0 0 0 0 0 0 0
0040000000000000 0000002000000000 bits54_101 0 0 59 32.00091 0.47 0 0 0 0 0 0 0 0 0
0040000000000000 0000004000000000 bits54_102 0 0 60 31.99908 -0.47 0 0 0 0 0 0 0 0 0
0040000000000000 0000008000000000 bits54_103 0 0 75 31.99628 -1.91 0 0 0 0 0 0 0 0 0
0040000000000000 0000010000000000 bits54_104 0 0 71 32.00064 0.33 0 0 0 0 0 0 0 0 0
0040000000000000 0000020000000000 bits54_105 0 0 75 31.99977 -0.12 0 0 0 0 0 0 0 0 0
0040000000000000 0000040000000000 bits54_106 0 0 59 31.99888 -0.57 0 0 0 0 0 0 0 0 0
0040000000000000 0000080000000000 bits54_107 0 0 66 32.00165 0.85 0 0 0 0 0 0 0 0 0
0040000000000000 0000100000000000 bits54_108 0 0 63 31.99940 -0.30 0 0 0 0 0 0 0 0 0
0040000000000000 0000200000000000 bits54_109 0 0 64 31.99806 -0.99 0 0 0 0 0 0 0 0 0
0040000000000000 0000400000000000 bits54_110 0 0 59 31.99694 -1.57 0 0 0 0 0 0 0 0 0
0040000000000000 0000800000000000 bits54_111 0 0 74 31.99569 -2.21 0 0 0 0 0 0 0 0 0
0040000000000000 0001000000000000 bits54_112 0 0 69 31.99774 -1.16 0 0 0 0 0 0 0 0 0
0040000000000000 0002000000000000 bits54_113 0 0 49 32.00067 0.34 0 0 0 0 0 0 0 0 0
0040000000000000 0004000000000000 bits54_114 0 0 78 32.00000 0.00 0 0 0 0 0 0 0 0 0
0040000000000000 0008000000000000 bits54_115 0 0 57 32.00021 0.11 0 0 0 0 0 0 0 0 0
0040000000000000 0010000000000000 bits54_116 0 0 58 31.99753 -1.26 0 0 0 0 0 0 0 0 0
0040000000000000 0020000000000000 bits54_117 0 0 55 32.00405 2.07 0 0 0 0 0 0 0 0 0
0040000000000000 0040000000000000 bits54_118 0 0 53 32.00038 0.20 0 0 0 0 0 0 0 0 0
0040000000000000 0080000000000000 bits54_119 0 0 83 32.00105 0.54 0 0 0 0 0 0 0 0 0
0040000000000000 0100000000000000 bits54_120 0 0 63 32.00019 0.10 0 0 0 0 0 0 0 0 0
0040000000000000 0200000000000000 bits54_121 0 0 60 31.99816 -0.94 0 0 0 0 0 0 0 0 0
0040000000000000 0400000000000000 bits54_122 0 0 66 31.99967 -0.17 0 0 0 0 0 0 0 0 0
0040000000000000 0800000000000000 bits54_123 0 0 72 31.99692 -1.58 0 0 0 0 0 0 0 0 0
0040000000000000 1000000000000000 bits54_124 0 0 60 31.99907 -0.48 0 0 0 0 0 0 0 0 0
0040000000000000 2000000000000000 bits54_125 0 0 52 32.00099 0.51 0 0 0 0 0 0 0 0 0
0040000000000000 4000000000000000 bits54_126 0 0 62 31.99879 -0.62 0 0 0 0 0 0 0 0 0
0040000000000000 8000000000000000 bits54_127 0 0 68 32.00049 0.25 0 0 0 0 0 0 0 0 0
0180000000000000 0000000000000000 bits55_56 0 0 56 32.00428 2.19 0 0 0 0 0 0 0 0 0
0280000000000000 0000000000000000 bits55_57 0 0 60 31.99659 -1.74 0 0 0 0 0 0 0 0 0
0480000000000000 0000000000000000 bits55_58 0 0 61 31.99892 -0.55 0 0 0 0 0 0 0 0 0
0880000000000000 0000000000000000 bits55_59 0 0 56 32.00068 0.35 0 0 0 0 0 0 0 0 0
1080000000000000 0000000000000000 bits55_60 0 0 57 31.99916 -0.43 0 0 0 0 0 0 0 0 0
2080000000000000 0000000000000000 bits55_61 0 0 60 32.00186 0.95 0 0 0 0 0 0 0 0 0
4080000000000000 0000000000000000 bits55_62 0 0 40 31.99904 -0.49 0 0 0 0 0 0 0 0 0
8080000000000000 0000000000000000 bits55_63 0 0 47 31.99909 -0.47 0 0 0 0 0 0 0 0 0
0080000000000000 0000000000000001 bits55_64 0 0 65 32.00058 0.30 0 0 0 0 0 0 0 0 0
0080000000000000 0000000000000002 bits55_65 0 0 66 31.99948 -0.27 0 0 0 0 0 0 0 0 0
0080000000000000 0000000000000004 bits55_66 0 0 57 32.00265 1.36 0 0 0 0 0 0 0 0 0
0080000000000000 0000000000000008 bits55_67 0 0 67 32.00171 0.88 0 0 0 0 0 0 0 0 0
0080000000000000 0000000000000010 bits55_68 0 0 66 32.00011 0.06 0 0 0 0 0 0 0 0 0
0080000000000000 0000000000000020 bits55_69 0 0 66 31.99917 -0.42 0 0 0 0 0 0 0 0 0
0080000000000000 0000000000000040 bits55_70 0 0 83 31.99708 -1.50 0 0 0 0 0 0 0 0 0
0080000000000000 0000000000000080 bits55_71 0 0 62 31.99811 -0.97 0 0 0 0 0 0 0 0 0
0080000000000000 0000000000000100 bits55_72 0 0 73 31.99782 -1.12 0 0 0 0 0 0 0 0 0
0080000000000000 0000000000000200 bits55_73 0 0 64 32.00109 0.56 0 0 0 0 0 0 0 0 0
0080000000000000 0000000000000400 bits55_74 0 0 58 31.99993 -0.03 0 0 0 0 0 0 0 0 0
0080000000000000 0000000000000800 bits55_75 0 0 64 32.00306 1.57 0 0 0 0 0 0 0 0 0
0080000000000000 0000000000001000 bits55_76 0 0 65 32.00062 0.32 0 0 0 0 0 0 0 0 0
0080000000000000 0000000000002000 bits55_77 0 0 76 32.00134 0.69 0 0 0 0 0 0 0 0 0
0080000000000000 0000000000004000 bits55_78 0 0 58 31.99940 -0.31 0 0 0 0 0 0 0 0 0
0080000000000000 0000000000008000 bits55_79 0 0 74 32.00234 1.20 0 0 0 0 0 0 0 0 0
0080000000000000 0000000000010000 bits55_80 0 0 61 32.00080 0.41 0 0 0 0 0 0 0 0 0
0080000000000000 0000000000020000 bits55_81 0 0 69 31.99769 -1.18 0 0 0 0 0 0 0 0 0
0080000000000000 0000000000040000 bits55_82 0 0 80 31.99889 -0.57 0 0 0 0 0 0 0 0 0
0080000000000000 0000000000080000 bits55_83 0 0 77 32.00127 0.65 0 0 0 0 0 0 0 0 0
0080000000000000 0000000000100000 bits55_84 0 0 59 31.99997 -0.02 0 0 0 0 0 0 0 0 0
0080000000000000 0000000000200000 bits55_85 0 0 55 31.99759 -1.23 0 0 0 0 0 0 0 0 0
0080000000000000 0000000000400000 bits55_86 0 0 64 32.00134 0.69 0 0 0 0 0 0 0 0 0
0080000000000000 0000000000800000 bits55_87 0 0 63 32.00010 0.05 0 0 0 0 0 0 0 0 0
0080000000000000 0000000001000000 bits55_88 0 0 62 32.00109 0.56 0 0 0 0 0 0 0 0 0
0080000000000000 0000000002000000 bits55_89 0 0 67 31.99934 -0.34 0 0 0 0 0 0 0 0 0
0080000000000000 0000000004000000 bits55_90 0 0 57 31.99775 -1.15 0 0 0 0 0 0 0 0 0
0080000000000000 0000000008000000 bits55_91 0 0 77 31.99803 -1.01 0 0 0 0 0 0 0 0 0
0080000000000000 0000000010000000 bits55_92 0 0 49 32.00107 0.55 0 0 0 0 0 0 0 0 0
0080000000000000 0000000020000000 bits55_93 0 0 67 31.99670 -1.69 0 0 0 0 0 0 0 0 0
0080000000000000 0000000040000000 bits55_94 0 0 58 32.00488 2.50 0 0 0 0 0 0 0 0 0
0080000000000000 0000000080000000 bits55_95 0 0 71 32.00034 0.17 0 0 0 0 0 0 0 0 0
0080000000000000 0000000100000000 bits55_96 0 0 65 31.99871 -0.66 0 0 0 0 0 0 0 0 0
0080000000000000 0000000200000000 bits55_97 0 0 74 31.99859 -0.72 0 0 0 0 0 0 0 0 0
0080000000000000 0000000400000000 bits55_98 0 0 58 32.00034 0.18 0 0 0 0 0 0 0 0 0
0080000000000000 0000000800000000 bits55_99 0 0 80 31.99961 -0.20 0 0 0 0 0 0 0 0 0
0080000000000000 0000001000000000 bits55_100 0 0 72 31.99886 -0.58 0 0 0 0 0 0 0 0 0
0080000000000000 0000002000000000 bits55_101 0 0 65 32.00044 0.23 0 0 0 0 0 0 0 0 0
0080000000000000 0000004000000000 bits55_102 0 0 61 32.00096 0.49 0 0 0 0 0 0 0 0 0
0080000000000000 0000008000000000 bits55_103 0 0 62 32.00167 0.86 0 0 0 0 0 0 0 0 0
0080000000000000 0000010000000000 bits55_104 0 0 64 32.00038 0.19 0 0 0 0 0 0 0 0 0
0080000000000000 0000020000000000 bits55_105 0 0 58 32.00046 0.23 0 0 0 0 0 0 0 0 0
0080000000000000 0000040000000000 bits55_106 0 0 65 31.99907 -0.48 0 0 0 0 0 0 0 0 0
0080000000000000 0000080000000000 bits55_107 0 0 74 31.99662 -1.73 0 0 0 0 0 0 0 0 0
0080000000000000 0000100000000000 bits55_108 0 0 59 31.99917 -0.43 0 0 0 0 0 0 0 0 0
0080000000000000 0000200000000000 bits55_109 0 0 65 32.00105 0.54 0 0 0 0 0 0 0 0 0
0080000000000000 0000400000000000 bits55_110 0 0 57 32.00070 0.36 0 0 0 0 0 0 0 0 0
0080000000000000 0000800000000000 bits55_111 0 0 58 32.00091 0.46 0 0 0 0 0 0 0 0 0
0080000000000000 0001000000000000 bits55_112 0 0 63 32.00228 1.17 0 0 0 0 0 0 0 0 0
0080000000000000 0002000000000000 bits55_113 0 0 62 32.00194 1.00 0 0 0 0 0 0 0 0 0
0080000000000000 0004000000000000 bits55_114 0 0 69 31.99952 -0.24 0 0 0 0 0 0 0 0 0
0080000000000000 0008000000000000 bits55_115 0 0 57 31.99826 -0.89 0 0 0 0 0 0 0 0 0
0080000000000000 0010000000000000 bits55_116 0 0 67 31.99678 -1.65 0 0 0 0 0 0 0 0 0
0080000000000000 0020000000000000 bits55_117 0 0 65 32.00254 1.30 0 0 0 0 0 0 0 0 0
0080000000000000 0040000000000000 bits55_118 0 0 70 31.99924 -0.39 0 0 0 0 0 0 0 0 0
0080000000000000 0080000000000000 bits55_119 0 0 56 31.99985 -0.08 0 0 0 0 0 0 0 0 0
0080000000000000 0100000000000000 bits55_120 0 0 63 31.99771 -1.17 0 0 0 0 0 0 0 0 0
0080000000000000 0200000000000000 bits55_121 0 0 63 32.00236 1.21 0 0 0 0 0 0 0 0 0
0080000000000000 0400000000000000 bits55_122 0 0 64 32.00000 -0.00 0 0 0 0 0 0 0 0 0
0080000000000000 0800000000000000 bits55_123 0 0 62 32.00066 0.34 0 0 0 0 0 0 0 0 0
0080000000000000 1000000000000000 bits55_124 0 0 74 32.00054 0.27 0 0 0 0 0 0 0 0 0
0080000000000000 2000000000000000 bits55_125 0 0 58 32.00207 1.06 0 0 0 0 0 0 0 0 0
0080000000000000 4000000000000000 bits55_126 0 0 67 31.99869 -0.67 0 0 0 0 0 0 0 0 0
0080000000000000 8000000000000000 bits55_127 0 0 49 32.00297 1.52 0 0 0 0 0 0 0 0 0
0300000000000000 0000000000000000 bits56_57 0 0 85 31.99738 -1.34 0 0 0 0 0 0 0 0 0
0500000000000000 0000000000000000 bits56_58 0 0 73 31.99955 -0.23 0 0 0 0 0 0 0 0 0
0900000000000000 0000000000000000 bits56_59 0 0 59 32.00195 1.00 0 0 0 0 0 0 0 0 0
1100000000000000 0000000000000000 bits56_60 0 0 49 32.00097 0.50 0 0 0 0 0 0 0 0 0
2100000000000000 0000000000000000 bits56_61 0 0 52 31.99816 -0.94 0 0 0 0 0 0 0 0 0
4100000000000000 0000000000000000 bits56_62 0 0 66 31.99708 -1.50 0 0 0 0 0 0 0 0 0
8100000000000000 0000000000000000 bits56_63 0 0 77 32.00040 0.20 0 0 0 0 0 0 0 0 0
0100000000000000 0000000000000001 bits56_64 0 0 70 32.00076 0.39 0 0 0 0 0 0 0 0 0
0100000000000000 0000000000000002 bits56_65 0 0 48 32.00169 0.87 0 0 0 0 0 0 0 0 0
0100000000000000 0000000000000004 bits56_66 0 0 66 31.99712 -1.48 0 0 0 0 0 0 0 0 0
0100000000000000 0000000000000008 bits56_67 0 0 55 32.00010 0.05 0 0 0 0 0 0 0 0 0
0100000000000000 0000000000000010 bits56_68 0 0 65 31.99877 -0.63 0 0 0 0 0 0 0 0 0
0100000000000000 0000000000000020 bits56_69 0 0 57 32.00298 1.53 0 0 0 0 0 0 0 0 0
0100000000000000 0000000000000040 bits56_70 0 0 77 32.00024 0.12 0 0 0 0 0 0 0 0 0
0100000000000000 0000000000000080 bits56_71 0 0 61 32.00152 0.78 0 0 0 0 0 0 0 0 0
0100000000000000 0000000000000100 bits56_72 0 0 61 32.00417 2.14 0 0 0 0 0 0 0 0 0
0100000000000000 0000000000000200 bits56_73 0 0 61 32.00046 0.24 0 0 0 0 0 0 0 0 0
0100000000000000 0000000000000400 bits56_74 0 0 67 31.99707 -1.50 0 0 0 0 0 0 0 0 0
0100000000000000 0000000000000800 bits56_75 0 0 64 32.00048 0.25 0 0 0 0 0 0 0 0 0
0100000000000000 0000000000001000 bits56_76 0 0 69 32.00175 0.90 0 0 0 0 0 0 0 0 0
0100000000000000 0000000000002000 bits56_77 0 0 58 32.00076 0.39 0 0 0 0 0 0 0 0 0
0100000000000000 0000000000004000 bits56_78 0 0 64 31.99659 -1.75 0 0 0 0 0 0 0 0 0
0100000000000000 0000000000008000 bits56_79 0 0 63 32.00179 0.91 0 0 0 0 0 0 0 0 0
0100000000000000 0000000000010000 bits56_80 0 0 72 31.99969 -0.16 0 0 0 0 0 0 0 0 0
0100000000000000 0000000000020000 bits56_81 0 0 61 32.00131 0.67 0 0 0 0 0 0 0 0 0
0100000000000000 0000000000040000 bits56_82 0 0 78 31.99995 -0.02 0 0 0 0 0 0 0 0 0
0100000000000000 0000000000080000 bits56_83 0 0 73 31.99884 -0.59 0 0 0 0 0 0 0 0 0
0100000000000000 0000000000100000 bits56_84 0 0 52 32.00088 0.45 0 0 0 0 0 0 0 0 0
0100000000000000 0000000000200000 bits56_85 0 0 63 31.99903 -0.50 0 0 0 0 0 0 0 0 0
0100000000000000 0000000000400000 bits56_86 0 0 66 32.00068 0.35 0 0 0 0 0 0 0 0 0
0100000000000000 0000000000800000 bits56_87 0 0 70 31.99727 -1.40 0 0 0 0 0 0 0 0 0
0100000000000000 0000000001000000 bits56_88 0 0 63 31.99957 -0.22 0 0 0 0 0 0 0 0 0
0100000000000000 0000000002000000 bits56_89 0 0 52 31.99739 -1.34 0 0 0 0 0 0 0 0 0
0100000000000000 0000000004000000 bits56_90 0 0 57 31.99827 -0.89 0 0 0 0 0 0 0 0 0
0100000000000000 0000000008000000 bits56_91 0 0 60 32.00087 0.44 0 0 0 0 0 0 0 0 0
0100000000000000 0000000010000000 bits56_92 0 0 63 32.00160 0.82 0 0 0 0 0 0 0 0 0
0100000000000000 0000000020000000 bits56_93 0 0 66 31.99866 -0.68 0 0 0 0 0 0 0 0 0
0100000000000000 0000000040000000 bits56_94 0 0 62 32.00503 2.57 0 0 0 0 0 0 0 0 0
0100000000000000 0000000080000000 bits56_95 0 0 60 32.00205 1.05 0 0 0 0 0 0 0 0 0
0100000000000000 0000000100000000 bits56_96 0 0 63 32.00197 1.01 0 0 0 0 0 0 0 0 0
0100000000000000 0000000200000000 bits56_97 0 0 59 31.99940 -0.31 0 0 0 0 0 0 0 0 0
0100000000000000 0000000400000000 bits56_98 0 0 52 32.00224 1.15 0 0 0 0 0 0 0 0 0
0100000000000000 0000000800000000 bits56_99 0 0 64 31.99996 -0.02 0 0 0 0 0 0 0 0 0
0100000000000000 0000001000000000 bits56_100 0 0 56 31.99767 -1.19 0 0 0 0 0 0 0 0 0
0100000000000000 0000002000000000 bits56_101 0 0 78 32.00093 0.47 0 0 0 0 0 0 0 0 0
0100000000000000 0000004000000000 bits56_102 0 0 54 32.00122 0.63 0 0 0 0 0 0 0 0 0
0100000000000000 0000008000000000 bits56_103 0 0 57 31.99964 -0.19 0 0 0 0 0 0 0 0 0
0100000000000000 0000010000000000 bits56_104 0 0 55 32.00229 1.17 0 0 0 0 0 0 0 0 0
0100000000000000 0000020000000000 bits56_105 0 0 74 31.99983 -0.09 0 0 0 0 0 0 0 0 0
0100000000000000 0000040000000000 bits56_106 0 0 65 32.00097 0.50 0 0 0 0 0 0 0 0 0
0100000000000000 0000080000000000 bits56_107 0 0 70 32.00131 0.67 0 0 0 0 0 0 0 0 0
0100000000000000 0000100000000000 bits56_108 0 0 62 32.00086 0.44 0 0 0 0 0 0 0 0 0
0100000000000000 0000200000000000 bits56_109 0 0 69 31.99831 -0.86 0 0 0 0 0 0 0 0 0
0100000000000000 0000400000000000 bits56_110 0 0 62 31.99963 -0.19 0 0 0 0 0 0 0 0 0
0100000000000000 0000800000000000 bits56_111 0 0 56 31.99837 -0.84 0 0 0 0 0 0 0 0 0
0100000000000000 0001000000000000 bits56_112 0 0 63 32.00054 0.28 0 0 0 0 0 0 0 0 0
0100000000000000 0002000000000000 bits56_113 0 0 72 32.00142 0.73 0 0 0 0 0 0 0 0 0
0100000000000000 0004000000000000 bits56_114 0 0 59 32.00083 0.43 0 0 0 0 0 0 0 0 0
0100000000000000 0008000000000000 bits56_115 0 0 56 31.99696 -1.56 0 0 0 0 0 0 0 0 0
0100000000000000 0010000000000000 bits56_116 0 0 62 31.99773 -1.16 0 0 0 0 0 0 0 0 0
0100000000000000 0020000000000000 bits56_117 0 0 77 31.99792 -1.06 0 0 0 0 0 0 0 0 0
0100000000000000 0040000000000000 bits56_118 0 0 62 32.00492 2.52 0 0 0 0 0 0 0 0 0
0100000000000000 0080000000000000 bits56_119 0 0 57 32.00109 0.56 0 0 0 0 0 0 0 0 0
0100000000000000 0100000000000000 bits56_120 0 0 53 31.99570 -2.20 0 0 0 0 0 0 0 0 0
0100000000000000 0200000000000000 bits56_121 0 0 68 31.99873 -0.65 0 0 0 0 0 0 0 0 0
0100000000000000 0400000000000000 bits56_122 0 0 72 32.00199 1.02 0 0 0 0 0 0 0 0 0
0100000000000000 0800000000000000 bits56_123 0 0 51 32.00280 1.43 0 0 0 0 0 0 0 0 0
0100000000000000 1000000000000000 bits56_124 0 0 72 31.99915 -0.43 0 0 0 0 0 0 0 0 0
0100000000000000 2000000000000000 bits56_125 0 0 56 32.00128 0.66 0 0 0 0 0 0 0 0 0
0100000000000000 4000000000000000 bits56_126 0 0 56 32.00058 0.30 0 0 0 0 0 0 0 0 0
0100000000000000 8000000000000000 bits56_127 0 0 60 31.99650 -1.79 0 0 0 0 0 0 0 0 0
0600000000000000 0000000000000000 bits57_58 0 0 76 32.00161 0.82 0 0 0 0 0 0 0 0 0
0a00000000000000 0000000000000000 bits57_59 0 0 65 32.00083 0.43 0 0 0 0 0 0 0 0 0
1200000000000000 0000000000000000 bits57_60 0 0 70 32.00338 1.73 0 0 0 0 0 0 0 0 0
2200000000000000 0000000000000000 bits57_61 0 0 58 32.00173 0.89 0 0 0 0 0 0 0 0 0
4200000000000000 0000000000000000 bits57_62 0 0 70 32.00064 0.33 0 0 0 0 0 0 0 0 0
8200000000000000 0000000000000000 bits57_63 0 0 66 32.00130 0.67 0 0 0 0 0 0 0 0 0
0200000000000000 0000000000000001 bits57_64 0 0 71 31.99876 -0.64 0 0 0 0 0 0 0 0 0
0200000000000000 0000000000000002 bits57_65 0 0 50 32.00087 0.44 0 0 0 0 0 0 0 0 0
0200000000000000 0000000000000004 bits57_66 0 0 63 32.00071 0.36 0 0 0 0 0 0 0 0 0
0200000000000000 0000000000000008 bits57_67 0 0 58 32.00160 0.82 0 0 0 0 0 0 0 0 0
0200000000000000 0000000000000010 bits57_68 0 0 75 31.99988 -0.06 0 0 0 0 0 0 0 0 0
0200000000000000 0000000000000020 bits57_69 0 0 65 31.99940 -0.31 0 0 0 0 0 0 0 0 0
0200000000000000 0000000000000040 bits57_70 0 0 55 31.99970 -0.16 0 0 0 0 0 0 0 0 0
0200000000000000 0000000000000080 bits57_71 0 0 74 31.99940 -0.31 0 0 0 0 0 0 0 0 0
0200000000000000 0000000000000100 bits57_72 0 0 59 32.00230 1.18 0 0 0 0 0 0 0 0 0
0200000000000000 0000000000000200 bits57_73 0 0 64 32.00046 0.24 0 0 0 0 0 0 0 0 0
0200000000000000 0000000000000400 bits57_74 0 0 85 32.00038 0.20 0 0 0 0 0 0 0 0 0
0200000000000000 0000000000000800 bits57_75 0 0 70 32.00010 0.05 0 0 0 0 0 0 0 0 0
0200000000000000 0000000000001000 bits57_76 0 0 74 31.99948 -0.27 0 0 0 0 0 0 0 0 0
0200000000000000 0000000000002000 bits57_77 0 0 52 32.00498 2.55 0 0 0 0 0 0 0 0 0
0200000000000000 0000000000004000 bits57_78 0 0 57 32.00021 0.11 0 0 0 0 0 0 0 0 0
0200000000000000 0000000000008000 bits57_79 0 0 62 32.00390 1.99 0 0 0 0 0 0 0 0 0
0200000000000000 0000000000010000 bits57_80 0 0 69 32.00080 0.41 0 0 0 0 0 0 0 0 0
0200000000000000 0000000000020000 bits57_81 0 0 68 32.00316 1.62 0 0 0 0 0 0 0 0 0
0200000000000000 0000000000040000 bits57_82 0 0 62 31.99961 -0.20 0 0 0 0 0 0 0 0 0
0200000000000000 0000000000080000 bits57_83 0 0 60 31.99868 -0.68 0 0 0 0 0 0 0 0 0
0200000000000000 0000000000100000 bits57_84 0 0 76 31.99792 -1.07 0 0 0 0 0 0 0 0 0
0200000000000000 0000000000200000 bits57_85 0 0 55 32.00023 0.12 0 0 0 0 0 0 0 0 0
0200000000000000 0000000000400000 bits57_86 0 0 58 32.00157 0.80 0 0 0 0 0 0 0 0 0
0200000000000000 0000000000800000 bits57_87 0 0 82 31.99858 -0.73 0 0 0 0 0 0 0 0 0
0200000000000000 0000000001000000 bits57_88 0 0 71 31.99750 -1.28 0 0 0 0 0 0 0 0 0
0200000000000000 0000000002000000 bits57_89 0 0 68 31.99897 -0.53 0 0 0 0 0 0 0 0 0
0200000000000000 0000000004000000 bits57_90 0 0 61 31.99820 -0.92 0 0 0 0 0 0 0 0 0
0200000000000000 0000000008000000 bits57_91 0 0 70 32.00199 1.02 0 0 0 0 0 0 0 0 0
0200000000000000 0000000010000000 bits57_92 0 0 68 31.99943 -0.29 0 0 0 0 0 0 0 0 0
0200000000000000 0000000020000000 bits57_93 0 0 74 31.99924 -0.39 0 0 0 0 0 0 0 0 0
0200000000000000 0000000040000000 bits57_94 0 0 55 32.00187 0.95 0 0 0 0 0 0 0 0 0
0200000000000000 0000000080000000 bits57_95 0 0 64 32.00125 0.64 0 0 0 0 0 0 0 0 0
0200000000000000 0000000100000000 bits57_96 0 0 67 31.99984 -0.08 0 0 0 0 0 0 0 0 0
0200000000000000 0000000200000000 bits57_97 0 0 63 32.00008 0.04 0 0 0 0 0 0 0 0 0
0200000000000000 0000000400000000 bits57_98 0 0 69 31.99872 -0.66 0 0 0 0 0 0 0 0 0
0200000000000000 0000000800000000 bits57_99 0 0 51 32.00258 1.32 0 0 0 0 0 0 0 0 0
0200000000000000 0000001000000000 bits57_100 0 0 59 31.99763 -1.21 0 0 0 0 0 0 0 0 0
0200000000000000 0000002000000000 bits57_101 0 0 62 32.00182 0.93 0 0 0 0 0 0 0 0 0
0200000000000000 0000004000000000 bits57_102 0 0 74 32.00308 1.58 0 0 0 0 0 0 0 0 0
0200000000000000 0000008000000000 bits57_103 0 0 64 32.00207 1.06 0 0 0 0 0 0 0 0 0
0200000000000000 0000010000000000 bits57_104 0 0 51 32.00008 0.04 0 0 0 0 0 0 0 0 0
0200000000000000 0000020000000000 bits57_105 0 0 55 31.99969 -0.16 0 0 0 0 0 0 0 0 0
0200000000000000 0000040000000000 bits57_106 0 0 56 32.00322 1.65 0 0 0 0 0 0 0 0 0
0200000000000000 0000080000000000 bits57_107 0 0 62 31.99722 -1.43 0 0 0 0 0 0 0 0 0
0200000000000000 0000100000000000 bits57_108 0 0 72 32.00152 0.78 0 0 0 0 0 0 0 0 0
0200000000000000 0000200000000000 bits57_109 0 0 71 32.00216 1.11 0 0 0 0 0 0 0 0 0
0200000000000000 0000400000000000 bits57_110 0 0 59 31.99847 -0.78 0 0 0 0 0 0 0 0 0
0200000000000000 0000800000000000 bits57_111 0 0 57 31.99918 -0.42 0 0 0 0 0 0 0 0 0
0200000000000000 0001000000000000 bits57_112 0 0 67 32.00059 0.30 0 0 0 0 0 0 0 0 0
0200000000000000 0002000000000000 bits57_113 0 0 48 31.99607 -2.01 0 0 0 0 0 0 0 0 0
0200000000000000 0004000000000000 bits57_114 0 0 50 31.99930 -0.36 0 0 0 0 0 0 0 0 0
0200000000000000 0008000000000000 bits57_115 0 0 57 31.99702 -1.53 0 0 0 0 0 0 0 0 0
0200000000000000 0010000000000000 bits57_116 0 0 59 31.99667 -1.71 0 0 0 0 0 0 0 0 0
0200000000000000 0020000000000000 bits57_117 0 0 61 32.00005 0.02 0 0 0 0 0 0 0 0 0
0200000000000000 0040000000000000 bits57_118 0 0 61 32.00007 0.04 0 0 0 0 0 0 0 0 0
0200000000000000 0080000000000000 bits57_119 0 0 51 32.00285 1.46 0 0 0 0 0 0 0 0 0
0200000000000000 0100000000000000 bits57_120 0 0 68 31.99857 -0.73 0 0 0 0 0 0 0 0 0
0200000000000000 0200000000000000 bits57_121 0 0 62 31.99884 -0.59 0 0 0 0 0 0 0 0 0
0200000000000000 0400000000000000 bits57_122 0 0 68 31.99915 -0.44 0 0 0 0 0 0 0 0 0
0200000000000000 0800000000000000 bits57_123 0 0 62 31.99952 -0.25 0 0 0 0 0 0 0 0 0
0200000000000000 1000000000000000 bits57_124 0 0 59 31.99894 -0.54 0 0 0 0 0 0 0 0 0
0200000000000000 2000000000000000 bits57_125 0 0 55 31.99967 -0.17 0 0 0 0 0 0 0 0 0
0200000000000000 4000000000000000 bits57_126 0 0 60 32.00127 0.65 0 0 0 0 0 0 0 0 0
0200000000000000 8000000000000000 bits57_127 0 0 63 32.00140 0.72 0 0 0 0 0 0 0 0 0
0c00000000000000 0000000000000000 bits58_59 0 0 53 32.00095 0.49 0 0 0 0 0 0 0 0 0
1400000000000000 0000000000000000 bits58_60 0 0 61 32.00398 2.04 0 0 0 0 0 0 0 0 0
2400000000000000 0000000000000000 bits58_61 0 0 77 32.00006 0.03 0 0 0 0 0 0 0 0 0
4400000000000000 0000000000000000 bits58_62 0 0 63 31.99835 -0.84 0 0 0 0 0 0 0 0 0
8400000000000000 0000000000000000 bits58_63 0 0 76 32.00121 0.62 0 0 0 0 0 0 0 0 0
0400000000000000 0000000000000001 bits58_64 0 0 59 31.99569 -2.21 0 0 0 0 0 0 0 0 0
0400000000000000 0000000000000002 bits58_65 0 0 73 31.99996 -0.02 0 0 0 0 0 0 0 0 0
0400000000000000 0000000000000004 bits58_66 0 0 70 32.00289 1.48 0 0 0 0 0 0 0 0 0
0400000000000000 0000000000000008 bits58_67 0 0 61 31.99869 -0.67 0 0 0 0 0 0 0 0 0
0400000000000000 0000000000000010 bits58_68 0 0 55 31.99855 -0.74 0 0 0 0 0 0 0 0 0
0400000000000000 0000000000000020 bits58_69 0 0 72 32.00173 0.88 0 0 0 0 0 0 0 0 0
0400000000000000 0000000000000040 bits58_70 0 0 56 31.99791 -1.07 0 0 0 0 0 0 0 0 0
0400000000000000 0000000000000080 bits58_71 0 0 56 32.00117 0.60 0 0 0 0 0 0 0 0 0
0400000000000000 0000000000000100 bits58_72 0 0 70 31.99668 -1.70 0 0 0 0 0 0 0 0 0
0400000000000000 0000000000000200 bits58_73 0 0 52 31.99749 -1.29 0 0 0 0 0 0 0 0 0
0400000000000000 0000000000000400 bits58_74 0 0 72 31.99883 -0.60 0 0 0 0 0 0 0 0 0
0400000000000000 0000000000000800 bits58_75 0 0 58 31.99784 -1.10 0 0 0 0 0 0 0 0 0
0400000000000000 0000000000001000 bits58_76 0 0 51 31.99975 -0.13 0 0 0 0 0 0 0 0 0
0400000000000000 0000000000002000 bits58_77 0 0 68 32.00112 0.58 0 0 0 0 0 0 0 0 0
0400000000000000 0000000000004000 bits58_78 0 0 62 32.00123 0.63 0 0 0 0 0 0 0 0 0
0400000000000000 0000000000008000 bits58_79 0 0 72 32.00249 1.27 0 0 0 0 0 0 0 0 0
0400000000000000 0000000000010000 bits58_80 0 0 60 32.00063 0.32 0 0 0 0 0 0 0 0 0
0400000000000000 0000000000020000 bits58_81 0 0 54 31.99968 -0.17 0 0 0 0 0 0 0 0 0
0400000000000000 0000000000040000 bits58_82 0 0 73 31.99846 -0.79 0 0 0 0 0 0 0 0 0
0400000000000000 0000000000080000 bits58_83 0 0 58 31.99664 -1.72 0 0 0 0 0 0 0 0 1
0400000000000000 0000000000100000 bits58_84 0 0 62 32.00184 0.94 0 0 0 0 0 0 0 0 0
0400000000000000 0000000000200000 bits58_85 0 0 66 32.00023 0.12 0 0 0 0 0 0 0 0 0
0400000000000000 0000000000400000 bits58_86 0 0 67 32.00160 0.82 0 0 0 0 0 0 0 0 0
0400000000000000 0000000000800000 bits58_87 0 0 62 31.99996 -0.02 0 0 0 0 0 0 0 0 0
0400000000000000 0000000001000000 bits58_88 0 0 58 31.99754 -1.26 0 0 0 0 0 0 0 0 0
0400000000000000 0000000002000000 bits58_89 0 0 62 32.00011 0.06 0 0 0 0 0 0 0 0 0
0400000000000000 0000000004000000 bits58_90 0 0 70 32.00031 0.16 0 0 0 0 0 0 0 0 0
0400000000000000 0000000008000000 bits58_91 0 0 66 32.00134 0.69 0 0 0 0 0 0 0 0 0
0400000000000000 0000000010000000 bits58_92 0 0 51 32.00136 0.70 0 0 0 0 0 0 0 0 0
0400000000000000 0000000020000000 bits58_93 0 0 58 31.99853 -0.75 0 0 0 0 0 0 0 0 0
0400000000000000 0000000040000000 bits58_94 0 0 61 31.99964 -0.18 0 0 0 0 0 0 0 0 0
0400000000000000 0000000080000000 bits58_95 0 0 58 32.00015 0.08 0 0 0 0 0 0 0 0 0
0400000000000000 0000000100000000 bits58_96 0 0 61 32.00223 1.14 0 0 0 0 0 0 0 0 0
0400000000000000 0000000200000000 bits58_97 0 0 75 32.00126 0.64 0 0 0 0 0 0 0 0 0
0400000000000000 0000000400000000 bits58_98 0 0 67 31.99810 -0.97 0 0 0 0 0 0 0 0 0
0400000000000000 0000000800000000 bits58_99 0 0 50 32.00300 1.54 0 0 0 0 0 0 0 0 0
0400000000000000 0000001000000000 bits58_100 0 0 58 32.00164 0.84 0 0 0 0 0 0 0 0 0
0400000000000000 0000002000000000 bits58_101 0 0 67 32.00262 1.34 0 0 0 0 0 0 0 0 0
0400000000000000 0000004000000000 bits58_102 0 0 81 31.99884 -0.60 0 0 0 0 0 0 0 0 0
0400000000000000 0000008000000000 bits58_103 0 0 67 32.00041 0.21 0 0 0 0 0 0 0 0 0
0400000000000000 0000010000000000 bits58_104 0 0 67 32.00170 0.87 0 0 0 0 0 0 0 0 0
0400000000000000 0000020000000000 bits58_105 0 0 49 32.00251 1.29 0 0 0 0 0 0 0 0 0
0400000000000000 0000040000000000 bits58_106 0 0 67 31.99797 -1.04 0 0 0 0 0 0 0 0 0
0400000000000000 0000080000000000 bits58_107 0 0 69 32.00059 0.30 0 0 0 0 0 0 0 0 0
0400000000000000 0000100000000000 bits58_108 0 0 58 32.00070 0.36 0 0 0 0 0 0 0 0 0
0400000000000000 0000200000000000 bits58_109 0 0 67 31.99734 -1.36 0 0 0 0 0 0 0 0 0
0400000000000000 0000400000000000 bits58_110 0 0 73 31.99479 -2.67 0 0 0 0 0 0 0 0 0
0400000000000000 0000800000000000 bits58_111 0 0 83 32.00179 0.92 0 0 0 0 0 0 0 0 0
0400000000000000 0001000000000000 bits58_112 0 0 66 31.99582 -2.14 0 0 0 0 0 0 0 0 0
0400000000000000 0002000000000000 bits58_113 0 0 52 31.99898 -0.52 0 0 0 0 0 0 0 0 0
0400000000000000 0004000000000000 bits58_114 0 0 59 32.00019 0.10 0 0 0 0 0 0 0 0 0
0400000000000000 0008000000000000 bits58_115 0 0 65 32.00143 0.73 0 0 0 0 0 0 0 0 0
0400000000000000 0010000000000000 bits58_116 0 0 65 32.00078 0.40 0 0 0 0 0 0 0 0 0
0400000000000000 0020000000000000 bits58_117 0 0 63 31.99730 -1.38 0 0 0 0 0 0 0 0 0
0400000000000000 0040000000000000 bits58_118 0 0 70 32.00019 0.10 0 0 0 0 0 0 0 0 0
0400000000000000 0080000000000000 bits58_119 0 0 75 31.99728 -1.39 0 0 0 0 0 0 0 0 0
0400000000000000 0100000000000000 bits58_120 0 0 64 31.99913 -0.44 0 0 0 0 0 0 0 0 0
0400000000000000 0200000000000000 bits58_121 0 0 55 32.00058 0.30 0 0 0 0 0 0 0 0 0
0400000000000000 0400000000000000 bits58_122 0 0 60 31.99907 -0.47 0 0 0 0 0 0 0 0 0
0400000000000000 0800000000000000 bits58_123 0 0 66 31.99747 -1.30 0 0 0 0 0 0 0 0 0
0400000000000000 1000000000000000 bits58_124 0 0 59 31.99937 -0.32 0 0 0 0 0 0 0 0 0
0400000000000000 2000000000000000 bits58_125 0 0 67 31.99846 -0.79 0 0 0 0 0 0 0 0 0
0400000000000000 4000000000000000 bits58_126 0 0 70 32.00062 0.32 0 0 0 0 0 0 0 0 0
0400000000000000 8000000000000000 bits58_127 0 0 59 31.99672 -1.68 0 0 0 0 0 0 0 0 0
1800000000000000 0000000000000000 bits59_60 0 0 55 32.00176 0.90 0 0 0 0 0 0 0 0 0
2800000000000000 0000000000000000 bits59_61 0 0 75 32.00101 0.52 0 0 0 0 0 0 0 0 0
4800000000000000 0000000000000000 bits59_62 0 0 65 32.00033 0.17 0 0 0 0 0 0 0 0 0
8800000000000000 0000000000000000 bits59_63 0 0 51 32.00205 1.05 0 0 0 0 0 0 0 0 0
0800000000000000 0000000000000001 bits59_64 0 0 63 31.99985 -0.08 0 0 0 0 0 0 0 0 0
0800000000000000 0000000000000002 bits59_65 0 0 69 31.99855 -0.74 0 0 0 0 0 0 0 0 0
0800000000000000 0000000000000004 bits59_66 0 0 64 32.00150 0.77 0 0 0 0 0 0 0 0 0
0800000000000000 0000000000000008 bits59_67 0 0 71 32.00223 1.14 0 0 0 0 0 0 0 0 0
0800000000000000 0000000000000010 bits59_68 0 0 59 31.99929 -0.36 0 0 0 0 0 0 0 0 0
0800000000000000 0000000000000020 bits59_69 0 0 62 32.00108 0.55 0 0 0 0 0 0 0 0 0
0800000000000000 0000000000000040 bits59_70 0 0 60 32.00070 0.36 0 0 0 0 0 0 0 0 0
0800000000000000 0000000000000080 bits59_71 0 0 51 32.00109 0.56 0 0 0 0 0 0 0 0 0
0800000000000000 0000000000000100 bits59_72 0 0 68 32.00104 0.53 0 0 0 0 0 0 0 0 0
0800000000000000 0000000000000200 bits59_73 0 0 46 31.99963 -0.19 0 0 0 0 0 0 0 0 0
0800000000000000 0000000000000400 bits59_74 0 0 73 31.99880 -0.61 0 0 0 0 0 0 0 0 0
0800000000000000 0000000000000800 bits59_75 0 0 61 32.00167 0.86 0 0 0 0 0 0 0 0 0
0800000000000000 0000000000001000 bits59_76 0 0 61 31.99822 -0.91 0 0 0 0 0 0 0 0 0
0800000000000000 0000000000002000 bits59_77 0 0 73 31.99833 -0.85 0 0 0 0 0 0 0 0 0
0800000000000000 0000000000004000 bits59_78 0 0 64 31.99938 -0.32 0 0 0 0 0 0 0 0 0
0800000000000000 0000000000008000 bits59_79 0 0 59 32.00195 1.00 0 0 0 0 0 0 0 0 0
0800000000000000 0000000000010000 bits59_80 0 0 70 31.99831 -0.86 0 0 0 0 0 0 0 0 0
0800000000000000 0000000000020000 bits59_81 0 0 51 32.00098 0.50 0 0 0 0 0 0 0 0 0
0800000000000000 0000000000040000 bits59_82 0 0 54 32.00357 1.83 0 0 0 0 0 0 0 0 0
0800000000000000 0000000000080000 bits59_83 0 0 80 32.00051 0.26 0 0 0 0 0 0 0 0 0
0800000000000000 0000000000100000 bits59_84 0 0 69 31.99993 -0.04 0 0 0 0 0 0 0 0 0
0800000000000000 0000000000200000 bits59_85 0 0 56 32.00058 0.30 0 0 0 0 0 0 0 0 0
0800000000000000 0000000000400000 bits59_86 0 0 60 31.99808 -0.98 0 0 0 0 0 0 0 0 0
0800000000000000 0000000000800000 bits59_87 0 0 62 32.00019 0.10 0 0 0 0 0 0 0 0 0
0800000000000000 0000000001000000 bits59_88 0 0 62 31.99687 -1.60 0 0 0 0 0 0 0 0 0
0800000000000000 0000000002000000 bits59_89 0 0 77 32.00014 0.07 0 0 0 0 0 0 0 0 0
0800000000000000 0000000004000000 bits59_90 0 0 80 31.99549 -2.31 0 0 0 0 0 0 0 0 0
0800000000000000 0000000008000000 bits59_91 0 0 79 31.99935 -0.34 0 0 0 0 0 0 0 0 0
0800000000000000 0000000010000000 bits59_92 0 0 65 31.99694 -1.57 0 0 0 0 0 0 0 0 0
0800000000000000 0000000020000000 bits59_93 0 0 58 31.99860 -0.72 0 0 0 0 0 0 0 0 0
0800000000000000 0000000040000000 bits59_94 0 0 67 31.99627 -1.91 0 0 0 0 0 0 0 0 0
0800000000000000 0000000080000000 bits59_95 0 0 64 32.00036 0.18 0 0 0 0 0 0 0 0 0
0800000000000000 0000000100000000 bits59_96 0 0 67 32.00407 2.09 0 0 0 0 0 0 0 0 0
0800000000000000 0000000200000000 bits59_97 0 0 64 32.00114 0.59 0 0 0 0 0 0 0 0 0
0800000000000000 0000000400000000 bits59_98 0 0 76 31.99991 -0.05 0 0 0 0 0 0 0 0 0
0800000000000000 0000000800000000 bits59_99 0 0 60 32.00432 2.21 0 0 0 0 0 0 0 0 0
0800000000000000 0000001000000000 bits59_100 0 0 56 32.00362 1.85 0 0 0 0 0 0 0 0 0
0800000000000000 0000002000000000 bits59_101 0 0 67 32.00025 0.13 0 0 0 0 0 0 0 0 0
0800000000000000 0000004000000000 bits59_102 0 0 64 31.99844 -0.80 0 0 0 0 0 0 0 0 0
0800000000000000 0000008000000000 bits59_103 0 0 52 31.99932 -0.35 0 0 0 0 0 0 0 0 0
0800000000000000 0000010000000000 bits59_104 0 0 78 32.00180 0.92 0 0 0 0 0 0 0 0 0
0800000000000000 0000020000000000 bits59_105 0 0 65 31.99920 -0.41 0 0 0 0 0 0 0 0 0
0800000000000000 0000040000000000 bits59_106 0 0 65 31.99853 -0.75 0 0 0 0 0 0 0 0 0
0800000000000000 0000080000000000 bits59_107 0 0 62 32.00027 0.14 0 0 0 0 0 0 0 0 0
0800000000000000 0000100000000000 bits59_108 0 0 47 31.99915 -0.44 0 0 0 0 0 0 0 0 0
0800000000000000 0000200000000000 bits59_109 0 0 69 31.99811 -0.97 0 0 0 0 0 0 0 0 0
0800000000000000 0000400000000000 bits59_110 0 0 81 32.00018 0.09 0 0 0 0 0 0 0 0 0
0800000000000000 0000800000000000 bits59_111 0 0 61 32.00343 1.75 0 0 0 0 0 0 0 0 0
0800000000000000 0001000000000000 bits59_112 0 0 61 32.00095 0.48 0 0 0 0 0 0 0 0 0
0800000000000000 0002000000000000 bits59_113 0 0 84 31.99962 -0.19 0 0 0 0 0 0 0 0 0
0800000000000000 0004000000000000 bits59_114 0 0 52 31.99853 -0.75 0 0 0 0 0 0 0 0 0
0800000000000000 0008000000000000 bits59_115 0 0 72 32.00199 1.02 0 0 0 0 0 0 0 0 0
0800000000000000 0010000000000000 bits59_116 0 0 68 31.99939 -0.31 0 0 0 0 0 0 0 0 0
0800000000000000 0020000000000000 bits59_117 0 0 79 31.99885 -0.59 0 0 0 0 0 0 0 0 0
0800000000000000 0040000000000000 bits59_118 0 0 65 32.00013 0.06 0 0 0 0 0 0 0 0 0
0800000000000000 0080000000000000 bits59_119 0 0 55 31.99934 -0.34 0 0 0 0 0 0 0 0 0
0800000000000000 0100000000000000 bits59_120 0 0 67 32.00119 0.61 0 0 0 0 0 0 0 0 0
0800000000000000 0200000000000000 bits59_121 0 0 62 32.00173 0.89 0 0 0 0 0 0 0 0 0
0800000000000000 0400000000000000 bits59_122 0 0 57 31.99484 -2.64 0 0 0 0 0 0 0 0 0
0800000000000000 0800000000000000 bits59_123 0 0 72 31.99793 -1.06 0 0 0 0 0 0 0 0 0
0800000000000000 1000000000000000 bits59_124 0 0 57 31.99719 -1.44 0 0 0 0 0 0 0 0 0
0800000000000000 2000000000000000 bits59_125 0 0 46 32.00065 0.33 0 0 0 0 0 0 0 0 0
0800000000000000 4000000000000000 bits59_126 0 0 63 32.00215 1.10 0 0 0 0 0 0 0 0 0
0800000000000000 8000000000000000 bits59_127 0 0 65 31.99916 -0.43 0 0 0 0 0 0 0 0 0
3000000000000000 0000000000000000 bits60_61 0 0 58 32.00041 0.21 0 0 0 0 0 0 0 0 0
5000000000000000 0000000000000000 bits60_62 0 0 76 31.99940 -0.31 0 0 0 0 0 0 0 0 0
9000000000000000 0000000000000000 bits60_63 0 0 54 32.00427 2.18 0 0 0 0 0 0 0 0 0
1000000000000000 0000000000000001 bits60_64 0 0 66 31.99857 -0.73 0 0 0 0 0 0 0 0 0
1000000000000000 0000000000000002 bits60_65 0 0 56 31.99903 -0.50 0 0 0 0 0 0 0 0 0
1000000000000000 0000000000000004 bits60_66 0 0 67 31.99983 -0.09 0 0 0 0 0 0 0 0 0
1000000000000000 0000000000000008 bits60_67 0 0 59 32.00169 0.87 0 0 0 0 0 0 0 0 0
1000000000000000 0000000000000010 bits60_68 0 0 51 31.99925 -0.39 0 0 0 0 0 0 0 0 0
1000000000000000 0000000000000020 bits60_69 0 0 54 31.99963 -0.19 0 0 0 0 0 0 0 0 0
1000000000000000 0000000000000040 bits60_70 0 0 62 31.99634 -1.87 0 0 0 0 0 0 0 0 0
1000000000000000 0000000000000080 bits60_71 0 0 53 32.00409 2.09 0 0 0 0 0 0 0 0 0
1000000000000000 0000000000000100 bits60_72 0 0 67 31.99774 -1.16 0 0 0 0 0 0 0 0 0
1000000000000000 0000000000000200 bits60_73 0 0 72 32.00052 0.27 0 0 0 0 0 0 0 0 0
1000000000000000 0000000000000400 bits60_74 0 0 70 32.00264 1.35 0 0 0 0 0 0 0 0 0
1000000000000000 0000000000000800 bits60_75 0 0 65 31.99891 -0.56 0 0 0 0 0 0 0 0 0
1000000000000000 0000000000001000 bits60_76 0 0 46 32.00559 2.86 0 0 0 0 0 0 0 0 0
1000000000000000 0000000000002000 bits60_77 0 0 78 31.99910 -0.46 0 0 0 0 0 0 0 0 0
1000000000000000 0000000000004000 bits60_78 0 0 64 31.99861 -0.71 0 0 0 0 0 0 0 0 0
1000000000000000 0000000000008000 bits60_79 0 0 56 31.99847 -0.79 0 0 0 0 0 0 0 0 0
1000000000000000 0000000000010000 bits60_80 0 0 64 32.00094 0.48 0 0 0 0 0 0 0 0 0
1000000000000000 0000000000020000 bits60_81 0 0 67 31.99829 -0.88 0 0 0 0 0 0 0 0 0
1000000000000000 0000000000040000 bits60_82 0 0 61 31.99874 -0.65 0 0 0 0 0 0 0 0 0
1000000000000000 0000000000080000 bits60_83 0 0 66 31.99861 -0.71 0 0 0 0 0 0 0 0 0
1000000000000000 0000000000100000 bits60_84 0 0 60 31.99951 -0.25 0 0 0 0 0 0 0 0 0
1000000000000000 0000000000200000 bits60_85 0 0 66 32.00031 0.16 0 0 0 0 0 0 0 0 0
1000000000000000 0000000000400000 bits60_86 0 0 59 32.00220 1.13 0 0 0 0 0 0 0 0 0
1000000000000000 0000000000800000 bits60_87 0 0 59 32.00106 0.54 0 0 0 0 0 0 0 0 0
1000000000000000 0000000001000000 bits60_88 0 0 76 31.99963 -0.19 0 0 0 0 0 0 0 0 0
1000000000000000 0000000002000000 bits60_89 0 0 58 32.00193 0.99 0 0 0 0 0 0 0 0 0
1000000000000000 0000000004000000 bits60_90 0 0 65 32.00049 0.25 0 0 0 0 0 0 0 0 0
1000000000000000 0000000008000000 bits60_91 0 0 54 31.99672 -1.68 0 0 0 0 0 0 0 0 0
1000000000000000 0000000010000000 bits60_92 0 0 90 32.00047 0.24 0 0 0 0 0 0 0 0 0
1000000000000000 0000000020000000 bits60_93 0 0 60 32.00374 1.92 0 0 0 0 0 0 0 0 0
1000000000000000 0000000040000000 bits60_94 0 0 69 31.99738 -1.34 0 0 0 0 0 0 0 0 0
1000000000000000 0000000080000000 bits60_95 0 0 55 32.00041 0.21 0 0 0 0 0 0 0 0 0
1000000000000000 0000000100000000 bits60_96 0 0 53 31.99641 -1.84 0 0 0 0 0 0 0 0 0
1000000000000000 0000000200000000 bits60_97 0 0 70 31.99698 -1.55 0 0 0 0 0 0 0 0 0
1000000000000000 0000000400000000 bits60_98 0 0 66 31.99704 -1.52 0 0 0 0 0 0 0 0 0
1000000000000000 0000000800000000 bits60_99 0 0 53 31.99803 -1.01 0 0 0 0 0 0 0 0 0
1000000000000000 0000001000000000 bits60_100 0 0 54 31.99854 -0.75 0 0 0 0 0 0 0 0 0
1000000000000000 0000002000000000 bits60_101 0 0 68 31.99857 -0.73 0 0 0 0 0 0 0 0 0
1000000000000000 0000004000000000 bits60_102 0 0 61 32.00063 0.32 0 0 0 0 0 0 0 0 0
1000000000000000 0000008000000000 bits60_103 0 0 64 32.00110 0.56 0 0 0 0 0 0 0 0 0
1000000000000000 0000010000000000 bits60_104 0 0 56 32.00074 0.38 0 0 0 0 0 0 0 0 0
1000000000000000 0000020000000000 bits60_105 0 0 58 31.99690 -1.59 0 0 0 0 0 0 0 0 0
1000000000000000 0000040000000000 bits60_106 0 0 64 32.00080 0.41 0 0 0 0 0 0 0 0 0
1000000000000000 0000080000000000 bits60_107 0 0 59 31.99888 -0.57 0 0 0 0 0 0 0 0 0
1000000000000000 0000100000000000 bits60_108 0 0 62 31.99737 -1.34 0 0 0 0 0 0 0 0 0
1000000000000000 0000200000000000 bits60_109 0 0 80 32.00439 2.25 0 0 0 0 0 0 0 0 0
1000000000000000 0000400000000000 bits60_110 0 0 61 32.00027 0.14 0 0 0 0 0 0 0 0 0
1000000000000000 0000800000000000 bits60_111 0 0 65 31.99773 -1.16 0 0 0 0 0 0 0 0 0
1000000000000000 0001000000000000 bits60_112 0 0 67 31.99785 -1.10 0 0 0 0 0 0 0 0 0
1000000000000000 0002000000000000 bits60_113 0 0 60 31.99735 -1.36 0 0 0 0 0 0 0 0 0
1000000000000000 0004000000000000 bits60_114 0 0 59 32.00199 1.02 0 0 0 0 0 0 0 0 0
1000000000000000 0008000000000000 bits60_115 0 0 63 31.99757 -1.24 0 0 0 0 0 0 0 0 0
1000000000000000 0010000000000000 bits60_116 0 0 55 31.99388 -3.14 0 0 0 0 0 0 0 0 0
1000000000000000 0020000000000000 bits60_117 0 0 66 31.99468 -2.72 0 0 0 0 0 0 0 0 0
1000000000000000 0040000000000000 bits60_118 0 0 56 32.00035 0.18 0 0 0 0 0 0 0 0 0
1000000000000000 0080000000000000 bits60_119 0 0 68 31.99969 -0.16 0 0 0 0 0 0 0 0 0
1000000000000000 0100000000000000 bits60_120 0 0 65 32.00273 1.40 0 0 0 0 0 0 0 0 0
1000000000000000 0200000000000000 bits60_121 0 0 69 31.99872 -0.66 0 0 0 0 0 0 0 0 0
1000000000000000 0400000000000000 bits60_122 0 0 56 32.00034 0.18 0 0 0 0 0 0 0 0 0
1000000000000000 0800000000000000 bits60_123 0 0 64 31.99998 -0.01 0 0 0 0 0 0 0 0 0
1000000000000000 1000000000000000 bits60_124 0 0 67 32.00306 1.57 0 0 0 0 0 0 0 0 0
1000000000000000 2000000000000000 bits60_125 0 0 63 32.00133 0.68 0 0 0 0 0 0 0 0 0
1000000000000000 4000000000000000 bits60_126 0 0 58 31.99756 -1.25 0 0 0 0 0 0 0 0 0
1000000000000000 8000000000000000 bits60_127 0 0 59 32.00112 0.57 0 0 0 0 0 0 0 0 0
6000000000000000 0000000000000000 bits61_62 0 0 80 32.00287 1.47 0 0 0 0 0 0 0 0 0
a000000000000000 0000000000000000 bits61_63 0 0 73 31.99874 -0.64 0 0 0 0 0 0 0 0 0
2000000000000000 0000000000000001 bits61_64 0 0 62 31.99513 -2.49 0 0 0 0 0 0 0 0 0
2000000000000000 0000000000000002 bits61_65 0 0 68 31.99647 -1.81 0 0 0 0 0 0 0 0 0
2000000000000000 0000000000000004 bits61_66 0 0 50 32.00166 0.85 0 0 0 0 0 0 0 0 0
2000000000000000 0000000000000008 bits61_67 0 0 57 32.00162 0.83 0 0 0 0 0 0 0 0 0
2000000000000000 0000000000000010 bits61_68 0 0 76 31.99819 -0.93 0 0 0 0 0 0 0 0 0
2000000000000000 0000000000000020 bits61_69 0 0 70 31.99995 -0.03 0 0 0 0 0 0 0 0 0
2000000000000000 0000000000000040 bits61_70 0 0 67 32.00188 0.96 0 0 0 0 0 0 0 0 0
2000000000000000 0000000000000080 bits61_71 0 0 84 31.99984 -0.08 0 0 0 0 0 0 0 0 0
2000000000000000 0000000000000100 bits61_72 0 0 65 32.00049 0.25 0 0 0 0 0 0 0 0 0
2000000000000000 0000000000000200 bits61_73 0 0 82 31.99922 -0.40 0 0 0 0 0 0 0 0 0
2000000000000000 0000000000000400 bits61_74 0 0 72 31.99800 -1.03 0 0 0 0 0 0 0 0 0
2000000000000000 0000000000000800 bits61_75 0 0 66 32.00176 0.90 0 0 0 0 0 0 0 0 0
2000000000000000 0000000000001000 bits61_76 0 0 73 32.00072 0.37 0 0 0 0 0 0 0 0 0
2000000000000000 0000000000002000 bits61_77 0 0 56 31.99801 -1.02 0 0 0 0 0 0 0 0 0
2000000000000000 0000000000004000 bits61_78 0 0 47 31.99894 -0.54 0 0 0 0 0 0 0 0 0
2000000000000000 0000000000008000 bits61_79 0 0 74 32.00453 2.32 0 0 0 0 0 0 0 0 0
2000000000000000 0000000000010000 bits61_80 0 0 50 31.99953 -0.24 0 0 0 0 0 0 0 0 0
2000000000000000 0000000000020000 bits61_81 0 0 67 31.99938 -0.32 0 0 0 0 0 0 0 0 0
2000000000000000 0000000000040000 bits61_82 0 0 63 31.99653 -1.78 0 0 0 0 0 0 0 0 0
2000000000000000 0000000000080000 bits61_83 0 0 67 31.99946 -0.28 0 0 0 0 0 0 0 0 0
2000000000000000 0000000000100000 bits61_84 0 0 50 31.99994 -0.03 0 0 0 0 0 0 0 0 0
2000000000000000 0000000000200000 bits61_85 0 0 63 32.00156 0.80 0 0 0 0 0 0 0 0 0
2000000000000000 0000000000400000 bits61_86 0 0 58 31.99794 -1.05 0 0 0 0 0 0 0 0 0
2000000000000000 0000000000800000 bits61_87 0 0 66 31.99828 -0.88 0 0 0 0 0 0 0 0 0
2000000000000000 0000000001000000 bits61_88 0 0 76 32.00041 0.21 0 0 0 0 0 0 0 0 0
2000000000000000 0000000002000000 bits61_89 0 0 58 32.00115 0.59 0 0 0 0 0 0 0 0 0
2000000000000000 0000000004000000 bits61_90 0 0 56 32.00173 0.89 0 0 0 0 0 0 0 0 0
2000000000000000 0000000008000000 bits61_91 0 0 65 32.00160 0.82 0 0 0 0 0 0 0 0 0
2000000000000000 0000000010000000 bits61_92 0 0 82 32.00018 0.09 0 0 0 0 0 0 0 0 0
2000000000000000 0000000020000000 bits61_93 0 0 51 31.99745 -1.31 0 0 0 0 0 0 0 0 0
2000000000000000 0000000040000000 bits61_94 0 0 62 32.00137 0.70 0 0 0 0 0 0 0 0 0
2000000000000000 0000000080000000 bits61_95 0 0 83 31.99795 -1.05 0 0 0 0 0 0 0 0 0
2000000000000000 0000000100000000 bits61_96 0 0 49 31.99743 -1.31 0 0 0 0 0 0 0 0 0
2000000000000000 0000000200000000 bits61_97 0 0 60 32.00215 1.10 0 0 0 0 0 0 0 0 0
2000000000000000 0000000400000000 bits61_98 0 0 75 31.99895 -0.54 0 0 0 0 0 0 0 0 0
2000000000000000 0000000800000000 bits61_99 0 0 60 32.00044 0.22 0 0 0 0 0 0 0 0 0
2000000000000000 0000001000000000 bits61_100 0 0 76 32.00056 0.29 0 0 0 0 0 0 0 0 0
2000000000000000 0000002000000000 bits61_101 0 0 61 32.00188 0.96 0 0 0 0 0 0 0 0 0
2000000000000000 0000004000000000 bits61_102 0 0 74 31.99858 -0.73 0 0 0 0 0 0 0 0 0
2000000000000000 0000008000000000 bits61_103 0 0 62 31.99979 -0.11 0 0 0 0 0 0 0 0 0
2000000000000000 0000010000000000 bits61_104 0 0 70 32.00226 1.16 0 0 0 0 0 0 0 0 0
2000000000000000 0000020000000000 bits61_105 0 0 53 31.99881 -0.61 0 0 0 0 0 0 0 0 0
2000000000000000 0000040000000000 bits61_106 0 0 58 32.00025 0.13 0 0 0 0 0 0 0 0 0
2000000000000000 0000080000000000 bits61_107 0 0 61 31.99809 -0.98 0 0 0 0 0 0 0 0 0
2000000000000000 0000100000000000 bits61_108 0 0 76 31.99992 -0.04 0 0 0 0 0 0 0 0 0
2000000000000000 0000200000000000 bits61_109 0 0 70 32.00082 0.42 0 0 0 0 0 0 0 0 0
2000000000000000 0000400000000000 bits61_110 0 0 63 31.99999 -0.00 0 0 0 0 0 0 0 0 0
2000000000000000 0000800000000000 bits61_111 0 0 57 32.00066 0.34 0 0 0 0 0 0 0 0 0
2000000000000000 0001000000000000 bits61_112 0 0 59 32.00305 1.56 0 0 0 0 0 0 0 0 0
2000000000000000 0002000000000000 bits61_113 0 0 57 31.99924 -0.39 0 0 0 0 0 0 0 0 0
2000000000000000 0004000000000000 bits61_114 0 0 61 32.00022 0.11 0 0 0 0 0 0 0 0 0
2000000000000000 0008000000000000 bits61_115 0 0 52 32.00205 1.05 0 0 0 0 0 0 0 0 0
2000000000000000 0010000000000000 bits61_116 0 0 71 32.00021 0.11 0 0 0 0 0 0 0 0 0
2000000000000000 0020000000000000 bits61_117 0 0 46 32.00085 0.44 0 0 0 0 0 0 0 0 0
2000000000000000 0040000000000000 bits61_118 0 0 61 31.99821 -0.92 0 0 0 0 0 0 0 0 0
2000000000000000 0080000000000000 bits61_119 0 0 62 31.99962 -0.19 0 0 0 0 0 0 0 0 0
2000000000000000 0100000000000000 bits61_120 0 0 49 32.00108 0.55 0 0 0 0 0 0 0 0 0
2000000000000000 0200000000000000 bits61_121 0 0 55 31.99880 -0.61 0 0 0 0 0 0 0 0 0
2000000000000000 0400000000000000 bits61_122 0 0 78 32.00004 0.02 0 0 0 0 0 0 0 0 0
2000000000000000 0800000000000000 bits61_123 0 0 55 31.99950 -0.26 0 0 0 0 0 0 0 0 0
2000000000000000 1000000000000000 bits61_124 0 0 74 31.99964 -0.18 0 0 0 0 0 0 0 0 0
2000000000000000 2000000000000000 bits61_125 0 0 57 31.99710 -1.49 0 0 0 0 0 0 0 0 0
2000000000000000 4000000000000000 bits61_126 0 0 75 31.99955 -0.23 0 0 0 0 0 0 0 0 0
2000000000000000 8000000000000000 bits61_127 0 0 71 31.99755 -1.25 0 0 0 0 0 0 0 0 0
c000000000000000 0000000000000000 bits62_63 0 0 44 32.00230 1.18 0 0 0 0 0 0 0 0 0
4000000000000000 0000000000000001 bits62_64 0 0 61 32.00158 0.81 0 0 0 0 0 0 0 0 0
4000000000000000 0000000000000002 bits62_65 0 0 74 31.99948 -0.27 0 0 0 0 0 0 0 0 0
4000000000000000 0000000000000004 bits62_66 0 0 59 32.00095 0.49 0 0 0 0 0 0 0 0 0
4000000000000000 0000000000000008 bits62_67 0 0 61 32.00428 2.19 0 0 0 0 0 0 0 0 0
4000000000000000 0000000000000010 bits62_68 0 0 64 32.00218 1.12 0 0 0 0 0 0 0 0 0
4000000000000000 0000000000000020 bits62_69 0 0 85 32.00144 0.74 0 0 0 0 0 0 0 0 0
4000000000000000 0000000000000040 bits62_70 0 0 76 31.99785 -1.10 0 0 0 0 0 0 0 0 0
4000000000000000 0000000000000080 bits62_71 0 0 62 32.00003 0.02 0 0 0 0 0 0 0 0 0
4000000000000000 0000000000000100 bits62_72 0 0 71 32.00030 0.15 0 0 0 0 0 0 0 0 0
4000000000000000 0000000000000200 bits62_73 0 0 58 32.00193 0.99 0 0 0 0 0 0 0 0 0
4000000000000000 0000000000000400 bits62_74 0 0 68 32.00174 0.89 0 0 0 0 0 0 0 0 0
4000000000000000 0000000000000800 bits62_75 0 0 71 32.00313 1.60 0 0 0 0 0 0 0 0 0
4000000000000000 0000000000001000 bits62_76 0 0 80 32.00426 2.18 0 0 0 0 0 0 0 0 0
4000000000000000 0000000000002000 bits62_77 0 0 56 32.00227 1.16 0 0 0 0 0 0 0 0 0
4000000000000000 0000000000004000 bits62_78 0 0 53 31.99678 -1.65 0 0 0 0 0 0 0 0 0
4000000000000000 0000000000008000 bits62_79 0 0 76 32.00135 0.69 0 0 0 0 0 0 0 0 0
4000000000000000 0000000000010000 bits62_80 0 0 74 32.00073 0.37 0 0 0 0 0 0 0 0 0
4000000000000000 0000000000020000 bits62_81 0 0 75 32.00220 1.13 0 0 0 0 0 0 0 0 0
4000000000000000 0000000000040000 bits62_82 0 0 61 31.99777 -1.14 0 0 0 0 0 0 0 0 0
4000000000000000 0000000000080000 bits62_83 0 0 67 32.00237 1.21 0 0 0 0 0 0 0 0 0
4000000000000000 0000000000100000 bits62_84 0 0 56 32.00475 2.43 0 0 0 0 0 0 0 0 0
4000000000000000 0000000000200000 bits62_85 0 0 59 31.99866 -0.69 0 0 0 0 0 0 0 0 0
4000000000000000 0000000000400000 bits62_86 0 0 64 31.99839 -0.82 0 0 0 0 0 0 0 0 0
4000000000000000 0000000000800000 bits62_87 0 0 54 31.99964 -0.18 0 0 0 0 0 0 0 0 0
4000000000000000 0000000001000000 bits62_88 0 0 66 32.00171 0.87 0 0 0 0 0 0 0 0 0
4000000000000000 0000000002000000 bits62_89 0 0 67 32.00021 0.11 0 0 0 0 0 0 0 0 0
4000000000000000 0000000004000000 bits62_90 0 0 72 31.99862 -0.71 0 0 0 0 0 0 0 0 0
4000000000000000 0000000008000000 bits62_91 0 0 77 32.00194 0.99 0 0 0 0 0 0 0 0 0
4000000000000000 0000000010000000 bits62_92 0 0 69 32.00043 0.22 0 0 0 0 0 0 0 0 0
4000000000000000 0000000020000000 bits62_93 0 0 65 32.00104 0.53 0 0 0 0 0 0 0 0 0
4000000000000000 0000000040000000 bits62_94 0 0 52 31.99876 -0.64 0 0 0 0 0 0 0 0 0
4000000000000000 0000000080000000 bits62_95 0 0 56 31.99933 -0.34 0 0 0 0 0 0 0 0 0
4000000000000000 0000000100000000 bits62_96 0 0 51 31.99831 -0.87 0 0 0 0 0 0 0 0 0
4000000000000000 0000000200000000 bits62_97 0 0 78 31.99753 -1.26 0 0 0 0 0 0 0 0 0
4000000000000000 0000000400000000 bits62_98 0 0 67 31.99860 -0.72 0 0 0 0 0 0 0 0 0
4000000000000000 0000000800000000 bits62_99 0 0 54 32.00136 0.69 0 0 0 0 0 0 0 0 0
4000000000000000 0000001000000000 bits62_100 0 0 67 32.00020 0.10 0 0 0 0 0 0 0 0 0
4000000000000000 0000002000000000 bits62_101 0 0 61 31.99938 -0.32 0 0 0 0 0 0 0 0 0
4000000000000000 0000004000000000 bits62_102 0 0 67 31.99795 -1.05 0 0 0 0 0 0 0 0 0
4000000000000000 0000008000000000 bits62_103 0 0 49 32.00372 1.91 0 0 0 0 0 0 0 0 0
4000000000000000 0000010000000000 bits62_104 0 0 60 31.99936 -0.33 0 0 0 0 0 0 0 0 0
4000000000000000 0000020000000000 bits62_105 0 0 60 31.99649 -1.80 0 0 0 0 0 0 0 0 0
4000000000000000 0000040000000000 bits62_106 0 0 76 32.00304 1.56 0 0 0 0 0 0 0 0 0
4000000000000000 0000080000000000 bits62_107 0 0 78 31.99957 -0.22 0 0 0 0 0 0 0 0 0
4000000000000000 0000100000000000 bits62_108 0 0 63 31.99968 -0.17 0 0 0 0 0 0 0 0 0
4000000000000000 0000200000000000 bits62_109 0 0 67 32.00146 0.75 0 0 0 0 0 0 0 0 0
4000000000000000 0000400000000000 bits62_110 0 0 49 32.00153 0.78 0 0 0 0 0 0 0 0 0
4000000000000000 0000800000000000 bits62_111 0 0 60 31.99765 -1.20 0 0 0 0 0 0 0 0 0
4000000000000000 0001000000000000 bits62_112 0 0 61 32.00087 0.45 0 0 0 0 0 0 0 0 0
4000000000000000 0002000000000000 bits62_113 0 0 65 31.99824 -0.90 0 0 0 0 0 0 0 0 0
4000000000000000 0004000000000000 bits62_114 0 0 59 32.00028 0.14 0 0 0 0 0 0 0 0 0
4000000000000000 0008000000000000 bits62_115 0 0 72 31.99943 -0.29 0 0 0 0 0 0 0 0 0
4000000000000000 0010000000000000 bits62_116 0 0 65 32.00040 0.21 0 0 0 0 0 0 0 0 0
4000000000000000 0020000000000000 bits62_117 0 0 52 32.00105 0.54 0 0 0 0 0 0 0 0 0
4000000000000000 0040000000000000 bits62_118 0 0 66 32.00245 1.25 0 0 0 0 0 0 0 0 0
4000000000000000 0080000000000000 bits62_119 0 0 52 32.00210 1.08 0 0 0 0 0 0 0 0 0
4000000000000000 0100000000000000 bits62_120 0 0 63 31.99994 -0.03 0 0 0 0 0 0 0 0 0
4000000000000000 0200000000000000 bits62_121 0 0 65 31.99998 -0.01 0 0 0 0 0 0 0 0 0
4000000000000000 0400000000000000 bits62_122 0 0 61 31.99939 -0.31 0 0 0 0 0 0 0 0 0
4000000000000000 0800000000000000 bits62_123 0 0 85 32.00132 0.67 0 0 0 0 0 0 0 0 0
4000000000000000 1000000000000000 bits62_124 0 0 67 32.00241 1.23 0 0 0 0 0 0 0 0 0
4000000000000000 2000000000000000 bits62_125 0 0 64 32.00069 0.35 0 0 0 0 0 0 0 0 0
4000000000000000 4000000000000000 bits62_126 0 0 65 32.00083 0.42 0 0 0 0 0 0 0 0 0
4000000000000000 8000000000000000 bits62_127 0 0 69 32.00136 0.70 0 0 0 0 0 0 0 0 0
8000000000000000 0000000000000001 bits63_64 0 0 75 31.99624 -1.93 0 0 0 0 0 0 0 0 0
8000000000000000 0000000000000002 bits63_65 0 0 69 31.99711 -1.48 0 0 0 0 0 0 0 0 0
8000000000000000 0000000000000004 bits63_66 0 0 58 31.99658 -1.75 0 0 0 0 0 0 0 0 0
8000000000000000 0000000000000008 bits63_67 0 0 66 31.99713 -1.47 0 0 0 0 0 0 0 0 0
8000000000000000 0000000000000010 bits63_68 0 0 61 32.00256 1.31 0 0 0 0 0 0 0 0 0
8000000000000000 0000000000000020 bits63_69 0 0 66 31.99968 -0.16 0 0 0 0 0 0 0 0 0
8000000000000000 0000000000000040 bits63_70 0 0 63 31.99927 -0.37 0 0 0 0 0 0 0 0 0
8000000000000000 0000000000000080 bits63_71 0 0 64 32.00007 0.04 0 0 0 0 0 0 0 0 0
8000000000000000 0000000000000100 bits63_72 0 0 71 32.00204 1.04 0 0 0 0 0 0 0 0 0
8000000000000000 0000000000000200 bits63_73 0 0 61 32.00138 0.71 0 0 0 0 0 0 0 0 0
8000000000000000 0000000000000400 bits63_74 0 0 81 31.99632 -1.89 0 0 0 0 0 0 0 0 0
8000000000000000 0000000000000800 bits63_75 0 0 56 31.99855 -0.74 0 0 0 0 0 0 0 0 0
8000000000000000 0000000000001000 bits63_76 0 0 64 31.99774 -1.16 0 0 0 0 0 0 0 0 0
8000000000000000 0000000000002000 bits63_77 0 0 61 31.99860 -0.72 0 0 0 0 0 0 0 0 0
8000000000000000 0000000000004000 bits63_78 0 0 62 31.99904 -0.49 0 0 0 0 0 0 0 0 0
8000000000000000 0000000000008000 bits63_79 0 0 56 32.00051 0.26 0 0 0 0 0 0 0 0 0
8000000000000000 0000000000010000 bits63_80 0 0 66 32.00072 0.37 0 0 0 0 0 0 0 0 0
8000000000000000 0000000000020000 bits63_81 0 0 65 32.00254 1.30 0 0 0 0 0 0 0 0 0
8000000000000000 0000000000040000 bits63_82 0 0 54 32.00156 0.80 0 0 0 0 0 0 0 0 0
8000000000000000 0000000000080000 bits63_83 0 0 61 32.00089 0.45 0 0 0 0 0 0 0 0 0
8000000000000000 0000000000100000 bits63_84 0 0 70 32.00083 0.43 0 0 0 0 0 0 0 0 0
8000000000000000 0000000000200000 bits63_85 0 0 59 32.00178 0.91 0 0 0 0 0 0 0 0 0
8000000000000000 0000000000400000 bits63_86 0 0 61 31.99889 -0.57 0 0 0 0 0 0 0 0 0
8000000000000000 0000000000800000 bits63_87 0 0 62 31.99885 -0.59 0 0 0 0 0 0 0 0 0
8000000000000000 0000000001000000 bits63_88 0 0 74 31.99675 -1.66 0 0 0 0 0 0 0 0 0
8000000000000000 0000000002000000 bits63_89 0 0 62 31.99826 -0.89 0 0 0 0 0 0 0 0 0
8000000000000000 0000000004000000 bits63_90 0 0 59 31.99817 -0.93 0 0 0 0 0 0 0 0 0
8000000000000000 0000000008000000 bits63_91 0 0 61 31.99832 -0.86 0 0 0 0 0 0 0 0 0
8000000000000000 0000000010000000 bits63_92 0 0 62 31.99983 -0.09 0 0 0 0 0 0 0 0 0
8000000000000000 0000000020000000 bits63_93 0 0 61 32.00055 0.28 0 0 0 0 0 0 0 0 0
8000000000000000 0000000040000000 bits63_94 0 0 82 31.99476 -2.68 0 0 0 0 0 0 0 0 0
8000000000000000 0000000080000000 bits63_95 0 0 58 32.00020 0.10 0 0 0 0 0 0 0 0 0
8000000000000000 0000000100000000 bits63_96 0 0 63 31.99902 -0.50 0 0 0 0 0 0 0 0 0
8000000000000000 0000000200000000 bits63_97 0 0 65 31.99965 -0.18 0 0 0 0 0 0 0 0 0
8000000000000000 0000000400000000 bits63_98 0 0 61 32.00181 0.93 0 0 0 0 0 0 0 0 0
8000000000000000 0000000800000000 bits63_99 0 0 80 32.00006 0.03 0 0 0 0 0 0 0 0 0
8000000000000000 0000001000000000 bits63_100 0 0 49 31.99939 -0.31 0 0 0 0 0 0 0 0 0
8000000000000000 0000002000000000 bits63_101 0 0 57 31.99867 -0.68 0 0 0 0 0 0 0 0 0
8000000000000000 0000004000000000 bits63_102 0 0 56 32.00074 0.38 0 0 0 0 0 0 0 0 0
8000000000000000 0000008000000000 bits63_103 0 0 87 32.00004 0.02 0 0 0 0 0 0 0 0 0
8000000000000000 0000010000000000 bits63_104 0 0 68 31.99874 -0.64 0 0 0 0 0 0 0 0 0
8000000000000000 0000020000000000 bits63_105 0 0 60 32.00370 1.89 0 0 0 0 0 0 0 0 0
8000000000000000 0000040000000000 bits63_106 0 0 86 32.00208 1.07 0 0 0 0 0 0 0 0 0
8000000000000000 0000080000000000 bits63_107 0 0 69 32.00074 0.38 0 0 0 0 0 0 0 0 0
8000000000000000 0000100000000000 bits63_108 0 0 69 31.99780 -1.12 0 0 0 0 0 0 0 0 0
8000000000000000 0000200000000000 bits63_109 0 0 66 31.99915 -0.44 0 0 0 0 0 0 0 0 0
8000000000000000 0000400000000000 bits63_110 0 0 68 32.00027 0.14 0 0 0 0 0 0 0 0 0
8000000000000000 0000800000000000 bits63_111 0 0 70 31.99734 -1.36 0 0 0 0 0 0 0 0 0
8000000000000000 0001000000000000 bits63_112 0 0 77 31.99968 -0.17 0 0 0 0 0 0 0 0 0
8000000000000000 0002000000000000 bits63_113 0 0 69 31.99658 -1.75 0 0 0 0 0 0 0 0 0
8000000000000000 0004000000000000 bits63_114 0 0 63 32.00220 1.12 0 0 0 0 0 0 0 0 0
8000000000000000 0008000000000000 bits63_115 0 0 70 32.00314 1.61 0 0 0 0 0 0 0 0 0
8000000000000000 0010000000000000 bits63_116 0 0 64 32.00339 1.73 0 0 0 0 0 0 0 0 0
8000000000000000 0020000000000000 bits63_117 0 0 70 31.99845 -0.79 0 0 0 0 0 0 0 0 0
8000000000000000 0040000000000000 bits63_118 0 0 56 32.00241 1.24 0 0 0 0 0 0 0 0 0
8000000000000000 0080000000000000 bits63_119 0 0 69 31.99999 -0.01 0 0 0 0 0 0 0 0 0
8000000000000000 0100000000000000 bits63_120 0 0 62 31.99843 -0.80 0 0 0 0 0 0 0 0 0
8000000000000000 0200000000000000 bits63_121 0 0 61 31.99996 -0.02 0 0 0 0 0 0 0 0 0
8000000000000000 0400000000000000 bits63_122 0 0 82 32.00189 0.97 0 0 0 0 0 0 0 0 0
8000000000000000 0800000000000000 bits63_123 0 0 76 31.99961 -0.20 0 0 0 0 0 0 0 0 0
8000000000000000 1000000000000000 bits63_124 0 0 53 31.99951 -0.25 0 0 0 0 0 0 0 0 0
8000000000000000 2000000000000000 bits63_125 0 0 59 32.00266 1.36 0 0 0 0 0 0 0 0 0
8000000000000000 4000000000000000 bits63_126 0 0 49 31.99813 -0.96 0 0 0 0 0 0 0 0 0
8000000000000000 8000000000000000 bits63_127 0 0 66 32.00503 2.57 0 0 0 0 0 0 0 0 0
0000000000000000 0000000000000003 bits64_65 0 0 63 32.00149 0.76 0 0 0 0 0 0 0 0 0
0000000000000000 0000000000000005 bits64_66 0 0 57 31.99744 -1.31 0 0 0 0 0 0 0 0 0
0000000000000000 0000000000000009 bits64_67 0 0 68 31.99711 -1.48 0 0 0 0 0 0 0 0 0
0000000000000000 0000000000000011 bits64_68 0 0 44 32.00137 0.70 0 0 0 0 0 0 0 0 0
0000000000000000 0000000000000021 bits64_69 0 0 64 31.99527 -2.42 0 0 0 0 0 0 0 0 0
0000000000000000 0000000000000041 bits64_70 0 0 58 31.99917 -0.42 0 0 0 0 0 0 0 0 0
0000000000000000 0000000000000081 bits64_71 0 0 60 31.99972 -0.14 0 0 0 0 0 0 0 0 0
0000000000000000 0000000000000101 bits64_72 0 0 59 32.00092 0.47 0 0 0 0 0 0 0 0 0
0000000000000000 0000000000000201 bits64_73 0 0 66 31.99897 -0.53 0 0 0 0 0 0 0 0 0
0000000000000000 0000000000000401 bits64_74 0 0 51 31.99958 -0.22 0 0 0 0 0 0 0 0 0
0000000000000000 0000000000000801 bits64_75 0 0 41 32.00068 0.35 0 0 0 0 0 0 0 0 0
0000000000000000 0000000000001001 bits64_76 0 0 58 32.00180 0.92 0 0 0 0 0 0 0 0 0
0000000000000000 0000000000002001 bits64_77 0 0 78 32.00250 1.28 0 0 0 0 0 0 0 0 0
0000000000000000 0000000000004001 bits64_78 0 0 51 31.99695 -1.56 0 0 0 0 0 0 0 0 0
0000000000000000 0000000000008001 bits64_79 0 0 57 31.99739 -1.34 0 0 0 0 0 0 0 0 0
0000000000000000 0000000000010001 bits64_80 0 0 65 31.99955 -0.23 0 0 0 0 0 0 0 0 0
0000000000000000 0000000000020001 bits64_81 0 0 57 32.00152 0.78 0 0 0 0 0 0 0 0 0
0000000000000000 0000000000040001 bits64_82 0 0 57 31.99823 -0.91 0 0 0 0 0 0 0 0 0
0000000000000000 0000000000080001 bits64_83 0 0 64 32.00017 0.09 0 0 0 0 0 0 0 0 0
0000000000000000 0000000000100001 bits64_84 0 0 62 32.00306 1.57 0 0 0 0 0 0 0 0 0
0000000000000000 0000000000200001 bits64_85 0 0 69 31.99733 -1.37 0 0 0 0 0 0 0 0 0
0000000000000000 0000000000400001 bits64_86 0 0 49 31.99867 -0.68 0 0 0 0 0 0 0 0 0
0000000000000000 0000000000800001 bits64_87 0 0 63 31.99818 -0.93 0 0 0 0 0 0 0 0 0
0000000000000000 0000000001000001 bits64_88 0 0 64 32.00028 0.14 0 0 0 0 0 0 0 0 0
0000000000000000 0000000002000001 bits64_89 0 0 65 31.99719 -1.44 0 0 0 0 0 0 0 0 0
0000000000000000 0000000004000001 bits64_90 0 0 70 32.00189 0.97 0 0 0 0 0 0 0 0 0
0000000000000000 0000000008000001 bits64_91 0 0 71 31.99757 -1.25 0 0 0 0 0 0 0 0 0
0000000000000000 0000000010000001 bits64_92 0 0 56 32.00138 0.71 0 0 0 0 0 0 0 0 0
0000000000000000 0000000020000001 bits64_93 0 0 67 32.00168 0.86 0 0 0 0 0 0 0 0 0
0000000000000000 0000000040000001 bits64_94 0 0 68 31.99726 -1.40 0 0 0 0 0 0 0 0 0
0000000000000000 0000000080000001 bits64_95 0 0 60 32.00259 1.33 0 0 0 0 0 0 0 0 0
0000000000000000 0000000100000001 bits64_96 0 0 65 32.00082 0.42 0 0 0 0 0 0 0 0 0
0000000000000000 0000000200000001 bits64_97 0 0 77 32.00189 0.97 0 0 0 0 0 0 0 0 0
0000000000000000 0000000400000001 bits64_98 0 0 71 32.00055 0.28 0 0 0 0 0 0 0 0 0
0000000000000000 0000000800000001 bits64_99 0 0 65 31.99970 -0.15 0 0 0 0 0 0 0 0 0
0000000000000000 0000001000000001 bits64_100 0 0 65 31.99799 -1.03 0 0 0 0 0 0 0 0 0
0000000000000000 0000002000000001 bits64_101 0 0 64 31.99992 -0.04 0 0 0 0 0 0 0 0 0
0000000000000000 0000004000000001 bits64_102 0 0 57 31.99774 -1.16 0 0 0 0 0 0 0 0 0
0000000000000000 0000008000000001 bits64_103 0 0 51 31.99794 -1.05 0 0 0 0 0 0 0 0 0
0000000000000000 0000010000000001 bits64_104 0 0 70 32.00223 1.14 0 0 0 0 0 0 0 0 0
0000000000000000 0000020000000001 bits64_105 0 0 52 32.00404 2.07 0 0 0 0 0 0 0 0 0
0000000000000000 0000040000000001 bits64_106 0 0 72 32.00462 2.36 0 0 0 0 0 0 0 0 0
0000000000000000 0000080000000001 bits64_107 0 0 66 32.00226 1.16 0 0 0 0 0 0 0 0 0
0000000000000000 0000100000000001 bits64_108 0 0 77 32.00159 0.81 0 0 0 0 0 0 0 0 0
0000000000000000 0000200000000001 bits64_109 0 0 49 32.00051 0.26 0 0 0 0 0 0 0 0 0
0000000000000000 0000400000000001 bits64_110 0 0 65 32.00036 0.19 0 0 0 0 0 0 0 0 0
0000000000000000 0000800000000001 bits64_111 0 0 71 31.99938 -0.32 0 0 0 0 0 0 0 0 0
0000000000000000 0001000000000001 bits64_112 0 0 58 31.99618 -1.96 0 0 0 0 0 0 0 0 0
0000000000000000 0002000000000001 bits64_113 0 0 66 31.99794 -1.06 0 0 0 0 0 0 0 0 0
0000000000000000 0004000000000001 bits64_114 0 0 52 31.99966 -0.17 0 0 0 0 0 0 0 0 0
0000000000000000 0008000000000001 bits64_115 0 0 75 31.99889 -0.57 0 0 0 0 0 0 0 0 0
0000000000000000 0010000000000001 bits64_116 0 0 63 31.99716 -1.45 0 0 0 0 0 0 0 0 0
0000000000000000 0020000000000001 bits64_117 0 0 85 32.00189 0.97 0 0 0 0 0 0 0 0 0
0000000000000000 0040000000000001 bits64_118 0 0 71 32.00126 0.64 0 0 0 0 0 0 0 0 0
0000000000000000 0080000000000001 bits64_119 0 0 54 31.99598 -2.06 0 0 0 0 0 0 0 0 0
0000000000000000 0100000000000001 bits64_120 0 0 64 31.99940 -0.31 0 0 0 0 0 0 0 0 0
0000000000000000 0200000000000001 bits64_121 0 0 62 32.00164 0.84 0 0 0 0 0 0 0 0 0
0000000000000000 0400000000000001 bits64_122 0 0 59 32.00089 0.45 0 0 0 0 0 0 0 0 0
0000000000000000 0800000000000001 bits64_123 0 0 62 32.00032 0.16 0 0 0 0 0 0 0 0 0
0000000000000000 1000000000000001 bits64_124 0 0 70 32.00271 1.39 0 0 0 0 0 0 0 0 0
0000000000000000 2000000000000001 bits64_125 0 0 55 32.00046 0.23 0 0 0 0 0 0 0 0 0
0000000000000000 4000000000000001 bits64_126 0 0 76 31.99719 -1.44 0 0 0 0 0 0 0 0 0
0000000000000000 8000000000000001 bits64_127 0 0 61 31.99928 -0.37 0 0 0 0 0 0 0 0 0
0000000000000000 0000000000000006 bits65_66 0 0 52 31.99872 -0.66 0 0 0 0 0 0 0 0 0
0000000000000000 000000000000000a bits65_67 0 0 57 32.00494 2.53 0 0 0 0 0 0 0 0 0
0000000000000000 0000000000000012 bits65_68 0 0 73 31.99726 -1.40 0 0 0 0 0 0 0 0 0
0000000000000000 0000000000000022 bits65_69 0 0 76 32.00458 2.34 0 0 0 0 0 0 0 0 0
0000000000000000 0000000000000042 bits65_70 0 0 69 32.00430 2.20 0 0 0 0 0 0 0 0 0
0000000000000000 0000000000000082 bits65_71 0 0 63 31.99867 -0.68 0 0 0 0 0 0 0 0 0
0000000000000000 0000000000000102 bits65_72 0 0 73 31.99715 -1.46 0 0 0 0 0 0 0 0 0
0000000000000000 0000000000000202 bits65_73 0 0 54 31.99910 -0.46 0 0 0 0 0 0 0 0 0
0000000000000000 0000000000000402 bits65_74 0 0 59 31.99810 -0.97 0 0 0 0 0 0 0 0 0
