# variant=12 W=2 log2keys=22 seed=4647 mode=R N=4194304
# d0 d1 name coll low32 low16 meanpop z hist0..8
0000000000000000 0000000000000802 bits65_75 0 0 61 32.00268 1.37 0 0 0 0 0 0 0 0 0
0000000000000000 0000000000001002 bits65_76 0 0 64 32.00090 0.46 0 0 0 0 0 0 0 0 0
0000000000000000 0000000000002002 bits65_77 0 0 63 32.00145 0.74 0 0 0 0 0 0 0 0 0
0000000000000000 0000000000004002 bits65_78 0 0 74 31.99901 -0.51 0 0 0 0 0 0 0 0 0
0000000000000000 0000000000008002 bits65_79 0 0 75 32.00128 0.65 0 0 0 0 0 0 0 0 0
0000000000000000 0000000000010002 bits65_80 0 0 61 31.99946 -0.28 0 0 0 0 0 0 0 0 0
0000000000000000 0000000000020002 bits65_81 0 0 59 32.00006 0.03 0 0 0 0 0 0 0 0 0
0000000000000000 0000000000040002 bits65_82 0 0 60 31.99885 -0.59 0 0 0 0 0 0 0 0 0
0000000000000000 0000000000080002 bits65_83 0 0 79 32.00102 0.52 0 0 0 0 0 0 0 0 0
0000000000000000 0000000000100002 bits65_84 0 0 49 32.00284 1.45 0 0 0 0 0 0 0 0 0
0000000000000000 0000000000200002 bits65_85 0 0 67 31.99806 -0.99 0 0 0 0 0 0 0 0 0
0000000000000000 0000000000400002 bits65_86 0 0 61 31.99815 -0.95 0 0 0 0 0 0 0 0 0
0000000000000000 0000000000800002 bits65_87 0 0 54 32.00205 1.05 0 0 0 0 0 0 0 0 0
0000000000000000 0000000001000002 bits65_88 0 0 65 31.99861 -0.71 0 0 0 0 0 0 0 0 0
0000000000000000 0000000002000002 bits65_89 0 0 57 31.99988 -0.06 0 0 0 0 0 0 0 0 0
0000000000000000 0000000004000002 bits65_90 0 0 49 31.99828 -0.88 0 0 0 0 0 0 0 0 0
0000000000000000 0000000008000002 bits65_91 0 0 62 31.99476 -2.68 0 0 0 0 0 0 0 0 0
0000000000000000 0000000010000002 bits65_92 0 0 63 32.00228 1.17 0 0 0 0 0 0 0 0 0
0000000000000000 0000000020000002 bits65_93 0 0 58 31.99979 -0.11 0 0 0 0 0 0 0 0 0
0000000000000000 0000000040000002 bits65_94 0 0 65 31.99958 -0.22 0 0 0 0 0 0 0 0 0
0000000000000000 0000000080000002 bits65_95 0 0 74 32.00044 0.22 0 0 0 0 0 0 0 0 0
0000000000000000 0000000100000002 bits65_96 0 0 55 31.99877 -0.63 0 0 0 0 0 0 0 0 0
0000000000000000 0000000200000002 bits65_97 0 0 66 31.99860 -0.71 0 0 0 0 0 0 0 0 0
0000000000000000 0000000400000002 bits65_98 0 0 55 32.00014 0.07 0 0 0 0 0 0 0 0 0
0000000000000000 0000000800000002 bits65_99 0 0 83 32.00007 0.04 0 0 0 0 0 0 0 0 0
0000000000000000 0000001000000002 bits65_100 0 0 57 31.99972 -0.14 0 0 0 0 0 0 0 0 0
0000000000000000 0000002000000002 bits65_101 0 0 69 32.00183 0.94 0 0 0 0 0 0 0 0 0
0000000000000000 0000004000000002 bits65_102 0 0 65 32.00005 0.03 0 0 0 0 0 0 0 0 0
0000000000000000 0000008000000002 bits65_103 0 0 73 31.99930 -0.36 0 0 0 0 0 0 0 0 0
0000000000000000 0000010000000002 bits65_104 0 0 63 32.00097 0.50 0 0 0 0 0 0 0 0 0
0000000000000000 0000020000000002 bits65_105 0 0 63 31.99895 -0.54 0 0 0 0 0 0 0 0 0
0000000000000000 0000040000000002 bits65_106 0 0 64 32.00191 0.98 0 0 0 0 0 0 0 0 0
0000000000000000 0000080000000002 bits65_107 0 0 60 32.00230 1.18 0 0 0 0 0 0 0 0 0
0000000000000000 0000100000000002 bits65_108 0 0 65 31.99921 -0.41 0 0 0 0 0 0 0 0 0
0000000000000000 0000200000000002 bits65_109 0 0 58 31.99685 -1.61 0 0 0 0 0 0 0 0 0
0000000000000000 0000400000000002 bits65_110 0 0 82 32.00375 1.92 0 0 0 0 0 0 0 0 0
0000000000000000 0000800000000002 bits65_111 0 0 65 32.00124 0.63 0 0 0 0 0 0 0 0 0
0000000000000000 0001000000000002 bits65_112 0 0 73 31.99847 -0.78 0 0 0 0 0 0 0 0 0
0000000000000000 0002000000000002 bits65_113 0 0 53 32.00313 1.60 0 0 0 0 0 0 0 0 0
0000000000000000 0004000000000002 bits65_114 0 0 46 32.00090 0.46 0 0 0 0 0 0 0 0 0
0000000000000000 0008000000000002 bits65_115 0 0 59 31.99595 -2.07 0 0 0 0 0 0 0 0 0
0000000000000000 0010000000000002 bits65_116 0 0 62 32.00024 0.12 0 0 0 0 0 0 0 0 0
0000000000000000 0020000000000002 bits65_117 0 0 59 31.99934 -0.34 0 0 0 0 0 0 0 0 0
0000000000000000 0040000000000002 bits65_118 0 0 66 32.00025 0.13 0 0 0 0 0 0 0 0 0
0000000000000000 0080000000000002 bits65_119 0 0 70 32.00011 0.06 0 0 0 0 0 0 0 0 0
0000000000000000 0100000000000002 bits65_120 0 0 55 32.00033 0.17 0 0 0 0 0 0 0 0 0
0000000000000000 0200000000000002 bits65_121 0 0 72 32.00220 1.12 0 0 0 0 0 0 0 0 0
0000000000000000 0400000000000002 bits65_122 0 0 67 31.99665 -1.71 0 0 0 0 0 0 0 0 0
0000000000000000 0800000000000002 bits65_123 0 0 54 31.99953 -0.24 0 0 0 0 0 0 0 0 0
0000000000000000 1000000000000002 bits65_124 0 0 51 32.00330 1.69 0 0 0 0 0 0 0 0 0
0000000000000000 2000000000000002 bits65_125 0 0 54 32.00007 0.04 0 0 0 0 0 0 0 0 0
0000000000000000 4000000000000002 bits65_126 0 0 77 31.99958 -0.22 0 0 0 0 0 0 0 0 0
0000000000000000 8000000000000002 bits65_127 0 0 49 31.99801 -1.02 0 0 0 0 0 0 0 0 0
0000000000000000 000000000000000c bits66_67 0 0 69 31.99535 -2.38 0 0 0 0 0 0 0 0 0
0000000000000000 0000000000000014 bits66_68 0 0 71 31.99893 -0.55 0 0 0 0 0 0 0 0 0
0000000000000000 0000000000000024 bits66_69 0 0 75 31.99855 -0.74 0 0 0 0 0 0 0 0 0
0000000000000000 0000000000000044 bits66_70 0 0 55 31.99826 -0.89 0 0 0 0 0 0 0 0 0
0000000000000000 0000000000000084 bits66_71 0 0 70 31.99902 -0.50 0 0 0 0 0 0 0 0 0
0000000000000000 0000000000000104 bits66_72 0 0 52 31.99841 -0.81 0 0 0 0 0 0 0 0 0
0000000000000000 0000000000000204 bits66_73 0 0 73 32.00013 0.07 0 0 0 0 0 0 0 0 0
0000000000000000 0000000000000404 bits66_74 0 0 72 32.00152 0.78 0 0 0 0 0 0 0 0 0
0000000000000000 0000000000000804 bits66_75 0 0 58 31.99867 -0.68 0 0 0 0 0 0 0 0 0
0000000000000000 0000000000001004 bits66_76 0 0 56 32.00094 0.48 0 0 0 0 0 0 0 0 0
0000000000000000 0000000000002004 bits66_77 0 0 57 31.99881 -0.61 0 0 0 0 0 0 0 0 0
0000000000000000 0000000000004004 bits66_78 0 0 75 31.99972 -0.14 0 0 0 0 0 0 0 0 0
0000000000000000 0000000000008004 bits66_79 0 0 54 32.00047 0.24 0 0 0 0 0 0 0 0 0
0000000000000000 0000000000010004 bits66_80 0 0 63 32.00156 0.80 0 0 0 0 0 0 0 0 0
0000000000000000 0000000000020004 bits66_81 0 0 65 31.99880 -0.61 0 0 0 0 0 0 0 0 0
0000000000000000 0000000000040004 bits66_82 0 0 51 31.99822 -0.91 0 0 0 0 0 0 0 0 0
0000000000000000 0000000000080004 bits66_83 0 0 52 32.00153 0.78 0 0 0 0 0 0 0 0 0
0000000000000000 0000000000100004 bits66_84 0 0 59 31.99714 -1.47 0 0 0 0 0 0 0 0 0
0000000000000000 0000000000200004 bits66_85 0 0 57 31.99918 -0.42 0 0 0 0 0 0 0 0 0
0000000000000000 0000000000400004 bits66_86 0 0 55 32.00094 0.48 0 0 0 0 0 0 0 0 0
0000000000000000 0000000000800004 bits66_87 0 0 78 31.99793 -1.06 0 0 0 0 0 0 0 0 0
0000000000000000 0000000001000004 bits66_88 0 0 62 32.00067 0.34 0 0 0 0 0 0 0 0 0
0000000000000000 0000000002000004 bits66_89 0 0 71 31.99782 -1.12 0 0 0 0 0 0 0 0 0
0000000000000000 0000000004000004 bits66_90 0 0 63 31.99952 -0.25 0 0 0 0 0 0 0 0 0
0000000000000000 0000000008000004 bits66_91 0 0 63 32.00084 0.43 0 0 0 0 0 0 0 0 0
0000000000000000 0000000010000004 bits66_92 0 0 58 31.99921 -0.40 0 0 0 0 0 0 0 0 0
0000000000000000 0000000020000004 bits66_93 0 0 65 31.99660 -1.74 0 0 0 0 0 0 0 0 0
0000000000000000 0000000040000004 bits66_94 0 0 71 32.00017 0.08 0 0 0 0 0 0 0 0 0
0000000000000000 0000000080000004 bits66_95 0 0 65 31.99662 -1.73 0 0 0 0 0 0 0 0 0
0000000000000000 0000000100000004 bits66_96 0 0 64 32.00034 0.18 0 0 0 0 0 0 0 0 0
0000000000000000 0000000200000004 bits66_97 0 0 66 32.00358 1.83 0 0 0 0 0 0 0 0 0
0000000000000000 0000000400000004 bits66_98 0 0 56 31.99819 -0.93 0 0 0 0 0 0 0 0 0
0000000000000000 0000000800000004 bits66_99 0 0 69 32.00135 0.69 0 0 0 0 0 0 0 0 0
0000000000000000 0000001000000004 bits66_100 0 0 60 31.99957 -0.22 0 0 0 0 0 0 0 0 0
0000000000000000 0000002000000004 bits66_101 0 0 53 31.99861 -0.71 0 0 0 0 0 0 0 0 0
0000000000000000 0000004000000004 bits66_102 0 0 72 32.00083 0.42 0 0 0 0 0 0 0 0 0
0000000000000000 0000008000000004 bits66_103 0 0 54 31.99832 -0.86 0 0 0 0 0 0 0 0 0
0000000000000000 0000010000000004 bits66_104 0 0 56 31.99987 -0.06 0 0 0 0 0 0 0 0 0
0000000000000000 0000020000000004 bits66_105 0 0 65 32.00104 0.53 0 0 0 0 0 0 0 0 0
0000000000000000 0000040000000004 bits66_106 0 0 59 32.00056 0.29 0 0 0 0 0 0 0 0 0
0000000000000000 0000080000000004 bits66_107 0 0 58 31.99860 -0.72 0 0 0 0 0 0 0 0 0
0000000000000000 0000100000000004 bits66_108 0 0 60 31.99729 -1.39 0 0 0 0 0 0 0 0 0
0000000000000000 0000200000000004 bits66_109 0 0 68 32.00297 1.52 0 0 0 0 0 0 0 0 0
0000000000000000 0000400000000004 bits66_110 0 0 59 31.99911 -0.45 0 0 0 0 0 0 0 0 0
0000000000000000 0000800000000004 bits66_111 0 0 66 32.00007 0.03 0 0 0 0 0 0 0 0 0
0000000000000000 0001000000000004 bits66_112 0 0 68 31.99978 -0.11 0 0 0 0 0 0 0 0 0
0000000000000000 0002000000000004 bits66_113 0 0 61 31.99815 -0.95 0 0 0 0 0 0 0 0 0
0000000000000000 0004000000000004 bits66_114 0 0 82 32.00234 1.20 0 0 0 0 0 0 0 0 0
0000000000000000 0008000000000004 bits66_115 0 0 75 31.99662 -1.73 0 0 0 0 0 0 0 0 0
0000000000000000 0010000000000004 bits66_116 0 0 65 31.99959 -0.21 0 0 0 0 0 0 0 0 0
0000000000000000 0020000000000004 bits66_117 0 0 73 31.99983 -0.09 0 0 0 0 0 0 0 0 0
0000000000000000 0040000000000004 bits66_118 0 0 55 31.99887 -0.58 0 0 0 0 0 0 0 0 0
0000000000000000 0080000000000004 bits66_119 0 0 60 32.00155 0.80 0 0 0 0 0 0 0 0 0
0000000000000000 0100000000000004 bits66_120 0 0 68 31.99979 -0.11 0 0 0 0 0 0 0 0 0
0000000000000000 0200000000000004 bits66_121 0 0 58 32.00140 0.72 0 0 0 0 0 0 0 0 0
0000000000000000 0400000000000004 bits66_122 0 0 64 31.99847 -0.78 0 0 0 0 0 0 0 0 0
0000000000000000 0800000000000004 bits66_123 0 0 56 31.99859 -0.72 0 0 0 0 0 0 0 0 0
0000000000000000 1000000000000004 bits66_124 0 0 62 32.00010 0.05 0 0 0 0 0 0 0 0 0
0000000000000000 2000000000000004 bits66_125 0 0 67 32.00043 0.22 0 0 0 0 0 0 0 0 0
0000000000000000 4000000000000004 bits66_126 0 0 65 32.00079 0.40 0 0 0 0 0 0 0 0 0
0000000000000000 8000000000000004 bits66_127 0 0 71 31.99835 -0.84 0 0 0 0 0 0 0 0 0
0000000000000000 0000000000000018 bits67_68 0 0 63 31.99774 -1.16 0 0 0 0 0 0 0 0 0
0000000000000000 0000000000000028 bits67_69 0 0 68 32.00196 1.00 0 0 0 0 0 0 0 0 0
0000000000000000 0000000000000048 bits67_70 0 0 58 32.00046 0.23 0 0 0 0 0 0 0 0 0
0000000000000000 0000000000000088 bits67_71 0 0 71 32.00098 0.50 0 0 0 0 0 0 0 0 0
0000000000000000 0000000000000108 bits67_72 0 0 66 31.99907 -0.48 0 0 0 0 0 0 0 0 0
0000000000000000 0000000000000208 bits67_73 0 0 56 31.99792 -1.06 0 0 0 0 0 0 0 0 0
0000000000000000 0000000000000408 bits67_74 0 0 67 31.99763 -1.21 0 0 0 0 0 0 0 0 0
0000000000000000 0000000000000808 bits67_75 0 0 52 32.00260 1.33 0 0 0 0 0 0 0 0 0
0000000000000000 0000000000001008 bits67_76 0 0 55 32.00089 0.46 0 0 0 0 0 0 0 0 0
0000000000000000 0000000000002008 bits67_77 0 0 70 32.00311 1.59 0 0 0 0 0 0 0 0 0
0000000000000000 0000000000004008 bits67_78 0 0 64 31.99611 -1.99 0 0 0 0 0 0 0 0 0
0000000000000000 0000000000008008 bits67_79 0 0 68 31.99893 -0.55 0 0 0 0 0 0 0 0 0
0000000000000000 0000000000010008 bits67_80 0 0 76 32.00316 1.62 0 0 0 0 0 0 0 0 0
0000000000000000 0000000000020008 bits67_81 0 0 77 31.99823 -0.91 0 0 0 0 0 0 0 0 0
0000000000000000 0000000000040008 bits67_82 0 0 77 31.99923 -0.40 0 0 0 0 0 0 0 0 0
0000000000000000 0000000000080008 bits67_83 0 0 54 32.00405 2.08 0 0 0 0 0 0 0 0 0
0000000000000000 0000000000100008 bits67_84 0 0 58 31.99834 -0.85 0 0 0 0 0 0 0 0 0
0000000000000000 0000000000200008 bits67_85 0 0 73 32.00083 0.42 0 0 0 0 0 0 0 0 0
0000000000000000 0000000000400008 bits67_86 0 0 64 31.99964 -0.19 0 0 0 0 0 0 0 0 0
0000000000000000 0000000000800008 bits67_87 0 0 49 32.00272 1.39 0 0 0 0 0 0 0 0 0
0000000000000000 0000000001000008 bits67_88 0 0 69 31.99796 -1.04 0 0 0 0 0 0 0 0 0
0000000000000000 0000000002000008 bits67_89 0 0 55 31.99979 -0.11 0 0 0 0 0 0 0 0 0
0000000000000000 0000000004000008 bits67_90 0 0 71 31.99693 -1.57 0 0 0 0 0 0 0 0 0
0000000000000000 0000000008000008 bits67_91 0 0 64 32.00023 0.12 0 0 0 0 0 0 0 0 0
0000000000000000 0000000010000008 bits67_92 0 0 77 31.99969 -0.16 0 0 0 0 0 0 0 0 0
0000000000000000 0000000020000008 bits67_93 0 0 65 32.00246 1.26 0 0 0 0 0 0 0 0 0
0000000000000000 0000000040000008 bits67_94 0 0 56 32.00256 1.31 0 0 0 0 0 0 0 0 0
0000000000000000 0000000080000008 bits67_95 0 0 57 31.99745 -1.31 0 0 0 0 0 0 0 0 0
0000000000000000 0000000100000008 bits67_96 0 0 67 31.99535 -2.38 0 0 0 0 0 0 0 0 0
0000000000000000 0000000200000008 bits67_97 0 0 65 31.99636 -1.86 0 0 0 0 0 0 0 0 0
0000000000000000 0000000400000008 bits67_98 0 0 55 32.00012 0.06 0 0 0 0 0 0 0 0 0
0000000000000000 0000000800000008 bits67_99 0 0 72 31.99954 -0.23 0 0 0 0 0 0 0 0 0
0000000000000000 0000001000000008 bits67_100 0 0 67 32.00103 0.53 0 0 0 0 0 0 0 0 0
0000000000000000 0000002000000008 bits67_101 0 0 60 32.00243 1.24 0 0 0 0 0 0 0 0 0
0000000000000000 0000004000000008 bits67_102 0 0 61 31.99821 -0.92 0 0 0 0 0 0 0 0 0
0000000000000000 0000008000000008 bits67_103 0 0 69 32.00008 0.04 0 0 0 0 0 0 0 0 0
0000000000000000 0000010000000008 bits67_104 0 0 53 31.99853 -0.75 0 0 0 0 0 0 0 0 0
0000000000000000 0000020000000008 bits67_105 0 0 60 31.99778 -1.13 0 0 0 0 0 0 0 0 0
0000000000000000 0000040000000008 bits67_106 0 0 70 32.00192 0.98 0 0 0 0 0 0 0 0 0
0000000000000000 0000080000000008 bits67_107 0 0 56 31.99747 -1.29 0 0 0 0 0 0 0 0 0
0000000000000000 0000100000000008 bits67_108 0 0 64 32.00028 0.14 0 0 0 0 0 0 0 0 0
0000000000000000 0000200000000008 bits67_109 0 0 65 32.00180 0.92 0 0 0 0 0 0 0 0 0
0000000000000000 0000400000000008 bits67_110 0 0 60 32.00121 0.62 0 0 0 0 0 0 0 0 0
0000000000000000 0000800000000008 bits67_111 0 0 63 32.00192 0.98 0 0 0 0 0 0 0 0 0
0000000000000000 0001000000000008 bits67_112 0 0 82 32.00058 0.30 0 0 0 0 0 0 0 0 0
0000000000000000 0002000000000008 bits67_113 0 0 74 32.00020 0.10 0 0 0 0 0 0 0 0 0
0000000000000000 0004000000000008 bits67_114 0 0 56 32.00006 0.03 0 0 0 0 0 0 0 0 0
0000000000000000 0008000000000008 bits67_115 0 0 59 31.99930 -0.36 0 0 0 0 0 0 0 0 0
0000000000000000 0010000000000008 bits67_116 0 0 63 31.99981 -0.10 0 0 0 0 0 0 0 0 0
0000000000000000 0020000000000008 bits67_117 0 0 74 31.99772 -1.17 0 0 0 0 0 0 0 0 0
0000000000000000 0040000000000008 bits67_118 0 0 53 31.99960 -0.20 0 0 0 0 0 0 0 0 0
0000000000000000 0080000000000008 bits67_119 0 0 67 31.99547 -2.32 0 0 0 0 0 0 0 0 0
0000000000000000 0100000000000008 bits67_120 0 0 70 32.00049 0.25 0 0 0 0 0 0 0 0 0
0000000000000000 0200000000000008 bits67_121 0 0 70 31.99795 -1.05 0 0 0 0 0 0 0 0 0
0000000000000000 0400000000000008 bits67_122 0 0 72 31.99802 -1.01 0 0 0 0 0 0 0 0 0
0000000000000000 0800000000000008 bits67_123 0 0 77 32.00021 0.11 0 0 0 0 0 0 0 0 0
0000000000000000 1000000000000008 bits67_124 0 0 65 31.99622 -1.93 0 0 0 0 0 0 0 0 0
0000000000000000 2000000000000008 bits67_125 0 0 76 31.99962 -0.19 0 0 0 0 0 0 0 0 0
0000000000000000 4000000000000008 bits67_126 0 0 54 32.00085 0.43 0 0 0 0 0 0 0 0 0
0000000000000000 8000000000000008 bits67_127 0 0 64 32.00063 0.32 0 0 0 0 0 0 0 0 0
0000000000000000 0000000000000030 bits68_69 0 0 65 32.00033 0.17 0 0 0 0 0 0 0 0 0
0000000000000000 0000000000000050 bits68_70 0 0 63 32.00285 1.46 0 0 0 0 0 0 0 0 0
0000000000000000 0000000000000090 bits68_71 0 0 59 32.00240 1.23 0 0 0 0 0 0 0 0 0
0000000000000000 0000000000000110 bits68_72 0 0 73 31.99969 -0.16 0 0 0 0 0 0 0 0 0
0000000000000000 0000000000000210 bits68_73 0 0 65 32.00056 0.29 0 0 0 0 0 0 0 0 0
0000000000000000 0000000000000410 bits68_74 0 0 59 32.00123 0.63 0 0 0 0 0 0 0 0 0
0000000000000000 0000000000000810 bits68_75 0 0 50 31.99664 -1.72 0 0 0 0 0 0 0 0 0
0000000000000000 0000000000001010 bits68_76 0 0 62 31.99624 -1.93 0 0 0 0 0 0 0 0 0
0000000000000000 0000000000002010 bits68_77 0 0 83 31.99978 -0.11 0 0 0 0 0 0 0 0 0
0000000000000000 0000000000004010 bits68_78 0 0 55 31.99986 -0.07 0 0 0 0 0 0 0 0 0
0000000000000000 0000000000008010 bits68_79 0 0 47 32.00137 0.70 0 0 0 0 0 0 0 0 0
0000000000000000 0000000000010010 bits68_80 0 0 57 31.99980 -0.10 0 0 0 0 0 0 0 0 0
0000000000000000 0000000000020010 bits68_81 0 0 61 31.99949 -0.26 0 0 0 0 0 0 0 0 0
0000000000000000 0000000000040010 bits68_82 0 0 52 31.99890 -0.56 0 0 0 0 0 0 0 0 0
0000000000000000 0000000000080010 bits68_83 0 0 59 32.00079 0.40 0 0 0 0 0 0 0 0 0
0000000000000000 0000000000100010 bits68_84 0 0 66 32.00039 0.20 0 0 0 0 0 0 0 0 0
0000000000000000 0000000000200010 bits68_85 0 0 63 32.00264 1.35 0 0 0 0 0 0 0 0 0
0000000000000000 0000000000400010 bits68_86 0 0 68 32.00482 2.47 0 0 0 0 0 0 0 0 0
0000000000000000 0000000000800010 bits68_87 0 0 56 31.99926 -0.38 0 0 0 0 0 0 0 0 0
0000000000000000 0000000001000010 bits68_88 0 0 62 31.99718 -1.44 0 0 0 0 0 0 0 0 0
0000000000000000 0000000002000010 bits68_89 0 0 67 31.99818 -0.93 0 0 0 0 0 0 0 0 0
0000000000000000 0000000004000010 bits68_90 0 0 70 31.99872 -0.66 0 0 0 0 0 0 0 0 0
0000000000000000 0000000008000010 bits68_91 0 0 62 31.99946 -0.28 0 0 0 0 0 0 0 0 0
0000000000000000 0000000010000010 bits68_92 0 0 48 31.99909 -0.46 0 0 0 0 0 0 0 0 0
0000000000000000 0000000020000010 bits68_93 0 0 61 31.99958 -0.22 0 0 0 0 0 0 0 0 0
0000000000000000 0000000040000010 bits68_94 0 0 53 32.00090 0.46 0 0 0 0 0 0 0 0 0
0000000000000000 0000000080000010 bits68_95 0 0 73 32.00002 0.01 0 0 0 0 0 0 0 0 0
0000000000000000 0000000100000010 bits68_96 0 0 60 31.99870 -0.67 0 0 0 0 0 0 0 0 0
0000000000000000 0000000200000010 bits68_97 0 0 77 32.00015 0.08 0 0 0 0 0 0 0 0 0
0000000000000000 0000000400000010 bits68_98 0 0 63 31.99811 -0.97 0 0 0 0 0 0 0 0 0
0000000000000000 0000000800000010 bits68_99 0 0 55 31.99597 -2.07 0 0 0 0 0 0 0 0 0
0000000000000000 0000001000000010 bits68_100 0 0 58 32.00056 0.29 0 0 0 0 0 0 0 0 0
0000000000000000 0000002000000010 bits68_101 0 0 73 32.00110 0.56 0 0 0 0 0 0 0 0 0
0000000000000000 0000004000000010 bits68_102 0 0 75 32.00042 0.22 0 0 0 0 0 0 0 0 0
0000000000000000 0000008000000010 bits68_103 0 0 73 31.99882 -0.60 0 0 0 0 0 0 0 0 1
0000000000000000 0000010000000010 bits68_104 0 0 69 31.99849 -0.77 0 0 0 0 0 0 0 0 0
0000000000000000 0000020000000010 bits68_105 0 0 79 31.99939 -0.31 0 0 0 0 0 0 0 0 0
0000000000000000 0000040000000010 bits68_106 0 0 61 31.99900 -0.51 0 0 0 0 0 0 0 0 0
0000000000000000 0000080000000010 bits68_107 0 0 53 31.99874 -0.65 0 0 0 0 0 0 0 0 0
0000000000000000 0000100000000010 bits68_108 0 0 66 31.99266 -3.76 0 0 0 0 0 0 0 0 0
0000000000000000 0000200000000010 bits68_109 0 0 73 31.99796 -1.04 0 0 0 0 0 0 0 0 0
0000000000000000 0000400000000010 bits68_110 0 0 60 32.00221 1.13 0 0 0 0 0 0 0 0 0
0000000000000000 0000800000000010 bits68_111 0 0 54 32.00099 0.51 0 0 0 0 0 0 0 0 0
0000000000000000 0001000000000010 bits68_112 0 0 50 32.00376 1.93 0 0 0 0 0 0 0 0 0
0000000000000000 0002000000000010 bits68_113 0 0 69 31.99791 -1.07 0 0 0 0 0 0 0 0 0
0000000000000000 0004000000000010 bits68_114 0 0 65 31.99818 -0.93 0 0 0 0 0 0 0 0 0
0000000000000000 0008000000000010 bits68_115 0 0 50 32.00322 1.65 0 0 0 0 0 0 0 0 0
0000000000000000 0010000000000010 bits68_116 0 0 65 32.00173 0.89 0 0 0 0 0 0 0 0 0
0000000000000000 0020000000000010 bits68_117 0 0 58 31.99796 -1.04 0 0 0 0 0 0 0 0 0
0000000000000000 0040000000000010 bits68_118 0 0 60 32.00052 0.27 0 0 0 0 0 0 0 0 0
0000000000000000 0080000000000010 bits68_119 0 0 66 31.99868 -0.67 0 0 0 0 0 0 0 0 0
0000000000000000 0100000000000010 bits68_120 0 0 69 31.99698 -1.55 0 0 0 0 0 0 0 0 0
0000000000000000 0200000000000010 bits68_121 0 0 56 32.00127 0.65 0 0 0 0 0 0 0 0 0
0000000000000000 0400000000000010 bits68_122 0 0 63 31.99659 -1.74 0 0 0 0 0 0 0 0 0
0000000000000000 0800000000000010 bits68_123 0 0 59 32.00186 0.95 0 0 0 0 0 0 0 0 0
0000000000000000 1000000000000010 bits68_124 0 0 63 32.00283 1.45 0 0 0 0 0 0 0 0 0
0000000000000000 2000000000000010 bits68_125 0 0 62 32.00568 2.91 0 0 0 0 0 0 0 0 0
0000000000000000 4000000000000010 bits68_126 0 0 68 32.00060 0.30 0 0 0 0 0 0 0 0 0
0000000000000000 8000000000000010 bits68_127 0 0 59 31.99679 -1.64 0 0 0 0 0 0 0 0 0
0000000000000000 0000000000000060 bits69_70 0 0 68 31.99618 -1.96 0 0 0 0 0 0 0 0 0
0000000000000000 00000000000000a0 bits69_71 0 0 69 31.99970 -0.16 0 0 0 0 0 0 0 0 0
0000000000000000 0000000000000120 bits69_72 0 0 53 31.99844 -0.80 0 0 0 0 0 0 0 0 0
0000000000000000 0000000000000220 bits69_73 0 0 61 31.99685 -1.61 0 0 0 0 0 0 0 0 0
0000000000000000 0000000000000420 bits69_74 0 0 68 32.00013 0.07 0 0 0 0 0 0 0 0 0
0000000000000000 0000000000000820 bits69_75 0 0 62 31.99561 -2.25 0 0 0 0 0 0 0 0 0
0000000000000000 0000000000001020 bits69_76 0 0 56 32.00141 0.72 0 0 0 0 0 0 0 0 0
0000000000000000 0000000000002020 bits69_77 0 0 60 31.99813 -0.96 0 0 0 0 0 0 0 0 0
0000000000000000 0000000000004020 bits69_78 0 0 76 31.99974 -0.13 0 0 0 0 0 0 0 0 0
0000000000000000 0000000000008020 bits69_79 0 0 71 32.00013 0.06 0 0 0 0 0 0 0 0 0
0000000000000000 0000000000010020 bits69_80 0 0 41 32.00135 0.69 0 0 0 0 0 0 0 0 0
0000000000000000 0000000000020020 bits69_81 0 0 64 31.99879 -0.62 0 0 0 0 0 0 0 0 0
0000000000000000 0000000000040020 bits69_82 0 0 60 32.00276 1.41 0 0 0 0 0 0 0 0 0
0000000000000000 0000000000080020 bits69_83 0 0 67 32.00118 0.60 0 0 0 0 0 0 0 0 0
0000000000000000 0000000000100020 bits69_84 0 0 39 32.00230 1.18 0 0 0 0 0 0 0 0 0
0000000000000000 0000000000200020 bits69_85 0 0 72 31.99791 -1.07 0 0 0 0 0 0 0 0 0
0000000000000000 0000000000400020 bits69_86 0 0 47 32.00316 1.62 0 0 0 0 0 0 0 0 0
0000000000000000 0000000000800020 bits69_87 0 0 62 31.99850 -0.77 0 0 0 0 0 0 0 0 0
0000000000000000 0000000001000020 bits69_88 0 0 60 32.00264 1.35 0 0 0 0 0 0 0 0 0
0000000000000000 0000000002000020 bits69_89 0 0 68 31.99921 -0.40 0 0 0 0 0 0 0 0 0
0000000000000000 0000000004000020 bits69_90 0 0 68 31.99705 -1.51 0 0 0 0 0 0 0 0 0
0000000000000000 0000000008000020 bits69_91 0 0 54 31.99879 -0.62 0 0 0 0 0 0 0 0 0
0000000000000000 0000000010000020 bits69_92 0 0 72 31.99704 -1.52 0 0 0 0 0 0 0 0 0
0000000000000000 0000000020000020 bits69_93 0 0 70 32.00122 0.62 0 0 0 0 0 0 0 0 0
0000000000000000 0000000040000020 bits69_94 0 0 76 31.99985 -0.08 0 0 0 0 0 0 0 0 0
0000000000000000 0000000080000020 bits69_95 0 0 63 31.99808 -0.99 0 0 0 0 0 0 0 0 0
0000000000000000 0000000100000020 bits69_96 0 0 63 32.00392 2.01 0 0 0 0 0 0 0 0 0
0000000000000000 0000000200000020 bits69_97 0 0 64 32.00235 1.20 0 0 0 0 0 0 0 0 0
0000000000000000 0000000400000020 bits69_98 0 0 76 32.00087 0.44 0 0 0 0 0 0 0 0 0
0000000000000000 0000000800000020 bits69_99 0 0 51 31.99929 -0.36 0 0 0 0 0 0 0 0 0
0000000000000000 0000001000000020 bits69_100 0 0 64 32.00035 0.18 0 0 0 0 0 0 0 0 0
0000000000000000 0000002000000020 bits69_101 0 0 68 31.99827 -0.89 0 0 0 0 0 0 0 0 0
0000000000000000 0000004000000020 bits69_102 0 0 62 31.99935 -0.33 0 0 0 0 0 0 0 0 0
0000000000000000 0000008000000020 bits69_103 0 0 63 31.99805 -1.00 0 0 0 0 0 0 0 0 0
0000000000000000 0000010000000020 bits69_104 0 0 64 32.00187 0.96 0 0 0 0 0 0 0 0 0
0000000000000000 0000020000000020 bits69_105 0 0 64 31.99870 -0.67 0 0 0 0 0 0 0 0 0
0000000000000000 0000040000000020 bits69_106 0 0 65 32.00259 1.33 0 0 0 0 0 0 0 0 0
0000000000000000 0000080000000020 bits69_107 0 0 59 31.99946 -0.28 0 0 0 0 0 0 0 0 0
0000000000000000 0000100000000020 bits69_108 0 0 61 32.00026 0.14 0 0 0 0 0 0 0 0 0
0000000000000000 0000200000000020 bits69_109 0 0 67 31.99884 -0.60 0 0 0 0 0 0 0 0 0
0000000000000000 0000400000000020 bits69_110 0 0 76 31.99931 -0.35 0 0 0 0 0 0 0 0 0
0000000000000000 0000800000000020 bits69_111 0 0 65 31.99986 -0.07 0 0 0 0 0 0 0 0 0
0000000000000000 0001000000000020 bits69_112 0 0 64 32.00012 0.06 0 0 0 0 0 0 0 0 0
0000000000000000 0002000000000020 bits69_113 0 0 65 32.00370 1.89 0 0 0 0 0 0 0 0 0
0000000000000000 0004000000000020 bits69_114 0 0 57 32.00146 0.75 0 0 0 0 0 0 0 0 0
0000000000000000 0008000000000020 bits69_115 0 0 60 31.99982 -0.09 0 0 0 0 0 0 0 0 0
0000000000000000 0010000000000020 bits69_116 0 0 70 31.99750 -1.28 0 0 0 0 0 0 0 0 0
0000000000000000 0020000000000020 bits69_117 0 0 63 32.00067 0.34 0 0 0 0 0 0 0 0 0
0000000000000000 0040000000000020 bits69_118 0 0 54 32.00232 1.19 0 0 0 0 0 0 0 0 0
0000000000000000 0080000000000020 bits69_119 0 0 75 32.00227 1.16 0 0 0 0 0 0 0 0 0
0000000000000000 0100000000000020 bits69_120 0 0 65 32.00333 1.71 0 0 0 0 0 0 0 0 0
0000000000000000 0200000000000020 bits69_121 0 0 70 32.00004 0.02 0 0 0 0 0 0 0 0 0
0000000000000000 0400000000000020 bits69_122 0 0 62 31.99835 -0.84 0 0 0 0 0 0 0 0 0
0000000000000000 0800000000000020 bits69_123 0 0 66 31.99904 -0.49 0 0 0 0 0 0 0 0 0
0000000000000000 1000000000000020 bits69_124 0 0 82 31.99605 -2.02 0 0 0 0 0 0 0 0 0
0000000000000000 2000000000000020 bits69_125 0 0 60 31.99768 -1.19 0 0 0 0 0 0 0 0 0
0000000000000000 4000000000000020 bits69_126 0 0 51 32.00106 0.54 0 0 0 0 0 0 0 0 0
0000000000000000 8000000000000020 bits69_127 0 0 67 32.00137 0.70 0 0 0 0 0 0 0 0 0
0000000000000000 00000000000000c0 bits70_71 0 0 58 32.00311 1.59 0 0 0 0 0 0 0 0 0
0000000000000000 0000000000000140 bits70_72 0 0 66 31.99777 -1.14 0 0 0 0 0 0 0 0 0
0000000000000000 0000000000000240 bits70_73 0 0 79 32.00143 0.73 0 0 0 0 0 0 0 0 0
0000000000000000 0000000000000440 bits70_74 0 0 65 31.99861 -0.71 0 0 0 0 0 0 0 0 0
0000000000000000 0000000000000840 bits70_75 0 0 58 31.99973 -0.14 0 0 0 0 0 0 0 0 0
0000000000000000 0000000000001040 bits70_76 0 0 57 32.00284 1.45 0 0 0 0 0 0 0 0 0
0000000000000000 0000000000002040 bits70_77 0 0 60 32.00101 0.52 0 0 0 0 0 0 0 0 0
0000000000000000 0000000000004040 bits70_78 0 0 67 32.00401 2.06 0 0 0 0 0 0 0 0 0
0000000000000000 0000000000008040 bits70_79 0 0 70 32.00269 1.38 0 0 0 0 0 0 0 0 0
0000000000000000 0000000000010040 bits70_80 0 0 66 31.99592 -2.09 0 0 0 0 0 0 0 0 0
0000000000000000 0000000000020040 bits70_81 0 0 54 32.00092 0.47 0 0 0 0 0 0 0 0 0
0000000000000000 0000000000040040 bits70_82 0 0 59 32.00088 0.45 0 0 0 0 0 0 0 0 0
0000000000000000 0000000000080040 bits70_83 0 0 52 31.99741 -1.32 0 0 0 0 0 0 0 0 0
0000000000000000 0000000000100040 bits70_84 0 0 56 32.00015 0.08 0 0 0 0 0 0 0 0 0
0000000000000000 0000000000200040 bits70_85 0 0 58 32.00319 1.63 0 0 0 0 0 0 0 0 0
0000000000000000 0000000000400040 bits70_86 0 0 61 32.00216 1.11 0 0 0 0 0 0 0 0 0
0000000000000000 0000000000800040 bits70_87 0 0 55 32.00025 0.13 0 0 0 0 0 0 0 0 0
0000000000000000 0000000001000040 bits70_88 0 0 57 31.99809 -0.98 0 0 0 0 0 0 0 0 0
0000000000000000 0000000002000040 bits70_89 0 0 74 31.99935 -0.33 0 0 0 0 0 0 0 0 0
0000000000000000 0000000004000040 bits70_90 0 0 47 32.00254 1.30 0 0 0 0 0 0 0 0 0
0000000000000000 0000000008000040 bits70_91 0 0 67 31.99925 -0.38 0 0 0 0 0 0 0 0 0
0000000000000000 0000000010000040 bits70_92 0 0 72 32.00123 0.63 0 0 0 0 0 0 0 0 0
0000000000000000 0000000020000040 bits70_93 0 0 56 32.00338 1.73 0 0 0 0 0 0 0 0 0
0000000000000000 0000000040000040 bits70_94 0 0 56 32.00053 0.27 0 0 0 0 0 0 0 0 0
0000000000000000 0000000080000040 bits70_95 0 0 68 32.00166 0.85 0 0 0 0 0 0 0 0 0
0000000000000000 0000000100000040 bits70_96 0 0 69 32.00276 1.41 0 0 0 0 0 0 0 0 0
0000000000000000 0000000200000040 bits70_97 0 0 82 32.00182 0.93 0 0 0 0 0 0 0 0 0
0000000000000000 0000000400000040 bits70_98 0 0 69 31.99963 -0.19 0 0 0 0 0 0 0 0 0
0000000000000000 0000000800000040 bits70_99 0 0 65 32.00007 0.04 0 0 0 0 0 0 0 0 0
0000000000000000 0000001000000040 bits70_100 0 0 69 31.99841 -0.81 0 0 0 0 0 0 0 0 0
0000000000000000 0000002000000040 bits70_101 0 0 63 31.99926 -0.38 0 0 0 0 0 0 0 0 0
0000000000000000 0000004000000040 bits70_102 0 0 77 32.00127 0.65 0 0 0 0 0 0 0 0 0
0000000000000000 0000008000000040 bits70_103 0 0 49 32.00067 0.34 0 0 0 0 0 0 0 0 0
0000000000000000 0000010000000040 bits70_104 0 0 60 31.99884 -0.59 0 0 0 0 0 0 0 0 0
0000000000000000 0000020000000040 bits70_105 0 0 54 32.00296 1.52 0 0 0 0 0 0 0 0 0
0000000000000000 0000040000000040 bits70_106 0 0 62 31.99898 -0.52 0 0 0 0 0 0 0 0 0
0000000000000000 0000080000000040 bits70_107 0 0 67 31.99515 -2.48 0 0 0 0 0 0 0 0 0
0000000000000000 0000100000000040 bits70_108 0 0 67 31.99932 -0.35 0 0 0 0 0 0 0 0 0
0000000000000000 0000200000000040 bits70_109 0 0 65 32.00022 0.11 0 0 0 0 0 0 0 0 0
0000000000000000 0000400000000040 bits70_110 0 0 68 32.00065 0.33 0 0 0 0 0 0 0 0 0
0000000000000000 0000800000000040 bits70_111 0 0 53 32.00245 1.26 0 0 0 0 0 0 0 0 0
0000000000000000 0001000000000040 bits70_112 0 0 70 31.99748 -1.29 0 0 0 0 0 0 0 0 0
0000000000000000 0002000000000040 bits70_113 0 0 72 32.00065 0.33 0 0 0 0 0 0 0 0 0
0000000000000000 0004000000000040 bits70_114 0 0 57 32.00059 0.30 0 0 0 0 0 0 0 0 0
0000000000000000 0008000000000040 bits70_115 0 0 61 32.00046 0.24 0 0 0 0 0 0 0 0 0
0000000000000000 0010000000000040 bits70_116 0 0 58 32.00183 0.94 0 0 0 0 0 0 0 0 0
0000000000000000 0020000000000040 bits70_117 0 0 62 32.00112 0.57 0 0 0 0 0 0 0 0 0
0000000000000000 0040000000000040 bits70_118 0 0 63 31.99736 -1.35 0 0 0 0 0 0 0 0 0
0000000000000000 0080000000000040 bits70_119 0 0 62 31.99969 -0.16 0 0 0 0 0 0 0 0 0
0000000000000000 0100000000000040 bits70_120 0 0 64 31.99916 -0.43 0 0 0 0 0 0 0 0 0
0000000000000000 0200000000000040 bits70_121 0 0 58 31.99849 -0.77 0 0 0 0 0 0 0 0 0
0000000000000000 0400000000000040 bits70_122 0 0 74 32.00155 0.79 0 0 0 0 0 0 0 0 0
0000000000000000 0800000000000040 bits70_123 0 0 73 32.00060 0.31 0 0 0 0 0 0 0 0 0
0000000000000000 1000000000000040 bits70_124 0 0 58 31.99889 -0.57 0 0 0 0 0 0 0 0 0
0000000000000000 2000000000000040 bits70_125 0 0 70 31.99897 -0.53 0 0 0 0 0 0 0 0 0
0000000000000000 4000000000000040 bits70_126 0 0 63 32.00147 0.75 0 0 0 0 0 0 0 0 0
0000000000000000 8000000000000040 bits70_127 0 0 50 32.00119 0.61 0 0 0 0 0 0 0 0 0
0000000000000000 0000000000000180 bits71_72 0 0 64 31.99955 -0.23 0 0 0 0 0 0 0 0 0
0000000000000000 0000000000000280 bits71_73 0 0 80 31.99660 -1.74 0 0 0 0 0 0 0 0 0
0000000000000000 0000000000000480 bits71_74 0 0 63 31.99912 -0.45 0 0 0 0 0 0 0 0 0
0000000000000000 0000000000000880 bits71_75 0 0 64 31.99847 -0.78 0 0 0 0 0 0 0 0 0
0000000000000000 0000000000001080 bits71_76 0 0 66 32.00109 0.56 0 0 0 0 0 0 0 0 0
0000000000000000 0000000000002080 bits71_77 0 0 52 31.99973 -0.14 0 0 0 0 0 0 0 0 0
0000000000000000 0000000000004080 bits71_78 0 0 68 32.00126 0.65 0 0 0 0 0 0 0 0 0
0000000000000000 0000000000008080 bits71_79 0 0 73 32.00106 0.54 0 0 0 0 0 0 0 0 0
0000000000000000 0000000000010080 bits71_80 0 0 62 31.99768 -1.19 0 0 0 0 0 0 0 0 0
0000000000000000 0000000000020080 bits71_81 0 0 69 32.00007 0.04 0 0 0 0 0 0 0 0 0
0000000000000000 0000000000040080 bits71_82 0 0 63 32.00113 0.58 0 0 0 0 0 0 0 0 0
0000000000000000 0000000000080080 bits71_83 0 0 63 31.99723 -1.42 0 0 0 0 0 0 0 0 0
0000000000000000 0000000000100080 bits71_84 0 0 62 32.00193 0.99 0 0 0 0 0 0 0 0 0
0000000000000000 0000000000200080 bits71_85 0 0 60 31.99836 -0.84 0 0 0 0 0 0 0 0 0
0000000000000000 0000000000400080 bits71_86 0 0 47 32.00037 0.19 0 0 0 0 0 0 0 0 0
0000000000000000 0000000000800080 bits71_87 0 0 66 32.00212 1.08 0 0 0 0 0 0 0 0 0
0000000000000000 0000000001000080 bits71_88 0 0 69 31.99994 -0.03 0 0 0 0 0 0 0 0 0
0000000000000000 0000000002000080 bits71_89 0 0 61 32.00234 1.20 0 0 0 0 0 0 0 0 0
0000000000000000 0000000004000080 bits71_90 0 0 59 32.00297 1.52 0 0 0 0 0 0 0 0 0
0000000000000000 0000000008000080 bits71_91 0 0 58 31.99961 -0.20 0 0 0 0 0 0 0 0 0
0000000000000000 0000000010000080 bits71_92 0 0 62 32.00143 0.73 0 0 0 0 0 0 0 0 0
0000000000000000 0000000020000080 bits71_93 0 0 71 32.00019 0.10 0 0 0 0 0 0 0 0 0
0000000000000000 0000000040000080 bits71_94 0 0 54 32.00051 0.26 0 0 0 0 0 0 0 0 0
0000000000000000 0000000080000080 bits71_95 0 0 65 31.99717 -1.45 0 0 0 0 0 0 0 0 0
0000000000000000 0000000100000080 bits71_96 0 0 60 31.99930 -0.36 0 0 0 0 0 0 0 0 0
0000000000000000 0000000200000080 bits71_97 0 0 58 31.99948 -0.27 0 0 0 0 0 0 0 0 0
0000000000000000 0000000400000080 bits71_98 0 0 74 32.00086 0.44 0 0 0 0 0 0 0 0 0
0000000000000000 0000000800000080 bits71_99 0 0 65 32.00026 0.13 0 0 0 0 0 0 0 0 0
0000000000000000 0000001000000080 bits71_100 0 0 58 32.00666 3.41 0 0 0 0 0 0 0 0 0
0000000000000000 0000002000000080 bits71_101 0 0 60 31.99964 -0.19 0 0 0 0 0 0 0 0 0
0000000000000000 0000004000000080 bits71_102 0 0 61 31.99652 -1.78 0 0 0 0 0 0 0 0 0
0000000000000000 0000008000000080 bits71_103 0 0 86 31.99498 -2.57 0 0 0 0 0 0 0 0 0
0000000000000000 0000010000000080 bits71_104 0 0 58 31.99986 -0.07 0 0 0 0 0 0 0 0 0
0000000000000000 0000020000000080 bits71_105 0 0 79 32.00005 0.02 0 0 0 0 0 0 0 0 0
0000000000000000 0000040000000080 bits71_106 0 0 63 31.99966 -0.17 0 0 0 0 0 0 0 0 0
0000000000000000 0000080000000080 bits71_107 0 0 61 31.99904 -0.49 0 0 0 0 0 0 0 0 0
0000000000000000 0000100000000080 bits71_108 0 0 80 31.99964 -0.18 0 0 0 0 0 0 0 0 0
0000000000000000 0000200000000080 bits71_109 0 0 62 31.99785 -1.10 0 0 0 0 0 0 0 0 0
0000000000000000 0000400000000080 bits71_110 0 0 70 32.00025 0.13 0 0 0 0 0 0 0 0 0
0000000000000000 0000800000000080 bits71_111 0 0 69 32.00181 0.93 0 0 0 0 0 0 0 0 0
0000000000000000 0001000000000080 bits71_112 0 0 72 31.99889 -0.57 0 0 0 0 0 0 0 0 0
0000000000000000 0002000000000080 bits71_113 0 0 73 32.00399 2.04 0 0 0 0 0 0 0 0 0
0000000000000000 0004000000000080 bits71_114 0 0 72 32.00223 1.14 0 0 0 0 0 0 0 0 0
0000000000000000 0008000000000080 bits71_115 0 0 57 32.00292 1.49 0 0 0 0 0 0 0 0 0
0000000000000000 0010000000000080 bits71_116 0 0 57 32.00204 1.04 0 0 0 0 0 0 0 0 0
0000000000000000 0020000000000080 bits71_117 0 0 69 31.99543 -2.34 0 0 0 0 0 0 0 0 0
0000000000000000 0040000000000080 bits71_118 0 0 76 32.00043 0.22 0 0 0 0 0 0 0 0 0
0000000000000000 0080000000000080 bits71_119 0 0 71 32.00298 1.53 0 0 0 0 0 0 0 0 0
0000000000000000 0100000000000080 bits71_120 0 0 72 32.00196 1.00 0 0 0 0 0 0 0 0 0
0000000000000000 0200000000000080 bits71_121 0 0 69 31.99942 -0.29 0 0 0 0 0 0 0 0 0
0000000000000000 0400000000000080 bits71_122 0 0 65 32.00243 1.24 0 0 0 0 0 0 0 0 0
0000000000000000 0800000000000080 bits71_123 0 0 59 32.00142 0.73 0 0 0 0 0 0 0 0 0
0000000000000000 1000000000000080 bits71_124 0 0 56 32.00274 1.40 0 0 0 0 0 0 0 0 0
0000000000000000 2000000000000080 bits71_125 0 0 55 32.00057 0.29 0 0 0 0 0 0 0 0 0
0000000000000000 4000000000000080 bits71_126 0 0 74 32.00222 1.14 0 0 0 0 0 0 0 0 0
0000000000000000 8000000000000080 bits71_127 0 0 58 31.99981 -0.10 0 0 0 0 0 0 0 0 0
0000000000000000 0000000000000300 bits72_73 0 0 70 32.00016 0.08 0 0 0 0 0 0 0 0 0
0000000000000000 0000000000000500 bits72_74 0 0 70 32.00141 0.72 0 0 0 0 0 0 0 0 0
0000000000000000 0000000000000900 bits72_75 0 0 64 31.99748 -1.29 0 0 0 0 0 0 0 0 0
0000000000000000 0000000000001100 bits72_76 0 0 65 32.00288 1.47 0 0 0 0 0 0 0 0 0
0000000000000000 0000000000002100 bits72_77 0 0 80 31.99946 -0.27 0 0 0 0 0 0 0 0 0
0000000000000000 0000000000004100 bits72_78 0 0 57 32.00026 0.13 0 0 0 0 0 0 0 0 0
0000000000000000 0000000000008100 bits72_79 0 0 65 31.99885 -0.59 0 0 0 0 0 0 0 0 0
0000000000000000 0000000000010100 bits72_80 0 0 62 31.99875 -0.64 0 0 0 0 0 0 0 0 0
0000000000000000 0000000000020100 bits72_81 0 0 65 32.00226 1.16 0 0 0 0 0 0 0 0 0
0000000000000000 0000000000040100 bits72_82 0 0 87 31.99831 -0.87 0 0 0 0 0 0 0 0 0
0000000000000000 0000000000080100 bits72_83 0 0 67 31.99962 -0.20 0 0 0 0 0 0 0 0 0
0000000000000000 0000000000100100 bits72_84 0 0 67 31.99850 -0.77 0 0 0 0 0 0 0 0 0
0000000000000000 0000000000200100 bits72_85 0 0 74 32.00236 1.21 0 0 0 0 0 0 0 0 0
0000000000000000 0000000000400100 bits72_86 0 0 79 32.00184 0.94 0 0 0 0 0 0 0 0 0
0000000000000000 0000000000800100 bits72_87 0 0 66 31.99827 -0.89 0 0 0 0 0 0 0 0 0
0000000000000000 0000000001000100 bits72_88 0 0 75 31.99895 -0.54 0 0 0 0 0 0 0 0 0
0000000000000000 0000000002000100 bits72_89 0 0 77 31.99932 -0.35 0 0 0 0 0 0 0 0 0
0000000000000000 0000000004000100 bits72_90 0 0 74 31.99989 -0.05 0 0 0 0 0 0 0 0 0
0000000000000000 0000000008000100 bits72_91 0 0 56 31.99942 -0.30 0 0 0 0 0 0 0 0 0
0000000000000000 0000000010000100 bits72_92 0 0 56 31.99992 -0.04 0 0 0 0 0 0 0 0 0
0000000000000000 0000000020000100 bits72_93 0 0 67 31.99678 -1.65 0 0 0 0 0 0 0 0 0
0000000000000000 0000000040000100 bits72_94 0 0 61 31.99449 -2.82 0 0 0 0 0 0 0 0 0
0000000000000000 0000000080000100 bits72_95 0 0 54 31.99971 -0.15 0 0 0 0 0 0 0 0 0
0000000000000000 0000000100000100 bits72_96 0 0 72 32.00100 0.51 0 0 0 0 0 0 0 0 0
0000000000000000 0000000200000100 bits72_97 0 0 62 31.99991 -0.04 0 0 0 0 0 0 0 0 0
0000000000000000 0000000400000100 bits72_98 0 0 72 32.00395 2.02 0 0 0 0 0 0 0 0 0
0000000000000000 0000000800000100 bits72_99 0 0 67 31.99930 -0.36 0 0 0 0 0 0 0 0 0
0000000000000000 0000001000000100 bits72_100 0 0 49 31.99932 -0.35 0 0 0 0 0 0 0 0 0
0000000000000000 0000002000000100 bits72_101 0 0 66 32.00034 0.17 0 0 0 0 0 0 0 0 0
0000000000000000 0000004000000100 bits72_102 0 0 56 31.99734 -1.36 0 0 0 0 0 0 0 0 0
0000000000000000 0000008000000100 bits72_103 0 0 48 31.99832 -0.86 0 0 0 0 0 0 0 0 0
0000000000000000 0000010000000100 bits72_104 0 0 74 31.99957 -0.22 0 0 0 0 0 0 0 0 0
0000000000000000 0000020000000100 bits72_105 0 0 55 32.00100 0.51 0 0 0 0 0 0 0 0 0
0000000000000000 0000040000000100 bits72_106 0 0 60 31.99931 -0.35 0 0 0 0 0 0 0 0 0
0000000000000000 0000080000000100 bits72_107 0 0 56 31.99684 -1.62 0 0 0 0 0 0 0 0 0
0000000000000000 0000100000000100 bits72_108 0 0 63 31.99925 -0.38 0 0 0 0 0 0 0 0 0
0000000000000000 0000200000000100 bits72_109 0 0 61 32.00225 1.15 0 0 0 0 0 0 0 0 0
0000000000000000 0000400000000100 bits72_110 0 0 62 31.99973 -0.14 0 0 0 0 0 0 0 0 0
0000000000000000 0000800000000100 bits72_111 0 0 57 32.00067 0.34 0 0 0 0 0 0 0 0 0
0000000000000000 0001000000000100 bits72_112 0 0 69 31.99895 -0.54 0 0 0 0 0 0 0 0 0
0000000000000000 0002000000000100 bits72_113 0 0 65 31.99565 -2.23 0 0 0 0 0 0 0 0 0
0000000000000000 0004000000000100 bits72_114 0 0 67 32.00077 0.39 0 0 0 0 0 0 0 0 0
0000000000000000 0008000000000100 bits72_115 0 0 68 32.00354 1.81 0 0 0 0 0 0 0 0 0
0000000000000000 0010000000000100 bits72_116 0 0 59 32.00092 0.47 0 0 0 0 0 0 0 0 0
0000000000000000 0020000000000100 bits72_117 0 0 62 32.00189 0.97 0 0 0 0 0 0 0 0 0
0000000000000000 0040000000000100 bits72_118 0 0 83 31.99802 -1.01 0 0 0 0 0 0 0 0 0
0000000000000000 0080000000000100 bits72_119 0 0 56 32.00085 0.43 0 0 0 0 0 0 0 0 0
0000000000000000 0100000000000100 bits72_120 0 0 54 31.99994 -0.03 0 0 0 0 0 0 0 0 0
0000000000000000 0200000000000100 bits72_121 0 0 56 31.99869 -0.67 0 0 0 0 0 0 0 0 0
0000000000000000 0400000000000100 bits72_122 0 0 64 32.00416 2.13 0 0 0 0 0 0 0 0 0
0000000000000000 0800000000000100 bits72_123 0 0 79 31.99950 -0.26 0 0 0 0 0 0 0 0 0
0000000000000000 1000000000000100 bits72_124 0 0 54 31.99944 -0.29 0 0 0 0 0 0 0 0 0
0000000000000000 2000000000000100 bits72_125 0 0 69 32.00209 1.07 0 0 0 0 0 0 0 0 0
0000000000000000 4000000000000100 bits72_126 0 0 76 32.00414 2.12 0 0 0 0 0 0 0 0 0
0000000000000000 8000000000000100 bits72_127 0 0 58 32.00181 0.93 0 0 0 0 0 0 0 0 0
0000000000000000 0000000000000600 bits73_74 0 0 83 32.00033 0.17 0 0 0 0 0 0 0 0 0
0000000000000000 0000000000000a00 bits73_75 0 0 83 31.99870 -0.66 0 0 0 0 0 0 0 0 0
0000000000000000 0000000000001200 bits73_76 0 0 53 31.99950 -0.26 0 0 0 0 0 0 0 0 0
0000000000000000 0000000000002200 bits73_77 0 0 77 31.99878 -0.62 0 0 0 0 0 0 0 0 0
0000000000000000 0000000000004200 bits73_78 0 0 68 31.99814 -0.95 0 0 0 0 0 0 0 0 0
0000000000000000 0000000000008200 bits73_79 0 0 58 31.99993 -0.03 0 0 0 0 0 0 0 0 0
0000000000000000 0000000000010200 bits73_80 0 0 70 32.00228 1.17 0 0 0 0 0 0 0 0 0
0000000000000000 0000000000020200 bits73_81 0 0 58 31.99926 -0.38 0 0 0 0 0 0 0 0 0
0000000000000000 0000000000040200 bits73_82 0 0 57 31.99916 -0.43 0 0 0 0 0 0 0 0 0
0000000000000000 0000000000080200 bits73_83 0 0 55 32.00247 1.27 0 0 0 0 0 0 0 0 0
0000000000000000 0000000000100200 bits73_84 0 0 68 32.00017 0.09 0 0 0 0 0 0 0 0 0
0000000000000000 0000000000200200 bits73_85 0 0 57 31.99766 -1.20 0 0 0 0 0 0 0 0 0
0000000000000000 0000000000400200 bits73_86 0 0 52 32.00077 0.40 0 0 0 0 0 0 0 0 0
0000000000000000 0000000000800200 bits73_87 0 0 60 31.99432 -2.91 0 0 0 0 0 0 0 0 0
0000000000000000 0000000001000200 bits73_88 0 0 69 31.99683 -1.62 0 0 0 0 0 0 0 0 0
0000000000000000 0000000002000200 bits73_89 0 0 62 31.99863 -0.70 0 0 0 0 0 0 0 0 0
0000000000000000 0000000004000200 bits73_90 0 0 50 31.99857 -0.73 0 0 0 0 0 0 0 0 0
0000000000000000 0000000008000200 bits73_91 0 0 61 32.00381 1.95 0 0 0 0 0 0 0 0 0
0000000000000000 0000000010000200 bits73_92 0 0 53 31.99628 -1.91 0 0 0 0 0 0 0 0 0
0000000000000000 0000000020000200 bits73_93 0 0 60 31.99590 -2.10 0 0 0 0 0 0 0 0 0
0000000000000000 0000000040000200 bits73_94 0 0 65 32.00352 1.80 0 0 0 0 0 0 0 0 0
0000000000000000 0000000080000200 bits73_95 0 0 68 31.99816 -0.94 0 0 0 0 0 0 0 0 0
0000000000000000 0000000100000200 bits73_96 0 0 60 31.99849 -0.77 0 0 0 0 0 0 0 0 0
0000000000000000 0000000200000200 bits73_97 0 0 69 32.00017 0.09 0 0 0 0 0 0 0 0 0
0000000000000000 0000000400000200 bits73_98 0 0 67 32.00091 0.47 0 0 0 0 0 0 0 0 0
0000000000000000 0000000800000200 bits73_99 0 0 58 31.99805 -1.00 0 0 0 0 0 0 0 0 0
0000000000000000 0000001000000200 bits73_100 0 0 53 32.00292 1.49 0 0 0 0 0 0 0 0 0
0000000000000000 0000002000000200 bits73_101 0 0 60 31.99727 -1.40 0 0 0 0 0 0 0 0 0
0000000000000000 0000004000000200 bits73_102 0 0 59 31.99854 -0.75 0 0 0 0 0 0 0 0 0
0000000000000000 0000008000000200 bits73_103 0 0 73 32.00445 2.28 0 0 0 0 0 0 0 0 0
0000000000000000 0000010000000200 bits73_104 0 0 67 31.99915 -0.43 0 0 0 0 0 0 0 0 0
0000000000000000 0000020000000200 bits73_105 0 0 50 31.99989 -0.06 0 0 0 0 0 0 0 0 0
0000000000000000 0000040000000200 bits73_106 0 0 61 32.00019 0.10 0 0 0 0 0 0 0 0 0
0000000000000000 0000080000000200 bits73_107 0 0 65 32.00136 0.69 0 0 0 0 0 0 0 0 0
0000000000000000 0000100000000200 bits73_108 0 0 68 32.00303 1.55 0 0 0 0 0 0 0 0 0
0000000000000000 0000200000000200 bits73_109 0 0 80 31.99771 -1.17 0 0 0 0 0 0 0 0 0
0000000000000000 0000400000000200 bits73_110 0 0 68 32.00152 0.78 0 0 0 0 0 0 0 0 0
0000000000000000 0000800000000200 bits73_111 0 0 53 32.00243 1.24 0 0 0 0 0 0 0 0 0
0000000000000000 0001000000000200 bits73_112 0 0 53 32.00285 1.46 0 0 0 0 0 0 0 0 0
0000000000000000 0002000000000200 bits73_113 0 0 63 32.00256 1.31 0 0 0 0 0 0 0 0 0
0000000000000000 0004000000000200 bits73_114 0 0 74 32.00554 2.84 0 0 0 0 0 0 0 0 0
0000000000000000 0008000000000200 bits73_115 0 0 69 31.99522 -2.45 0 0 0 0 0 0 0 0 0
0000000000000000 0010000000000200 bits73_116 0 0 57 32.00084 0.43 0 0 0 0 0 0 0 0 0
0000000000000000 0020000000000200 bits73_117 0 0 80 32.00108 0.55 0 0 0 0 0 0 0 0 0
0000000000000000 0040000000000200 bits73_118 0 0 66 31.99875 -0.64 0 0 0 0 0 0 0 0 0
0000000000000000 0080000000000200 bits73_119 0 0 47 31.99900 -0.51 0 0 0 0 0 0 0 0 0
0000000000000000 0100000000000200 bits73_120 0 0 81 32.00090 0.46 0 0 0 0 0 0 0 0 0
0000000000000000 0200000000000200 bits73_121 0 0 74 32.00184 0.94 0 0 0 0 0 0 0 0 0
0000000000000000 0400000000000200 bits73_122 0 0 57 32.00038 0.19 0 0 0 0 0 0 0 0 0
0000000000000000 0800000000000200 bits73_123 0 0 51 32.00040 0.21 0 0 0 0 0 0 0 0 0
0000000000000000 1000000000000200 bits73_124 0 0 50 31.99934 -0.34 0 0 0 0 0 0 0 0 0
0000000000000000 2000000000000200 bits73_125 0 0 68 32.00262 1.34 0 0 0 0 0 0 0 0 0
0000000000000000 4000000000000200 bits73_126 0 0 77 32.00124 0.63 0 0 0 0 0 0 0 0 0
0000000000000000 8000000000000200 bits73_127 0 0 48 32.00038 0.19 0 0 0 0 0 0 0 0 0
0000000000000000 0000000000000c00 bits74_75 0 0 55 32.00380 1.94 0 0 0 0 0 0 0 0 0
0000000000000000 0000000000001400 bits74_76 0 0 45 32.00034 0.17 0 0 0 0 0 0 0 0 0
0000000000000000 0000000000002400 bits74_77 0 0 53 32.00545 2.79 0 0 0 0 0 0 0 0 0
0000000000000000 0000000000004400 bits74_78 0 0 64 32.00021 0.11 0 0 0 0 0 0 0 0 0
0000000000000000 0000000000008400 bits74_79 0 0 75 32.00388 1.99 0 0 0 0 0 0 0 0 0
0000000000000000 0000000000010400 bits74_80 0 0 70 32.00272 1.39 0 0 0 0 0 0 0 0 0
0000000000000000 0000000000020400 bits74_81 0 0 61 32.00100 0.51 0 0 0 0 0 0 0 0 0
0000000000000000 0000000000040400 bits74_82 0 0 60 32.00000 0.00 0 0 0 0 0 0 0 0 0
0000000000000000 0000000000080400 bits74_83 0 0 89 31.99835 -0.84 0 0 0 0 0 0 0 0 0
0000000000000000 0000000000100400 bits74_84 0 0 49 32.00017 0.09 0 0 0 0 0 0 0 0 0
0000000000000000 0000000000200400 bits74_85 0 0 68 31.99735 -1.36 0 0 0 0 0 0 0 0 0
0000000000000000 0000000000400400 bits74_86 0 0 63 31.99852 -0.76 0 0 0 0 0 0 0 0 0
0000000000000000 0000000000800400 bits74_87 0 0 79 32.00183 0.94 0 0 0 0 0 0 0 0 0
0000000000000000 0000000001000400 bits74_88 0 0 55 31.99787 -1.09 0 0 0 0 0 0 0 0 0
0000000000000000 0000000002000400 bits74_89 0 0 75 31.99784 -1.11 0 0 0 0 0 0 0 0 0
0000000000000000 0000000004000400 bits74_90 0 0 82 31.99875 -0.64 0 0 0 0 0 0 0 0 0
0000000000000000 0000000008000400 bits74_91 0 0 49 32.00215 1.10 0 0 0 0 0 0 0 0 0
0000000000000000 0000000010000400 bits74_92 0 0 60 32.00148 0.76 0 0 0 0 0 0 0 0 0
0000000000000000 0000000020000400 bits74_93 0 0 80 32.00094 0.48 0 0 0 0 0 0 0 0 0
0000000000000000 0000000040000400 bits74_94 0 0 65 32.00223 1.14 0 0 0 0 0 0 0 0 0
0000000000000000 0000000080000400 bits74_95 0 0 59 32.00250 1.28 0 0 0 0 0 0 0 0 0
0000000000000000 0000000100000400 bits74_96 0 0 56 32.00013 0.07 0 0 0 0 0 0 0 0 0
0000000000000000 0000000200000400 bits74_97 0 0 69 32.00157 0.80 0 0 0 0 0 0 0 0 0
0000000000000000 0000000400000400 bits74_98 0 0 69 32.00074 0.38 0 0 0 0 0 0 0 0 0
0000000000000000 0000000800000400 bits74_99 0 0 59 32.00167 0.85 0 0 0 0 0 0 0 0 0
0000000000000000 0000001000000400 bits74_100 0 0 56 32.00023 0.12 0 0 0 0 0 0 0 0 0
0000000000000000 0000002000000400 bits74_101 0 0 78 32.00268 1.37 0 0 0 0 0 0 0 0 0
0000000000000000 0000004000000400 bits74_102 0 0 69 32.00214 1.09 0 0 0 0 0 0 0 0 0
0000000000000000 0000008000000400 bits74_103 0 0 88 32.00203 1.04 0 0 0 0 0 0 0 0 0
0000000000000000 0000010000000400 bits74_104 0 0 69 31.99852 -0.76 0 0 0 0 0 0 0 0 0
0000000000000000 0000020000000400 bits74_105 0 0 68 31.99618 -1.96 0 0 0 0 0 0 0 0 0
0000000000000000 0000040000000400 bits74_106 0 0 64 32.00118 0.60 0 0 0 0 0 0 0 0 0
0000000000000000 0000080000000400 bits74_107 0 0 61 31.99826 -0.89 0 0 0 0 0 0 0 0 0
0000000000000000 0000100000000400 bits74_108 0 0 60 32.00297 1.52 0 0 0 0 0 0 0 0 0
0000000000000000 0000200000000400 bits74_109 0 0 66 32.00146 0.75 0 0 0 0 0 0 0 0 0
0000000000000000 0000400000000400 bits74_110 0 0 79 32.00019 0.10 0 0 0 0 0 0 0 0 0
0000000000000000 0000800000000400 bits74_111 0 0 74 31.99931 -0.36 0 0 0 0 0 0 0 0 0
0000000000000000 0001000000000400 bits74_112 0 0 66 32.00219 1.12 0 0 0 0 0 0 0 0 0
0000000000000000 0002000000000400 bits74_113 0 0 68 31.99727 -1.40 0 0 0 0 0 0 0 0 0
0000000000000000 0004000000000400 bits74_114 0 0 68 32.00191 0.98 0 0 0 0 0 0 0 0 0
0000000000000000 0008000000000400 bits74_115 0 0 51 32.00278 1.42 0 0 0 0 0 0 0 0 0
0000000000000000 0010000000000400 bits74_116 0 0 69 32.00335 1.72 0 0 0 0 0 0 0 0 0
0000000000000000 0020000000000400 bits74_117 0 0 69 32.00222 1.13 0 0 0 0 0 0 0 0 0
0000000000000000 0040000000000400 bits74_118 0 0 53 31.99940 -0.31 0 0 0 0 0 0 0 0 0
0000000000000000 0080000000000400 bits74_119 0 0 60 32.00188 0.96 0 0 0 0 0 0 0 0 0
0000000000000000 0100000000000400 bits74_120 0 0 60 32.00075 0.39 0 0 0 0 0 0 0 0 0
0000000000000000 0200000000000400 bits74_121 0 0 73 31.99930 -0.36 0 0 0 0 0 0 0 0 0
0000000000000000 0400000000000400 bits74_122 0 0 63 32.00024 0.12 0 0 0 0 0 0 0 0 0
0000000000000000 0800000000000400 bits74_123 0 0 59 31.99782 -1.12 0 0 0 0 0 0 0 0 0
0000000000000000 1000000000000400 bits74_124 0 0 51 31.99761 -1.22 0 0 0 0 0 0 0 0 0
0000000000000000 2000000000000400 bits74_125 0 0 65 31.99736 -1.35 0 0 0 0 0 0 0 0 0
0000000000000000 4000000000000400 bits74_126 0 0 61 32.00008 0.04 0 0 0 0 0 0 0 0 0
0000000000000000 8000000000000400 bits74_127 0 0 79 31.99913 -0.45 0 0 0 0 0 0 0 0 0
0000000000000000 0000000000001800 bits75_76 0 0 60 31.99840 -0.82 0 0 0 0 0 0 0 0 0
0000000000000000 0000000000002800 bits75_77 0 0 66 32.00338 1.73 0 0 0 0 0 0 0 0 0
0000000000000000 0000000000004800 bits75_78 0 0 64 31.99868 -0.68 0 0 0 0 0 0 0 0 0
0000000000000000 0000000000008800 bits75_79 0 0 67 32.00136 0.69 0 0 0 0 0 0 0 0 0
0000000000000000 0000000000010800 bits75_80 0 0 48 32.00150 0.77 0 0 0 0 0 0 0 0 0
0000000000000000 0000000000020800 bits75_81 0 0 74 31.99881 -0.61 0 0 0 0 0 0 0 0 0
0000000000000000 0000000000040800 bits75_82 0 0 70 32.00565 2.89 0 0 0 0 0 0 0 0 0
0000000000000000 0000000000080800 bits75_83 0 0 62 32.00073 0.37 0 0 0 0 0 0 0 0 0
0000000000000000 0000000000100800 bits75_84 0 0 60 31.99967 -0.17 0 0 0 0 0 0 0 0 0
0000000000000000 0000000000200800 bits75_85 0 0 64 32.00329 1.68 0 0 0 0 0 0 0 0 0
0000000000000000 0000000000400800 bits75_86 0 0 70 32.00141 0.72 0 0 0 0 0 0 0 0 0
0000000000000000 0000000000800800 bits75_87 0 0 70 31.99938 -0.32 0 0 0 0 0 0 0 0 0
0000000000000000 0000000001000800 bits75_88 0 0 52 32.00372 1.90 0 0 0 0 0 0 0 0 0
0000000000000000 0000000002000800 bits75_89 0 0 58 31.99721 -1.43 0 0 0 0 0 0 0 0 0
0000000000000000 0000000004000800 bits75_90 0 0 62 32.00094 0.48 0 0 0 0 0 0 0 0 0
0000000000000000 0000000008000800 bits75_91 0 0 69 31.99527 -2.42 0 0 0 0 0 0 0 0 0
0000000000000000 0000000010000800 bits75_92 0 0 53 31.99915 -0.44 0 0 0 0 0 0 0 0 0
0000000000000000 0000000020000800 bits75_93 0 0 75 32.00203 1.04 0 0 0 0 0 0 0 0 0
0000000000000000 0000000040000800 bits75_94 0 0 70 31.99687 -1.60 0 0 0 0 0 0 0 0 0
0000000000000000 0000000080000800 bits75_95 0 0 58 31.99712 -1.47 0 0 0 0 0 0 0 0 0
0000000000000000 0000000100000800 bits75_96 0 0 58 32.00252 1.29 0 0 0 0 0 0 0 0 0
0000000000000000 0000000200000800 bits75_97 0 0 63 32.00637 3.26 0 0 0 0 0 0 0 0 0
0000000000000000 0000000400000800 bits75_98 0 0 75 31.99899 -0.52 0 0 0 0 0 0 0 0 0
0000000000000000 0000000800000800 bits75_99 0 0 51 31.99947 -0.27 0 0 0 0 0 0 0 0 0
0000000000000000 0000001000000800 bits75_100 0 0 69 31.99902 -0.50 0 0 0 0 0 0 0 0 0
0000000000000000 0000002000000800 bits75_101 0 0 68 32.00077 0.39 0 0 0 0 0 0 0 0 0
0000000000000000 0000004000000800 bits75_102 0 0 67 32.00114 0.58 0 0 0 0 0 0 0 0 0
0000000000000000 0000008000000800 bits75_103 0 0 71 31.99860 -0.72 0 0 0 0 0 0 0 0 0
0000000000000000 0000010000000800 bits75_104 0 0 55 32.00195 1.00 0 0 0 0 0 0 0 0 0
0000000000000000 0000020000000800 bits75_105 0 0 69 31.99970 -0.16 0 0 0 0 0 0 0 0 0
0000000000000000 0000040000000800 bits75_106 0 0 58 32.00089 0.45 0 0 0 0 0 0 0 0 0
0000000000000000 0000080000000800 bits75_107 0 0 59 31.99819 -0.93 0 0 0 0 0 0 0 0 0
0000000000000000 0000100000000800 bits75_108 0 0 55 32.00309 1.58 0 0 0 0 0 0 0 0 0
0000000000000000 0000200000000800 bits75_109 0 0 70 32.00188 0.96 0 0 0 0 0 0 0 0 0
0000000000000000 0000400000000800 bits75_110 0 0 62 32.00224 1.15 0 0 0 0 0 0 0 0 0
0000000000000000 0000800000000800 bits75_111 0 0 61 31.99895 -0.54 0 0 0 0 0 0 0 0 0
0000000000000000 0001000000000800 bits75_112 0 0 66 32.00376 1.93 0 0 0 0 0 0 0 0 0
0000000000000000 0002000000000800 bits75_113 0 0 78 32.00301 1.54 0 0 0 0 0 0 0 0 0
0000000000000000 0004000000000800 bits75_114 0 0 70 32.00194 0.99 0 0 0 0 0 0 0 0 0
0000000000000000 0008000000000800 bits75_115 0 0 60 32.00114 0.58 0 0 0 0 0 0 0 0 0
0000000000000000 0010000000000800 bits75_116 0 0 76 31.99814 -0.95 0 0 0 0 0 0 0 0 0
0000000000000000 0020000000000800 bits75_117 0 0 50 32.00044 0.23 0 0 0 0 0 0 0 0 0
0000000000000000 0040000000000800 bits75_118 0 0 55 31.99935 -0.33 0 0 0 0 0 0 0 0 0
0000000000000000 0080000000000800 bits75_119 0 0 63 31.99822 -0.91 0 0 0 0 0 0 0 0 0
0000000000000000 0100000000000800 bits75_120 0 0 64 32.00268 1.37 0 0 0 0 0 0 0 0 0
0000000000000000 0200000000000800 bits75_121 0 0 69 31.99911 -0.46 0 0 0 0 0 0 0 0 0
0000000000000000 0400000000000800 bits75_122 0 0 66 31.99890 -0.56 0 0 0 0 0 0 0 0 0
0000000000000000 0800000000000800 bits75_123 0 0 64 32.00377 1.93 0 0 0 0 0 0 0 0 0
0000000000000000 1000000000000800 bits75_124 0 0 55 31.99772 -1.17 0 0 0 0 0 0 0 0 0
0000000000000000 2000000000000800 bits75_125 0 0 75 32.00186 0.95 0 0 0 0 0 0 0 0 0
0000000000000000 4000000000000800 bits75_126 0 0 53 32.00288 1.48 0 0 0 0 0 0 0 0 0
0000000000000000 8000000000000800 bits75_127 0 0 66 31.99904 -0.49 0 0 0 0 0 0 0 0 0
0000000000000000 0000000000003000 bits76_77 0 0 67 31.99650 -1.79 0 0 0 0 0 0 0 0 0
0000000000000000 0000000000005000 bits76_78 0 0 75 31.99654 -1.77 0 0 0 0 0 0 0 0 0
0000000000000000 0000000000009000 bits76_79 0 0 56 31.99839 -0.82 0 0 0 0 0 0 0 0 0
0000000000000000 0000000000011000 bits76_80 0 0 65 31.99951 -0.25 0 0 0 0 0 0 0 0 0
0000000000000000 0000000000021000 bits76_81 0 0 68 32.00153 0.78 0 0 0 0 0 0 0 0 0
0000000000000000 0000000000041000 bits76_82 0 0 71 32.00114 0.58 0 0 0 0 0 0 0 0 0
0000000000000000 0000000000081000 bits76_83 0 0 62 32.00094 0.48 0 0 0 0 0 0 0 0 0
0000000000000000 0000000000101000 bits76_84 0 0 71 32.00045 0.23 0 0 0 0 0 0 0 0 0
0000000000000000 0000000000201000 bits76_85 0 0 56 32.00198 1.01 0 0 0 0 0 0 0 0 0
0000000000000000 0000000000401000 bits76_86 0 0 73 32.00005 0.02 0 0 0 0 0 0 0 0 0
0000000000000000 0000000000801000 bits76_87 0 0 59 32.00017 0.09 0 0 0 0 0 0 0 0 0
0000000000000000 0000000001001000 bits76_88 0 0 57 31.99918 -0.42 0 0 0 0 0 0 0 0 0
0000000000000000 0000000002001000 bits76_89 0 0 60 32.00265 1.36 0 0 0 0 0 0 0 0 0
0000000000000000 0000000004001000 bits76_90 0 0 66 32.00145 0.74 0 0 0 0 0 0 0 0 0
0000000000000000 0000000008001000 bits76_91 0 0 64 32.00234 1.20 0 0 0 0 0 0 0 0 0
0000000000000000 0000000010001000 bits76_92 0 0 53 31.99915 -0.43 0 0 0 0 0 0 0 0 0
0000000000000000 0000000020001000 bits76_93 0 0 55 32.00382 1.96 0 0 0 0 0 0 0 0 0
0000000000000000 0000000040001000 bits76_94 0 0 67 32.00010 0.05 0 0 0 0 0 0 0 0 0
0000000000000000 0000000080001000 bits76_95 0 0 57 32.00056 0.29 0 0 0 0 0 0 0 0 0
0000000000000000 0000000100001000 bits76_96 0 0 65 31.99894 -0.54 0 0 0 0 0 0 0 0 0
0000000000000000 0000000200001000 bits76_97 0 0 68 32.00176 0.90 0 0 0 0 0 0 0 0 0
0000000000000000 0000000400001000 bits76_98 0 0 71 32.00083 0.42 0 0 0 0 0 0 0 0 0
0000000000000000 0000000800001000 bits76_99 0 0 65 31.99987 -0.07 0 0 0 0 0 0 0 0 0
0000000000000000 0000001000001000 bits76_100 0 0 70 31.99673 -1.67 0 0 0 0 0 0 0 0 0
0000000000000000 0000002000001000 bits76_101 0 0 79 32.00007 0.04 0 0 0 0 0 0 0 0 0
0000000000000000 0000004000001000 bits76_102 0 0 56 31.99839 -0.83 0 0 0 0 0 0 0 0 0
0000000000000000 0000008000001000 bits76_103 0 0 59 32.00379 1.94 0 0 0 0 0 0 0 0 0
0000000000000000 0000010000001000 bits76_104 0 0 69 32.00182 0.93 0 0 0 0 0 0 0 0 0
0000000000000000 0000020000001000 bits76_105 0 0 57 31.99822 -0.91 0 0 0 0 0 0 0 0 0
0000000000000000 0000040000001000 bits76_106 0 0 62 32.00114 0.58 0 0 0 0 0 0 0 0 0
0000000000000000 0000080000001000 bits76_107 0 0 82 31.99916 -0.43 0 0 0 0 0 0 0 0 0
0000000000000000 0000100000001000 bits76_108 0 0 65 32.00094 0.48 0 0 0 0 0 0 0 0 0
0000000000000000 0000200000001000 bits76_109 0 0 65 32.00092 0.47 0 0 0 0 0 0 0 0 0
0000000000000000 0000400000001000 bits76_110 0 0 57 31.99762 -1.22 0 0 0 0 0 0 0 0 0
0000000000000000 0000800000001000 bits76_111 0 0 62 31.99638 -1.86 0 0 0 0 0 0 0 0 0
0000000000000000 0001000000001000 bits76_112 0 0 80 32.00034 0.17 0 0 0 0 0 0 0 0 0
0000000000000000 0002000000001000 bits76_113 0 0 68 32.00219 1.12 0 0 0 0 0 0 0 0 0
0000000000000000 0004000000001000 bits76_114 0 0 65 31.99721 -1.43 0 0 0 0 0 0 0 0 0
0000000000000000 0008000000001000 bits76_115 0 0 64 32.00111 0.57 0 0 0 0 0 0 0 0 0
0000000000000000 0010000000001000 bits76_116 0 0 57 31.99709 -1.49 0 0 0 0 0 0 0 0 0
0000000000000000 0020000000001000 bits76_117 0 0 60 31.99994 -0.03 0 0 0 0 0 0 0 0 0
0000000000000000 0040000000001000 bits76_118 0 0 59 31.99827 -0.89 0 0 0 0 0 0 0 0 0
0000000000000000 0080000000001000 bits76_119 0 0 79 31.99872 -0.66 0 0 0 0 0 0 0 0 0
0000000000000000 0100000000001000 bits76_120 0 0 59 31.99832 -0.86 0 0 0 0 0 0 0 0 0
0000000000000000 0200000000001000 bits76_121 0 0 70 31.99758 -1.24 0 0 0 0 0 0 0 0 0
0000000000000000 0400000000001000 bits76_122 0 0 50 32.00022 0.11 0 0 0 0 0 0 0 0 0
0000000000000000 0800000000001000 bits76_123 0 0 61 31.99934 -0.34 0 0 0 0 0 0 0 0 0
0000000000000000 1000000000001000 bits76_124 0 0 61 32.00203 1.04 0 0 0 0 0 0 0 0 0
0000000000000000 2000000000001000 bits76_125 0 0 60 31.99957 -0.22 0 0 0 0 0 0 0 0 0
0000000000000000 4000000000001000 bits76_126 0 0 77 31.99576 -2.17 0 0 0 0 0 0 0 0 0
0000000000000000 8000000000001000 bits76_127 0 0 48 32.00372 1.90 0 0 0 0 0 0 0 0 0
0000000000000000 0000000000006000 bits77_78 0 0 71 31.99659 -1.75 0 0 0 0 0 0 0 0 0
0000000000000000 000000000000a000 bits77_79 0 0 60 31.99895 -0.54 0 0 0 0 0 0 0 0 0
0000000000000000 0000000000012000 bits77_80 0 0 58 31.99875 -0.64 0 0 0 0 0 0 0 0 0
0000000000000000 0000000000022000 bits77_81 0 0 65 31.99976 -0.12 0 0 0 0 0 0 0 0 0
0000000000000000 0000000000042000 bits77_82 0 0 67 31.99795 -1.05 0 0 0 0 0 0 0 0 0
0000000000000000 0000000000082000 bits77_83 0 0 67 31.99839 -0.82 0 0 0 0 0 0 0 0 0
0000000000000000 0000000000102000 bits77_84 0 0 63 31.99923 -0.39 0 0 0 0 0 0 0 0 0
0000000000000000 0000000000202000 bits77_85 0 0 51 31.99868 -0.67 0 0 0 0 0 0 0 0 0
0000000000000000 0000000000402000 bits77_86 0 0 61 31.99515 -2.48 0 0 0 0 0 0 0 0 0
0000000000000000 0000000000802000 bits77_87 0 0 84 31.99912 -0.45 0 0 0 0 0 0 0 0 0
0000000000000000 0000000001002000 bits77_88 0 0 59 32.00147 0.75 0 0 0 0 0 0 0 0 0
0000000000000000 0000000002002000 bits77_89 0 0 64 32.00001 0.00 0 0 0 0 0 0 0 0 0
0000000000000000 0000000004002000 bits77_90 0 0 56 32.00234 1.20 0 0 0 0 0 0 0 0 0
0000000000000000 0000000008002000 bits77_91 0 0 66 31.99709 -1.49 0 0 0 0 0 0 0 0 0
0000000000000000 0000000010002000 bits77_92 0 0 52 32.00058 0.30 0 0 0 0 0 0 0 0 0
0000000000000000 0000000020002000 bits77_93 0 0 59 31.99504 -2.54 0 0 0 0 0 0 0 0 0
0000000000000000 0000000040002000 bits77_94 0 0 72 31.99870 -0.67 0 0 0 0 0 0 0 0 0
0000000000000000 0000000080002000 bits77_95 0 0 67 32.00033 0.17 0 0 0 0 0 0 0 0 0
0000000000000000 0000000100002000 bits77_96 0 0 71 31.99978 -0.11 0 0 0 0 0 0 0 0 0
0000000000000000 0000000200002000 bits77_97 0 0 60 32.00201 1.03 0 0 0 0 0 0 0 0 0
0000000000000000 0000000400002000 bits77_98 0 0 66 32.00097 0.50 0 0 0 0 0 0 0 0 0
0000000000000000 0000000800002000 bits77_99 0 0 76 31.99680 -1.64 0 0 0 0 0 0 0 0 0
0000000000000000 0000001000002000 bits77_100 0 0 56 32.00130 0.66 0 0 0 0 0 0 0 0 0
0000000000000000 0000002000002000 bits77_101 0 0 74 31.99984 -0.08 0 0 0 0 0 0 0 0 0
0000000000000000 0000004000002000 bits77_102 0 0 67 31.99955 -0.23 0 0 0 0 0 0 0 0 0
0000000000000000 0000008000002000 bits77_103 0 0 61 31.99767 -1.19 0 0 0 0 0 0 0 0 0
0000000000000000 0000010000002000 bits77_104 0 0 73 31.99853 -0.75 0 0 0 0 0 0 0 0 0
0000000000000000 0000020000002000 bits77_105 0 0 59 32.00037 0.19 0 0 0 0 0 0 0 0 0
0000000000000000 0000040000002000 bits77_106 0 0 56 32.00461 2.36 0 0 0 0 0 0 0 0 0
0000000000000000 0000080000002000 bits77_107 0 0 78 31.99619 -1.95 0 0 0 0 0 0 0 0 0
0000000000000000 0000100000002000 bits77_108 0 0 66 31.99860 -0.72 0 0 0 0 0 0 0 0 0
0000000000000000 0000200000002000 bits77_109 0 0 71 31.99998 -0.01 0 0 0 0 0 0 0 0 0
0000000000000000 0000400000002000 bits77_110 0 0 54 31.99900 -0.51 0 0 0 0 0 0 0 0 0
0000000000000000 0000800000002000 bits77_111 0 0 73 31.99859 -0.72 0 0 0 0 0 0 0 0 0
0000000000000000 0001000000002000 bits77_112 0 0 69 31.99482 -2.65 0 0 0 0 0 0 0 0 0
0000000000000000 0002000000002000 bits77_113 0 0 59 31.99999 -0.00 0 0 0 0 0 0 0 0 0
0000000000000000 0004000000002000 bits77_114 0 0 79 32.00243 1.25 0 0 0 0 0 0 0 0 0
0000000000000000 0008000000002000 bits77_115 0 0 65 32.00089 0.45 0 0 0 0 0 0 0 0 0
0000000000000000 0010000000002000 bits77_116 0 0 71 32.00138 0.71 0 0 0 0 0 0 0 0 0
0000000000000000 0020000000002000 bits77_117 0 0 46 32.00316 1.62 0 0 0 0 0 0 0 0 0
0000000000000000 0040000000002000 bits77_118 0 0 63 31.99796 -1.04 0 0 0 0 0 0 0 0 0
0000000000000000 0080000000002000 bits77_119 0 0 59 31.99813 -0.96 0 0 0 0 0 0 0 0 0
0000000000000000 0100000000002000 bits77_120 0 0 73 32.00007 0.04 0 0 0 0 0 0 0 0 0
0000000000000000 0200000000002000 bits77_121 0 0 64 32.00005 0.03 0 0 0 0 0 0 0 0 0
0000000000000000 0400000000002000 bits77_122 0 0 51 32.00139 0.71 0 0 0 0 0 0 0 0 0
0000000000000000 0800000000002000 bits77_123 0 0 54 31.99815 -0.95 0 0 0 0 0 0 0 0 0
0000000000000000 1000000000002000 bits77_124 0 0 68 31.99913 -0.45 0 0 0 0 0 0 0 0 0
0000000000000000 2000000000002000 bits77_125 0 0 60 31.99770 -1.18 0 0 0 0 0 0 0 0 0
0000000000000000 4000000000002000 bits77_126 0 0 61 31.99762 -1.22 0 0 0 0 0 0 0 0 0
0000000000000000 8000000000002000 bits77_127 0 0 63 32.00057 0.29 0 0 0 0 0 0 0 0 0
0000000000000000 000000000000c000 bits78_79 0 0 67 31.99913 -0.44 0 0 0 0 0 0 0 0 0
0000000000000000 0000000000014000 bits78_80 0 0 44 32.00108 0.55 0 0 0 0 0 0 0 0 0
0000000000000000 0000000000024000 bits78_81 0 0 62 32.00261 1.34 0 0 0 0 0 0 0 0 0
0000000000000000 0000000000044000 bits78_82 0 0 58 32.00031 0.16 0 0 0 0 0 0 0 0 0
0000000000000000 0000000000084000 bits78_83 0 0 76 31.99524 -2.44 0 0 0 0 0 0 0 0 0
0000000000000000 0000000000104000 bits78_84 0 0 49 31.99874 -0.64 0 0 0 0 0 0 0 0 0
0000000000000000 0000000000204000 bits78_85 0 0 68 32.00289 1.48 0 0 0 0 0 0 0 0 0
0000000000000000 0000000000404000 bits78_86 0 0 64 32.00130 0.67 0 0 0 0 0 0 0 0 0
0000000000000000 0000000000804000 bits78_87 0 0 68 32.00014 0.07 0 0 0 0 0 0 0 0 0
0000000000000000 0000000001004000 bits78_88 0 0 72 32.00052 0.27 0 0 0 0 0 0 0 0 0
0000000000000000 0000000002004000 bits78_89 0 0 64 32.00415 2.13 0 0 0 0 0 0 0 0 0
0000000000000000 0000000004004000 bits78_90 0 0 77 31.99506 -2.53 0 0 0 0 0 0 0 0 0
0000000000000000 0000000008004000 bits78_91 0 0 57 31.99917 -0.43 0 0 0 0 0 0 0 0 0
0000000000000000 0000000010004000 bits78_92 0 0 54 31.99985 -0.08 0 0 0 0 0 0 0 0 0
0000000000000000 0000000020004000 bits78_93 0 0 60 31.99902 -0.50 0 0 0 0 0 0 0 0 0
0000000000000000 0000000040004000 bits78_94 0 0 66 31.99880 -0.61 0 0 0 0 0 0 0 0 0
0000000000000000 0000000080004000 bits78_95 0 0 59 32.00054 0.28 0 0 0 0 0 0 0 0 0
0000000000000000 0000000100004000 bits78_96 0 0 75 31.99942 -0.30 0 0 0 0 0 0 0 0 0
0000000000000000 0000000200004000 bits78_97 0 0 63 31.99894 -0.55 0 0 0 0 0 0 0 0 0
0000000000000000 0000000400004000 bits78_98 0 0 65 31.99857 -0.73 0 0 0 0 0 0 0 0 0
0000000000000000 0000000800004000 bits78_99 0 0 58 32.00049 0.25 0 0 0 0 0 0 0 0 0
0000000000000000 0000001000004000 bits78_100 0 0 53 32.00311 1.59 0 0 0 0 0 0 0 0 0
0000000000000000 0000002000004000 bits78_101 0 0 63 31.99998 -0.01 0 0 0 0 0 0 0 0 0
0000000000000000 0000004000004000 bits78_102 0 0 83 32.00443 2.27 0 0 0 0 0 0 0 0 0
0000000000000000 0000008000004000 bits78_103 0 0 76 32.00131 0.67 0 0 0 0 0 0 0 0 0
0000000000000000 0000010000004000 bits78_104 0 0 61 31.99817 -0.94 0 0 0 0 0 0 0 0 0
0000000000000000 0000020000004000 bits78_105 0 0 64 31.99788 -1.09 0 0 0 0 0 0 0 0 0
0000000000000000 0000040000004000 bits78_106 0 0 56 31.99718 -1.44 0 0 0 0 0 0 0 0 0
0000000000000000 0000080000004000 bits78_107 0 0 64 32.00245 1.25 0 0 0 0 0 0 0 0 0
0000000000000000 0000100000004000 bits78_108 0 0 68 31.99798 -1.04 0 0 0 0 0 0 0 0 0
0000000000000000 0000200000004000 bits78_109 0 0 62 32.00166 0.85 0 0 0 0 0 0 0 0 0
0000000000000000 0000400000004000 bits78_110 0 0 68 31.99974 -0.14 0 0 0 0 0 0 0 0 0
0000000000000000 0000800000004000 bits78_111 0 0 70 31.99637 -1.86 0 0 0 0 0 0 0 0 0
0000000000000000 0001000000004000 bits78_112 0 0 54 32.00155 0.79 0 0 0 0 0 0 0 0 0
0000000000000000 0002000000004000 bits78_113 0 0 58 32.00160 0.82 0 0 0 0 0 0 0 0 0
0000000000000000 0004000000004000 bits78_114 0 0 72 32.00147 0.75 0 0 0 0 0 0 0 0 0
0000000000000000 0008000000004000 bits78_115 0 0 70 31.99954 -0.23 0 0 0 0 0 0 0 0 0
0000000000000000 0010000000004000 bits78_116 0 0 60 32.00118 0.61 0 0 0 0 0 0 0 0 0
0000000000000000 0020000000004000 bits78_117 0 0 75 32.00084 0.43 0 0 0 0 0 0 0 0 0
0000000000000000 0040000000004000 bits78_118 0 0 52 32.00358 1.83 0 0 0 0 0 0 0 0 0
0000000000000000 0080000000004000 bits78_119 0 0 70 32.00474 2.42 0 0 0 0 0 0 0 0 0
0000000000000000 0100000000004000 bits78_120 0 0 69 32.00008 0.04 0 0 0 0 0 0 0 0 0
0000000000000000 0200000000004000 bits78_121 0 0 56 32.00115 0.59 0 0 0 0 0 0 0 0 0
0000000000000000 0400000000004000 bits78_122 0 0 64 32.00044 0.23 0 0 0 0 0 0 0 0 0
0000000000000000 0800000000004000 bits78_123 0 0 68 31.99926 -0.38 0 0 0 0 0 0 0 0 0
0000000000000000 1000000000004000 bits78_124 0 0 57 31.99988 -0.06 0 0 0 0 0 0 0 0 0
0000000000000000 2000000000004000 bits78_125 0 0 64 32.00089 0.46 0 0 0 0 0 0 0 0 0
0000000000000000 4000000000004000 bits78_126 0 0 52 32.00046 0.23 0 0 0 0 0 0 0 0 0
0000000000000000 8000000000004000 bits78_127 0 0 67 31.99976 -0.12 0 0 0 0 0 0 0 0 0
0000000000000000 0000000000018000 bits79_80 0 0 52 31.99983 -0.09 0 0 0 0 0 0 0 0 0
0000000000000000 0000000000028000 bits79_81 0 0 63 31.99926 -0.38 0 0 0 0 0 0 0 0 0
0000000000000000 0000000000048000 bits79_82 0 0 69 32.00092 0.47 0 0 0 0 0 0 0 0 0
0000000000000000 0000000000088000 bits79_83 0 0 67 32.00229 1.17 0 0 0 0 0 0 0 0 0
0000000000000000 0000000000108000 bits79_84 0 0 56 32.00004 0.02 0 0 0 0 0 0 0 0 0
0000000000000000 0000000000208000 bits79_85 0 0 53 31.99557 -2.27 0 0 0 0 0 0 0 0 0
0000000000000000 0000000000408000 bits79_86 0 0 67 32.00125 0.64 0 0 0 0 0 0 0 0 0
0000000000000000 0000000000808000 bits79_87 0 0 65 32.00063 0.32 0 0 0 0 0 0 0 0 0
0000000000000000 0000000001008000 bits79_88 0 0 61 32.00042 0.22 0 0 0 0 0 0 0 0 0
0000000000000000 0000000002008000 bits79_89 0 0 58 31.99823 -0.91 0 0 0 0 0 0 0 0 0
0000000000000000 0000000004008000 bits79_90 0 0 70 31.99918 -0.42 0 0 0 0 0 0 0 0 0
0000000000000000 0000000008008000 bits79_91 0 0 63 32.00063 0.32 0 0 0 0 0 0 0 0 0
0000000000000000 0000000010008000 bits79_92 0 0 60 32.00436 2.23 0 0 0 0 0 0 0 0 0
0000000000000000 0000000020008000 bits79_93 0 0 64 31.99938 -0.32 0 0 0 0 0 0 0 0 0
0000000000000000 0000000040008000 bits79_94 0 0 57 32.00090 0.46 0 0 0 0 0 0 0 0 0
0000000000000000 0000000080008000 bits79_95 0 0 65 31.99905 -0.48 0 0 0 0 0 0 0 0 0
0000000000000000 0000000100008000 bits79_96 0 0 72 31.99824 -0.90 0 0 0 0 0 0 0 0 0
0000000000000000 0000000200008000 bits79_97 0 0 50 32.00006 0.03 0 0 0 0 0 0 0 0 0
0000000000000000 0000000400008000 bits79_98 0 0 61 32.00295 1.51 0 0 0 0 0 0 0 0 0
0000000000000000 0000000800008000 bits79_99 0 0 59 32.00156 0.80 0 0 0 0 0 0 0 0 0
0000000000000000 0000001000008000 bits79_100 0 0 61 32.00023 0.12 0 0 0 0 0 0 0 0 0
0000000000000000 0000002000008000 bits79_101 0 0 58 32.00201 1.03 0 0 0 0 0 0 0 0 0
0000000000000000 0000004000008000 bits79_102 0 0 62 31.99762 -1.22 0 0 0 0 0 0 0 0 0
0000000000000000 0000008000008000 bits79_103 0 0 63 32.00169 0.86 0 0 0 0 0 0 0 0 0
0000000000000000 0000010000008000 bits79_104 0 0 75 31.99958 -0.22 0 0 0 0 0 0 0 0 0
0000000000000000 0000020000008000 bits79_105 0 0 61 32.00024 0.12 0 0 0 0 0 0 0 0 0
0000000000000000 0000040000008000 bits79_106 0 0 59 32.00026 0.13 0 0 0 0 0 0 0 0 0
0000000000000000 0000080000008000 bits79_107 0 0 83 32.00095 0.48 0 0 0 0 0 0 0 0 0
0000000000000000 0000100000008000 bits79_108 0 0 58 32.00045 0.23 0 0 0 0 0 0 0 0 0
0000000000000000 0000200000008000 bits79_109 0 0 57 31.99739 -1.34 0 0 0 0 0 0 0 0 0
0000000000000000 0000400000008000 bits79_110 0 0 53 32.00303 1.55 0 0 0 0 0 0 0 0 0
0000000000000000 0000800000008000 bits79_111 0 0 68 32.00061 0.31 0 0 0 0 0 0 0 0 0
0000000000000000 0001000000008000 bits79_112 0 0 76 32.00032 0.16 0 0 0 0 0 0 0 0 0
0000000000000000 0002000000008000 bits79_113 0 0 70 32.00197 1.01 0 0 0 0 0 0 0 0 0
0000000000000000 0004000000008000 bits79_114 0 0 60 31.99790 -1.08 0 0 0 0 0 0 0 0 0
0000000000000000 0008000000008000 bits79_115 0 0 71 31.99959 -0.21 0 0 0 0 0 0 0 0 0
0000000000000000 0010000000008000 bits79_116 0 0 83 32.00231 1.18 0 0 0 0 0 0 0 0 0
0000000000000000 0020000000008000 bits79_117 0 0 56 31.99522 -2.45 0 0 0 0 0 0 0 0 0
0000000000000000 0040000000008000 bits79_118 0 0 70 31.99869 -0.67 0 0 0 0 0 0 0 0 0
0000000000000000 0080000000008000 bits79_119 0 0 69 31.99887 -0.58 0 0 0 0 0 0 0 0 0
0000000000000000 0100000000008000 bits79_120 0 0 73 31.99962 -0.20 0 0 0 0 0 0 0 0 0
0000000000000000 0200000000008000 bits79_121 0 0 72 32.00025 0.13 0 0 0 0 0 0 0 0 0
0000000000000000 0400000000008000 bits79_122 0 0 80 31.99678 -1.65 0 0 0 0 0 0 0 0 0
0000000000000000 0800000000008000 bits79_123 0 0 62 31.99907 -0.47 0 0 0 0 0 0 0 0 0
0000000000000000 1000000000008000 bits79_124 0 0 54 32.00131 0.67 0 0 0 0 0 0 0 0 0
0000000000000000 2000000000008000 bits79_125 0 0 66 32.00042 0.22 0 0 0 0 0 0 0 0 0
0000000000000000 4000000000008000 bits79_126 0 0 68 31.99500 -2.56 0 0 0 0 0 0 0 0 0
0000000000000000 8000000000008000 bits79_127 0 0 70 31.99998 -0.01 0 0 0 0 0 0 0 0 0
0000000000000000 0000000000030000 bits80_81 0 0 76 32.00180 0.92 0 0 0 0 0 0 0 0 0
0000000000000000 0000000000050000 bits80_82 0 0 71 32.00143 0.73 0 0 0 0 0 0 0 0 0
0000000000000000 0000000000090000 bits80_83 0 0 69 31.99935 -0.33 0 0 0 0 0 0 0 0 0
0000000000000000 0000000000110000 bits80_84 0 0 63 31.99797 -1.04 0 0 0 0 0 0 0 0 0
0000000000000000 0000000000210000 bits80_85 0 0 52 32.00120 0.61 0 0 0 0 0 0 0 0 0
0000000000000000 0000000000410000 bits80_86 0 0 57 32.00169 0.86 0 0 0 0 0 0 0 0 0
0000000000000000 0000000000810000 bits80_87 0 0 71 31.99702 -1.52 0 0 0 0 0 0 0 0 0
0000000000000000 0000000001010000 bits80_88 0 0 74 32.00036 0.19 0 0 0 0 0 0 0 0 0
0000000000000000 0000000002010000 bits80_89 0 0 73 32.00332 1.70 0 0 0 0 0 0 0 0 0
0000000000000000 0000000004010000 bits80_90 0 0 67 31.99904 -0.49 0 0 0 0 0 0 0 0 0
0000000000000000 0000000008010000 bits80_91 0 0 60 32.00144 0.74 0 0 0 0 0 0 0 0 0
0000000000000000 0000000010010000 bits80_92 0 0 59 31.99945 -0.28 0 0 0 0 0 0 0 0 0
0000000000000000 0000000020010000 bits80_93 0 0 79 32.00052 0.26 0 0 0 0 0 0 0 0 0
0000000000000000 0000000040010000 bits80_94 0 0 68 31.99669 -1.70 0 0 0 0 0 0 0 0 0
0000000000000000 0000000080010000 bits80_95 0 0 82 32.00210 1.08 0 0 0 0 0 0 0 0 0
0000000000000000 0000000100010000 bits80_96 0 0 66 31.99437 -2.88 0 0 0 0 0 0 0 0 0
0000000000000000 0000000200010000 bits80_97 0 0 63 32.00176 0.90 0 0 0 0 0 0 0 0 0
0000000000000000 0000000400010000 bits80_98 0 0 71 31.99687 -1.60 0 0 0 0 0 0 0 0 0
0000000000000000 0000000800010000 bits80_99 0 0 66 32.00223 1.14 0 0 0 0 0 0 0 0 0
0000000000000000 0000001000010000 bits80_100 0 0 57 31.99788 -1.08 0 0 0 0 0 0 0 0 0
0000000000000000 0000002000010000 bits80_101 0 0 59 32.00017 0.09 0 0 0 0 0 0 0 0 0
0000000000000000 0000004000010000 bits80_102 0 0 50 31.99943 -0.29 0 0 0 0 0 0 0 0 0
0000000000000000 0000008000010000 bits80_103 0 0 57 31.99877 -0.63 0 0 0 0 0 0 0 0 0
0000000000000000 0000010000010000 bits80_104 0 0 69 31.99941 -0.30 0 0 0 0 0 0 0 0 0
0000000000000000 0000020000010000 bits80_105 0 0 62 31.99975 -0.13 0 0 0 0 0 0 0 0 0
0000000000000000 0000040000010000 bits80_106 0 0 63 31.99959 -0.21 0 0 0 0 0 0 0 0 0
0000000000000000 0000080000010000 bits80_107 0 0 64 31.99785 -1.10 0 0 0 0 0 0 0 0 0
0000000000000000 0000100000010000 bits80_108 0 0 64 32.00017 0.09 0 0 0 0 0 0 0 0 0
0000000000000000 0000200000010000 bits80_109 0 0 61 32.00162 0.83 0 0 0 0 0 0 0 0 0
0000000000000000 0000400000010000 bits80_110 0 0 57 31.99693 -1.57 0 0 0 0 0 0 0 0 0
0000000000000000 0000800000010000 bits80_111 0 0 65 31.99889 -0.57 0 0 0 0 0 0 0 0 0
0000000000000000 0001000000010000 bits80_112 0 0 81 32.00082 0.42 0 0 0 0 0 0 0 0 0
0000000000000000 0002000000010000 bits80_113 0 0 71 31.99618 -1.96 0 0 0 0 0 0 0 0 0
0000000000000000 0004000000010000 bits80_114 0 0 67 31.99950 -0.26 0 0 0 0 0 0 0 0 0
0000000000000000 0008000000010000 bits80_115 0 0 74 31.99747 -1.30 0 0 0 0 0 0 0 0 0
0000000000000000 0010000000010000 bits80_116 0 0 52 31.99872 -0.66 0 0 0 0 0 0 0 0 0
0000000000000000 0020000000010000 bits80_117 0 0 57 31.99744 -1.31 0 0 0 0 0 0 0 0 0
0000000000000000 0040000000010000 bits80_118 0 0 55 32.00232 1.19 0 0 0 0 0 0 0 0 0
0000000000000000 0080000000010000 bits80_119 0 0 63 31.99839 -0.82 0 0 0 0 0 0 0 0 0
0000000000000000 0100000000010000 bits80_120 0 0 61 32.00151 0.78 0 0 0 0 0 0 0 0 0
0000000000000000 0200000000010000 bits80_121 0 0 69 32.00253 1.30 0 0 0 0 0 0 0 0 0
0000000000000000 0400000000010000 bits80_122 0 0 67 31.99745 -1.31 0 0 0 0 0 0 0 0 0
0000000000000000 0800000000010000 bits80_123 0 0 76 31.99921 -0.40 0 0 0 0 0 0 0 0 0
0000000000000000 1000000000010000 bits80_124 0 0 54 31.99736 -1.35 0 0 0 0 0 0 0 0 0
0000000000000000 2000000000010000 bits80_125 0 0 56 31.99914 -0.44 0 0 0 0 0 0 0 0 0
0000000000000000 4000000000010000 bits80_126 0 0 79 31.99674 -1.67 0 0 0 0 0 0 0 0 0
0000000000000000 8000000000010000 bits80_127 0 0 64 32.00404 2.07 0 0 0 0 0 0 0 0 0
0000000000000000 0000000000060000 bits81_82 0 0 65 31.99830 -0.87 0 0 0 0 0 0 0 0 0
0000000000000000 00000000000a0000 bits81_83 0 0 57 32.00155 0.79 0 0 0 0 0 0 0 0 0
0000000000000000 0000000000120000 bits81_84 0 0 64 32.00239 1.22 0 0 0 0 0 0 0 0 0
0000000000000000 0000000000220000 bits81_85 0 0 63 32.00395 2.02 0 0 0 0 0 0 0 0 0
0000000000000000 0000000000420000 bits81_86 0 0 65 31.99893 -0.55 0 0 0 0 0 0 0 0 0
0000000000000000 0000000000820000 bits81_87 0 0 53 32.00049 0.25 0 0 0 0 0 0 0 0 0
0000000000000000 0000000001020000 bits81_88 0 0 66 31.99915 -0.43 0 0 0 0 0 0 0 0 0
0000000000000000 0000000002020000 bits81_89 0 0 53 32.00381 1.95 0 0 0 0 0 0 0 0 0
0000000000000000 0000000004020000 bits81_90 0 0 59 32.00246 1.26 0 0 0 0 0 0 0 0 0
0000000000000000 0000000008020000 bits81_91 0 0 73 31.99841 -0.81 0 0 0 0 0 0 0 0 0
0000000000000000 0000000010020000 bits81_92 0 0 63 32.00008 0.04 0 0 0 0 0 0 0 0 0
0000000000000000 0000000020020000 bits81_93 0 0 54 32.00326 1.67 0 0 0 0 0 0 0 0 0
0000000000000000 0000000040020000 bits81_94 0 0 48 32.00026 0.13 0 0 0 0 0 0 0 0 0
0000000000000000 0000000080020000 bits81_95 0 0 52 31.99968 -0.16 0 0 0 0 0 0 0 0 0
0000000000000000 0000000100020000 bits81_96 0 0 89 31.99913 -0.44 0 0 0 0 0 0 0 0 0
0000000000000000 0000000200020000 bits81_97 0 0 62 32.00008 0.04 0 0 0 0 0 0 0 0 0
0000000000000000 0000000400020000 bits81_98 0 0 61 32.00180 0.92 0 0 0 0 0 0 0 0 0
0000000000000000 0000000800020000 bits81_99 0 0 59 31.99906 -0.48 0 0 0 0 0 0 0 0 0
0000000000000000 0000001000020000 bits81_100 0 0 55 32.00040 0.21 0 0 0 0 0 0 0 0 0
0000000000000000 0000002000020000 bits81_101 0 0 56 31.99869 -0.67 0 0 0 0 0 0 0 0 0
0000000000000000 0000004000020000 bits81_102 0 0 61 32.00037 0.19 0 0 0 0 0 0 0 0 0
0000000000000000 0000008000020000 bits81_103 0 0 67 32.00152 0.78 0 0 0 0 0 0 0 0 0
0000000000000000 0000010000020000 bits81_104 0 0 65 31.99697 -1.55 0 0 0 0 0 0 0 0 0
0000000000000000 0000020000020000 bits81_105 0 0 57 31.99820 -0.92 0 0 0 0 0 0 0 0 0
0000000000000000 0000040000020000 bits81_106 0 0 64 32.00218 1.12 0 0 0 0 0 0 0 0 0
0000000000000000 0000080000020000 bits81_107 0 0 55 32.00192 0.98 0 0 0 0 0 0 0 0 0
0000000000000000 0000100000020000 bits81_108 0 0 52 31.99816 -0.94 0 0 0 0 0 0 0 0 0
0000000000000000 0000200000020000 bits81_109 0 0 81 31.99845 -0.79 0 0 0 0 0 0 0 0 0
0000000000000000 0000400000020000 bits81_110 0 0 65 31.99859 -0.72 0 0 0 0 0 0 0 0 0
0000000000000000 0000800000020000 bits81_111 0 0 42 32.00074 0.38 0 0 0 0 0 0 0 0 0
0000000000000000 0001000000020000 bits81_112 0 0 68 31.99867 -0.68 0 0 0 0 0 0 0 0 0
0000000000000000 0002000000020000 bits81_113 0 0 51 32.00042 0.21 0 0 0 0 0 0 0 0 0
0000000000000000 0004000000020000 bits81_114 0 0 66 31.99964 -0.18 0 0 0 0 0 0 0 0 0
0000000000000000 0008000000020000 bits81_115 0 0 70 32.00103 0.53 0 0 0 0 0 0 0 0 0
0000000000000000 0010000000020000 bits81_116 0 0 56 31.99745 -1.30 0 0 0 0 0 0 0 0 0
0000000000000000 0020000000020000 bits81_117 0 0 62 31.99791 -1.07 0 0 0 0 0 0 0 0 0
0000000000000000 0040000000020000 bits81_118 0 0 74 32.00200 1.02 0 0 0 0 0 0 0 0 0
0000000000000000 0080000000020000 bits81_119 0 0 49 32.00227 1.16 0 0 0 0 0 0 0 0 0
0000000000000000 0100000000020000 bits81_120 0 0 66 31.99905 -0.49 0 0 0 0 0 0 0 0 0
0000000000000000 0200000000020000 bits81_121 0 0 68 32.00053 0.27 0 0 0 0 0 0 0 0 0
0000000000000000 0400000000020000 bits81_122 0 0 84 32.00132 0.68 0 0 0 0 0 0 0 0 0
0000000000000000 0800000000020000 bits81_123 0 0 60 31.99910 -0.46 0 0 0 0 0 0 0 0 0
0000000000000000 1000000000020000 bits81_124 0 0 58 31.99848 -0.78 0 0 0 0 0 0 0 0 0
0000000000000000 2000000000020000 bits81_125 0 0 60 32.00029 0.15 0 0 0 0 0 0 0 0 0
0000000000000000 4000000000020000 bits81_126 0 0 54 31.99972 -0.14 0 0 0 0 0 0 0 0 0
0000000000000000 8000000000020000 bits81_127 0 0 67 31.99829 -0.88 0 0 0 0 0 0 0 0 0
0000000000000000 00000000000c0000 bits82_83 0 0 68 32.00086 0.44 0 0 0 0 0 0 0 0 0
0000000000000000 0000000000140000 bits82_84 0 0 60 32.00122 0.62 0 0 0 0 0 0 0 0 0
0000000000000000 0000000000240000 bits82_85 0 0 69 31.99709 -1.49 0 0 0 0 0 0 0 0 0
0000000000000000 0000000000440000 bits82_86 0 0 62 32.00129 0.66 0 0 0 0 0 0 0 0 0
0000000000000000 0000000000840000 bits82_87 0 0 63 32.00095 0.48 0 0 0 0 0 0 0 0 0
0000000000000000 0000000001040000 bits82_88 0 0 72 32.00084 0.43 0 0 0 0 0 0 0 0 0
0000000000000000 0000000002040000 bits82_89 0 0 83 32.00029 0.15 0 0 0 0 0 0 0 0 0
0000000000000000 0000000004040000 bits82_90 0 0 69 32.00465 2.38 0 0 0 0 0 0 0 0 0
0000000000000000 0000000008040000 bits82_91 0 0 58 32.00287 1.47 0 0 0 0 0 0 0 0 0
0000000000000000 0000000010040000 bits82_92 0 0 68 32.00110 0.56 0 0 0 0 0 0 0 0 0
0000000000000000 0000000020040000 bits82_93 0 0 50 31.99738 -1.34 0 0 0 0 0 0 0 0 0
0000000000000000 0000000040040000 bits82_94 0 0 78 32.00033 0.17 0 0 0 0 0 0 0 0 0
0000000000000000 0000000080040000 bits82_95 0 0 58 31.99877 -0.63 0 0 0 0 0 0 0 0 0
0000000000000000 0000000100040000 bits82_96 0 0 62 31.99771 -1.17 0 0 0 0 0 0 0 0 0
0000000000000000 0000000200040000 bits82_97 0 0 59 31.99871 -0.66 0 0 0 0 0 0 0 0 0
0000000000000000 0000000400040000 bits82_98 0 0 57 32.00133 0.68 0 0 0 0 0 0 0 0 0
0000000000000000 0000000800040000 bits82_99 0 0 52 31.99984 -0.08 0 0 0 0 0 0 0 0 0
0000000000000000 0000001000040000 bits82_100 0 0 71 31.99780 -1.13 0 0 0 0 0 0 0 0 0
0000000000000000 0000002000040000 bits82_101 0 0 62 31.99821 -0.91 0 0 0 0 0 0 0 0 0
0000000000000000 0000004000040000 bits82_102 0 0 76 31.99916 -0.43 0 0 0 0 0 0 0 0 0
0000000000000000 0000008000040000 bits82_103 0 0 77 32.00354 1.81 0 0 0 0 0 0 0 0 0
0000000000000000 0000010000040000 bits82_104 0 0 47 32.00136 0.69 0 0 0 0 0 0 0 0 0
0000000000000000 0000020000040000 bits82_105 0 0 63 31.99822 -0.91 0 0 0 0 0 0 0 0 0
0000000000000000 0000040000040000 bits82_106 0 0 66 32.00189 0.97 0 0 0 0 0 0 0 0 0
0000000000000000 0000080000040000 bits82_107 0 0 70 32.00012 0.06 0 0 0 0 0 0 0 0 0
0000000000000000 0000100000040000 bits82_108 0 0 69 31.99733 -1.37 0 0 0 0 0 0 0 0 0
0000000000000000 0000200000040000 bits82_109 0 0 63 32.00008 0.04 0 0 0 0 0 0 0 0 0
0000000000000000 0000400000040000 bits82_110 0 0 70 32.00150 0.77 0 0 0 0 0 0 0 0 0
0000000000000000 0000800000040000 bits82_111 0 0 61 32.00086 0.44 0 0 0 0 0 0 0 0 0
0000000000000000 0001000000040000 bits82_112 0 0 59 32.00266 1.36 0 0 0 0 0 0 0 0 0
0000000000000000 0002000000040000 bits82_113 0 0 60 31.99759 -1.23 0 0 0 0 0 0 0 0 0
0000000000000000 0004000000040000 bits82_114 0 0 72 31.99954 -0.24 0 0 0 0 0 0 0 0 0
0000000000000000 0008000000040000 bits82_115 0 0 64 31.99597 -2.06 0 0 0 0 0 0 0 0 0
0000000000000000 0010000000040000 bits82_116 0 0 60 31.99547 -2.32 0 0 0 0 0 0 0 0 0
0000000000000000 0020000000040000 bits82_117 0 0 81 31.99897 -0.53 0 0 0 0 0 0 0 0 0
0000000000000000 0040000000040000 bits82_118 0 0 68 31.99952 -0.25 0 0 0 0 0 0 0 0 0
0000000000000000 0080000000040000 bits82_119 0 0 54 32.00115 0.59 0 0 0 0 0 0 0 0 0
0000000000000000 0100000000040000 bits82_120 0 0 67 31.99956 -0.22 0 0 0 0 0 0 0 0 0
0000000000000000 0200000000040000 bits82_121 0 0 64 31.99917 -0.42 0 0 0 0 0 0 0 0 0
0000000000000000 0400000000040000 bits82_122 0 0 85 31.99512 -2.50 0 0 0 0 0 0 0 0 0
0000000000000000 0800000000040000 bits82_123 0 0 61 32.00088 0.45 0 0 0 0 0 0 0 0 0
0000000000000000 1000000000040000 bits82_124 0 0 64 31.99850 -0.77 0 0 0 0 0 0 0 0 0
0000000000000000 2000000000040000 bits82_125 0 0 59 31.99985 -0.08 0 0 0 0 0 0 0 0 0
0000000000000000 4000000000040000 bits82_126 0 0 64 32.00282 1.45 0 0 0 0 0 0 0 0 0
0000000000000000 8000000000040000 bits82_127 0 0 51 31.99813 -0.96 0 0 0 0 0 0 0 0 0
0000000000000000 0000000000180000 bits83_84 0 0 79 31.99979 -0.11 0 0 0 0 0 0 0 0 0
0000000000000000 0000000000280000 bits83_85 0 0 73 31.99954 -0.24 0 0 0 0 0 0 0 0 0
0000000000000000 0000000000480000 bits83_86 0 0 64 32.00098 0.50 0 0 0 0 0 0 0 0 0
0000000000000000 0000000000880000 bits83_87 0 0 64 31.99676 -1.66 0 0 0 0 0 0 0 0 0
0000000000000000 0000000001080000 bits83_88 0 0 63 31.99917 -0.42 0 0 0 0 0 0 0 0 0
0000000000000000 0000000002080000 bits83_89 0 0 57 31.99801 -1.02 0 0 0 0 0 0 0 0 0
0000000000000000 0000000004080000 bits83_90 0 0 59 31.99885 -0.59 0 0 0 0 0 0 0 0 0
0000000000000000 0000000008080000 bits83_91 0 0 59 32.00061 0.31 0 0 0 0 0 0 0 0 0
0000000000000000 0000000010080000 bits83_92 0 0 45 32.00185 0.95 0 0 0 0 0 0 0 0 0
0000000000000000 0000000020080000 bits83_93 0 0 67 32.00132 0.68 0 0 0 0 0 0 0 0 0
0000000000000000 0000000040080000 bits83_94 0 0 57 31.99944 -0.28 0 0 0 0 0 0 0 0 0
0000000000000000 0000000080080000 bits83_95 0 0 60 31.99891 -0.56 0 0 0 0 0 0 0 0 0
0000000000000000 0000000100080000 bits83_96 0 0 71 32.00163 0.84 0 0 0 0 0 0 0 0 0
0000000000000000 0000000200080000 bits83_97 0 0 61 31.99934 -0.34 0 0 0 0 0 0 0 0 0
0000000000000000 0000000400080000 bits83_98 0 0 62 32.00206 1.06 0 0 0 0 0 0 0 0 0
0000000000000000 0000000800080000 bits83_99 0 0 69 31.99952 -0.25 0 0 0 0 0 0 0 0 0
0000000000000000 0000001000080000 bits83_100 0 0 59 31.99875 -0.64 0 0 0 0 0 0 0 0 0
0000000000000000 0000002000080000 bits83_101 0 0 44 32.00169 0.86 0 0 0 0 0 0 0 0 0
0000000000000000 0000004000080000 bits83_102 0 0 60 31.99601 -2.04 0 0 0 0 0 0 0 0 0
0000000000000000 0000008000080000 bits83_103 0 0 60 32.00149 0.76 0 0 0 0 0 0 0 0 0
0000000000000000 0000010000080000 bits83_104 0 0 66 31.99911 -0.45 0 0 0 0 0 0 0 0 0
0000000000000000 0000020000080000 bits83_105 0 0 59 32.00025 0.13 0 0 0 0 0 0 0 0 0
0000000000000000 0000040000080000 bits83_106 0 0 76 31.99874 -0.64 0 0 0 0 0 0 0 0 0
0000000000000000 0000080000080000 bits83_107 0 0 75 31.99851 -0.76 0 0 0 0 0 0 0 0 0
0000000000000000 0000100000080000 bits83_108 0 0 69 32.00034 0.17 0 0 0 0 0 0 0 0 0
0000000000000000 0000200000080000 bits83_109 0 0 54 31.99864 -0.70 0 0 0 0 0 0 0 0 0
0000000000000000 0000400000080000 bits83_110 0 0 53 32.00081 0.41 0 0 0 0 0 0 0 0 0
0000000000000000 0000800000080000 bits83_111 0 0 46 31.99938 -0.32 0 0 0 0 0 0 0 0 0
0000000000000000 0001000000080000 bits83_112 0 0 70 32.00062 0.32 0 0 0 0 0 0 0 0 0
0000000000000000 0002000000080000 bits83_113 0 0 76 32.00135 0.69 0 0 0 0 0 0 0 0 0
0000000000000000 0004000000080000 bits83_114 0 0 61 32.00106 0.54 0 0 0 0 0 0 0 0 0
0000000000000000 0008000000080000 bits83_115 0 0 53 31.99804 -1.00 0 0 0 0 0 0 0 0 0
0000000000000000 0010000000080000 bits83_116 0 0 68 32.00031 0.16 0 0 0 0 0 0 0 0 0
0000000000000000 0020000000080000 bits83_117 0 0 69 32.00027 0.14 0 0 0 0 0 0 0 0 0
0000000000000000 0040000000080000 bits83_118 0 0 47 31.99867 -0.68 0 0 0 0 0 0 0 0 0
0000000000000000 0080000000080000 bits83_119 0 0 57 31.99959 -0.21 0 0 0 0 0 0 0 0 0
0000000000000000 0100000000080000 bits83_120 0 0 59 32.00069 0.35 0 0 0 0 0 0 0 0 0
0000000000000000 0200000000080000 bits83_121 0 0 65 31.99873 -0.65 0 0 0 0 0 0 0 0 0
0000000000000000 0400000000080000 bits83_122 0 0 65 32.00118 0.60 0 0 0 0 0 0 0 0 0
0000000000000000 0800000000080000 bits83_123 0 0 64 32.00208 1.07 0 0 0 0 0 0 0 0 0
0000000000000000 1000000000080000 bits83_124 0 0 57 32.00021 0.11 0 0 0 0 0 0 0 0 0
0000000000000000 2000000000080000 bits83_125 0 0 56 31.99836 -0.84 0 0 0 0 0 0 0 0 0
0000000000000000 4000000000080000 bits83_126 0 0 64 31.99982 -0.09 0 0 0 0 0 0 0 0 0
0000000000000000 8000000000080000 bits83_127 0 0 72 32.00086 0.44 0 0 0 0 0 0 0 0 0
0000000000000000 0000000000300000 bits84_85 0 0 71 31.99874 -0.65 0 0 0 0 0 0 0 0 0
0000000000000000 0000000000500000 bits84_86 0 0 64 32.00120 0.61 0 0 0 0 0 0 0 0 0
0000000000000000 0000000000900000 bits84_87 0 0 58 32.00245 1.25 0 0 0 0 0 0 0 0 0
0000000000000000 0000000001100000 bits84_88 0 0 57 32.00342 1.75 0 0 0 0 0 0 0 0 0
0000000000000000 0000000002100000 bits84_89 0 0 63 31.99950 -0.25 0 0 0 0 0 0 0 0 0
0000000000000000 0000000004100000 bits84_90 0 0 69 32.00131 0.67 0 0 0 0 0 0 0 0 0
0000000000000000 0000000008100000 bits84_91 0 0 53 31.99954 -0.24 0 0 0 0 0 0 0 0 0
0000000000000000 0000000010100000 bits84_92 0 0 58 32.00103 0.53 0 0 0 0 0 0 0 0 0
0000000000000000 0000000020100000 bits84_93 0 0 66 32.00130 0.67 0 0 0 0 0 0 0 0 0
0000000000000000 0000000040100000 bits84_94 0 0 63 31.99937 -0.32 0 0 0 0 0 0 0 0 0
0000000000000000 0000000080100000 bits84_95 0 0 55 32.00419 2.15 0 0 0 0 0 0 0 0 0
0000000000000000 0000000100100000 bits84_96 0 0 66 32.00139 0.71 0 0 0 0 0 0 0 0 0
0000000000000000 0000000200100000 bits84_97 0 0 71 32.00038 0.19 0 0 0 0 0 0 0 0 0
0000000000000000 0000000400100000 bits84_98 0 0 67 31.99764 -1.21 0 0 0 0 0 0 0 0 0
0000000000000000 0000000800100000 bits84_99 0 0 77 32.00038 0.19 0 0 0 0 0 0 0 0 0
0000000000000000 0000001000100000 bits84_100 0 0 63 31.99880 -0.61 0 0 0 0 0 0 0 0 0
0000000000000000 0000002000100000 bits84_101 0 0 75 31.99690 -1.59 0 0 0 0 0 0 0 0 0
0000000000000000 0000004000100000 bits84_102 0 0 59 31.99808 -0.99 0 0 0 0 0 0 0 0 0
0000000000000000 0000008000100000 bits84_103 0 0 55 31.99669 -1.70 0 0 0 0 0 0 0 0 0
0000000000000000 0000010000100000 bits84_104 0 0 57 32.00171 0.88 0 0 0 0 0 0 0 0 0
0000000000000000 0000020000100000 bits84_105 0 0 66 31.99846 -0.79 0 0 0 0 0 0 0 0 0
0000000000000000 0000040000100000 bits84_106 0 0 62 31.99919 -0.41 0 0 0 0 0 0 0 0 0
0000000000000000 0000080000100000 bits84_107 0 0 72 31.99883 -0.60 0 0 0 0 0 0 0 0 0
0000000000000000 0000100000100000 bits84_108 0 0 65 32.00153 0.78 0 0 0 0 0 0 0 0 0
0000000000000000 0000200000100000 bits84_109 0 0 72 32.00525 2.69 0 0 0 0 0 0 0 0 0
0000000000000000 0000400000100000 bits84_110 0 0 85 32.00191 0.98 0 0 0 0 0 0 0 0 0
0000000000000000 0000800000100000 bits84_111 0 0 78 32.00110 0.56 0 0 0 0 0 0 0 0 0
0000000000000000 0001000000100000 bits84_112 0 0 58 31.99873 -0.65 0 0 0 0 0 0 0 0 0
0000000000000000 0002000000100000 bits84_113 0 0 59 31.99989 -0.05 0 0 0 0 0 0 0 0 0
0000000000000000 0004000000100000 bits84_114 0 0 57 31.99598 -2.06 0 0 0 0 0 0 0 0 0
0000000000000000 0008000000100000 bits84_115 0 0 57 31.99944 -0.29 0 0 0 0 0 0 0 0 0
0000000000000000 0010000000100000 bits84_116 0 0 61 32.00067 0.34 0 0 0 0 0 0 0 0 0
0000000000000000 0020000000100000 bits84_117 0 0 65 31.99950 -0.26 0 0 0 0 0 0 0 0 0
0000000000000000 0040000000100000 bits84_118 0 0 69 31.99840 -0.82 0 0 0 0 0 0 0 0 0
0000000000000000 0080000000100000 bits84_119 0 0 74 31.99920 -0.41 0 0 0 0 0 0 0 0 0
0000000000000000 0100000000100000 bits84_120 0 0 65 31.99759 -1.23 0 0 0 0 0 0 0 0 0
0000000000000000 0200000000100000 bits84_121 0 0 55 31.99965 -0.18 0 0 0 0 0 0 0 0 0
0000000000000000 0400000000100000 bits84_122 0 0 86 31.99859 -0.72 0 0 0 0 0 0 0 0 0
0000000000000000 0800000000100000 bits84_123 0 0 59 32.00166 0.85 0 0 0 0 0 0 0 0 0
0000000000000000 1000000000100000 bits84_124 0 0 60 32.00038 0.19 0 0 0 0 0 0 0 0 0
0000000000000000 2000000000100000 bits84_125 0 0 53 32.00199 1.02 0 0 0 0 0 0 0 0 0
