# variant=12 W=2 log2keys=22 seed=4647 mode=R N=4194304
# d0 d1 name coll low32 low16 meanpop z hist0..8
0000000004000000 0000004000000000 bits26_102 0 0 59 31.99964 -0.18 0 0 0 0 0 0 0 0 0
0000000004000000 0000008000000000 bits26_103 0 0 63 32.00009 0.05 0 0 0 0 0 0 0 0 0
0000000004000000 0000010000000000 bits26_104 0 0 67 32.00144 0.74 0 0 0 0 0 0 0 0 0
0000000004000000 0000020000000000 bits26_105 0 0 60 32.00282 1.44 0 0 0 0 0 0 0 0 0
0000000004000000 0000040000000000 bits26_106 0 0 68 32.00417 2.14 0 0 0 0 0 0 0 0 0
0000000004000000 0000080000000000 bits26_107 0 0 58 32.00248 1.27 0 0 0 0 0 0 0 0 0
0000000004000000 0000100000000000 bits26_108 0 0 64 32.00167 0.85 0 0 0 0 0 0 0 0 0
0000000004000000 0000200000000000 bits26_109 0 0 79 31.99903 -0.50 0 0 0 0 0 0 0 0 0
0000000004000000 0000400000000000 bits26_110 0 0 58 32.00130 0.67 0 0 0 0 0 0 0 0 0
0000000004000000 0000800000000000 bits26_111 0 0 63 31.99629 -1.90 0 0 0 0 0 0 0 0 0
0000000004000000 0001000000000000 bits26_112 0 0 59 31.99963 -0.19 0 0 0 0 0 0 0 0 0
0000000004000000 0002000000000000 bits26_113 0 0 75 32.00039 0.20 0 0 0 0 0 0 0 0 0
0000000004000000 0004000000000000 bits26_114 0 0 58 31.99847 -0.78 0 0 0 0 0 0 0 0 0
0000000004000000 0008000000000000 bits26_115 0 0 61 31.99902 -0.50 0 0 0 0 0 0 0 0 0
0000000004000000 0010000000000000 bits26_116 0 0 67 32.00130 0.67 0 0 0 0 0 0 0 0 0
0000000004000000 0020000000000000 bits26_117 0 0 47 31.99477 -2.68 0 0 0 0 0 0 0 0 0
0000000004000000 0040000000000000 bits26_118 0 0 69 32.00034 0.17 0 0 0 0 0 0 0 0 0
0000000004000000 0080000000000000 bits26_119 0 0 56 32.00015 0.08 0 0 0 0 0 0 0 0 0
0000000004000000 0100000000000000 bits26_120 0 0 74 31.99994 -0.03 0 0 0 0 0 0 0 0 0
0000000004000000 0200000000000000 bits26_121 0 0 75 31.99919 -0.42 0 0 0 0 0 0 0 0 0
0000000004000000 0400000000000000 bits26_122 0 0 73 31.99782 -1.12 0 0 0 0 0 0 0 0 0
0000000004000000 0800000000000000 bits26_123 0 0 65 31.99638 -1.85 0 0 0 0 0 0 0 0 0
0000000004000000 1000000000000000 bits26_124 0 0 69 31.99996 -0.02 0 0 0 0 0 0 0 0 0
0000000004000000 2000000000000000 bits26_125 0 0 67 31.99640 -1.84 0 0 0 0 0 0 0 0 0
0000000004000000 4000000000000000 bits26_126 0 0 51 31.99810 -0.97 0 0 0 0 0 0 0 0 0
0000000004000000 8000000000000000 bits26_127 0 0 61 32.00148 0.76 0 0 0 0 0 0 0 0 0
0000000018000000 0000000000000000 bits27_28 0 0 68 31.99962 -0.20 0 0 0 0 0 0 0 0 0
0000000028000000 0000000000000000 bits27_29 0 0 72 31.99806 -0.99 0 0 0 0 0 0 0 0 0
0000000048000000 0000000000000000 bits27_30 0 0 65 32.00021 0.11 0 0 0 0 0 0 0 0 0
0000000088000000 0000000000000000 bits27_31 0 0 64 32.00180 0.92 0 0 0 0 0 0 0 0 0
0000000108000000 0000000000000000 bits27_32 0 0 81 32.00088 0.45 0 0 0 0 0 0 0 0 0
0000000208000000 0000000000000000 bits27_33 0 0 66 32.00293 1.50 0 0 0 0 0 0 0 0 0
0000000408000000 0000000000000000 bits27_34 0 0 59 32.00073 0.38 0 0 0 0 0 0 0 0 0
0000000808000000 0000000000000000 bits27_35 0 0 54 31.99623 -1.93 0 0 0 0 0 0 0 0 0
0000001008000000 0000000000000000 bits27_36 0 0 57 31.99932 -0.35 0 0 0 0 0 0 0 0 0
0000002008000000 0000000000000000 bits27_37 0 0 54 31.99791 -1.07 0 0 0 0 0 0 0 0 0
0000004008000000 0000000000000000 bits27_38 0 0 55 32.00014 0.07 0 0 0 0 0 0 0 0 0
0000008008000000 0000000000000000 bits27_39 0 0 65 32.00021 0.11 0 0 0 0 0 0 0 0 0
0000010008000000 0000000000000000 bits27_40 0 0 58 32.00058 0.30 0 0 0 0 0 0 0 0 0
0000020008000000 0000000000000000 bits27_41 0 0 68 32.00132 0.68 0 0 0 0 0 0 0 0 0
0000040008000000 0000000000000000 bits27_42 0 0 69 31.99814 -0.95 0 0 0 0 0 0 0 0 0
0000080008000000 0000000000000000 bits27_43 0 0 63 32.00290 1.48 0 0 0 0 0 0 0 0 0
0000100008000000 0000000000000000 bits27_44 0 0 67 32.00149 0.76 0 0 0 0 0 0 0 0 0
0000200008000000 0000000000000000 bits27_45 0 0 69 32.00186 0.95 0 0 0 0 0 0 0 0 0
0000400008000000 0000000000000000 bits27_46 0 0 60 31.99943 -0.29 0 0 0 0 0 0 0 0 0
0000800008000000 0000000000000000 bits27_47 0 0 62 31.99753 -1.27 0 0 0 0 0 0 0 0 0
0001000008000000 0000000000000000 bits27_48 0 0 54 31.99524 -2.44 0 0 0 0 0 0 0 0 0
0002000008000000 0000000000000000 bits27_49 0 0 62 31.99462 -2.76 0 0 0 0 0 0 0 0 0
0004000008000000 0000000000000000 bits27_50 0 0 66 32.00004 0.02 0 0 0 0 0 0 0 0 0
0008000008000000 0000000000000000 bits27_51 0 0 46 31.99885 -0.59 0 0 0 0 0 0 0 0 0
0010000008000000 0000000000000000 bits27_52 0 0 50 31.99998 -0.01 0 0 0 0 0 0 0 0 0
0020000008000000 0000000000000000 bits27_53 0 0 64 31.99509 -2.52 0 0 0 0 0 0 0 0 0
0040000008000000 0000000000000000 bits27_54 0 0 64 32.00073 0.37 0 0 0 0 0 0 0 0 0
0080000008000000 0000000000000000 bits27_55 0 0 62 32.00080 0.41 0 0 0 0 0 0 0 0 0
0100000008000000 0000000000000000 bits27_56 0 0 59 32.00207 1.06 0 0 0 0 0 0 0 0 0
0200000008000000 0000000000000000 bits27_57 0 0 67 32.00209 1.07 0 0 0 0 0 0 0 0 0
0400000008000000 0000000000000000 bits27_58 0 0 51 32.00126 0.65 0 0 0 0 0 0 0 0 0
0800000008000000 0000000000000000 bits27_59 0 0 67 31.99912 -0.45 0 0 0 0 0 0 0 0 0
1000000008000000 0000000000000000 bits27_60 0 0 69 32.00021 0.11 0 0 0 0 0 0 0 0 0
2000000008000000 0000000000000000 bits27_61 0 0 60 32.00087 0.45 0 0 0 0 0 0 0 0 0
4000000008000000 0000000000000000 bits27_62 0 0 62 31.99829 -0.88 0 0 0 0 0 0 0 0 0
8000000008000000 0000000000000000 bits27_63 0 0 60 31.99679 -1.64 0 0 0 0 0 0 0 0 0
0000000008000000 0000000000000001 bits27_64 0 0 77 32.00203 1.04 0 0 0 0 0 0 0 0 0
0000000008000000 0000000000000002 bits27_65 0 0 66 31.99856 -0.74 0 0 0 0 0 0 0 0 0
0000000008000000 0000000000000004 bits27_66 0 0 62 32.00045 0.23 0 0 0 0 0 0 0 0 0
0000000008000000 0000000000000008 bits27_67 0 0 45 31.99912 -0.45 0 0 0 0 0 0 0 0 0
0000000008000000 0000000000000010 bits27_68 0 0 59 31.99886 -0.58 0 0 0 0 0 0 0 0 0
0000000008000000 0000000000000020 bits27_69 0 0 68 31.99809 -0.98 0 0 0 0 0 0 0 0 0
0000000008000000 0000000000000040 bits27_70 0 0 71 31.99875 -0.64 0 0 0 0 0 0 0 0 0
0000000008000000 0000000000000080 bits27_71 0 0 73 32.00310 1.59 0 0 0 0 0 0 0 0 0
0000000008000000 0000000000000100 bits27_72 0 0 79 32.00148 0.76 0 0 0 0 0 0 0 0 0
0000000008000000 0000000000000200 bits27_73 0 0 51 31.99608 -2.01 0 0 0 0 0 0 0 0 0
0000000008000000 0000000000000400 bits27_74 0 0 61 32.00069 0.35 0 0 0 0 0 0 0 0 0
0000000008000000 0000000000000800 bits27_75 0 0 71 31.99558 -2.26 0 0 0 0 0 0 0 0 0
0000000008000000 0000000000001000 bits27_76 0 0 66 32.00007 0.03 0 0 0 0 0 0 0 0 0
0000000008000000 0000000000002000 bits27_77 0 0 49 31.99893 -0.55 0 0 0 0 0 0 0 0 0
0000000008000000 0000000000004000 bits27_78 0 0 71 31.99840 -0.82 0 0 0 0 0 0 0 0 0
0000000008000000 0000000000008000 bits27_79 0 0 77 32.00158 0.81 0 0 0 0 0 0 0 0 0
0000000008000000 0000000000010000 bits27_80 0 0 71 32.00147 0.75 0 0 0 0 0 0 0 0 0
0000000008000000 0000000000020000 bits27_81 0 0 57 31.99772 -1.17 0 0 0 0 0 0 0 0 0
0000000008000000 0000000000040000 bits27_82 0 0 54 32.00010 0.05 0 0 0 0 0 0 0 0 0
0000000008000000 0000000000080000 bits27_83 0 0 61 32.00006 0.03 0 0 0 0 0 0 0 0 0
0000000008000000 0000000000100000 bits27_84 0 0 71 32.00308 1.58 0 0 0 0 0 0 0 0 0
0000000008000000 0000000000200000 bits27_85 0 0 58 31.99913 -0.45 0 0 0 0 0 0 0 0 0
0000000008000000 0000000000400000 bits27_86 0 0 62 32.00144 0.74 0 0 0 0 0 0 0 0 0
0000000008000000 0000000000800000 bits27_87 0 0 74 31.99976 -0.12 0 0 0 0 0 0 0 0 0
0000000008000000 0000000001000000 bits27_88 0 0 67 31.99821 -0.92 0 0 0 0 0 0 0 0 0
0000000008000000 0000000002000000 bits27_89 0 0 64 31.99806 -0.99 0 0 0 0 0 0 0 0 0
0000000008000000 0000000004000000 bits27_90 0 0 79 31.99926 -0.38 0 0 0 0 0 0 0 0 0
0000000008000000 0000000008000000 bits27_91 0 0 69 32.00360 1.84 0 0 0 0 0 0 0 0 0
0000000008000000 0000000010000000 bits27_92 0 0 86 32.00034 0.17 0 0 0 0 0 0 0 0 0
0000000008000000 0000000020000000 bits27_93 0 0 67 31.99761 -1.22 0 0 0 0 0 0 0 0 0
0000000008000000 0000000040000000 bits27_94 0 0 58 31.99967 -0.17 0 0 0 0 0 0 0 0 0
0000000008000000 0000000080000000 bits27_95 0 0 63 32.00027 0.14 0 0 0 0 0 0 0 0 0
0000000008000000 0000000100000000 bits27_96 0 0 64 31.99871 -0.66 0 0 0 0 0 0 0 0 0
0000000008000000 0000000200000000 bits27_97 0 0 77 31.99941 -0.30 0 0 0 0 0 0 0 0 0
0000000008000000 0000000400000000 bits27_98 0 0 55 32.00074 0.38 0 0 0 0 0 0 0 0 0
0000000008000000 0000000800000000 bits27_99 0 0 49 32.00351 1.80 0 0 0 0 0 0 0 0 0
0000000008000000 0000001000000000 bits27_100 0 0 69 31.99892 -0.55 0 0 0 0 0 0 0 0 0
0000000008000000 0000002000000000 bits27_101 0 0 62 31.99850 -0.77 0 0 0 0 0 0 0 0 0
0000000008000000 0000004000000000 bits27_102 0 0 56 31.99750 -1.28 0 0 0 0 0 0 0 0 0
0000000008000000 0000008000000000 bits27_103 0 0 57 32.00161 0.82 0 0 0 0 0 0 0 0 0
0000000008000000 0000010000000000 bits27_104 0 0 68 31.99843 -0.80 0 0 0 0 0 0 0 0 0
0000000008000000 0000020000000000 bits27_105 0 0 57 31.99969 -0.16 0 0 0 0 0 0 0 0 0
0000000008000000 0000040000000000 bits27_106 0 0 64 31.99912 -0.45 0 0 0 0 0 0 0 0 0
0000000008000000 0000080000000000 bits27_107 0 0 68 32.00003 0.01 0 0 0 0 0 0 0 0 0
0000000008000000 0000100000000000 bits27_108 0 0 64 32.00056 0.29 0 0 0 0 0 0 0 0 0
0000000008000000 0000200000000000 bits27_109 0 0 59 32.00096 0.49 0 0 0 0 0 0 0 0 0
0000000008000000 0000400000000000 bits27_110 0 0 63 31.99794 -1.05 0 0 0 0 0 0 0 0 0
0000000008000000 0000800000000000 bits27_111 0 0 55 31.99883 -0.60 0 0 0 0 0 0 0 0 0
0000000008000000 0001000000000000 bits27_112 0 0 75 31.99876 -0.63 0 0 0 0 0 0 0 0 0
0000000008000000 0002000000000000 bits27_113 0 0 74 32.00246 1.26 0 0 0 0 0 0 0 0 0
0000000008000000 0004000000000000 bits27_114 0 0 66 32.00170 0.87 0 0 0 0 0 0 0 0 0
0000000008000000 0008000000000000 bits27_115 0 0 75 31.99913 -0.45 0 0 0 0 0 0 0 0 0
0000000008000000 0010000000000000 bits27_116 0 0 76 32.00079 0.40 0 0 0 0 0 0 0 0 0
0000000008000000 0020000000000000 bits27_117 0 0 56 31.99973 -0.14 0 0 0 0 0 0 0 0 0
0000000008000000 0040000000000000 bits27_118 0 0 60 31.99693 -1.57 0 0 0 0 0 0 0 0 0
0000000008000000 0080000000000000 bits27_119 0 0 59 32.00013 0.07 0 0 0 0 0 0 0 0 0
0000000008000000 0100000000000000 bits27_120 0 0 64 32.00147 0.75 0 0 0 0 0 0 0 0 0
0000000008000000 0200000000000000 bits27_121 0 0 43 32.00163 0.83 0 0 0 0 0 0 0 0 0
0000000008000000 0400000000000000 bits27_122 0 0 66 32.00054 0.28 0 0 0 0 0 0 0 0 0
0000000008000000 0800000000000000 bits27_123 0 0 62 31.99917 -0.43 0 0 0 0 0 0 0 0 0
0000000008000000 1000000000000000 bits27_124 0 0 69 32.00136 0.69 0 0 0 0 0 0 0 0 0
0000000008000000 2000000000000000 bits27_125 0 0 72 32.00162 0.83 0 0 0 0 0 0 0 0 0
0000000008000000 4000000000000000 bits27_126 0 0 67 31.99811 -0.97 0 0 0 0 0 0 0 0 0
0000000008000000 8000000000000000 bits27_127 0 0 54 32.00122 0.63 0 0 0 0 0 0 0 0 0
0000000030000000 0000000000000000 bits28_29 0 0 60 31.99653 -1.77 0 0 0 0 0 0 0 0 0
0000000050000000 0000000000000000 bits28_30 0 0 70 31.99905 -0.49 0 0 0 0 0 0 0 0 0
0000000090000000 0000000000000000 bits28_31 0 0 56 31.99900 -0.51 0 0 0 0 0 0 0 0 0
0000000110000000 0000000000000000 bits28_32 0 0 69 32.00252 1.29 0 0 0 0 0 0 0 0 0
0000000210000000 0000000000000000 bits28_33 0 0 58 32.00399 2.04 0 0 0 0 0 0 0 0 0
0000000410000000 0000000000000000 bits28_34 0 0 62 31.99771 -1.17 0 0 0 0 0 0 0 0 0
0000000810000000 0000000000000000 bits28_35 0 0 74 31.99581 -2.15 0 0 0 0 0 0 0 0 0
0000001010000000 0000000000000000 bits28_36 0 0 59 32.00106 0.54 0 0 0 0 0 0 0 0 0
0000002010000000 0000000000000000 bits28_37 0 0 60 32.00145 0.74 0 0 0 0 0 0 0 0 0
0000004010000000 0000000000000000 bits28_38 0 0 61 32.00036 0.19 0 0 0 0 0 0 0 0 0
0000008010000000 0000000000000000 bits28_39 0 0 77 32.00153 0.79 0 0 0 0 0 0 0 0 0
0000010010000000 0000000000000000 bits28_40 0 0 73 32.00261 1.33 0 0 0 0 0 0 0 0 0
0000020010000000 0000000000000000 bits28_41 0 0 60 31.99820 -0.92 0 0 0 0 0 0 0 0 0
0000040010000000 0000000000000000 bits28_42 0 0 63 31.99981 -0.10 0 0 0 0 0 0 0 0 0
0000080010000000 0000000000000000 bits28_43 0 0 61 32.00150 0.77 0 0 0 0 0 0 0 0 0
0000100010000000 0000000000000000 bits28_44 0 0 64 32.00061 0.31 0 0 0 0 0 0 0 0 0
0000200010000000 0000000000000000 bits28_45 0 0 54 32.00160 0.82 0 0 0 0 0 0 0 0 0
0000400010000000 0000000000000000 bits28_46 0 0 51 32.00206 1.06 0 0 0 0 0 0 0 0 0
0000800010000000 0000000000000000 bits28_47 0 0 63 31.99927 -0.37 0 0 0 0 0 0 0 0 0
0001000010000000 0000000000000000 bits28_48 0 0 53 32.00038 0.19 0 0 0 0 0 0 0 0 0
0002000010000000 0000000000000000 bits28_49 0 0 62 32.00067 0.34 0 0 0 0 0 0 0 0 0
0004000010000000 0000000000000000 bits28_50 0 0 70 32.00251 1.28 0 0 0 0 0 0 0 0 0
0008000010000000 0000000000000000 bits28_51 0 0 84 31.99844 -0.80 0 0 0 0 0 0 0 0 0
0010000010000000 0000000000000000 bits28_52 0 0 58 31.99895 -0.54 0 0 0 0 0 0 0 0 0
0020000010000000 0000000000000000 bits28_53 0 0 58 31.99977 -0.12 0 0 0 0 0 0 0 0 0
0040000010000000 0000000000000000 bits28_54 0 0 64 32.00027 0.14 0 0 0 0 0 0 0 0 0
0080000010000000 0000000000000000 bits28_55 0 0 70 31.99517 -2.47 0 0 0 0 0 0 0 0 0
0100000010000000 0000000000000000 bits28_56 0 0 57 32.00076 0.39 0 0 0 0 0 0 0 0 0
0200000010000000 0000000000000000 bits28_57 0 0 53 32.00011 0.06 0 0 0 0 0 0 0 0 0
0400000010000000 0000000000000000 bits28_58 0 0 54 31.99871 -0.66 0 0 0 0 0 0 0 0 0
0800000010000000 0000000000000000 bits28_59 0 0 68 31.99885 -0.59 0 0 0 0 0 0 0 0 0
1000000010000000 0000000000000000 bits28_60 0 0 70 31.99756 -1.25 0 0 0 0 0 0 0 0 0
2000000010000000 0000000000000000 bits28_61 0 0 68 31.99943 -0.29 0 0 0 0 0 0 0 0 0
4000000010000000 0000000000000000 bits28_62 0 0 62 31.99856 -0.74 0 0 0 0 0 0 0 0 0
8000000010000000 0000000000000000 bits28_63 0 0 78 31.99693 -1.57 0 0 0 0 0 0 0 0 0
0000000010000000 0000000000000001 bits28_64 0 0 60 31.99930 -0.36 0 0 0 0 0 0 0 0 0
0000000010000000 0000000000000002 bits28_65 0 0 55 32.00184 0.94 0 0 0 0 0 0 0 0 0
0000000010000000 0000000000000004 bits28_66 0 0 70 32.00077 0.39 0 0 0 0 0 0 0 0 0
0000000010000000 0000000000000008 bits28_67 0 0 55 32.00260 1.33 0 0 0 0 0 0 0 0 0
0000000010000000 0000000000000010 bits28_68 0 0 66 31.99664 -1.72 0 0 0 0 0 0 0 0 0
0000000010000000 0000000000000020 bits28_69 0 0 65 31.99957 -0.22 0 0 0 0 0 0 0 0 0
0000000010000000 0000000000000040 bits28_70 0 0 66 32.00013 0.07 0 0 0 0 0 0 0 0 0
0000000010000000 0000000000000080 bits28_71 0 0 65 32.00065 0.33 0 0 0 0 0 0 0 0 0
0000000010000000 0000000000000100 bits28_72 0 0 65 31.99994 -0.03 0 0 0 0 0 0 0 0 0
0000000010000000 0000000000000200 bits28_73 0 0 63 31.99989 -0.06 0 0 0 0 0 0 0 0 0
0000000010000000 0000000000000400 bits28_74 0 0 62 31.99958 -0.21 0 0 0 0 0 0 0 0 0
0000000010000000 0000000000000800 bits28_75 0 0 65 31.99895 -0.54 0 0 0 0 0 0 0 0 0
0000000010000000 0000000000001000 bits28_76 0 0 58 32.00083 0.42 0 0 0 0 0 0 0 0 0
0000000010000000 0000000000002000 bits28_77 0 0 58 32.00276 1.41 0 0 0 0 0 0 0 0 0
0000000010000000 0000000000004000 bits28_78 0 0 59 31.99744 -1.31 0 0 0 0 0 0 0 0 0
0000000010000000 0000000000008000 bits28_79 0 0 52 32.00128 0.65 0 0 0 0 0 0 0 0 0
0000000010000000 0000000000010000 bits28_80 0 0 61 31.99753 -1.27 0 0 0 0 0 0 0 0 0
0000000010000000 0000000000020000 bits28_81 0 0 63 32.00268 1.37 0 0 0 0 0 0 0 0 0
0000000010000000 0000000000040000 bits28_82 0 0 72 31.99821 -0.92 0 0 0 0 0 0 0 0 0
0000000010000000 0000000000080000 bits28_83 0 0 63 32.00278 1.42 0 0 0 0 0 0 0 0 0
0000000010000000 0000000000100000 bits28_84 0 0 56 32.00036 0.19 0 0 0 0 0 0 0 0 0
0000000010000000 0000000000200000 bits28_85 0 0 66 32.00125 0.64 0 0 0 0 0 0 0 0 0
0000000010000000 0000000000400000 bits28_86 0 0 69 32.00088 0.45 0 0 0 0 0 0 0 0 0
0000000010000000 0000000000800000 bits28_87 0 0 67 31.99904 -0.49 0 0 0 0 0 0 0 0 0
0000000010000000 0000000001000000 bits28_88 0 0 59 31.99936 -0.33 0 0 0 0 0 0 0 0 0
0000000010000000 0000000002000000 bits28_89 0 0 67 31.99973 -0.14 0 0 0 0 0 0 0 0 0
0000000010000000 0000000004000000 bits28_90 0 0 55 32.00150 0.77 0 0 0 0 0 0 0 0 0
0000000010000000 0000000008000000 bits28_91 0 0 76 32.00293 1.50 0 0 0 0 0 0 0 0 0
0000000010000000 0000000010000000 bits28_92 0 0 51 31.99729 -1.39 0 0 0 0 0 0 0 0 0
0000000010000000 0000000020000000 bits28_93 0 0 63 32.00242 1.24 0 0 0 0 0 0 0 0 0
0000000010000000 0000000040000000 bits28_94 0 0 76 31.99980 -0.10 0 0 0 0 0 0 0 0 0
0000000010000000 0000000080000000 bits28_95 0 0 76 31.99959 -0.21 0 0 0 0 0 0 0 0 0
0000000010000000 0000000100000000 bits28_96 0 0 71 32.00190 0.97 0 0 0 0 0 0 0 0 0
0000000010000000 0000000200000000 bits28_97 0 0 66 31.99651 -1.79 0 0 0 0 0 0 0 0 0
0000000010000000 0000000400000000 bits28_98 0 0 63 32.00237 1.21 0 0 0 0 0 0 0 0 0
0000000010000000 0000000800000000 bits28_99 0 0 61 32.00298 1.52 0 0 0 0 0 0 0 0 0
0000000010000000 0000001000000000 bits28_100 0 0 64 32.00243 1.24 0 0 0 0 0 0 0 0 0
0000000010000000 0000002000000000 bits28_101 0 0 72 31.99746 -1.30 0 0 0 0 0 0 0 0 0
0000000010000000 0000004000000000 bits28_102 0 0 69 32.00044 0.23 0 0 0 0 0 0 0 0 0
0000000010000000 0000008000000000 bits28_103 0 0 60 32.00379 1.94 0 0 0 0 0 0 0 0 0
0000000010000000 0000010000000000 bits28_104 0 0 67 32.00267 1.37 0 0 0 0 0 0 0 0 0
0000000010000000 0000020000000000 bits28_105 0 0 71 32.00095 0.49 0 0 0 0 0 0 0 0 0
0000000010000000 0000040000000000 bits28_106 0 0 67 31.99923 -0.39 0 0 0 0 0 0 0 0 0
0000000010000000 0000080000000000 bits28_107 0 0 61 31.99845 -0.79 0 0 0 0 0 0 0 0 0
0000000010000000 0000100000000000 bits28_108 0 0 77 32.00268 1.37 0 0 0 0 0 0 0 0 0
0000000010000000 0000200000000000 bits28_109 0 0 53 31.99849 -0.77 0 0 0 0 0 0 0 0 0
0000000010000000 0000400000000000 bits28_110 0 0 62 32.00072 0.37 0 0 0 0 0 0 0 0 0
0000000010000000 0000800000000000 bits28_111 0 0 62 32.00080 0.41 0 0 0 0 0 0 0 0 0
0000000010000000 0001000000000000 bits28_112 0 0 62 32.00165 0.84 0 0 0 0 0 0 0 0 0
0000000010000000 0002000000000000 bits28_113 0 0 63 32.00138 0.71 0 0 0 0 0 0 0 0 0
0000000010000000 0004000000000000 bits28_114 0 0 56 31.99866 -0.69 0 0 0 0 0 0 0 0 0
0000000010000000 0008000000000000 bits28_115 0 0 61 31.99990 -0.05 0 0 0 0 0 0 0 0 0
0000000010000000 0010000000000000 bits28_116 0 0 67 32.00385 1.97 0 0 0 0 0 0 0 0 0
0000000010000000 0020000000000000 bits28_117 0 0 72 32.00057 0.29 0 0 0 0 0 0 0 0 0
0000000010000000 0040000000000000 bits28_118 0 0 61 31.99961 -0.20 0 0 0 0 0 0 0 0 0
0000000010000000 0080000000000000 bits28_119 0 0 56 32.00016 0.08 0 0 0 0 0 0 0 0 0
0000000010000000 0100000000000000 bits28_120 0 0 82 31.99957 -0.22 0 0 0 0 0 0 0 0 0
0000000010000000 0200000000000000 bits28_121 0 0 81 31.99877 -0.63 0 0 0 0 0 0 0 0 0
0000000010000000 0400000000000000 bits28_122 0 0 76 31.99845 -0.79 0 0 0 0 0 0 0 0 0
0000000010000000 0800000000000000 bits28_123 0 0 58 31.99760 -1.23 0 0 0 0 0 0 0 0 0
0000000010000000 1000000000000000 bits28_124 0 0 45 32.00075 0.39 0 0 0 0 0 0 0 0 0
0000000010000000 2000000000000000 bits28_125 0 0 63 31.99737 -1.35 0 0 0 0 0 0 0 0 0
0000000010000000 4000000000000000 bits28_126 0 0 72 32.00024 0.12 0 0 0 0 0 0 0 0 0
0000000010000000 8000000000000000 bits28_127 0 0 63 31.99717 -1.45 0 0 0 0 0 0 0 0 0
0000000060000000 0000000000000000 bits29_30 0 0 78 31.99824 -0.90 0 0 0 0 0 0 0 0 0
00000000a0000000 0000000000000000 bits29_31 0 0 62 32.00262 1.34 0 0 0 0 0 0 0 0 0
0000000120000000 0000000000000000 bits29_32 0 0 47 31.99944 -0.29 0 0 0 0 0 0 0 0 0
0000000220000000 0000000000000000 bits29_33 0 0 56 31.99970 -0.15 0 0 0 0 0 0 0 0 0
0000000420000000 0000000000000000 bits29_34 0 0 73 32.00004 0.02 0 0 0 0 0 0 0 0 0
0000000820000000 0000000000000000 bits29_35 0 0 61 31.99859 -0.72 0 0 0 0 0 0 0 0 0
0000001020000000 0000000000000000 bits29_36 0 0 69 31.99750 -1.28 0 0 0 0 0 0 0 0 0
0000002020000000 0000000000000000 bits29_37 0 0 56 31.99535 -2.38 0 0 0 0 0 0 0 0 0
0000004020000000 0000000000000000 bits29_38 0 0 56 31.99975 -0.13 0 0 0 0 0 0 0 0 0
0000008020000000 0000000000000000 bits29_39 0 0 65 31.99956 -0.22 0 0 0 0 0 0 0 0 0
0000010020000000 0000000000000000 bits29_40 0 0 80 31.99891 -0.56 0 0 0 0 0 0 0 0 0
0000020020000000 0000000000000000 bits29_41 0 0 69 31.99835 -0.85 0 0 0 0 0 0 0 0 0
0000040020000000 0000000000000000 bits29_42 0 0 62 32.00239 1.22 0 0 0 0 0 0 0 0 0
0000080020000000 0000000000000000 bits29_43 0 0 73 32.00082 0.42 0 0 0 0 0 0 0 0 0
0000100020000000 0000000000000000 bits29_44 0 0 56 32.00374 1.92 0 0 0 0 0 0 0 0 0
0000200020000000 0000000000000000 bits29_45 0 0 65 32.00101 0.52 0 0 0 0 0 0 0 0 0
0000400020000000 0000000000000000 bits29_46 0 0 59 32.00069 0.35 0 0 0 0 0 0 0 0 0
0000800020000000 0000000000000000 bits29_47 0 0 67 32.00151 0.77 0 0 0 0 0 0 0 0 0
0001000020000000 0000000000000000 bits29_48 0 0 70 32.00073 0.38 0 0 0 0 0 0 0 0 0
0002000020000000 0000000000000000 bits29_49 0 0 66 32.00111 0.57 0 0 0 0 0 0 0 0 0
0004000020000000 0000000000000000 bits29_50 0 0 53 32.00175 0.90 0 0 0 0 0 0 0 0 0
0008000020000000 0000000000000000 bits29_51 0 0 65 31.99741 -1.33 0 0 0 0 0 0 0 0 0
0010000020000000 0000000000000000 bits29_52 0 0 60 32.00209 1.07 0 0 0 0 0 0 0 0 0
0020000020000000 0000000000000000 bits29_53 0 0 63 31.99880 -0.62 0 0 0 0 0 0 0 0 0
0040000020000000 0000000000000000 bits29_54 0 0 58 32.00348 1.78 0 0 0 0 0 0 0 0 0
0080000020000000 0000000000000000 bits29_55 0 0 52 32.00124 0.64 0 0 0 0 0 0 0 0 0
0100000020000000 0000000000000000 bits29_56 0 0 53 31.99942 -0.30 0 0 0 0 0 0 0 0 0
0200000020000000 0000000000000000 bits29_57 0 0 67 32.00040 0.21 0 0 0 0 0 0 0 0 0
0400000020000000 0000000000000000 bits29_58 0 0 67 32.00090 0.46 0 0 0 0 0 0 0 0 0
0800000020000000 0000000000000000 bits29_59 0 0 72 31.99857 -0.73 0 0 0 0 0 0 0 0 0
1000000020000000 0000000000000000 bits29_60 0 0 73 31.99918 -0.42 0 0 0 0 0 0 0 0 0
2000000020000000 0000000000000000 bits29_61 0 0 68 31.99973 -0.14 0 0 0 0 0 0 0 0 0
4000000020000000 0000000000000000 bits29_62 0 0 56 32.00179 0.92 0 0 0 0 0 0 0 0 0
8000000020000000 0000000000000000 bits29_63 0 0 61 32.00172 0.88 0 0 0 0 0 0 0 0 0
0000000020000000 0000000000000001 bits29_64 0 0 58 31.99805 -1.00 0 0 0 0 0 0 0 0 0
0000000020000000 0000000000000002 bits29_65 0 0 63 32.00090 0.46 0 0 0 0 0 0 0 0 0
0000000020000000 0000000000000004 bits29_66 0 0 45 31.99676 -1.66 0 0 0 0 0 0 0 0 0
0000000020000000 0000000000000008 bits29_67 0 0 55 32.00176 0.90 0 0 0 0 0 0 0 0 0
0000000020000000 0000000000000010 bits29_68 0 0 81 32.00104 0.53 0 0 0 0 0 0 0 0 0
0000000020000000 0000000000000020 bits29_69 0 0 49 32.00115 0.59 0 0 0 0 0 0 0 0 0
0000000020000000 0000000000000040 bits29_70 0 0 62 31.99868 -0.68 0 0 0 0 0 0 0 0 0
0000000020000000 0000000000000080 bits29_71 0 0 69 32.00054 0.28 0 0 0 0 0 0 0 0 0
0000000020000000 0000000000000100 bits29_72 0 0 70 31.99893 -0.55 0 0 0 0 0 0 0 0 0
0000000020000000 0000000000000200 bits29_73 0 0 63 32.00117 0.60 0 0 0 0 0 0 0 0 0
0000000020000000 0000000000000400 bits29_74 0 0 50 31.99836 -0.84 0 0 0 0 0 0 0 0 0
0000000020000000 0000000000000800 bits29_75 0 0 77 31.99895 -0.54 0 0 0 0 0 0 0 0 0
0000000020000000 0000000000001000 bits29_76 0 0 58 32.00359 1.84 0 0 0 0 0 0 0 0 0
0000000020000000 0000000000002000 bits29_77 0 0 59 32.00277 1.42 0 0 0 0 0 0 0 0 0
0000000020000000 0000000000004000 bits29_78 0 0 54 31.99882 -0.60 0 0 0 0 0 0 0 0 0
0000000020000000 0000000000008000 bits29_79 0 0 68 32.00086 0.44 0 0 0 0 0 0 0 0 0
0000000020000000 0000000000010000 bits29_80 0 0 52 31.99643 -1.83 0 0 0 0 0 0 0 0 0
0000000020000000 0000000000020000 bits29_81 0 0 50 32.00294 1.50 0 0 0 0 0 0 0 0 0
0000000020000000 0000000000040000 bits29_82 0 0 62 31.99806 -0.99 0 0 0 0 0 0 0 0 0
0000000020000000 0000000000080000 bits29_83 0 0 66 32.00123 0.63 0 0 0 0 0 0 0 0 0
0000000020000000 0000000000100000 bits29_84 0 0 45 31.99974 -0.13 0 0 0 0 0 0 0 0 0
0000000020000000 0000000000200000 bits29_85 0 0 60 32.00127 0.65 0 0 0 0 0 0 0 0 0
0000000020000000 0000000000400000 bits29_86 0 0 71 31.99940 -0.31 0 0 0 0 0 0 0 0 0
0000000020000000 0000000000800000 bits29_87 0 0 68 32.00052 0.27 0 0 0 0 0 0 0 0 0
0000000020000000 0000000001000000 bits29_88 0 0 66 32.00010 0.05 0 0 0 0 0 0 0 0 0
0000000020000000 0000000002000000 bits29_89 0 0 60 32.00189 0.97 0 0 0 0 0 0 0 0 0
0000000020000000 0000000004000000 bits29_90 0 0 72 32.00318 1.63 0 0 0 0 0 0 0 0 0
0000000020000000 0000000008000000 bits29_91 0 0 56 32.00401 2.05 0 0 0 0 0 0 0 0 0
0000000020000000 0000000010000000 bits29_92 0 0 72 32.00043 0.22 0 0 0 0 0 0 0 0 0
0000000020000000 0000000020000000 bits29_93 0 0 60 31.99914 -0.44 0 0 0 0 0 0 0 0 0
0000000020000000 0000000040000000 bits29_94 0 0 65 32.00087 0.44 0 0 0 0 0 0 0 0 0
0000000020000000 0000000080000000 bits29_95 0 0 52 32.00161 0.83 0 0 0 0 0 0 0 0 0
0000000020000000 0000000100000000 bits29_96 0 0 68 32.00404 2.07 0 0 0 0 0 0 0 0 0
0000000020000000 0000000200000000 bits29_97 0 0 56 32.00034 0.17 0 0 0 0 0 0 0 0 0
0000000020000000 0000000400000000 bits29_98 0 0 72 31.99955 -0.23 0 0 0 0 0 0 0 0 0
0000000020000000 0000000800000000 bits29_99 0 0 61 32.00203 1.04 0 0 0 0 0 0 0 0 0
0000000020000000 0000001000000000 bits29_100 0 0 67 32.00326 1.67 0 0 0 0 0 0 0 0 0
0000000020000000 0000002000000000 bits29_101 0 0 71 31.99643 -1.83 0 0 0 0 0 0 0 0 0
0000000020000000 0000004000000000 bits29_102 0 0 74 31.99801 -1.02 0 0 0 0 0 0 0 0 0
0000000020000000 0000008000000000 bits29_103 0 0 58 31.99772 -1.17 0 0 0 0 0 0 0 0 0
0000000020000000 0000010000000000 bits29_104 0 0 51 31.99981 -0.10 0 0 0 0 0 0 0 0 0
0000000020000000 0000020000000000 bits29_105 0 0 59 32.00121 0.62 0 0 0 0 0 0 0 0 0
0000000020000000 0000040000000000 bits29_106 0 0 57 32.00177 0.91 0 0 0 0 0 0 0 0 0
0000000020000000 0000080000000000 bits29_107 0 0 75 32.00109 0.56 0 0 0 0 0 0 0 0 0
0000000020000000 0000100000000000 bits29_108 0 0 59 32.00000 0.00 0 0 0 0 0 0 0 0 0
0000000020000000 0000200000000000 bits29_109 0 0 67 32.00229 1.17 0 0 0 0 0 0 0 0 0
0000000020000000 0000400000000000 bits29_110 0 0 64 32.00246 1.26 0 0 0 0 0 0 0 0 0
0000000020000000 0000800000000000 bits29_111 0 0 54 31.99922 -0.40 0 0 0 0 0 0 0 0 0
0000000020000000 0001000000000000 bits29_112 0 0 63 31.99918 -0.42 0 0 0 0 0 0 0 0 0
0000000020000000 0002000000000000 bits29_113 0 0 62 31.99945 -0.28 0 0 0 0 0 0 0 0 0
0000000020000000 0004000000000000 bits29_114 0 0 71 31.99837 -0.84 0 0 0 0 0 0 0 0 0
0000000020000000 0008000000000000 bits29_115 0 0 58 31.99765 -1.20 0 0 0 0 0 0 0 0 0
0000000020000000 0010000000000000 bits29_116 0 0 70 31.99733 -1.37 0 0 0 0 0 0 0 0 0
0000000020000000 0020000000000000 bits29_117 0 0 86 32.00084 0.43 0 0 0 0 0 0 0 0 0
0000000020000000 0040000000000000 bits29_118 0 0 78 32.00102 0.52 0 0 0 0 0 0 0 0 0
0000000020000000 0080000000000000 bits29_119 0 0 55 32.00175 0.90 0 0 0 0 0 0 0 0 0
0000000020000000 0100000000000000 bits29_120 0 0 61 31.99730 -1.38 0 0 0 0 0 0 0 0 0
0000000020000000 0200000000000000 bits29_121 0 0 58 32.00078 0.40 0 0 0 0 0 0 0 0 0
0000000020000000 0400000000000000 bits29_122 0 0 64 31.99759 -1.23 0 0 0 0 0 0 0 0 0
0000000020000000 0800000000000000 bits29_123 0 0 59 32.00373 1.91 0 0 0 0 0 0 0 0 0
0000000020000000 1000000000000000 bits29_124 0 0 51 32.00105 0.54 0 0 0 0 0 0 0 0 0
0000000020000000 2000000000000000 bits29_125 0 0 60 31.99794 -1.05 0 0 0 0 0 0 0 0 0
0000000020000000 4000000000000000 bits29_126 0 0 72 32.00406 2.08 0 0 0 0 0 0 0 0 0
0000000020000000 8000000000000000 bits29_127 0 0 59 31.99580 -2.15 0 0 0 0 0 0 0 0 0
00000000c0000000 0000000000000000 bits30_31 0 0 62 32.00040 0.20 0 0 0 0 0 0 0 0 0
0000000140000000 0000000000000000 bits30_32 0 0 66 31.99836 -0.84 0 0 0 0 0 0 0 0 0
0000000240000000 0000000000000000 bits30_33 0 0 61 31.99907 -0.47 0 0 0 0 0 0 0 0 0
0000000440000000 0000000000000000 bits30_34 0 0 85 32.00109 0.56 0 0 0 0 0 0 0 0 0
0000000840000000 0000000000000000 bits30_35 0 0 60 32.00018 0.09 0 0 0 0 0 0 0 0 0
0000001040000000 0000000000000000 bits30_36 0 0 66 31.99839 -0.82 0 0 0 0 0 0 0 0 0
0000002040000000 0000000000000000 bits30_37 0 0 54 31.99886 -0.59 0 0 0 0 0 0 0 0 0
0000004040000000 0000000000000000 bits30_38 0 0 51 31.99942 -0.30 0 0 0 0 0 0 0 0 0
0000008040000000 0000000000000000 bits30_39 0 0 66 32.00019 0.10 0 0 0 0 0 0 0 0 0
0000010040000000 0000000000000000 bits30_40 0 0 62 32.00134 0.68 0 0 0 0 0 0 0 0 0
0000020040000000 0000000000000000 bits30_41 0 0 48 32.00131 0.67 0 0 0 0 0 0 0 0 0
0000040040000000 0000000000000000 bits30_42 0 0 78 31.99877 -0.63 0 0 0 0 0 0 0 0 0
0000080040000000 0000000000000000 bits30_43 0 0 66 31.99843 -0.81 0 0 0 0 0 0 0 0 0
0000100040000000 0000000000000000 bits30_44 0 0 63 32.00245 1.25 0 0 0 0 0 0 0 0 0
0000200040000000 0000000000000000 bits30_45 0 0 66 32.00029 0.15 0 0 0 0 0 0 0 0 0
0000400040000000 0000000000000000 bits30_46 0 0 66 31.99828 -0.88 0 0 0 0 0 0 0 0 0
0000800040000000 0000000000000000 bits30_47 0 0 74 31.99980 -0.10 0 0 0 0 0 0 0 0 0
0001000040000000 0000000000000000 bits30_48 0 0 60 31.99960 -0.21 0 0 0 0 0 0 0 0 0
0002000040000000 0000000000000000 bits30_49 0 0 69 31.99892 -0.55 0 0 0 0 0 0 0 0 0
0004000040000000 0000000000000000 bits30_50 0 0 75 31.99821 -0.92 0 0 0 0 0 0 0 0 0
0008000040000000 0000000000000000 bits30_51 0 0 69 31.99940 -0.31 0 0 0 0 0 0 0 0 0
0010000040000000 0000000000000000 bits30_52 0 0 59 32.00441 2.26 0 0 0 0 0 0 0 0 0
0020000040000000 0000000000000000 bits30_53 0 0 49 32.00378 1.94 0 0 0 0 0 0 0 0 0
0040000040000000 0000000000000000 bits30_54 0 0 66 31.99997 -0.02 0 0 0 0 0 0 0 0 0
0080000040000000 0000000000000000 bits30_55 0 0 66 31.99920 -0.41 0 0 0 0 0 0 0 0 0
0100000040000000 0000000000000000 bits30_56 0 0 57 31.99831 -0.87 0 0 0 0 0 0 0 0 0
0200000040000000 0000000000000000 bits30_57 0 0 48 32.00295 1.51 0 0 0 0 0 0 0 0 0
0400000040000000 0000000000000000 bits30_58 0 0 65 32.00177 0.90 0 0 0 0 0 0 0 0 0
0800000040000000 0000000000000000 bits30_59 0 0 61 31.99771 -1.17 0 0 0 0 0 0 0 0 0
1000000040000000 0000000000000000 bits30_60 0 0 76 32.00187 0.96 0 0 0 0 0 0 0 0 0
2000000040000000 0000000000000000 bits30_61 0 0 59 31.99791 -1.07 0 0 0 0 0 0 0 0 0
4000000040000000 0000000000000000 bits30_62 0 0 55 31.99875 -0.64 0 0 0 0 0 0 0 0 0
8000000040000000 0000000000000000 bits30_63 0 0 56 32.00028 0.14 0 0 0 0 0 0 0 0 0
0000000040000000 0000000000000001 bits30_64 0 0 68 31.99685 -1.61 0 0 0 0 0 0 0 0 0
0000000040000000 0000000000000002 bits30_65 0 0 63 31.99871 -0.66 0 0 0 0 0 0 0 0 0
0000000040000000 0000000000000004 bits30_66 0 0 78 31.99866 -0.69 0 0 0 0 0 0 0 0 0
0000000040000000 0000000000000008 bits30_67 0 0 65 32.00258 1.32 0 0 0 0 0 0 0 0 0
0000000040000000 0000000000000010 bits30_68 0 0 66 32.00162 0.83 0 0 0 0 0 0 0 0 0
0000000040000000 0000000000000020 bits30_69 0 0 72 32.00028 0.14 0 0 0 0 0 0 0 0 0
0000000040000000 0000000000000040 bits30_70 0 0 56 31.99827 -0.89 0 0 0 0 0 0 0 0 0
0000000040000000 0000000000000080 bits30_71 0 0 53 31.99864 -0.69 0 0 0 0 0 0 0 0 0
0000000040000000 0000000000000100 bits30_72 0 0 64 32.00225 1.15 0 0 0 0 0 0 0 0 0
0000000040000000 0000000000000200 bits30_73 0 0 67 32.00087 0.44 0 0 0 0 0 0 0 0 0
0000000040000000 0000000000000400 bits30_74 0 0 49 32.00102 0.52 0 0 0 0 0 0 0 0 0
0000000040000000 0000000000000800 bits30_75 0 0 64 31.99830 -0.87 0 0 0 0 0 0 0 0 0
0000000040000000 0000000000001000 bits30_76 0 0 75 31.99791 -1.07 0 0 0 0 0 0 0 0 0
0000000040000000 0000000000002000 bits30_77 0 0 71 31.99942 -0.29 0 0 0 0 0 0 0 0 0
0000000040000000 0000000000004000 bits30_78 0 0 49 32.00266 1.36 0 0 0 0 0 0 0 0 0
0000000040000000 0000000000008000 bits30_79 0 0 51 31.99930 -0.36 0 0 0 0 0 0 0 0 0
0000000040000000 0000000000010000 bits30_80 0 0 60 31.99708 -1.49 0 0 0 0 0 0 0 0 0
0000000040000000 0000000000020000 bits30_81 0 0 58 32.00202 1.03 0 0 0 0 0 0 0 0 0
0000000040000000 0000000000040000 bits30_82 0 0 69 32.00102 0.52 0 0 0 0 0 0 0 0 0
0000000040000000 0000000000080000 bits30_83 0 0 50 31.99927 -0.37 0 0 0 0 0 0 0 0 0
0000000040000000 0000000000100000 bits30_84 0 0 59 31.99903 -0.49 0 0 0 0 0 0 0 0 0
0000000040000000 0000000000200000 bits30_85 0 0 71 32.00314 1.61 0 0 0 0 0 0 0 0 0
0000000040000000 0000000000400000 bits30_86 0 0 59 31.99701 -1.53 0 0 0 0 0 0 0 0 0
0000000040000000 0000000000800000 bits30_87 0 0 50 31.99657 -1.75 0 0 0 0 0 0 0 0 0
0000000040000000 0000000001000000 bits30_88 0 0 63 31.99929 -0.36 0 0 0 0 0 0 0 0 0
0000000040000000 0000000002000000 bits30_89 0 0 64 31.99817 -0.94 0 0 0 0 0 0 0 0 0
0000000040000000 0000000004000000 bits30_90 0 0 69 31.99582 -2.14 0 0 0 0 0 0 0 0 0
0000000040000000 0000000008000000 bits30_91 0 0 62 31.99923 -0.39 0 0 0 0 0 0 0 0 0
0000000040000000 0000000010000000 bits30_92 0 0 66 31.99925 -0.39 0 0 0 0 0 0 0 0 0
0000000040000000 0000000020000000 bits30_93 0 0 84 31.99780 -1.12 0 0 0 0 0 0 0 0 0
0000000040000000 0000000040000000 bits30_94 0 0 69 32.00061 0.31 0 0 0 0 0 0 0 0 0
0000000040000000 0000000080000000 bits30_95 0 0 65 31.99682 -1.63 0 0 0 0 0 0 0 0 0
0000000040000000 0000000100000000 bits30_96 0 0 69 31.99934 -0.34 0 0 0 0 0 0 0 0 0
0000000040000000 0000000200000000 bits30_97 0 0 50 31.99979 -0.11 0 0 0 0 0 0 0 0 0
0000000040000000 0000000400000000 bits30_98 0 0 61 31.99980 -0.10 0 0 0 0 0 0 0 0 0
0000000040000000 0000000800000000 bits30_99 0 0 76 32.00012 0.06 0 0 0 0 0 0 0 0 0
0000000040000000 0000001000000000 bits30_100 0 0 64 31.99739 -1.34 0 0 0 0 0 0 0 0 0
0000000040000000 0000002000000000 bits30_101 0 0 75 32.00270 1.38 0 0 0 0 0 0 0 0 0
0000000040000000 0000004000000000 bits30_102 0 0 61 31.99961 -0.20 0 0 0 0 0 0 0 0 0
0000000040000000 0000008000000000 bits30_103 0 0 62 32.00450 2.30 0 0 0 0 0 0 0 0 0
0000000040000000 0000010000000000 bits30_104 0 0 65 32.00142 0.72 0 0 0 0 0 0 0 0 0
0000000040000000 0000020000000000 bits30_105 0 0 69 31.99924 -0.39 0 0 0 0 0 0 0 0 0
0000000040000000 0000040000000000 bits30_106 0 0 55 31.99915 -0.43 0 0 0 0 0 0 0 0 0
0000000040000000 0000080000000000 bits30_107 0 0 64 32.00216 1.11 0 0 0 0 0 0 0 0 0
0000000040000000 0000100000000000 bits30_108 0 0 74 32.00031 0.16 0 0 0 0 0 0 0 0 0
0000000040000000 0000200000000000 bits30_109 0 0 56 32.00024 0.12 0 0 0 0 0 0 0 0 0
0000000040000000 0000400000000000 bits30_110 0 0 61 32.00142 0.73 0 0 0 0 0 0 0 0 0
0000000040000000 0000800000000000 bits30_111 0 0 53 32.00358 1.83 0 0 0 0 0 0 0 0 0
0000000040000000 0001000000000000 bits30_112 0 0 64 32.00114 0.59 0 0 0 0 0 0 0 0 0
0000000040000000 0002000000000000 bits30_113 0 0 53 31.99972 -0.14 0 0 0 0 0 0 0 0 0
0000000040000000 0004000000000000 bits30_114 0 0 67 32.00159 0.81 0 0 0 0 0 0 0 0 0
0000000040000000 0008000000000000 bits30_115 0 0 58 31.99948 -0.27 0 0 0 0 0 0 0 0 0
0000000040000000 0010000000000000 bits30_116 0 0 56 32.00030 0.15 0 0 0 0 0 0 0 0 0
0000000040000000 0020000000000000 bits30_117 0 0 65 31.99949 -0.26 0 0 0 0 0 0 0 0 0
0000000040000000 0040000000000000 bits30_118 0 0 79 31.99990 -0.05 0 0 0 0 0 0 0 0 0
0000000040000000 0080000000000000 bits30_119 0 0 54 32.00089 0.45 0 0 0 0 0 0 0 0 0
0000000040000000 0100000000000000 bits30_120 0 0 65 32.00093 0.47 0 0 0 0 0 0 0 0 0
0000000040000000 0200000000000000 bits30_121 0 0 63 31.99869 -0.67 0 0 0 0 0 0 0 0 0
0000000040000000 0400000000000000 bits30_122 0 0 59 31.99876 -0.64 0 0 0 0 0 0 0 0 0
0000000040000000 0800000000000000 bits30_123 0 0 73 32.00146 0.75 0 0 0 0 0 0 0 0 0
0000000040000000 1000000000000000 bits30_124 0 0 65 32.00024 0.12 0 0 0 0 0 0 0 0 0
0000000040000000 2000000000000000 bits30_125 0 0 67 32.00082 0.42 0 0 0 0 0 0 0 0 0
0000000040000000 4000000000000000 bits30_126 0 0 75 32.00270 1.38 0 0 0 0 0 0 0 0 0
0000000040000000 8000000000000000 bits30_127 0 0 60 31.99879 -0.62 0 0 0 0 0 0 0 0 0
0000000180000000 0000000000000000 bits31_32 0 0 72 31.99872 -0.65 0 0 0 0 0 0 0 0 0
0000000280000000 0000000000000000 bits31_33 0 0 67 32.00144 0.74 0 0 0 0 0 0 0 0 0
0000000480000000 0000000000000000 bits31_34 0 0 52 32.00301 1.54 0 0 0 0 0 0 0 0 0
0000000880000000 0000000000000000 bits31_35 0 0 76 31.99816 -0.94 0 0 0 0 0 0 0 0 0
0000001080000000 0000000000000000 bits31_36 0 0 63 31.99880 -0.61 0 0 0 0 0 0 0 0 0
0000002080000000 0000000000000000 bits31_37 0 0 61 32.00033 0.17 0 0 0 0 0 0 0 0 0
0000004080000000 0000000000000000 bits31_38 0 0 64 32.00142 0.73 0 0 0 0 0 0 0 0 0
0000008080000000 0000000000000000 bits31_39 0 0 57 31.99854 -0.75 0 0 0 0 0 0 0 0 0
0000010080000000 0000000000000000 bits31_40 0 0 52 32.00010 0.05 0 0 0 0 0 0 0 0 0
0000020080000000 0000000000000000 bits31_41 0 0 60 32.00315 1.61 0 0 0 0 0 0 0 0 0
0000040080000000 0000000000000000 bits31_42 0 0 74 31.99870 -0.67 0 0 0 0 0 0 0 0 0
0000080080000000 0000000000000000 bits31_43 0 0 61 31.99956 -0.22 0 0 0 0 0 0 0 0 0
0000100080000000 0000000000000000 bits31_44 0 0 57 32.00187 0.96 0 0 0 0 0 0 0 0 0
0000200080000000 0000000000000000 bits31_45 0 0 57 31.99756 -1.25 0 0 0 0 0 0 0 0 0
0000400080000000 0000000000000000 bits31_46 0 0 71 32.00541 2.77 0 0 0 0 0 0 0 0 0
0000800080000000 0000000000000000 bits31_47 0 0 82 32.00192 0.99 0 0 0 0 0 0 0 0 0
0001000080000000 0000000000000000 bits31_48 0 0 71 31.99597 -2.06 0 0 0 0 0 0 0 0 0
0002000080000000 0000000000000000 bits31_49 0 0 57 31.99677 -1.65 0 0 0 0 0 0 0 0 0
0004000080000000 0000000000000000 bits31_50 0 0 60 31.99753 -1.26 0 0 0 0 0 0 0 0 0
0008000080000000 0000000000000000 bits31_51 0 0 76 31.99991 -0.04 0 0 0 0 0 0 0 0 0
0010000080000000 0000000000000000 bits31_52 0 0 75 32.00018 0.09 0 0 0 0 0 0 0 0 0
0020000080000000 0000000000000000 bits31_53 0 0 58 31.99731 -1.38 0 0 0 0 0 0 0 0 0
0040000080000000 0000000000000000 bits31_54 0 0 58 32.00480 2.46 0 0 0 0 0 0 0 0 0
0080000080000000 0000000000000000 bits31_55 0 0 67 32.00047 0.24 0 0 0 0 0 0 0 0 0
0100000080000000 0000000000000000 bits31_56 0 0 60 31.99717 -1.45 0 0 0 0 0 0 0 0 0
0200000080000000 0000000000000000 bits31_57 0 0 52 31.99935 -0.33 0 0 0 0 0 0 0 0 0
0400000080000000 0000000000000000 bits31_58 0 0 73 32.00296 1.51 0 0 0 0 0 0 0 0 0
0800000080000000 0000000000000000 bits31_59 0 0 75 32.00189 0.97 0 0 0 0 0 0 0 0 0
1000000080000000 0000000000000000 bits31_60 0 0 64 31.99852 -0.76 0 0 0 0 0 0 0 0 0
2000000080000000 0000000000000000 bits31_61 0 0 55 31.99722 -1.42 0 0 0 0 0 0 0 0 0
4000000080000000 0000000000000000 bits31_62 0 0 62 32.00000 0.00 0 0 0 0 0 0 0 0 0
8000000080000000 0000000000000000 bits31_63 0 0 69 31.99977 -0.12 0 0 0 0 0 0 0 0 0
0000000080000000 0000000000000001 bits31_64 0 0 66 32.00142 0.73 0 0 0 0 0 0 0 0 0
0000000080000000 0000000000000002 bits31_65 0 0 57 32.00354 1.81 0 0 0 0 0 0 0 0 0
0000000080000000 0000000000000004 bits31_66 0 0 62 31.99675 -1.66 0 0 0 0 0 0 0 0 0
0000000080000000 0000000000000008 bits31_67 0 0 55 32.00133 0.68 0 0 0 0 0 0 0 0 0
0000000080000000 0000000000000010 bits31_68 0 0 54 31.99892 -0.56 0 0 0 0 0 0 0 0 0
0000000080000000 0000000000000020 bits31_69 0 0 57 32.00051 0.26 0 0 0 0 0 0 0 0 0
0000000080000000 0000000000000040 bits31_70 0 0 65 32.00242 1.24 0 0 0 0 0 0 0 0 0
0000000080000000 0000000000000080 bits31_71 0 0 58 31.99850 -0.77 0 0 0 0 0 0 0 0 0
0000000080000000 0000000000000100 bits31_72 0 0 64 31.99993 -0.04 0 0 0 0 0 0 0 0 0
0000000080000000 0000000000000200 bits31_73 0 0 64 32.00211 1.08 0 0 0 0 0 0 0 0 0
0000000080000000 0000000000000400 bits31_74 0 0 65 32.00132 0.68 0 0 0 0 0 0 0 0 0
0000000080000000 0000000000000800 bits31_75 0 0 69 31.99788 -1.08 0 0 0 0 0 0 0 0 0
0000000080000000 0000000000001000 bits31_76 0 0 71 32.00359 1.84 0 0 0 0 0 0 0 0 0
0000000080000000 0000000000002000 bits31_77 0 0 59 31.99834 -0.85 0 0 0 0 0 0 0 0 0
0000000080000000 0000000000004000 bits31_78 0 0 51 31.99799 -1.03 0 0 0 0 0 0 0 0 0
0000000080000000 0000000000008000 bits31_79 0 0 58 32.00217 1.11 0 0 0 0 0 0 0 0 0
0000000080000000 0000000000010000 bits31_80 0 0 62 31.99857 -0.73 0 0 0 0 0 0 0 0 0
0000000080000000 0000000000020000 bits31_81 0 0 71 31.99963 -0.19 0 0 0 0 0 0 0 0 0
0000000080000000 0000000000040000 bits31_82 0 0 50 31.99743 -1.31 0 0 0 0 0 0 0 0 0
0000000080000000 0000000000080000 bits31_83 0 0 69 31.99790 -1.08 0 0 0 0 0 0 0 0 0
0000000080000000 0000000000100000 bits31_84 0 0 59 31.99769 -1.18 0 0 0 0 0 0 0 0 0
0000000080000000 0000000000200000 bits31_85 0 0 67 31.99891 -0.56 0 0 0 0 0 0 0 0 0
0000000080000000 0000000000400000 bits31_86 0 0 62 32.00485 2.48 0 0 0 0 0 0 0 0 0
0000000080000000 0000000000800000 bits31_87 0 0 60 32.00066 0.34 0 0 0 0 0 0 0 0 0
0000000080000000 0000000001000000 bits31_88 0 0 71 31.99602 -2.04 0 0 0 0 0 0 0 0 0
0000000080000000 0000000002000000 bits31_89 0 0 62 32.00493 2.52 0 0 0 0 0 0 0 0 0
0000000080000000 0000000004000000 bits31_90 0 0 63 31.99825 -0.90 0 0 0 0 0 0 0 0 0
0000000080000000 0000000008000000 bits31_91 0 0 53 31.99720 -1.43 0 0 0 0 0 0 0 0 0
0000000080000000 0000000010000000 bits31_92 0 0 64 31.99842 -0.81 0 0 0 0 0 0 0 0 0
0000000080000000 0000000020000000 bits31_93 0 0 60 31.99943 -0.29 0 0 0 0 0 0 0 0 0
0000000080000000 0000000040000000 bits31_94 0 0 63 32.00231 1.18 0 0 0 0 0 0 0 0 0
0000000080000000 0000000080000000 bits31_95 0 0 72 31.99471 -2.71 0 0 0 0 0 0 0 0 0
0000000080000000 0000000100000000 bits31_96 0 0 65 31.99841 -0.82 0 0 0 0 0 0 0 0 0
0000000080000000 0000000200000000 bits31_97 0 0 62 32.00057 0.29 0 0 0 0 0 0 0 0 0
0000000080000000 0000000400000000 bits31_98 0 0 64 31.99708 -1.49 0 0 0 0 0 0 0 0 0
0000000080000000 0000000800000000 bits31_99 0 0 58 32.00255 1.31 0 0 0 0 0 0 0 0 0
0000000080000000 0000001000000000 bits31_100 0 0 66 32.00243 1.25 0 0 0 0 0 0 0 0 0
0000000080000000 0000002000000000 bits31_101 0 0 65 31.99659 -1.75 0 0 0 0 0 0 0 0 0
0000000080000000 0000004000000000 bits31_102 0 0 53 32.00320 1.64 0 0 0 0 0 0 0 0 0
0000000080000000 0000008000000000 bits31_103 0 0 69 32.00251 1.28 0 0 0 0 0 0 0 0 0
0000000080000000 0000010000000000 bits31_104 0 0 66 31.99905 -0.49 0 0 0 0 0 0 0 0 0
0000000080000000 0000020000000000 bits31_105 0 0 63 31.99986 -0.07 0 0 0 0 0 0 0 0 0
0000000080000000 0000040000000000 bits31_106 0 0 54 31.99967 -0.17 0 0 0 0 0 0 0 0 0
0000000080000000 0000080000000000 bits31_107 0 0 57 31.99798 -1.03 0 0 0 0 0 0 0 0 0
0000000080000000 0000100000000000 bits31_108 0 0 72 31.99777 -1.14 0 0 0 0 0 0 0 0 0
0000000080000000 0000200000000000 bits31_109 0 0 56 32.00058 0.30 0 0 0 0 0 0 0 0 0
0000000080000000 0000400000000000 bits31_110 0 0 51 32.00240 1.23 0 0 0 0 0 0 0 0 0
0000000080000000 0000800000000000 bits31_111 0 0 49 32.00073 0.37 0 0 0 0 0 0 0 0 0
0000000080000000 0001000000000000 bits31_112 0 0 81 31.99798 -1.03 0 0 0 0 0 0 0 0 0
0000000080000000 0002000000000000 bits31_113 0 0 76 32.00388 1.98 0 0 0 0 0 0 0 0 0
0000000080000000 0004000000000000 bits31_114 0 0 70 31.99706 -1.51 0 0 0 0 0 0 0 0 0
0000000080000000 0008000000000000 bits31_115 0 0 58 32.00082 0.42 0 0 0 0 0 0 0 0 0
0000000080000000 0010000000000000 bits31_116 0 0 57 32.00037 0.19 0 0 0 0 0 0 0 0 0
0000000080000000 0020000000000000 bits31_117 0 0 49 32.00361 1.85 0 0 0 0 0 0 0 0 0
0000000080000000 0040000000000000 bits31_118 0 0 53 31.99844 -0.80 0 0 0 0 0 0 0 0 0
0000000080000000 0080000000000000 bits31_119 0 0 76 31.99944 -0.28 0 0 0 0 0 0 0 0 0
0000000080000000 0100000000000000 bits31_120 0 0 62 32.00103 0.53 0 0 0 0 0 0 0 0 0
0000000080000000 0200000000000000 bits31_121 0 0 59 31.99676 -1.66 0 0 0 0 0 0 0 0 0
0000000080000000 0400000000000000 bits31_122 0 0 56 32.00041 0.21 0 0 0 0 0 0 0 0 0
0000000080000000 0800000000000000 bits31_123 0 0 50 32.00131 0.67 0 0 0 0 0 0 0 0 0
0000000080000000 1000000000000000 bits31_124 0 0 73 32.00366 1.88 0 0 0 0 0 0 0 0 0
0000000080000000 2000000000000000 bits31_125 0 0 70 32.00358 1.83 0 0 0 0 0 0 0 0 0
0000000080000000 4000000000000000 bits31_126 0 0 66 32.00293 1.50 0 0 0 0 0 0 0 0 0
0000000080000000 8000000000000000 bits31_127 0 0 70 31.99800 -1.02 0 0 0 0 0 0 0 0 0
0000000300000000 0000000000000000 bits32_33 0 0 63 31.99950 -0.26 0 0 0 0 0 0 0 0 0
0000000500000000 0000000000000000 bits32_34 0 0 72 31.99802 -1.02 0 0 0 0 0 0 0 0 0
0000000900000000 0000000000000000 bits32_35 0 0 63 31.99980 -0.10 0 0 0 0 0 0 0 0 0
0000001100000000 0000000000000000 bits32_36 0 0 64 31.99915 -0.43 0 0 0 0 0 0 0 0 0
0000002100000000 0000000000000000 bits32_37 0 0 60 32.00164 0.84 0 0 0 0 0 0 0 0 0
0000004100000000 0000000000000000 bits32_38 0 0 67 31.99973 -0.14 0 0 0 0 0 0 0 0 0
0000008100000000 0000000000000000 bits32_39 0 0 66 31.99984 -0.08 0 0 0 0 0 0 0 0 0
0000010100000000 0000000000000000 bits32_40 0 0 65 31.99918 -0.42 0 0 0 0 0 0 0 0 0
0000020100000000 0000000000000000 bits32_41 0 0 59 31.99878 -0.63 0 0 0 0 0 0 0 0 0
0000040100000000 0000000000000000 bits32_42 0 0 66 31.99906 -0.48 0 0 0 0 0 0 0 0 0
0000080100000000 0000000000000000 bits32_43 0 0 63 31.99990 -0.05 0 0 0 0 0 0 0 0 0
0000100100000000 0000000000000000 bits32_44 0 0 70 32.00028 0.14 0 0 0 0 0 0 0 0 1
0000200100000000 0000000000000000 bits32_45 0 0 70 32.00143 0.73 0 0 0 0 0 0 0 0 0
0000400100000000 0000000000000000 bits32_46 0 0 69 32.00255 1.31 0 0 0 0 0 0 0 0 0
0000800100000000 0000000000000000 bits32_47 0 0 57 31.99930 -0.36 0 0 0 0 0 0 0 0 0
0001000100000000 0000000000000000 bits32_48 0 0 61 32.00129 0.66 0 0 0 0 0 0 0 0 0
0002000100000000 0000000000000000 bits32_49 0 0 72 31.99829 -0.88 0 0 0 0 0 0 0 0 0
0004000100000000 0000000000000000 bits32_50 0 0 66 31.99948 -0.27 0 0 0 0 0 0 0 0 0
0008000100000000 0000000000000000 bits32_51 0 0 71 32.00116 0.60 0 0 0 0 0 0 0 0 0
0010000100000000 0000000000000000 bits32_52 0 0 62 31.99947 -0.27 0 0 0 0 0 0 0 0 0
0020000100000000 0000000000000000 bits32_53 0 0 68 31.99887 -0.58 0 0 0 0 0 0 0 0 0
0040000100000000 0000000000000000 bits32_54 0 0 52 32.00263 1.34 0 0 0 0 0 0 0 0 0
0080000100000000 0000000000000000 bits32_55 0 0 71 32.00316 1.62 0 0 0 0 0 0 0 0 0
0100000100000000 0000000000000000 bits32_56 0 0 68 32.00196 1.00 0 0 0 0 0 0 0 0 0
0200000100000000 0000000000000000 bits32_57 0 0 57 32.00095 0.49 0 0 0 0 0 0 0 0 0
0400000100000000 0000000000000000 bits32_58 0 0 52 31.99881 -0.61 0 0 0 0 0 0 0 0 0
0800000100000000 0000000000000000 bits32_59 0 0 74 31.99851 -0.76 0 0 0 0 0 0 0 0 0
1000000100000000 0000000000000000 bits32_60 0 0 57 32.00441 2.26 0 0 0 0 0 0 0 0 0
2000000100000000 0000000000000000 bits32_61 0 0 56 32.00208 1.07 0 0 0 0 0 0 0 0 0
4000000100000000 0000000000000000 bits32_62 0 0 70 32.00047 0.24 0 0 0 0 0 0 0 0 0
8000000100000000 0000000000000000 bits32_63 0 0 62 32.00000 0.00 0 0 0 0 0 0 0 0 0
0000000100000000 0000000000000001 bits32_64 0 0 63 31.99959 -0.21 0 0 0 0 0 0 0 0 0
0000000100000000 0000000000000002 bits32_65 0 0 53 32.00238 1.22 0 0 0 0 0 0 0 0 0
0000000100000000 0000000000000004 bits32_66 0 0 68 32.00179 0.92 0 0 0 0 0 0 0 0 0
0000000100000000 0000000000000008 bits32_67 0 0 68 32.00099 0.51 0 0 0 0 0 0 0 0 0
0000000100000000 0000000000000010 bits32_68 0 0 75 32.00049 0.25 0 0 0 0 0 0 0 0 0
0000000100000000 0000000000000020 bits32_69 0 0 65 32.00290 1.49 0 0 0 0 0 0 0 0 0
0000000100000000 0000000000000040 bits32_70 0 0 57 32.00435 2.23 0 0 0 0 0 0 0 0 0
0000000100000000 0000000000000080 bits32_71 0 0 66 31.99727 -1.40 0 0 0 0 0 0 0 0 0
0000000100000000 0000000000000100 bits32_72 0 0 61 31.99863 -0.70 0 0 0 0 0 0 0 0 0
0000000100000000 0000000000000200 bits32_73 0 0 69 32.00370 1.89 0 0 0 0 0 0 0 0 0
0000000100000000 0000000000000400 bits32_74 0 0 65 32.00106 0.54 0 0 0 0 0 0 0 0 0
0000000100000000 0000000000000800 bits32_75 0 0 80 32.00267 1.37 0 0 0 0 0 0 0 0 0
0000000100000000 0000000000001000 bits32_76 0 0 52 32.00040 0.21 0 0 0 0 0 0 0 0 0
0000000100000000 0000000000002000 bits32_77 0 0 58 32.00137 0.70 0 0 0 0 0 0 0 0 0
0000000100000000 0000000000004000 bits32_78 0 0 67 32.00103 0.53 0 0 0 0 0 0 0 0 0
0000000100000000 0000000000008000 bits32_79 0 0 63 32.00202 1.04 0 0 0 0 0 0 0 0 0
0000000100000000 0000000000010000 bits32_80 0 0 50 31.99843 -0.80 0 0 0 0 0 0 0 0 0
0000000100000000 0000000000020000 bits32_81 0 0 65 31.99979 -0.11 0 0 0 0 0 0 0 0 0
0000000100000000 0000000000040000 bits32_82 0 0 73 31.99765 -1.20 0 0 0 0 0 0 0 0 0
0000000100000000 0000000000080000 bits32_83 0 0 49 31.99887 -0.58 0 0 0 0 0 0 0 0 0
0000000100000000 0000000000100000 bits32_84 0 0 69 31.99927 -0.37 0 0 0 0 0 0 0 0 0
0000000100000000 0000000000200000 bits32_85 0 0 59 32.00048 0.25 0 0 0 0 0 0 0 0 0
0000000100000000 0000000000400000 bits32_86 0 0 65 32.00219 1.12 0 0 0 0 0 0 0 0 0
0000000100000000 0000000000800000 bits32_87 0 0 67 31.99972 -0.14 0 0 0 0 0 0 0 0 0
0000000100000000 0000000001000000 bits32_88 0 0 66 32.00047 0.24 0 0 0 0 0 0 0 0 0
0000000100000000 0000000002000000 bits32_89 0 0 82 31.99907 -0.48 0 0 0 0 0 0 0 0 0
0000000100000000 0000000004000000 bits32_90 0 0 69 32.00275 1.41 0 0 0 0 0 0 0 0 0
0000000100000000 0000000008000000 bits32_91 0 0 65 32.00393 2.01 0 0 0 0 0 0 0 0 0
0000000100000000 0000000010000000 bits32_92 0 0 56 31.99975 -0.13 0 0 0 0 0 0 0 0 0
0000000100000000 0000000020000000 bits32_93 0 0 75 32.00226 1.16 0 0 0 0 0 0 0 0 0
0000000100000000 0000000040000000 bits32_94 0 0 54 32.00346 1.77 0 0 0 0 0 0 0 0 0
0000000100000000 0000000080000000 bits32_95 0 0 48 32.00252 1.29 0 0 0 0 0 0 0 0 0
0000000100000000 0000000100000000 bits32_96 0 0 59 31.99938 -0.32 0 0 0 0 0 0 0 0 0
0000000100000000 0000000200000000 bits32_97 0 0 54 31.99852 -0.76 0 0 0 0 0 0 0 0 0
0000000100000000 0000000400000000 bits32_98 0 0 66 31.99711 -1.48 0 0 0 0 0 0 0 0 0
0000000100000000 0000000800000000 bits32_99 0 0 61 32.00100 0.51 0 0 0 0 0 0 0 0 0
0000000100000000 0000001000000000 bits32_100 0 0 52 31.99884 -0.59 0 0 0 0 0 0 0 0 0
0000000100000000 0000002000000000 bits32_101 0 0 60 32.00204 1.04 0 0 0 0 0 0 0 0 0
0000000100000000 0000004000000000 bits32_102 0 0 67 32.00403 2.06 0 0 0 0 0 0 0 0 0
0000000100000000 0000008000000000 bits32_103 0 0 60 31.99948 -0.27 0 0 0 0 0 0 0 0 0
0000000100000000 0000010000000000 bits32_104 0 0 74 32.00463 2.37 0 0 0 0 0 0 0 0 0
0000000100000000 0000020000000000 bits32_105 0 0 63 31.99876 -0.64 0 0 0 0 0 0 0 0 0
0000000100000000 0000040000000000 bits32_106 0 0 57 31.99929 -0.37 0 0 0 0 0 0 0 0 0
0000000100000000 0000080000000000 bits32_107 0 0 56 31.99937 -0.32 0 0 0 0 0 0 0 0 0
0000000100000000 0000100000000000 bits32_108 0 0 62 32.00352 1.80 0 0 0 0 0 0 0 0 0
0000000100000000 0000200000000000 bits32_109 0 0 54 31.99860 -0.71 0 0 0 0 0 0 0 0 0
0000000100000000 0000400000000000 bits32_110 0 0 63 32.00016 0.08 0 0 0 0 0 0 0 0 0
0000000100000000 0000800000000000 bits32_111 0 0 61 32.00282 1.44 0 0 0 0 0 0 0 0 0
0000000100000000 0001000000000000 bits32_112 0 0 68 31.99979 -0.11 0 0 0 0 0 0 0 0 0
0000000100000000 0002000000000000 bits32_113 0 0 60 31.99899 -0.52 0 0 0 0 0 0 0 0 0
0000000100000000 0004000000000000 bits32_114 0 0 58 32.00131 0.67 0 0 0 0 0 0 0 0 0
0000000100000000 0008000000000000 bits32_115 0 0 64 31.99934 -0.34 0 0 0 0 0 0 0 0 1
0000000100000000 0010000000000000 bits32_116 0 0 68 32.00221 1.13 0 0 0 0 0 0 0 0 0
0000000100000000 0020000000000000 bits32_117 0 0 79 32.00028 0.14 0 0 0 0 0 0 0 0 0
0000000100000000 0040000000000000 bits32_118 0 0 52 31.99996 -0.02 0 0 0 0 0 0 0 0 0
0000000100000000 0080000000000000 bits32_119 0 0 60 32.00070 0.36 0 0 0 0 0 0 0 0 0
0000000100000000 0100000000000000 bits32_120 0 0 78 32.00239 1.23 0 0 0 0 0 0 0 0 0
0000000100000000 0200000000000000 bits32_121 0 0 64 32.00147 0.75 0 0 0 0 0 0 0 0 0
0000000100000000 0400000000000000 bits32_122 0 0 65 31.99772 -1.17 0 0 0 0 0 0 0 0 0
0000000100000000 0800000000000000 bits32_123 0 0 58 32.00021 0.11 0 0 0 0 0 0 0 0 0
0000000100000000 1000000000000000 bits32_124 0 0 76 31.99796 -1.05 0 0 0 0 0 0 0 0 0
0000000100000000 2000000000000000 bits32_125 0 0 55 31.99708 -1.49 0 0 0 0 0 0 0 0 0
0000000100000000 4000000000000000 bits32_126 0 0 48 32.00085 0.43 0 0 0 0 0 0 0 0 0
0000000100000000 8000000000000000 bits32_127 0 0 71 31.99863 -0.70 0 0 0 0 0 0 0 0 0
0000000600000000 0000000000000000 bits33_34 0 0 53 32.00274 1.40 0 0 0 0 0 0 0 0 0
0000000a00000000 0000000000000000 bits33_35 0 0 54 32.00210 1.07 0 0 0 0 0 0 0 0 0
0000001200000000 0000000000000000 bits33_36 0 0 71 31.99889 -0.57 0 0 0 0 0 0 0 0 0
0000002200000000 0000000000000000 bits33_37 0 0 60 31.99724 -1.42 0 0 0 0 0 0 0 0 0
0000004200000000 0000000000000000 bits33_38 0 0 80 31.99924 -0.39 0 0 0 0 0 0 0 0 0
0000008200000000 0000000000000000 bits33_39 0 0 64 32.00088 0.45 0 0 0 0 0 0 0 0 0
0000010200000000 0000000000000000 bits33_40 0 0 50 32.00382 1.95 0 0 0 0 0 0 0 0 0
0000020200000000 0000000000000000 bits33_41 0 0 71 31.99949 -0.26 0 0 0 0 0 0 0 0 0
0000040200000000 0000000000000000 bits33_42 0 0 67 32.00219 1.12 0 0 0 0 0 0 0 0 0
0000080200000000 0000000000000000 bits33_43 0 0 77 31.99854 -0.75 0 0 0 0 0 0 0 0 0
0000100200000000 0000000000000000 bits33_44 0 0 67 31.99732 -1.37 0 0 0 0 0 0 0 0 0
0000200200000000 0000000000000000 bits33_45 0 0 49 32.00087 0.45 0 0 0 0 0 0 0 0 0
0000400200000000 0000000000000000 bits33_46 0 0 63 31.99739 -1.34 0 0 0 0 0 0 0 0 0
0000800200000000 0000000000000000 bits33_47 0 0 57 31.99923 -0.39 0 0 0 0 0 0 0 0 0
0001000200000000 0000000000000000 bits33_48 0 0 57 32.00017 0.08 0 0 0 0 0 0 0 0 0
0002000200000000 0000000000000000 bits33_49 0 0 71 31.99913 -0.45 0 0 0 0 0 0 0 0 0
0004000200000000 0000000000000000 bits33_50 0 0 69 32.00193 0.99 0 0 0 0 0 0 0 0 0
0008000200000000 0000000000000000 bits33_51 0 0 63 31.99922 -0.40 0 0 0 0 0 0 0 0 0
0010000200000000 0000000000000000 bits33_52 0 0 63 32.00089 0.45 0 0 0 0 0 0 0 0 0
0020000200000000 0000000000000000 bits33_53 0 0 70 32.00101 0.52 0 0 0 0 0 0 0 0 0
0040000200000000 0000000000000000 bits33_54 0 0 46 31.99958 -0.22 0 0 0 0 0 0 0 0 0
0080000200000000 0000000000000000 bits33_55 0 0 56 31.99881 -0.61 0 0 0 0 0 0 0 0 0
0100000200000000 0000000000000000 bits33_56 0 0 76 32.00271 1.39 0 0 0 0 0 0 0 0 0
0200000200000000 0000000000000000 bits33_57 0 0 50 32.00178 0.91 0 0 0 0 0 0 0 0 0
0400000200000000 0000000000000000 bits33_58 0 0 56 32.00228 1.17 0 0 0 0 0 0 0 0 0
0800000200000000 0000000000000000 bits33_59 0 0 66 31.99822 -0.91 0 0 0 0 0 0 0 0 0
1000000200000000 0000000000000000 bits33_60 0 0 72 32.00044 0.22 0 0 0 0 0 0 0 0 0
2000000200000000 0000000000000000 bits33_61 0 0 70 32.00204 1.04 0 0 0 0 0 0 0 0 0
4000000200000000 0000000000000000 bits33_62 0 0 64 32.00038 0.19 0 0 0 0 0 0 0 0 0
8000000200000000 0000000000000000 bits33_63 0 0 74 31.99993 -0.04 0 0 0 0 0 0 0 0 0
0000000200000000 0000000000000001 bits33_64 0 0 55 31.99929 -0.36 0 0 0 0 0 0 0 0 0
0000000200000000 0000000000000002 bits33_65 0 0 62 31.99490 -2.61 0 0 0 0 0 0 0 0 0
0000000200000000 0000000000000004 bits33_66 0 0 67 31.99993 -0.04 0 0 0 0 0 0 0 0 0
0000000200000000 0000000000000008 bits33_67 0 0 69 31.99659 -1.74 0 0 0 0 0 0 0 0 0
0000000200000000 0000000000000010 bits33_68 0 0 59 32.00001 0.00 0 0 0 0 0 0 0 0 0
0000000200000000 0000000000000020 bits33_69 0 0 67 32.00064 0.33 0 0 0 0 0 0 0 0 0
0000000200000000 0000000000000040 bits33_70 0 0 64 32.00079 0.40 0 0 0 0 0 0 0 0 0
0000000200000000 0000000000000080 bits33_71 0 0 50 32.00041 0.21 0 0 0 0 0 0 0 0 0
0000000200000000 0000000000000100 bits33_72 0 0 61 31.99818 -0.93 0 0 0 0 0 0 0 0 0
0000000200000000 0000000000000200 bits33_73 0 0 67 32.00265 1.36 0 0 0 0 0 0 0 0 0
0000000200000000 0000000000000400 bits33_74 0 0 60 31.99797 -1.04 0 0 0 0 0 0 0 0 0
0000000200000000 0000000000000800 bits33_75 0 0 51 31.99879 -0.62 0 0 0 0 0 0 0 0 0
0000000200000000 0000000000001000 bits33_76 0 0 68 31.99898 -0.52 0 0 0 0 0 0 0 0 0
0000000200000000 0000000000002000 bits33_77 0 0 74 32.00267 1.37 0 0 0 0 0 0 0 0 0
0000000200000000 0000000000004000 bits33_78 0 0 65 31.99988 -0.06 0 0 0 0 0 0 0 0 0
0000000200000000 0000000000008000 bits33_79 0 0 70 31.99900 -0.51 0 0 0 0 0 0 0 0 0
0000000200000000 0000000000010000 bits33_80 0 0 58 32.00224 1.15 0 0 0 0 0 0 0 0 0
0000000200000000 0000000000020000 bits33_81 0 0 58 31.99669 -1.69 0 0 0 0 0 0 0 0 0
0000000200000000 0000000000040000 bits33_82 0 0 58 32.00191 0.98 0 0 0 0 0 0 0 0 0
0000000200000000 0000000000080000 bits33_83 0 0 62 32.00161 0.82 0 0 0 0 0 0 0 0 0
0000000200000000 0000000000100000 bits33_84 0 0 80 31.99792 -1.07 0 0 0 0 0 0 0 0 0
0000000200000000 0000000000200000 bits33_85 0 0 65 31.99952 -0.25 0 0 0 0 0 0 0 0 0
0000000200000000 0000000000400000 bits33_86 0 0 68 32.00183 0.94 0 0 0 0 0 0 0 0 0
0000000200000000 0000000000800000 bits33_87 0 0 56 32.00120 0.61 0 0 0 0 0 0 0 0 0
0000000200000000 0000000001000000 bits33_88 0 0 69 31.99937 -0.32 0 0 0 0 0 0 0 0 0
0000000200000000 0000000002000000 bits33_89 0 0 59 31.99808 -0.98 0 0 0 0 0 0 0 0 0
0000000200000000 0000000004000000 bits33_90 0 0 56 31.99793 -1.06 0 0 0 0 0 0 0 0 0
0000000200000000 0000000008000000 bits33_91 0 0 64 32.00200 1.03 0 0 0 0 0 0 0 0 0
0000000200000000 0000000010000000 bits33_92 0 0 57 32.00110 0.56 0 0 0 0 0 0 0 0 0
0000000200000000 0000000020000000 bits33_93 0 0 57 31.99496 -2.58 0 0 0 0 0 0 0 0 0
0000000200000000 0000000040000000 bits33_94 0 0 62 31.99908 -0.47 0 0 0 0 0 0 0 0 0
0000000200000000 0000000080000000 bits33_95 0 0 67 32.00076 0.39 0 0 0 0 0 0 0 0 0
0000000200000000 0000000100000000 bits33_96 0 0 55 31.99961 -0.20 0 0 0 0 0 0 0 0 0
0000000200000000 0000000200000000 bits33_97 0 0 70 32.00002 0.01 0 0 0 0 0 0 0 0 0
0000000200000000 0000000400000000 bits33_98 0 0 66 32.00162 0.83 0 0 0 0 0 0 0 0 0
0000000200000000 0000000800000000 bits33_99 0 0 63 31.99962 -0.20 0 0 0 0 0 0 0 0 0
0000000200000000 0000001000000000 bits33_100 0 0 70 31.99726 -1.41 0 0 0 0 0 0 0 0 0
0000000200000000 0000002000000000 bits33_101 0 0 61 32.00155 0.79 0 0 0 0 0 0 0 0 0
0000000200000000 0000004000000000 bits33_102 0 0 51 31.99755 -1.26 0 0 0 0 0 0 0 0 0
0000000200000000 0000008000000000 bits33_103 0 0 72 32.00035 0.18 0 0 0 0 0 0 0 0 0
0000000200000000 0000010000000000 bits33_104 0 0 69 32.00225 1.15 0 0 0 0 0 0 0 0 0
0000000200000000 0000020000000000 bits33_105 0 0 62 32.00226 1.16 0 0 0 0 0 0 0 0 0
0000000200000000 0000040000000000 bits33_106 0 0 62 32.00013 0.07 0 0 0 0 0 0 0 0 0
0000000200000000 0000080000000000 bits33_107 0 0 57 31.99923 -0.40 0 0 0 0 0 0 0 0 0
0000000200000000 0000100000000000 bits33_108 0 0 55 32.00386 1.98 0 0 0 0 0 0 0 0 0
0000000200000000 0000200000000000 bits33_109 0 0 63 32.00311 1.59 0 0 0 0 0 0 0 0 0
0000000200000000 0000400000000000 bits33_110 0 0 68 31.99893 -0.55 0 0 0 0 0 0 0 0 0
0000000200000000 0000800000000000 bits33_111 0 0 65 32.00336 1.72 0 0 0 0 0 0 0 0 0
0000000200000000 0001000000000000 bits33_112 0 0 67 32.00262 1.34 0 0 0 0 0 0 0 0 0
0000000200000000 0002000000000000 bits33_113 0 0 50 32.00005 0.03 0 0 0 0 0 0 0 0 0
0000000200000000 0004000000000000 bits33_114 0 0 62 32.00068 0.35 0 0 0 0 0 0 0 0 0
0000000200000000 0008000000000000 bits33_115 0 0 70 31.99970 -0.16 0 0 0 0 0 0 0 0 0
0000000200000000 0010000000000000 bits33_116 0 0 79 31.99967 -0.17 0 0 0 0 0 0 0 0 0
0000000200000000 0020000000000000 bits33_117 0 0 69 31.99987 -0.07 0 0 0 0 0 0 0 0 0
0000000200000000 0040000000000000 bits33_118 0 0 54 32.00258 1.32 0 0 0 0 0 0 0 0 0
0000000200000000 0080000000000000 bits33_119 0 0 69 32.00179 0.92 0 0 0 0 0 0 0 0 0
0000000200000000 0100000000000000 bits33_120 0 0 50 31.99987 -0.07 0 0 0 0 0 0 0 0 0
0000000200000000 0200000000000000 bits33_121 0 0 71 31.99924 -0.39 0 0 0 0 0 0 0 0 0
0000000200000000 0400000000000000 bits33_122 0 0 49 31.99630 -1.89 0 0 0 0 0 0 0 0 0
0000000200000000 0800000000000000 bits33_123 0 0 59 31.99943 -0.29 0 0 0 0 0 0 0 0 0
0000000200000000 1000000000000000 bits33_124 0 0 67 31.99877 -0.63 0 0 0 0 0 0 0 0 0
0000000200000000 2000000000000000 bits33_125 0 0 54 32.00256 1.31 0 0 0 0 0 0 0 0 0
0000000200000000 4000000000000000 bits33_126 0 0 69 32.00185 0.95 0 0 0 0 0 0 0 0 0
0000000200000000 8000000000000000 bits33_127 0 0 62 32.00250 1.28 0 0 0 0 0 0 0 0 0
0000000c00000000 0000000000000000 bits34_35 0 0 68 32.00058 0.30 0 0 0 0 0 0 0 0 0
0000001400000000 0000000000000000 bits34_36 0 0 78 32.00142 0.73 0 0 0 0 0 0 0 0 0
0000002400000000 0000000000000000 bits34_37 0 0 68 31.99901 -0.51 0 0 0 0 0 0 0 0 0
0000004400000000 0000000000000000 bits34_38 0 0 63 32.00510 2.61 0 0 0 0 0 0 0 0 0
0000008400000000 0000000000000000 bits34_39 0 0 68 31.99897 -0.53 0 0 0 0 0 0 0 0 0
0000010400000000 0000000000000000 bits34_40 0 0 59 31.99909 -0.47 0 0 0 0 0 0 0 0 0
0000020400000000 0000000000000000 bits34_41 0 0 68 32.00012 0.06 0 0 0 0 0 0 0 0 0
0000040400000000 0000000000000000 bits34_42 0 0 56 31.99832 -0.86 0 0 0 0 0 0 0 0 0
0000080400000000 0000000000000000 bits34_43 0 0 54 31.99847 -0.78 0 0 0 0 0 0 0 0 0
0000100400000000 0000000000000000 bits34_44 0 0 72 31.99865 -0.69 0 0 0 0 0 0 0 0 0
0000200400000000 0000000000000000 bits34_45 0 0 69 32.00024 0.12 0 0 0 0 0 0 0 0 0
0000400400000000 0000000000000000 bits34_46 0 0 72 31.99899 -0.52 0 0 0 0 0 0 0 0 0
0000800400000000 0000000000000000 bits34_47 0 0 70 31.99841 -0.81 0 0 0 0 0 0 0 0 0
0001000400000000 0000000000000000 bits34_48 0 0 50 32.00038 0.19 0 0 0 0 0 0 0 0 0
0002000400000000 0000000000000000 bits34_49 0 0 53 32.00270 1.38 0 0 0 0 0 0 0 0 0
0004000400000000 0000000000000000 bits34_50 0 0 66 31.99790 -1.07 0 0 0 0 0 0 0 0 0
0008000400000000 0000000000000000 bits34_51 0 0 64 31.99899 -0.52 0 0 0 0 0 0 0 0 0
0010000400000000 0000000000000000 bits34_52 0 0 68 31.99889 -0.57 0 0 0 0 0 0 0 0 0
0020000400000000 0000000000000000 bits34_53 0 0 56 32.00222 1.14 0 0 0 0 0 0 0 0 0
0040000400000000 0000000000000000 bits34_54 0 0 80 31.99835 -0.84 0 0 0 0 0 0 0 0 0
0080000400000000 0000000000000000 bits34_55 0 0 66 31.99837 -0.83 0 0 0 0 0 0 0 0 0
0100000400000000 0000000000000000 bits34_56 0 0 67 31.99768 -1.19 0 0 0 0 0 0 0 0 0
0200000400000000 0000000000000000 bits34_57 0 0 67 32.00350 1.79 0 0 0 0 0 0 0 0 0
0400000400000000 0000000000000000 bits34_58 0 0 73 32.00191 0.98 0 0 0 0 0 0 0 0 0
0800000400000000 0000000000000000 bits34_59 0 0 65 32.00136 0.69 0 0 0 0 0 0 0 0 0
1000000400000000 0000000000000000 bits34_60 0 0 72 31.99916 -0.43 0 0 0 0 0 0 0 0 0
2000000400000000 0000000000000000 bits34_61 0 0 70 32.00111 0.57 0 0 0 0 0 0 0 0 0
4000000400000000 0000000000000000 bits34_62 0 0 71 31.99983 -0.09 0 0 0 0 0 0 0 0 0
8000000400000000 0000000000000000 bits34_63 0 0 68 31.99999 -0.00 0 0 0 0 0 0 0 0 0
0000000400000000 0000000000000001 bits34_64 0 0 83 31.99806 -0.99 0 0 0 0 0 0 0 0 0
0000000400000000 0000000000000002 bits34_65 0 0 64 31.99864 -0.70 0 0 0 0 0 0 0 0 0
0000000400000000 0000000000000004 bits34_66 0 0 74 31.99939 -0.31 0 0 0 0 0 0 0 0 0
0000000400000000 0000000000000008 bits34_67 0 0 54 31.99395 -3.10 0 0 0 0 0 0 0 0 0
0000000400000000 0000000000000010 bits34_68 0 0 68 31.99804 -1.00 0 0 0 0 0 0 0 0 0
0000000400000000 0000000000000020 bits34_69 0 0 65 32.00241 1.23 0 0 0 0 0 0 0 0 0
0000000400000000 0000000000000040 bits34_70 0 0 67 32.00169 0.86 0 0 0 0 0 0 0 0 0
0000000400000000 0000000000000080 bits34_71 0 0 48 32.00244 1.25 0 0 0 0 0 0 0 0 0
0000000400000000 0000000000000100 bits34_72 0 0 73 31.99835 -0.84 0 0 0 0 0 0 0 0 0
0000000400000000 0000000000000200 bits34_73 0 0 66 32.00210 1.08 0 0 0 0 0 0 0 0 0
0000000400000000 0000000000000400 bits34_74 0 0 70 32.00168 0.86 0 0 0 0 0 0 0 0 0
0000000400000000 0000000000000800 bits34_75 0 0 62 31.99984 -0.08 0 0 0 0 0 0 0 0 0
0000000400000000 0000000000001000 bits34_76 0 0 68 31.99977 -0.12 0 0 0 0 0 0 0 0 0
0000000400000000 0000000000002000 bits34_77 0 0 71 31.99970 -0.15 0 0 0 0 0 0 0 0 0
0000000400000000 0000000000004000 bits34_78 0 0 74 32.00104 0.53 0 0 0 0 0 0 0 0 0
0000000400000000 0000000000008000 bits34_79 0 0 55 32.00191 0.98 0 0 0 0 0 0 0 0 0
0000000400000000 0000000000010000 bits34_80 0 0 63 31.99995 -0.02 0 0 0 0 0 0 0 0 0
0000000400000000 0000000000020000 bits34_81 0 0 46 31.99470 -2.71 0 0 0 0 0 0 0 0 0
0000000400000000 0000000000040000 bits34_82 0 0 54 31.99813 -0.96 0 0 0 0 0 0 0 0 0
0000000400000000 0000000000080000 bits34_83 0 0 68 32.00251 1.29 0 0 0 0 0 0 0 0 0
0000000400000000 0000000000100000 bits34_84 0 0 61 31.99899 -0.52 0 0 0 0 0 0 0 0 0
0000000400000000 0000000000200000 bits34_85 0 0 54 32.00253 1.29 0 0 0 0 0 0 0 0 0
0000000400000000 0000000000400000 bits34_86 0 0 57 32.00041 0.21 0 0 0 0 0 0 0 0 0
0000000400000000 0000000000800000 bits34_87 0 0 64 31.99812 -0.96 0 0 0 0 0 0 0 0 0
0000000400000000 0000000001000000 bits34_88 0 0 65 31.99729 -1.39 0 0 0 0 0 0 0 0 0
0000000400000000 0000000002000000 bits34_89 0 0 72 32.00128 0.66 0 0 0 0 0 0 0 0 0
0000000400000000 0000000004000000 bits34_90 0 0 61 31.99856 -0.74 0 0 0 0 0 0 0 0 0
0000000400000000 0000000008000000 bits34_91 0 0 56 31.99995 -0.02 0 0 0 0 0 0 0 0 0
0000000400000000 0000000010000000 bits34_92 0 0 71 32.00086 0.44 0 0 0 0 0 0 0 0 0
0000000400000000 0000000020000000 bits34_93 0 0 59 32.00288 1.48 0 0 0 0 0 0 0 0 0
0000000400000000 0000000040000000 bits34_94 0 0 65 31.99959 -0.21 0 0 0 0 0 0 0 0 0
0000000400000000 0000000080000000 bits34_95 0 0 55 32.00191 0.98 0 0 0 0 0 0 0 0 0
0000000400000000 0000000100000000 bits34_96 0 0 65 31.99883 -0.60 0 0 0 0 0 0 0 0 0
0000000400000000 0000000200000000 bits34_97 0 0 62 31.99986 -0.07 0 0 0 0 0 0 0 0 0
0000000400000000 0000000400000000 bits34_98 0 0 59 31.99939 -0.31 0 0 0 0 0 0 0 0 0
0000000400000000 0000000800000000 bits34_99 0 0 53 31.99833 -0.85 0 0 0 0 0 0 0 0 0
0000000400000000 0000001000000000 bits34_100 0 0 70 32.00517 2.65 0 0 0 0 0 0 0 0 0
0000000400000000 0000002000000000 bits34_101 0 0 62 31.99930 -0.36 0 0 0 0 0 0 0 0 0
0000000400000000 0000004000000000 bits34_102 0 0 70 31.99814 -0.95 0 0 0 0 0 0 0 0 0
0000000400000000 0000008000000000 bits34_103 0 0 85 32.00235 1.21 0 0 0 0 0 0 0 0 0
0000000400000000 0000010000000000 bits34_104 0 0 66 31.99944 -0.29 0 0 0 0 0 0 0 0 0
0000000400000000 0000020000000000 bits34_105 0 0 71 31.99849 -0.77 0 0 0 0 0 0 0 0 0
0000000400000000 0000040000000000 bits34_106 0 0 60 31.99584 -2.13 0 0 0 0 0 0 0 0 0
0000000400000000 0000080000000000 bits34_107 0 0 58 32.00315 1.61 0 0 0 0 0 0 0 0 0
0000000400000000 0000100000000000 bits34_108 0 0 72 32.00375 1.92 0 0 0 0 0 0 0 0 0
0000000400000000 0000200000000000 bits34_109 0 0 72 32.00092 0.47 0 0 0 0 0 0 0 0 0
0000000400000000 0000400000000000 bits34_110 0 0 71 32.00285 1.46 0 0 0 0 0 0 0 0 0
0000000400000000 0000800000000000 bits34_111 0 0 77 31.99722 -1.42 0 0 0 0 0 0 0 0 0
0000000400000000 0001000000000000 bits34_112 0 0 76 31.99934 -0.34 0 0 0 0 0 0 0 0 0
0000000400000000 0002000000000000 bits34_113 0 0 56 32.00447 2.29 0 0 0 0 0 0 0 0 0
0000000400000000 0004000000000000 bits34_114 0 0 63 32.00290 1.48 0 0 0 0 0 0 0 0 0
0000000400000000 0008000000000000 bits34_115 0 0 59 31.99991 -0.05 0 0 0 0 0 0 0 0 0
0000000400000000 0010000000000000 bits34_116 0 0 80 31.99828 -0.88 0 0 0 0 0 0 0 0 0
0000000400000000 0020000000000000 bits34_117 0 0 59 31.99882 -0.60 0 0 0 0 0 0 0 0 0
0000000400000000 0040000000000000 bits34_118 0 0 64 32.00331 1.70 0 0 0 0 0 0 0 0 0
0000000400000000 0080000000000000 bits34_119 0 0 57 31.99823 -0.91 0 0 0 0 0 0 0 0 0
0000000400000000 0100000000000000 bits34_120 0 0 69 32.00321 1.64 0 0 0 0 0 0 0 0 0
0000000400000000 0200000000000000 bits34_121 0 0 71 32.00213 1.09 0 0 0 0 0 0 0 0 0
0000000400000000 0400000000000000 bits34_122 0 0 69 31.99856 -0.74 0 0 0 0 0 0 0 0 0
0000000400000000 0800000000000000 bits34_123 0 0 66 31.99709 -1.49 0 0 0 0 0 0 0 0 0
0000000400000000 1000000000000000 bits34_124 0 0 69 31.99880 -0.61 0 0 0 0 0 0 0 0 0
0000000400000000 2000000000000000 bits34_125 0 0 52 32.00163 0.84 0 0 0 0 0 0 0 0 0
0000000400000000 4000000000000000 bits34_126 0 0 59 32.00032 0.16 0 0 0 0 0 0 0 0 0
0000000400000000 8000000000000000 bits34_127 0 0 49 31.99678 -1.65 0 0 0 0 0 0 0 0 0
0000001800000000 0000000000000000 bits35_36 0 0 62 31.99902 -0.50 0 0 0 0 0 0 0 0 0
0000002800000000 0000000000000000 bits35_37 0 0 65 31.99764 -1.21 0 0 0 0 0 0 0 0 0
0000004800000000 0000000000000000 bits35_38 0 0 65 31.99780 -1.13 0 0 0 0 0 0 0 0 0
0000008800000000 0000000000000000 bits35_39 0 0 65 31.99784 -1.10 0 0 0 0 0 0 0 0 0
0000010800000000 0000000000000000 bits35_40 0 0 64 32.00103 0.53 0 0 0 0 0 0 0 0 0
0000020800000000 0000000000000000 bits35_41 0 0 68 31.99661 -1.74 0 0 0 0 0 0 0 0 0
0000040800000000 0000000000000000 bits35_42 0 0 56 32.00017 0.09 0 0 0 0 0 0 0 0 0
0000080800000000 0000000000000000 bits35_43 0 0 68 31.99964 -0.18 0 0 0 0 0 0 0 0 0
0000100800000000 0000000000000000 bits35_44 0 0 73 31.99990 -0.05 0 0 0 0 0 0 0 0 0
0000200800000000 0000000000000000 bits35_45 0 0 63 31.99806 -0.99 0 0 0 0 0 0 0 0 0
0000400800000000 0000000000000000 bits35_46 0 0 70 32.00209 1.07 0 0 0 0 0 0 0 0 0
0000800800000000 0000000000000000 bits35_47 0 0 60 32.00190 0.97 0 0 0 0 0 0 0 0 0
0001000800000000 0000000000000000 bits35_48 0 0 51 31.99843 -0.80 0 0 0 0 0 0 0 0 0
0002000800000000 0000000000000000 bits35_49 0 0 52 32.00078 0.40 0 0 0 0 0 0 0 0 0
0004000800000000 0000000000000000 bits35_50 0 0 70 32.00149 0.77 0 0 0 0 0 0 0 0 0
0008000800000000 0000000000000000 bits35_51 0 0 56 32.00141 0.72 0 0 0 0 0 0 0 0 0
0010000800000000 0000000000000000 bits35_52 0 0 52 32.00098 0.50 0 0 0 0 0 0 0 0 0
0020000800000000 0000000000000000 bits35_53 0 0 76 32.00209 1.07 0 0 0 0 0 0 0 0 0
0040000800000000 0000000000000000 bits35_54 0 0 74 31.99949 -0.26 0 0 0 0 0 0 0 0 0
0080000800000000 0000000000000000 bits35_55 0 0 58 32.00245 1.26 0 0 0 0 0 0 0 0 0
0100000800000000 0000000000000000 bits35_56 0 0 60 32.00115 0.59 0 0 0 0 0 0 0 0 0
0200000800000000 0000000000000000 bits35_57 0 0 73 31.99982 -0.09 0 0 0 0 0 0 0 0 0
0400000800000000 0000000000000000 bits35_58 0 0 78 31.99827 -0.89 0 0 0 0 0 0 0 0 0
0800000800000000 0000000000000000 bits35_59 0 0 74 31.99926 -0.38 0 0 0 0 0 0 0 0 0
1000000800000000 0000000000000000 bits35_60 0 0 69 32.00122 0.63 0 0 0 0 0 0 0 0 0
2000000800000000 0000000000000000 bits35_61 0 0 45 31.99843 -0.80 0 0 0 0 0 0 0 0 0
4000000800000000 0000000000000000 bits35_62 0 0 57 31.99976 -0.12 0 0 0 0 0 0 0 0 0
8000000800000000 0000000000000000 bits35_63 0 0 60 32.00203 1.04 0 0 0 0 0 0 0 0 0
0000000800000000 0000000000000001 bits35_64 0 0 73 32.00337 1.72 0 0 0 0 0 0 0 0 0
0000000800000000 0000000000000002 bits35_65 0 0 52 31.99972 -0.14 0 0 0 0 0 0 0 0 0
0000000800000000 0000000000000004 bits35_66 0 0 63 31.99902 -0.50 0 0 0 0 0 0 0 0 0
0000000800000000 0000000000000008 bits35_67 0 0 77 31.99920 -0.41 0 0 0 0 0 0 0 0 0
0000000800000000 0000000000000010 bits35_68 0 0 68 32.00000 0.00 0 0 0 0 0 0 0 0 0
0000000800000000 0000000000000020 bits35_69 0 0 53 31.99877 -0.63 0 0 0 0 0 0 0 0 0
0000000800000000 0000000000000040 bits35_70 0 0 85 32.00208 1.07 0 0 0 0 0 0 0 0 0
0000000800000000 0000000000000080 bits35_71 0 0 61 32.00029 0.15 0 0 0 0 0 0 0 0 0
0000000800000000 0000000000000100 bits35_72 0 0 60 32.00060 0.31 0 0 0 0 0 0 0 0 0
0000000800000000 0000000000000200 bits35_73 0 0 89 32.00192 0.98 0 0 0 0 0 0 0 0 0
0000000800000000 0000000000000400 bits35_74 0 0 54 32.00103 0.53 0 0 0 0 0 0 0 0 0
0000000800000000 0000000000000800 bits35_75 0 0 81 32.00087 0.44 0 0 0 0 0 0 0 0 0
0000000800000000 0000000000001000 bits35_76 0 0 67 32.00053 0.27 0 0 0 0 0 0 0 0 0
0000000800000000 0000000000002000 bits35_77 0 0 75 31.99851 -0.76 0 0 0 0 0 0 0 0 0
0000000800000000 0000000000004000 bits35_78 0 0 75 32.00191 0.98 0 0 0 0 0 0 0 0 0
0000000800000000 0000000000008000 bits35_79 0 0 59 32.00149 0.76 0 0 0 0 0 0 0 0 0
0000000800000000 0000000000010000 bits35_80 0 0 63 32.00136 0.70 0 0 0 0 0 0 0 0 0
0000000800000000 0000000000020000 bits35_81 0 0 70 31.99911 -0.45 0 0 0 0 0 0 0 0 0
0000000800000000 0000000000040000 bits35_82 0 0 78 31.99951 -0.25 0 0 0 0 0 0 0 0 0
0000000800000000 0000000000080000 bits35_83 0 0 61 31.99941 -0.30 0 0 0 0 0 0 0 0 0
0000000800000000 0000000000100000 bits35_84 0 0 50 32.00036 0.19 0 0 0 0 0 0 0 0 0
0000000800000000 0000000000200000 bits35_85 0 0 68 31.99727 -1.40 0 0 0 0 0 0 0 0 0
0000000800000000 0000000000400000 bits35_86 0 0 73 31.99936 -0.33 0 0 0 0 0 0 0 0 0
0000000800000000 0000000000800000 bits35_87 0 0 78 31.99914 -0.44 0 0 0 0 0 0 0 0 0
0000000800000000 0000000001000000 bits35_88 0 0 71 31.99773 -1.16 0 0 0 0 0 0 0 0 0
0000000800000000 0000000002000000 bits35_89 0 0 70 32.00279 1.43 0 0 0 0 0 0 0 0 0
0000000800000000 0000000004000000 bits35_90 0 0 54 31.99950 -0.26 0 0 0 0 0 0 0 0 0
0000000800000000 0000000008000000 bits35_91 0 0 53 31.99784 -1.10 0 0 0 0 0 0 0 0 0
0000000800000000 0000000010000000 bits35_92 0 0 54 32.00084 0.43 0 0 0 0 0 0 0 0 0
0000000800000000 0000000020000000 bits35_93 0 0 57 32.00019 0.10 0 0 0 0 0 0 0 0 0
0000000800000000 0000000040000000 bits35_94 0 0 66 31.99891 -0.56 0 0 0 0 0 0 0 0 0
0000000800000000 0000000080000000 bits35_95 0 0 58 32.00002 0.01 0 0 0 0 0 0 0 0 0
0000000800000000 0000000100000000 bits35_96 0 0 61 32.00168 0.86 0 0 0 0 0 0 0 0 0
0000000800000000 0000000200000000 bits35_97 0 0 69 31.99748 -1.29 0 0 0 0 0 0 0 0 0
0000000800000000 0000000400000000 bits35_98 0 0 65 32.00047 0.24 0 0 0 0 0 0 0 0 0
0000000800000000 0000000800000000 bits35_99 0 0 65 32.00301 1.54 0 0 0 0 0 0 0 0 0
0000000800000000 0000001000000000 bits35_100 0 0 57 31.99796 -1.05 0 0 0 0 0 0 0 0 0
0000000800000000 0000002000000000 bits35_101 0 0 55 31.99836 -0.84 0 0 0 0 0 0 0 0 0
0000000800000000 0000004000000000 bits35_102 0 0 66 32.00198 1.01 0 0 0 0 0 0 0 0 0
0000000800000000 0000008000000000 bits35_103 0 0 61 32.00208 1.07 0 0 0 0 0 0 0 0 0
0000000800000000 0000010000000000 bits35_104 0 0 61 32.00169 0.87 0 0 0 0 0 0 0 0 0
0000000800000000 0000020000000000 bits35_105 0 0 74 31.99564 -2.23 0 0 0 0 0 0 0 0 0
0000000800000000 0000040000000000 bits35_106 0 0 74 31.99978 -0.11 0 0 0 0 0 0 0 0 0
0000000800000000 0000080000000000 bits35_107 0 0 64 32.00130 0.67 0 0 0 0 0 0 0 0 0
0000000800000000 0000100000000000 bits35_108 0 0 73 32.00085 0.44 0 0 0 0 0 0 0 0 0
0000000800000000 0000200000000000 bits35_109 0 0 55 31.99922 -0.40 0 0 0 0 0 0 0 0 0
0000000800000000 0000400000000000 bits35_110 0 0 64 31.99715 -1.46 0 0 0 0 0 0 0 0 0
0000000800000000 0000800000000000 bits35_111 0 0 54 32.00030 0.15 0 0 0 0 0 0 0 0 0
0000000800000000 0001000000000000 bits35_112 0 0 60 32.00043 0.22 0 0 0 0 0 0 0 0 0
0000000800000000 0002000000000000 bits35_113 0 0 67 32.00065 0.34 0 0 0 0 0 0 0 0 0
0000000800000000 0004000000000000 bits35_114 0 0 62 32.00022 0.11 0 0 0 0 0 0 0 0 0
0000000800000000 0008000000000000 bits35_115 0 0 61 32.00155 0.79 0 0 0 0 0 0 0 0 0
0000000800000000 0010000000000000 bits35_116 0 0 50 32.00117 0.60 0 0 0 0 0 0 0 0 0
0000000800000000 0020000000000000 bits35_117 0 0 65 32.00152 0.78 0 0 0 0 0 0 0 0 0
0000000800000000 0040000000000000 bits35_118 0 0 69 31.99689 -1.59 0 0 0 0 0 0 0 0 0
0000000800000000 0080000000000000 bits35_119 0 0 63 32.00411 2.11 0 0 0 0 0 0 0 0 0
0000000800000000 0100000000000000 bits35_120 0 0 63 31.99941 -0.30 0 0 0 0 0 0 0 0 0
0000000800000000 0200000000000000 bits35_121 0 1 74 32.00214 1.10 0 0 0 0 0 0 0 0 0
0000000800000000 0400000000000000 bits35_122 0 0 67 32.00021 0.11 0 0 0 0 0 0 0 0 0
0000000800000000 0800000000000000 bits35_123 0 0 61 32.00278 1.43 0 0 0 0 0 0 0 0 0
0000000800000000 1000000000000000 bits35_124 0 0 59 32.00213 1.09 0 0 0 0 0 0 0 0 0
0000000800000000 2000000000000000 bits35_125 0 0 58 31.99811 -0.97 0 0 0 0 0 0 0 0 0
0000000800000000 4000000000000000 bits35_126 0 0 67 31.99681 -1.63 0 0 0 0 0 0 0 0 0
0000000800000000 8000000000000000 bits35_127 0 0 68 32.00193 0.99 0 0 0 0 0 0 0 0 0
0000003000000000 0000000000000000 bits36_37 0 0 64 31.99890 -0.56 0 0 0 0 0 0 0 0 0
0000005000000000 0000000000000000 bits36_38 0 0 66 32.00467 2.39 0 0 0 0 0 0 0 0 0
0000009000000000 0000000000000000 bits36_39 0 0 51 32.00074 0.38 0 0 0 0 0 0 0 0 0
0000011000000000 0000000000000000 bits36_40 0 0 72 32.00126 0.65 0 0 0 0 0 0 0 0 0
0000021000000000 0000000000000000 bits36_41 0 0 61 32.00513 2.63 0 0 0 0 0 0 0 0 0
0000041000000000 0000000000000000 bits36_42 0 0 57 31.99817 -0.93 0 0 0 0 0 0 0 0 0
0000081000000000 0000000000000000 bits36_43 0 0 65 32.00135 0.69 0 0 0 0 0 0 0 0 0
0000101000000000 0000000000000000 bits36_44 0 0 71 32.00255 1.30 0 0 0 0 0 0 0 0 0
0000201000000000 0000000000000000 bits36_45 0 0 47 32.00126 0.65 0 0 0 0 0 0 0 0 0
0000401000000000 0000000000000000 bits36_46 0 0 54 31.99523 -2.44 0 0 0 0 0 0 0 0 0
0000801000000000 0000000000000000 bits36_47 0 0 66 32.00197 1.01 0 0 0 0 0 0 0 0 0
0001001000000000 0000000000000000 bits36_48 0 0 68 31.99946 -0.28 0 0 0 0 0 0 0 0 0
0002001000000000 0000000000000000 bits36_49 0 0 41 32.00171 0.87 0 0 0 0 0 0 0 0 0
0004001000000000 0000000000000000 bits36_50 0 0 56 31.99921 -0.40 0 0 0 0 0 0 0 0 0
0008001000000000 0000000000000000 bits36_51 0 0 64 31.99824 -0.90 0 0 0 0 0 0 0 0 0
0010001000000000 0000000000000000 bits36_52 0 0 66 32.00060 0.31 0 0 0 0 0 0 0 0 0
0020001000000000 0000000000000000 bits36_53 0 0 54 31.99906 -0.48 0 0 0 0 0 0 0 0 0
0040001000000000 0000000000000000 bits36_54 0 0 74 32.00056 0.29 0 0 0 0 0 0 0 0 0
0080001000000000 0000000000000000 bits36_55 0 0 76 31.99956 -0.22 0 0 0 0 0 0 0 0 0
0100001000000000 0000000000000000 bits36_56 0 0 53 31.99820 -0.92 0 0 0 0 0 0 0 0 0
0200001000000000 0000000000000000 bits36_57 0 0 59 31.99828 -0.88 0 0 0 0 0 0 0 0 0
0400001000000000 0000000000000000 bits36_58 0 0 56 31.99702 -1.53 0 0 0 0 0 0 0 0 0
0800001000000000 0000000000000000 bits36_59 0 0 64 32.00102 0.52 0 0 0 0 0 0 0 0 0
1000001000000000 0000000000000000 bits36_60 0 0 71 31.99900 -0.51 0 0 0 0 0 0 0 0 0
2000001000000000 0000000000000000 bits36_61 0 0 55 32.00075 0.38 0 0 0 0 0 0 0 0 0
4000001000000000 0000000000000000 bits36_62 0 0 66 32.00183 0.94 0 0 0 0 0 0 0 0 0
8000001000000000 0000000000000000 bits36_63 0 0 70 32.00120 0.62 0 0 0 0 0 0 0 0 0
0000001000000000 0000000000000001 bits36_64 0 0 73 31.99645 -1.82 0 0 0 0 0 0 0 0 0
0000001000000000 0000000000000002 bits36_65 0 0 56 32.00438 2.24 0 0 0 0 0 0 0 0 0
0000001000000000 0000000000000004 bits36_66 0 0 66 32.00297 1.52 0 0 0 0 0 0 0 0 0
0000001000000000 0000000000000008 bits36_67 0 0 66 32.00144 0.74 0 0 0 0 0 0 0 0 0
0000001000000000 0000000000000010 bits36_68 0 0 69 32.00185 0.94 0 0 0 0 0 0 0 0 0
0000001000000000 0000000000000020 bits36_69 0 0 72 32.00332 1.70 0 0 0 0 0 0 0 0 0
0000001000000000 0000000000000040 bits36_70 0 0 58 32.00280 1.44 0 0 0 0 0 0 0 0 0
0000001000000000 0000000000000080 bits36_71 0 0 51 32.00121 0.62 0 0 0 0 0 0 0 0 0
0000001000000000 0000000000000100 bits36_72 0 0 69 31.99981 -0.10 0 0 0 0 0 0 0 0 0
0000001000000000 0000000000000200 bits36_73 0 0 56 31.99948 -0.27 0 0 0 0 0 0 0 0 0
0000001000000000 0000000000000400 bits36_74 0 0 58 32.00167 0.86 0 0 0 0 0 0 0 0 0
0000001000000000 0000000000000800 bits36_75 0 0 68 32.00163 0.83 0 0 0 0 0 0 0 0 0
0000001000000000 0000000000001000 bits36_76 0 0 53 32.00259 1.33 0 0 0 0 0 0 0 0 0
0000001000000000 0000000000002000 bits36_77 0 0 68 32.00201 1.03 0 0 0 0 0 0 0 0 0
0000001000000000 0000000000004000 bits36_78 0 0 72 32.00165 0.85 0 0 0 0 0 0 0 0 0
0000001000000000 0000000000008000 bits36_79 0 0 64 31.99789 -1.08 0 0 0 0 0 0 0 0 0
0000001000000000 0000000000010000 bits36_80 0 0 66 32.00151 0.77 0 0 0 0 0 0 0 0 0
0000001000000000 0000000000020000 bits36_81 0 0 66 31.99953 -0.24 0 0 0 0 0 0 0 0 0
0000001000000000 0000000000040000 bits36_82 0 0 64 32.00078 0.40 0 0 0 0 0 0 0 0 0
0000001000000000 0000000000080000 bits36_83 0 0 68 31.99991 -0.05 0 0 0 0 0 0 0 0 0
0000001000000000 0000000000100000 bits36_84 0 0 71 31.99969 -0.16 0 0 0 0 0 0 0 0 0
0000001000000000 0000000000200000 bits36_85 0 0 69 32.00170 0.87 0 0 0 0 0 0 0 0 0
0000001000000000 0000000000400000 bits36_86 0 0 60 31.99959 -0.21 0 0 0 0 0 0 0 0 0
0000001000000000 0000000000800000 bits36_87 0 0 60 31.99865 -0.69 0 0 0 0 0 0 0 0 0
0000001000000000 0000000001000000 bits36_88 0 0 66 32.00303 1.55 0 0 0 0 0 0 0 0 0
0000001000000000 0000000002000000 bits36_89 0 0 67 32.00050 0.25 0 0 0 0 0 0 0 0 0
0000001000000000 0000000004000000 bits36_90 0 0 72 32.00104 0.53 0 0 0 0 0 0 0 0 0
0000001000000000 0000000008000000 bits36_91 0 0 68 32.00153 0.78 0 0 0 0 0 0 0 0 0
0000001000000000 0000000010000000 bits36_92 0 0 65 32.00131 0.67 0 0 0 0 0 0 0 0 0
0000001000000000 0000000020000000 bits36_93 0 0 66 32.00045 0.23 0 0 0 0 0 0 0 0 0
0000001000000000 0000000040000000 bits36_94 0 0 67 31.99865 -0.69 0 0 0 0 0 0 0 0 0
0000001000000000 0000000080000000 bits36_95 0 0 68 31.99588 -2.11 0 0 0 0 0 0 0 0 0
0000001000000000 0000000100000000 bits36_96 0 0 70 32.00140 0.72 0 0 0 0 0 0 0 0 0
0000001000000000 0000000200000000 bits36_97 0 0 55 32.00302 1.55 0 0 0 0 0 0 0 0 0
0000001000000000 0000000400000000 bits36_98 0 0 69 32.00197 1.01 0 0 0 0 0 0 0 0 0
0000001000000000 0000000800000000 bits36_99 0 0 63 31.99687 -1.60 0 0 0 0 0 0 0 0 0
0000001000000000 0000001000000000 bits36_100 0 0 82 31.99961 -0.20 0 0 0 0 0 0 0 0 0
0000001000000000 0000002000000000 bits36_101 0 0 58 32.00408 2.09 0 0 0 0 0 0 0 0 0
0000001000000000 0000004000000000 bits36_102 0 0 53 32.00044 0.22 0 0 0 0 0 0 0 0 0
0000001000000000 0000008000000000 bits36_103 0 0 61 31.99846 -0.79 0 0 0 0 0 0 0 0 0
0000001000000000 0000010000000000 bits36_104 0 0 63 31.99936 -0.33 0 0 0 0 0 0 0 0 0
0000001000000000 0000020000000000 bits36_105 0 0 68 31.99860 -0.72 0 0 0 0 0 0 0 0 0
0000001000000000 0000040000000000 bits36_106 0 0 66 31.99654 -1.77 0 0 0 0 0 0 0 0 0
0000001000000000 0000080000000000 bits36_107 0 0 62 32.00162 0.83 0 0 0 0 0 0 0 0 0
0000001000000000 0000100000000000 bits36_108 0 0 51 32.00013 0.07 0 0 0 0 0 0 0 0 0
0000001000000000 0000200000000000 bits36_109 0 0 57 32.00527 2.70 0 0 0 0 0 0 0 0 0
0000001000000000 0000400000000000 bits36_110 0 0 73 32.00034 0.17 0 0 0 0 0 0 0 0 0
0000001000000000 0000800000000000 bits36_111 0 0 85 31.99906 -0.48 0 0 0 0 0 0 0 0 0
0000001000000000 0001000000000000 bits36_112 0 0 61 31.99663 -1.72 0 0 0 0 0 0 0 0 0
0000001000000000 0002000000000000 bits36_113 0 0 67 32.00318 1.63 0 0 0 0 0 0 0 0 0
0000001000000000 0004000000000000 bits36_114 0 0 62 32.00109 0.56 0 0 0 0 0 0 0 0 0
0000001000000000 0008000000000000 bits36_115 0 0 47 31.99955 -0.23 0 0 0 0 0 0 0 0 0
0000001000000000 0010000000000000 bits36_116 0 0 58 31.99691 -1.58 0 0 0 0 0 0 0 0 0
0000001000000000 0020000000000000 bits36_117 0 0 80 31.99973 -0.14 0 0 0 0 0 0 0 0 0
0000001000000000 0040000000000000 bits36_118 0 0 59 31.99938 -0.31 0 0 0 0 0 0 0 0 0
0000001000000000 0080000000000000 bits36_119 0 0 77 31.99893 -0.55 0 0 0 0 0 0 0 0 0
0000001000000000 0100000000000000 bits36_120 0 0 64 31.99763 -1.21 0 0 0 0 0 0 0 0 0
0000001000000000 0200000000000000 bits36_121 0 0 70 31.99795 -1.05 0 0 0 0 0 0 0 0 0
0000001000000000 0400000000000000 bits36_122 0 0 80 31.99627 -1.91 0 0 0 0 0 0 0 0 0
0000001000000000 0800000000000000 bits36_123 0 0 61 31.99833 -0.85 0 0 0 0 0 0 0 0 0
0000001000000000 1000000000000000 bits36_124 0 0 74 31.99954 -0.23 0 0 0 0 0 0 0 0 0
0000001000000000 2000000000000000 bits36_125 0 0 55 32.00164 0.84 0 0 0 0 0 0 0 0 0
0000001000000000 4000000000000000 bits36_126 0 0 57 31.99813 -0.96 0 0 0 0 0 0 0 0 0
0000001000000000 8000000000000000 bits36_127 0 0 82 32.00079 0.41 0 0 0 0 0 0 0 0 0
0000006000000000 0000000000000000 bits37_38 0 0 65 32.00286 1.46 0 0 0 0 0 0 0 0 0
000000a000000000 0000000000000000 bits37_39 0 0 88 32.00090 0.46 0 0 0 0 0 0 0 0 0
0000012000000000 0000000000000000 bits37_40 0 0 71 32.00127 0.65 0 0 0 0 0 0 0 0 0
0000022000000000 0000000000000000 bits37_41 0 0 58 32.00272 1.39 0 0 0 0 0 0 0 0 0
0000042000000000 0000000000000000 bits37_42 0 0 59 32.00145 0.74 0 0 0 0 0 0 0 0 0
0000082000000000 0000000000000000 bits37_43 0 0 52 32.00251 1.28 0 0 0 0 0 0 0 0 0
0000102000000000 0000000000000000 bits37_44 0 0 64 31.99762 -1.22 0 0 0 0 0 0 0 0 0
0000202000000000 0000000000000000 bits37_45 0 0 47 31.99906 -0.48 0 0 0 0 0 0 0 0 0
0000402000000000 0000000000000000 bits37_46 0 0 55 31.99537 -2.37 0 0 0 0 0 0 0 0 0
0000802000000000 0000000000000000 bits37_47 0 0 58 32.00247 1.26 0 0 0 0 0 0 0 0 0
0001002000000000 0000000000000000 bits37_48 0 0 70 32.00120 0.61 0 0 0 0 0 0 0 0 0
0002002000000000 0000000000000000 bits37_49 0 0 66 32.00070 0.36 0 0 0 0 0 0 0 0 0
0004002000000000 0000000000000000 bits37_50 0 0 67 31.99839 -0.83 0 0 0 0 0 0 0 0 0
0008002000000000 0000000000000000 bits37_51 0 0 51 31.99951 -0.25 0 0 0 0 0 0 0 0 0
0010002000000000 0000000000000000 bits37_52 0 0 63 31.99982 -0.09 0 0 0 0 0 0 0 0 0
0020002000000000 0000000000000000 bits37_53 0 0 75 31.99920 -0.41 0 0 0 0 0 0 0 0 0
0040002000000000 0000000000000000 bits37_54 0 0 57 32.00243 1.24 0 0 0 0 0 0 0 0 0
0080002000000000 0000000000000000 bits37_55 0 0 70 31.99750 -1.28 0 0 0 0 0 0 0 0 0
0100002000000000 0000000000000000 bits37_56 0 0 53 31.99929 -0.36 0 0 0 0 0 0 0 0 0
0200002000000000 0000000000000000 bits37_57 0 0 63 31.99929 -0.36 0 0 0 0 0 0 0 0 0
0400002000000000 0000000000000000 bits37_58 0 0 71 32.00017 0.09 0 0 0 0 0 0 0 0 0
0800002000000000 0000000000000000 bits37_59 0 0 67 32.00082 0.42 0 0 0 0 0 0 0 0 0
1000002000000000 0000000000000000 bits37_60 0 0 69 32.00116 0.60 0 0 0 0 0 0 0 0 0
2000002000000000 0000000000000000 bits37_61 0 0 56 31.99985 -0.08 0 0 0 0 0 0 0 0 0
4000002000000000 0000000000000000 bits37_62 0 0 73 31.99789 -1.08 0 0 0 0 0 0 0 0 0
8000002000000000 0000000000000000 bits37_63 0 0 59 32.00073 0.38 0 0 0 0 0 0 0 0 0
0000002000000000 0000000000000001 bits37_64 0 0 61 32.00089 0.46 0 0 0 0 0 0 0 0 0
0000002000000000 0000000000000002 bits37_65 0 0 79 32.00526 2.69 0 0 0 0 0 0 0 0 0
0000002000000000 0000000000000004 bits37_66 0 0 73 32.00058 0.30 0 0 0 0 0 0 0 0 0
0000002000000000 0000000000000008 bits37_67 0 0 72 32.00030 0.15 0 0 0 0 0 0 0 0 0
0000002000000000 0000000000000010 bits37_68 0 0 66 32.00110 0.56 0 0 0 0 0 0 0 0 0
0000002000000000 0000000000000020 bits37_69 0 0 74 31.99970 -0.15 0 0 0 0 0 0 0 0 0
0000002000000000 0000000000000040 bits37_70 0 0 56 31.99914 -0.44 0 0 0 0 0 0 0 0 0
0000002000000000 0000000000000080 bits37_71 0 0 58 32.00301 1.54 0 0 0 0 0 0 0 0 0
0000002000000000 0000000000000100 bits37_72 0 0 59 31.99721 -1.43 0 0 0 0 0 0 0 0 0
0000002000000000 0000000000000200 bits37_73 0 0 65 31.99447 -2.83 0 0 0 0 0 0 0 0 0
0000002000000000 0000000000000400 bits37_74 0 0 61 32.00127 0.65 0 0 0 0 0 0 0 0 0
0000002000000000 0000000000000800 bits37_75 0 0 65 32.00227 1.16 0 0 0 0 0 0 0 0 0
0000002000000000 0000000000001000 bits37_76 0 0 53 31.99956 -0.23 0 0 0 0 0 0 0 0 0
0000002000000000 0000000000002000 bits37_77 0 0 64 31.99713 -1.47 0 0 0 0 0 0 0 0 0
0000002000000000 0000000000004000 bits37_78 0 0 59 31.99753 -1.27 0 0 0 0 0 0 0 0 0
0000002000000000 0000000000008000 bits37_79 0 0 57 31.99730 -1.38 0 0 0 0 0 0 0 0 0
0000002000000000 0000000000010000 bits37_80 0 0 76 32.00044 0.22 0 0 0 0 0 0 0 0 0
0000002000000000 0000000000020000 bits37_81 0 0 71 31.99898 -0.52 0 0 0 0 0 0 0 0 0
0000002000000000 0000000000040000 bits37_82 0 0 66 32.00073 0.37 0 0 0 0 0 0 0 0 0
0000002000000000 0000000000080000 bits37_83 0 0 72 31.99680 -1.64 0 0 0 0 0 0 0 0 0
0000002000000000 0000000000100000 bits37_84 0 0 67 31.99564 -2.23 0 0 0 0 0 0 0 0 0
0000002000000000 0000000000200000 bits37_85 0 0 61 31.99996 -0.02 0 0 0 0 0 0 0 0 0
0000002000000000 0000000000400000 bits37_86 0 0 71 31.99840 -0.82 0 0 0 0 0 0 0 0 0
0000002000000000 0000000000800000 bits37_87 0 0 65 32.00031 0.16 0 0 0 0 0 0 0 0 0
0000002000000000 0000000001000000 bits37_88 0 0 63 31.99716 -1.46 0 0 0 0 0 0 0 0 0
0000002000000000 0000000002000000 bits37_89 0 0 59 31.99905 -0.49 0 0 0 0 0 0 0 0 0
0000002000000000 0000000004000000 bits37_90 0 0 56 32.00345 1.77 0 0 0 0 0 0 0 0 0
0000002000000000 0000000008000000 bits37_91 0 0 75 31.99730 -1.38 0 0 0 0 0 0 0 0 0
0000002000000000 0000000010000000 bits37_92 0 0 69 32.00320 1.64 0 0 0 0 0 0 0 0 0
0000002000000000 0000000020000000 bits37_93 0 0 50 31.99985 -0.08 0 0 0 0 0 0 0 0 0
0000002000000000 0000000040000000 bits37_94 0 0 59 32.00491 2.51 0 0 0 0 0 0 0 0 0
0000002000000000 0000000080000000 bits37_95 0 0 59 32.00245 1.26 0 0 0 0 0 0 0 0 0
0000002000000000 0000000100000000 bits37_96 0 0 87 31.99958 -0.21 0 0 0 0 0 0 0 0 0
0000002000000000 0000000200000000 bits37_97 0 0 70 31.99851 -0.76 0 0 0 0 0 0 0 0 0
0000002000000000 0000000400000000 bits37_98 0 0 63 32.00120 0.61 0 0 0 0 0 0 0 0 0
0000002000000000 0000000800000000 bits37_99 0 0 57 32.00075 0.38 0 0 0 0 0 0 0 0 0
0000002000000000 0000001000000000 bits37_100 0 0 75 31.99977 -0.12 0 0 0 0 0 0 0 0 0
0000002000000000 0000002000000000 bits37_101 0 0 71 32.00181 0.93 0 0 0 0 0 0 0 0 0
