# variant=12 W=1 log2keys=24 seed=4631 mode=R N=16777216
# d0 d1 name coll low32 low16 meanpop z hist0..8
0000000000802000 0000000000000000 bits13_23 0 0 234 31.99992 -0.08 0 0 0 0 0 0 0 0 0
0000000001002000 0000000000000000 bits13_24 0 0 260 31.99946 -0.56 0 0 0 0 0 0 0 0 0
0000000002002000 0000000000000000 bits13_25 0 0 266 31.99979 -0.22 0 0 0 0 0 0 0 0 0
0000000004002000 0000000000000000 bits13_26 0 0 256 32.00029 0.29 0 0 0 0 0 0 0 0 0
0000000008002000 0000000000000000 bits13_27 0 0 263 31.99904 -0.98 0 0 0 0 0 0 0 0 0
0000000010002000 0000000000000000 bits13_28 0 0 242 31.99932 -0.70 0 0 0 0 0 0 0 0 0
0000000020002000 0000000000000000 bits13_29 0 0 231 32.00043 0.44 0 0 0 0 0 0 0 0 0
0000000040002000 0000000000000000 bits13_30 0 0 236 32.00069 0.71 0 0 0 0 0 0 0 0 0
0000000080002000 0000000000000000 bits13_31 0 0 236 31.99908 -0.94 0 0 0 0 0 0 0 0 0
0000000100002000 0000000000000000 bits13_32 0 0 269 32.00047 0.49 0 0 0 0 0 0 0 0 0
0000000200002000 0000000000000000 bits13_33 0 0 289 32.00042 0.43 0 0 0 0 0 0 0 0 0
0000000400002000 0000000000000000 bits13_34 0 0 261 32.00199 2.04 0 0 0 0 0 0 0 0 0
0000000800002000 0000000000000000 bits13_35 0 0 252 31.99932 -0.69 0 0 0 0 0 0 0 0 0
0000001000002000 0000000000000000 bits13_36 0 0 259 31.99913 -0.89 0 0 0 0 0 0 0 0 0
0000002000002000 0000000000000000 bits13_37 0 0 254 31.99791 -2.14 0 0 0 0 0 0 0 0 0
0000004000002000 0000000000000000 bits13_38 0 0 263 32.00045 0.46 0 0 0 0 0 0 0 0 0
0000008000002000 0000000000000000 bits13_39 0 0 245 31.99963 -0.38 0 0 0 0 0 0 0 0 0
0000010000002000 0000000000000000 bits13_40 0 0 230 31.99850 -1.54 0 0 0 0 0 0 0 0 0
0000020000002000 0000000000000000 bits13_41 0 0 252 32.00070 0.72 0 0 0 0 0 0 0 0 0
0000040000002000 0000000000000000 bits13_42 0 0 230 32.00052 0.54 0 0 0 0 0 0 0 0 0
0000080000002000 0000000000000000 bits13_43 0 0 269 32.00087 0.89 0 0 0 0 0 0 0 0 0
0000100000002000 0000000000000000 bits13_44 0 0 258 31.99891 -1.11 0 0 0 0 0 0 0 0 0
0000200000002000 0000000000000000 bits13_45 0 0 255 32.00148 1.52 0 0 0 0 0 0 0 0 0
0000400000002000 0000000000000000 bits13_46 0 0 261 32.00017 0.17 0 0 0 0 0 0 0 0 0
0000800000002000 0000000000000000 bits13_47 0 0 272 31.99688 -3.19 0 0 0 0 0 0 0 0 0
0001000000002000 0000000000000000 bits13_48 0 0 223 32.00154 1.57 0 0 0 0 0 0 0 0 0
0002000000002000 0000000000000000 bits13_49 0 0 240 32.00159 1.63 0 0 0 0 0 0 0 0 0
0004000000002000 0000000000000000 bits13_50 0 0 247 32.00085 0.87 0 0 0 0 0 0 0 0 0
0008000000002000 0000000000000000 bits13_51 0 0 234 32.00038 0.39 0 0 0 0 0 0 0 0 1
0010000000002000 0000000000000000 bits13_52 0 0 234 31.99909 -0.94 0 0 0 0 0 0 0 0 0
0020000000002000 0000000000000000 bits13_53 0 0 238 31.99831 -1.73 0 0 0 0 0 0 0 0 0
0040000000002000 0000000000000000 bits13_54 0 0 240 32.00020 0.20 0 0 0 0 0 0 0 0 0
0080000000002000 0000000000000000 bits13_55 0 0 248 32.00002 0.02 0 0 0 0 0 0 0 0 0
0100000000002000 0000000000000000 bits13_56 0 0 257 31.99860 -1.44 0 0 0 0 0 0 0 0 0
0200000000002000 0000000000000000 bits13_57 0 0 256 32.00083 0.85 0 0 0 0 0 0 0 0 0
0400000000002000 0000000000000000 bits13_58 0 0 240 31.99933 -0.68 0 0 0 0 0 0 0 0 0
0800000000002000 0000000000000000 bits13_59 0 0 257 32.00030 0.31 0 0 0 0 0 0 0 0 0
1000000000002000 0000000000000000 bits13_60 0 0 250 32.00117 1.20 0 0 0 0 0 0 0 0 0
2000000000002000 0000000000000000 bits13_61 0 0 276 32.00130 1.33 0 0 0 0 0 0 0 0 0
4000000000002000 0000000000000000 bits13_62 0 0 243 31.99916 -0.86 0 0 0 0 0 0 0 0 0
8000000000002000 0000000000000000 bits13_63 0 0 285 31.99958 -0.43 0 0 0 0 0 0 0 0 0
000000000000c000 0000000000000000 bits14_15 0 0 255 32.00134 1.37 0 0 0 0 0 0 0 0 0
0000000000014000 0000000000000000 bits14_16 0 0 217 31.99817 -1.88 0 0 0 0 0 0 0 0 0
0000000000024000 0000000000000000 bits14_17 0 0 271 31.99907 -0.96 0 0 0 0 0 0 0 0 0
0000000000044000 0000000000000000 bits14_18 0 0 265 31.99916 -0.86 0 0 0 0 0 0 0 0 0
0000000000084000 0000000000000000 bits14_19 0 0 270 32.00122 1.25 0 0 0 0 0 0 0 0 0
0000000000104000 0000000000000000 bits14_20 0 0 249 32.00162 1.66 0 0 0 0 0 0 0 0 0
0000000000204000 0000000000000000 bits14_21 0 0 228 31.99964 -0.37 0 0 0 0 0 0 0 0 0
0000000000404000 0000000000000000 bits14_22 0 0 244 31.99890 -1.13 0 0 0 0 0 0 0 0 0
0000000000804000 0000000000000000 bits14_23 0 0 237 31.99907 -0.95 0 0 0 0 0 0 0 0 0
0000000001004000 0000000000000000 bits14_24 0 0 233 32.00019 0.19 0 0 0 0 0 0 0 0 0
0000000002004000 0000000000000000 bits14_25 0 0 266 32.00051 0.52 0 0 0 0 0 0 0 0 0
0000000004004000 0000000000000000 bits14_26 0 0 253 32.00067 0.68 0 0 0 0 0 0 0 0 0
0000000008004000 0000000000000000 bits14_27 0 0 233 32.00062 0.63 0 0 0 0 0 0 0 0 0
0000000010004000 0000000000000000 bits14_28 0 0 239 31.99879 -1.24 0 0 0 0 0 0 0 0 0
0000000020004000 0000000000000000 bits14_29 0 0 238 31.99899 -1.04 0 0 0 0 0 0 0 0 0
0000000040004000 0000000000000000 bits14_30 0 0 244 31.99956 -0.45 0 0 0 0 0 0 0 0 0
0000000080004000 0000000000000000 bits14_31 0 0 257 32.00023 0.24 0 0 0 0 0 0 0 0 0
0000000100004000 0000000000000000 bits14_32 0 0 238 32.00092 0.94 0 0 0 0 0 0 0 0 0
0000000200004000 0000000000000000 bits14_33 0 0 267 31.99936 -0.66 0 0 0 0 0 0 0 0 0
0000000400004000 0000000000000000 bits14_34 0 0 277 32.00041 0.42 0 0 0 0 0 0 0 0 0
0000000800004000 0000000000000000 bits14_35 0 0 256 31.99796 -2.09 0 0 0 0 0 0 0 0 0
0000001000004000 0000000000000000 bits14_36 0 0 253 32.00062 0.64 0 0 0 0 0 0 0 0 0
0000002000004000 0000000000000000 bits14_37 0 0 280 32.00022 0.22 0 0 0 0 0 0 0 0 0
0000004000004000 0000000000000000 bits14_38 0 0 232 31.99809 -1.96 0 0 0 0 0 0 0 0 0
0000008000004000 0000000000000000 bits14_39 0 0 269 31.99848 -1.56 0 0 0 0 0 0 0 0 0
0000010000004000 0000000000000000 bits14_40 0 0 255 32.00016 0.17 0 0 0 0 0 0 0 0 0
0000020000004000 0000000000000000 bits14_41 0 0 248 32.00048 0.49 0 0 0 0 0 0 0 0 0
0000040000004000 0000000000000000 bits14_42 0 0 251 31.99982 -0.19 0 0 0 0 0 0 0 0 0
0000080000004000 0000000000000000 bits14_43 0 0 245 32.00028 0.29 0 0 0 0 0 0 0 0 0
0000100000004000 0000000000000000 bits14_44 0 0 236 31.99964 -0.37 0 0 0 0 0 0 0 0 0
0000200000004000 0000000000000000 bits14_45 0 0 273 31.99927 -0.75 0 0 0 0 0 0 0 0 0
0000400000004000 0000000000000000 bits14_46 0 0 234 31.99949 -0.53 0 0 0 0 0 0 0 0 0
0000800000004000 0000000000000000 bits14_47 0 0 234 31.99978 -0.23 0 0 0 0 0 0 0 0 0
0001000000004000 0000000000000000 bits14_48 0 0 245 31.99911 -0.91 0 0 0 0 0 0 0 0 0
0002000000004000 0000000000000000 bits14_49 0 0 264 31.99987 -0.13 0 0 0 0 0 0 0 0 0
0004000000004000 0000000000000000 bits14_50 0 0 240 32.00074 0.76 0 0 0 0 0 0 0 0 0
0008000000004000 0000000000000000 bits14_51 0 0 270 32.00117 1.19 0 0 0 0 0 0 0 0 0
0010000000004000 0000000000000000 bits14_52 0 0 266 31.99935 -0.67 0 0 0 0 0 0 0 0 0
0020000000004000 0000000000000000 bits14_53 0 0 246 32.00000 0.00 0 0 0 0 0 0 0 0 0
0040000000004000 0000000000000000 bits14_54 0 0 270 31.99951 -0.50 0 0 0 0 0 0 0 0 0
0080000000004000 0000000000000000 bits14_55 0 0 273 31.99954 -0.47 0 0 0 0 0 0 0 0 0
0100000000004000 0000000000000000 bits14_56 0 0 277 31.99910 -0.92 0 0 0 0 0 0 0 0 0
0200000000004000 0000000000000000 bits14_57 0 0 263 32.00153 1.57 0 0 0 0 0 0 0 0 0
0400000000004000 0000000000000000 bits14_58 0 0 242 32.00140 1.43 0 0 0 0 0 0 0 0 0
0800000000004000 0000000000000000 bits14_59 0 0 239 31.99999 -0.01 0 0 0 0 0 0 0 0 0
1000000000004000 0000000000000000 bits14_60 0 0 266 32.00228 2.34 0 0 0 0 0 0 0 0 0
2000000000004000 0000000000000000 bits14_61 0 0 254 31.99997 -0.03 0 0 0 0 0 0 0 0 0
4000000000004000 0000000000000000 bits14_62 0 0 226 32.00182 1.87 0 0 0 0 0 0 0 0 0
8000000000004000 0000000000000000 bits14_63 0 0 248 32.00166 1.70 0 0 0 0 0 0 0 0 0
0000000000018000 0000000000000000 bits15_16 0 0 283 31.99984 -0.16 0 0 0 0 0 0 0 0 0
0000000000028000 0000000000000000 bits15_17 0 0 251 31.99932 -0.70 0 0 0 0 0 0 0 0 0
0000000000048000 0000000000000000 bits15_18 0 0 280 32.00065 0.67 0 0 0 0 0 0 0 0 0
0000000000088000 0000000000000000 bits15_19 0 0 249 31.99815 -1.89 0 0 0 0 0 0 0 0 0
0000000000108000 0000000000000000 bits15_20 0 0 259 31.99976 -0.25 0 0 0 0 0 0 0 0 0
0000000000208000 0000000000000000 bits15_21 0 0 281 32.00025 0.26 0 0 0 0 0 0 0 0 0
0000000000408000 0000000000000000 bits15_22 0 0 285 32.00178 1.83 0 0 0 0 0 0 0 0 0
0000000000808000 0000000000000000 bits15_23 0 0 237 32.00092 0.95 0 0 0 0 0 0 0 0 0
0000000001008000 0000000000000000 bits15_24 0 0 260 31.99986 -0.15 0 0 0 0 0 0 0 0 0
0000000002008000 0000000000000000 bits15_25 0 0 243 32.00049 0.50 0 0 0 0 0 0 0 0 0
0000000004008000 0000000000000000 bits15_26 0 0 231 32.00088 0.90 0 0 0 0 0 0 0 0 0
0000000008008000 0000000000000000 bits15_27 0 0 282 32.00103 1.05 0 0 0 0 0 0 0 0 0
0000000010008000 0000000000000000 bits15_28 0 0 297 32.00038 0.39 0 0 0 0 0 0 0 0 0
0000000020008000 0000000000000000 bits15_29 0 0 213 31.99891 -1.12 0 0 0 0 0 0 0 0 0
0000000040008000 0000000000000000 bits15_30 0 0 257 32.00044 0.45 0 0 0 0 0 0 0 0 0
0000000080008000 0000000000000000 bits15_31 0 0 266 32.00094 0.96 0 0 0 0 0 0 0 0 0
0000000100008000 0000000000000000 bits15_32 0 0 273 31.99943 -0.59 0 0 0 0 0 0 0 0 0
0000000200008000 0000000000000000 bits15_33 0 0 260 31.99893 -1.10 0 0 0 0 0 0 0 0 0
0000000400008000 0000000000000000 bits15_34 0 0 239 32.00012 0.12 0 0 0 0 0 0 0 0 0
0000000800008000 0000000000000000 bits15_35 0 0 248 31.99999 -0.01 0 0 0 0 0 0 0 0 0
0000001000008000 0000000000000000 bits15_36 0 0 248 32.00098 1.00 0 0 0 0 0 0 0 0 0
0000002000008000 0000000000000000 bits15_37 0 0 250 31.99927 -0.74 0 0 0 0 0 0 0 0 0
0000004000008000 0000000000000000 bits15_38 0 0 249 31.99981 -0.19 0 0 0 0 0 0 0 0 0
0000008000008000 0000000000000000 bits15_39 0 0 234 32.00079 0.81 0 0 0 0 0 0 0 0 0
0000010000008000 0000000000000000 bits15_40 0 0 258 32.00197 2.02 0 0 0 0 0 0 0 0 0
0000020000008000 0000000000000000 bits15_41 0 0 290 31.99981 -0.19 0 0 0 0 0 0 0 0 0
0000040000008000 0000000000000000 bits15_42 0 0 276 32.00056 0.57 0 0 0 0 0 0 0 0 0
0000080000008000 0000000000000000 bits15_43 0 0 255 31.99945 -0.57 0 0 0 0 0 0 0 0 0
0000100000008000 0000000000000000 bits15_44 0 0 274 32.00145 1.48 0 0 0 0 0 0 0 0 0
0000200000008000 0000000000000000 bits15_45 0 0 264 31.99885 -1.17 0 0 0 0 0 0 0 0 0
0000400000008000 0000000000000000 bits15_46 0 0 238 31.99885 -1.18 0 0 0 0 0 0 0 0 0
0000800000008000 0000000000000000 bits15_47 0 0 270 32.00324 3.32 0 0 0 0 0 0 0 0 0
0001000000008000 0000000000000000 bits15_48 0 0 264 32.00139 1.42 0 0 0 0 0 0 0 0 0
0002000000008000 0000000000000000 bits15_49 0 0 275 31.99967 -0.34 0 0 0 0 0 0 0 0 0
0004000000008000 0000000000000000 bits15_50 0 0 252 32.00057 0.59 0 0 0 0 0 0 0 0 0
0008000000008000 0000000000000000 bits15_51 0 0 263 31.99958 -0.43 0 0 0 0 0 0 0 0 0
0010000000008000 0000000000000000 bits15_52 0 0 246 32.00190 1.94 0 0 0 0 0 0 0 0 0
0020000000008000 0000000000000000 bits15_53 0 0 234 32.00019 0.19 0 0 0 0 0 0 0 0 0
0040000000008000 0000000000000000 bits15_54 0 0 269 31.99866 -1.38 0 0 0 0 0 0 0 0 0
0080000000008000 0000000000000000 bits15_55 0 0 263 31.99961 -0.40 0 0 0 0 0 0 0 0 0
0100000000008000 0000000000000000 bits15_56 0 0 226 32.00267 2.73 0 0 0 0 0 0 0 0 0
0200000000008000 0000000000000000 bits15_57 0 0 270 32.00029 0.30 0 0 0 0 0 0 0 0 0
0400000000008000 0000000000000000 bits15_58 0 0 265 31.99945 -0.56 0 0 0 0 0 0 0 0 0
0800000000008000 0000000000000000 bits15_59 0 0 253 32.00020 0.20 0 0 0 0 0 0 0 0 0
1000000000008000 0000000000000000 bits15_60 0 0 232 31.99948 -0.53 0 0 0 0 0 0 0 0 0
2000000000008000 0000000000000000 bits15_61 0 0 271 31.99974 -0.27 0 0 0 0 0 0 0 0 0
4000000000008000 0000000000000000 bits15_62 0 0 273 31.99896 -1.07 0 0 0 0 0 0 0 0 0
8000000000008000 0000000000000000 bits15_63 0 0 214 31.99988 -0.12 0 0 0 0 0 0 0 0 0
0000000000030000 0000000000000000 bits16_17 0 0 270 32.00080 0.82 0 0 0 0 0 0 0 0 0
0000000000050000 0000000000000000 bits16_18 0 0 237 32.00115 1.18 0 0 0 0 0 0 0 0 0
0000000000090000 0000000000000000 bits16_19 0 0 258 31.99993 -0.08 0 0 0 0 0 0 0 0 0
0000000000110000 0000000000000000 bits16_20 0 0 257 31.99927 -0.75 0 0 0 0 0 0 0 0 0
0000000000210000 0000000000000000 bits16_21 0 0 269 31.99992 -0.08 0 0 0 0 0 0 0 0 0
0000000000410000 0000000000000000 bits16_22 0 0 274 32.00019 0.20 0 0 0 0 0 0 0 0 0
0000000000810000 0000000000000000 bits16_23 0 0 236 31.99986 -0.15 0 0 0 0 0 0 0 0 0
0000000001010000 0000000000000000 bits16_24 0 0 258 31.99915 -0.87 0 0 0 0 0 0 0 0 0
0000000002010000 0000000000000000 bits16_25 0 0 278 31.99943 -0.58 0 0 0 0 0 0 0 0 0
0000000004010000 0000000000000000 bits16_26 0 0 224 31.99905 -0.97 0 0 0 0 0 0 0 0 0
0000000008010000 0000000000000000 bits16_27 0 0 279 32.00108 1.11 0 0 0 0 0 0 0 0 0
0000000010010000 0000000000000000 bits16_28 0 0 261 32.00032 0.33 0 0 0 0 0 0 0 0 0
0000000020010000 0000000000000000 bits16_29 0 0 243 31.99765 -2.41 0 0 0 0 0 0 0 0 0
0000000040010000 0000000000000000 bits16_30 0 0 257 31.99993 -0.08 0 0 0 0 0 0 0 0 0
0000000080010000 0000000000000000 bits16_31 0 0 266 32.00022 0.23 0 0 0 0 0 0 0 0 0
0000000100010000 0000000000000000 bits16_32 0 0 265 31.99952 -0.50 0 0 0 0 0 0 0 0 0
0000000200010000 0000000000000000 bits16_33 0 0 247 31.99976 -0.25 0 0 0 0 0 0 0 0 0
0000000400010000 0000000000000000 bits16_34 0 0 264 31.99887 -1.15 0 0 0 0 0 0 0 0 0
0000000800010000 0000000000000000 bits16_35 0 0 234 32.00048 0.49 0 0 0 0 0 0 0 0 0
0000001000010000 0000000000000000 bits16_36 0 0 253 32.00232 2.38 0 0 0 0 0 0 0 0 0
0000002000010000 0000000000000000 bits16_37 0 0 281 32.00083 0.85 0 0 0 0 0 0 0 0 0
0000004000010000 0000000000000000 bits16_38 0 0 272 32.00052 0.54 0 0 0 0 0 0 0 0 0
0000008000010000 0000000000000000 bits16_39 0 0 233 31.99987 -0.13 0 0 0 0 0 0 0 0 0
0000010000010000 0000000000000000 bits16_40 0 0 234 32.00086 0.88 0 0 0 0 0 0 0 0 0
0000020000010000 0000000000000000 bits16_41 0 0 248 32.00120 1.23 0 0 0 0 0 0 0 0 0
0000040000010000 0000000000000000 bits16_42 0 0 268 32.00104 1.07 0 0 0 0 0 0 0 0 0
0000080000010000 0000000000000000 bits16_43 0 0 243 32.00029 0.30 0 0 0 0 0 0 0 0 0
0000100000010000 0000000000000000 bits16_44 0 0 239 32.00034 0.35 0 0 0 0 0 0 0 0 0
0000200000010000 0000000000000000 bits16_45 0 0 239 31.99964 -0.37 0 0 0 0 0 0 0 0 0
0000400000010000 0000000000000000 bits16_46 0 0 252 31.99978 -0.23 0 0 0 0 0 0 0 0 0
0000800000010000 0000000000000000 bits16_47 0 0 254 32.00036 0.37 0 0 0 0 0 0 0 0 0
0001000000010000 0000000000000000 bits16_48 0 0 237 31.99952 -0.49 0 0 0 0 0 0 0 0 0
0002000000010000 0000000000000000 bits16_49 0 0 295 31.99963 -0.38 0 0 0 0 0 0 0 0 0
0004000000010000 0000000000000000 bits16_50 0 0 291 32.00077 0.79 0 0 0 0 0 0 0 0 0
0008000000010000 0000000000000000 bits16_51 0 0 223 31.99898 -1.04 0 0 0 0 0 0 0 0 0
0010000000010000 0000000000000000 bits16_52 0 0 272 32.00110 1.12 0 0 0 0 0 0 0 0 0
0020000000010000 0000000000000000 bits16_53 0 0 229 31.99938 -0.64 0 0 0 0 0 0 0 0 0
0040000000010000 0000000000000000 bits16_54 0 0 267 31.99978 -0.22 0 0 0 0 0 0 0 0 0
0080000000010000 0000000000000000 bits16_55 0 0 262 31.99931 -0.71 0 0 0 0 0 0 0 0 0
0100000000010000 0000000000000000 bits16_56 0 0 268 32.00022 0.22 0 0 0 0 0 0 0 0 0
0200000000010000 0000000000000000 bits16_57 0 0 242 31.99848 -1.55 0 0 0 0 0 0 0 0 0
0400000000010000 0000000000000000 bits16_58 0 0 257 32.00123 1.26 0 0 0 0 0 0 0 0 0
0800000000010000 0000000000000000 bits16_59 0 0 275 32.00068 0.70 0 0 0 0 0 0 0 0 0
1000000000010000 0000000000000000 bits16_60 0 0 253 31.99599 -4.10 0 0 0 0 0 0 0 0 0
2000000000010000 0000000000000000 bits16_61 0 0 274 31.99907 -0.95 0 0 0 0 0 0 0 0 0
4000000000010000 0000000000000000 bits16_62 0 0 263 32.00138 1.41 0 0 0 0 0 0 0 0 0
8000000000010000 0000000000000000 bits16_63 0 0 215 32.00078 0.80 0 0 0 0 0 0 0 0 0
0000000000060000 0000000000000000 bits17_18 0 0 267 31.99921 -0.81 0 0 0 0 0 0 0 0 0
00000000000a0000 0000000000000000 bits17_19 0 0 282 31.99932 -0.69 0 0 0 0 0 0 0 0 0
0000000000120000 0000000000000000 bits17_20 0 0 251 32.00090 0.92 0 0 0 0 0 0 0 0 0
0000000000220000 0000000000000000 bits17_21 0 0 259 32.00012 0.13 0 0 0 0 0 0 0 0 0
0000000000420000 0000000000000000 bits17_22 0 0 270 31.99953 -0.48 0 0 0 0 0 0 0 0 0
0000000000820000 0000000000000000 bits17_23 0 0 248 32.00051 0.52 0 0 0 0 0 0 0 0 0
0000000001020000 0000000000000000 bits17_24 0 0 251 32.00159 1.62 0 0 0 0 0 0 0 0 0
0000000002020000 0000000000000000 bits17_25 0 0 227 32.00042 0.43 0 0 0 0 0 0 0 0 0
0000000004020000 0000000000000000 bits17_26 0 0 258 32.00117 1.20 0 0 0 0 0 0 0 0 0
0000000008020000 0000000000000000 bits17_27 0 0 246 32.00004 0.04 0 0 0 0 0 0 0 0 0
0000000010020000 0000000000000000 bits17_28 0 0 270 31.99826 -1.78 0 0 0 0 0 0 0 0 0
0000000020020000 0000000000000000 bits17_29 0 0 231 31.99999 -0.01 0 0 0 0 0 0 0 0 0
0000000040020000 0000000000000000 bits17_30 0 0 231 32.00055 0.56 0 0 0 0 0 0 0 0 0
0000000080020000 0000000000000000 bits17_31 0 0 254 32.00027 0.28 0 0 0 0 0 0 0 0 0
0000000100020000 0000000000000000 bits17_32 0 0 261 32.00034 0.35 0 0 0 0 0 0 0 0 0
0000000200020000 0000000000000000 bits17_33 0 0 263 32.00003 0.03 0 0 0 0 0 0 0 0 0
0000000400020000 0000000000000000 bits17_34 0 0 248 32.00127 1.30 0 0 0 0 0 0 0 0 0
0000000800020000 0000000000000000 bits17_35 0 0 244 32.00103 1.06 0 0 0 0 0 0 0 0 0
0000001000020000 0000000000000000 bits17_36 0 0 249 32.00021 0.22 0 0 0 0 0 0 0 0 0
0000002000020000 0000000000000000 bits17_37 0 0 284 31.99721 -2.86 0 0 0 0 0 0 0 0 0
0000004000020000 0000000000000000 bits17_38 0 0 262 31.99947 -0.54 0 0 0 0 0 0 0 0 0
0000008000020000 0000000000000000 bits17_39 0 0 258 32.00004 0.04 0 0 0 0 0 0 0 0 0
0000010000020000 0000000000000000 bits17_40 0 0 292 32.00135 1.39 0 0 0 0 0 0 0 0 0
0000020000020000 0000000000000000 bits17_41 0 0 259 32.00086 0.88 0 0 0 0 0 0 0 0 0
0000040000020000 0000000000000000 bits17_42 0 0 276 31.99922 -0.80 0 0 0 0 0 0 0 0 0
0000080000020000 0000000000000000 bits17_43 0 0 257 32.00100 1.02 0 0 0 0 0 0 0 0 0
0000100000020000 0000000000000000 bits17_44 0 0 253 32.00013 0.13 0 0 0 0 0 0 0 0 0
0000200000020000 0000000000000000 bits17_45 0 0 248 31.99934 -0.67 0 0 0 0 0 0 0 0 0
0000400000020000 0000000000000000 bits17_46 0 0 280 32.00034 0.35 0 0 0 0 0 0 0 0 0
0000800000020000 0000000000000000 bits17_47 0 0 234 31.99904 -0.98 0 0 0 0 0 0 0 0 0
0001000000020000 0000000000000000 bits17_48 0 0 249 32.00223 2.28 0 0 0 0 0 0 0 0 0
0002000000020000 0000000000000000 bits17_49 0 0 273 32.00137 1.40 0 0 0 0 0 0 0 0 0
0004000000020000 0000000000000000 bits17_50 0 0 266 32.00219 2.25 0 0 0 0 0 0 0 0 0
0008000000020000 0000000000000000 bits17_51 0 0 271 32.00072 0.73 0 0 0 0 0 0 0 0 0
0010000000020000 0000000000000000 bits17_52 0 0 264 31.99916 -0.86 0 0 0 0 0 0 0 0 0
0020000000020000 0000000000000000 bits17_53 0 0 243 32.00015 0.16 0 0 0 0 0 0 0 0 0
0040000000020000 0000000000000000 bits17_54 0 0 292 32.00161 1.65 0 0 0 0 0 0 0 0 0
0080000000020000 0000000000000000 bits17_55 0 0 254 31.99960 -0.40 0 0 0 0 0 0 0 0 0
0100000000020000 0000000000000000 bits17_56 0 0 269 31.99885 -1.18 0 0 0 0 0 0 0 0 0
0200000000020000 0000000000000000 bits17_57 0 0 262 31.99918 -0.84 0 0 0 0 0 0 0 0 0
0400000000020000 0000000000000000 bits17_58 0 0 264 31.99827 -1.77 0 0 0 0 0 0 0 0 0
0800000000020000 0000000000000000 bits17_59 0 0 280 32.00114 1.17 0 0 0 0 0 0 0 0 0
1000000000020000 0000000000000000 bits17_60 0 0 268 31.99865 -1.38 0 0 0 0 0 0 0 0 0
2000000000020000 0000000000000000 bits17_61 0 0 231 32.00051 0.52 0 0 0 0 0 0 0 0 0
4000000000020000 0000000000000000 bits17_62 0 0 221 32.00025 0.26 0 0 0 0 0 0 0 0 0
8000000000020000 0000000000000000 bits17_63 0 0 221 32.00141 1.44 0 0 0 0 0 0 0 0 0
00000000000c0000 0000000000000000 bits18_19 0 0 288 31.99975 -0.26 0 0 0 0 0 0 0 0 0
0000000000140000 0000000000000000 bits18_20 0 0 248 31.99958 -0.43 0 0 0 0 0 0 0 0 0
0000000000240000 0000000000000000 bits18_21 0 0 241 32.00032 0.32 0 0 0 0 0 0 0 0 0
0000000000440000 0000000000000000 bits18_22 0 0 281 32.00115 1.18 0 0 0 0 0 0 0 0 0
0000000000840000 0000000000000000 bits18_23 0 0 262 31.99973 -0.27 0 0 0 0 0 0 0 0 0
0000000001040000 0000000000000000 bits18_24 0 0 240 31.99935 -0.66 0 0 0 0 0 0 0 0 0
0000000002040000 0000000000000000 bits18_25 0 0 289 32.00037 0.38 0 0 0 0 0 0 0 0 0
0000000004040000 0000000000000000 bits18_26 0 0 242 31.99918 -0.84 0 0 0 0 0 0 0 0 0
0000000008040000 0000000000000000 bits18_27 0 0 258 32.00039 0.40 0 0 0 0 0 0 0 0 0
0000000010040000 0000000000000000 bits18_28 0 0 263 31.99780 -2.25 0 0 0 0 0 0 0 0 0
0000000020040000 0000000000000000 bits18_29 0 0 248 32.00054 0.56 0 0 0 0 0 0 0 0 0
0000000040040000 0000000000000000 bits18_30 0 0 252 31.99847 -1.57 0 0 0 0 0 0 0 0 0
0000000080040000 0000000000000000 bits18_31 0 0 262 32.00003 0.03 0 0 0 0 0 0 0 0 0
0000000100040000 0000000000000000 bits18_32 0 0 272 32.00030 0.30 0 0 0 0 0 0 0 0 0
0000000200040000 0000000000000000 bits18_33 0 0 242 32.00115 1.18 0 0 0 0 0 0 0 0 0
0000000400040000 0000000000000000 bits18_34 0 0 248 32.00210 2.15 0 0 0 0 0 0 0 0 0
0000000800040000 0000000000000000 bits18_35 0 0 275 31.99986 -0.15 0 0 0 0 0 0 0 0 0
0000001000040000 0000000000000000 bits18_36 0 0 242 31.99848 -1.56 0 0 0 0 0 0 0 0 0
0000002000040000 0000000000000000 bits18_37 0 0 244 31.99888 -1.15 0 0 0 0 0 0 0 0 0
0000004000040000 0000000000000000 bits18_38 0 0 259 32.00027 0.28 0 0 0 0 0 0 0 0 0
0000008000040000 0000000000000000 bits18_39 0 0 262 31.99959 -0.42 0 0 0 0 0 0 0 0 0
0000010000040000 0000000000000000 bits18_40 0 0 231 32.00056 0.57 0 0 0 0 0 0 0 0 0
0000020000040000 0000000000000000 bits18_41 0 0 281 31.99921 -0.81 0 0 0 0 0 0 0 0 0
0000040000040000 0000000000000000 bits18_42 0 0 255 31.99929 -0.73 0 0 0 0 0 0 0 0 0
0000080000040000 0000000000000000 bits18_43 0 0 278 32.00019 0.19 0 0 0 0 0 0 0 0 0
0000100000040000 0000000000000000 bits18_44 0 0 244 31.99908 -0.94 0 0 0 0 0 0 0 0 0
0000200000040000 0000000000000000 bits18_45 0 0 269 32.00081 0.83 0 0 0 0 0 0 0 0 0
0000400000040000 0000000000000000 bits18_46 0 0 248 32.00135 1.38 0 0 0 0 0 0 0 0 0
0000800000040000 0000000000000000 bits18_47 0 0 273 32.00099 1.01 0 0 0 0 0 0 0 0 0
0001000000040000 0000000000000000 bits18_48 0 0 251 31.99884 -1.19 0 0 0 0 0 0 0 0 0
0002000000040000 0000000000000000 bits18_49 0 0 268 32.00047 0.48 0 0 0 0 0 0 0 0 0
0004000000040000 0000000000000000 bits18_50 0 0 262 31.99996 -0.04 0 0 0 0 0 0 0 0 0
0008000000040000 0000000000000000 bits18_51 0 0 243 31.99955 -0.46 0 0 0 0 0 0 0 0 0
0010000000040000 0000000000000000 bits18_52 0 0 237 32.00187 1.91 0 0 0 0 0 0 0 0 0
