# variant=12 W=2 log2keys=22 seed=4647 mode=R N=4194304
# d0 d1 name coll low32 low16 meanpop z hist0..8
0000000000000001 0000000000000000 bit0 0 0 63 32.00190 0.97 0 0 0 0 0 0 0 0 0
0000000000000002 0000000000000000 bit1 0 0 45 32.00243 1.24 0 0 0 0 0 0 0 0 0
0000000000000004 0000000000000000 bit2 0 0 61 31.99687 -1.60 0 0 0 0 0 0 0 0 0
0000000000000008 0000000000000000 bit3 0 0 63 32.00181 0.93 0 0 0 0 0 0 0 0 0
0000000000000010 0000000000000000 bit4 0 0 59 31.99942 -0.30 0 0 0 0 0 0 0 0 0
0000000000000020 0000000000000000 bit5 0 0 64 32.00135 0.69 0 0 0 0 0 0 0 0 0
0000000000000040 0000000000000000 bit6 0 0 66 31.99913 -0.44 0 0 0 0 0 0 0 0 0
0000000000000080 0000000000000000 bit7 0 0 63 32.00126 0.64 0 0 0 0 0 0 0 0 0
0000000000000100 0000000000000000 bit8 0 0 66 31.99956 -0.22 0 0 0 0 0 0 0 0 0
0000000000000200 0000000000000000 bit9 0 0 71 32.00002 0.01 0 0 0 0 0 0 0 0 0
0000000000000400 0000000000000000 bit10 0 0 61 31.99828 -0.88 0 0 0 0 0 0 0 0 0
0000000000000800 0000000000000000 bit11 0 0 77 32.00293 1.50 0 0 0 0 0 0 0 0 0
0000000000001000 0000000000000000 bit12 0 0 65 31.99998 -0.01 0 0 0 0 0 0 0 0 0
0000000000002000 0000000000000000 bit13 0 0 65 31.99998 -0.01 0 0 0 0 0 0 0 0 0
0000000000004000 0000000000000000 bit14 0 0 59 32.00285 1.46 0 0 0 0 0 0 0 0 0
0000000000008000 0000000000000000 bit15 0 0 62 31.99915 -0.43 0 0 0 0 0 0 0 0 0
0000000000010000 0000000000000000 bit16 0 0 62 31.99941 -0.30 0 0 0 0 0 0 0 0 0
0000000000020000 0000000000000000 bit17 0 0 60 31.99470 -2.71 0 0 0 0 0 0 0 0 0
0000000000040000 0000000000000000 bit18 0 0 53 31.99978 -0.11 0 0 0 0 0 0 0 0 0
0000000000080000 0000000000000000 bit19 0 0 71 31.99785 -1.10 0 0 0 0 0 0 0 0 0
0000000000100000 0000000000000000 bit20 0 0 84 32.00108 0.55 0 0 0 0 0 0 0 0 0
0000000000200000 0000000000000000 bit21 0 0 61 32.00378 1.94 0 0 0 0 0 0 0 0 0
0000000000400000 0000000000000000 bit22 0 0 61 32.00011 0.06 0 0 0 0 0 0 0 0 0
0000000000800000 0000000000000000 bit23 0 0 63 31.99672 -1.68 0 0 0 0 0 0 0 0 0
0000000001000000 0000000000000000 bit24 0 0 72 32.00230 1.18 0 0 0 0 0 0 0 0 0
0000000002000000 0000000000000000 bit25 0 0 52 32.00246 1.26 0 0 0 0 0 0 0 0 0
0000000004000000 0000000000000000 bit26 0 0 63 31.99746 -1.30 0 0 0 0 0 0 0 0 0
0000000008000000 0000000000000000 bit27 0 0 79 32.00054 0.28 0 0 0 0 0 0 0 0 0
0000000010000000 0000000000000000 bit28 0 0 55 32.00250 1.28 0 0 0 0 0 0 0 0 0
0000000020000000 0000000000000000 bit29 0 0 60 32.00315 1.61 0 0 0 0 0 0 0 0 0
0000000040000000 0000000000000000 bit30 0 0 75 31.99660 -1.74 0 0 0 0 0 0 0 0 0
0000000080000000 0000000000000000 bit31 0 0 69 32.00113 0.58 0 0 0 0 0 0 0 0 0
0000000100000000 0000000000000000 bit32 0 0 67 32.00103 0.53 0 0 0 0 0 0 0 0 0
0000000200000000 0000000000000000 bit33 0 0 66 31.99744 -1.31 0 0 0 0 0 0 0 0 0
0000000400000000 0000000000000000 bit34 0 0 74 31.99988 -0.06 0 0 0 0 0 0 0 0 0
0000000800000000 0000000000000000 bit35 0 0 65 32.00030 0.16 0 0 0 0 0 0 0 0 0
0000001000000000 0000000000000000 bit36 0 0 80 31.99958 -0.21 0 0 0 0 0 0 0 0 0
0000002000000000 0000000000000000 bit37 0 0 50 31.99720 -1.43 0 0 0 0 0 0 0 0 0
0000004000000000 0000000000000000 bit38 0 0 71 31.99919 -0.42 0 0 0 0 0 0 0 0 0
0000008000000000 0000000000000000 bit39 0 0 67 31.99787 -1.09 0 0 0 0 0 0 0 0 0
0000010000000000 0000000000000000 bit40 0 0 54 31.99839 -0.82 0 0 0 0 0 0 0 0 0
0000020000000000 0000000000000000 bit41 0 0 64 32.00157 0.81 0 0 0 0 0 0 0 0 0
0000040000000000 0000000000000000 bit42 0 0 66 32.00008 0.04 0 0 0 0 0 0 0 0 0
0000080000000000 0000000000000000 bit43 0 0 64 31.99832 -0.86 0 0 0 0 0 0 0 0 0
0000100000000000 0000000000000000 bit44 0 0 72 32.00177 0.90 0 0 0 0 0 0 0 0 0
0000200000000000 0000000000000000 bit45 0 0 56 32.00090 0.46 0 0 0 0 0 0 0 0 0
0000400000000000 0000000000000000 bit46 0 0 55 31.99805 -1.00 0 0 0 0 0 0 0 0 0
0000800000000000 0000000000000000 bit47 0 0 69 31.99917 -0.43 0 0 0 0 0 0 0 0 0
0001000000000000 0000000000000000 bit48 0 0 67 31.99927 -0.38 0 0 0 0 0 0 0 0 0
0002000000000000 0000000000000000 bit49 0 0 51 31.99805 -1.00 0 0 0 0 0 0 0 0 0
0004000000000000 0000000000000000 bit50 0 0 61 32.00382 1.95 0 0 0 0 0 0 0 0 0
0008000000000000 0000000000000000 bit51 0 0 63 31.99848 -0.78 0 0 0 0 0 0 0 0 0
0010000000000000 0000000000000000 bit52 0 0 47 31.99966 -0.17 0 0 0 0 0 0 0 0 0
0020000000000000 0000000000000000 bit53 0 0 59 32.00154 0.79 0 0 0 0 0 0 0 0 0
0040000000000000 0000000000000000 bit54 0 0 69 31.99823 -0.90 0 0 0 0 0 0 0 0 0
0080000000000000 0000000000000000 bit55 0 0 78 32.00334 1.71 0 0 0 0 0 0 0 0 0
0100000000000000 0000000000000000 bit56 0 0 72 32.00117 0.60 0 0 0 0 0 0 0 0 0
0200000000000000 0000000000000000 bit57 0 0 51 32.00051 0.26 0 0 0 0 0 0 0 0 0
0400000000000000 0000000000000000 bit58 0 0 66 31.99954 -0.24 0 0 0 0 0 0 0 0 0
0800000000000000 0000000000000000 bit59 0 0 73 31.99949 -0.26 0 0 0 0 0 0 0 0 0
1000000000000000 0000000000000000 bit60 0 0 55 32.00176 0.90 0 0 0 0 0 0 0 0 0
2000000000000000 0000000000000000 bit61 0 0 79 31.99863 -0.70 0 0 0 0 0 0 0 0 0
4000000000000000 0000000000000000 bit62 0 0 82 31.99979 -0.10 0 0 0 0 0 0 0 0 0
8000000000000000 0000000000000000 bit63 0 0 55 32.00071 0.36 0 0 0 0 0 0 0 0 0
0000000000000000 0000000000000001 bit64 0 0 58 32.00241 1.24 0 0 0 0 0 0 0 0 0
0000000000000000 0000000000000002 bit65 0 0 58 32.00083 0.42 0 0 0 0 0 0 0 0 1
0000000000000000 0000000000000004 bit66 0 0 63 31.99953 -0.24 0 0 0 0 0 0 0 0 0
0000000000000000 0000000000000008 bit67 0 0 68 32.00182 0.93 0 0 0 0 0 0 0 0 0
0000000000000000 0000000000000010 bit68 0 0 58 31.99916 -0.43 0 0 0 0 0 0 0 0 0
0000000000000000 0000000000000020 bit69 0 0 67 32.00106 0.54 0 0 0 0 0 0 0 0 0
0000000000000000 0000000000000040 bit70 0 0 48 31.99550 -2.30 0 0 0 0 0 0 0 0 0
0000000000000000 0000000000000080 bit71 0 0 69 31.99800 -1.02 0 0 0 0 0 0 0 0 0
0000000000000000 0000000000000100 bit72 0 0 65 31.99717 -1.45 0 0 0 0 0 0 0 0 0
0000000000000000 0000000000000200 bit73 0 0 61 31.99799 -1.03 0 0 0 0 0 0 0 0 0
0000000000000000 0000000000000400 bit74 0 0 62 32.00098 0.50 0 0 0 0 0 0 0 0 0
0000000000000000 0000000000000800 bit75 0 0 63 31.99868 -0.68 0 0 0 0 0 0 0 0 0
0000000000000000 0000000000001000 bit76 0 0 57 32.00082 0.42 0 0 0 0 0 0 0 0 0
0000000000000000 0000000000002000 bit77 0 0 64 32.00214 1.10 0 0 0 0 0 0 0 0 0
0000000000000000 0000000000004000 bit78 0 0 62 31.99979 -0.11 0 0 0 0 0 0 0 0 0
0000000000000000 0000000000008000 bit79 0 0 57 31.99851 -0.76 0 0 0 0 0 0 0 0 0
0000000000000000 0000000000010000 bit80 0 0 54 32.00048 0.25 0 0 0 0 0 0 0 0 0
0000000000000000 0000000000020000 bit81 0 0 59 32.00011 0.06 0 0 0 0 0 0 0 0 0
0000000000000000 0000000000040000 bit82 0 0 76 32.00058 0.30 0 0 0 0 0 0 0 0 0
0000000000000000 0000000000080000 bit83 0 0 61 31.99856 -0.74 0 0 0 0 0 0 0 0 0
0000000000000000 0000000000100000 bit84 0 0 55 31.99947 -0.27 0 0 0 0 0 0 0 0 0
0000000000000000 0000000000200000 bit85 0 0 71 32.00145 0.74 0 0 0 0 0 0 0 0 0
0000000000000000 0000000000400000 bit86 0 0 59 31.99927 -0.37 0 0 0 0 0 0 0 0 0
0000000000000000 0000000000800000 bit87 0 0 62 31.99901 -0.51 0 0 0 0 0 0 0 0 0
0000000000000000 0000000001000000 bit88 0 0 62 31.99933 -0.35 0 0 0 0 0 0 0 0 0
0000000000000000 0000000002000000 bit89 0 0 69 31.99965 -0.18 0 0 0 0 0 0 0 0 0
0000000000000000 0000000004000000 bit90 0 0 57 31.99993 -0.03 0 0 0 0 0 0 0 0 0
0000000000000000 0000000008000000 bit91 0 0 48 32.00016 0.08 0 0 0 0 0 0 0 0 0
0000000000000000 0000000010000000 bit92 0 0 76 31.99780 -1.13 0 0 0 0 0 0 0 0 0
0000000000000000 0000000020000000 bit93 0 0 70 32.00211 1.08 0 0 0 0 0 0 0 0 0
0000000000000000 0000000040000000 bit94 0 0 60 31.99689 -1.59 0 0 0 0 0 0 0 0 0
0000000000000000 0000000080000000 bit95 0 0 67 32.00015 0.08 0 0 0 0 0 0 0 0 0
0000000000000000 0000000100000000 bit96 0 0 66 32.00018 0.09 0 0 0 0 0 0 0 0 0
0000000000000000 0000000200000000 bit97 0 0 48 32.00107 0.55 0 0 0 0 0 0 0 0 0
0000000000000000 0000000400000000 bit98 0 0 64 31.99722 -1.43 0 0 0 0 0 0 0 0 0
0000000000000000 0000000800000000 bit99 0 0 62 32.00293 1.50 0 0 0 0 0 0 0 0 0
0000000000000000 0000001000000000 bit100 0 0 65 31.99827 -0.89 0 0 0 0 0 0 0 0 0
0000000000000000 0000002000000000 bit101 0 0 78 32.00005 0.03 0 0 0 0 0 0 0 0 0
0000000000000000 0000004000000000 bit102 0 0 66 32.00027 0.14 0 0 0 0 0 0 0 0 0
0000000000000000 0000008000000000 bit103 0 0 64 32.00247 1.26 0 0 0 0 0 0 0 0 0
0000000000000000 0000010000000000 bit104 0 0 72 32.00159 0.81 0 0 0 0 0 0 0 0 0
0000000000000000 0000020000000000 bit105 0 0 70 31.99940 -0.31 0 0 0 0 0 0 0 0 0
0000000000000000 0000040000000000 bit106 0 0 72 31.99726 -1.40 0 0 0 0 0 0 0 0 0
0000000000000000 0000080000000000 bit107 0 0 70 32.00144 0.74 0 0 0 0 0 0 0 0 0
0000000000000000 0000100000000000 bit108 0 0 72 32.00057 0.29 0 0 0 0 0 0 0 0 0
0000000000000000 0000200000000000 bit109 0 0 58 32.00085 0.44 0 0 0 0 0 0 0 0 0
0000000000000000 0000400000000000 bit110 0 0 67 31.99833 -0.86 0 0 0 0 0 0 0 0 0
0000000000000000 0000800000000000 bit111 0 0 68 32.00024 0.12 0 0 0 0 0 0 0 0 0
0000000000000000 0001000000000000 bit112 0 0 61 31.99953 -0.24 0 0 0 0 0 0 0 0 0
0000000000000000 0002000000000000 bit113 0 0 68 31.99931 -0.35 0 0 0 0 0 0 0 0 0
0000000000000000 0004000000000000 bit114 0 0 67 31.99852 -0.76 0 0 0 0 0 0 0 0 0
0000000000000000 0008000000000000 bit115 0 0 64 31.99731 -1.38 0 0 0 0 0 0 0 0 0
0000000000000000 0010000000000000 bit116 0 0 47 31.99914 -0.44 0 0 0 0 0 0 0 0 0
0000000000000000 0020000000000000 bit117 0 0 62 32.00001 0.01 0 0 0 0 0 0 0 0 0
0000000000000000 0040000000000000 bit118 0 0 66 31.99956 -0.23 0 0 0 0 0 0 0 0 0
0000000000000000 0080000000000000 bit119 0 0 75 31.99595 -2.07 0 0 0 0 0 0 0 0 0
0000000000000000 0100000000000000 bit120 0 0 77 32.00001 0.00 0 0 0 0 0 0 0 0 0
0000000000000000 0200000000000000 bit121 0 0 74 31.99981 -0.10 0 0 0 0 0 0 0 0 0
0000000000000000 0400000000000000 bit122 0 0 66 31.99905 -0.49 0 0 0 0 0 0 0 0 0
0000000000000000 0800000000000000 bit123 0 0 63 32.00056 0.28 0 0 0 0 0 0 0 0 0
0000000000000000 1000000000000000 bit124 0 0 74 32.00038 0.20 0 0 0 0 0 0 0 0 0
0000000000000000 2000000000000000 bit125 0 0 66 31.99956 -0.22 0 0 0 0 0 0 0 0 0
0000000000000000 4000000000000000 bit126 0 0 54 32.00154 0.79 0 0 0 0 0 0 0 0 0
0000000000000000 8000000000000000 bit127 0 0 59 31.99551 -2.30 0 0 0 0 0 0 0 0 0
0000000000000003 0000000000000000 bits0_1 0 0 57 31.99926 -0.38 0 0 0 0 0 0 0 0 0
0000000000000005 0000000000000000 bits0_2 0 0 55 32.00175 0.89 0 0 0 0 0 0 0 0 0
0000000000000009 0000000000000000 bits0_3 0 0 69 31.99709 -1.49 0 0 0 0 0 0 0 0 0
0000000000000011 0000000000000000 bits0_4 0 0 66 31.99951 -0.25 0 0 0 0 0 0 0 0 0
0000000000000021 0000000000000000 bits0_5 0 0 57 31.99862 -0.71 0 0 0 0 0 0 0 0 0
0000000000000041 0000000000000000 bits0_6 0 0 75 32.00102 0.52 0 0 0 0 0 0 0 0 0
0000000000000081 0000000000000000 bits0_7 0 0 55 31.99894 -0.54 0 0 0 0 0 0 0 0 0
0000000000000101 0000000000000000 bits0_8 0 0 72 32.00324 1.66 0 0 0 0 0 0 0 0 0
0000000000000201 0000000000000000 bits0_9 0 0 74 32.00264 1.35 0 0 0 0 0 0 0 0 0
0000000000000401 0000000000000000 bits0_10 0 0 67 32.00307 1.57 0 0 0 0 0 0 0 0 0
0000000000000801 0000000000000000 bits0_11 0 0 67 31.99842 -0.81 0 0 0 0 0 0 0 0 0
0000000000001001 0000000000000000 bits0_12 0 0 59 32.00154 0.79 0 0 0 0 0 0 0 0 0
0000000000002001 0000000000000000 bits0_13 0 0 56 32.00099 0.51 0 0 0 0 0 0 0 0 0
0000000000004001 0000000000000000 bits0_14 0 0 65 31.99830 -0.87 0 0 0 0 0 0 0 0 0
0000000000008001 0000000000000000 bits0_15 0 0 63 31.99776 -1.14 0 0 0 0 0 0 0 0 0
0000000000010001 0000000000000000 bits0_16 0 0 71 32.00232 1.19 0 0 0 0 0 0 0 0 0
0000000000020001 0000000000000000 bits0_17 0 0 63 32.00194 0.99 0 0 0 0 0 0 0 0 0
0000000000040001 0000000000000000 bits0_18 0 0 77 31.99968 -0.17 0 0 0 0 0 0 0 0 0
0000000000080001 0000000000000000 bits0_19 0 0 62 31.99724 -1.41 0 0 0 0 0 0 0 0 0
0000000000100001 0000000000000000 bits0_20 0 0 67 32.00152 0.78 0 0 0 0 0 0 0 0 0
0000000000200001 0000000000000000 bits0_21 0 0 66 32.00303 1.55 0 0 0 0 0 0 0 0 0
0000000000400001 0000000000000000 bits0_22 0 0 78 31.99929 -0.36 0 0 0 0 0 0 0 0 0
0000000000800001 0000000000000000 bits0_23 0 0 67 32.00148 0.76 0 0 0 0 0 0 0 0 0
0000000001000001 0000000000000000 bits0_24 0 0 63 31.99861 -0.71 0 0 0 0 0 0 0 0 0
0000000002000001 0000000000000000 bits0_25 0 0 58 31.99983 -0.09 0 0 0 0 0 0 0 0 0
0000000004000001 0000000000000000 bits0_26 0 0 64 31.99859 -0.72 0 0 0 0 0 0 0 0 0
0000000008000001 0000000000000000 bits0_27 0 0 58 32.00033 0.17 0 0 0 0 0 0 0 0 0
0000000010000001 0000000000000000 bits0_28 0 0 63 31.99780 -1.12 0 0 0 0 0 0 0 0 0
0000000020000001 0000000000000000 bits0_29 0 0 71 32.00132 0.68 0 0 0 0 0 0 0 0 0
0000000040000001 0000000000000000 bits0_30 0 0 56 32.00191 0.98 0 0 0 0 0 0 0 0 0
0000000080000001 0000000000000000 bits0_31 0 0 62 31.99947 -0.27 0 0 0 0 0 0 0 0 0
0000000100000001 0000000000000000 bits0_32 0 0 62 31.99808 -0.98 0 0 0 0 0 0 0 0 0
0000000200000001 0000000000000000 bits0_33 0 0 67 32.00029 0.15 0 0 0 0 0 0 0 0 0
0000000400000001 0000000000000000 bits0_34 0 0 59 32.00016 0.08 0 0 0 0 0 0 0 0 0
0000000800000001 0000000000000000 bits0_35 0 0 59 31.99612 -1.99 0 0 0 0 0 0 0 0 0
0000001000000001 0000000000000000 bits0_36 0 0 65 31.99947 -0.27 0 0 0 0 0 0 0 0 0
0000002000000001 0000000000000000 bits0_37 0 0 58 32.00145 0.74 0 0 0 0 0 0 0 0 0
0000004000000001 0000000000000000 bits0_38 0 0 62 31.99962 -0.19 0 0 0 0 0 0 0 0 0
0000008000000001 0000000000000000 bits0_39 0 0 61 32.00093 0.48 0 0 0 0 0 0 0 0 0
0000010000000001 0000000000000000 bits0_40 0 0 76 32.00033 0.17 0 0 0 0 0 0 0 0 0
0000020000000001 0000000000000000 bits0_41 0 0 63 31.99897 -0.53 0 0 0 0 0 0 0 0 0
0000040000000001 0000000000000000 bits0_42 0 0 58 32.00177 0.91 0 0 0 0 0 0 0 0 0
0000080000000001 0000000000000000 bits0_43 0 0 71 31.99843 -0.80 0 0 0 0 0 0 0 0 0
0000100000000001 0000000000000000 bits0_44 0 0 70 32.00278 1.42 0 0 0 0 0 0 0 0 0
0000200000000001 0000000000000000 bits0_45 0 0 50 32.00134 0.68 0 0 0 0 0 0 0 0 0
0000400000000001 0000000000000000 bits0_46 0 0 74 32.00243 1.24 0 0 0 0 0 0 0 0 0
0000800000000001 0000000000000000 bits0_47 0 0 52 31.99762 -1.22 0 0 0 0 0 0 0 0 0
0001000000000001 0000000000000000 bits0_48 0 0 62 32.00035 0.18 0 0 0 0 0 0 0 0 0
0002000000000001 0000000000000000 bits0_49 0 0 83 31.99750 -1.28 0 0 0 0 0 0 0 0 0
0004000000000001 0000000000000000 bits0_50 0 0 62 32.00137 0.70 0 0 0 0 0 0 0 0 0
0008000000000001 0000000000000000 bits0_51 0 0 76 31.99701 -1.53 0 0 0 0 0 0 0 0 0
0010000000000001 0000000000000000 bits0_52 0 0 58 32.00318 1.63 0 0 0 0 0 0 0 0 0
0020000000000001 0000000000000000 bits0_53 0 0 69 31.99889 -0.57 0 0 0 0 0 0 0 0 0
0040000000000001 0000000000000000 bits0_54 0 0 65 32.00313 1.60 0 0 0 0 0 0 0 0 0
0080000000000001 0000000000000000 bits0_55 0 0 92 32.00081 0.41 0 0 0 0 0 0 0 0 0
0100000000000001 0000000000000000 bits0_56 0 0 51 31.99631 -1.89 0 0 0 0 0 0 0 0 0
0200000000000001 0000000000000000 bits0_57 0 0 59 31.99707 -1.50 0 0 0 0 0 0 0 0 0
0400000000000001 0000000000000000 bits0_58 0 0 65 32.00038 0.19 0 0 0 0 0 0 0 0 0
0800000000000001 0000000000000000 bits0_59 0 0 65 31.99818 -0.93 0 0 0 0 0 0 0 0 0
1000000000000001 0000000000000000 bits0_60 0 0 53 31.99865 -0.69 0 0 0 0 0 0 0 0 0
2000000000000001 0000000000000000 bits0_61 0 0 54 31.99958 -0.22 0 0 0 0 0 0 0 0 0
4000000000000001 0000000000000000 bits0_62 0 0 74 31.99913 -0.45 0 0 0 0 0 0 0 0 0
8000000000000001 0000000000000000 bits0_63 0 0 78 32.00011 0.06 0 0 0 0 0 0 0 0 0
0000000000000001 0000000000000001 bits0_64 0 0 62 32.00128 0.66 0 0 0 0 0 0 0 0 0
0000000000000001 0000000000000002 bits0_65 0 0 75 31.99866 -0.68 0 0 0 0 0 0 0 0 0
0000000000000001 0000000000000004 bits0_66 0 0 71 31.99962 -0.19 0 0 0 0 0 0 0 0 0
0000000000000001 0000000000000008 bits0_67 0 0 63 31.99840 -0.82 0 0 0 0 0 0 0 0 0
0000000000000001 0000000000000010 bits0_68 0 0 83 31.99919 -0.42 0 0 0 0 0 0 0 0 0
0000000000000001 0000000000000020 bits0_69 0 0 65 31.99837 -0.83 0 0 0 0 0 0 0 0 0
0000000000000001 0000000000000040 bits0_70 0 0 61 32.00263 1.34 0 0 0 0 0 0 0 0 0
0000000000000001 0000000000000080 bits0_71 0 0 56 31.99984 -0.08 0 0 0 0 0 0 0 0 0
0000000000000001 0000000000000100 bits0_72 0 0 67 31.99983 -0.09 0 0 0 0 0 0 0 0 0
0000000000000001 0000000000000200 bits0_73 0 0 70 31.99704 -1.51 0 0 0 0 0 0 0 0 0
0000000000000001 0000000000000400 bits0_74 0 0 66 31.99954 -0.23 0 0 0 0 0 0 0 0 0
0000000000000001 0000000000000800 bits0_75 0 0 69 32.00111 0.57 0 0 0 0 0 0 0 0 0
0000000000000001 0000000000001000 bits0_76 0 0 45 31.99733 -1.36 0 0 0 0 0 0 0 0 0
0000000000000001 0000000000002000 bits0_77 0 0 75 31.99971 -0.15 0 0 0 0 0 0 0 0 0
0000000000000001 0000000000004000 bits0_78 0 0 63 31.99722 -1.42 0 0 0 0 0 0 0 0 0
0000000000000001 0000000000008000 bits0_79 0 0 73 32.00025 0.13 0 0 0 0 0 0 0 0 0
0000000000000001 0000000000010000 bits0_80 0 0 59 32.00081 0.42 0 0 0 0 0 0 0 0 0
0000000000000001 0000000000020000 bits0_81 0 0 67 31.99891 -0.56 0 0 0 0 0 0 0 0 0
0000000000000001 0000000000040000 bits0_82 0 0 58 31.99752 -1.27 0 0 0 0 0 0 0 0 0
0000000000000001 0000000000080000 bits0_83 0 0 72 31.99674 -1.67 0 0 0 0 0 0 0 0 0
0000000000000001 0000000000100000 bits0_84 0 0 57 31.99985 -0.07 0 0 0 0 0 0 0 0 0
0000000000000001 0000000000200000 bits0_85 0 0 68 32.00037 0.19 0 0 0 0 0 0 0 0 0
0000000000000001 0000000000400000 bits0_86 0 0 70 32.00415 2.13 0 0 0 0 0 0 0 0 0
0000000000000001 0000000000800000 bits0_87 0 0 70 32.00082 0.42 0 0 0 0 0 0 0 0 0
0000000000000001 0000000001000000 bits0_88 0 0 67 32.00028 0.14 0 0 0 0 0 0 0 0 0
0000000000000001 0000000002000000 bits0_89 0 0 61 31.99885 -0.59 0 0 0 0 0 0 0 0 0
0000000000000001 0000000004000000 bits0_90 0 0 72 31.99986 -0.07 0 0 0 0 0 0 0 0 0
0000000000000001 0000000008000000 bits0_91 0 0 55 32.00117 0.60 0 0 0 0 0 0 0 0 0
0000000000000001 0000000010000000 bits0_92 0 0 47 31.99958 -0.21 0 0 0 0 0 0 0 0 0
0000000000000001 0000000020000000 bits0_93 0 0 72 31.99881 -0.61 0 0 0 0 0 0 0 0 0
0000000000000001 0000000040000000 bits0_94 0 0 62 31.99512 -2.50 0 0 0 0 0 0 0 0 0
0000000000000001 0000000080000000 bits0_95 0 0 65 31.99583 -2.13 0 0 0 0 0 0 0 0 0
0000000000000001 0000000100000000 bits0_96 0 0 60 31.99691 -1.58 0 0 0 0 0 0 0 0 0
0000000000000001 0000000200000000 bits0_97 0 0 57 32.00017 0.09 0 0 0 0 0 0 0 0 0
0000000000000001 0000000400000000 bits0_98 0 0 60 31.99853 -0.75 0 0 0 0 0 0 0 0 0
0000000000000001 0000000800000000 bits0_99 0 0 69 31.99639 -1.85 0 0 0 0 0 0 0 0 0
0000000000000001 0000001000000000 bits0_100 0 0 66 32.00124 0.64 0 0 0 0 0 0 0 0 0
0000000000000001 0000002000000000 bits0_101 0 0 63 32.00410 2.10 0 0 0 0 0 0 0 0 0
0000000000000001 0000004000000000 bits0_102 0 0 66 31.99870 -0.67 0 0 0 0 0 0 0 0 0
0000000000000001 0000008000000000 bits0_103 0 0 61 32.00109 0.56 0 0 0 0 0 0 0 0 0
0000000000000001 0000010000000000 bits0_104 0 0 74 31.99962 -0.19 0 0 0 0 0 0 0 0 0
0000000000000001 0000020000000000 bits0_105 0 0 53 31.99773 -1.16 0 0 0 0 0 0 0 0 0
0000000000000001 0000040000000000 bits0_106 0 0 60 32.00099 0.51 0 0 0 0 0 0 0 0 0
0000000000000001 0000080000000000 bits0_107 0 0 63 32.00027 0.14 0 0 0 0 0 0 0 0 0
0000000000000001 0000100000000000 bits0_108 0 0 62 32.00022 0.11 0 0 0 0 0 0 0 0 0
0000000000000001 0000200000000000 bits0_109 0 0 55 32.00003 0.01 0 0 0 0 0 0 0 0 0
0000000000000001 0000400000000000 bits0_110 0 0 67 32.00353 1.81 0 0 0 0 0 0 0 0 0
0000000000000001 0000800000000000 bits0_111 0 0 64 32.00354 1.81 0 0 0 0 0 0 0 0 0
0000000000000001 0001000000000000 bits0_112 0 0 67 31.99795 -1.05 0 0 0 0 0 0 0 0 0
0000000000000001 0002000000000000 bits0_113 0 0 61 32.00299 1.53 0 0 0 0 0 0 0 0 0
0000000000000001 0004000000000000 bits0_114 0 0 62 32.00085 0.44 0 0 0 0 0 0 0 0 0
0000000000000001 0008000000000000 bits0_115 0 0 65 32.00413 2.12 0 0 0 0 0 0 0 0 0
0000000000000001 0010000000000000 bits0_116 0 0 71 31.99988 -0.06 0 0 0 0 0 0 0 0 0
0000000000000001 0020000000000000 bits0_117 0 0 75 32.00037 0.19 0 0 0 0 0 0 0 0 0
0000000000000001 0040000000000000 bits0_118 0 0 59 32.00212 1.08 0 0 0 0 0 0 0 0 0
0000000000000001 0080000000000000 bits0_119 0 0 72 32.00337 1.72 0 0 0 0 0 0 0 0 0
0000000000000001 0100000000000000 bits0_120 0 0 75 32.00108 0.56 0 0 0 0 0 0 0 0 0
0000000000000001 0200000000000000 bits0_121 0 0 57 31.99952 -0.24 0 0 0 0 0 0 0 0 0
0000000000000001 0400000000000000 bits0_122 0 0 62 32.00085 0.44 0 0 0 0 0 0 0 0 0
0000000000000001 0800000000000000 bits0_123 0 0 56 31.99852 -0.76 0 0 0 0 0 0 0 0 0
0000000000000001 1000000000000000 bits0_124 0 0 67 31.99977 -0.12 0 0 0 0 0 0 0 0 0
0000000000000001 2000000000000000 bits0_125 0 0 78 32.00300 1.54 0 0 0 0 0 0 0 0 0
0000000000000001 4000000000000000 bits0_126 0 0 52 31.99800 -1.03 0 0 0 0 0 0 0 0 0
0000000000000001 8000000000000000 bits0_127 0 0 64 31.99655 -1.77 0 0 0 0 0 0 0 0 0
0000000000000006 0000000000000000 bits1_2 0 0 58 32.00040 0.20 0 0 0 0 0 0 0 0 0
000000000000000a 0000000000000000 bits1_3 0 0 63 32.00035 0.18 0 0 0 0 0 0 0 0 0
0000000000000012 0000000000000000 bits1_4 0 0 64 32.00197 1.01 0 0 0 0 0 0 0 0 0
0000000000000022 0000000000000000 bits1_5 0 0 54 32.00102 0.52 0 0 0 0 0 0 0 0 0
0000000000000042 0000000000000000 bits1_6 0 0 66 32.00129 0.66 0 0 0 0 0 0 0 0 0
0000000000000082 0000000000000000 bits1_7 0 0 66 31.99943 -0.29 0 0 0 0 0 0 0 0 0
0000000000000102 0000000000000000 bits1_8 0 0 59 32.00079 0.41 0 0 0 0 0 0 0 0 0
0000000000000202 0000000000000000 bits1_9 0 0 72 31.99884 -0.59 0 0 0 0 0 0 0 0 0
0000000000000402 0000000000000000 bits1_10 0 0 57 31.99842 -0.81 0 0 0 0 0 0 0 0 0
0000000000000802 0000000000000000 bits1_11 0 0 64 31.99767 -1.19 0 0 0 0 0 0 0 0 0
0000000000001002 0000000000000000 bits1_12 0 0 59 31.99936 -0.33 0 0 0 0 0 0 0 0 0
0000000000002002 0000000000000000 bits1_13 0 0 66 31.99694 -1.57 0 0 0 0 0 0 0 0 0
0000000000004002 0000000000000000 bits1_14 0 0 53 31.99849 -0.77 0 0 0 0 0 0 0 0 0
0000000000008002 0000000000000000 bits1_15 0 0 63 31.99864 -0.69 0 0 0 0 0 0 0 0 0
0000000000010002 0000000000000000 bits1_16 0 0 68 32.00208 1.06 0 0 0 0 0 0 0 0 0
0000000000020002 0000000000000000 bits1_17 0 0 56 32.00102 0.52 0 0 0 0 0 0 0 0 0
0000000000040002 0000000000000000 bits1_18 0 0 74 32.00582 2.98 0 0 0 0 0 0 0 0 0
0000000000080002 0000000000000000 bits1_19 0 0 80 31.99622 -1.94 0 0 0 0 0 0 0 0 0
0000000000100002 0000000000000000 bits1_20 0 0 64 31.99988 -0.06 0 0 0 0 0 0 0 0 0
0000000000200002 0000000000000000 bits1_21 0 0 65 31.99924 -0.39 0 0 0 0 0 0 0 0 0
0000000000400002 0000000000000000 bits1_22 0 0 79 32.00058 0.30 0 0 0 0 0 0 0 0 0
0000000000800002 0000000000000000 bits1_23 0 0 71 32.00079 0.41 0 0 0 0 0 0 0 0 0
0000000001000002 0000000000000000 bits1_24 0 0 67 32.00165 0.84 0 0 0 0 0 0 0 0 0
0000000002000002 0000000000000000 bits1_25 0 0 66 32.00343 1.76 0 0 0 0 0 0 0 0 0
0000000004000002 0000000000000000 bits1_26 0 0 67 31.99989 -0.06 0 0 0 0 0 0 0 0 0
0000000008000002 0000000000000000 bits1_27 0 0 64 32.00199 1.02 0 0 0 0 0 0 0 0 0
0000000010000002 0000000000000000 bits1_28 0 0 63 32.00255 1.31 0 0 0 0 0 0 0 0 0
0000000020000002 0000000000000000 bits1_29 0 0 64 31.99575 -2.18 0 0 0 0 0 0 0 0 0
0000000040000002 0000000000000000 bits1_30 0 0 57 31.99834 -0.85 0 0 0 0 0 0 0 0 0
0000000080000002 0000000000000000 bits1_31 0 0 60 31.99874 -0.64 0 0 0 0 0 0 0 0 0
0000000100000002 0000000000000000 bits1_32 0 0 60 31.99842 -0.81 0 0 0 0 0 0 0 0 0
0000000200000002 0000000000000000 bits1_33 0 0 76 31.99947 -0.27 0 0 0 0 0 0 0 0 0
0000000400000002 0000000000000000 bits1_34 0 0 62 32.00201 1.03 0 0 0 0 0 0 0 0 0
0000000800000002 0000000000000000 bits1_35 0 0 75 31.99792 -1.07 0 0 0 0 0 0 0 0 0
0000001000000002 0000000000000000 bits1_36 0 0 76 32.00270 1.38 0 0 0 0 0 0 0 0 0
0000002000000002 0000000000000000 bits1_37 0 0 50 31.99916 -0.43 0 0 0 0 0 0 0 0 0
0000004000000002 0000000000000000 bits1_38 0 0 67 31.99993 -0.04 0 0 0 0 0 0 0 0 0
0000008000000002 0000000000000000 bits1_39 0 0 65 32.00089 0.46 0 0 0 0 0 0 0 0 0
0000010000000002 0000000000000000 bits1_40 0 0 75 31.99938 -0.32 0 0 0 0 0 0 0 0 0
0000020000000002 0000000000000000 bits1_41 0 0 66 31.99815 -0.95 0 0 0 0 0 0 0 0 0
0000040000000002 0000000000000000 bits1_42 0 0 66 31.99949 -0.26 0 0 0 0 0 0 0 0 0
0000080000000002 0000000000000000 bits1_43 0 0 73 32.00167 0.85 0 0 0 0 0 0 0 0 0
0000100000000002 0000000000000000 bits1_44 0 0 69 31.99982 -0.09 0 0 0 0 0 0 0 0 0
0000200000000002 0000000000000000 bits1_45 0 0 48 32.00148 0.76 0 0 0 0 0 0 0 0 0
0000400000000002 0000000000000000 bits1_46 0 0 63 31.99862 -0.71 0 0 0 0 0 0 0 0 0
0000800000000002 0000000000000000 bits1_47 0 0 52 31.99880 -0.61 0 0 0 0 0 0 0 0 0
0001000000000002 0000000000000000 bits1_48 0 0 60 31.99930 -0.36 0 0 0 0 0 0 0 0 0
0002000000000002 0000000000000000 bits1_49 0 0 64 32.00013 0.07 0 0 0 0 0 0 0 0 0
0004000000000002 0000000000000000 bits1_50 0 0 63 32.00038 0.19 0 0 0 0 0 0 0 0 0
0008000000000002 0000000000000000 bits1_51 0 0 72 31.99811 -0.97 0 0 0 0 0 0 0 0 0
0010000000000002 0000000000000000 bits1_52 0 0 72 32.00275 1.41 0 0 0 0 0 0 0 0 0
0020000000000002 0000000000000000 bits1_53 0 0 62 31.99907 -0.48 0 0 0 0 0 0 0 0 0
0040000000000002 0000000000000000 bits1_54 0 0 74 31.99931 -0.35 0 0 0 0 0 0 0 0 0
0080000000000002 0000000000000000 bits1_55 0 0 61 31.99833 -0.86 0 0 0 0 0 0 0 0 0
0100000000000002 0000000000000000 bits1_56 0 0 62 31.99742 -1.32 0 0 0 0 0 0 0 0 0
0200000000000002 0000000000000000 bits1_57 0 0 57 32.00291 1.49 0 0 0 0 0 0 0 0 0
0400000000000002 0000000000000000 bits1_58 0 0 54 31.99738 -1.34 0 0 0 0 0 0 0 0 0
0800000000000002 0000000000000000 bits1_59 0 0 75 31.99999 -0.00 0 0 0 0 0 0 0 0 0
1000000000000002 0000000000000000 bits1_60 0 0 69 32.00224 1.15 0 0 0 0 0 0 0 0 0
2000000000000002 0000000000000000 bits1_61 0 0 65 31.99837 -0.83 0 0 0 0 0 0 0 0 0
4000000000000002 0000000000000000 bits1_62 0 0 58 31.99924 -0.39 0 0 0 0 0 0 0 0 0
8000000000000002 0000000000000000 bits1_63 0 0 65 32.00074 0.38 0 0 0 0 0 0 0 0 0
0000000000000002 0000000000000001 bits1_64 0 0 61 32.00045 0.23 0 0 0 0 0 0 0 0 0
0000000000000002 0000000000000002 bits1_65 0 0 57 32.00126 0.64 0 0 0 0 0 0 0 0 0
0000000000000002 0000000000000004 bits1_66 0 0 56 31.99767 -1.20 0 0 0 0 0 0 0 0 0
0000000000000002 0000000000000008 bits1_67 0 0 68 32.00087 0.45 0 0 0 0 0 0 0 0 0
0000000000000002 0000000000000010 bits1_68 0 0 55 32.00269 1.38 0 0 0 0 0 0 0 0 0
0000000000000002 0000000000000020 bits1_69 0 0 66 32.00115 0.59 0 0 0 0 0 0 0 0 0
0000000000000002 0000000000000040 bits1_70 0 0 74 32.00050 0.26 0 0 0 0 0 0 0 0 0
0000000000000002 0000000000000080 bits1_71 0 0 69 31.99910 -0.46 0 0 0 0 0 0 0 0 0
0000000000000002 0000000000000100 bits1_72 0 0 71 31.99919 -0.41 0 0 0 0 0 0 0 0 0
0000000000000002 0000000000000200 bits1_73 0 0 67 31.99718 -1.44 0 0 0 0 0 0 0 0 0
0000000000000002 0000000000000400 bits1_74 0 0 55 31.99993 -0.04 0 0 0 0 0 0 0 0 0
0000000000000002 0000000000000800 bits1_75 0 0 87 32.00093 0.47 0 0 0 0 0 0 0 0 0
0000000000000002 0000000000001000 bits1_76 0 0 60 32.00270 1.38 0 0 0 0 0 0 0 0 0
0000000000000002 0000000000002000 bits1_77 0 0 62 31.99720 -1.43 0 0 0 0 0 0 0 0 0
0000000000000002 0000000000004000 bits1_78 0 0 64 31.99984 -0.08 0 0 0 0 0 0 0 0 0
0000000000000002 0000000000008000 bits1_79 0 0 72 31.99869 -0.67 0 0 0 0 0 0 0 0 0
0000000000000002 0000000000010000 bits1_80 0 0 73 32.00110 0.56 0 0 0 0 0 0 0 0 0
0000000000000002 0000000000020000 bits1_81 0 0 63 31.99824 -0.90 0 0 0 0 0 0 0 0 0
0000000000000002 0000000000040000 bits1_82 0 0 66 32.00208 1.06 0 0 0 0 0 0 0 0 0
0000000000000002 0000000000080000 bits1_83 0 0 64 32.00259 1.33 0 0 0 0 0 0 0 0 0
0000000000000002 0000000000100000 bits1_84 0 0 85 31.99739 -1.34 0 0 0 0 0 0 0 0 0
0000000000000002 0000000000200000 bits1_85 0 0 69 31.99898 -0.52 0 0 0 0 0 0 0 0 0
0000000000000002 0000000000400000 bits1_86 0 0 65 32.00010 0.05 0 0 0 0 0 0 0 0 0
0000000000000002 0000000000800000 bits1_87 0 0 68 32.00086 0.44 0 0 0 0 0 0 0 0 0
0000000000000002 0000000001000000 bits1_88 0 0 78 31.99803 -1.01 0 0 0 0 0 0 0 0 0
0000000000000002 0000000002000000 bits1_89 0 0 70 31.99951 -0.25 0 0 0 0 0 0 0 0 0
0000000000000002 0000000004000000 bits1_90 0 0 50 32.00178 0.91 0 0 0 0 0 0 0 0 0
0000000000000002 0000000008000000 bits1_91 0 0 68 31.99654 -1.77 0 0 0 0 0 0 0 0 0
0000000000000002 0000000010000000 bits1_92 0 0 62 31.99502 -2.55 0 0 0 0 0 0 0 0 0
0000000000000002 0000000020000000 bits1_93 0 0 71 31.99997 -0.02 0 0 0 0 0 0 0 0 0
0000000000000002 0000000040000000 bits1_94 0 0 68 32.00078 0.40 0 0 0 0 0 0 0 0 0
0000000000000002 0000000080000000 bits1_95 0 0 55 32.00313 1.60 0 0 0 0 0 0 0 0 0
0000000000000002 0000000100000000 bits1_96 0 0 66 31.99894 -0.54 0 0 0 0 0 0 0 0 0
0000000000000002 0000000200000000 bits1_97 0 0 50 31.99786 -1.10 0 0 0 0 0 0 0 0 0
0000000000000002 0000000400000000 bits1_98 0 0 78 32.00470 2.41 0 0 0 0 0 0 0 0 0
0000000000000002 0000000800000000 bits1_99 0 0 73 32.00134 0.69 0 0 0 0 0 0 0 0 0
0000000000000002 0000001000000000 bits1_100 0 0 63 31.99840 -0.82 0 0 0 0 0 0 0 0 0
0000000000000002 0000002000000000 bits1_101 0 0 65 32.00009 0.05 0 0 0 0 0 0 0 0 0
0000000000000002 0000004000000000 bits1_102 0 0 47 32.00179 0.91 0 0 0 0 0 0 0 0 0
0000000000000002 0000008000000000 bits1_103 0 0 59 32.00411 2.10 0 0 0 0 0 0 0 0 0
0000000000000002 0000010000000000 bits1_104 0 0 65 32.00126 0.64 0 0 0 0 0 0 0 0 0
0000000000000002 0000020000000000 bits1_105 0 0 59 32.00041 0.21 0 0 0 0 0 0 0 0 0
0000000000000002 0000040000000000 bits1_106 0 0 59 31.99847 -0.78 0 0 0 0 0 0 0 0 0
0000000000000002 0000080000000000 bits1_107 0 0 70 31.99892 -0.55 0 0 0 0 0 0 0 0 0
0000000000000002 0000100000000000 bits1_108 0 0 58 32.00093 0.48 0 0 0 0 0 0 0 0 0
0000000000000002 0000200000000000 bits1_109 0 0 77 31.99753 -1.26 0 0 0 0 0 0 0 0 0
0000000000000002 0000400000000000 bits1_110 0 0 55 32.00108 0.55 0 0 0 0 0 0 0 0 0
0000000000000002 0000800000000000 bits1_111 0 0 60 32.00008 0.04 0 0 0 0 0 0 0 0 0
0000000000000002 0001000000000000 bits1_112 0 0 58 32.00173 0.89 0 0 0 0 0 0 0 0 0
0000000000000002 0002000000000000 bits1_113 0 0 62 31.99721 -1.43 0 0 0 0 0 0 0 0 0
0000000000000002 0004000000000000 bits1_114 0 0 58 32.00169 0.86 0 0 0 0 0 0 0 0 0
0000000000000002 0008000000000000 bits1_115 0 0 61 32.00361 1.85 0 0 0 0 0 0 0 0 0
0000000000000002 0010000000000000 bits1_116 0 0 64 32.00022 0.11 0 0 0 0 0 0 0 0 0
0000000000000002 0020000000000000 bits1_117 0 0 57 31.99831 -0.86 0 0 0 0 0 0 0 0 0
0000000000000002 0040000000000000 bits1_118 0 0 67 31.99806 -1.00 0 0 0 0 0 0 0 0 0
0000000000000002 0080000000000000 bits1_119 0 0 53 31.99853 -0.75 0 0 0 0 0 0 0 0 0
0000000000000002 0100000000000000 bits1_120 0 0 57 31.99769 -1.18 0 0 0 0 0 0 0 0 0
0000000000000002 0200000000000000 bits1_121 0 0 52 31.99820 -0.92 0 0 0 0 0 0 0 0 0
0000000000000002 0400000000000000 bits1_122 0 0 74 32.00023 0.12 0 0 0 0 0 0 0 0 0
0000000000000002 0800000000000000 bits1_123 0 0 61 31.99943 -0.29 0 0 0 0 0 0 0 0 0
0000000000000002 1000000000000000 bits1_124 0 0 74 32.00191 0.98 0 0 0 0 0 0 0 0 0
0000000000000002 2000000000000000 bits1_125 0 0 58 32.00031 0.16 0 0 0 0 0 0 0 0 0
0000000000000002 4000000000000000 bits1_126 0 0 67 31.99917 -0.43 0 0 0 0 0 0 0 0 0
0000000000000002 8000000000000000 bits1_127 0 0 55 32.00229 1.17 0 0 0 0 0 0 0 0 0
000000000000000c 0000000000000000 bits2_3 0 0 63 32.00245 1.25 0 0 0 0 0 0 0 0 0
0000000000000014 0000000000000000 bits2_4 0 0 53 31.99510 -2.51 0 0 0 0 0 0 0 0 0
0000000000000024 0000000000000000 bits2_5 0 0 59 32.00033 0.17 0 0 0 0 0 0 0 0 0
0000000000000044 0000000000000000 bits2_6 0 0 62 31.99717 -1.45 0 0 0 0 0 0 0 0 0
0000000000000084 0000000000000000 bits2_7 0 0 54 32.00097 0.50 0 0 0 0 0 0 0 0 0
0000000000000104 0000000000000000 bits2_8 0 0 58 31.99934 -0.34 0 0 0 0 0 0 0 0 0
0000000000000204 0000000000000000 bits2_9 0 0 69 31.99882 -0.60 0 0 0 0 0 0 0 0 0
0000000000000404 0000000000000000 bits2_10 0 0 62 32.00088 0.45 0 0 0 0 0 0 0 0 0
0000000000000804 0000000000000000 bits2_11 0 0 58 32.00137 0.70 0 0 0 0 0 0 0 0 0
0000000000001004 0000000000000000 bits2_12 0 0 61 32.00285 1.46 0 0 0 0 0 0 0 0 0
0000000000002004 0000000000000000 bits2_13 0 0 63 31.99994 -0.03 0 0 0 0 0 0 0 0 0
0000000000004004 0000000000000000 bits2_14 0 0 60 31.99758 -1.24 0 0 0 0 0 0 0 0 0
0000000000008004 0000000000000000 bits2_15 0 0 69 31.99923 -0.40 0 0 0 0 0 0 0 0 0
0000000000010004 0000000000000000 bits2_16 0 0 62 31.99861 -0.71 0 0 0 0 0 0 0 0 0
0000000000020004 0000000000000000 bits2_17 0 0 56 31.99791 -1.07 0 0 0 0 0 0 0 0 0
0000000000040004 0000000000000000 bits2_18 0 0 55 31.99869 -0.67 0 0 0 0 0 0 0 0 0
0000000000080004 0000000000000000 bits2_19 0 0 53 32.00138 0.71 0 0 0 0 0 0 0 0 0
0000000000100004 0000000000000000 bits2_20 0 0 67 32.00044 0.23 0 0 0 0 0 0 0 0 0
0000000000200004 0000000000000000 bits2_21 0 0 82 31.99991 -0.05 0 0 0 0 0 0 0 0 0
0000000000400004 0000000000000000 bits2_22 0 0 59 32.00006 0.03 0 0 0 0 0 0 0 0 0
0000000000800004 0000000000000000 bits2_23 0 0 64 32.00150 0.77 0 0 0 0 0 0 0 0 0
0000000001000004 0000000000000000 bits2_24 0 0 72 31.99721 -1.43 0 0 0 0 0 0 0 0 0
0000000002000004 0000000000000000 bits2_25 0 0 49 31.99924 -0.39 0 0 0 0 0 0 0 0 0
0000000004000004 0000000000000000 bits2_26 0 0 59 31.99776 -1.15 0 0 0 0 0 0 0 0 0
0000000008000004 0000000000000000 bits2_27 0 0 56 32.00447 2.29 0 0 0 0 0 0 0 0 0
0000000010000004 0000000000000000 bits2_28 0 0 74 31.99771 -1.17 0 0 0 0 0 0 0 0 0
0000000020000004 0000000000000000 bits2_29 0 0 52 31.99823 -0.91 0 0 0 0 0 0 0 0 0
0000000040000004 0000000000000000 bits2_30 0 0 70 31.99998 -0.01 0 0 0 0 0 0 0 0 0
0000000080000004 0000000000000000 bits2_31 0 0 76 32.00008 0.04 0 0 0 0 0 0 0 0 0
0000000100000004 0000000000000000 bits2_32 0 0 72 31.99917 -0.42 0 0 0 0 0 0 0 0 0
0000000200000004 0000000000000000 bits2_33 0 0 63 32.00333 1.71 0 0 0 0 0 0 0 0 0
0000000400000004 0000000000000000 bits2_34 0 0 77 32.00178 0.91 0 0 0 0 0 0 0 0 0
0000000800000004 0000000000000000 bits2_35 0 0 89 31.99995 -0.03 0 0 0 0 0 0 0 0 0
0000001000000004 0000000000000000 bits2_36 0 0 70 32.00033 0.17 0 0 0 0 0 0 0 0 0
0000002000000004 0000000000000000 bits2_37 0 0 62 31.99882 -0.60 0 0 0 0 0 0 0 0 0
0000004000000004 0000000000000000 bits2_38 0 0 72 32.00134 0.69 0 0 0 0 0 0 0 0 0
0000008000000004 0000000000000000 bits2_39 0 0 63 31.99897 -0.53 0 0 0 0 0 0 0 0 0
0000010000000004 0000000000000000 bits2_40 0 0 51 32.00103 0.53 0 0 0 0 0 0 0 0 0
0000020000000004 0000000000000000 bits2_41 0 0 58 31.99885 -0.59 0 0 0 0 0 0 0 0 0
0000040000000004 0000000000000000 bits2_42 0 0 62 32.00003 0.02 0 0 0 0 0 0 0 0 0
0000080000000004 0000000000000000 bits2_43 0 0 67 31.99842 -0.81 0 0 0 0 0 0 0 0 0
0000100000000004 0000000000000000 bits2_44 0 0 55 31.99815 -0.95 0 0 0 0 0 0 0 0 0
0000200000000004 0000000000000000 bits2_45 0 0 68 32.00486 2.49 0 0 0 0 0 0 0 0 0
0000400000000004 0000000000000000 bits2_46 0 0 54 32.00001 0.01 0 0 0 0 0 0 0 0 0
0000800000000004 0000000000000000 bits2_47 0 0 81 31.99818 -0.93 0 0 0 0 0 0 0 0 0
0001000000000004 0000000000000000 bits2_48 0 0 78 32.00031 0.16 0 0 0 0 0 0 0 0 0
0002000000000004 0000000000000000 bits2_49 0 0 72 32.00288 1.48 0 0 0 0 0 0 0 0 0
0004000000000004 0000000000000000 bits2_50 0 0 55 31.99803 -1.01 0 0 0 0 0 0 0 0 0
0008000000000004 0000000000000000 bits2_51 0 0 55 32.00372 1.90 0 0 0 0 0 0 0 0 0
0010000000000004 0000000000000000 bits2_52 0 0 63 31.99903 -0.50 0 0 0 0 0 0 0 0 0
0020000000000004 0000000000000000 bits2_53 0 0 59 31.99981 -0.10 0 0 0 0 0 0 0 0 0
0040000000000004 0000000000000000 bits2_54 0 0 70 31.99700 -1.53 0 0 0 0 0 0 0 0 0
0080000000000004 0000000000000000 bits2_55 0 0 55 31.99996 -0.02 0 0 0 0 0 0 0 0 0
0100000000000004 0000000000000000 bits2_56 0 0 60 31.99601 -2.04 0 0 0 0 0 0 0 0 0
0200000000000004 0000000000000000 bits2_57 0 0 60 31.99836 -0.84 0 0 0 0 0 0 0 0 0
0400000000000004 0000000000000000 bits2_58 0 0 56 31.99712 -1.47 0 0 0 0 0 0 0 0 0
0800000000000004 0000000000000000 bits2_59 0 0 63 32.00260 1.33 0 0 0 0 0 0 0 0 0
1000000000000004 0000000000000000 bits2_60 0 0 69 32.00073 0.37 0 0 0 0 0 0 0 0 0
2000000000000004 0000000000000000 bits2_61 0 0 57 31.99907 -0.48 0 0 0 0 0 0 0 0 0
4000000000000004 0000000000000000 bits2_62 0 0 43 32.00277 1.42 0 0 0 0 0 0 0 0 0
8000000000000004 0000000000000000 bits2_63 0 0 74 32.00220 1.13 0 0 0 0 0 0 0 0 0
0000000000000004 0000000000000001 bits2_64 0 0 66 31.99975 -0.13 0 0 0 0 0 0 0 0 0
0000000000000004 0000000000000002 bits2_65 0 0 60 31.99883 -0.60 0 0 0 0 0 0 0 0 0
0000000000000004 0000000000000004 bits2_66 0 0 67 31.99737 -1.35 0 0 0 0 0 0 0 0 0
0000000000000004 0000000000000008 bits2_67 0 0 54 32.00005 0.03 0 0 0 0 0 0 0 0 0
0000000000000004 0000000000000010 bits2_68 0 0 61 31.99421 -2.97 0 0 0 0 0 0 0 0 0
0000000000000004 0000000000000020 bits2_69 0 0 59 32.00072 0.37 0 0 0 0 0 0 0 0 0
0000000000000004 0000000000000040 bits2_70 0 0 74 31.99902 -0.50 0 0 0 0 0 0 0 0 0
0000000000000004 0000000000000080 bits2_71 0 0 83 32.00184 0.94 0 0 0 0 0 0 0 0 0
0000000000000004 0000000000000100 bits2_72 0 0 70 32.00099 0.51 0 0 0 0 0 0 0 0 0
0000000000000004 0000000000000200 bits2_73 0 0 59 31.99941 -0.30 0 0 0 0 0 0 0 0 0
0000000000000004 0000000000000400 bits2_74 0 0 68 32.00024 0.12 0 0 0 0 0 0 0 0 0
0000000000000004 0000000000000800 bits2_75 0 0 67 31.99706 -1.51 0 0 0 0 0 0 0 0 0
0000000000000004 0000000000001000 bits2_76 0 0 56 32.00058 0.30 0 0 0 0 0 0 0 0 0
0000000000000004 0000000000002000 bits2_77 0 0 64 31.99762 -1.22 0 0 0 0 0 0 0 0 0
0000000000000004 0000000000004000 bits2_78 0 0 77 31.99933 -0.34 0 0 0 0 0 0 0 0 0
0000000000000004 0000000000008000 bits2_79 0 0 67 32.00098 0.50 0 0 0 0 0 0 0 0 0
0000000000000004 0000000000010000 bits2_80 0 0 62 31.99986 -0.07 0 0 0 0 0 0 0 0 0
0000000000000004 0000000000020000 bits2_81 0 0 56 31.99611 -1.99 0 0 0 0 0 0 0 0 0
0000000000000004 0000000000040000 bits2_82 0 0 52 32.00125 0.64 0 0 0 0 0 0 0 0 0
0000000000000004 0000000000080000 bits2_83 0 0 68 31.99766 -1.20 0 0 0 0 0 0 0 0 0
0000000000000004 0000000000100000 bits2_84 0 0 69 32.00076 0.39 0 0 0 0 0 0 0 0 0
0000000000000004 0000000000200000 bits2_85 0 0 84 31.99892 -0.55 0 0 0 0 0 0 0 0 0
0000000000000004 0000000000400000 bits2_86 0 0 69 32.00206 1.06 0 0 0 0 0 0 0 0 0
0000000000000004 0000000000800000 bits2_87 0 0 55 31.99731 -1.38 0 0 0 0 0 0 0 0 0
0000000000000004 0000000001000000 bits2_88 0 0 71 32.00053 0.27 0 0 0 0 0 0 0 0 0
0000000000000004 0000000002000000 bits2_89 0 0 69 32.00000 0.00 0 0 0 0 0 0 0 0 0
0000000000000004 0000000004000000 bits2_90 0 0 46 32.00045 0.23 0 0 0 0 0 0 0 0 0
0000000000000004 0000000008000000 bits2_91 0 0 71 31.99979 -0.11 0 0 0 0 0 0 0 0 0
0000000000000004 0000000010000000 bits2_92 0 0 61 31.99836 -0.84 0 0 0 0 0 0 0 0 0
0000000000000004 0000000020000000 bits2_93 0 0 74 31.99697 -1.55 0 0 0 0 0 0 0 0 0
0000000000000004 0000000040000000 bits2_94 0 0 64 32.00318 1.63 0 0 0 0 0 0 0 0 0
0000000000000004 0000000080000000 bits2_95 0 0 58 31.99995 -0.03 0 0 0 0 0 0 0 0 0
0000000000000004 0000000100000000 bits2_96 0 0 73 32.00215 1.10 0 0 0 0 0 0 0 0 0
0000000000000004 0000000200000000 bits2_97 0 0 60 31.99836 -0.84 0 0 0 0 0 0 0 0 0
0000000000000004 0000000400000000 bits2_98 0 0 74 31.99904 -0.49 0 0 0 0 0 0 0 0 0
0000000000000004 0000000800000000 bits2_99 0 0 59 32.00036 0.18 0 0 0 0 0 0 0 0 0
0000000000000004 0000001000000000 bits2_100 0 0 62 31.99916 -0.43 0 0 0 0 0 0 0 0 0
0000000000000004 0000002000000000 bits2_101 0 0 62 32.00084 0.43 0 0 0 0 0 0 0 0 0
0000000000000004 0000004000000000 bits2_102 0 0 68 31.99855 -0.74 0 0 0 0 0 0 0 0 0
0000000000000004 0000008000000000 bits2_103 0 0 66 31.99980 -0.10 0 0 0 0 0 0 0 0 0
0000000000000004 0000010000000000 bits2_104 0 0 60 32.00090 0.46 0 0 0 0 0 0 0 0 0
0000000000000004 0000020000000000 bits2_105 0 0 69 32.00286 1.46 0 0 0 0 0 0 0 0 0
0000000000000004 0000040000000000 bits2_106 0 0 62 31.99720 -1.44 0 0 0 0 0 0 0 0 0
0000000000000004 0000080000000000 bits2_107 0 0 61 32.00350 1.79 0 0 0 0 0 0 0 0 0
0000000000000004 0000100000000000 bits2_108 0 0 53 31.99982 -0.09 0 0 0 0 0 0 0 0 0
0000000000000004 0000200000000000 bits2_109 0 0 56 32.00029 0.15 0 0 0 0 0 0 0 0 0
0000000000000004 0000400000000000 bits2_110 0 0 80 32.00114 0.59 0 0 0 0 0 0 0 0 0
0000000000000004 0000800000000000 bits2_111 0 0 69 32.00276 1.41 0 0 0 0 0 0 0 0 0
0000000000000004 0001000000000000 bits2_112 0 0 61 31.99886 -0.59 0 0 0 0 0 0 0 0 0
0000000000000004 0002000000000000 bits2_113 0 0 71 32.00184 0.94 0 0 0 0 0 0 0 0 0
0000000000000004 0004000000000000 bits2_114 0 0 68 32.00152 0.78 0 0 0 0 0 0 0 0 0
0000000000000004 0008000000000000 bits2_115 0 0 70 31.99838 -0.83 0 0 0 0 0 0 0 0 0
0000000000000004 0010000000000000 bits2_116 0 0 59 31.99692 -1.58 0 0 0 0 0 0 0 0 0
0000000000000004 0020000000000000 bits2_117 0 0 69 31.99761 -1.22 0 0 0 0 0 0 0 0 0
0000000000000004 0040000000000000 bits2_118 0 0 49 32.00299 1.53 0 0 0 0 0 0 0 0 0
0000000000000004 0080000000000000 bits2_119 0 0 52 32.00034 0.17 0 0 0 0 0 0 0 0 0
0000000000000004 0100000000000000 bits2_120 0 0 55 32.00160 0.82 0 0 0 0 0 0 0 0 0
0000000000000004 0200000000000000 bits2_121 0 0 69 31.99964 -0.19 0 0 0 0 0 0 0 0 0
0000000000000004 0400000000000000 bits2_122 0 0 63 31.99662 -1.73 0 0 0 0 0 0 0 0 0
0000000000000004 0800000000000000 bits2_123 0 0 73 31.99925 -0.38 0 0 0 0 0 0 0 0 0
0000000000000004 1000000000000000 bits2_124 0 0 64 31.99975 -0.13 0 0 0 0 0 0 0 0 0
0000000000000004 2000000000000000 bits2_125 0 0 61 31.99986 -0.07 0 0 0 0 0 0 0 0 0
0000000000000004 4000000000000000 bits2_126 0 0 73 31.99978 -0.11 0 0 0 0 0 0 0 0 0
0000000000000004 8000000000000000 bits2_127 0 0 66 31.99765 -1.20 0 0 0 0 0 0 0 0 0
0000000000000018 0000000000000000 bits3_4 0 0 62 31.99767 -1.19 0 0 0 0 0 0 0 0 0
0000000000000028 0000000000000000 bits3_5 0 0 48 32.00090 0.46 0 0 0 0 0 0 0 0 0
0000000000000048 0000000000000000 bits3_6 0 0 56 32.00077 0.40 0 0 0 0 0 0 0 0 0
0000000000000088 0000000000000000 bits3_7 0 0 62 32.00187 0.96 0 0 0 0 0 0 0 0 0
0000000000000108 0000000000000000 bits3_8 0 0 69 32.00043 0.22 0 0 0 0 0 0 0 0 0
0000000000000208 0000000000000000 bits3_9 0 0 63 32.00091 0.47 0 0 0 0 0 0 0 0 0
0000000000000408 0000000000000000 bits3_10 0 0 59 32.00151 0.78 0 0 0 0 0 0 0 0 0
0000000000000808 0000000000000000 bits3_11 0 0 69 32.00199 1.02 0 0 0 0 0 0 0 0 0
0000000000001008 0000000000000000 bits3_12 0 0 56 32.00149 0.77 0 0 0 0 0 0 0 0 0
0000000000002008 0000000000000000 bits3_13 0 0 76 32.00172 0.88 0 0 0 0 0 0 0 0 0
0000000000004008 0000000000000000 bits3_14 0 0 65 31.99881 -0.61 0 0 0 0 0 0 0 0 0
0000000000008008 0000000000000000 bits3_15 0 0 79 32.00173 0.89 0 0 0 0 0 0 0 0 0
0000000000010008 0000000000000000 bits3_16 0 0 68 31.99892 -0.55 0 0 0 0 0 0 0 0 0
0000000000020008 0000000000000000 bits3_17 0 0 58 31.99712 -1.47 0 0 0 0 0 0 0 0 0
0000000000040008 0000000000000000 bits3_18 0 0 56 32.00253 1.30 0 0 0 0 0 0 0 0 0
0000000000080008 0000000000000000 bits3_19 0 0 54 31.99967 -0.17 0 0 0 0 0 0 0 0 0
0000000000100008 0000000000000000 bits3_20 0 0 65 31.99931 -0.35 0 0 0 0 0 0 0 0 0
0000000000200008 0000000000000000 bits3_21 0 0 56 31.99887 -0.58 0 0 0 0 0 0 0 0 0
0000000000400008 0000000000000000 bits3_22 0 0 64 32.00225 1.15 0 0 0 0 0 0 0 0 0
0000000000800008 0000000000000000 bits3_23 0 0 61 31.99965 -0.18 0 0 0 0 0 0 0 0 0
0000000001000008 0000000000000000 bits3_24 0 0 65 32.00042 0.22 0 0 0 0 0 0 0 0 0
0000000002000008 0000000000000000 bits3_25 0 0 57 31.99739 -1.34 0 0 0 0 0 0 0 0 0
0000000004000008 0000000000000000 bits3_26 0 0 93 32.00041 0.21 0 0 0 0 0 0 0 0 0
0000000008000008 0000000000000000 bits3_27 0 0 62 32.00160 0.82 0 0 0 0 0 0 0 0 0
0000000010000008 0000000000000000 bits3_28 0 0 69 31.99916 -0.43 0 0 0 0 0 0 0 0 0
0000000020000008 0000000000000000 bits3_29 0 0 52 32.00070 0.36 0 0 0 0 0 0 0 0 0
0000000040000008 0000000000000000 bits3_30 0 0 54 32.00029 0.15 0 0 0 0 0 0 0 0 0
0000000080000008 0000000000000000 bits3_31 0 0 57 32.00203 1.04 0 0 0 0 0 0 0 0 0
0000000100000008 0000000000000000 bits3_32 0 0 56 31.99998 -0.01 0 0 0 0 0 0 0 0 0
0000000200000008 0000000000000000 bits3_33 0 0 54 31.99977 -0.12 0 0 0 0 0 0 0 0 0
0000000400000008 0000000000000000 bits3_34 0 0 56 31.99869 -0.67 0 0 0 0 0 0 0 0 0
0000000800000008 0000000000000000 bits3_35 0 0 72 32.00217 1.11 0 0 0 0 0 0 0 0 0
0000001000000008 0000000000000000 bits3_36 0 0 58 31.99958 -0.21 0 0 0 0 0 0 0 0 0
0000002000000008 0000000000000000 bits3_37 0 0 53 31.99973 -0.14 0 0 0 0 0 0 0 0 0
0000004000000008 0000000000000000 bits3_38 0 0 60 32.00100 0.51 0 0 0 0 0 0 0 0 0
0000008000000008 0000000000000000 bits3_39 0 0 51 31.99809 -0.98 0 0 0 0 0 0 0 0 0
0000010000000008 0000000000000000 bits3_40 0 0 59 32.00020 0.10 0 0 0 0 0 0 0 0 0
0000020000000008 0000000000000000 bits3_41 0 0 69 31.99868 -0.68 0 0 0 0 0 0 0 0 0
0000040000000008 0000000000000000 bits3_42 0 0 61 32.00050 0.26 0 0 0 0 0 0 0 0 0
0000080000000008 0000000000000000 bits3_43 0 0 61 32.00244 1.25 0 0 0 0 0 0 0 0 0
0000100000000008 0000000000000000 bits3_44 0 0 68 32.00049 0.25 0 0 0 0 0 0 0 0 0
0000200000000008 0000000000000000 bits3_45 0 0 68 32.00111 0.57 0 0 0 0 0 0 0 0 0
0000400000000008 0000000000000000 bits3_46 0 0 59 32.00301 1.54 0 0 0 0 0 0 0 0 0
0000800000000008 0000000000000000 bits3_47 0 0 58 31.99857 -0.73 0 0 0 0 0 0 0 0 0
0001000000000008 0000000000000000 bits3_48 0 0 57 32.00206 1.05 0 0 0 0 0 0 0 0 0
0002000000000008 0000000000000000 bits3_49 0 0 66 31.99963 -0.19 0 0 0 0 0 0 0 0 0
0004000000000008 0000000000000000 bits3_50 0 0 64 31.99895 -0.54 0 0 0 0 0 0 0 0 0
0008000000000008 0000000000000000 bits3_51 0 0 68 32.00484 2.48 0 0 0 0 0 0 0 0 0
0010000000000008 0000000000000000 bits3_52 0 0 82 31.99907 -0.48 0 0 0 0 0 0 0 0 0
0020000000000008 0000000000000000 bits3_53 0 0 65 31.99909 -0.47 0 0 0 0 0 0 0 0 0
0040000000000008 0000000000000000 bits3_54 0 0 68 31.99749 -1.29 0 0 0 0 0 0 0 0 0
0080000000000008 0000000000000000 bits3_55 0 0 74 32.00162 0.83 0 0 0 0 0 0 0 0 0
0100000000000008 0000000000000000 bits3_56 0 0 71 31.99969 -0.16 0 0 0 0 0 0 0 0 0
0200000000000008 0000000000000000 bits3_57 0 0 66 31.99557 -2.27 0 0 0 0 0 0 0 0 0
0400000000000008 0000000000000000 bits3_58 0 0 61 32.00117 0.60 0 0 0 0 0 0 0 0 0
0800000000000008 0000000000000000 bits3_59 0 0 70 31.99646 -1.81 0 0 0 0 0 0 0 0 0
1000000000000008 0000000000000000 bits3_60 0 0 60 31.99963 -0.19 0 0 0 0 0 0 0 0 0
2000000000000008 0000000000000000 bits3_61 0 0 67 31.99717 -1.45 0 0 0 0 0 0 0 0 0
4000000000000008 0000000000000000 bits3_62 0 0 60 31.99895 -0.54 0 0 0 0 0 0 0 0 0
8000000000000008 0000000000000000 bits3_63 0 0 66 32.00383 1.96 0 0 0 0 0 0 0 0 0
0000000000000008 0000000000000001 bits3_64 0 0 70 32.00028 0.14 0 0 0 0 0 0 0 0 0
0000000000000008 0000000000000002 bits3_65 0 0 71 32.00347 1.77 0 0 0 0 0 0 0 0 0
0000000000000008 0000000000000004 bits3_66 0 0 58 31.99779 -1.13 0 0 0 0 0 0 0 0 0
0000000000000008 0000000000000008 bits3_67 0 0 60 31.99976 -0.12 0 0 0 0 0 0 0 0 0
0000000000000008 0000000000000010 bits3_68 0 0 63 32.00172 0.88 0 0 0 0 0 0 0 0 0
0000000000000008 0000000000000020 bits3_69 0 0 60 32.00265 1.36 0 0 0 0 0 0 0 0 0
0000000000000008 0000000000000040 bits3_70 0 0 68 31.99966 -0.17 0 0 0 0 0 0 0 0 0
0000000000000008 0000000000000080 bits3_71 0 0 72 31.99885 -0.59 0 0 0 0 0 0 0 0 0
0000000000000008 0000000000000100 bits3_72 0 0 68 31.99781 -1.12 0 0 0 0 0 0 0 0 0
0000000000000008 0000000000000200 bits3_73 0 0 62 31.99915 -0.44 0 0 0 0 0 0 0 0 0
0000000000000008 0000000000000400 bits3_74 0 0 63 31.99953 -0.24 0 0 0 0 0 0 0 0 0
0000000000000008 0000000000000800 bits3_75 0 0 66 32.00217 1.11 0 0 0 0 0 0 0 0 0
0000000000000008 0000000000001000 bits3_76 0 0 69 32.00031 0.16 0 0 0 0 0 0 0 0 0
0000000000000008 0000000000002000 bits3_77 0 0 53 32.00225 1.15 0 0 0 0 0 0 0 0 0
0000000000000008 0000000000004000 bits3_78 0 0 77 31.99956 -0.22 0 0 0 0 0 0 0 0 0
0000000000000008 0000000000008000 bits3_79 0 0 58 32.00264 1.35 0 0 0 0 0 0 0 0 0
0000000000000008 0000000000010000 bits3_80 0 0 58 31.99898 -0.52 0 0 0 0 0 0 0 0 0
0000000000000008 0000000000020000 bits3_81 0 0 60 31.99781 -1.12 0 0 0 0 0 0 0 0 0
0000000000000008 0000000000040000 bits3_82 0 0 60 31.99707 -1.50 0 0 0 0 0 0 0 0 0
0000000000000008 0000000000080000 bits3_83 0 0 59 32.00264 1.35 0 0 0 0 0 0 0 0 0
0000000000000008 0000000000100000 bits3_84 0 0 63 32.00045 0.23 0 0 0 0 0 0 0 0 0
0000000000000008 0000000000200000 bits3_85 0 0 70 32.00129 0.66 0 0 0 0 0 0 0 0 0
0000000000000008 0000000000400000 bits3_86 0 0 59 32.00135 0.69 0 0 0 0 0 0 0 0 0
0000000000000008 0000000000800000 bits3_87 0 0 67 31.99979 -0.11 0 0 0 0 0 0 0 0 0
0000000000000008 0000000001000000 bits3_88 0 0 66 32.00222 1.14 0 0 0 0 0 0 0 0 0
0000000000000008 0000000002000000 bits3_89 0 0 72 31.99775 -1.15 0 0 0 0 0 0 0 0 0
0000000000000008 0000000004000000 bits3_90 0 0 65 31.99890 -0.56 0 0 0 0 0 0 0 0 0
0000000000000008 0000000008000000 bits3_91 0 1 51 32.00048 0.25 0 0 0 0 0 0 0 0 0
0000000000000008 0000000010000000 bits3_92 0 0 60 31.99750 -1.28 0 0 0 0 0 0 0 0 0
0000000000000008 0000000020000000 bits3_93 0 0 61 32.00049 0.25 0 0 0 0 0 0 0 0 0
0000000000000008 0000000040000000 bits3_94 0 0 58 32.00243 1.24 0 0 0 0 0 0 0 0 0
0000000000000008 0000000080000000 bits3_95 0 0 54 32.00371 1.90 0 0 0 0 0 0 0 0 0
0000000000000008 0000000100000000 bits3_96 0 0 66 32.00073 0.37 0 0 0 0 0 0 0 0 0
0000000000000008 0000000200000000 bits3_97 0 0 65 31.99973 -0.14 0 0 0 0 0 0 0 0 0
0000000000000008 0000000400000000 bits3_98 0 0 73 31.99966 -0.18 0 0 0 0 0 0 0 0 0
0000000000000008 0000000800000000 bits3_99 0 0 59 31.99871 -0.66 0 0 0 0 0 0 0 0 0
0000000000000008 0000001000000000 bits3_100 0 0 67 31.99745 -1.31 0 0 0 0 0 0 0 0 0
0000000000000008 0000002000000000 bits3_101 0 0 75 31.99890 -0.57 0 0 0 0 0 0 0 0 0
0000000000000008 0000004000000000 bits3_102 0 0 66 31.99884 -0.60 0 0 0 0 0 0 0 0 0
0000000000000008 0000008000000000 bits3_103 0 0 67 32.00124 0.63 0 0 0 0 0 0 0 0 0
0000000000000008 0000010000000000 bits3_104 0 0 63 31.99845 -0.79 0 0 0 0 0 0 0 0 0
0000000000000008 0000020000000000 bits3_105 0 0 68 31.99983 -0.09 0 0 0 0 0 0 0 0 0
0000000000000008 0000040000000000 bits3_106 0 0 69 32.00210 1.07 0 0 0 0 0 0 0 0 0
0000000000000008 0000080000000000 bits3_107 0 0 47 31.99754 -1.26 0 0 0 0 0 0 0 0 0
0000000000000008 0000100000000000 bits3_108 0 0 69 32.00084 0.43 0 0 0 0 0 0 0 0 0
0000000000000008 0000200000000000 bits3_109 0 0 59 31.99893 -0.55 0 0 0 0 0 0 0 0 0
0000000000000008 0000400000000000 bits3_110 0 0 53 32.00056 0.29 0 0 0 0 0 0 0 0 0
0000000000000008 0000800000000000 bits3_111 0 0 67 31.99918 -0.42 0 0 0 0 0 0 0 0 0
0000000000000008 0001000000000000 bits3_112 0 0 72 31.99673 -1.68 0 0 0 0 0 0 0 0 0
0000000000000008 0002000000000000 bits3_113 0 0 72 32.00358 1.83 0 0 0 0 0 0 0 0 0
0000000000000008 0004000000000000 bits3_114 0 0 67 31.99977 -0.12 0 0 0 0 0 0 0 0 0
0000000000000008 0008000000000000 bits3_115 0 0 69 31.99783 -1.11 0 0 0 0 0 0 0 0 0
0000000000000008 0010000000000000 bits3_116 0 0 60 32.00069 0.35 0 0 0 0 0 0 0 0 0
0000000000000008 0020000000000000 bits3_117 0 0 63 31.99901 -0.51 0 0 0 0 0 0 0 0 0
0000000000000008 0040000000000000 bits3_118 0 0 65 32.00195 1.00 0 0 0 0 0 0 0 0 0
0000000000000008 0080000000000000 bits3_119 0 0 66 31.99956 -0.23 0 0 0 0 0 0 0 0 0
0000000000000008 0100000000000000 bits3_120 0 0 47 32.00131 0.67 0 0 0 0 0 0 0 0 0
0000000000000008 0200000000000000 bits3_121 0 0 73 31.99714 -1.46 0 0 0 0 0 0 0 0 0
0000000000000008 0400000000000000 bits3_122 0 0 55 32.00161 0.82 0 0 0 0 0 0 0 0 0
0000000000000008 0800000000000000 bits3_123 0 0 67 31.99919 -0.41 0 0 0 0 0 0 0 0 0
0000000000000008 1000000000000000 bits3_124 0 0 72 32.00000 0.00 0 0 0 0 0 0 0 0 0
0000000000000008 2000000000000000 bits3_125 0 0 67 32.00003 0.01 0 0 0 0 0 0 0 0 0
0000000000000008 4000000000000000 bits3_126 0 0 68 31.99934 -0.34 0 0 0 0 0 0 0 0 0
0000000000000008 8000000000000000 bits3_127 0 0 52 32.00294 1.51 0 0 0 0 0 0 0 0 0
0000000000000030 0000000000000000 bits4_5 0 0 64 31.99969 -0.16 0 0 0 0 0 0 0 0 0
0000000000000050 0000000000000000 bits4_6 0 0 75 32.00430 2.20 0 0 0 0 0 0 0 0 0
0000000000000090 0000000000000000 bits4_7 0 0 49 31.99660 -1.74 0 0 0 0 0 0 0 0 0
0000000000000110 0000000000000000 bits4_8 0 0 64 32.00260 1.33 0 0 0 0 0 0 0 0 0
0000000000000210 0000000000000000 bits4_9 0 0 57 32.00306 1.57 0 0 0 0 0 0 0 0 0
0000000000000410 0000000000000000 bits4_10 0 0 66 31.99893 -0.55 0 0 0 0 0 0 0 0 0
0000000000000810 0000000000000000 bits4_11 0 0 64 31.99919 -0.41 0 0 0 0 0 0 0 0 0
0000000000001010 0000000000000000 bits4_12 0 0 65 32.00047 0.24 0 0 0 0 0 0 0 0 0
0000000000002010 0000000000000000 bits4_13 0 0 57 31.99920 -0.41 0 0 0 0 0 0 0 0 0
0000000000004010 0000000000000000 bits4_14 0 0 71 32.00120 0.61 0 0 0 0 0 0 0 0 0
0000000000008010 0000000000000000 bits4_15 0 0 76 31.99847 -0.78 0 0 0 0 0 0 0 0 0
0000000000010010 0000000000000000 bits4_16 0 0 66 31.99900 -0.51 0 0 0 0 0 0 0 0 0
0000000000020010 0000000000000000 bits4_17 0 0 72 31.99911 -0.45 0 0 0 0 0 0 0 0 0
0000000000040010 0000000000000000 bits4_18 0 0 78 31.99838 -0.83 0 0 0 0 0 0 0 0 0
0000000000080010 0000000000000000 bits4_19 0 0 61 32.00433 2.22 0 0 0 0 0 0 0 0 0
0000000000100010 0000000000000000 bits4_20 0 0 61 31.99949 -0.26 0 0 0 0 0 0 0 0 0
0000000000200010 0000000000000000 bits4_21 0 0 80 31.99974 -0.13 0 0 0 0 0 0 0 0 0
0000000000400010 0000000000000000 bits4_22 0 0 47 32.00009 0.05 0 0 0 0 0 0 0 0 0
0000000000800010 0000000000000000 bits4_23 0 0 66 32.00188 0.96 0 0 0 0 0 0 0 0 0
0000000001000010 0000000000000000 bits4_24 0 0 65 32.00002 0.01 0 0 0 0 0 0 0 0 0
0000000002000010 0000000000000000 bits4_25 0 0 65 32.00041 0.21 0 0 0 0 0 0 0 0 0
0000000004000010 0000000000000000 bits4_26 0 0 76 31.99870 -0.67 0 0 0 0 0 0 0 0 0
0000000008000010 0000000000000000 bits4_27 0 0 66 31.99886 -0.58 0 0 0 0 0 0 0 0 0
0000000010000010 0000000000000000 bits4_28 0 0 62 31.99742 -1.32 0 0 0 0 0 0 0 0 0
0000000020000010 0000000000000000 bits4_29 0 0 70 32.00020 0.10 0 0 0 0 0 0 0 0 0
0000000040000010 0000000000000000 bits4_30 0 0 52 32.00014 0.07 0 0 0 0 0 0 0 0 0
0000000080000010 0000000000000000 bits4_31 0 0 63 31.99892 -0.55 0 0 0 0 0 0 0 0 0
0000000100000010 0000000000000000 bits4_32 0 0 62 31.99698 -1.54 0 0 0 0 0 0 0 0 0
0000000200000010 0000000000000000 bits4_33 0 0 62 31.99913 -0.45 0 0 0 0 0 0 0 0 0
0000000400000010 0000000000000000 bits4_34 0 0 77 31.99847 -0.78 0 0 0 0 0 0 0 0 0
0000000800000010 0000000000000000 bits4_35 0 0 69 31.99930 -0.36 0 0 0 0 0 0 0 0 0
0000001000000010 0000000000000000 bits4_36 0 0 50 32.00231 1.18 0 0 0 0 0 0 0 0 0
0000002000000010 0000000000000000 bits4_37 0 0 74 32.00163 0.84 0 0 0 0 0 0 0 0 0
0000004000000010 0000000000000000 bits4_38 0 0 55 31.99923 -0.39 0 0 0 0 0 0 0 0 0
0000008000000010 0000000000000000 bits4_39 0 0 82 31.99896 -0.53 0 0 0 0 0 0 0 0 0
0000010000000010 0000000000000000 bits4_40 0 0 50 32.00173 0.88 0 0 0 0 0 0 0 0 0
0000020000000010 0000000000000000 bits4_41 0 0 66 32.00187 0.96 0 0 0 0 0 0 0 0 0
0000040000000010 0000000000000000 bits4_42 0 0 64 32.00162 0.83 0 0 0 0 0 0 0 0 0
0000080000000010 0000000000000000 bits4_43 0 0 80 32.00103 0.53 0 0 0 0 0 0 0 0 0
0000100000000010 0000000000000000 bits4_44 0 0 64 32.00428 2.19 0 0 0 0 0 0 0 0 0
0000200000000010 0000000000000000 bits4_45 0 0 52 31.99910 -0.46 0 0 0 0 0 0 0 0 0
0000400000000010 0000000000000000 bits4_46 0 0 58 31.99695 -1.56 0 0 0 0 0 0 0 0 0
0000800000000010 0000000000000000 bits4_47 0 0 49 32.00163 0.84 0 0 0 0 0 0 0 0 0
0001000000000010 0000000000000000 bits4_48 0 0 58 32.00075 0.39 0 0 0 0 0 0 0 0 0
0002000000000010 0000000000000000 bits4_49 0 0 56 31.99895 -0.54 0 0 0 0 0 0 0 0 0
0004000000000010 0000000000000000 bits4_50 0 0 60 31.99863 -0.70 0 0 0 0 0 0 0 0 0
0008000000000010 0000000000000000 bits4_51 0 0 72 31.99519 -2.46 0 0 0 0 0 0 0 0 0
0010000000000010 0000000000000000 bits4_52 0 0 54 32.00044 0.23 0 0 0 0 0 0 0 0 0
0020000000000010 0000000000000000 bits4_53 0 0 52 31.99910 -0.46 0 0 0 0 0 0 0 0 0
0040000000000010 0000000000000000 bits4_54 0 0 69 32.00287 1.47 0 0 0 0 0 0 0 0 0
0080000000000010 0000000000000000 bits4_55 0 0 69 31.99498 -2.57 0 0 0 0 0 0 0 0 0
0100000000000010 0000000000000000 bits4_56 0 0 74 32.00127 0.65 0 0 0 0 0 0 0 0 0
0200000000000010 0000000000000000 bits4_57 0 0 86 31.99933 -0.35 0 0 0 0 0 0 0 0 0
0400000000000010 0000000000000000 bits4_58 0 0 87 32.00069 0.35 0 0 0 0 0 0 0 0 0
0800000000000010 0000000000000000 bits4_59 0 0 68 31.99839 -0.83 0 0 0 0 0 0 0 0 0
1000000000000010 0000000000000000 bits4_60 0 0 57 31.99982 -0.09 0 0 0 0 0 0 0 0 0
2000000000000010 0000000000000000 bits4_61 0 0 62 31.99950 -0.26 0 0 0 0 0 0 0 0 0
4000000000000010 0000000000000000 bits4_62 0 0 63 32.00097 0.49 0 0 0 0 0 0 0 0 0
8000000000000010 0000000000000000 bits4_63 0 0 68 31.99750 -1.28 0 0 0 0 0 0 0 0 0
0000000000000010 0000000000000001 bits4_64 0 0 66 31.99350 -3.33 0 0 0 0 0 0 0 0 0
0000000000000010 0000000000000002 bits4_65 0 0 67 32.00278 1.43 0 0 0 0 0 0 0 0 0
0000000000000010 0000000000000004 bits4_66 0 0 62 32.00190 0.97 0 0 0 0 0 0 0 0 0
0000000000000010 0000000000000008 bits4_67 0 0 66 32.00073 0.38 0 0 0 0 0 0 0 0 0
0000000000000010 0000000000000010 bits4_68 0 0 69 31.99934 -0.34 0 0 0 0 0 0 0 0 0
0000000000000010 0000000000000020 bits4_69 0 0 60 31.99867 -0.68 0 0 0 0 0 0 0 0 0
0000000000000010 0000000000000040 bits4_70 0 0 66 31.99630 -1.89 0 0 0 0 0 0 0 0 0
0000000000000010 0000000000000080 bits4_71 0 0 53 31.99722 -1.43 0 0 0 0 0 0 0 0 0
0000000000000010 0000000000000100 bits4_72 0 0 68 32.00088 0.45 0 0 0 0 0 0 0 0 0
0000000000000010 0000000000000200 bits4_73 0 0 70 31.99733 -1.36 0 0 0 0 0 0 0 0 0
0000000000000010 0000000000000400 bits4_74 0 0 62 32.00120 0.61 0 0 0 0 0 0 0 0 0
0000000000000010 0000000000000800 bits4_75 0 0 49 32.00041 0.21 0 0 0 0 0 0 0 0 0
0000000000000010 0000000000001000 bits4_76 0 0 43 32.00297 1.52 0 0 0 0 0 0 0 0 0
0000000000000010 0000000000002000 bits4_77 0 0 62 31.99724 -1.41 0 0 0 0 0 0 0 0 0
0000000000000010 0000000000004000 bits4_78 0 0 65 32.00158 0.81 0 0 0 0 0 0 0 0 0
0000000000000010 0000000000008000 bits4_79 0 0 69 32.00112 0.58 0 0 0 0 0 0 0 0 0
0000000000000010 0000000000010000 bits4_80 0 0 55 32.00151 0.77 0 0 0 0 0 0 0 0 0
0000000000000010 0000000000020000 bits4_81 0 0 58 31.99825 -0.90 0 0 0 0 0 0 0 0 0
0000000000000010 0000000000040000 bits4_82 0 0 60 31.99975 -0.13 0 0 0 0 0 0 0 0 0
0000000000000010 0000000000080000 bits4_83 0 0 59 31.99951 -0.25 0 0 0 0 0 0 0 0 0
0000000000000010 0000000000100000 bits4_84 0 0 72 31.99554 -2.29 0 0 0 0 0 0 0 0 0
0000000000000010 0000000000200000 bits4_85 0 0 75 32.00133 0.68 0 0 0 0 0 0 0 0 0
0000000000000010 0000000000400000 bits4_86 0 0 61 32.00036 0.18 0 0 0 0 0 0 0 0 0
0000000000000010 0000000000800000 bits4_87 0 0 54 31.99747 -1.30 0 0 0 0 0 0 0 0 0
0000000000000010 0000000001000000 bits4_88 0 0 67 31.99896 -0.53 0 0 0 0 0 0 0 0 0
0000000000000010 0000000002000000 bits4_89 0 0 64 32.00274 1.40 0 0 0 0 0 0 0 0 0
0000000000000010 0000000004000000 bits4_90 0 0 67 31.99678 -1.65 0 0 0 0 0 0 0 0 0
0000000000000010 0000000008000000 bits4_91 0 0 72 32.00204 1.04 0 0 0 0 0 0 0 0 0
0000000000000010 0000000010000000 bits4_92 0 0 60 31.99886 -0.58 0 0 0 0 0 0 0 0 0
0000000000000010 0000000020000000 bits4_93 0 0 51 31.99611 -1.99 0 0 0 0 0 0 0 0 0
0000000000000010 0000000040000000 bits4_94 0 0 80 31.99750 -1.28 0 0 0 0 0 0 0 0 0
0000000000000010 0000000080000000 bits4_95 0 0 71 32.00033 0.17 0 0 0 0 0 0 0 0 0
0000000000000010 0000000100000000 bits4_96 0 0 56 31.99948 -0.27 0 0 0 0 0 0 0 0 0
0000000000000010 0000000200000000 bits4_97 0 0 74 31.99875 -0.64 0 0 0 0 0 0 0 0 0
0000000000000010 0000000400000000 bits4_98 0 0 67 32.00339 1.74 0 0 0 0 0 0 0 0 0
0000000000000010 0000000800000000 bits4_99 0 0 62 31.99979 -0.11 0 0 0 0 0 0 0 0 0
0000000000000010 0000001000000000 bits4_100 0 0 55 31.99779 -1.13 0 0 0 0 0 0 0 0 0
0000000000000010 0000002000000000 bits4_101 0 0 75 31.99626 -1.91 0 0 0 0 0 0 0 0 0
0000000000000010 0000004000000000 bits4_102 0 0 68 32.00356 1.82 0 0 0 0 0 0 0 0 0
0000000000000010 0000008000000000 bits4_103 0 0 66 31.99931 -0.35 0 0 0 0 0 0 0 0 0
0000000000000010 0000010000000000 bits4_104 0 0 60 32.00017 0.09 0 0 0 0 0 0 0 0 0
0000000000000010 0000020000000000 bits4_105 0 0 65 32.00111 0.57 0 0 0 0 0 0 0 0 0
0000000000000010 0000040000000000 bits4_106 0 0 59 32.00365 1.87 0 0 0 0 0 0 0 0 0
0000000000000010 0000080000000000 bits4_107 0 0 63 32.00021 0.11 0 0 0 0 0 0 0 0 0
0000000000000010 0000100000000000 bits4_108 0 0 75 31.99995 -0.03 0 0 0 0 0 0 0 0 0
0000000000000010 0000200000000000 bits4_109 0 0 56 32.00024 0.12 0 0 0 0 0 0 0 0 0
0000000000000010 0000400000000000 bits4_110 0 0 58 31.99949 -0.26 0 0 0 0 0 0 0 0 0
0000000000000010 0000800000000000 bits4_111 0 0 68 32.00198 1.01 0 0 0 0 0 0 0 0 0
0000000000000010 0001000000000000 bits4_112 0 0 63 32.00085 0.44 0 0 0 0 0 0 0 0 0
0000000000000010 0002000000000000 bits4_113 0 0 65 31.99878 -0.63 0 0 0 0 0 0 0 0 0
0000000000000010 0004000000000000 bits4_114 0 0 62 31.99522 -2.45 0 0 0 0 0 0 0 0 0
0000000000000010 0008000000000000 bits4_115 0 0 74 31.99933 -0.34 0 0 0 0 0 0 0 0 0
0000000000000010 0010000000000000 bits4_116 0 0 65 31.99967 -0.17 0 0 0 0 0 0 0 0 0
0000000000000010 0020000000000000 bits4_117 0 0 54 32.00298 1.52 0 0 0 0 0 0 0 0 0
0000000000000010 0040000000000000 bits4_118 0 0 59 31.99869 -0.67 0 0 0 0 0 0 0 0 0
0000000000000010 0080000000000000 bits4_119 0 0 52 31.99909 -0.47 0 0 0 0 0 0 0 0 0
0000000000000010 0100000000000000 bits4_120 0 0 68 32.00125 0.64 0 0 0 0 0 0 0 0 0
0000000000000010 0200000000000000 bits4_121 0 0 68 32.00071 0.36 0 0 0 0 0 0 0 0 0
0000000000000010 0400000000000000 bits4_122 0 0 78 31.99962 -0.20 0 0 0 0 0 0 0 0 0
0000000000000010 0800000000000000 bits4_123 0 0 56 32.00281 1.44 0 0 0 0 0 0 0 0 0
0000000000000010 1000000000000000 bits4_124 0 0 57 31.99848 -0.78 0 0 0 0 0 0 0 0 0
0000000000000010 2000000000000000 bits4_125 0 0 62 32.00368 1.89 0 0 0 0 0 0 0 0 0
0000000000000010 4000000000000000 bits4_126 0 0 57 31.99660 -1.74 0 0 0 0 0 0 0 0 0
0000000000000010 8000000000000000 bits4_127 0 0 77 31.99896 -0.53 0 0 0 0 0 0 0 0 0
0000000000000060 0000000000000000 bits5_6 0 0 59 32.00214 1.10 0 0 0 0 0 0 0 0 0
00000000000000a0 0000000000000000 bits5_7 0 0 66 32.00068 0.35 0 0 0 0 0 0 0 0 0
0000000000000120 0000000000000000 bits5_8 0 0 63 31.99591 -2.09 0 0 0 0 0 0 0 0 0
0000000000000220 0000000000000000 bits5_9 0 0 57 31.99788 -1.09 0 0 0 0 0 0 0 0 0
0000000000000420 0000000000000000 bits5_10 0 0 61 31.99952 -0.25 0 0 0 0 0 0 0 0 0
0000000000000820 0000000000000000 bits5_11 0 0 68 31.99912 -0.45 0 0 0 0 0 0 0 0 0
0000000000001020 0000000000000000 bits5_12 0 0 66 32.00040 0.20 0 0 0 0 0 0 0 0 0
0000000000002020 0000000000000000 bits5_13 0 0 54 32.00090 0.46 0 0 0 0 0 0 0 0 0
0000000000004020 0000000000000000 bits5_14 0 0 53 32.00148 0.76 0 0 0 0 0 0 0 0 0
0000000000008020 0000000000000000 bits5_15 0 0 54 31.99566 -2.22 0 0 0 0 0 0 0 0 0
0000000000010020 0000000000000000 bits5_16 0 0 54 31.99711 -1.48 0 0 0 0 0 0 0 0 0
0000000000020020 0000000000000000 bits5_17 0 0 47 32.00011 0.05 0 0 0 0 0 0 0 0 0
0000000000040020 0000000000000000 bits5_18 0 0 71 31.99969 -0.16 0 0 0 0 0 0 0 0 0
0000000000080020 0000000000000000 bits5_19 0 0 61 32.00126 0.65 0 0 0 0 0 0 0 0 0
0000000000100020 0000000000000000 bits5_20 0 0 69 31.99953 -0.24 0 0 0 0 0 0 0 0 0
0000000000200020 0000000000000000 bits5_21 0 0 64 32.00119 0.61 0 0 0 0 0 0 0 0 0
0000000000400020 0000000000000000 bits5_22 0 0 67 32.00225 1.15 0 0 0 0 0 0 0 0 0
0000000000800020 0000000000000000 bits5_23 0 0 55 32.00245 1.25 0 0 0 0 0 0 0 0 0
0000000001000020 0000000000000000 bits5_24 0 0 76 31.99970 -0.15 0 0 0 0 0 0 0 0 0
0000000002000020 0000000000000000 bits5_25 0 0 67 32.00170 0.87 0 0 0 0 0 0 0 0 0
0000000004000020 0000000000000000 bits5_26 0 0 69 32.00007 0.04 0 0 0 0 0 0 0 0 0
0000000008000020 0000000000000000 bits5_27 0 0 56 32.00135 0.69 0 0 0 0 0 0 0 0 0
0000000010000020 0000000000000000 bits5_28 0 0 63 32.00100 0.51 0 0 0 0 0 0 0 0 0
0000000020000020 0000000000000000 bits5_29 0 0 65 32.00336 1.72 0 0 0 0 0 0 0 0 0
0000000040000020 0000000000000000 bits5_30 0 0 63 31.99991 -0.04 0 0 0 0 0 0 0 0 0
0000000080000020 0000000000000000 bits5_31 0 0 61 31.99753 -1.26 0 0 0 0 0 0 0 0 0
0000000100000020 0000000000000000 bits5_32 0 0 76 31.99988 -0.06 0 0 0 0 0 0 0 0 0
0000000200000020 0000000000000000 bits5_33 0 0 61 31.99634 -1.87 0 0 0 0 0 0 0 0 0
0000000400000020 0000000000000000 bits5_34 0 0 55 31.99853 -0.75 0 0 0 0 0 0 0 0 0
0000000800000020 0000000000000000 bits5_35 0 0 60 32.00175 0.89 0 0 0 0 0 0 0 0 0
0000001000000020 0000000000000000 bits5_36 0 0 61 32.00062 0.32 0 0 0 0 0 0 0 0 0
0000002000000020 0000000000000000 bits5_37 0 0 70 32.00235 1.20 0 0 0 0 0 0 0 0 0
0000004000000020 0000000000000000 bits5_38 0 0 71 31.99666 -1.71 0 0 0 0 0 0 0 0 0
0000008000000020 0000000000000000 bits5_39 0 0 72 31.99933 -0.34 0 0 0 0 0 0 0 0 0
0000010000000020 0000000000000000 bits5_40 0 0 68 31.99724 -1.41 0 0 0 0 0 0 0 0 0
0000020000000020 0000000000000000 bits5_41 0 0 71 32.00273 1.40 0 0 0 0 0 0 0 0 0
0000040000000020 0000000000000000 bits5_42 0 0 69 32.00077 0.39 0 0 0 0 0 0 0 0 0
0000080000000020 0000000000000000 bits5_43 0 0 63 32.00151 0.77 0 0 0 0 0 0 0 0 0
0000100000000020 0000000000000000 bits5_44 0 0 56 31.99941 -0.30 0 0 0 0 0 0 0 0 0
0000200000000020 0000000000000000 bits5_45 0 0 62 32.00107 0.55 0 0 0 0 0 0 0 0 0
0000400000000020 0000000000000000 bits5_46 0 0 67 31.99830 -0.87 0 0 0 0 0 0 0 0 0
0000800000000020 0000000000000000 bits5_47 0 0 53 31.99953 -0.24 0 0 0 0 0 0 0 0 0
0001000000000020 0000000000000000 bits5_48 0 0 66 32.00135 0.69 0 0 0 0 0 0 0 0 0
0002000000000020 0000000000000000 bits5_49 0 0 77 31.99889 -0.57 0 0 0 0 0 0 0 0 0
0004000000000020 0000000000000000 bits5_50 0 0 70 32.00096 0.49 0 0 0 0 0 0 0 0 0
0008000000000020 0000000000000000 bits5_51 0 0 60 31.99894 -0.54 0 0 0 0 0 0 0 0 0
0010000000000020 0000000000000000 bits5_52 0 0 44 31.99769 -1.18 0 0 0 0 0 0 0 0 0
0020000000000020 0000000000000000 bits5_53 0 0 77 32.00505 2.59 0 0 0 0 0 0 0 0 0
0040000000000020 0000000000000000 bits5_54 0 0 70 32.00020 0.10 0 0 0 0 0 0 0 0 0
0080000000000020 0000000000000000 bits5_55 0 0 70 31.99898 -0.52 0 0 0 0 0 0 0 0 0
0100000000000020 0000000000000000 bits5_56 0 0 64 31.99847 -0.78 0 0 0 0 0 0 0 0 0
0200000000000020 0000000000000000 bits5_57 0 0 63 31.99905 -0.49 0 0 0 0 0 0 0 0 0
0400000000000020 0000000000000000 bits5_58 0 0 59 31.99898 -0.52 0 0 0 0 0 0 0 0 0
0800000000000020 0000000000000000 bits5_59 0 0 66 32.00131 0.67 0 0 0 0 0 0 0 0 0
1000000000000020 0000000000000000 bits5_60 0 0 58 31.99976 -0.12 0 0 0 0 0 0 0 0 0
2000000000000020 0000000000000000 bits5_61 0 0 64 31.99700 -1.53 0 0 0 0 0 0 0 0 0
4000000000000020 0000000000000000 bits5_62 0 0 69 32.00163 0.83 0 0 0 0 0 0 0 0 0
8000000000000020 0000000000000000 bits5_63 0 0 58 31.99842 -0.81 0 0 0 0 0 0 0 0 0
0000000000000020 0000000000000001 bits5_64 0 0 81 32.00288 1.47 0 0 0 0 0 0 0 0 0
0000000000000020 0000000000000002 bits5_65 0 0 49 32.00101 0.51 0 0 0 0 0 0 0 0 0
0000000000000020 0000000000000004 bits5_66 0 0 47 31.99995 -0.03 0 0 0 0 0 0 0 0 0
0000000000000020 0000000000000008 bits5_67 0 0 59 32.00123 0.63 0 0 0 0 0 0 0 0 0
0000000000000020 0000000000000010 bits5_68 0 0 61 32.00163 0.83 0 0 0 0 0 0 0 0 0
0000000000000020 0000000000000020 bits5_69 0 0 63 31.99925 -0.38 0 0 0 0 0 0 0 0 0
0000000000000020 0000000000000040 bits5_70 0 0 61 32.00000 -0.00 0 0 0 0 0 0 0 0 0
0000000000000020 0000000000000080 bits5_71 0 0 62 31.99979 -0.11 0 0 0 0 0 0 0 0 0
0000000000000020 0000000000000100 bits5_72 0 0 54 31.99735 -1.36 0 0 0 0 0 0 0 0 0
0000000000000020 0000000000000200 bits5_73 0 0 61 31.99873 -0.65 0 0 0 0 0 0 0 0 0
0000000000000020 0000000000000400 bits5_74 0 0 82 32.00448 2.30 0 0 0 0 0 0 0 0 0
0000000000000020 0000000000000800 bits5_75 0 0 52 31.99745 -1.31 0 0 0 0 0 0 0 0 0
0000000000000020 0000000000001000 bits5_76 0 0 77 32.00092 0.47 0 0 0 0 0 0 0 0 0
0000000000000020 0000000000002000 bits5_77 0 0 66 32.00013 0.06 0 0 0 0 0 0 0 0 0
0000000000000020 0000000000004000 bits5_78 0 0 67 32.00142 0.73 0 0 0 0 0 0 0 0 0
0000000000000020 0000000000008000 bits5_79 0 0 67 32.00064 0.33 0 0 0 0 0 0 0 0 0
0000000000000020 0000000000010000 bits5_80 0 0 54 31.99933 -0.35 0 0 0 0 0 0 0 0 0
0000000000000020 0000000000020000 bits5_81 0 0 60 31.99825 -0.90 0 0 0 0 0 0 0 0 0
0000000000000020 0000000000040000 bits5_82 0 0 80 31.99816 -0.94 0 0 0 0 0 0 0 0 0
0000000000000020 0000000000080000 bits5_83 0 0 64 32.00207 1.06 0 0 0 0 0 0 0 0 0
0000000000000020 0000000000100000 bits5_84 0 0 75 31.99885 -0.59 0 0 0 0 0 0 0 0 0
0000000000000020 0000000000200000 bits5_85 0 0 72 32.00194 0.99 0 0 0 0 0 0 0 0 0
0000000000000020 0000000000400000 bits5_86 0 0 71 31.99854 -0.74 0 0 0 0 0 0 0 0 0
0000000000000020 0000000000800000 bits5_87 0 0 71 32.00010 0.05 0 0 0 0 0 0 0 0 0
0000000000000020 0000000001000000 bits5_88 0 0 58 32.00107 0.55 0 0 0 0 0 0 0 0 0
0000000000000020 0000000002000000 bits5_89 0 0 74 32.00228 1.17 0 0 0 0 0 0 0 0 0
0000000000000020 0000000004000000 bits5_90 0 0 59 31.99983 -0.09 0 0 0 0 0 0 0 0 0
0000000000000020 0000000008000000 bits5_91 0 0 64 32.00188 0.96 0 0 0 0 0 0 0 0 0
0000000000000020 0000000010000000 bits5_92 0 0 71 32.00184 0.94 0 0 0 0 0 0 0 0 0
0000000000000020 0000000020000000 bits5_93 0 0 74 32.00085 0.44 0 0 0 0 0 0 0 0 0
0000000000000020 0000000040000000 bits5_94 0 0 56 31.99916 -0.43 0 0 0 0 0 0 0 0 0
0000000000000020 0000000080000000 bits5_95 0 0 67 32.00159 0.81 0 0 0 0 0 0 0 0 0
0000000000000020 0000000100000000 bits5_96 0 0 67 31.99902 -0.50 0 0 0 0 0 0 0 0 0
0000000000000020 0000000200000000 bits5_97 0 0 73 31.99923 -0.39 0 0 0 0 0 0 0 0 0
0000000000000020 0000000400000000 bits5_98 0 0 67 32.00111 0.57 0 0 0 0 0 0 0 0 0
0000000000000020 0000000800000000 bits5_99 0 0 72 32.00201 1.03 0 0 0 0 0 0 0 0 0
0000000000000020 0000001000000000 bits5_100 0 0 63 32.00502 2.57 0 0 0 0 0 0 0 0 0
0000000000000020 0000002000000000 bits5_101 0 0 67 31.99738 -1.34 0 0 0 0 0 0 0 0 0
0000000000000020 0000004000000000 bits5_102 0 0 67 32.00070 0.36 0 0 0 0 0 0 0 0 0
0000000000000020 0000008000000000 bits5_103 0 0 76 31.99818 -0.93 0 0 0 0 0 0 0 0 0
0000000000000020 0000010000000000 bits5_104 0 0 55 31.99932 -0.35 0 0 0 0 0 0 0 0 0
0000000000000020 0000020000000000 bits5_105 0 0 71 31.99852 -0.76 0 0 0 0 0 0 0 0 0
0000000000000020 0000040000000000 bits5_106 0 0 72 31.99916 -0.43 0 0 0 0 0 0 0 0 0
0000000000000020 0000080000000000 bits5_107 0 0 61 32.00053 0.27 0 0 0 0 0 0 0 0 0
0000000000000020 0000100000000000 bits5_108 0 0 59 32.00011 0.06 0 0 0 0 0 0 0 0 0
0000000000000020 0000200000000000 bits5_109 0 0 67 32.00358 1.83 0 0 0 0 0 0 0 0 0
0000000000000020 0000400000000000 bits5_110 0 0 74 31.99963 -0.19 0 0 0 0 0 0 0 0 0
0000000000000020 0000800000000000 bits5_111 0 0 57 32.00020 0.10 0 0 0 0 0 0 0 0 0
0000000000000020 0001000000000000 bits5_112 0 0 57 32.00239 1.22 0 0 0 0 0 0 0 0 0
0000000000000020 0002000000000000 bits5_113 0 0 51 31.99812 -0.96 0 0 0 0 0 0 0 0 0
0000000000000020 0004000000000000 bits5_114 0 0 73 31.99941 -0.30 0 0 0 0 0 0 0 0 0
0000000000000020 0008000000000000 bits5_115 0 0 63 31.99759 -1.23 0 0 0 0 0 0 0 0 0
0000000000000020 0010000000000000 bits5_116 0 0 60 32.00044 0.23 0 0 0 0 0 0 0 0 0
0000000000000020 0020000000000000 bits5_117 0 0 65 32.00162 0.83 0 0 0 0 0 0 0 0 0
0000000000000020 0040000000000000 bits5_118 0 0 54 32.00146 0.75 0 0 0 0 0 0 0 0 0
0000000000000020 0080000000000000 bits5_119 0 0 67 32.00214 1.10 0 0 0 0 0 0 0 0 0
0000000000000020 0100000000000000 bits5_120 0 0 73 31.99713 -1.47 0 0 0 0 0 0 0 0 0
0000000000000020 0200000000000000 bits5_121 0 0 76 31.99891 -0.56 0 0 0 0 0 0 0 0 0
0000000000000020 0400000000000000 bits5_122 0 0 57 32.00139 0.71 0 0 0 0 0 0 0 0 0
0000000000000020 0800000000000000 bits5_123 0 0 63 32.00298 1.53 0 0 0 0 0 0 0 0 0
0000000000000020 1000000000000000 bits5_124 0 0 52 32.00107 0.55 0 0 0 0 0 0 0 0 0
0000000000000020 2000000000000000 bits5_125 0 0 73 32.00162 0.83 0 0 0 0 0 0 0 0 0
0000000000000020 4000000000000000 bits5_126 0 0 63 31.99807 -0.99 0 0 0 0 0 0 0 0 0
0000000000000020 8000000000000000 bits5_127 0 0 59 31.99916 -0.43 0 0 0 0 0 0 0 0 0
00000000000000c0 0000000000000000 bits6_7 0 0 68 32.00225 1.15 0 0 0 0 0 0 0 0 0
0000000000000140 0000000000000000 bits6_8 0 0 73 32.00102 0.52 0 0 0 0 0 0 0 0 0
0000000000000240 0000000000000000 bits6_9 0 0 67 32.00503 2.57 0 0 0 0 0 0 0 0 0
0000000000000440 0000000000000000 bits6_10 0 0 63 31.99740 -1.33 0 0 0 0 0 0 0 0 0
0000000000000840 0000000000000000 bits6_11 0 0 78 31.99620 -1.95 0 0 0 0 0 0 0 0 0
0000000000001040 0000000000000000 bits6_12 0 0 57 31.99699 -1.54 0 0 0 0 0 0 0 0 0
0000000000002040 0000000000000000 bits6_13 0 0 55 31.99831 -0.86 0 0 0 0 0 0 0 0 0
0000000000004040 0000000000000000 bits6_14 0 0 60 31.99847 -0.78 0 0 0 0 0 0 0 0 0
0000000000008040 0000000000000000 bits6_15 0 0 57 31.99940 -0.31 0 0 0 0 0 0 0 0 0
0000000000010040 0000000000000000 bits6_16 0 0 61 32.00185 0.95 0 0 0 0 0 0 0 0 0
0000000000020040 0000000000000000 bits6_17 0 0 67 31.99913 -0.44 0 0 0 0 0 0 0 0 0
0000000000040040 0000000000000000 bits6_18 0 0 59 32.00063 0.32 0 0 0 0 0 0 0 0 0
0000000000080040 0000000000000000 bits6_19 0 0 67 31.99742 -1.32 0 0 0 0 0 0 0 0 0
0000000000100040 0000000000000000 bits6_20 0 0 60 32.00207 1.06 0 0 0 0 0 0 0 0 0
0000000000200040 0000000000000000 bits6_21 0 0 61 32.00030 0.16 0 0 0 0 0 0 0 0 0
0000000000400040 0000000000000000 bits6_22 0 0 63 31.99796 -1.05 0 0 0 0 0 0 0 0 0
0000000000800040 0000000000000000 bits6_23 0 0 61 31.99561 -2.25 0 0 0 0 0 0 0 0 0
0000000001000040 0000000000000000 bits6_24 0 0 74 32.00066 0.34 0 0 0 0 0 0 0 0 0
0000000002000040 0000000000000000 bits6_25 0 0 76 32.00375 1.92 0 0 0 0 0 0 0 0 0
0000000004000040 0000000000000000 bits6_26 0 0 61 32.00227 1.16 0 0 0 0 0 0 0 0 0
0000000008000040 0000000000000000 bits6_27 0 0 70 31.99943 -0.29 0 0 0 0 0 0 0 0 0
0000000010000040 0000000000000000 bits6_28 0 0 71 32.00002 0.01 0 0 0 0 0 0 0 0 0
0000000020000040 0000000000000000 bits6_29 0 0 80 31.99598 -2.06 0 0 0 0 0 0 0 0 0
0000000040000040 0000000000000000 bits6_30 0 0 63 32.00455 2.33 0 0 0 0 0 0 0 0 0
0000000080000040 0000000000000000 bits6_31 0 0 76 32.00347 1.78 0 0 0 0 0 0 0 0 0
0000000100000040 0000000000000000 bits6_32 0 0 50 31.99635 -1.87 0 0 0 0 0 0 0 0 0
0000000200000040 0000000000000000 bits6_33 0 0 49 31.99895 -0.54 0 0 0 0 0 0 0 0 0
0000000400000040 0000000000000000 bits6_34 0 0 58 32.00043 0.22 0 0 0 0 0 0 0 0 0
0000000800000040 0000000000000000 bits6_35 0 0 67 32.00256 1.31 0 0 0 0 0 0 0 0 0
0000001000000040 0000000000000000 bits6_36 0 0 60 32.00198 1.01 0 0 0 0 0 0 0 0 0
0000002000000040 0000000000000000 bits6_37 0 0 80 31.99814 -0.95 0 0 0 0 0 0 0 0 0
0000004000000040 0000000000000000 bits6_38 0 0 80 31.99849 -0.77 0 0 0 0 0 0 0 0 0
0000008000000040 0000000000000000 bits6_39 0 0 78 32.00025 0.13 0 0 0 0 0 0 0 0 0
0000010000000040 0000000000000000 bits6_40 0 0 44 31.99804 -1.00 0 0 0 0 0 0 0 0 0
0000020000000040 0000000000000000 bits6_41 0 0 62 31.99945 -0.28 0 0 0 0 0 0 0 0 0
0000040000000040 0000000000000000 bits6_42 0 0 52 32.00210 1.08 0 0 0 0 0 0 0 0 0
0000080000000040 0000000000000000 bits6_43 0 0 61 31.99980 -0.10 0 0 0 0 0 0 0 0 0
0000100000000040 0000000000000000 bits6_44 0 0 73 32.00148 0.76 0 0 0 0 0 0 0 0 0
0000200000000040 0000000000000000 bits6_45 0 0 62 31.99775 -1.15 0 0 0 0 0 0 0 0 0
0000400000000040 0000000000000000 bits6_46 0 0 65 32.00702 3.60 0 0 0 0 0 0 0 0 0
0000800000000040 0000000000000000 bits6_47 0 0 65 31.99650 -1.79 0 0 0 0 0 0 0 0 0
0001000000000040 0000000000000000 bits6_48 0 0 58 32.00137 0.70 0 0 0 0 0 0 0 0 0
0002000000000040 0000000000000000 bits6_49 0 0 77 32.00041 0.21 0 0 0 0 0 0 0 0 0
0004000000000040 0000000000000000 bits6_50 0 0 60 32.00003 0.02 0 0 0 0 0 0 0 0 0
0008000000000040 0000000000000000 bits6_51 0 0 66 31.99895 -0.54 0 0 0 0 0 0 0 0 0
0010000000000040 0000000000000000 bits6_52 0 0 68 32.00571 2.92 0 0 0 0 0 0 0 0 0
0020000000000040 0000000000000000 bits6_53 0 0 71 31.99709 -1.49 0 0 0 0 0 0 0 0 0
0040000000000040 0000000000000000 bits6_54 0 0 74 32.00007 0.03 0 0 0 0 0 0 0 0 0
0080000000000040 0000000000000000 bits6_55 0 0 68 32.00031 0.16 0 0 0 0 0 0 0 0 0
0100000000000040 0000000000000000 bits6_56 0 0 53 31.99909 -0.46 0 0 0 0 0 0 0 0 0
0200000000000040 0000000000000000 bits6_57 0 0 77 32.00030 0.16 0 0 0 0 0 0 0 0 0
0400000000000040 0000000000000000 bits6_58 0 0 53 32.00126 0.65 0 0 0 0 0 0 0 0 0
0800000000000040 0000000000000000 bits6_59 0 0 74 31.99758 -1.24 0 0 0 0 0 0 0 0 0
1000000000000040 0000000000000000 bits6_60 0 0 75 32.00111 0.57 0 0 0 0 0 0 0 0 0
2000000000000040 0000000000000000 bits6_61 0 0 65 32.00015 0.08 0 0 0 0 0 0 0 0 0
4000000000000040 0000000000000000 bits6_62 0 0 48 31.99909 -0.46 0 0 0 0 0 0 0 0 0
8000000000000040 0000000000000000 bits6_63 0 0 66 31.99982 -0.09 0 0 0 0 0 0 0 0 0
0000000000000040 0000000000000001 bits6_64 0 0 60 31.99924 -0.39 0 0 0 0 0 0 0 0 0
0000000000000040 0000000000000002 bits6_65 0 0 61 32.00184 0.94 0 0 0 0 0 0 0 0 0
0000000000000040 0000000000000004 bits6_66 0 0 52 31.99813 -0.96 0 0 0 0 0 0 0 0 0
0000000000000040 0000000000000008 bits6_67 0 0 58 32.00358 1.84 0 0 0 0 0 0 0 0 0
0000000000000040 0000000000000010 bits6_68 0 0 70 32.00146 0.75 0 0 0 0 0 0 0 0 0
0000000000000040 0000000000000020 bits6_69 0 0 62 31.99897 -0.53 0 0 0 0 0 0 0 0 0
0000000000000040 0000000000000040 bits6_70 0 0 65 31.99927 -0.38 0 0 0 0 0 0 0 0 0
0000000000000040 0000000000000080 bits6_71 0 0 59 32.00401 2.05 0 0 0 0 0 0 0 0 0
0000000000000040 0000000000000100 bits6_72 0 0 48 31.99940 -0.31 0 0 0 0 0 0 0 0 0
0000000000000040 0000000000000200 bits6_73 0 0 72 32.00003 0.01 0 0 0 0 0 0 0 0 0
0000000000000040 0000000000000400 bits6_74 0 0 61 31.99799 -1.03 0 0 0 0 0 0 0 0 0
0000000000000040 0000000000000800 bits6_75 0 0 57 32.00114 0.59 0 0 0 0 0 0 0 0 0
0000000000000040 0000000000001000 bits6_76 0 0 77 31.99860 -0.72 0 0 0 0 0 0 0 0 0
0000000000000040 0000000000002000 bits6_77 0 0 63 32.00280 1.43 0 0 0 0 0 0 0 0 0
0000000000000040 0000000000004000 bits6_78 0 0 58 31.99940 -0.31 0 0 0 0 0 0 0 0 0
0000000000000040 0000000000008000 bits6_79 0 0 54 32.00173 0.89 0 0 0 0 0 0 0 0 0
0000000000000040 0000000000010000 bits6_80 0 0 59 31.99798 -1.03 0 0 0 0 0 0 0 0 0
0000000000000040 0000000000020000 bits6_81 0 0 90 31.99751 -1.28 0 0 0 0 0 0 0 0 0
0000000000000040 0000000000040000 bits6_82 0 0 75 32.00003 0.01 0 0 0 0 0 0 0 0 0
0000000000000040 0000000000080000 bits6_83 0 0 55 32.00245 1.26 0 0 0 0 0 0 0 0 0
0000000000000040 0000000000100000 bits6_84 0 0 70 32.00055 0.28 0 0 0 0 0 0 0 0 0
0000000000000040 0000000000200000 bits6_85 0 0 58 32.00171 0.88 0 0 0 0 0 0 0 0 0
0000000000000040 0000000000400000 bits6_86 0 0 78 32.00021 0.11 0 0 0 0 0 0 0 0 0
0000000000000040 0000000000800000 bits6_87 0 0 67 32.00170 0.87 0 0 0 0 0 0 0 0 0
0000000000000040 0000000001000000 bits6_88 0 0 69 31.99816 -0.94 0 0 0 0 0 0 0 0 0
0000000000000040 0000000002000000 bits6_89 0 0 53 32.00216 1.10 0 0 0 0 0 0 0 0 0
0000000000000040 0000000004000000 bits6_90 0 0 64 32.00140 0.72 0 0 0 0 0 0 0 0 0
0000000000000040 0000000008000000 bits6_91 0 0 52 32.00349 1.79 0 0 0 0 0 0 0 0 0
0000000000000040 0000000010000000 bits6_92 0 0 54 32.00269 1.38 0 0 0 0 0 0 0 0 0
0000000000000040 0000000020000000 bits6_93 0 0 66 31.99861 -0.71 0 0 0 0 0 0 0 0 0
0000000000000040 0000000040000000 bits6_94 0 0 72 31.99981 -0.09 0 0 0 0 0 0 0 0 0
0000000000000040 0000000080000000 bits6_95 0 0 76 32.00223 1.14 0 0 0 0 0 0 0 0 0
0000000000000040 0000000100000000 bits6_96 0 0 69 31.99819 -0.92 0 0 0 0 0 0 0 0 0
0000000000000040 0000000200000000 bits6_97 0 0 63 32.00190 0.97 0 0 0 0 0 0 0 0 0
0000000000000040 0000000400000000 bits6_98 0 0 75 32.00234 1.20 0 0 0 0 0 0 0 0 0
0000000000000040 0000000800000000 bits6_99 0 0 69 32.00302 1.55 0 0 0 0 0 0 0 0 0
0000000000000040 0000001000000000 bits6_100 0 0 48 32.00309 1.58 0 0 0 0 0 0 0 0 0
0000000000000040 0000002000000000 bits6_101 0 0 59 32.00100 0.51 0 0 0 0 0 0 0 0 0
0000000000000040 0000004000000000 bits6_102 0 0 83 32.00020 0.10 0 0 0 0 0 0 0 0 0
0000000000000040 0000008000000000 bits6_103 0 0 57 31.99902 -0.50 0 0 0 0 0 0 0 0 0
0000000000000040 0000010000000000 bits6_104 0 0 63 31.99755 -1.26 0 0 0 0 0 0 0 0 0
0000000000000040 0000020000000000 bits6_105 0 0 44 32.00118 0.61 0 0 0 0 0 0 0 0 0
0000000000000040 0000040000000000 bits6_106 0 0 64 31.99611 -1.99 0 0 0 0 0 0 0 0 0
0000000000000040 0000080000000000 bits6_107 0 0 58 31.99684 -1.62 0 0 0 0 0 0 0 0 0
0000000000000040 0000100000000000 bits6_108 0 0 61 31.99943 -0.29 0 0 0 0 0 0 0 0 0
0000000000000040 0000200000000000 bits6_109 0 0 71 32.00148 0.76 0 0 0 0 0 0 0 0 0
0000000000000040 0000400000000000 bits6_110 0 0 65 32.00447 2.29 0 0 0 0 0 0 0 0 0
0000000000000040 0000800000000000 bits6_111 0 0 60 31.99925 -0.39 0 0 0 0 0 0 0 0 0
0000000000000040 0001000000000000 bits6_112 0 0 54 32.00122 0.62 0 0 0 0 0 0 0 0 0
0000000000000040 0002000000000000 bits6_113 0 0 69 31.99722 -1.42 0 0 0 0 0 0 0 0 0
0000000000000040 0004000000000000 bits6_114 0 0 62 31.99802 -1.01 0 0 0 0 0 0 0 0 0
0000000000000040 0008000000000000 bits6_115 0 0 65 32.00080 0.41 0 0 0 0 0 0 0 0 0
0000000000000040 0010000000000000 bits6_116 0 0 61 32.00036 0.19 0 0 0 0 0 0 0 0 0
0000000000000040 0020000000000000 bits6_117 0 0 72 32.00073 0.37 0 0 0 0 0 0 0 0 0
0000000000000040 0040000000000000 bits6_118 0 0 75 31.99755 -1.25 0 0 0 0 0 0 0 0 0
0000000000000040 0080000000000000 bits6_119 0 0 61 31.99972 -0.14 0 0 0 0 0 0 0 0 0
0000000000000040 0100000000000000 bits6_120 0 0 58 31.99946 -0.28 0 0 0 0 0 0 0 0 0
0000000000000040 0200000000000000 bits6_121 0 0 66 32.00003 0.02 0 0 0 0 0 0 0 0 0
0000000000000040 0400000000000000 bits6_122 0 0 57 32.00206 1.05 0 0 0 0 0 0 0 0 0
0000000000000040 0800000000000000 bits6_123 0 0 56 32.00173 0.88 0 0 0 0 0 0 0 0 0
0000000000000040 1000000000000000 bits6_124 0 0 55 32.00016 0.08 0 0 0 0 0 0 0 0 0
0000000000000040 2000000000000000 bits6_125 0 0 56 32.00147 0.75 0 0 0 0 0 0 0 0 0
0000000000000040 4000000000000000 bits6_126 0 0 68 31.99818 -0.93 0 0 0 0 0 0 0 0 0
0000000000000040 8000000000000000 bits6_127 0 0 62 32.00470 2.40 0 0 0 0 0 0 0 0 0
0000000000000180 0000000000000000 bits7_8 0 0 52 32.00293 1.50 0 0 0 0 0 0 0 0 0
0000000000000280 0000000000000000 bits7_9 0 0 74 31.99905 -0.48 0 0 0 0 0 0 0 0 0
0000000000000480 0000000000000000 bits7_10 0 0 59 31.99808 -0.98 0 0 0 0 0 0 0 0 0
0000000000000880 0000000000000000 bits7_11 0 0 71 32.00089 0.46 0 0 0 0 0 0 0 0 0
0000000000001080 0000000000000000 bits7_12 0 0 61 31.99916 -0.43 0 0 0 0 0 0 0 0 0
0000000000002080 0000000000000000 bits7_13 0 0 62 32.00179 0.92 0 0 0 0 0 0 0 0 0
0000000000004080 0000000000000000 bits7_14 0 0 78 31.99920 -0.41 0 0 0 0 0 0 0 0 0
0000000000008080 0000000000000000 bits7_15 0 0 72 32.00177 0.91 0 0 0 0 0 0 0 0 0
0000000000010080 0000000000000000 bits7_16 0 0 53 32.00023 0.12 0 0 0 0 0 0 0 0 0
0000000000020080 0000000000000000 bits7_17 0 0 62 31.99714 -1.46 0 0 0 0 0 0 0 0 0
0000000000040080 0000000000000000 bits7_18 0 0 73 31.99808 -0.98 0 0 0 0 0 0 0 0 0
0000000000080080 0000000000000000 bits7_19 0 0 81 32.00027 0.14 0 0 0 0 0 0 0 0 0
0000000000100080 0000000000000000 bits7_20 0 0 58 32.00137 0.70 0 0 0 0 0 0 0 0 0
0000000000200080 0000000000000000 bits7_21 0 0 64 32.00073 0.37 0 0 0 0 0 0 0 0 0
0000000000400080 0000000000000000 bits7_22 0 0 57 31.99968 -0.16 0 0 0 0 0 0 0 0 0
0000000000800080 0000000000000000 bits7_23 0 0 61 31.99976 -0.12 0 0 0 0 0 0 0 0 0
0000000001000080 0000000000000000 bits7_24 0 0 57 32.00074 0.38 0 0 0 0 0 0 0 0 0
0000000002000080 0000000000000000 bits7_25 0 0 60 31.99883 -0.60 0 0 0 0 0 0 0 0 0
0000000004000080 0000000000000000 bits7_26 0 0 75 32.00214 1.09 0 0 0 0 0 0 0 0 0
0000000008000080 0000000000000000 bits7_27 0 0 75 31.99990 -0.05 0 0 0 0 0 0 0 0 0
0000000010000080 0000000000000000 bits7_28 0 0 60 32.00133 0.68 0 0 0 0 0 0 0 0 0
0000000020000080 0000000000000000 bits7_29 0 0 71 32.00087 0.44 0 0 0 0 0 0 0 0 0
0000000040000080 0000000000000000 bits7_30 0 0 70 32.00027 0.14 0 0 0 0 0 0 0 0 0
0000000080000080 0000000000000000 bits7_31 0 0 66 31.99708 -1.49 0 0 0 0 0 0 0 0 0
0000000100000080 0000000000000000 bits7_32 0 0 55 31.99906 -0.48 0 0 0 0 0 0 0 0 0
0000000200000080 0000000000000000 bits7_33 0 0 66 31.99984 -0.08 0 0 0 0 0 0 0 0 0
0000000400000080 0000000000000000 bits7_34 0 0 57 32.00405 2.07 0 0 0 0 0 0 0 0 0
0000000800000080 0000000000000000 bits7_35 0 0 58 32.00157 0.80 0 0 0 0 0 0 0 0 0
0000001000000080 0000000000000000 bits7_36 0 0 63 31.99925 -0.38 0 0 0 0 0 0 0 0 0
0000002000000080 0000000000000000 bits7_37 0 0 61 31.99785 -1.10 0 0 0 0 0 0 0 0 0
0000004000000080 0000000000000000 bits7_38 0 0 79 31.99941 -0.30 0 0 0 0 0 0 0 0 0
0000008000000080 0000000000000000 bits7_39 0 0 59 31.99885 -0.59 0 0 0 0 0 0 0 0 0
0000010000000080 0000000000000000 bits7_40 0 0 70 31.99656 -1.76 0 0 0 0 0 0 0 0 0
0000020000000080 0000000000000000 bits7_41 0 0 68 31.99922 -0.40 0 0 0 0 0 0 0 0 0
0000040000000080 0000000000000000 bits7_42 0 0 59 32.00125 0.64 0 0 0 0 0 0 0 0 0
0000080000000080 0000000000000000 bits7_43 0 0 54 31.99828 -0.88 0 0 0 0 0 0 0 0 0
0000100000000080 0000000000000000 bits7_44 0 0 70 32.00160 0.82 0 0 0 0 0 0 0 0 0
0000200000000080 0000000000000000 bits7_45 0 0 67 31.99845 -0.80 0 0 0 0 0 0 0 0 0
0000400000000080 0000000000000000 bits7_46 0 0 68 31.99772 -1.17 0 0 0 0 0 0 0 0 0
0000800000000080 0000000000000000 bits7_47 0 0 67 31.99931 -0.35 0 0 0 0 0 0 0 0 0
0001000000000080 0000000000000000 bits7_48 0 0 61 31.99940 -0.31 0 0 0 0 0 0 0 0 0
0002000000000080 0000000000000000 bits7_49 0 0 60 32.00035 0.18 0 0 0 0 0 0 0 0 0
0004000000000080 0000000000000000 bits7_50 0 0 59 32.00230 1.18 0 0 0 0 0 0 0 0 0
0008000000000080 0000000000000000 bits7_51 0 0 72 31.99904 -0.49 0 0 0 0 0 0 0 0 0
0010000000000080 0000000000000000 bits7_52 0 0 57 32.00262 1.34 0 0 0 0 0 0 0 0 0
0020000000000080 0000000000000000 bits7_53 0 0 59 31.99818 -0.93 0 0 0 0 0 0 0 0 0
0040000000000080 0000000000000000 bits7_54 0 0 64 31.99797 -1.04 0 0 0 0 0 0 0 0 0
0080000000000080 0000000000000000 bits7_55 0 0 66 32.00032 0.16 0 0 0 0 0 0 0 0 0
0100000000000080 0000000000000000 bits7_56 0 0 64 32.00077 0.39 0 0 0 0 0 0 0 0 0
0200000000000080 0000000000000000 bits7_57 0 0 49 32.00126 0.65 0 0 0 0 0 0 0 0 0
0400000000000080 0000000000000000 bits7_58 0 0 75 31.99646 -1.81 0 0 0 0 0 0 0 0 0
0800000000000080 0000000000000000 bits7_59 0 0 70 32.00236 1.21 0 0 0 0 0 0 0 0 0
1000000000000080 0000000000000000 bits7_60 0 0 56 32.00140 0.72 0 0 0 0 0 0 0 0 0
2000000000000080 0000000000000000 bits7_61 0 0 60 32.00253 1.29 0 0 0 0 0 0 0 0 0
4000000000000080 0000000000000000 bits7_62 0 0 60 32.00338 1.73 0 0 0 0 0 0 0 0 0
8000000000000080 0000000000000000 bits7_63 0 0 60 31.99749 -1.28 0 0 0 0 0 0 0 0 0
0000000000000080 0000000000000001 bits7_64 0 0 60 31.99997 -0.01 0 0 0 0 0 0 0 0 0
0000000000000080 0000000000000002 bits7_65 0 0 60 32.00302 1.55 0 0 0 0 0 0 0 0 0
0000000000000080 0000000000000004 bits7_66 0 0 81 31.99788 -1.09 0 0 0 0 0 0 0 0 0
0000000000000080 0000000000000008 bits7_67 0 0 61 31.99978 -0.11 0 0 0 0 0 0 0 0 0
0000000000000080 0000000000000010 bits7_68 0 0 56 31.99905 -0.49 0 0 0 0 0 0 0 0 0
0000000000000080 0000000000000020 bits7_69 0 0 76 31.99946 -0.28 0 0 0 0 0 0 0 0 0
0000000000000080 0000000000000040 bits7_70 0 0 72 32.00454 2.33 0 0 0 0 0 0 0 0 0
0000000000000080 0000000000000080 bits7_71 0 0 60 32.00179 0.92 0 0 0 0 0 0 0 0 0
0000000000000080 0000000000000100 bits7_72 0 0 62 32.00192 0.98 0 0 0 0 0 0 0 0 0
0000000000000080 0000000000000200 bits7_73 0 0 71 32.00322 1.65 0 0 0 0 0 0 0 0 0
0000000000000080 0000000000000400 bits7_74 0 0 62 31.99899 -0.52 0 0 0 0 0 0 0 0 0
0000000000000080 0000000000000800 bits7_75 0 0 68 31.99900 -0.51 0 0 0 0 0 0 0 0 0
0000000000000080 0000000000001000 bits7_76 0 0 65 31.99814 -0.95 0 0 0 0 0 0 0 0 0
0000000000000080 0000000000002000 bits7_77 0 0 63 31.99868 -0.68 0 0 0 0 0 0 0 0 0
0000000000000080 0000000000004000 bits7_78 0 0 76 31.99808 -0.98 0 0 0 0 0 0 0 0 0
0000000000000080 0000000000008000 bits7_79 0 0 70 32.00062 0.32 0 0 0 0 0 0 0 0 0
0000000000000080 0000000000010000 bits7_80 0 0 58 32.00330 1.69 0 0 0 0 0 0 0 0 0
0000000000000080 0000000000020000 bits7_81 0 0 67 31.99874 -0.65 0 0 0 0 0 0 0 0 0
0000000000000080 0000000000040000 bits7_82 0 0 72 32.00014 0.07 0 0 0 0 0 0 0 0 0
0000000000000080 0000000000080000 bits7_83 0 0 68 31.99618 -1.95 0 0 0 0 0 0 0 0 0
0000000000000080 0000000000100000 bits7_84 0 0 50 32.00211 1.08 0 0 0 0 0 0 0 0 0
0000000000000080 0000000000200000 bits7_85 0 0 46 31.99935 -0.33 0 0 0 0 0 0 0 0 0
0000000000000080 0000000000400000 bits7_86 0 0 62 31.99861 -0.71 0 0 0 0 0 0 0 0 0
0000000000000080 0000000000800000 bits7_87 0 0 68 31.99689 -1.59 0 0 0 0 0 0 0 0 0
0000000000000080 0000000001000000 bits7_88 0 0 62 31.99876 -0.64 0 0 0 0 0 0 0 0 0
0000000000000080 0000000002000000 bits7_89 0 0 73 32.00045 0.23 0 0 0 0 0 0 0 0 0
0000000000000080 0000000004000000 bits7_90 0 0 60 32.00274 1.40 0 0 0 0 0 0 0 0 0
0000000000000080 0000000008000000 bits7_91 0 0 59 32.00020 0.10 0 0 0 0 0 0 0 0 0
0000000000000080 0000000010000000 bits7_92 0 0 72 31.99904 -0.49 0 0 0 0 0 0 0 0 0
0000000000000080 0000000020000000 bits7_93 0 0 75 32.00102 0.52 0 0 0 0 0 0 0 0 0
