# variant=13 W=1 log2keys=24 seed=4887 mode=R N=16777216
# d0 d1 name coll low32 low16 meanpop z hist0..8
0000000040000008 0000000000000000 bits3_30 0 0 240 31.99985 -0.15 0 0 0 0 0 0 0 0 0
0000000080000008 0000000000000000 bits3_31 0 0 245 32.00142 1.45 0 0 0 0 0 0 0 0 0
0000000100000008 0000000000000000 bits3_32 0 0 288 31.99951 -0.51 0 0 0 0 0 0 0 0 0
0000000200000008 0000000000000000 bits3_33 0 0 257 31.99851 -1.53 0 0 0 0 0 0 0 0 0
0000000400000008 0000000000000000 bits3_34 0 0 237 31.99955 -0.46 0 0 0 0 0 0 0 0 0
0000000800000008 0000000000000000 bits3_35 0 0 235 32.00112 1.14 0 0 0 0 0 0 0 0 0
0000001000000008 0000000000000000 bits3_36 0 0 269 31.99976 -0.25 0 0 0 0 0 0 0 0 0
0000002000000008 0000000000000000 bits3_37 0 0 246 32.00029 0.30 0 0 0 0 0 0 0 0 0
0000004000000008 0000000000000000 bits3_38 0 0 255 32.00020 0.20 0 0 0 0 0 0 0 0 0
0000008000000008 0000000000000000 bits3_39 0 0 257 31.99984 -0.16 0 0 0 0 0 0 0 0 0
0000010000000008 0000000000000000 bits3_40 0 0 268 32.00067 0.68 0 0 0 0 0 0 0 0 0
0000020000000008 0000000000000000 bits3_41 0 0 231 32.00092 0.94 0 0 0 0 0 0 0 0 0
0000040000000008 0000000000000000 bits3_42 0 0 261 32.00121 1.24 0 0 0 0 0 0 0 0 0
0000080000000008 0000000000000000 bits3_43 0 0 245 31.99969 -0.32 0 0 0 0 0 0 0 0 0
0000100000000008 0000000000000000 bits3_44 0 0 251 31.99907 -0.96 0 0 0 0 0 0 0 0 0
0000200000000008 0000000000000000 bits3_45 0 0 252 31.99838 -1.66 0 0 0 0 0 0 0 0 0
0000400000000008 0000000000000000 bits3_46 0 0 250 32.00150 1.53 0 0 0 0 0 0 0 0 0
0000800000000008 0000000000000000 bits3_47 0 0 241 31.99912 -0.90 0 0 0 0 0 0 0 0 0
0001000000000008 0000000000000000 bits3_48 0 0 256 32.00012 0.12 0 0 0 0 0 0 0 0 0
0002000000000008 0000000000000000 bits3_49 0 0 270 31.99799 -2.06 0 0 0 0 0 0 0 0 0
0004000000000008 0000000000000000 bits3_50 0 0 263 31.99869 -1.34 0 0 0 0 0 0 0 0 0
0008000000000008 0000000000000000 bits3_51 0 0 259 31.99782 -2.23 0 0 0 0 0 0 0 0 0
0010000000000008 0000000000000000 bits3_52 0 0 271 31.99788 -2.17 0 0 0 0 0 0 0 0 0
0020000000000008 0000000000000000 bits3_53 0 0 254 32.00083 0.85 0 0 0 0 0 0 0 0 0
0040000000000008 0000000000000000 bits3_54 0 0 305 31.99820 -1.85 0 0 0 0 0 0 0 0 0
0080000000000008 0000000000000000 bits3_55 0 0 255 31.99974 -0.26 0 0 0 0 0 0 0 0 0
0100000000000008 0000000000000000 bits3_56 0 0 239 32.00089 0.91 0 0 0 0 0 0 0 0 0
0200000000000008 0000000000000000 bits3_57 0 0 256 31.99949 -0.53 0 0 0 0 0 0 0 0 0
0400000000000008 0000000000000000 bits3_58 0 0 260 32.00090 0.92 0 0 0 0 0 0 0 0 0
0800000000000008 0000000000000000 bits3_59 0 0 281 32.00026 0.27 0 0 0 0 0 0 0 0 0
1000000000000008 0000000000000000 bits3_60 0 0 272 32.00106 1.09 0 0 0 0 0 0 0 0 0
2000000000000008 0000000000000000 bits3_61 0 0 237 31.99863 -1.40 0 0 0 0 0 0 0 0 0
4000000000000008 0000000000000000 bits3_62 0 0 218 31.99943 -0.59 0 0 0 0 0 0 0 0 0
8000000000000008 0000000000000000 bits3_63 0 0 253 32.00097 0.99 0 0 0 0 0 0 0 0 0
0000000000000030 0000000000000000 bits4_5 0 0 265 32.00025 0.26 0 0 0 0 0 0 0 0 0
0000000000000050 0000000000000000 bits4_6 0 0 233 32.00013 0.13 0 0 0 0 0 0 0 0 0
0000000000000090 0000000000000000 bits4_7 0 0 273 31.99997 -0.03 0 0 0 0 0 0 0 0 0
0000000000000110 0000000000000000 bits4_8 0 0 247 31.99872 -1.31 0 0 0 0 0 0 0 0 0
0000000000000210 0000000000000000 bits4_9 0 0 251 32.00179 1.84 0 0 0 0 0 0 0 0 0
0000000000000410 0000000000000000 bits4_10 0 0 255 32.00038 0.39 0 0 0 0 0 0 0 0 0
0000000000000810 0000000000000000 bits4_11 0 0 226 31.99977 -0.23 0 0 0 0 0 0 0 0 0
0000000000001010 0000000000000000 bits4_12 0 0 242 32.00049 0.50 0 0 0 0 0 0 0 0 0
0000000000002010 0000000000000000 bits4_13 0 0 231 32.00118 1.21 0 0 0 0 0 0 0 0 0
0000000000004010 0000000000000000 bits4_14 0 0 249 32.00063 0.64 0 0 0 0 0 0 0 0 0
0000000000008010 0000000000000000 bits4_15 0 0 283 31.99934 -0.68 0 0 0 0 0 0 0 0 0
0000000000010010 0000000000000000 bits4_16 0 0 271 31.99896 -1.07 0 0 0 0 0 0 0 0 0
0000000000020010 0000000000000000 bits4_17 0 0 243 32.00087 0.89 0 0 0 0 0 0 0 0 0
0000000000040010 0000000000000000 bits4_18 0 0 282 32.00004 0.04 0 0 0 0 0 0 0 0 0
0000000000080010 0000000000000000 bits4_19 0 0 244 31.99973 -0.28 0 0 0 0 0 0 0 0 0
0000000000100010 0000000000000000 bits4_20 0 0 258 31.99972 -0.29 0 0 0 0 0 0 0 0 0
0000000000200010 0000000000000000 bits4_21 0 0 272 31.99800 -2.05 0 0 0 0 0 0 0 0 0
0000000000400010 0000000000000000 bits4_22 0 0 268 31.99990 -0.10 0 0 0 0 0 0 0 0 0
0000000000800010 0000000000000000 bits4_23 0 0 260 31.99950 -0.52 0 0 0 0 0 0 0 0 0
0000000001000010 0000000000000000 bits4_24 0 0 258 31.99909 -0.94 0 0 0 0 0 0 0 0 0
0000000002000010 0000000000000000 bits4_25 0 0 247 32.00044 0.45 0 0 0 0 0 0 0 0 0
0000000004000010 0000000000000000 bits4_26 0 0 258 31.99868 -1.35 0 0 0 0 0 0 0 0 0
0000000008000010 0000000000000000 bits4_27 0 0 253 32.00069 0.71 0 0 0 0 0 0 0 0 0
0000000010000010 0000000000000000 bits4_28 0 0 244 32.00086 0.89 0 0 0 0 0 0 0 0 0
0000000020000010 0000000000000000 bits4_29 0 0 262 31.99894 -1.09 0 0 0 0 0 0 0 0 0
0000000040000010 0000000000000000 bits4_30 0 0 253 31.99869 -1.34 0 0 0 0 0 0 0 0 0
0000000080000010 0000000000000000 bits4_31 0 0 237 32.00028 0.29 0 0 0 0 0 0 0 0 0
0000000100000010 0000000000000000 bits4_32 0 0 267 32.00003 0.03 0 0 0 0 0 0 0 0 0
0000000200000010 0000000000000000 bits4_33 0 0 259 31.99872 -1.31 0 0 0 0 0 0 0 0 0
0000000400000010 0000000000000000 bits4_34 0 0 277 31.99929 -0.73 0 0 0 0 0 0 0 0 0
0000000800000010 0000000000000000 bits4_35 0 0 222 32.00041 0.42 0 0 0 0 0 0 0 0 0
0000001000000010 0000000000000000 bits4_36 0 0 230 32.00054 0.55 0 0 0 0 0 0 0 0 0
0000002000000010 0000000000000000 bits4_37 0 0 232 32.00110 1.12 0 0 0 0 0 0 0 0 0
0000004000000010 0000000000000000 bits4_38 0 0 252 32.00123 1.26 0 0 0 0 0 0 0 0 0
0000008000000010 0000000000000000 bits4_39 0 0 246 32.00046 0.47 0 0 0 0 0 0 0 0 0
0000010000000010 0000000000000000 bits4_40 0 0 250 32.00065 0.66 0 0 0 0 0 0 0 0 0
0000020000000010 0000000000000000 bits4_41 0 0 252 32.00008 0.08 0 0 0 0 0 0 0 0 0
0000040000000010 0000000000000000 bits4_42 0 0 257 31.99990 -0.10 0 0 0 0 0 0 0 0 0
0000080000000010 0000000000000000 bits4_43 0 0 253 31.99916 -0.86 0 0 0 0 0 0 0 0 0
0000100000000010 0000000000000000 bits4_44 0 0 297 31.99950 -0.52 0 0 0 0 0 0 0 0 0
0000200000000010 0000000000000000 bits4_45 0 0 241 31.99866 -1.37 0 0 0 0 0 0 0 0 0
0000400000000010 0000000000000000 bits4_46 0 0 248 31.99863 -1.40 0 0 0 0 0 0 0 0 0
0000800000000010 0000000000000000 bits4_47 0 0 258 31.99702 -3.05 0 0 0 0 0 0 0 0 0
0001000000000010 0000000000000000 bits4_48 0 0 210 32.00131 1.34 0 0 0 0 0 0 0 0 0
0002000000000010 0000000000000000 bits4_49 0 0 292 32.00046 0.47 0 0 0 0 0 0 0 0 0
0004000000000010 0000000000000000 bits4_50 0 0 246 32.00094 0.97 0 0 0 0 0 0 0 0 0
0008000000000010 0000000000000000 bits4_51 0 0 246 32.00011 0.11 0 0 0 0 0 0 0 0 0
0010000000000010 0000000000000000 bits4_52 0 0 241 31.99938 -0.64 0 0 0 0 0 0 0 0 0
0020000000000010 0000000000000000 bits4_53 0 0 263 32.00004 0.04 0 0 0 0 0 0 0 0 0
0040000000000010 0000000000000000 bits4_54 0 0 244 32.00031 0.32 0 0 0 0 0 0 0 0 0
0080000000000010 0000000000000000 bits4_55 0 0 253 32.00054 0.55 0 0 0 0 0 0 0 0 0
0100000000000010 0000000000000000 bits4_56 0 0 264 32.00068 0.69 0 0 0 0 0 0 0 0 0
0200000000000010 0000000000000000 bits4_57 0 0 236 32.00088 0.90 0 0 0 0 0 0 0 0 0
0400000000000010 0000000000000000 bits4_58 0 0 281 32.00137 1.40 0 0 0 0 0 0 0 0 0
0800000000000010 0000000000000000 bits4_59 0 0 257 31.99980 -0.21 0 0 0 0 0 0 0 0 0
1000000000000010 0000000000000000 bits4_60 0 0 243 31.99804 -2.01 0 0 0 0 0 0 0 0 0
2000000000000010 0000000000000000 bits4_61 0 0 256 32.00024 0.25 0 0 0 0 0 0 0 0 0
4000000000000010 0000000000000000 bits4_62 0 0 250 31.99970 -0.31 0 0 0 0 0 0 0 0 0
8000000000000010 0000000000000000 bits4_63 0 0 275 32.00087 0.89 0 0 0 0 0 0 0 0 0
0000000000000060 0000000000000000 bits5_6 0 0 225 32.00024 0.25 0 0 0 0 0 0 0 0 0
00000000000000a0 0000000000000000 bits5_7 0 0 259 32.00040 0.41 0 0 0 0 0 0 0 0 0
0000000000000120 0000000000000000 bits5_8 0 0 289 32.00134 1.37 0 0 0 0 0 0 0 0 0
0000000000000220 0000000000000000 bits5_9 0 0 278 32.00106 1.08 0 0 0 0 0 0 0 0 0
0000000000000420 0000000000000000 bits5_10 0 0 279 32.00121 1.24 0 0 0 0 0 0 0 0 0
0000000000000820 0000000000000000 bits5_11 0 0 266 32.00005 0.06 0 0 0 0 0 0 0 0 1
0000000000001020 0000000000000000 bits5_12 0 0 263 31.99976 -0.25 0 0 0 0 0 0 0 0 0
0000000000002020 0000000000000000 bits5_13 0 0 249 32.00234 2.39 0 0 0 0 0 0 0 0 0
0000000000004020 0000000000000000 bits5_14 0 0 255 31.99976 -0.24 0 0 0 0 0 0 0 0 0
0000000000008020 0000000000000000 bits5_15 0 0 250 31.99904 -0.98 0 0 0 0 0 0 0 0 0
0000000000010020 0000000000000000 bits5_16 0 0 240 31.99893 -1.10 0 0 0 0 0 0 0 0 0
0000000000020020 0000000000000000 bits5_17 0 0 269 32.00129 1.32 0 0 0 0 0 0 0 0 0
0000000000040020 0000000000000000 bits5_18 0 0 277 32.00048 0.49 0 0 0 0 0 0 0 0 0
0000000000080020 0000000000000000 bits5_19 0 0 228 31.99973 -0.27 0 0 0 0 0 0 0 0 0
0000000000100020 0000000000000000 bits5_20 0 0 266 32.00044 0.45 0 0 0 0 0 0 0 0 0
0000000000200020 0000000000000000 bits5_21 0 0 258 31.99891 -1.12 0 0 0 0 0 0 0 0 0
0000000000400020 0000000000000000 bits5_22 0 0 270 32.00114 1.17 0 0 0 0 0 0 0 0 0
0000000000800020 0000000000000000 bits5_23 0 0 254 32.00133 1.37 0 0 0 0 0 0 0 0 0
0000000001000020 0000000000000000 bits5_24 0 0 263 32.00074 0.76 0 0 0 0 0 0 0 0 0
0000000002000020 0000000000000000 bits5_25 0 0 246 32.00068 0.70 0 0 0 0 0 0 0 0 0
0000000004000020 0000000000000000 bits5_26 0 0 273 31.99989 -0.12 0 0 0 0 0 0 0 0 0
0000000008000020 0000000000000000 bits5_27 0 0 262 31.99855 -1.48 0 0 0 0 0 0 0 0 0
0000000010000020 0000000000000000 bits5_28 0 0 255 31.99917 -0.85 0 0 0 0 0 0 0 0 0
0000000020000020 0000000000000000 bits5_29 0 0 248 31.99963 -0.38 0 0 0 0 0 0 0 0 0
0000000040000020 0000000000000000 bits5_30 0 0 219 31.99970 -0.31 0 0 0 0 0 0 0 0 0
0000000080000020 0000000000000000 bits5_31 0 0 253 32.00009 0.10 0 0 0 0 0 0 0 0 0
0000000100000020 0000000000000000 bits5_32 0 0 233 32.00121 1.24 0 0 0 0 0 0 0 0 0
0000000200000020 0000000000000000 bits5_33 0 0 263 32.00031 0.32 0 0 0 0 0 0 0 0 0
0000000400000020 0000000000000000 bits5_34 0 0 262 32.00067 0.69 0 0 0 0 0 0 0 0 0
0000000800000020 0000000000000000 bits5_35 0 0 274 32.00017 0.17 0 0 0 0 0 0 0 0 0
0000001000000020 0000000000000000 bits5_36 0 0 250 32.00031 0.31 0 0 0 0 0 0 0 0 0
0000002000000020 0000000000000000 bits5_37 0 0 263 32.00199 2.04 0 0 0 0 0 0 0 0 0
0000004000000020 0000000000000000 bits5_38 0 0 248 32.00074 0.76 0 0 0 0 0 0 0 0 0
0000008000000020 0000000000000000 bits5_39 0 0 227 31.99939 -0.62 0 0 0 0 0 0 0 0 0
0000010000000020 0000000000000000 bits5_40 0 0 261 32.00156 1.60 0 0 0 0 0 0 0 0 0
0000020000000020 0000000000000000 bits5_41 0 0 246 31.99892 -1.10 0 0 0 0 0 0 0 0 0
0000040000000020 0000000000000000 bits5_42 0 0 239 32.00034 0.35 0 0 0 0 0 0 0 0 0
0000080000000020 0000000000000000 bits5_43 0 0 261 31.99954 -0.47 0 0 0 0 0 0 0 0 0
0000100000000020 0000000000000000 bits5_44 0 0 263 31.99939 -0.63 0 0 0 0 0 0 0 0 0
0000200000000020 0000000000000000 bits5_45 0 0 258 32.00026 0.27 0 0 0 0 0 0 0 0 0
0000400000000020 0000000000000000 bits5_46 0 0 271 31.99961 -0.40 0 0 0 0 0 0 0 0 0
0000800000000020 0000000000000000 bits5_47 0 0 271 31.99956 -0.45 0 0 0 0 0 0 0 0 0
0001000000000020 0000000000000000 bits5_48 0 0 235 32.00133 1.36 0 0 0 0 0 0 0 0 0
0002000000000020 0000000000000000 bits5_49 0 0 264 31.99844 -1.60 0 0 0 0 0 0 0 0 0
0004000000000020 0000000000000000 bits5_50 0 0 259 31.99891 -1.12 0 0 0 0 0 0 0 0 0
0008000000000020 0000000000000000 bits5_51 0 0 264 32.00023 0.23 0 0 0 0 0 0 0 0 0
0010000000000020 0000000000000000 bits5_52 0 0 282 32.00012 0.12 0 0 0 0 0 0 0 0 0
0020000000000020 0000000000000000 bits5_53 0 0 249 31.99938 -0.63 0 0 0 0 0 0 0 0 0
0040000000000020 0000000000000000 bits5_54 0 0 230 32.00040 0.41 0 0 0 0 0 0 0 0 0
0080000000000020 0000000000000000 bits5_55 0 0 241 32.00087 0.89 0 0 0 0 0 0 0 0 0
0100000000000020 0000000000000000 bits5_56 0 0 236 31.99983 -0.17 0 0 0 0 0 0 0 0 0
0200000000000020 0000000000000000 bits5_57 0 0 238 32.00067 0.68 0 0 0 0 0 0 0 0 0
0400000000000020 0000000000000000 bits5_58 0 0 256 32.00184 1.88 0 0 0 0 0 0 0 0 0
0800000000000020 0000000000000000 bits5_59 0 0 248 31.99986 -0.15 0 0 0 0 0 0 0 0 0
1000000000000020 0000000000000000 bits5_60 0 0 277 32.00051 0.53 0 0 0 0 0 0 0 0 0
2000000000000020 0000000000000000 bits5_61 0 0 251 32.00125 1.28 0 0 0 0 0 0 0 0 0
4000000000000020 0000000000000000 bits5_62 0 0 259 31.99984 -0.16 0 0 0 0 0 0 0 0 0
8000000000000020 0000000000000000 bits5_63 0 0 246 31.99933 -0.69 0 0 0 0 0 0 0 0 0
00000000000000c0 0000000000000000 bits6_7 0 0 269 31.99913 -0.89 0 0 0 0 0 0 0 0 0
0000000000000140 0000000000000000 bits6_8 0 0 268 32.00009 0.09 0 0 0 0 0 0 0 0 0
0000000000000240 0000000000000000 bits6_9 0 0 232 31.99898 -1.05 0 0 0 0 0 0 0 0 0
0000000000000440 0000000000000000 bits6_10 0 0 245 31.99871 -1.32 0 0 0 0 0 0 0 0 0
0000000000000840 0000000000000000 bits6_11 0 0 282 31.99890 -1.13 0 0 0 0 0 0 0 0 0
0000000000001040 0000000000000000 bits6_12 0 0 239 32.00008 0.08 0 0 0 0 0 0 0 0 0
0000000000002040 0000000000000000 bits6_13 0 0 256 31.99966 -0.35 0 0 0 0 0 0 0 0 0
0000000000004040 0000000000000000 bits6_14 0 0 250 31.99946 -0.55 0 0 0 0 0 0 0 0 0
0000000000008040 0000000000000000 bits6_15 0 0 277 31.99764 -2.42 0 0 0 0 0 0 0 0 0
0000000000010040 0000000000000000 bits6_16 0 0 253 31.99947 -0.55 0 0 0 0 0 0 0 0 0
0000000000020040 0000000000000000 bits6_17 0 0 260 32.00006 0.06 0 0 0 0 0 0 0 0 0
0000000000040040 0000000000000000 bits6_18 0 0 239 31.99942 -0.60 0 0 0 0 0 0 0 0 0
0000000000080040 0000000000000000 bits6_19 0 0 248 31.99998 -0.02 0 0 0 0 0 0 0 0 0
0000000000100040 0000000000000000 bits6_20 0 0 241 31.99973 -0.28 0 0 0 0 0 0 0 0 0
0000000000200040 0000000000000000 bits6_21 0 0 238 31.99966 -0.34 0 0 0 0 0 0 0 0 0
0000000000400040 0000000000000000 bits6_22 0 0 247 32.00001 0.01 0 0 0 0 0 0 0 0 0
0000000000800040 0000000000000000 bits6_23 0 0 266 32.00030 0.30 0 0 0 0 0 0 0 0 0
0000000001000040 0000000000000000 bits6_24 0 0 228 31.99899 -1.04 0 0 0 0 0 0 0 0 0
0000000002000040 0000000000000000 bits6_25 0 0 246 31.99978 -0.22 0 0 0 0 0 0 0 0 0
0000000004000040 0000000000000000 bits6_26 0 0 264 31.99972 -0.28 0 0 0 0 0 0 0 0 0
0000000008000040 0000000000000000 bits6_27 0 0 226 32.00010 0.10 0 0 0 0 0 0 0 0 0
0000000010000040 0000000000000000 bits6_28 0 0 279 32.00101 1.04 0 0 0 0 0 0 0 0 0
0000000020000040 0000000000000000 bits6_29 0 0 265 32.00195 2.00 0 0 0 0 0 0 0 0 0
0000000040000040 0000000000000000 bits6_30 0 0 241 31.99815 -1.89 0 0 0 0 0 0 0 0 0
0000000080000040 0000000000000000 bits6_31 0 0 266 32.00047 0.48 0 0 0 0 0 0 0 0 0
0000000100000040 0000000000000000 bits6_32 0 0 263 32.00039 0.40 0 0 0 0 0 0 0 0 0
0000000200000040 0000000000000000 bits6_33 0 0 279 31.99982 -0.18 0 0 0 0 0 0 0 0 0
0000000400000040 0000000000000000 bits6_34 0 0 260 31.99915 -0.87 0 0 0 0 0 0 0 0 0
0000000800000040 0000000000000000 bits6_35 0 0 260 32.00004 0.04 0 0 0 0 0 0 0 0 0
0000001000000040 0000000000000000 bits6_36 0 0 237 32.00005 0.05 0 0 0 0 0 0 0 0 0
0000002000000040 0000000000000000 bits6_37 0 0 265 31.99969 -0.32 0 0 0 0 0 0 0 0 0
0000004000000040 0000000000000000 bits6_38 0 0 265 31.99966 -0.35 0 0 0 0 0 0 0 0 0
0000008000000040 0000000000000000 bits6_39 0 0 257 31.99944 -0.57 0 0 0 0 0 0 0 0 0
0000010000000040 0000000000000000 bits6_40 0 0 267 31.99926 -0.76 0 0 0 0 0 0 0 0 0
0000020000000040 0000000000000000 bits6_41 0 0 230 31.99930 -0.72 0 0 0 0 0 0 0 0 0
0000040000000040 0000000000000000 bits6_42 0 0 265 32.00097 0.99 0 0 0 0 0 0 0 0 0
0000080000000040 0000000000000000 bits6_43 0 0 284 32.00060 0.61 0 0 0 0 0 0 0 0 0
0000100000000040 0000000000000000 bits6_44 0 0 280 31.99963 -0.38 0 0 0 0 0 0 0 0 0
0000200000000040 0000000000000000 bits6_45 0 0 255 31.99937 -0.64 0 0 0 0 0 0 0 0 0
0000400000000040 0000000000000000 bits6_46 0 0 227 31.99975 -0.26 0 0 0 0 0 0 0 0 0
0000800000000040 0000000000000000 bits6_47 0 0 285 32.00035 0.36 0 0 0 0 0 0 0 0 0
0001000000000040 0000000000000000 bits6_48 0 0 302 31.99933 -0.69 0 0 0 0 0 0 0 0 0
0002000000000040 0000000000000000 bits6_49 0 0 266 32.00029 0.30 0 0 0 0 0 0 0 0 0
0004000000000040 0000000000000000 bits6_50 0 0 244 31.99916 -0.86 0 0 0 0 0 0 0 0 0
0008000000000040 0000000000000000 bits6_51 0 0 251 32.00083 0.85 0 0 0 0 0 0 0 0 0
0010000000000040 0000000000000000 bits6_52 0 0 274 32.00107 1.09 0 0 0 0 0 0 0 0 0
0020000000000040 0000000000000000 bits6_53 0 0 266 32.00089 0.92 0 0 0 0 0 0 0 0 0
0040000000000040 0000000000000000 bits6_54 0 0 261 32.00147 1.50 0 0 0 0 0 0 0 0 0
0080000000000040 0000000000000000 bits6_55 0 0 264 32.00158 1.62 0 0 0 0 0 0 0 0 0
0100000000000040 0000000000000000 bits6_56 0 0 229 31.99908 -0.94 0 0 0 0 0 0 0 0 0
0200000000000040 0000000000000000 bits6_57 0 0 274 31.99866 -1.37 0 0 0 0 0 0 0 0 0
0400000000000040 0000000000000000 bits6_58 0 0 252 31.99867 -1.36 0 0 0 0 0 0 0 0 0
0800000000000040 0000000000000000 bits6_59 0 0 254 32.00018 0.18 0 0 0 0 0 0 0 0 0
1000000000000040 0000000000000000 bits6_60 0 0 235 31.99906 -0.96 0 0 0 0 0 0 0 0 0
2000000000000040 0000000000000000 bits6_61 0 0 257 31.99959 -0.42 0 0 0 0 0 0 0 0 0
4000000000000040 0000000000000000 bits6_62 0 0 256 32.00215 2.20 0 0 0 0 0 0 0 0 0
8000000000000040 0000000000000000 bits6_63 0 0 254 32.00078 0.80 0 0 0 0 0 0 0 0 0
0000000000000180 0000000000000000 bits7_8 0 0 245 32.00094 0.96 0 0 0 0 0 0 0 0 0
0000000000000280 0000000000000000 bits7_9 0 0 247 31.99898 -1.04 0 0 0 0 0 0 0 0 0
0000000000000480 0000000000000000 bits7_10 0 0 284 32.00071 0.72 0 0 0 0 0 0 0 0 0
0000000000000880 0000000000000000 bits7_11 0 0 250 31.99961 -0.40 0 0 0 0 0 0 0 0 0
0000000000001080 0000000000000000 bits7_12 0 0 263 31.99988 -0.12 0 0 0 0 0 0 0 0 0
0000000000002080 0000000000000000 bits7_13 0 0 292 32.00037 0.38 0 0 0 0 0 0 0 0 0
0000000000004080 0000000000000000 bits7_14 0 0 263 31.99955 -0.46 0 0 0 0 0 0 0 0 0
0000000000008080 0000000000000000 bits7_15 0 0 259 31.99951 -0.50 0 0 0 0 0 0 0 0 0
0000000000010080 0000000000000000 bits7_16 0 0 296 32.00093 0.95 0 0 0 0 0 0 0 0 0
0000000000020080 0000000000000000 bits7_17 0 0 256 31.99886 -1.16 0 0 0 0 0 0 0 0 0
0000000000040080 0000000000000000 bits7_18 0 0 234 32.00078 0.80 0 0 0 0 0 0 0 0 0
0000000000080080 0000000000000000 bits7_19 0 0 234 31.99997 -0.04 0 0 0 0 0 0 0 0 0
0000000000100080 0000000000000000 bits7_20 0 0 247 32.00053 0.54 0 0 0 0 0 0 0 0 0
0000000000200080 0000000000000000 bits7_21 0 0 259 32.00013 0.14 0 0 0 0 0 0 0 0 0
0000000000400080 0000000000000000 bits7_22 0 0 272 32.00089 0.91 0 0 0 0 0 0 0 0 0
0000000000800080 0000000000000000 bits7_23 0 0 239 31.99951 -0.50 0 0 0 0 0 0 0 0 0
0000000001000080 0000000000000000 bits7_24 0 0 245 31.99981 -0.19 0 0 0 0 0 0 0 0 0
0000000002000080 0000000000000000 bits7_25 0 0 241 32.00050 0.51 0 0 0 0 0 0 0 0 0
0000000004000080 0000000000000000 bits7_26 0 0 268 31.99838 -1.66 0 0 0 0 0 0 0 0 0
0000000008000080 0000000000000000 bits7_27 0 0 246 32.00101 1.03 0 0 0 0 0 0 0 0 0
0000000010000080 0000000000000000 bits7_28 0 0 258 31.99920 -0.82 0 0 0 0 0 0 0 0 0
0000000020000080 0000000000000000 bits7_29 0 0 281 31.99912 -0.90 0 0 0 0 0 0 0 0 0
0000000040000080 0000000000000000 bits7_30 0 0 239 31.99894 -1.09 0 0 0 0 0 0 0 0 0
0000000080000080 0000000000000000 bits7_31 0 0 271 31.99965 -0.36 0 0 0 0 0 0 0 0 0
0000000100000080 0000000000000000 bits7_32 0 0 265 32.00022 0.23 0 0 0 0 0 0 0 0 0
0000000200000080 0000000000000000 bits7_33 0 0 275 32.00024 0.25 0 0 0 0 0 0 0 0 0
0000000400000080 0000000000000000 bits7_34 0 0 246 32.00122 1.25 0 0 0 0 0 0 0 0 0
0000000800000080 0000000000000000 bits7_35 0 0 272 31.99987 -0.14 0 0 0 0 0 0 0 0 0
0000001000000080 0000000000000000 bits7_36 0 0 242 32.00037 0.38 0 0 0 0 0 0 0 0 0
0000002000000080 0000000000000000 bits7_37 0 0 249 31.99948 -0.54 0 0 0 0 0 0 0 0 0
0000004000000080 0000000000000000 bits7_38 0 0 255 32.00116 1.19 0 0 0 0 0 0 0 0 0
0000008000000080 0000000000000000 bits7_39 0 0 253 31.99829 -1.75 0 0 0 0 0 0 0 0 0
0000010000000080 0000000000000000 bits7_40 0 0 257 31.99803 -2.02 0 0 0 0 0 0 0 0 0
0000020000000080 0000000000000000 bits7_41 0 0 268 32.00017 0.17 0 0 0 0 0 0 0 0 0
0000040000000080 0000000000000000 bits7_42 0 0 239 32.00047 0.48 0 0 0 0 0 0 0 0 0
0000080000000080 0000000000000000 bits7_43 0 0 221 32.00011 0.11 0 0 0 0 0 0 0 0 0
0000100000000080 0000000000000000 bits7_44 0 0 234 32.00117 1.20 0 0 0 0 0 0 0 0 0
0000200000000080 0000000000000000 bits7_45 0 0 234 32.00004 0.04 0 0 0 0 0 0 0 0 0
0000400000000080 0000000000000000 bits7_46 0 0 248 31.99869 -1.34 0 0 0 0 0 0 0 0 0
0000800000000080 0000000000000000 bits7_47 0 0 256 31.99987 -0.13 0 0 0 0 0 0 0 0 0
0001000000000080 0000000000000000 bits7_48 0 0 236 32.00104 1.07 0 0 0 0 0 0 0 0 0
0002000000000080 0000000000000000 bits7_49 0 0 241 32.00001 0.01 0 0 0 0 0 0 0 0 0
0004000000000080 0000000000000000 bits7_50 0 0 271 32.00021 0.22 0 0 0 0 0 0 0 0 0
0008000000000080 0000000000000000 bits7_51 0 0 265 32.00037 0.38 0 0 0 0 0 0 0 0 0
0010000000000080 0000000000000000 bits7_52 0 0 248 31.99998 -0.02 0 0 0 0 0 0 0 0 0
0020000000000080 0000000000000000 bits7_53 0 0 250 31.99942 -0.59 0 0 0 0 0 0 0 0 0
0040000000000080 0000000000000000 bits7_54 0 0 262 32.00035 0.36 0 0 0 0 0 0 0 0 0
0080000000000080 0000000000000000 bits7_55 0 0 252 32.00205 2.10 0 0 0 0 0 0 0 0 0
0100000000000080 0000000000000000 bits7_56 0 0 247 31.99938 -0.63 0 0 0 0 0 0 0 0 0
0200000000000080 0000000000000000 bits7_57 0 0 260 31.99937 -0.65 0 0 0 0 0 0 0 0 0
0400000000000080 0000000000000000 bits7_58 0 0 258 31.99923 -0.79 0 0 0 0 0 0 0 0 0
0800000000000080 0000000000000000 bits7_59 0 0 266 32.00056 0.58 0 0 0 0 0 0 0 0 0
1000000000000080 0000000000000000 bits7_60 0 0 236 31.99839 -1.65 0 0 0 0 0 0 0 0 0
2000000000000080 0000000000000000 bits7_61 0 0 253 31.99975 -0.26 0 0 0 0 0 0 0 0 0
4000000000000080 0000000000000000 bits7_62 0 0 247 31.99879 -1.24 0 0 0 0 0 0 0 0 0
8000000000000080 0000000000000000 bits7_63 0 0 243 31.99950 -0.51 0 0 0 0 0 0 0 0 0
0000000000000300 0000000000000000 bits8_9 0 0 265 31.99968 -0.33 0 0 0 0 0 0 0 0 0
0000000000000500 0000000000000000 bits8_10 0 0 244 32.00200 2.05 0 0 0 0 0 0 0 0 0
0000000000000900 0000000000000000 bits8_11 0 0 243 32.00035 0.36 0 0 0 0 0 0 0 0 0
0000000000001100 0000000000000000 bits8_12 0 0 270 32.00019 0.19 0 0 0 0 0 0 0 0 0
0000000000002100 0000000000000000 bits8_13 0 0 260 31.99871 -1.32 0 0 0 0 0 0 0 0 0
0000000000004100 0000000000000000 bits8_14 0 0 269 32.00212 2.17 0 0 0 0 0 0 0 0 0
0000000000008100 0000000000000000 bits8_15 0 0 255 31.99963 -0.38 0 0 0 0 0 0 0 0 0
