# variant=13 W=2 log2keys=22 seed=4903 mode=R N=4194304
# d0 d1 name coll low32 low16 meanpop z hist0..8
0000000000010000 0000800000000000 bits16_111 0 0 59 32.00027 0.14 0 0 0 0 0 0 0 0 0
0000000000010000 0001000000000000 bits16_112 0 0 60 31.99959 -0.21 0 0 0 0 0 0 0 0 0
0000000000010000 0002000000000000 bits16_113 0 0 72 31.99746 -1.30 0 0 0 0 0 0 0 0 0
0000000000010000 0004000000000000 bits16_114 0 0 62 31.99484 -2.64 0 0 0 0 0 0 0 0 0
0000000000010000 0008000000000000 bits16_115 0 0 76 32.00265 1.36 0 0 0 0 0 0 0 0 0
0000000000010000 0010000000000000 bits16_116 0 0 73 31.99775 -1.15 0 0 0 0 0 0 0 0 0
0000000000010000 0020000000000000 bits16_117 0 0 55 32.00190 0.97 0 0 0 0 0 0 0 0 0
0000000000010000 0040000000000000 bits16_118 0 0 57 32.00348 1.78 0 0 0 0 0 0 0 0 0
0000000000010000 0080000000000000 bits16_119 0 0 69 31.99888 -0.57 0 0 0 0 0 0 0 0 0
0000000000010000 0100000000000000 bits16_120 0 0 71 31.99703 -1.52 0 0 0 0 0 0 0 0 0
0000000000010000 0200000000000000 bits16_121 0 0 64 32.00332 1.70 0 0 0 0 0 0 0 0 0
0000000000010000 0400000000000000 bits16_122 0 0 77 31.99701 -1.53 0 0 0 0 0 0 0 0 0
0000000000010000 0800000000000000 bits16_123 0 0 70 31.99745 -1.31 0 0 0 0 0 0 0 0 0
0000000000010000 1000000000000000 bits16_124 0 0 78 32.00198 1.02 0 0 0 0 0 0 0 0 0
0000000000010000 2000000000000000 bits16_125 0 0 67 31.99947 -0.27 0 0 0 0 0 0 0 0 0
0000000000010000 4000000000000000 bits16_126 0 0 78 32.00232 1.19 0 0 0 0 0 0 0 0 0
0000000000010000 8000000000000000 bits16_127 0 0 69 32.00016 0.08 0 0 0 0 0 0 0 0 0
0000000000060000 0000000000000000 bits17_18 0 0 59 31.99798 -1.03 0 0 0 0 0 0 0 0 0
00000000000a0000 0000000000000000 bits17_19 0 0 68 32.00129 0.66 0 0 0 0 0 0 0 0 0
0000000000120000 0000000000000000 bits17_20 0 0 60 31.99961 -0.20 0 0 0 0 0 0 0 0 0
0000000000220000 0000000000000000 bits17_21 0 0 60 31.99927 -0.38 0 0 0 0 0 0 0 0 0
0000000000420000 0000000000000000 bits17_22 0 0 68 32.00017 0.08 0 0 0 0 0 0 0 0 0
0000000000820000 0000000000000000 bits17_23 0 0 55 32.00066 0.34 0 0 0 0 0 0 0 0 0
0000000001020000 0000000000000000 bits17_24 0 0 53 31.99685 -1.61 0 0 0 0 0 0 0 0 0
0000000002020000 0000000000000000 bits17_25 0 0 55 32.00425 2.18 0 0 0 0 0 0 0 0 0
0000000004020000 0000000000000000 bits17_26 0 0 59 31.99881 -0.61 0 0 0 0 0 0 0 0 0
0000000008020000 0000000000000000 bits17_27 0 0 59 31.99783 -1.11 0 0 0 0 0 0 0 0 0
0000000010020000 0000000000000000 bits17_28 0 0 61 31.99871 -0.66 0 0 0 0 0 0 0 0 0
0000000020020000 0000000000000000 bits17_29 0 0 68 32.00134 0.69 0 0 0 0 0 0 0 0 0
0000000040020000 0000000000000000 bits17_30 0 0 81 31.99737 -1.35 0 0 0 0 0 0 0 0 0
0000000080020000 0000000000000000 bits17_31 0 0 55 32.00131 0.67 0 0 0 0 0 0 0 0 0
0000000100020000 0000000000000000 bits17_32 0 0 71 31.99689 -1.59 0 0 0 0 0 0 0 0 0
0000000200020000 0000000000000000 bits17_33 0 0 70 31.99998 -0.01 0 0 0 0 0 0 0 0 0
0000000400020000 0000000000000000 bits17_34 0 0 58 32.00185 0.95 0 0 0 0 0 0 0 0 0
0000000800020000 0000000000000000 bits17_35 0 0 74 32.00364 1.86 0 0 0 0 0 0 0 0 0
0000001000020000 0000000000000000 bits17_36 0 0 60 31.99774 -1.16 0 0 0 0 0 0 0 0 0
0000002000020000 0000000000000000 bits17_37 0 0 58 32.00069 0.35 0 0 0 0 0 0 0 0 0
0000004000020000 0000000000000000 bits17_38 0 0 61 32.00465 2.38 0 0 0 0 0 0 0 0 0
0000008000020000 0000000000000000 bits17_39 0 0 63 32.00328 1.68 0 0 0 0 0 0 0 0 0
0000010000020000 0000000000000000 bits17_40 0 0 68 31.99674 -1.67 0 0 0 0 0 0 0 0 0
0000020000020000 0000000000000000 bits17_41 0 0 58 32.00049 0.25 0 0 0 0 0 0 0 0 0
0000040000020000 0000000000000000 bits17_42 0 0 70 32.00369 1.89 0 0 0 0 0 0 0 0 0
0000080000020000 0000000000000000 bits17_43 0 0 77 32.00000 0.00 0 0 0 0 0 0 0 0 0
0000100000020000 0000000000000000 bits17_44 0 0 72 31.99975 -0.13 0 0 0 0 0 0 0 0 0
0000200000020000 0000000000000000 bits17_45 0 0 84 31.99819 -0.93 0 0 0 0 0 0 0 0 0
0000400000020000 0000000000000000 bits17_46 0 0 57 31.99713 -1.47 0 0 0 0 0 0 0 0 0
0000800000020000 0000000000000000 bits17_47 0 0 59 31.99842 -0.81 0 0 0 0 0 0 0 0 0
0001000000020000 0000000000000000 bits17_48 0 0 56 31.99912 -0.45 0 0 0 0 0 0 0 0 0
0002000000020000 0000000000000000 bits17_49 0 0 60 32.00078 0.40 0 0 0 0 0 0 0 0 0
0004000000020000 0000000000000000 bits17_50 0 0 70 32.00225 1.15 0 0 0 0 0 0 0 0 0
0008000000020000 0000000000000000 bits17_51 0 0 69 32.00199 1.02 0 0 0 0 0 0 0 0 0
0010000000020000 0000000000000000 bits17_52 0 0 64 32.00101 0.52 0 0 0 0 0 0 0 0 0
0020000000020000 0000000000000000 bits17_53 0 0 60 32.00051 0.26 0 0 0 0 0 0 0 0 0
0040000000020000 0000000000000000 bits17_54 0 0 82 31.99860 -0.72 0 0 0 0 0 0 0 0 0
0080000000020000 0000000000000000 bits17_55 0 0 77 31.99970 -0.15 0 0 0 0 0 0 0 0 0
0100000000020000 0000000000000000 bits17_56 0 0 60 31.99956 -0.23 0 0 0 0 0 0 0 0 0
0200000000020000 0000000000000000 bits17_57 0 0 64 32.00338 1.73 0 0 0 0 0 0 0 0 0
0400000000020000 0000000000000000 bits17_58 0 0 55 32.00181 0.93 0 0 0 0 0 0 0 0 0
0800000000020000 0000000000000000 bits17_59 0 0 71 32.00153 0.78 0 0 0 0 0 0 0 0 0
1000000000020000 0000000000000000 bits17_60 0 0 66 32.00102 0.52 0 0 0 0 0 0 0 0 0
2000000000020000 0000000000000000 bits17_61 0 0 71 31.99744 -1.31 0 0 0 0 0 0 0 0 0
4000000000020000 0000000000000000 bits17_62 0 0 65 32.00096 0.49 0 0 0 0 0 0 0 0 0
8000000000020000 0000000000000000 bits17_63 0 0 84 32.00017 0.08 0 0 0 0 0 0 0 0 0
0000000000020000 0000000000000001 bits17_64 0 0 74 31.99830 -0.87 0 0 0 0 0 0 0 0 0
0000000000020000 0000000000000002 bits17_65 0 0 70 31.99930 -0.36 0 0 0 0 0 0 0 0 0
0000000000020000 0000000000000004 bits17_66 0 0 66 32.00215 1.10 0 0 0 0 0 0 0 0 0
0000000000020000 0000000000000008 bits17_67 0 0 68 32.00013 0.07 0 0 0 0 0 0 0 0 0
0000000000020000 0000000000000010 bits17_68 0 0 58 31.99802 -1.01 0 0 0 0 0 0 0 0 0
0000000000020000 0000000000000020 bits17_69 0 0 58 31.99926 -0.38 0 0 0 0 0 0 0 0 0
0000000000020000 0000000000000040 bits17_70 0 0 74 32.00199 1.02 0 0 0 0 0 0 0 0 0
0000000000020000 0000000000000080 bits17_71 0 0 69 31.99876 -0.64 0 0 0 0 0 0 0 0 0
0000000000020000 0000000000000100 bits17_72 0 0 70 32.00005 0.03 0 0 0 0 0 0 0 0 0
0000000000020000 0000000000000200 bits17_73 0 0 62 31.99977 -0.12 0 0 0 0 0 0 0 0 0
0000000000020000 0000000000000400 bits17_74 0 0 69 32.00396 2.03 0 0 0 0 0 0 0 0 0
0000000000020000 0000000000000800 bits17_75 0 0 74 32.00038 0.20 0 0 0 0 0 0 0 0 0
0000000000020000 0000000000001000 bits17_76 0 0 56 31.99983 -0.08 0 0 0 0 0 0 0 0 0
0000000000020000 0000000000002000 bits17_77 0 0 57 31.99976 -0.12 0 0 0 0 0 0 0 0 0
0000000000020000 0000000000004000 bits17_78 0 0 51 31.99855 -0.74 0 0 0 0 0 0 0 0 0
0000000000020000 0000000000008000 bits17_79 0 0 71 32.00024 0.12 0 0 0 0 0 0 0 0 0
0000000000020000 0000000000010000 bits17_80 0 0 72 31.99862 -0.71 0 0 0 0 0 0 0 0 0
0000000000020000 0000000000020000 bits17_81 0 0 59 32.00193 0.99 0 0 0 0 0 0 0 0 0
0000000000020000 0000000000040000 bits17_82 0 0 58 31.99902 -0.50 0 0 0 0 0 0 0 0 0
0000000000020000 0000000000080000 bits17_83 0 0 60 31.99819 -0.93 0 0 0 0 0 0 0 0 0
0000000000020000 0000000000100000 bits17_84 0 0 66 32.00088 0.45 0 0 0 0 0 0 0 0 0
0000000000020000 0000000000200000 bits17_85 0 0 59 32.00278 1.42 0 0 0 0 0 0 0 0 0
0000000000020000 0000000000400000 bits17_86 0 0 60 31.99913 -0.45 0 0 0 0 0 0 0 0 0
0000000000020000 0000000000800000 bits17_87 0 0 72 32.00098 0.50 0 0 0 0 0 0 0 0 0
0000000000020000 0000000001000000 bits17_88 0 0 58 32.00227 1.16 0 0 0 0 0 0 0 0 0
0000000000020000 0000000002000000 bits17_89 0 0 46 32.00105 0.54 0 0 0 0 0 0 0 0 0
0000000000020000 0000000004000000 bits17_90 0 0 61 32.00242 1.24 0 0 0 0 0 0 0 0 0
0000000000020000 0000000008000000 bits17_91 0 0 80 31.99924 -0.39 0 0 0 0 0 0 0 0 0
0000000000020000 0000000010000000 bits17_92 0 0 54 32.00163 0.83 0 0 0 0 0 0 0 0 0
0000000000020000 0000000020000000 bits17_93 0 0 83 31.99917 -0.42 0 0 0 0 0 0 0 0 0
0000000000020000 0000000040000000 bits17_94 0 0 68 31.99445 -2.84 0 0 0 0 0 0 0 0 0
0000000000020000 0000000080000000 bits17_95 0 0 56 32.00107 0.55 0 0 0 0 0 0 0 0 0
0000000000020000 0000000100000000 bits17_96 0 0 54 31.99941 -0.30 0 0 0 0 0 0 0 0 0
0000000000020000 0000000200000000 bits17_97 0 0 62 31.99804 -1.00 0 0 0 0 0 0 0 0 0
0000000000020000 0000000400000000 bits17_98 0 0 64 32.00071 0.36 0 0 0 0 0 0 0 0 0
0000000000020000 0000000800000000 bits17_99 0 0 53 31.99891 -0.56 0 0 0 0 0 0 0 0 0
0000000000020000 0000001000000000 bits17_100 0 0 66 31.99779 -1.13 0 0 0 0 0 0 0 0 0
0000000000020000 0000002000000000 bits17_101 0 0 57 32.00011 0.06 0 0 0 0 0 0 0 0 0
0000000000020000 0000004000000000 bits17_102 0 0 65 31.99946 -0.28 0 0 0 0 0 0 0 0 0
0000000000020000 0000008000000000 bits17_103 0 0 69 31.99765 -1.20 0 0 0 0 0 0 0 0 0
0000000000020000 0000010000000000 bits17_104 0 0 77 31.99605 -2.02 0 0 0 0 0 0 0 0 0
0000000000020000 0000020000000000 bits17_105 0 0 54 32.00490 2.51 0 0 0 0 0 0 0 0 0
0000000000020000 0000040000000000 bits17_106 0 0 69 32.00090 0.46 0 0 0 0 0 0 0 0 0
0000000000020000 0000080000000000 bits17_107 0 0 81 32.00206 1.06 0 0 0 0 0 0 0 0 0
0000000000020000 0000100000000000 bits17_108 0 0 62 32.00240 1.23 0 0 0 0 0 0 0 0 0
0000000000020000 0000200000000000 bits17_109 0 0 66 32.00075 0.39 0 0 0 0 0 0 0 0 0
0000000000020000 0000400000000000 bits17_110 0 0 63 31.99941 -0.30 0 0 0 0 0 0 0 0 0
0000000000020000 0000800000000000 bits17_111 0 0 70 31.99987 -0.07 0 0 0 0 0 0 0 0 0
0000000000020000 0001000000000000 bits17_112 0 0 62 31.99975 -0.13 0 0 0 0 0 0 0 0 0
0000000000020000 0002000000000000 bits17_113 0 0 53 32.00177 0.91 0 0 0 0 0 0 0 0 0
0000000000020000 0004000000000000 bits17_114 0 0 63 31.99831 -0.87 0 0 0 0 0 0 0 0 0
0000000000020000 0008000000000000 bits17_115 0 0 53 31.99861 -0.71 0 0 0 0 0 0 0 0 0
0000000000020000 0010000000000000 bits17_116 0 0 72 32.00054 0.28 0 0 0 0 0 0 0 0 0
0000000000020000 0020000000000000 bits17_117 0 0 67 31.99591 -2.09 0 0 0 0 0 0 0 0 0
0000000000020000 0040000000000000 bits17_118 0 0 74 31.99823 -0.90 0 0 0 0 0 0 0 0 0
0000000000020000 0080000000000000 bits17_119 0 0 65 31.99714 -1.47 0 0 0 0 0 0 0 0 0
0000000000020000 0100000000000000 bits17_120 0 0 67 31.99642 -1.83 0 0 0 0 0 0 0 0 0
0000000000020000 0200000000000000 bits17_121 0 0 56 32.00135 0.69 0 0 0 0 0 0 0 0 0
0000000000020000 0400000000000000 bits17_122 0 0 56 31.99603 -2.03 0 0 0 0 0 0 0 0 0
0000000000020000 0800000000000000 bits17_123 0 0 72 31.99968 -0.16 0 0 0 0 0 0 0 0 0
0000000000020000 1000000000000000 bits17_124 0 0 48 32.00199 1.02 0 0 0 0 0 0 0 0 0
0000000000020000 2000000000000000 bits17_125 0 0 51 31.99795 -1.05 0 0 0 0 0 0 0 0 0
0000000000020000 4000000000000000 bits17_126 0 0 65 31.99932 -0.35 0 0 0 0 0 0 0 0 0
0000000000020000 8000000000000000 bits17_127 0 0 61 32.00193 0.99 0 0 0 0 0 0 0 0 0
00000000000c0000 0000000000000000 bits18_19 0 0 67 32.00042 0.22 0 0 0 0 0 0 0 0 0
0000000000140000 0000000000000000 bits18_20 0 0 67 32.00168 0.86 0 0 0 0 0 0 0 0 0
0000000000240000 0000000000000000 bits18_21 0 0 56 32.00042 0.21 0 0 0 0 0 0 0 0 0
0000000000440000 0000000000000000 bits18_22 0 0 58 32.00206 1.06 0 0 0 0 0 0 0 0 0
0000000000840000 0000000000000000 bits18_23 0 0 60 32.00345 1.77 0 0 0 0 0 0 0 0 0
0000000001040000 0000000000000000 bits18_24 0 0 65 32.00201 1.03 0 0 0 0 0 0 0 0 0
0000000002040000 0000000000000000 bits18_25 0 0 54 32.00276 1.41 0 0 0 0 0 0 0 0 0
0000000004040000 0000000000000000 bits18_26 0 0 65 31.99757 -1.24 0 0 0 0 0 0 0 0 0
0000000008040000 0000000000000000 bits18_27 0 0 60 32.00138 0.71 0 0 0 0 0 0 0 0 0
0000000010040000 0000000000000000 bits18_28 0 0 78 31.99745 -1.30 0 0 0 0 0 0 0 0 0
0000000020040000 0000000000000000 bits18_29 0 0 61 32.00030 0.15 0 0 0 0 0 0 0 0 0
0000000040040000 0000000000000000 bits18_30 0 0 68 31.99990 -0.05 0 0 0 0 0 0 0 0 0
0000000080040000 0000000000000000 bits18_31 0 0 61 31.99814 -0.95 0 0 0 0 0 0 0 0 0
0000000100040000 0000000000000000 bits18_32 0 0 60 32.00330 1.69 0 0 0 0 0 0 0 0 0
0000000200040000 0000000000000000 bits18_33 0 0 61 32.00187 0.96 0 0 0 0 0 0 0 0 0
0000000400040000 0000000000000000 bits18_34 0 0 61 32.00152 0.78 0 0 0 0 0 0 0 0 0
0000000800040000 0000000000000000 bits18_35 0 0 56 32.00040 0.20 0 0 0 0 0 0 0 0 0
0000001000040000 0000000000000000 bits18_36 0 0 70 31.99932 -0.35 0 0 0 0 0 0 0 0 0
0000002000040000 0000000000000000 bits18_37 0 0 75 32.00083 0.43 0 0 0 0 0 0 0 0 0
0000004000040000 0000000000000000 bits18_38 0 0 57 31.99926 -0.38 0 0 0 0 0 0 0 0 0
0000008000040000 0000000000000000 bits18_39 0 0 62 31.99629 -1.90 0 0 0 0 0 0 0 0 0
0000010000040000 0000000000000000 bits18_40 0 0 55 32.00320 1.64 0 0 0 0 0 0 0 0 0
0000020000040000 0000000000000000 bits18_41 0 0 71 31.99661 -1.74 0 0 0 0 0 0 0 0 0
0000040000040000 0000000000000000 bits18_42 0 0 58 31.99853 -0.75 0 0 0 0 0 0 0 0 0
0000080000040000 0000000000000000 bits18_43 0 0 62 31.99580 -2.15 0 0 0 0 0 0 0 0 0
0000100000040000 0000000000000000 bits18_44 0 0 68 31.99960 -0.21 0 0 0 0 0 0 0 0 0
0000200000040000 0000000000000000 bits18_45 0 0 64 31.99936 -0.33 0 0 0 0 0 0 0 0 0
0000400000040000 0000000000000000 bits18_46 0 0 60 32.00104 0.53 0 0 0 0 0 0 0 0 0
0000800000040000 0000000000000000 bits18_47 0 0 70 32.00104 0.53 0 0 0 0 0 0 0 0 0
0001000000040000 0000000000000000 bits18_48 0 0 64 31.99995 -0.03 0 0 0 0 0 0 0 0 0
0002000000040000 0000000000000000 bits18_49 0 0 64 32.00156 0.80 0 0 0 0 0 0 0 0 0
0004000000040000 0000000000000000 bits18_50 0 0 61 31.99817 -0.94 0 0 0 0 0 0 0 0 0
0008000000040000 0000000000000000 bits18_51 0 0 59 32.00281 1.44 0 0 0 0 0 0 0 0 0
0010000000040000 0000000000000000 bits18_52 0 0 63 32.00064 0.33 0 0 0 0 0 0 0 0 0
0020000000040000 0000000000000000 bits18_53 0 0 58 31.99937 -0.32 0 0 0 0 0 0 0 0 0
0040000000040000 0000000000000000 bits18_54 0 0 67 31.99856 -0.74 0 0 0 0 0 0 0 0 0
0080000000040000 0000000000000000 bits18_55 0 0 75 31.99760 -1.23 0 0 0 0 0 0 0 0 0
0100000000040000 0000000000000000 bits18_56 0 0 65 32.00128 0.66 0 0 0 0 0 0 0 0 0
0200000000040000 0000000000000000 bits18_57 0 0 65 32.00157 0.81 0 0 0 0 0 0 0 0 0
0400000000040000 0000000000000000 bits18_58 0 0 67 32.00106 0.54 0 0 0 0 0 0 0 0 0
0800000000040000 0000000000000000 bits18_59 0 0 62 31.99833 -0.85 0 0 0 0 0 0 0 0 0
1000000000040000 0000000000000000 bits18_60 0 0 63 32.00167 0.85 0 0 0 0 0 0 0 0 0
2000000000040000 0000000000000000 bits18_61 0 0 58 31.99872 -0.65 0 0 0 0 0 0 0 0 0
4000000000040000 0000000000000000 bits18_62 0 0 60 32.00062 0.32 0 0 0 0 0 0 0 0 0
8000000000040000 0000000000000000 bits18_63 0 0 58 31.99519 -2.46 0 0 0 0 0 0 0 0 0
0000000000040000 0000000000000001 bits18_64 0 0 66 31.99833 -0.86 0 0 0 0 0 0 0 0 0
0000000000040000 0000000000000002 bits18_65 0 0 56 31.99993 -0.03 0 0 0 0 0 0 0 0 0
0000000000040000 0000000000000004 bits18_66 0 0 73 31.99724 -1.41 0 0 0 0 0 0 0 0 0
0000000000040000 0000000000000008 bits18_67 0 0 51 32.00096 0.49 0 0 0 0 0 0 0 0 0
0000000000040000 0000000000000010 bits18_68 0 0 70 31.99923 -0.39 0 0 0 0 0 0 0 0 0
0000000000040000 0000000000000020 bits18_69 0 0 61 31.99866 -0.69 0 0 0 0 0 0 0 0 0
0000000000040000 0000000000000040 bits18_70 0 0 60 32.00091 0.47 0 0 0 0 0 0 0 0 0
0000000000040000 0000000000000080 bits18_71 0 0 66 32.00083 0.43 0 0 0 0 0 0 0 0 0
0000000000040000 0000000000000100 bits18_72 0 0 64 31.99829 -0.87 0 0 0 0 0 0 0 0 0
0000000000040000 0000000000000200 bits18_73 0 0 69 31.99573 -2.19 0 0 0 0 0 0 0 0 0
0000000000040000 0000000000000400 bits18_74 0 0 69 32.00333 1.70 0 0 0 0 0 0 0 0 0
0000000000040000 0000000000000800 bits18_75 0 0 69 32.00019 0.10 0 0 0 0 0 0 0 0 0
0000000000040000 0000000000001000 bits18_76 0 0 81 32.00178 0.91 0 0 0 0 0 0 0 0 0
0000000000040000 0000000000002000 bits18_77 0 0 66 32.00234 1.20 0 0 0 0 0 0 0 0 0
0000000000040000 0000000000004000 bits18_78 0 0 72 31.99931 -0.35 0 0 0 0 0 0 0 0 0
0000000000040000 0000000000008000 bits18_79 0 0 67 31.99765 -1.20 0 0 0 0 0 0 0 0 0
0000000000040000 0000000000010000 bits18_80 0 0 88 31.99845 -0.79 0 0 0 0 0 0 0 0 0
0000000000040000 0000000000020000 bits18_81 0 0 53 31.99646 -1.81 0 0 0 0 0 0 0 0 0
0000000000040000 0000000000040000 bits18_82 0 0 64 32.00285 1.46 0 0 0 0 0 0 0 0 0
0000000000040000 0000000000080000 bits18_83 0 0 57 31.99979 -0.11 0 0 0 0 0 0 0 0 0
0000000000040000 0000000000100000 bits18_84 0 0 71 31.99869 -0.67 0 0 0 0 0 0 0 0 0
0000000000040000 0000000000200000 bits18_85 0 0 72 32.00301 1.54 0 0 0 0 0 0 0 0 0
0000000000040000 0000000000400000 bits18_86 0 0 52 32.00079 0.41 0 0 0 0 0 0 0 0 0
0000000000040000 0000000000800000 bits18_87 0 0 59 32.00012 0.06 0 0 0 0 0 0 0 0 0
0000000000040000 0000000001000000 bits18_88 0 0 82 32.00088 0.45 0 0 0 0 0 0 0 0 0
0000000000040000 0000000002000000 bits18_89 0 0 57 32.00016 0.08 0 0 0 0 0 0 0 0 0
0000000000040000 0000000004000000 bits18_90 0 0 70 31.99714 -1.47 0 0 0 0 0 0 0 0 0
0000000000040000 0000000008000000 bits18_91 0 0 76 32.00319 1.63 0 0 0 0 0 0 0 0 0
0000000000040000 0000000010000000 bits18_92 0 0 63 31.99974 -0.13 0 0 0 0 0 0 0 0 0
0000000000040000 0000000020000000 bits18_93 0 0 77 32.00073 0.37 0 0 0 0 0 0 0 0 0
0000000000040000 0000000040000000 bits18_94 0 0 68 32.00060 0.31 0 0 0 0 0 0 0 0 0
0000000000040000 0000000080000000 bits18_95 0 0 70 31.99596 -2.07 0 0 0 0 0 0 0 0 0
0000000000040000 0000000100000000 bits18_96 0 0 66 32.00126 0.65 0 0 0 0 0 0 0 0 0
0000000000040000 0000000200000000 bits18_97 0 0 54 31.99773 -1.16 0 0 0 0 0 0 0 0 0
0000000000040000 0000000400000000 bits18_98 0 0 64 32.00155 0.79 0 0 0 0 0 0 0 0 0
0000000000040000 0000000800000000 bits18_99 0 0 75 32.00099 0.51 0 0 0 0 0 0 0 0 0
0000000000040000 0000001000000000 bits18_100 0 0 66 32.00009 0.05 0 0 0 0 0 0 0 0 0
0000000000040000 0000002000000000 bits18_101 0 0 76 32.00039 0.20 0 0 0 0 0 0 0 0 0
0000000000040000 0000004000000000 bits18_102 0 0 78 31.99618 -1.96 0 0 0 0 0 0 0 0 0
0000000000040000 0000008000000000 bits18_103 0 0 69 31.99997 -0.02 0 0 0 0 0 0 0 0 0
0000000000040000 0000010000000000 bits18_104 0 0 65 31.99970 -0.15 0 0 0 0 0 0 0 0 0
0000000000040000 0000020000000000 bits18_105 0 0 64 31.99992 -0.04 0 0 0 0 0 0 0 0 0
0000000000040000 0000040000000000 bits18_106 0 0 44 31.99878 -0.62 0 0 0 0 0 0 0 0 0
0000000000040000 0000080000000000 bits18_107 0 0 69 32.00069 0.36 0 0 0 0 0 0 0 0 0
0000000000040000 0000100000000000 bits18_108 0 0 57 31.99836 -0.84 0 0 0 0 0 0 0 0 0
0000000000040000 0000200000000000 bits18_109 0 0 64 31.99837 -0.83 0 0 0 0 0 0 0 0 0
0000000000040000 0000400000000000 bits18_110 0 0 62 31.99962 -0.19 0 0 0 0 0 0 0 0 0
0000000000040000 0000800000000000 bits18_111 0 0 72 31.99597 -2.06 0 0 0 0 0 0 0 0 0
0000000000040000 0001000000000000 bits18_112 0 0 58 31.99841 -0.82 0 0 0 0 0 0 0 0 0
0000000000040000 0002000000000000 bits18_113 0 0 63 31.99731 -1.38 0 0 0 0 0 0 0 0 0
0000000000040000 0004000000000000 bits18_114 0 0 62 31.99785 -1.10 0 0 0 0 0 0 0 0 0
0000000000040000 0008000000000000 bits18_115 0 0 67 31.99910 -0.46 0 0 0 0 0 0 0 0 0
0000000000040000 0010000000000000 bits18_116 0 0 68 31.99894 -0.54 0 0 0 0 0 0 0 0 0
0000000000040000 0020000000000000 bits18_117 0 0 58 32.00091 0.47 0 0 0 0 0 0 0 0 0
0000000000040000 0040000000000000 bits18_118 0 0 73 32.00110 0.56 0 0 0 0 0 0 0 0 0
0000000000040000 0080000000000000 bits18_119 0 0 68 32.00175 0.90 0 0 0 0 0 0 0 0 0
0000000000040000 0100000000000000 bits18_120 0 0 54 31.99892 -0.55 0 0 0 0 0 0 0 0 0
0000000000040000 0200000000000000 bits18_121 0 0 64 31.99996 -0.02 0 0 0 0 0 0 0 0 0
0000000000040000 0400000000000000 bits18_122 0 0 61 32.00103 0.53 0 0 0 0 0 0 0 0 0
0000000000040000 0800000000000000 bits18_123 0 0 68 32.00227 1.16 0 0 0 0 0 0 0 0 0
0000000000040000 1000000000000000 bits18_124 0 0 58 32.00129 0.66 0 0 0 0 0 0 0 0 0
0000000000040000 2000000000000000 bits18_125 0 0 55 32.00098 0.50 0 0 0 0 0 0 0 0 0
0000000000040000 4000000000000000 bits18_126 0 0 61 31.99902 -0.50 0 0 0 0 0 0 0 0 0
0000000000040000 8000000000000000 bits18_127 0 0 76 32.00151 0.77 0 0 0 0 0 0 0 0 0
0000000000180000 0000000000000000 bits19_20 0 0 73 31.99672 -1.68 0 0 0 0 0 0 0 0 0
0000000000280000 0000000000000000 bits19_21 0 0 83 32.00074 0.38 0 0 0 0 0 0 0 0 0
0000000000480000 0000000000000000 bits19_22 0 0 76 32.00301 1.54 0 0 0 0 0 0 0 0 0
0000000000880000 0000000000000000 bits19_23 0 0 77 31.99701 -1.53 0 0 0 0 0 0 0 0 0
0000000001080000 0000000000000000 bits19_24 0 0 60 32.00262 1.34 0 0 0 0 0 0 0 0 0
0000000002080000 0000000000000000 bits19_25 0 0 58 32.00165 0.85 0 0 0 0 0 0 0 0 0
0000000004080000 0000000000000000 bits19_26 0 0 77 31.99729 -1.39 0 0 0 0 0 0 0 0 0
0000000008080000 0000000000000000 bits19_27 0 0 60 31.99819 -0.92 0 0 0 0 0 0 0 0 0
0000000010080000 0000000000000000 bits19_28 0 0 64 32.00227 1.16 0 0 0 0 0 0 0 0 0
0000000020080000 0000000000000000 bits19_29 0 0 73 32.00040 0.21 0 0 0 0 0 0 0 0 0
0000000040080000 0000000000000000 bits19_30 0 0 60 32.00261 1.34 0 0 0 0 0 0 0 0 0
0000000080080000 0000000000000000 bits19_31 0 0 62 31.99898 -0.52 0 0 0 0 0 0 0 0 0
0000000100080000 0000000000000000 bits19_32 0 0 58 32.00044 0.23 0 0 0 0 0 0 0 0 0
0000000200080000 0000000000000000 bits19_33 0 0 70 31.99910 -0.46 0 0 0 0 0 0 0 0 0
0000000400080000 0000000000000000 bits19_34 0 0 72 31.99833 -0.86 0 0 0 0 0 0 0 0 0
0000000800080000 0000000000000000 bits19_35 0 0 67 31.99939 -0.31 0 0 0 0 0 0 0 0 0
0000001000080000 0000000000000000 bits19_36 0 0 65 32.00001 0.00 0 0 0 0 0 0 0 0 0
0000002000080000 0000000000000000 bits19_37 0 0 55 31.99985 -0.08 0 0 0 0 0 0 0 0 0
0000004000080000 0000000000000000 bits19_38 0 0 65 32.00110 0.57 0 0 0 0 0 0 0 0 0
0000008000080000 0000000000000000 bits19_39 0 0 60 31.99971 -0.15 0 0 0 0 0 0 0 0 0
0000010000080000 0000000000000000 bits19_40 0 0 66 31.99905 -0.48 0 0 0 0 0 0 0 0 0
0000020000080000 0000000000000000 bits19_41 0 0 58 32.00045 0.23 0 0 0 0 0 0 0 0 0
0000040000080000 0000000000000000 bits19_42 0 0 57 31.99819 -0.93 0 0 0 0 0 0 0 0 0
0000080000080000 0000000000000000 bits19_43 0 0 58 32.00097 0.50 0 0 0 0 0 0 0 0 0
0000100000080000 0000000000000000 bits19_44 0 0 55 32.00121 0.62 0 0 0 0 0 0 0 0 0
0000200000080000 0000000000000000 bits19_45 0 0 71 32.00133 0.68 0 0 0 0 0 0 0 0 0
0000400000080000 0000000000000000 bits19_46 0 0 74 32.00179 0.92 0 0 0 0 0 0 0 0 0
0000800000080000 0000000000000000 bits19_47 0 0 57 32.00153 0.78 0 0 0 0 0 0 0 0 0
0001000000080000 0000000000000000 bits19_48 0 0 59 31.99886 -0.58 0 0 0 0 0 0 0 0 0
0002000000080000 0000000000000000 bits19_49 0 0 60 32.00217 1.11 0 0 0 0 0 0 0 0 0
0004000000080000 0000000000000000 bits19_50 0 0 73 32.00300 1.53 0 0 0 0 0 0 0 0 0
0008000000080000 0000000000000000 bits19_51 0 0 64 32.00280 1.43 0 0 0 0 0 0 0 0 0
0010000000080000 0000000000000000 bits19_52 0 0 57 32.00095 0.49 0 0 0 0 0 0 0 0 0
0020000000080000 0000000000000000 bits19_53 0 0 81 31.99810 -0.97 0 0 0 0 0 0 0 0 0
0040000000080000 0000000000000000 bits19_54 0 0 66 32.00139 0.71 0 0 0 0 0 0 0 0 0
0080000000080000 0000000000000000 bits19_55 0 0 56 32.00130 0.67 0 0 0 0 0 0 0 0 0
0100000000080000 0000000000000000 bits19_56 0 0 58 32.00302 1.55 0 0 0 0 0 0 0 0 0
0200000000080000 0000000000000000 bits19_57 0 0 79 31.99890 -0.56 0 0 0 0 0 0 0 0 0
0400000000080000 0000000000000000 bits19_58 0 0 76 31.99874 -0.65 0 0 0 0 0 0 0 0 0
0800000000080000 0000000000000000 bits19_59 0 0 51 32.00027 0.14 0 0 0 0 0 0 0 0 0
1000000000080000 0000000000000000 bits19_60 0 0 62 31.99982 -0.09 0 0 0 0 0 0 0 0 0
2000000000080000 0000000000000000 bits19_61 0 0 57 31.99977 -0.12 0 0 0 0 0 0 0 0 0
4000000000080000 0000000000000000 bits19_62 0 0 56 31.99622 -1.93 0 0 0 0 0 0 0 0 0
8000000000080000 0000000000000000 bits19_63 0 0 72 32.00123 0.63 0 0 0 0 0 0 0 0 0
0000000000080000 0000000000000001 bits19_64 0 0 76 32.00175 0.90 0 0 0 0 0 0 0 0 0
0000000000080000 0000000000000002 bits19_65 0 0 61 31.99720 -1.43 0 0 0 0 0 0 0 0 0
0000000000080000 0000000000000004 bits19_66 0 0 60 32.00075 0.39 0 0 0 0 0 0 0 0 0
0000000000080000 0000000000000008 bits19_67 0 0 59 32.00023 0.12 0 0 0 0 0 0 0 0 0
0000000000080000 0000000000000010 bits19_68 0 0 54 32.00385 1.97 0 0 0 0 0 0 0 0 0
0000000000080000 0000000000000020 bits19_69 0 0 59 32.00093 0.48 0 0 0 0 0 0 0 0 0
0000000000080000 0000000000000040 bits19_70 0 0 76 31.99838 -0.83 0 0 0 0 0 0 0 0 0
0000000000080000 0000000000000080 bits19_71 0 0 61 31.99988 -0.06 0 0 0 0 0 0 0 0 0
0000000000080000 0000000000000100 bits19_72 0 0 63 31.99868 -0.68 0 0 0 0 0 0 0 0 0
0000000000080000 0000000000000200 bits19_73 0 0 76 31.99789 -1.08 0 0 0 0 0 0 0 0 0
0000000000080000 0000000000000400 bits19_74 0 0 54 31.99851 -0.76 0 0 0 0 0 0 0 0 0
0000000000080000 0000000000000800 bits19_75 0 0 68 31.99863 -0.70 0 0 0 0 0 0 0 0 0
0000000000080000 0000000000001000 bits19_76 0 0 68 32.00226 1.16 0 0 0 0 0 0 0 0 0
0000000000080000 0000000000002000 bits19_77 0 0 65 32.00235 1.21 0 0 0 0 0 0 0 0 0
0000000000080000 0000000000004000 bits19_78 0 0 76 32.00039 0.20 0 0 0 0 0 0 0 0 0
0000000000080000 0000000000008000 bits19_79 0 0 58 31.99636 -1.86 0 0 0 0 0 0 0 0 0
0000000000080000 0000000000010000 bits19_80 0 0 62 32.00185 0.95 0 0 0 0 0 0 0 0 0
0000000000080000 0000000000020000 bits19_81 0 0 50 31.99912 -0.45 0 0 0 0 0 0 0 0 0
0000000000080000 0000000000040000 bits19_82 0 0 54 32.00053 0.27 0 0 0 0 0 0 0 0 0
0000000000080000 0000000000080000 bits19_83 0 0 69 31.99776 -1.15 0 0 0 0 0 0 0 0 0
0000000000080000 0000000000100000 bits19_84 0 0 56 31.99655 -1.76 0 0 0 0 0 0 0 0 0
0000000000080000 0000000000200000 bits19_85 0 0 62 31.99679 -1.65 0 0 0 0 0 0 0 0 0
0000000000080000 0000000000400000 bits19_86 0 0 70 31.99764 -1.21 0 0 0 0 0 0 0 0 0
0000000000080000 0000000000800000 bits19_87 0 0 70 31.99879 -0.62 0 0 0 0 0 0 0 0 0
0000000000080000 0000000001000000 bits19_88 0 0 74 32.00157 0.81 0 0 0 0 0 0 0 0 0
0000000000080000 0000000002000000 bits19_89 0 0 70 31.99443 -2.85 0 0 0 0 0 0 0 0 0
0000000000080000 0000000004000000 bits19_90 0 0 70 32.00229 1.17 0 0 0 0 0 0 0 0 0
0000000000080000 0000000008000000 bits19_91 0 0 47 31.99883 -0.60 0 0 0 0 0 0 0 0 0
0000000000080000 0000000010000000 bits19_92 0 0 64 32.00092 0.47 0 0 0 0 0 0 0 0 0
0000000000080000 0000000020000000 bits19_93 0 0 69 31.99783 -1.11 0 0 0 0 0 0 0 0 0
0000000000080000 0000000040000000 bits19_94 0 0 76 31.99816 -0.94 0 0 0 0 0 0 0 0 0
0000000000080000 0000000080000000 bits19_95 0 0 56 32.00172 0.88 0 0 0 0 0 0 0 0 0
0000000000080000 0000000100000000 bits19_96 0 0 67 32.00008 0.04 0 0 0 0 0 0 0 0 0
0000000000080000 0000000200000000 bits19_97 0 0 60 31.99916 -0.43 0 0 0 0 0 0 0 0 0
0000000000080000 0000000400000000 bits19_98 0 0 61 32.00175 0.89 0 0 0 0 0 0 0 0 0
0000000000080000 0000000800000000 bits19_99 0 0 60 31.99831 -0.87 0 0 0 0 0 0 0 0 0
0000000000080000 0000001000000000 bits19_100 0 0 60 31.99919 -0.41 0 0 0 0 0 0 0 0 0
0000000000080000 0000002000000000 bits19_101 0 0 57 32.00094 0.48 0 0 0 0 0 0 0 0 0
0000000000080000 0000004000000000 bits19_102 0 0 83 32.00043 0.22 0 0 0 0 0 0 0 0 0
0000000000080000 0000008000000000 bits19_103 0 0 66 31.99703 -1.52 0 0 0 0 0 0 0 0 0
0000000000080000 0000010000000000 bits19_104 0 0 72 32.00293 1.50 0 0 0 0 0 0 0 0 0
0000000000080000 0000020000000000 bits19_105 0 0 73 31.99968 -0.17 0 0 0 0 0 0 0 0 0
0000000000080000 0000040000000000 bits19_106 0 0 48 31.99747 -1.30 0 0 0 0 0 0 0 0 0
0000000000080000 0000080000000000 bits19_107 0 0 64 32.00142 0.73 0 0 0 0 0 0 0 0 0
0000000000080000 0000100000000000 bits19_108 0 0 68 31.99776 -1.15 0 0 0 0 0 0 0 0 0
0000000000080000 0000200000000000 bits19_109 0 0 63 31.99507 -2.52 0 0 0 0 0 0 0 0 0
0000000000080000 0000400000000000 bits19_110 0 0 64 31.99857 -0.73 0 0 0 0 0 0 0 0 0
0000000000080000 0000800000000000 bits19_111 0 0 58 32.00016 0.08 0 0 0 0 0 0 0 0 0
0000000000080000 0001000000000000 bits19_112 0 0 64 32.00042 0.22 0 0 0 0 0 0 0 0 0
0000000000080000 0002000000000000 bits19_113 0 0 61 31.99695 -1.56 0 0 0 0 0 0 0 0 0
0000000000080000 0004000000000000 bits19_114 0 0 70 32.00173 0.88 0 0 0 0 0 0 0 0 0
0000000000080000 0008000000000000 bits19_115 0 0 64 32.00169 0.86 0 0 0 0 0 0 0 0 0
0000000000080000 0010000000000000 bits19_116 0 0 67 31.99817 -0.93 0 0 0 0 0 0 0 0 0
0000000000080000 0020000000000000 bits19_117 0 0 64 31.99777 -1.14 0 0 0 0 0 0 0 0 0
0000000000080000 0040000000000000 bits19_118 0 0 69 31.99866 -0.69 0 0 0 0 0 0 0 0 0
0000000000080000 0080000000000000 bits19_119 0 0 63 31.99826 -0.89 0 0 0 0 0 0 0 0 0
0000000000080000 0100000000000000 bits19_120 0 0 71 31.99653 -1.78 0 0 0 0 0 0 0 0 0
0000000000080000 0200000000000000 bits19_121 0 0 62 31.99620 -1.94 0 0 0 0 0 0 0 0 0
0000000000080000 0400000000000000 bits19_122 0 0 63 31.99967 -0.17 0 0 0 0 0 0 0 0 0
0000000000080000 0800000000000000 bits19_123 0 0 72 32.00135 0.69 0 0 0 0 0 0 0 0 0
0000000000080000 1000000000000000 bits19_124 0 0 54 32.00009 0.04 0 0 0 0 0 0 0 0 0
0000000000080000 2000000000000000 bits19_125 0 0 69 32.00432 2.21 0 0 0 0 0 0 0 0 0
0000000000080000 4000000000000000 bits19_126 0 0 64 31.99994 -0.03 0 0 0 0 0 0 0 0 0
0000000000080000 8000000000000000 bits19_127 0 0 60 31.99955 -0.23 0 0 0 0 0 0 0 0 0
0000000000300000 0000000000000000 bits20_21 0 0 68 31.99706 -1.51 0 0 0 0 0 0 0 0 0
0000000000500000 0000000000000000 bits20_22 0 0 65 32.00018 0.09 0 0 0 0 0 0 0 0 0
0000000000900000 0000000000000000 bits20_23 0 0 60 32.00047 0.24 0 0 0 0 0 0 0 0 0
0000000001100000 0000000000000000 bits20_24 0 0 57 31.99941 -0.30 0 0 0 0 0 0 0 0 0
0000000002100000 0000000000000000 bits20_25 0 0 57 32.00015 0.08 0 0 0 0 0 0 0 0 0
0000000004100000 0000000000000000 bits20_26 0 0 52 31.99860 -0.72 0 0 0 0 0 0 0 0 0
0000000008100000 0000000000000000 bits20_27 0 0 70 32.00178 0.91 0 0 0 0 0 0 0 0 0
0000000010100000 0000000000000000 bits20_28 0 0 69 32.00109 0.56 0 0 0 0 0 0 0 0 0
0000000020100000 0000000000000000 bits20_29 0 0 57 32.00271 1.39 0 0 0 0 0 0 0 0 0
0000000040100000 0000000000000000 bits20_30 0 0 81 32.00044 0.23 0 0 0 0 0 0 0 0 0
0000000080100000 0000000000000000 bits20_31 0 0 61 31.99985 -0.08 0 0 0 0 0 0 0 0 0
0000000100100000 0000000000000000 bits20_32 0 0 57 32.00004 0.02 0 0 0 0 0 0 0 0 0
0000000200100000 0000000000000000 bits20_33 0 0 49 32.00163 0.83 0 0 0 0 0 0 0 0 0
0000000400100000 0000000000000000 bits20_34 0 0 63 32.00121 0.62 0 0 0 0 0 0 0 0 0
0000000800100000 0000000000000000 bits20_35 0 0 63 32.00192 0.98 0 0 0 0 0 0 0 0 0
0000001000100000 0000000000000000 bits20_36 0 0 66 32.00173 0.88 0 0 0 0 0 0 0 0 0
0000002000100000 0000000000000000 bits20_37 0 0 68 32.00330 1.69 0 0 0 0 0 0 0 0 0
0000004000100000 0000000000000000 bits20_38 0 0 74 32.00039 0.20 0 0 0 0 0 0 0 0 0
0000008000100000 0000000000000000 bits20_39 0 0 68 31.99957 -0.22 0 0 0 0 0 0 0 0 0
0000010000100000 0000000000000000 bits20_40 0 0 52 31.99920 -0.41 0 0 0 0 0 0 0 0 0
0000020000100000 0000000000000000 bits20_41 0 0 84 31.99985 -0.08 0 0 0 0 0 0 0 0 0
0000040000100000 0000000000000000 bits20_42 0 0 58 32.00050 0.26 0 0 0 0 0 0 0 0 0
0000080000100000 0000000000000000 bits20_43 0 0 63 32.00259 1.33 0 0 0 0 0 0 0 0 0
0000100000100000 0000000000000000 bits20_44 0 0 65 31.99947 -0.27 0 0 0 0 0 0 0 0 0
0000200000100000 0000000000000000 bits20_45 0 0 64 31.99905 -0.48 0 0 0 0 0 0 0 0 0
0000400000100000 0000000000000000 bits20_46 0 0 68 32.00105 0.54 0 0 0 0 0 0 0 0 0
0000800000100000 0000000000000000 bits20_47 0 0 65 31.99882 -0.60 0 0 0 0 0 0 0 0 0
0001000000100000 0000000000000000 bits20_48 0 0 70 31.99891 -0.56 0 0 0 0 0 0 0 0 0
0002000000100000 0000000000000000 bits20_49 0 0 75 31.99992 -0.04 0 0 0 0 0 0 0 0 0
0004000000100000 0000000000000000 bits20_50 0 0 68 32.00123 0.63 0 0 0 0 0 0 0 0 0
0008000000100000 0000000000000000 bits20_51 0 0 50 31.99688 -1.60 0 0 0 0 0 0 0 0 0
0010000000100000 0000000000000000 bits20_52 0 0 68 31.99900 -0.51 0 0 0 0 0 0 0 0 0
0020000000100000 0000000000000000 bits20_53 0 0 70 31.99620 -1.94 0 0 0 0 0 0 0 0 0
0040000000100000 0000000000000000 bits20_54 0 0 62 32.00186 0.95 0 0 0 0 0 0 0 0 0
0080000000100000 0000000000000000 bits20_55 0 0 68 31.99851 -0.76 0 0 0 0 0 0 0 0 0
0100000000100000 0000000000000000 bits20_56 0 0 56 32.00050 0.25 0 0 0 0 0 0 0 0 0
0200000000100000 0000000000000000 bits20_57 0 0 46 31.99969 -0.16 0 0 0 0 0 0 0 0 0
0400000000100000 0000000000000000 bits20_58 0 0 52 32.00177 0.91 0 0 0 0 0 0 0 0 0
0800000000100000 0000000000000000 bits20_59 0 0 60 32.00107 0.55 0 0 0 0 0 0 0 0 0
1000000000100000 0000000000000000 bits20_60 0 0 66 32.00031 0.16 0 0 0 0 0 0 0 0 0
2000000000100000 0000000000000000 bits20_61 0 0 75 32.00250 1.28 0 0 0 0 0 0 0 0 0
4000000000100000 0000000000000000 bits20_62 0 0 68 32.00442 2.26 0 0 0 0 0 0 0 0 0
8000000000100000 0000000000000000 bits20_63 0 0 54 31.99813 -0.96 0 0 0 0 0 0 0 0 0
0000000000100000 0000000000000001 bits20_64 0 0 62 32.00056 0.29 0 0 0 0 0 0 0 0 0
0000000000100000 0000000000000002 bits20_65 0 0 63 32.00216 1.11 0 0 0 0 0 0 0 0 0
0000000000100000 0000000000000004 bits20_66 0 0 72 32.00019 0.10 0 0 0 0 0 0 0 0 0
0000000000100000 0000000000000008 bits20_67 0 0 71 31.99753 -1.26 0 0 0 0 0 0 0 0 0
0000000000100000 0000000000000010 bits20_68 0 0 57 32.00097 0.50 0 0 0 0 0 0 0 0 0
0000000000100000 0000000000000020 bits20_69 0 0 58 31.99592 -2.09 0 0 0 0 0 0 0 0 0
0000000000100000 0000000000000040 bits20_70 0 0 53 31.99781 -1.12 0 0 0 0 0 0 0 0 0
0000000000100000 0000000000000080 bits20_71 0 0 52 31.99824 -0.90 0 0 0 0 0 0 0 0 0
0000000000100000 0000000000000100 bits20_72 0 0 61 32.00127 0.65 0 0 0 0 0 0 0 0 0
0000000000100000 0000000000000200 bits20_73 0 0 60 32.00330 1.69 0 0 0 0 0 0 0 0 0
0000000000100000 0000000000000400 bits20_74 0 0 74 31.99903 -0.50 0 0 0 0 0 0 0 0 0
0000000000100000 0000000000000800 bits20_75 0 0 57 32.00090 0.46 0 0 0 0 0 0 0 0 0
0000000000100000 0000000000001000 bits20_76 0 0 76 31.99983 -0.09 0 0 0 0 0 0 0 0 0
0000000000100000 0000000000002000 bits20_77 0 0 52 31.99765 -1.20 0 0 0 0 0 0 0 0 0
0000000000100000 0000000000004000 bits20_78 0 0 67 32.00111 0.57 0 0 0 0 0 0 0 0 0
0000000000100000 0000000000008000 bits20_79 0 0 65 32.00162 0.83 0 0 0 0 0 0 0 0 0
0000000000100000 0000000000010000 bits20_80 0 0 64 31.99761 -1.23 0 0 0 0 0 0 0 0 0
0000000000100000 0000000000020000 bits20_81 0 0 60 32.00020 0.10 0 0 0 0 0 0 0 0 0
0000000000100000 0000000000040000 bits20_82 0 0 65 31.99758 -1.24 0 0 0 0 0 0 0 0 0
0000000000100000 0000000000080000 bits20_83 0 0 51 31.99779 -1.13 0 0 0 0 0 0 0 0 0
0000000000100000 0000000000100000 bits20_84 0 0 75 31.99890 -0.57 0 0 0 0 0 0 0 0 0
0000000000100000 0000000000200000 bits20_85 0 0 71 31.99915 -0.44 0 0 0 0 0 0 0 0 0
0000000000100000 0000000000400000 bits20_86 0 0 75 31.99879 -0.62 0 0 0 0 0 0 0 0 0
0000000000100000 0000000000800000 bits20_87 0 0 69 31.99856 -0.74 0 0 0 0 0 0 0 0 0
0000000000100000 0000000001000000 bits20_88 0 0 61 31.99860 -0.72 0 0 0 0 0 0 0 0 0
0000000000100000 0000000002000000 bits20_89 0 0 69 31.99840 -0.82 0 0 0 0 0 0 0 0 0
0000000000100000 0000000004000000 bits20_90 0 0 60 31.99847 -0.78 0 0 0 0 0 0 0 0 0
0000000000100000 0000000008000000 bits20_91 0 0 56 31.99966 -0.18 0 0 0 0 0 0 0 0 0
0000000000100000 0000000010000000 bits20_92 0 0 58 31.99926 -0.38 0 0 0 0 0 0 0 0 0
0000000000100000 0000000020000000 bits20_93 0 0 92 31.99942 -0.30 0 0 0 0 0 0 0 0 0
0000000000100000 0000000040000000 bits20_94 0 0 59 31.99911 -0.46 0 0 0 0 0 0 0 0 0
0000000000100000 0000000080000000 bits20_95 0 0 55 31.99883 -0.60 0 0 0 0 0 0 0 0 0
0000000000100000 0000000100000000 bits20_96 0 0 61 31.99822 -0.91 0 0 0 0 0 0 0 0 0
0000000000100000 0000000200000000 bits20_97 0 0 55 32.00103 0.53 0 0 0 0 0 0 0 0 0
0000000000100000 0000000400000000 bits20_98 0 0 67 31.99881 -0.61 0 0 0 0 0 0 0 0 0
0000000000100000 0000000800000000 bits20_99 0 0 56 31.99856 -0.74 0 0 0 0 0 0 0 0 0
0000000000100000 0000001000000000 bits20_100 0 0 59 31.99865 -0.69 0 0 0 0 0 0 0 0 0
0000000000100000 0000002000000000 bits20_101 0 0 69 32.00018 0.09 0 0 0 0 0 0 0 0 0
0000000000100000 0000004000000000 bits20_102 0 0 64 31.99680 -1.64 0 0 0 0 0 0 0 0 0
0000000000100000 0000008000000000 bits20_103 0 0 59 32.00120 0.62 0 0 0 0 0 0 0 0 0
0000000000100000 0000010000000000 bits20_104 0 0 73 32.00030 0.15 0 0 0 0 0 0 0 0 0
0000000000100000 0000020000000000 bits20_105 0 0 69 32.00029 0.15 0 0 0 0 0 0 0 0 0
0000000000100000 0000040000000000 bits20_106 0 0 73 32.00255 1.31 0 0 0 0 0 0 0 0 0
0000000000100000 0000080000000000 bits20_107 0 0 63 31.99958 -0.22 0 0 0 0 0 0 0 0 0
0000000000100000 0000100000000000 bits20_108 0 0 62 32.00025 0.13 0 0 0 0 0 0 0 0 0
0000000000100000 0000200000000000 bits20_109 0 0 56 32.00068 0.35 0 0 0 0 0 0 0 0 0
0000000000100000 0000400000000000 bits20_110 0 0 59 32.00133 0.68 0 0 0 0 0 0 0 0 0
0000000000100000 0000800000000000 bits20_111 0 0 76 31.99649 -1.80 0 0 0 0 0 0 0 0 0
0000000000100000 0001000000000000 bits20_112 0 0 59 32.00135 0.69 0 0 0 0 0 0 0 0 0
0000000000100000 0002000000000000 bits20_113 0 0 69 32.00186 0.95 0 0 0 0 0 0 0 0 0
0000000000100000 0004000000000000 bits20_114 0 0 71 31.99826 -0.89 0 0 0 0 0 0 0 0 0
0000000000100000 0008000000000000 bits20_115 0 0 62 32.00149 0.76 0 0 0 0 0 0 0 0 0
0000000000100000 0010000000000000 bits20_116 0 0 62 32.00111 0.57 0 0 0 0 0 0 0 0 0
0000000000100000 0020000000000000 bits20_117 0 0 64 32.00103 0.53 0 0 0 0 0 0 0 0 0
0000000000100000 0040000000000000 bits20_118 0 0 57 31.99955 -0.23 0 0 0 0 0 0 0 0 0
0000000000100000 0080000000000000 bits20_119 0 0 66 32.00419 2.15 0 0 0 0 0 0 0 0 0
0000000000100000 0100000000000000 bits20_120 0 0 79 31.99960 -0.21 0 0 0 0 0 0 0 0 0
0000000000100000 0200000000000000 bits20_121 0 0 54 31.99945 -0.28 0 0 0 0 0 0 0 0 0
0000000000100000 0400000000000000 bits20_122 0 0 69 31.99955 -0.23 0 0 0 0 0 0 0 0 0
0000000000100000 0800000000000000 bits20_123 0 0 62 32.00036 0.19 0 0 0 0 0 0 0 0 0
0000000000100000 1000000000000000 bits20_124 0 0 56 31.99954 -0.24 0 0 0 0 0 0 0 0 0
0000000000100000 2000000000000000 bits20_125 0 0 74 31.99770 -1.18 0 0 0 0 0 0 0 0 0
0000000000100000 4000000000000000 bits20_126 0 0 55 31.99876 -0.63 0 0 0 0 0 0 0 0 0
0000000000100000 8000000000000000 bits20_127 0 0 70 32.00211 1.08 0 0 0 0 0 0 0 0 0
0000000000600000 0000000000000000 bits21_22 0 0 64 32.00267 1.37 0 0 0 0 0 0 0 0 0
0000000000a00000 0000000000000000 bits21_23 0 0 60 31.99997 -0.01 0 0 0 0 0 0 0 0 0
0000000001200000 0000000000000000 bits21_24 0 0 50 32.00448 2.29 0 0 0 0 0 0 0 0 0
0000000002200000 0000000000000000 bits21_25 0 0 65 32.00083 0.42 0 0 0 0 0 0 0 0 0
0000000004200000 0000000000000000 bits21_26 0 0 56 32.00030 0.15 0 0 0 0 0 0 0 0 0
0000000008200000 0000000000000000 bits21_27 0 0 65 31.99956 -0.22 0 0 0 0 0 0 0 0 0
0000000010200000 0000000000000000 bits21_28 0 0 57 31.99837 -0.83 0 0 0 0 0 0 0 0 0
0000000020200000 0000000000000000 bits21_29 0 0 57 32.00078 0.40 0 0 0 0 0 0 0 0 0
0000000040200000 0000000000000000 bits21_30 0 0 60 31.99766 -1.20 0 0 0 0 0 0 0 0 0
0000000080200000 0000000000000000 bits21_31 0 0 68 31.99663 -1.73 0 0 0 0 0 0 0 0 0
0000000100200000 0000000000000000 bits21_32 0 0 70 31.99826 -0.89 0 0 0 0 0 0 0 0 0
0000000200200000 0000000000000000 bits21_33 0 0 63 31.99788 -1.09 0 0 0 0 0 0 0 0 0
0000000400200000 0000000000000000 bits21_34 0 0 79 31.99948 -0.27 0 0 0 0 0 0 0 0 0
0000000800200000 0000000000000000 bits21_35 0 0 65 31.99947 -0.27 0 0 0 0 0 0 0 0 0
0000001000200000 0000000000000000 bits21_36 0 0 75 32.00175 0.90 0 0 0 0 0 0 0 0 0
0000002000200000 0000000000000000 bits21_37 0 0 74 31.99809 -0.98 0 0 0 0 0 0 0 0 0
0000004000200000 0000000000000000 bits21_38 0 0 63 31.99889 -0.57 0 0 0 0 0 0 0 0 0
0000008000200000 0000000000000000 bits21_39 0 0 67 32.00152 0.78 0 0 0 0 0 0 0 0 0
0000010000200000 0000000000000000 bits21_40 0 0 67 32.00055 0.28 0 0 0 0 0 0 0 0 0
0000020000200000 0000000000000000 bits21_41 0 0 44 31.99577 -2.16 0 0 0 0 0 0 0 0 0
0000040000200000 0000000000000000 bits21_42 0 0 58 31.99544 -2.33 0 0 0 0 0 0 0 0 0
0000080000200000 0000000000000000 bits21_43 0 0 63 31.99777 -1.14 0 0 0 0 0 0 0 0 0
0000100000200000 0000000000000000 bits21_44 0 0 73 31.99815 -0.95 0 0 0 0 0 0 0 0 0
0000200000200000 0000000000000000 bits21_45 0 0 75 31.99894 -0.54 0 0 0 0 0 0 0 0 0
0000400000200000 0000000000000000 bits21_46 0 0 57 32.00025 0.13 0 0 0 0 0 0 0 0 0
0000800000200000 0000000000000000 bits21_47 0 0 70 31.99776 -1.15 0 0 0 0 0 0 0 0 0
0001000000200000 0000000000000000 bits21_48 0 0 63 31.99942 -0.30 0 0 0 0 0 0 0 0 0
0002000000200000 0000000000000000 bits21_49 0 0 66 31.99913 -0.45 0 0 0 0 0 0 0 0 0
0004000000200000 0000000000000000 bits21_50 0 0 58 31.99779 -1.13 0 0 0 0 0 0 0 0 0
0008000000200000 0000000000000000 bits21_51 0 0 68 31.99660 -1.74 0 0 0 0 0 0 0 0 0
0010000000200000 0000000000000000 bits21_52 0 0 59 32.00275 1.41 0 0 0 0 0 0 0 0 0
0020000000200000 0000000000000000 bits21_53 0 0 74 32.00241 1.23 0 0 0 0 0 0 0 0 0
0040000000200000 0000000000000000 bits21_54 0 0 71 32.00147 0.76 0 0 0 0 0 0 0 0 0
0080000000200000 0000000000000000 bits21_55 0 0 61 31.99871 -0.66 0 0 0 0 0 0 0 0 0
0100000000200000 0000000000000000 bits21_56 0 0 65 32.00188 0.96 0 0 0 0 0 0 0 0 0
0200000000200000 0000000000000000 bits21_57 0 0 65 32.00077 0.39 0 0 0 0 0 0 0 0 0
0400000000200000 0000000000000000 bits21_58 0 0 80 31.99959 -0.21 0 0 0 0 0 0 0 0 0
0800000000200000 0000000000000000 bits21_59 0 0 52 32.00291 1.49 0 0 0 0 0 0 0 0 0
1000000000200000 0000000000000000 bits21_60 0 0 76 31.99862 -0.70 0 0 0 0 0 0 0 0 0
2000000000200000 0000000000000000 bits21_61 0 0 60 31.99988 -0.06 0 0 0 0 0 0 0 0 0
4000000000200000 0000000000000000 bits21_62 0 0 52 31.99972 -0.14 0 0 0 0 0 0 0 0 0
8000000000200000 0000000000000000 bits21_63 0 0 49 31.99952 -0.25 0 0 0 0 0 0 0 0 0
0000000000200000 0000000000000001 bits21_64 0 0 66 31.99887 -0.58 0 0 0 0 0 0 0 0 0
0000000000200000 0000000000000002 bits21_65 0 0 75 32.00030 0.15 0 0 0 0 0 0 0 0 0
0000000000200000 0000000000000004 bits21_66 0 0 70 32.00287 1.47 0 0 0 0 0 0 0 0 0
0000000000200000 0000000000000008 bits21_67 0 0 70 31.99909 -0.46 0 0 0 0 0 0 0 0 0
0000000000200000 0000000000000010 bits21_68 0 0 60 32.00032 0.17 0 0 0 0 0 0 0 0 0
0000000000200000 0000000000000020 bits21_69 0 0 65 32.00167 0.85 0 0 0 0 0 0 0 0 0
0000000000200000 0000000000000040 bits21_70 0 0 70 32.00219 1.12 0 0 0 0 0 0 0 0 0
0000000000200000 0000000000000080 bits21_71 0 0 76 31.99828 -0.88 0 0 0 0 0 0 0 0 0
0000000000200000 0000000000000100 bits21_72 0 0 59 32.00437 2.24 0 0 0 0 0 0 0 0 0
0000000000200000 0000000000000200 bits21_73 0 0 59 32.00403 2.06 0 0 0 0 0 0 0 0 0
0000000000200000 0000000000000400 bits21_74 0 0 59 32.00002 0.01 0 0 0 0 0 0 0 0 0
0000000000200000 0000000000000800 bits21_75 0 0 73 31.99859 -0.72 0 0 0 0 0 0 0 0 0
0000000000200000 0000000000001000 bits21_76 0 0 68 32.00172 0.88 0 0 0 0 0 0 0 0 0
0000000000200000 0000000000002000 bits21_77 0 0 58 31.99898 -0.52 0 0 0 0 0 0 0 0 0
0000000000200000 0000000000004000 bits21_78 0 0 63 31.99696 -1.56 0 0 0 0 0 0 0 0 0
0000000000200000 0000000000008000 bits21_79 0 0 63 31.99863 -0.70 0 0 0 0 0 0 0 0 0
0000000000200000 0000000000010000 bits21_80 0 0 56 32.00051 0.26 0 0 0 0 0 0 0 0 0
0000000000200000 0000000000020000 bits21_81 0 0 68 32.00036 0.18 0 0 0 0 0 0 0 0 0
0000000000200000 0000000000040000 bits21_82 0 0 62 31.99994 -0.03 0 0 0 0 0 0 0 0 0
0000000000200000 0000000000080000 bits21_83 0 0 74 32.00175 0.90 0 0 0 0 0 0 0 0 0
0000000000200000 0000000000100000 bits21_84 0 0 44 31.99844 -0.80 0 0 0 0 0 0 0 0 0
0000000000200000 0000000000200000 bits21_85 0 0 57 32.00000 -0.00 0 0 0 0 0 0 0 0 0
0000000000200000 0000000000400000 bits21_86 0 0 76 31.99778 -1.14 0 0 0 0 0 0 0 0 0
0000000000200000 0000000000800000 bits21_87 0 0 76 32.00395 2.02 0 0 0 0 0 0 0 0 0
0000000000200000 0000000001000000 bits21_88 0 0 56 32.00217 1.11 0 0 0 0 0 0 0 0 0
0000000000200000 0000000002000000 bits21_89 0 0 58 32.00104 0.53 0 0 0 0 0 0 0 0 0
0000000000200000 0000000004000000 bits21_90 0 0 45 31.99980 -0.10 0 0 0 0 0 0 0 0 0
0000000000200000 0000000008000000 bits21_91 0 0 75 31.99964 -0.18 0 0 0 0 0 0 0 0 0
0000000000200000 0000000010000000 bits21_92 0 0 61 31.99992 -0.04 0 0 0 0 0 0 0 0 0
0000000000200000 0000000020000000 bits21_93 0 0 56 32.00007 0.04 0 0 0 0 0 0 0 0 0
0000000000200000 0000000040000000 bits21_94 0 0 71 31.99762 -1.22 0 0 0 0 0 0 0 0 0
0000000000200000 0000000080000000 bits21_95 0 0 59 32.00119 0.61 0 0 0 0 0 0 0 0 0
0000000000200000 0000000100000000 bits21_96 0 0 48 32.00081 0.41 0 0 0 0 0 0 0 0 0
0000000000200000 0000000200000000 bits21_97 0 0 56 32.00052 0.27 0 0 0 0 0 0 0 0 0
0000000000200000 0000000400000000 bits21_98 0 0 59 32.00060 0.31 0 0 0 0 0 0 0 0 0
0000000000200000 0000000800000000 bits21_99 0 0 72 31.99720 -1.43 0 0 0 0 0 0 0 0 0
0000000000200000 0000001000000000 bits21_100 0 0 49 32.00045 0.23 0 0 0 0 0 0 0 0 0
0000000000200000 0000002000000000 bits21_101 0 0 67 31.99810 -0.97 0 0 0 0 0 0 0 0 0
0000000000200000 0000004000000000 bits21_102 0 0 66 32.00104 0.53 0 0 0 0 0 0 0 0 0
0000000000200000 0000008000000000 bits21_103 0 0 72 31.99862 -0.71 0 0 0 0 0 0 0 0 0
0000000000200000 0000010000000000 bits21_104 0 0 49 32.00234 1.20 0 0 0 0 0 0 0 0 0
0000000000200000 0000020000000000 bits21_105 0 0 69 32.00169 0.86 0 0 0 0 0 0 0 0 0
0000000000200000 0000040000000000 bits21_106 0 0 58 31.99892 -0.55 0 0 0 0 0 0 0 0 0
0000000000200000 0000080000000000 bits21_107 0 0 65 32.00068 0.35 0 0 0 0 0 0 0 0 0
0000000000200000 0000100000000000 bits21_108 0 0 57 32.00023 0.12 0 0 0 0 0 0 0 0 0
0000000000200000 0000200000000000 bits21_109 0 0 61 31.99987 -0.07 0 0 0 0 0 0 0 0 0
0000000000200000 0000400000000000 bits21_110 0 0 77 31.99956 -0.22 0 0 0 0 0 0 0 0 0
0000000000200000 0000800000000000 bits21_111 0 0 56 31.99938 -0.32 0 0 0 0 0 0 0 0 0
0000000000200000 0001000000000000 bits21_112 0 0 82 31.99900 -0.51 0 0 0 0 0 0 0 0 0
0000000000200000 0002000000000000 bits21_113 0 0 68 31.99774 -1.16 0 0 0 0 0 0 0 0 0
0000000000200000 0004000000000000 bits21_114 0 0 58 31.99747 -1.30 0 0 0 0 0 0 0 0 0
0000000000200000 0008000000000000 bits21_115 0 0 64 32.00464 2.37 0 0 0 0 0 0 0 0 0
0000000000200000 0010000000000000 bits21_116 0 0 66 31.99820 -0.92 0 0 0 0 0 0 0 0 0
0000000000200000 0020000000000000 bits21_117 0 0 66 31.99938 -0.32 0 0 0 0 0 0 0 0 0
0000000000200000 0040000000000000 bits21_118 0 0 74 32.00104 0.53 0 0 0 0 0 0 0 0 0
0000000000200000 0080000000000000 bits21_119 0 0 72 31.99813 -0.96 0 0 0 0 0 0 0 0 0
0000000000200000 0100000000000000 bits21_120 0 0 79 31.99994 -0.03 0 0 0 0 0 0 0 0 0
0000000000200000 0200000000000000 bits21_121 0 0 67 32.00056 0.29 0 0 0 0 0 0 0 0 0
0000000000200000 0400000000000000 bits21_122 0 0 66 32.00176 0.90 0 0 0 0 0 0 0 0 0
0000000000200000 0800000000000000 bits21_123 0 0 73 32.00021 0.11 0 0 0 0 0 0 0 0 0
0000000000200000 1000000000000000 bits21_124 0 0 55 32.00276 1.41 0 0 0 0 0 0 0 0 0
0000000000200000 2000000000000000 bits21_125 0 0 69 32.00051 0.26 0 0 0 0 0 0 0 0 0
0000000000200000 4000000000000000 bits21_126 0 0 62 32.00059 0.30 0 0 0 0 0 0 0 0 0
0000000000200000 8000000000000000 bits21_127 0 0 73 31.99897 -0.53 0 0 0 0 0 0 0 0 0
0000000000c00000 0000000000000000 bits22_23 0 0 62 32.00155 0.79 0 0 0 0 0 0 0 0 0
0000000001400000 0000000000000000 bits22_24 0 0 74 31.99798 -1.04 0 0 0 0 0 0 0 0 0
0000000002400000 0000000000000000 bits22_25 0 0 81 31.99954 -0.23 0 0 0 0 0 0 0 0 0
0000000004400000 0000000000000000 bits22_26 0 0 67 31.99636 -1.86 0 0 0 0 0 0 0 0 0
0000000008400000 0000000000000000 bits22_27 0 0 67 31.99823 -0.91 0 0 0 0 0 0 0 0 0
0000000010400000 0000000000000000 bits22_28 0 0 51 32.00145 0.74 0 0 0 0 0 0 0 0 0
0000000020400000 0000000000000000 bits22_29 0 0 63 31.99951 -0.25 0 0 0 0 0 0 0 0 0
0000000040400000 0000000000000000 bits22_30 0 0 61 31.99924 -0.39 0 0 0 0 0 0 0 0 0
0000000080400000 0000000000000000 bits22_31 0 0 56 32.00041 0.21 0 0 0 0 0 0 0 0 0
0000000100400000 0000000000000000 bits22_32 0 0 63 32.00032 0.16 0 0 0 0 0 0 0 0 0
0000000200400000 0000000000000000 bits22_33 0 0 64 31.99639 -1.85 0 0 0 0 0 0 0 0 0
0000000400400000 0000000000000000 bits22_34 0 0 63 32.00478 2.45 0 0 0 0 0 0 0 0 0
0000000800400000 0000000000000000 bits22_35 0 0 67 32.00166 0.85 0 0 0 0 0 0 0 0 0
0000001000400000 0000000000000000 bits22_36 0 0 57 32.00177 0.90 0 0 0 0 0 0 0 0 0
0000002000400000 0000000000000000 bits22_37 0 0 72 31.99966 -0.17 0 0 0 0 0 0 0 0 0
0000004000400000 0000000000000000 bits22_38 0 0 62 31.99997 -0.02 0 0 0 0 0 0 0 0 0
0000008000400000 0000000000000000 bits22_39 0 0 75 32.00493 2.52 0 0 0 0 0 0 0 0 0
0000010000400000 0000000000000000 bits22_40 0 0 60 32.00460 2.36 0 0 0 0 0 0 0 0 0
0000020000400000 0000000000000000 bits22_41 0 0 75 31.99868 -0.68 0 0 0 0 0 0 0 0 0
0000040000400000 0000000000000000 bits22_42 0 0 74 31.99962 -0.19 0 0 0 0 0 0 0 0 0
0000080000400000 0000000000000000 bits22_43 0 0 72 31.99677 -1.65 0 0 0 0 0 0 0 0 0
0000100000400000 0000000000000000 bits22_44 0 0 69 31.99993 -0.04 0 0 0 0 0 0 0 0 0
0000200000400000 0000000000000000 bits22_45 0 0 70 31.99907 -0.47 0 0 0 0 0 0 0 0 0
0000400000400000 0000000000000000 bits22_46 0 0 62 32.00162 0.83 0 0 0 0 0 0 0 0 0
0000800000400000 0000000000000000 bits22_47 0 0 52 31.99790 -1.08 0 0 0 0 0 0 0 0 0
0001000000400000 0000000000000000 bits22_48 0 0 68 31.99956 -0.23 0 0 0 0 0 0 0 0 0
0002000000400000 0000000000000000 bits22_49 0 0 64 32.00030 0.15 0 0 0 0 0 0 0 0 0
0004000000400000 0000000000000000 bits22_50 0 0 74 31.99857 -0.73 0 0 0 0 0 0 0 0 0
0008000000400000 0000000000000000 bits22_51 0 0 51 31.99903 -0.50 0 0 0 0 0 0 0 0 0
0010000000400000 0000000000000000 bits22_52 0 0 63 32.00034 0.18 0 0 0 0 0 0 0 0 0
0020000000400000 0000000000000000 bits22_53 0 0 64 31.99805 -1.00 0 0 0 0 0 0 0 0 0
0040000000400000 0000000000000000 bits22_54 0 0 60 32.00201 1.03 0 0 0 0 0 0 0 0 0
0080000000400000 0000000000000000 bits22_55 0 0 54 31.99829 -0.88 0 0 0 0 0 0 0 0 0
0100000000400000 0000000000000000 bits22_56 0 0 59 32.00021 0.11 0 0 0 0 0 0 0 0 0
0200000000400000 0000000000000000 bits22_57 0 0 47 32.00212 1.08 0 0 0 0 0 0 0 0 0
0400000000400000 0000000000000000 bits22_58 0 0 61 32.00054 0.28 0 0 0 0 0 0 0 0 0
0800000000400000 0000000000000000 bits22_59 0 0 81 32.00440 2.25 0 0 0 0 0 0 0 0 0
1000000000400000 0000000000000000 bits22_60 0 0 57 31.99985 -0.08 0 0 0 0 0 0 0 0 0
2000000000400000 0000000000000000 bits22_61 0 0 67 32.00182 0.93 0 0 0 0 0 0 0 0 0
4000000000400000 0000000000000000 bits22_62 0 0 61 32.00108 0.55 0 0 0 0 0 0 0 0 0
8000000000400000 0000000000000000 bits22_63 0 0 55 31.99877 -0.63 0 0 0 0 0 0 0 0 0
0000000000400000 0000000000000001 bits22_64 0 0 75 32.00041 0.21 0 0 0 0 0 0 0 0 0
0000000000400000 0000000000000002 bits22_65 0 0 60 31.99932 -0.35 0 0 0 0 0 0 0 0 0
0000000000400000 0000000000000004 bits22_66 0 0 54 32.00048 0.25 0 0 0 0 0 0 0 0 0
0000000000400000 0000000000000008 bits22_67 0 0 75 32.00169 0.87 0 0 0 0 0 0 0 0 0
0000000000400000 0000000000000010 bits22_68 0 0 75 31.99873 -0.65 0 0 0 0 0 0 0 0 0
0000000000400000 0000000000000020 bits22_69 0 0 59 32.00211 1.08 0 0 0 0 0 0 0 0 0
0000000000400000 0000000000000040 bits22_70 0 0 66 32.00126 0.65 0 0 0 0 0 0 0 0 0
0000000000400000 0000000000000080 bits22_71 0 0 55 31.99923 -0.39 0 0 0 0 0 0 0 0 0
0000000000400000 0000000000000100 bits22_72 0 0 59 31.99967 -0.17 0 0 0 0 0 0 0 0 0
0000000000400000 0000000000000200 bits22_73 0 0 57 32.00156 0.80 0 0 0 0 0 0 0 0 0
0000000000400000 0000000000000400 bits22_74 0 0 62 31.99946 -0.28 0 0 0 0 0 0 0 0 0
0000000000400000 0000000000000800 bits22_75 0 0 68 32.00457 2.34 0 0 0 0 0 0 0 0 0
0000000000400000 0000000000001000 bits22_76 0 0 73 31.99970 -0.15 0 0 0 0 0 0 0 0 0
0000000000400000 0000000000002000 bits22_77 0 0 71 31.99925 -0.38 0 0 0 0 0 0 0 0 0
0000000000400000 0000000000004000 bits22_78 0 0 44 32.00233 1.19 0 0 0 0 0 0 0 0 0
0000000000400000 0000000000008000 bits22_79 0 0 70 31.99894 -0.54 0 0 0 0 0 0 0 0 0
0000000000400000 0000000000010000 bits22_80 0 0 71 31.99929 -0.37 0 0 0 0 0 0 0 0 0
0000000000400000 0000000000020000 bits22_81 0 0 67 31.99956 -0.23 0 0 0 0 0 0 0 0 0
0000000000400000 0000000000040000 bits22_82 0 0 55 31.99882 -0.60 0 0 0 0 0 0 0 0 0
0000000000400000 0000000000080000 bits22_83 0 0 66 31.99785 -1.10 0 0 0 0 0 0 0 0 0
0000000000400000 0000000000100000 bits22_84 0 0 55 32.00094 0.48 0 0 0 0 0 0 0 0 0
0000000000400000 0000000000200000 bits22_85 0 0 68 32.00172 0.88 0 0 0 0 0 0 0 0 0
0000000000400000 0000000000400000 bits22_86 0 0 72 32.00001 0.00 0 0 0 0 0 0 0 0 0
0000000000400000 0000000000800000 bits22_87 0 0 54 32.00097 0.49 0 0 0 0 0 0 0 0 0
0000000000400000 0000000001000000 bits22_88 0 0 69 32.00146 0.75 0 0 0 0 0 0 0 0 0
0000000000400000 0000000002000000 bits22_89 0 0 47 32.00024 0.12 0 0 0 0 0 0 0 0 0
0000000000400000 0000000004000000 bits22_90 0 0 71 31.99822 -0.91 0 0 0 0 0 0 0 0 0
0000000000400000 0000000008000000 bits22_91 0 0 58 31.99852 -0.76 0 0 0 0 0 0 0 0 0
0000000000400000 0000000010000000 bits22_92 0 0 76 31.99843 -0.81 0 0 0 0 0 0 0 0 0
0000000000400000 0000000020000000 bits22_93 0 0 62 31.99956 -0.23 0 0 0 0 0 0 0 0 0
0000000000400000 0000000040000000 bits22_94 0 0 65 32.00048 0.24 0 0 0 0 0 0 0 0 0
0000000000400000 0000000080000000 bits22_95 0 0 73 32.00130 0.67 0 0 0 0 0 0 0 0 0
0000000000400000 0000000100000000 bits22_96 0 0 58 32.00289 1.48 0 0 0 0 0 0 0 0 0
0000000000400000 0000000200000000 bits22_97 0 0 66 31.99983 -0.09 0 0 0 0 0 0 0 0 0
0000000000400000 0000000400000000 bits22_98 0 0 68 31.99924 -0.39 0 0 0 0 0 0 0 0 0
0000000000400000 0000000800000000 bits22_99 0 0 65 32.00039 0.20 0 0 0 0 0 0 0 0 0
0000000000400000 0000001000000000 bits22_100 0 0 59 31.99918 -0.42 0 0 0 0 0 0 0 0 0
0000000000400000 0000002000000000 bits22_101 0 0 70 31.99703 -1.52 0 0 0 0 0 0 0 0 0
0000000000400000 0000004000000000 bits22_102 0 0 73 31.99996 -0.02 0 0 0 0 0 0 0 0 0
0000000000400000 0000008000000000 bits22_103 0 0 72 32.00121 0.62 0 0 0 0 0 0 0 0 0
0000000000400000 0000010000000000 bits22_104 0 0 75 31.99858 -0.73 0 0 0 0 0 0 0 0 0
0000000000400000 0000020000000000 bits22_105 0 0 54 32.00312 1.60 0 0 0 0 0 0 0 0 0
0000000000400000 0000040000000000 bits22_106 0 0 69 31.99844 -0.80 0 0 0 0 0 0 0 0 0
0000000000400000 0000080000000000 bits22_107 0 0 58 31.99928 -0.37 0 0 0 0 0 0 0 0 0
0000000000400000 0000100000000000 bits22_108 0 0 79 32.00082 0.42 0 0 0 0 0 0 0 0 0
0000000000400000 0000200000000000 bits22_109 0 0 76 32.00238 1.22 0 0 0 0 0 0 0 0 0
0000000000400000 0000400000000000 bits22_110 0 0 76 32.00017 0.09 0 0 0 0 0 0 0 0 0
0000000000400000 0000800000000000 bits22_111 0 0 73 31.99937 -0.32 0 0 0 0 0 0 0 0 0
0000000000400000 0001000000000000 bits22_112 0 0 62 32.00065 0.33 0 0 0 0 0 0 0 0 0
0000000000400000 0002000000000000 bits22_113 0 0 74 31.99931 -0.35 0 0 0 0 0 0 0 0 0
0000000000400000 0004000000000000 bits22_114 0 0 48 31.99767 -1.19 0 0 0 0 0 0 0 0 0
0000000000400000 0008000000000000 bits22_115 0 0 57 32.00209 1.07 0 0 0 0 0 0 0 0 0
0000000000400000 0010000000000000 bits22_116 0 0 67 32.00022 0.11 0 0 0 0 0 0 0 0 0
0000000000400000 0020000000000000 bits22_117 0 0 46 32.00004 0.02 0 0 0 0 0 0 0 0 0
0000000000400000 0040000000000000 bits22_118 0 0 73 31.99990 -0.05 0 0 0 0 0 0 0 0 0
0000000000400000 0080000000000000 bits22_119 0 0 77 31.99913 -0.44 0 0 0 0 0 0 0 0 0
0000000000400000 0100000000000000 bits22_120 0 0 69 31.99794 -1.05 0 0 0 0 0 0 0 0 0
0000000000400000 0200000000000000 bits22_121 0 0 51 32.00242 1.24 0 0 0 0 0 0 0 0 0
0000000000400000 0400000000000000 bits22_122 0 0 61 31.99930 -0.36 0 0 0 0 0 0 0 0 0
0000000000400000 0800000000000000 bits22_123 0 0 54 32.00025 0.13 0 0 0 0 0 0 0 0 0
0000000000400000 1000000000000000 bits22_124 0 0 63 32.00236 1.21 0 0 0 0 0 0 0 0 0
0000000000400000 2000000000000000 bits22_125 0 0 60 32.00148 0.76 0 0 0 0 0 0 0 0 0
0000000000400000 4000000000000000 bits22_126 0 0 56 32.00014 0.07 0 0 0 0 0 0 0 0 0
0000000000400000 8000000000000000 bits22_127 0 0 63 31.99889 -0.57 0 0 0 0 0 0 0 0 0
0000000001800000 0000000000000000 bits23_24 0 0 56 31.99921 -0.41 0 0 0 0 0 0 0 0 0
0000000002800000 0000000000000000 bits23_25 0 0 61 32.00185 0.95 0 0 0 0 0 0 0 0 0
0000000004800000 0000000000000000 bits23_26 0 0 63 32.00027 0.14 0 0 0 0 0 0 0 0 0
0000000008800000 0000000000000000 bits23_27 0 0 74 31.99758 -1.24 0 0 0 0 0 0 0 0 0
0000000010800000 0000000000000000 bits23_28 0 0 63 32.00297 1.52 0 0 0 0 0 0 0 0 0
0000000020800000 0000000000000000 bits23_29 0 0 58 31.99838 -0.83 0 0 0 0 0 0 0 0 0
0000000040800000 0000000000000000 bits23_30 0 0 61 32.00146 0.75 0 0 0 0 0 0 0 0 0
0000000080800000 0000000000000000 bits23_31 0 0 65 31.99852 -0.76 0 0 0 0 0 0 0 0 0
0000000100800000 0000000000000000 bits23_32 0 0 64 32.00114 0.58 0 0 0 0 0 0 0 0 0
0000000200800000 0000000000000000 bits23_33 0 0 71 31.99982 -0.09 0 0 0 0 0 0 0 0 0
0000000400800000 0000000000000000 bits23_34 0 0 65 32.00134 0.69 0 0 0 0 0 0 0 0 0
0000000800800000 0000000000000000 bits23_35 0 0 66 32.00048 0.25 0 0 0 0 0 0 0 0 0
0000001000800000 0000000000000000 bits23_36 0 0 56 31.99598 -2.06 0 0 0 0 0 0 0 0 0
0000002000800000 0000000000000000 bits23_37 0 0 76 31.99960 -0.21 0 0 0 0 0 0 0 0 0
0000004000800000 0000000000000000 bits23_38 0 0 54 31.99791 -1.07 0 0 0 0 0 0 0 0 0
0000008000800000 0000000000000000 bits23_39 0 0 64 31.99854 -0.75 0 0 0 0 0 0 0 0 0
0000010000800000 0000000000000000 bits23_40 0 0 70 32.00295 1.51 0 0 0 0 0 0 0 0 0
0000020000800000 0000000000000000 bits23_41 0 0 65 32.00164 0.84 0 0 0 0 0 0 0 0 0
0000040000800000 0000000000000000 bits23_42 0 0 66 31.99894 -0.54 0 0 0 0 0 0 0 0 0
0000080000800000 0000000000000000 bits23_43 0 0 60 32.00478 2.45 0 0 0 0 0 0 0 0 0
0000100000800000 0000000000000000 bits23_44 0 0 60 31.99932 -0.35 0 0 0 0 0 0 0 0 0
0000200000800000 0000000000000000 bits23_45 0 0 68 32.00316 1.62 0 0 0 0 0 0 0 0 0
0000400000800000 0000000000000000 bits23_46 0 0 58 31.99915 -0.44 0 0 0 0 0 0 0 0 0
0000800000800000 0000000000000000 bits23_47 0 0 65 32.00117 0.60 0 0 0 0 0 0 0 0 0
0001000000800000 0000000000000000 bits23_48 0 0 59 32.00036 0.18 0 0 0 0 0 0 0 0 0
0002000000800000 0000000000000000 bits23_49 0 0 59 31.99690 -1.59 0 0 0 0 0 0 0 0 0
0004000000800000 0000000000000000 bits23_50 0 0 44 32.00012 0.06 0 0 0 0 0 0 0 0 0
0008000000800000 0000000000000000 bits23_51 0 0 66 32.00150 0.77 0 0 0 0 0 0 0 0 0
0010000000800000 0000000000000000 bits23_52 0 0 86 31.99744 -1.31 0 0 0 0 0 0 0 0 0
0020000000800000 0000000000000000 bits23_53 0 0 59 32.00048 0.25 0 0 0 0 0 0 0 0 0
0040000000800000 0000000000000000 bits23_54 0 0 73 31.99953 -0.24 0 0 0 0 0 0 0 0 0
0080000000800000 0000000000000000 bits23_55 0 0 58 32.00077 0.40 0 0 0 0 0 0 0 0 0
0100000000800000 0000000000000000 bits23_56 0 0 71 31.99836 -0.84 0 0 0 0 0 0 0 0 0
0200000000800000 0000000000000000 bits23_57 0 0 49 31.99895 -0.54 0 0 0 0 0 0 0 0 0
0400000000800000 0000000000000000 bits23_58 0 0 50 32.00219 1.12 0 0 0 0 0 0 0 0 0
0800000000800000 0000000000000000 bits23_59 0 0 62 32.00294 1.50 0 0 0 0 0 0 0 0 0
1000000000800000 0000000000000000 bits23_60 0 0 68 31.99977 -0.12 0 0 0 0 0 0 0 0 0
2000000000800000 0000000000000000 bits23_61 0 0 61 31.99943 -0.29 0 0 0 0 0 0 0 0 0
4000000000800000 0000000000000000 bits23_62 0 0 71 32.00114 0.58 0 0 0 0 0 0 0 0 0
8000000000800000 0000000000000000 bits23_63 0 0 63 32.00253 1.30 0 0 0 0 0 0 0 0 0
0000000000800000 0000000000000001 bits23_64 0 0 63 32.00345 1.77 0 0 0 0 0 0 0 0 0
0000000000800000 0000000000000002 bits23_65 0 0 62 32.00030 0.15 0 0 0 0 0 0 0 0 0
0000000000800000 0000000000000004 bits23_66 0 0 76 31.99844 -0.80 0 0 0 0 0 0 0 0 0
0000000000800000 0000000000000008 bits23_67 0 0 76 32.00071 0.37 0 0 0 0 0 0 0 0 0
0000000000800000 0000000000000010 bits23_68 0 0 71 32.00138 0.70 0 0 0 0 0 0 0 0 0
0000000000800000 0000000000000020 bits23_69 0 0 71 31.99874 -0.65 0 0 0 0 0 0 0 0 0
0000000000800000 0000000000000040 bits23_70 0 0 76 31.99858 -0.73 0 0 0 0 0 0 0 0 0
0000000000800000 0000000000000080 bits23_71 0 0 61 32.00404 2.07 0 0 0 0 0 0 0 0 0
0000000000800000 0000000000000100 bits23_72 0 0 75 31.99702 -1.52 0 0 0 0 0 0 0 0 0
0000000000800000 0000000000000200 bits23_73 0 0 76 31.99908 -0.47 0 0 0 0 0 0 0 0 0
0000000000800000 0000000000000400 bits23_74 0 0 54 32.00297 1.52 0 0 0 0 0 0 0 0 0
0000000000800000 0000000000000800 bits23_75 0 0 58 31.99800 -1.03 0 0 0 0 0 0 0 0 0
0000000000800000 0000000000001000 bits23_76 0 0 60 32.00020 0.10 0 0 0 0 0 0 0 0 0
0000000000800000 0000000000002000 bits23_77 0 0 63 31.99884 -0.60 0 0 0 0 0 0 0 0 0
0000000000800000 0000000000004000 bits23_78 0 0 61 31.99772 -1.17 0 0 0 0 0 0 0 0 0
0000000000800000 0000000000008000 bits23_79 0 0 64 32.00087 0.45 0 0 0 0 0 0 0 0 0
0000000000800000 0000000000010000 bits23_80 0 0 68 32.00168 0.86 0 0 0 0 0 0 0 0 0
0000000000800000 0000000000020000 bits23_81 0 0 69 31.99850 -0.77 0 0 0 0 0 0 0 0 0
0000000000800000 0000000000040000 bits23_82 0 0 57 32.00166 0.85 0 0 0 0 0 0 0 0 0
0000000000800000 0000000000080000 bits23_83 0 0 58 31.99876 -0.63 0 0 0 0 0 0 0 0 0
0000000000800000 0000000000100000 bits23_84 0 0 62 32.00335 1.72 0 0 0 0 0 0 0 0 0
0000000000800000 0000000000200000 bits23_85 0 0 60 32.00013 0.07 0 0 0 0 0 0 0 0 0
0000000000800000 0000000000400000 bits23_86 0 0 71 32.00054 0.28 0 0 0 0 0 0 0 0 0
0000000000800000 0000000000800000 bits23_87 0 0 71 31.99904 -0.49 0 0 0 0 0 0 0 0 0
0000000000800000 0000000001000000 bits23_88 0 0 57 32.00081 0.42 0 0 0 0 0 0 0 0 0
0000000000800000 0000000002000000 bits23_89 0 0 70 31.99997 -0.02 0 0 0 0 0 0 0 0 0
0000000000800000 0000000004000000 bits23_90 0 0 74 32.00326 1.67 0 0 0 0 0 0 0 0 0
0000000000800000 0000000008000000 bits23_91 0 0 46 31.99990 -0.05 0 0 0 0 0 0 0 0 0
0000000000800000 0000000010000000 bits23_92 0 0 54 32.00120 0.61 0 0 0 0 0 0 0 0 0
0000000000800000 0000000020000000 bits23_93 0 0 60 31.99864 -0.69 0 0 0 0 0 0 0 0 0
0000000000800000 0000000040000000 bits23_94 0 0 72 31.99963 -0.19 0 0 0 0 0 0 0 0 0
0000000000800000 0000000080000000 bits23_95 0 0 52 31.99953 -0.24 0 0 0 0 0 0 0 0 0
0000000000800000 0000000100000000 bits23_96 0 0 58 32.00402 2.06 0 0 0 0 0 0 0 0 0
0000000000800000 0000000200000000 bits23_97 0 0 65 32.00008 0.04 0 0 0 0 0 0 0 0 0
0000000000800000 0000000400000000 bits23_98 0 0 63 32.00017 0.09 0 0 0 0 0 0 0 0 0
0000000000800000 0000000800000000 bits23_99 0 0 63 31.99965 -0.18 0 0 0 0 0 0 0 0 0
0000000000800000 0000001000000000 bits23_100 0 0 63 32.00062 0.32 0 0 0 0 0 0 0 0 0
0000000000800000 0000002000000000 bits23_101 0 0 73 31.99894 -0.54 0 0 0 0 0 0 0 0 0
0000000000800000 0000004000000000 bits23_102 0 0 58 32.00405 2.07 0 0 0 0 0 0 0 0 0
0000000000800000 0000008000000000 bits23_103 0 0 49 32.00016 0.08 0 0 0 0 0 0 0 0 0
0000000000800000 0000010000000000 bits23_104 0 0 70 31.99969 -0.16 0 0 0 0 0 0 0 0 0
0000000000800000 0000020000000000 bits23_105 0 0 50 32.00098 0.50 0 0 0 0 0 0 0 0 0
0000000000800000 0000040000000000 bits23_106 0 0 61 31.99928 -0.37 0 0 0 0 0 0 0 0 0
0000000000800000 0000080000000000 bits23_107 0 0 60 32.00173 0.88 0 0 0 0 0 0 0 0 0
0000000000800000 0000100000000000 bits23_108 0 0 70 31.99918 -0.42 0 0 0 0 0 0 0 0 0
0000000000800000 0000200000000000 bits23_109 0 0 60 31.99986 -0.07 0 0 0 0 0 0 0 0 0
0000000000800000 0000400000000000 bits23_110 0 0 54 32.00024 0.12 0 0 0 0 0 0 0 0 0
0000000000800000 0000800000000000 bits23_111 0 0 60 32.00179 0.92 0 0 0 0 0 0 0 0 0
0000000000800000 0001000000000000 bits23_112 0 0 64 32.00114 0.58 0 0 0 0 0 0 0 0 0
0000000000800000 0002000000000000 bits23_113 0 0 58 31.99964 -0.18 0 0 0 0 0 0 0 0 0
0000000000800000 0004000000000000 bits23_114 0 0 68 32.00085 0.43 0 0 0 0 0 0 0 0 0
0000000000800000 0008000000000000 bits23_115 0 0 53 31.99711 -1.48 0 0 0 0 0 0 0 0 0
0000000000800000 0010000000000000 bits23_116 0 0 68 31.99965 -0.18 0 0 0 0 0 0 0 0 0
0000000000800000 0020000000000000 bits23_117 0 0 59 32.00014 0.07 0 0 0 0 0 0 0 0 0
0000000000800000 0040000000000000 bits23_118 0 0 54 31.99799 -1.03 0 0 0 0 0 0 0 0 0
0000000000800000 0080000000000000 bits23_119 0 0 73 31.99999 -0.00 0 0 0 0 0 0 0 0 0
0000000000800000 0100000000000000 bits23_120 0 0 57 31.99951 -0.25 0 0 0 0 0 0 0 0 0
0000000000800000 0200000000000000 bits23_121 0 0 86 31.99512 -2.50 0 0 0 0 0 0 0 0 0
0000000000800000 0400000000000000 bits23_122 0 0 66 31.99996 -0.02 0 0 0 0 0 0 0 0 0
0000000000800000 0800000000000000 bits23_123 0 0 78 31.99687 -1.60 0 0 0 0 0 0 0 0 0
0000000000800000 1000000000000000 bits23_124 0 0 61 31.99822 -0.91 0 0 0 0 0 0 0 0 0
0000000000800000 2000000000000000 bits23_125 0 0 72 31.99869 -0.67 0 0 0 0 0 0 0 0 0
0000000000800000 4000000000000000 bits23_126 0 0 73 32.00208 1.06 0 0 0 0 0 0 0 0 0
0000000000800000 8000000000000000 bits23_127 0 0 55 31.99985 -0.08 0 0 0 0 0 0 0 0 0
0000000003000000 0000000000000000 bits24_25 0 0 57 31.99902 -0.50 0 0 0 0 0 0 0 0 0
0000000005000000 0000000000000000 bits24_26 0 0 59 31.99854 -0.75 0 0 0 0 0 0 0 0 0
0000000009000000 0000000000000000 bits24_27 0 0 69 31.99911 -0.46 0 0 0 0 0 0 0 0 0
0000000011000000 0000000000000000 bits24_28 0 0 61 32.00118 0.60 0 0 0 0 0 0 0 0 0
0000000021000000 0000000000000000 bits24_29 0 0 66 31.99739 -1.34 0 0 0 0 0 0 0 0 0
0000000041000000 0000000000000000 bits24_30 0 0 66 31.99768 -1.19 0 0 0 0 0 0 0 0 0
0000000081000000 0000000000000000 bits24_31 0 0 64 31.99866 -0.69 0 0 0 0 0 0 0 0 0
0000000101000000 0000000000000000 bits24_32 0 0 73 31.99769 -1.18 0 0 0 0 0 0 0 0 0
0000000201000000 0000000000000000 bits24_33 0 0 72 32.00355 1.82 0 0 0 0 0 0 0 0 0
0000000401000000 0000000000000000 bits24_34 0 0 65 31.99986 -0.07 0 0 0 0 0 0 0 0 0
0000000801000000 0000000000000000 bits24_35 0 0 64 32.00014 0.07 0 0 0 0 0 0 0 0 0
0000001001000000 0000000000000000 bits24_36 0 0 68 31.99981 -0.10 0 0 0 0 0 0 0 0 0
0000002001000000 0000000000000000 bits24_37 0 0 69 31.99700 -1.54 0 0 0 0 0 0 0 0 0
0000004001000000 0000000000000000 bits24_38 0 0 64 31.99966 -0.17 0 0 0 0 0 0 0 0 0
0000008001000000 0000000000000000 bits24_39 0 0 74 32.00254 1.30 0 0 0 0 0 0 0 0 0
0000010001000000 0000000000000000 bits24_40 0 0 61 32.00002 0.01 0 0 0 0 0 0 0 0 0
0000020001000000 0000000000000000 bits24_41 0 0 56 32.00246 1.26 0 0 0 0 0 0 0 0 0
0000040001000000 0000000000000000 bits24_42 0 0 61 32.00330 1.69 0 0 0 0 0 0 0 0 0
0000080001000000 0000000000000000 bits24_43 0 0 58 32.00243 1.24 0 0 0 0 0 0 0 0 0
0000100001000000 0000000000000000 bits24_44 0 0 72 31.99843 -0.81 0 0 0 0 0 0 0 0 0
0000200001000000 0000000000000000 bits24_45 0 0 66 31.99965 -0.18 0 0 0 0 0 0 0 0 0
0000400001000000 0000000000000000 bits24_46 0 0 64 32.00149 0.77 0 0 0 0 0 0 0 0 0
0000800001000000 0000000000000000 bits24_47 0 0 54 32.00096 0.49 0 0 0 0 0 0 0 0 0
0001000001000000 0000000000000000 bits24_48 0 0 56 31.99805 -1.00 0 0 0 0 0 0 0 0 0
0002000001000000 0000000000000000 bits24_49 0 0 58 32.00127 0.65 0 0 0 0 0 0 0 0 0
0004000001000000 0000000000000000 bits24_50 0 0 57 32.00094 0.48 0 0 0 0 0 0 0 0 0
0008000001000000 0000000000000000 bits24_51 0 0 65 31.99943 -0.29 0 0 0 0 0 0 0 0 0
0010000001000000 0000000000000000 bits24_52 0 0 64 32.00235 1.20 0 0 0 0 0 0 0 0 0
0020000001000000 0000000000000000 bits24_53 0 0 57 32.00052 0.27 0 0 0 0 0 0 0 0 0
0040000001000000 0000000000000000 bits24_54 0 0 57 32.00139 0.71 0 0 0 0 0 0 0 0 0
0080000001000000 0000000000000000 bits24_55 0 0 60 32.00095 0.49 0 0 0 0 0 0 0 0 0
0100000001000000 0000000000000000 bits24_56 0 0 57 31.99936 -0.33 0 0 0 0 0 0 0 0 0
0200000001000000 0000000000000000 bits24_57 0 0 64 32.00122 0.62 0 0 0 0 0 0 0 0 0
0400000001000000 0000000000000000 bits24_58 0 0 65 31.99955 -0.23 0 0 0 0 0 0 0 0 0
0800000001000000 0000000000000000 bits24_59 0 0 89 31.99901 -0.51 0 0 0 0 0 0 0 0 0
1000000001000000 0000000000000000 bits24_60 0 0 81 32.00171 0.88 0 0 0 0 0 0 0 0 0
2000000001000000 0000000000000000 bits24_61 0 0 67 31.99647 -1.81 0 0 0 0 0 0 0 0 0
4000000001000000 0000000000000000 bits24_62 0 0 66 32.00156 0.80 0 0 0 0 0 0 0 0 0
8000000001000000 0000000000000000 bits24_63 0 0 51 32.00079 0.40 0 0 0 0 0 0 0 0 0
0000000001000000 0000000000000001 bits24_64 0 0 66 31.99848 -0.78 0 0 0 0 0 0 0 0 0
0000000001000000 0000000000000002 bits24_65 0 0 63 32.00170 0.87 0 0 0 0 0 0 0 0 0
0000000001000000 0000000000000004 bits24_66 0 0 52 32.00401 2.05 0 0 0 0 0 0 0 0 0
0000000001000000 0000000000000008 bits24_67 0 0 63 32.00017 0.09 0 0 0 0 0 0 0 0 0
0000000001000000 0000000000000010 bits24_68 0 0 84 32.00002 0.01 0 0 0 0 0 0 0 0 0
0000000001000000 0000000000000020 bits24_69 0 0 61 32.00262 1.34 0 0 0 0 0 0 0 0 0
0000000001000000 0000000000000040 bits24_70 0 0 71 31.99790 -1.07 0 0 0 0 0 0 0 0 0
0000000001000000 0000000000000080 bits24_71 0 0 65 32.00067 0.34 0 0 0 0 0 0 0 0 0
0000000001000000 0000000000000100 bits24_72 0 0 67 32.00062 0.32 0 0 0 0 0 0 0 0 0
0000000001000000 0000000000000200 bits24_73 0 0 63 32.00226 1.16 0 0 0 0 0 0 0 0 0
0000000001000000 0000000000000400 bits24_74 0 0 54 32.00146 0.75 0 0 0 0 0 0 0 0 0
0000000001000000 0000000000000800 bits24_75 0 0 70 31.99918 -0.42 0 0 0 0 0 0 0 0 0
0000000001000000 0000000000001000 bits24_76 0 0 58 32.00271 1.39 0 0 0 0 0 0 0 0 0
0000000001000000 0000000000002000 bits24_77 0 0 62 32.00021 0.11 0 0 0 0 0 0 0 0 0
0000000001000000 0000000000004000 bits24_78 0 0 67 32.00299 1.53 0 0 0 0 0 0 0 0 0
0000000001000000 0000000000008000 bits24_79 0 0 67 31.99887 -0.58 0 0 0 0 0 0 0 0 0
0000000001000000 0000000000010000 bits24_80 0 0 58 31.99971 -0.15 0 0 0 0 0 0 0 0 0
0000000001000000 0000000000020000 bits24_81 0 0 59 31.99921 -0.41 0 0 0 0 0 0 0 0 0
0000000001000000 0000000000040000 bits24_82 0 0 76 32.00318 1.63 0 0 0 0 0 0 0 0 0
0000000001000000 0000000000080000 bits24_83 0 0 70 32.00100 0.51 0 0 0 0 0 0 0 0 0
0000000001000000 0000000000100000 bits24_84 0 0 78 31.99910 -0.46 0 0 0 0 0 0 0 0 0
0000000001000000 0000000000200000 bits24_85 0 0 79 31.99921 -0.40 0 0 0 0 0 0 0 0 0
0000000001000000 0000000000400000 bits24_86 0 0 77 32.00157 0.80 0 0 0 0 0 0 0 0 0
0000000001000000 0000000000800000 bits24_87 0 0 67 32.00140 0.72 0 0 0 0 0 0 0 0 0
0000000001000000 0000000001000000 bits24_88 0 0 63 31.99861 -0.71 0 0 0 0 0 0 0 0 0
0000000001000000 0000000002000000 bits24_89 0 0 71 32.00014 0.07 0 0 0 0 0 0 0 0 0
0000000001000000 0000000004000000 bits24_90 0 0 60 32.00295 1.51 0 0 0 0 0 0 0 0 0
0000000001000000 0000000008000000 bits24_91 0 0 65 31.99735 -1.36 0 0 0 0 0 0 0 0 0
0000000001000000 0000000010000000 bits24_92 0 0 63 31.99949 -0.26 0 0 0 0 0 0 0 0 0
0000000001000000 0000000020000000 bits24_93 0 0 56 32.00202 1.03 0 0 0 0 0 0 0 0 0
0000000001000000 0000000040000000 bits24_94 0 0 73 31.99884 -0.60 0 0 0 0 0 0 0 0 0
0000000001000000 0000000080000000 bits24_95 0 0 65 32.00077 0.39 0 0 0 0 0 0 0 0 0
0000000001000000 0000000100000000 bits24_96 0 0 48 32.00101 0.51 0 0 0 0 0 0 0 0 0
0000000001000000 0000000200000000 bits24_97 0 0 66 31.99466 -2.73 0 0 0 0 0 0 0 0 0
0000000001000000 0000000400000000 bits24_98 0 0 66 31.99872 -0.66 0 0 0 0 0 0 0 0 0
0000000001000000 0000000800000000 bits24_99 0 0 70 32.00177 0.91 0 0 0 0 0 0 0 0 0
0000000001000000 0000001000000000 bits24_100 0 0 75 32.00042 0.21 0 0 0 0 0 0 0 0 0
0000000001000000 0000002000000000 bits24_101 0 0 60 31.99718 -1.45 0 0 0 0 0 0 0 0 0
0000000001000000 0000004000000000 bits24_102 0 0 56 31.99826 -0.89 0 0 0 0 0 0 0 0 0
0000000001000000 0000008000000000 bits24_103 0 0 73 32.00000 0.00 0 0 0 0 0 0 0 0 0
0000000001000000 0000010000000000 bits24_104 0 0 61 32.00113 0.58 0 0 0 0 0 0 0 0 0
0000000001000000 0000020000000000 bits24_105 0 0 66 31.99993 -0.04 0 0 0 0 0 0 0 0 0
0000000001000000 0000040000000000 bits24_106 0 0 69 31.99691 -1.58 0 0 0 0 0 0 0 0 0
0000000001000000 0000080000000000 bits24_107 0 0 57 31.99812 -0.96 0 0 0 0 0 0 0 0 0
0000000001000000 0000100000000000 bits24_108 0 0 68 31.99787 -1.09 0 0 0 0 0 0 0 0 0
0000000001000000 0000200000000000 bits24_109 0 0 70 32.00136 0.69 0 0 0 0 0 0 0 0 0
0000000001000000 0000400000000000 bits24_110 0 0 73 32.00101 0.52 0 0 0 0 0 0 0 0 0
0000000001000000 0000800000000000 bits24_111 0 0 65 32.00101 0.52 0 0 0 0 0 0 0 0 0
0000000001000000 0001000000000000 bits24_112 0 0 59 31.99965 -0.18 0 0 0 0 0 0 0 0 0
0000000001000000 0002000000000000 bits24_113 0 0 60 32.00256 1.31 0 0 0 0 0 0 0 0 0
0000000001000000 0004000000000000 bits24_114 0 0 58 31.99874 -0.64 0 0 0 0 0 0 0 0 0
0000000001000000 0008000000000000 bits24_115 0 0 52 31.99982 -0.09 0 0 0 0 0 0 0 0 0
0000000001000000 0010000000000000 bits24_116 0 0 67 32.00307 1.57 0 0 0 0 0 0 0 0 0
0000000001000000 0020000000000000 bits24_117 0 0 71 32.00270 1.38 0 0 0 0 0 0 0 0 0
0000000001000000 0040000000000000 bits24_118 0 0 49 32.00024 0.12 0 0 0 0 0 0 0 0 0
0000000001000000 0080000000000000 bits24_119 0 0 74 32.00035 0.18 0 0 0 0 0 0 0 0 0
0000000001000000 0100000000000000 bits24_120 0 0 77 31.99876 -0.63 0 0 0 0 0 0 0 0 0
0000000001000000 0200000000000000 bits24_121 0 0 51 31.99996 -0.02 0 0 0 0 0 0 0 0 0
0000000001000000 0400000000000000 bits24_122 0 0 73 32.00180 0.92 0 0 0 0 0 0 0 0 0
0000000001000000 0800000000000000 bits24_123 0 0 61 32.00131 0.67 0 0 0 0 0 0 0 0 0
0000000001000000 1000000000000000 bits24_124 0 0 61 32.00007 0.03 0 0 0 0 0 0 0 0 0
0000000001000000 2000000000000000 bits24_125 0 0 53 32.00275 1.41 0 0 0 0 0 0 0 0 0
0000000001000000 4000000000000000 bits24_126 0 0 72 32.00321 1.64 0 0 0 0 0 0 0 0 0
0000000001000000 8000000000000000 bits24_127 0 0 54 31.99944 -0.29 0 0 0 0 0 0 0 0 0
0000000006000000 0000000000000000 bits25_26 0 0 60 31.99731 -1.38 0 0 0 0 0 0 0 0 0
000000000a000000 0000000000000000 bits25_27 0 0 51 31.99877 -0.63 0 0 0 0 0 0 0 0 0
0000000012000000 0000000000000000 bits25_28 0 0 58 32.00067 0.34 0 0 0 0 0 0 0 0 0
0000000022000000 0000000000000000 bits25_29 0 0 73 32.00293 1.50 0 0 0 0 0 0 0 0 0
0000000042000000 0000000000000000 bits25_30 0 0 61 31.99475 -2.69 0 0 0 0 0 0 0 0 0
0000000082000000 0000000000000000 bits25_31 0 0 45 32.00114 0.58 0 0 0 0 0 0 0 0 0
0000000102000000 0000000000000000 bits25_32 0 0 72 31.99935 -0.33 0 0 0 0 0 0 0 0 0
0000000202000000 0000000000000000 bits25_33 0 0 62 31.99927 -0.37 0 0 0 0 0 0 0 0 0
0000000402000000 0000000000000000 bits25_34 0 0 60 32.00094 0.48 0 0 0 0 0 0 0 0 0
0000000802000000 0000000000000000 bits25_35 0 0 66 32.00291 1.49 0 0 0 0 0 0 0 0 0
0000001002000000 0000000000000000 bits25_36 0 0 63 32.00086 0.44 0 0 0 0 0 0 0 0 0
0000002002000000 0000000000000000 bits25_37 0 0 70 31.99868 -0.67 0 0 0 0 0 0 0 0 0
0000004002000000 0000000000000000 bits25_38 0 0 53 31.99959 -0.21 0 0 0 0 0 0 0 0 0
0000008002000000 0000000000000000 bits25_39 0 0 56 31.99811 -0.97 0 0 0 0 0 0 0 0 0
0000010002000000 0000000000000000 bits25_40 0 0 59 31.99912 -0.45 0 0 0 0 0 0 0 0 0
0000020002000000 0000000000000000 bits25_41 0 0 65 32.00119 0.61 0 0 0 0 0 0 0 0 0
0000040002000000 0000000000000000 bits25_42 0 0 60 32.00055 0.28 0 0 0 0 0 0 0 0 0
0000080002000000 0000000000000000 bits25_43 0 0 68 32.00031 0.16 0 0 0 0 0 0 0 0 0
0000100002000000 0000000000000000 bits25_44 0 0 80 32.00104 0.53 0 0 0 0 0 0 0 0 0
0000200002000000 0000000000000000 bits25_45 0 0 57 31.99956 -0.23 0 0 0 0 0 0 0 0 0
0000400002000000 0000000000000000 bits25_46 0 0 54 32.00418 2.14 0 0 0 0 0 0 0 0 0
0000800002000000 0000000000000000 bits25_47 0 0 58 31.99887 -0.58 0 0 0 0 0 0 0 0 0
0001000002000000 0000000000000000 bits25_48 0 0 65 31.99933 -0.34 0 0 0 0 0 0 0 0 0
0002000002000000 0000000000000000 bits25_49 0 0 69 31.99997 -0.02 0 0 0 0 0 0 0 0 0
0004000002000000 0000000000000000 bits25_50 0 0 67 32.00242 1.24 0 0 0 0 0 0 0 0 0
0008000002000000 0000000000000000 bits25_51 0 0 57 32.00097 0.49 0 0 0 0 0 0 0 0 0
0010000002000000 0000000000000000 bits25_52 0 0 68 31.99961 -0.20 0 0 0 0 0 0 0 0 0
0020000002000000 0000000000000000 bits25_53 0 0 75 32.00380 1.95 0 0 0 0 0 0 0 0 0
0040000002000000 0000000000000000 bits25_54 0 0 62 32.00227 1.16 0 0 0 0 0 0 0 0 0
0080000002000000 0000000000000000 bits25_55 0 0 67 31.99498 -2.57 0 0 0 0 0 0 0 0 0
0100000002000000 0000000000000000 bits25_56 0 0 62 31.99962 -0.20 0 0 0 0 0 0 0 0 0
0200000002000000 0000000000000000 bits25_57 0 0 71 32.00275 1.41 0 0 0 0 0 0 0 0 0
0400000002000000 0000000000000000 bits25_58 0 0 55 32.00282 1.44 0 0 0 0 0 0 0 0 0
0800000002000000 0000000000000000 bits25_59 0 0 69 31.99812 -0.96 0 0 0 0 0 0 0 0 0
1000000002000000 0000000000000000 bits25_60 0 0 69 32.00618 3.17 0 0 0 0 0 0 0 0 0
2000000002000000 0000000000000000 bits25_61 0 0 62 32.00114 0.59 0 0 0 0 0 0 0 0 0
4000000002000000 0000000000000000 bits25_62 0 0 60 31.99676 -1.66 0 0 0 0 0 0 0 0 0
8000000002000000 0000000000000000 bits25_63 0 0 67 32.00008 0.04 0 0 0 0 0 0 0 0 0
0000000002000000 0000000000000001 bits25_64 0 0 74 32.00148 0.76 0 0 0 0 0 0 0 0 0
0000000002000000 0000000000000002 bits25_65 0 0 74 32.00269 1.38 0 0 0 0 0 0 0 0 0
0000000002000000 0000000000000004 bits25_66 0 0 60 31.99982 -0.09 0 0 0 0 0 0 0 0 0
0000000002000000 0000000000000008 bits25_67 0 0 60 32.00166 0.85 0 0 0 0 0 0 0 0 0
0000000002000000 0000000000000010 bits25_68 0 0 65 32.00117 0.60 0 0 0 0 0 0 0 0 0
0000000002000000 0000000000000020 bits25_69 0 0 72 32.00224 1.15 0 0 0 0 0 0 0 0 0
0000000002000000 0000000000000040 bits25_70 0 0 50 31.99662 -1.73 0 0 0 0 0 0 0 0 0
0000000002000000 0000000000000080 bits25_71 0 0 72 32.00314 1.61 0 0 0 0 0 0 0 0 0
0000000002000000 0000000000000100 bits25_72 0 0 75 32.00258 1.32 0 0 0 0 0 0 0 0 0
0000000002000000 0000000000000200 bits25_73 0 0 65 32.00008 0.04 0 0 0 0 0 0 0 0 0
0000000002000000 0000000000000400 bits25_74 0 0 54 31.99543 -2.34 0 0 0 0 0 0 0 0 0
0000000002000000 0000000000000800 bits25_75 0 0 77 32.00249 1.28 0 0 0 0 0 0 0 0 0
0000000002000000 0000000000001000 bits25_76 0 0 80 32.00153 0.78 0 0 0 0 0 0 0 0 0
0000000002000000 0000000000002000 bits25_77 0 0 77 31.99851 -0.76 0 0 0 0 0 0 0 0 0
0000000002000000 0000000000004000 bits25_78 0 0 88 32.00304 1.56 0 0 0 0 0 0 0 0 0
0000000002000000 0000000000008000 bits25_79 0 0 70 31.99887 -0.58 0 0 0 0 0 0 0 0 0
0000000002000000 0000000000010000 bits25_80 0 0 79 32.00120 0.61 0 0 0 0 0 0 0 0 0
0000000002000000 0000000000020000 bits25_81 0 0 63 31.99697 -1.55 0 0 0 0 0 0 0 0 0
0000000002000000 0000000000040000 bits25_82 0 0 73 32.00091 0.46 0 0 0 0 0 0 0 0 0
0000000002000000 0000000000080000 bits25_83 0 0 58 31.99580 -2.15 0 0 0 0 0 0 0 0 0
0000000002000000 0000000000100000 bits25_84 0 0 76 31.99791 -1.07 0 0 0 0 0 0 0 0 0
0000000002000000 0000000000200000 bits25_85 0 0 55 31.99871 -0.66 0 0 0 0 0 0 0 0 0
0000000002000000 0000000000400000 bits25_86 0 0 79 32.00342 1.75 0 0 0 0 0 0 0 1 0
0000000002000000 0000000000800000 bits25_87 0 0 75 32.00276 1.41 0 0 0 0 0 0 0 0 0
0000000002000000 0000000001000000 bits25_88 0 0 66 32.00077 0.40 0 0 0 0 0 0 0 0 0
0000000002000000 0000000002000000 bits25_89 0 0 70 32.00063 0.32 0 0 0 0 0 0 0 0 0
0000000002000000 0000000004000000 bits25_90 0 0 64 32.00137 0.70 0 0 0 0 0 0 0 0 0
0000000002000000 0000000008000000 bits25_91 0 0 76 31.99796 -1.05 0 0 0 0 0 0 0 0 0
0000000002000000 0000000010000000 bits25_92 0 0 68 31.99658 -1.75 0 0 0 0 0 0 0 0 0
0000000002000000 0000000020000000 bits25_93 0 0 82 32.00366 1.88 0 0 0 0 0 0 0 0 0
0000000002000000 0000000040000000 bits25_94 0 0 65 32.00332 1.70 0 0 0 0 0 0 0 0 0
0000000002000000 0000000080000000 bits25_95 0 0 70 32.00041 0.21 0 0 0 0 0 0 0 0 0
0000000002000000 0000000100000000 bits25_96 0 0 67 31.99955 -0.23 0 0 0 0 0 0 0 0 0
0000000002000000 0000000200000000 bits25_97 0 0 68 32.00064 0.33 0 0 0 0 0 0 0 0 0
0000000002000000 0000000400000000 bits25_98 0 0 65 31.99784 -1.11 0 0 0 0 0 0 0 0 0
0000000002000000 0000000800000000 bits25_99 0 0 58 31.99955 -0.23 0 0 0 0 0 0 0 0 0
0000000002000000 0000001000000000 bits25_100 0 0 64 31.99769 -1.18 0 0 0 0 0 0 0 0 0
0000000002000000 0000002000000000 bits25_101 0 0 75 32.00271 1.39 0 0 0 0 0 0 0 0 0
0000000002000000 0000004000000000 bits25_102 0 0 67 31.99966 -0.17 0 0 0 0 0 0 0 0 0
0000000002000000 0000008000000000 bits25_103 0 0 55 32.00027 0.14 0 0 0 0 0 0 0 0 0
0000000002000000 0000010000000000 bits25_104 0 0 70 31.99805 -1.00 0 0 0 0 0 0 0 0 0
0000000002000000 0000020000000000 bits25_105 0 0 71 32.00084 0.43 0 0 0 0 0 0 0 0 0
0000000002000000 0000040000000000 bits25_106 0 0 60 32.00131 0.67 0 0 0 0 0 0 0 0 0
0000000002000000 0000080000000000 bits25_107 0 0 56 31.99534 -2.39 0 0 0 0 0 0 0 0 0
0000000002000000 0000100000000000 bits25_108 0 0 65 31.99660 -1.74 0 0 0 0 0 0 0 0 0
0000000002000000 0000200000000000 bits25_109 0 0 55 31.99878 -0.62 0 0 0 0 0 0 0 0 0
0000000002000000 0000400000000000 bits25_110 0 0 63 31.99932 -0.35 0 0 0 0 0 0 0 0 0
0000000002000000 0000800000000000 bits25_111 0 0 67 32.00137 0.70 0 0 0 0 0 0 0 0 0
0000000002000000 0001000000000000 bits25_112 0 0 60 32.00028 0.14 0 0 0 0 0 0 0 0 0
0000000002000000 0002000000000000 bits25_113 0 0 57 32.00149 0.76 0 0 0 0 0 0 0 0 0
0000000002000000 0004000000000000 bits25_114 0 0 66 32.00142 0.73 0 0 0 0 0 0 0 0 0
0000000002000000 0008000000000000 bits25_115 0 0 65 31.99940 -0.31 0 0 0 0 0 0 0 0 0
0000000002000000 0010000000000000 bits25_116 0 0 69 31.99945 -0.28 0 0 0 0 0 0 0 0 0
0000000002000000 0020000000000000 bits25_117 0 0 58 31.99995 -0.02 0 0 0 0 0 0 0 0 0
0000000002000000 0040000000000000 bits25_118 0 0 61 32.00027 0.14 0 0 0 0 0 0 0 0 0
0000000002000000 0080000000000000 bits25_119 0 0 66 31.99996 -0.02 0 0 0 0 0 0 0 0 0
0000000002000000 0100000000000000 bits25_120 0 0 54 31.99664 -1.72 0 0 0 0 0 0 0 0 0
0000000002000000 0200000000000000 bits25_121 0 0 61 32.00091 0.47 0 0 0 0 0 0 0 0 0
0000000002000000 0400000000000000 bits25_122 0 0 56 31.99914 -0.44 0 0 0 0 0 0 0 0 0
0000000002000000 0800000000000000 bits25_123 0 0 70 31.99890 -0.56 0 0 0 0 0 0 0 0 0
0000000002000000 1000000000000000 bits25_124 0 0 59 32.00078 0.40 0 0 0 0 0 0 0 0 0
0000000002000000 2000000000000000 bits25_125 0 0 64 31.99724 -1.41 0 0 0 0 0 0 0 0 0
0000000002000000 4000000000000000 bits25_126 0 0 57 31.99826 -0.89 0 0 0 0 0 0 0 0 0
0000000002000000 8000000000000000 bits25_127 0 0 70 31.99785 -1.10 0 0 0 0 0 0 0 0 0
000000000c000000 0000000000000000 bits26_27 0 0 73 32.00269 1.38 0 0 0 0 0 0 0 0 0
0000000014000000 0000000000000000 bits26_28 0 0 73 32.00063 0.32 0 0 0 0 0 0 0 0 0
0000000024000000 0000000000000000 bits26_29 0 0 73 32.00006 0.03 0 0 0 0 0 0 0 0 0
0000000044000000 0000000000000000 bits26_30 0 0 67 32.00062 0.32 0 0 0 0 0 0 0 0 0
0000000084000000 0000000000000000 bits26_31 0 0 46 32.00012 0.06 0 0 0 0 0 0 0 0 0
0000000104000000 0000000000000000 bits26_32 0 0 56 32.00064 0.33 0 0 0 0 0 0 0 0 0
0000000204000000 0000000000000000 bits26_33 0 0 70 31.99573 -2.18 0 0 0 0 0 0 0 0 0
0000000404000000 0000000000000000 bits26_34 0 0 70 32.00132 0.67 0 0 0 0 0 0 0 0 0
0000000804000000 0000000000000000 bits26_35 0 0 58 31.99745 -1.31 0 0 0 0 0 0 0 0 0
0000001004000000 0000000000000000 bits26_36 0 0 62 31.99845 -0.80 0 0 0 0 0 0 0 0 0
0000002004000000 0000000000000000 bits26_37 0 0 71 32.00159 0.81 0 0 0 0 0 0 0 0 0
0000004004000000 0000000000000000 bits26_38 0 0 69 31.99938 -0.32 0 0 0 0 0 0 0 0 0
0000008004000000 0000000000000000 bits26_39 0 0 63 32.00155 0.79 0 0 0 0 0 0 0 0 0
0000010004000000 0000000000000000 bits26_40 0 0 65 32.00031 0.16 0 0 0 0 0 0 0 0 0
0000020004000000 0000000000000000 bits26_41 0 0 66 32.00209 1.07 0 0 0 0 0 0 0 0 0
0000040004000000 0000000000000000 bits26_42 0 0 69 32.00155 0.79 0 0 0 0 0 0 0 0 0
0000080004000000 0000000000000000 bits26_43 0 0 64 31.99617 -1.96 0 0 0 0 0 0 0 0 0
0000100004000000 0000000000000000 bits26_44 0 0 65 31.99792 -1.06 0 0 0 0 0 0 0 0 0
0000200004000000 0000000000000000 bits26_45 0 0 69 31.99997 -0.02 0 0 0 0 0 0 0 0 0
0000400004000000 0000000000000000 bits26_46 0 0 69 32.00062 0.32 0 0 0 0 0 0 0 0 0
0000800004000000 0000000000000000 bits26_47 0 0 54 31.99908 -0.47 0 0 0 0 0 0 0 0 0
0001000004000000 0000000000000000 bits26_48 0 0 58 32.00028 0.14 0 0 0 0 0 0 0 0 0
0002000004000000 0000000000000000 bits26_49 0 0 55 32.00080 0.41 0 0 0 0 0 0 0 0 0
0004000004000000 0000000000000000 bits26_50 0 0 61 31.99790 -1.07 0 0 0 0 0 0 0 0 0
0008000004000000 0000000000000000 bits26_51 0 0 65 31.99972 -0.14 0 0 0 0 0 0 0 0 0
0010000004000000 0000000000000000 bits26_52 0 0 67 32.00052 0.26 0 0 0 0 0 0 0 0 0
0020000004000000 0000000000000000 bits26_53 0 0 53 32.00051 0.26 0 0 0 0 0 0 0 0 0
0040000004000000 0000000000000000 bits26_54 0 0 65 31.99844 -0.80 0 0 0 0 0 0 0 0 0
0080000004000000 0000000000000000 bits26_55 0 0 74 31.99828 -0.88 0 0 0 0 0 0 0 0 0
0100000004000000 0000000000000000 bits26_56 0 0 42 32.00399 2.04 0 0 0 0 0 0 0 0 0
0200000004000000 0000000000000000 bits26_57 0 0 71 31.99766 -1.20 0 0 0 0 0 0 0 0 0
0400000004000000 0000000000000000 bits26_58 0 0 63 31.99947 -0.27 0 0 0 0 0 0 0 0 0
0800000004000000 0000000000000000 bits26_59 0 0 69 32.00044 0.23 0 0 0 0 0 0 0 0 0
1000000004000000 0000000000000000 bits26_60 0 0 58 32.00334 1.71 0 0 0 0 0 0 0 0 0
2000000004000000 0000000000000000 bits26_61 0 0 54 32.00310 1.59 0 0 0 0 0 0 0 0 0
4000000004000000 0000000000000000 bits26_62 0 0 71 31.99926 -0.38 0 0 0 0 0 0 0 0 0
8000000004000000 0000000000000000 bits26_63 0 0 63 32.00339 1.73 0 0 0 0 0 0 0 0 0
0000000004000000 0000000000000001 bits26_64 0 0 63 31.99799 -1.03 0 0 0 0 0 0 0 0 0
0000000004000000 0000000000000002 bits26_65 0 0 54 31.99619 -1.95 0 0 0 0 0 0 0 0 0
0000000004000000 0000000000000004 bits26_66 0 0 70 32.00103 0.53 0 0 0 0 0 0 0 0 0
0000000004000000 0000000000000008 bits26_67 0 0 63 31.99824 -0.90 0 0 0 0 0 0 0 0 0
0000000004000000 0000000000000010 bits26_68 0 0 69 32.00231 1.18 0 0 0 0 0 0 0 0 0
0000000004000000 0000000000000020 bits26_69 0 0 70 31.99790 -1.08 0 0 0 0 0 0 0 0 0
0000000004000000 0000000000000040 bits26_70 0 0 71 32.00248 1.27 0 0 0 0 0 0 0 0 0
0000000004000000 0000000000000080 bits26_71 0 0 60 32.00134 0.69 0 0 0 0 0 0 0 0 0
0000000004000000 0000000000000100 bits26_72 0 0 64 31.99860 -0.72 0 0 0 0 0 0 0 0 0
0000000004000000 0000000000000200 bits26_73 0 0 68 31.99603 -2.03 0 0 0 0 0 0 0 0 0
0000000004000000 0000000000000400 bits26_74 0 0 57 32.00155 0.79 0 0 0 0 0 0 0 0 0
0000000004000000 0000000000000800 bits26_75 0 0 52 32.00120 0.62 0 0 0 0 0 0 0 0 0
0000000004000000 0000000000001000 bits26_76 0 0 64 32.00061 0.31 0 0 0 0 0 0 0 0 0
0000000004000000 0000000000002000 bits26_77 0 0 60 31.99813 -0.96 0 0 0 0 0 0 0 0 0
0000000004000000 0000000000004000 bits26_78 0 0 62 31.99891 -0.56 0 0 0 0 0 0 0 0 0
0000000004000000 0000000000008000 bits26_79 0 0 64 31.99841 -0.81 0 0 0 0 0 0 0 0 0
0000000004000000 0000000000010000 bits26_80 0 0 57 32.00028 0.14 0 0 0 0 0 0 0 0 0
0000000004000000 0000000000020000 bits26_81 0 0 62 31.99789 -1.08 0 0 0 0 0 0 0 0 0
0000000004000000 0000000000040000 bits26_82 0 0 76 32.00269 1.38 0 0 0 0 0 0 0 0 0
0000000004000000 0000000000080000 bits26_83 0 0 59 31.99865 -0.69 0 0 0 0 0 0 0 0 0
0000000004000000 0000000000100000 bits26_84 0 0 68 31.99917 -0.43 0 0 0 0 0 0 0 0 0
0000000004000000 0000000000200000 bits26_85 0 0 65 31.99954 -0.24 0 0 0 0 0 0 0 0 0
0000000004000000 0000000000400000 bits26_86 0 0 74 32.00075 0.38 0 0 0 0 0 0 0 0 0
0000000004000000 0000000000800000 bits26_87 0 0 55 31.99968 -0.16 0 0 0 0 0 0 0 0 0
0000000004000000 0000000001000000 bits26_88 0 0 65 31.99808 -0.98 0 0 0 0 0 0 0 0 0
0000000004000000 0000000002000000 bits26_89 0 0 56 32.00001 0.00 0 0 0 0 0 0 0 0 0
0000000004000000 0000000004000000 bits26_90 0 0 57 31.99988 -0.06 0 0 0 0 0 0 0 0 0
0000000004000000 0000000008000000 bits26_91 0 0 65 31.99953 -0.24 0 0 0 0 0 0 0 0 0
0000000004000000 0000000010000000 bits26_92 0 0 54 32.00121 0.62 0 0 0 0 0 0 0 0 0
0000000004000000 0000000020000000 bits26_93 0 0 56 31.99845 -0.80 0 0 0 0 0 0 0 0 0
0000000004000000 0000000040000000 bits26_94 0 0 66 32.00450 2.31 0 0 0 0 0 0 0 0 0
0000000004000000 0000000080000000 bits26_95 0 0 55 32.00092 0.47 0 0 0 0 0 0 0 0 0
0000000004000000 0000000100000000 bits26_96 0 0 69 31.99768 -1.19 0 0 0 0 0 0 0 0 0
0000000004000000 0000000200000000 bits26_97 0 0 63 31.99985 -0.08 0 0 0 0 0 0 0 0 0
0000000004000000 0000000400000000 bits26_98 0 0 73 31.99655 -1.77 0 0 0 0 0 0 0 0 0
0000000004000000 0000000800000000 bits26_99 0 0 65 31.99545 -2.33 0 0 0 0 0 0 0 0 0
0000000004000000 0000001000000000 bits26_100 0 0 59 31.99903 -0.50 0 0 0 0 0 0 0 0 0
0000000004000000 0000002000000000 bits26_101 0 0 51 32.00456 2.34 0 0 0 0 0 0 0 0 0
