# variant=24 W=2 log2keys=22 seed=9255 mode=R N=4194304
# d0 d1 name coll low32 low16 meanpop z hist0..8
0000000000000080 0000000040000000 bits7_94 0 0 63 32.00004 0.02 0 0 0 0 0 0 0 0 0
0000000000000080 0000000080000000 bits7_95 0 0 66 32.00163 0.83 0 0 0 0 0 0 0 0 0
0000000000000080 0000000100000000 bits7_96 0 0 56 31.99919 -0.41 0 0 0 0 0 0 0 0 0
0000000000000080 0000000200000000 bits7_97 0 0 65 32.00404 2.07 0 0 0 0 0 0 0 0 0
0000000000000080 0000000400000000 bits7_98 0 0 70 32.00027 0.14 0 0 0 0 0 0 0 0 0
0000000000000080 0000000800000000 bits7_99 0 0 61 32.00153 0.79 0 0 0 0 0 0 0 0 0
0000000000000080 0000001000000000 bits7_100 0 0 65 32.00337 1.72 0 0 0 0 0 0 0 0 0
0000000000000080 0000002000000000 bits7_101 0 0 62 32.00190 0.97 0 0 0 0 0 0 0 0 0
0000000000000080 0000004000000000 bits7_102 0 0 84 32.00070 0.36 0 0 0 0 0 0 0 0 0
0000000000000080 0000008000000000 bits7_103 0 0 61 32.00121 0.62 0 0 0 0 0 0 0 0 0
0000000000000080 0000010000000000 bits7_104 0 0 65 32.00007 0.04 0 0 0 0 0 0 0 0 0
0000000000000080 0000020000000000 bits7_105 0 0 68 32.00044 0.22 0 0 0 0 0 0 0 0 0
0000000000000080 0000040000000000 bits7_106 0 0 70 31.99961 -0.20 0 0 0 0 0 0 0 0 0
0000000000000080 0000080000000000 bits7_107 0 0 60 31.99860 -0.72 0 0 0 0 0 0 0 0 0
0000000000000080 0000100000000000 bits7_108 0 0 58 32.00054 0.28 0 0 0 0 0 0 0 0 0
0000000000000080 0000200000000000 bits7_109 0 0 64 31.99885 -0.59 0 0 0 0 0 0 0 0 0
0000000000000080 0000400000000000 bits7_110 0 0 76 32.00098 0.50 0 0 0 0 0 0 0 0 0
0000000000000080 0000800000000000 bits7_111 0 0 69 31.99608 -2.01 0 0 0 0 0 0 0 0 0
0000000000000080 0001000000000000 bits7_112 0 0 50 32.00162 0.83 0 0 0 0 0 0 0 0 0
0000000000000080 0002000000000000 bits7_113 0 0 77 32.00040 0.20 0 0 0 0 0 0 0 0 0
0000000000000080 0004000000000000 bits7_114 0 0 82 31.99843 -0.80 0 0 0 0 0 0 0 0 0
0000000000000080 0008000000000000 bits7_115 0 0 71 32.00098 0.50 0 0 0 0 0 0 0 0 0
0000000000000080 0010000000000000 bits7_116 0 0 73 31.99763 -1.21 0 0 0 0 0 0 0 0 0
0000000000000080 0020000000000000 bits7_117 0 0 55 32.00214 1.10 0 0 0 0 0 0 0 0 0
0000000000000080 0040000000000000 bits7_118 0 0 56 31.99772 -1.17 0 0 0 0 0 0 0 0 0
0000000000000080 0080000000000000 bits7_119 0 0 69 31.99914 -0.44 0 0 0 0 0 0 0 0 0
0000000000000080 0100000000000000 bits7_120 0 0 58 31.99844 -0.80 0 0 0 0 0 0 0 0 0
0000000000000080 0200000000000000 bits7_121 0 0 56 31.99987 -0.07 0 0 0 0 0 0 0 0 0
0000000000000080 0400000000000000 bits7_122 0 0 67 31.99898 -0.52 0 0 0 0 0 0 0 0 0
0000000000000080 0800000000000000 bits7_123 0 0 66 31.99840 -0.82 0 0 0 0 0 0 0 0 0
0000000000000080 1000000000000000 bits7_124 0 0 57 31.99957 -0.22 0 0 0 0 0 0 0 0 0
0000000000000080 2000000000000000 bits7_125 0 0 64 32.00183 0.94 0 0 0 0 0 0 0 0 0
0000000000000080 4000000000000000 bits7_126 0 0 59 32.00055 0.28 0 0 0 0 0 0 0 0 0
0000000000000080 8000000000000000 bits7_127 0 0 48 31.99319 -3.49 0 0 0 0 0 0 0 0 0
0000000000000300 0000000000000000 bits8_9 0 0 61 32.00102 0.52 0 0 0 0 0 0 0 0 0
0000000000000500 0000000000000000 bits8_10 0 0 68 31.99917 -0.43 0 0 0 0 0 0 0 0 0
0000000000000900 0000000000000000 bits8_11 0 0 72 32.00150 0.77 0 0 0 0 0 0 0 0 0
0000000000001100 0000000000000000 bits8_12 0 0 65 32.00070 0.36 0 0 0 0 0 0 0 0 0
0000000000002100 0000000000000000 bits8_13 0 0 62 32.00173 0.88 0 0 0 0 0 0 0 0 0
0000000000004100 0000000000000000 bits8_14 0 0 62 32.00063 0.32 0 0 0 0 0 0 0 0 0
0000000000008100 0000000000000000 bits8_15 0 0 67 31.99927 -0.37 0 0 0 0 0 0 0 0 0
0000000000010100 0000000000000000 bits8_16 0 0 76 31.99968 -0.16 0 0 0 0 0 0 0 0 0
0000000000020100 0000000000000000 bits8_17 0 0 61 31.99864 -0.70 0 0 0 0 0 0 0 0 0
0000000000040100 0000000000000000 bits8_18 0 0 50 32.00331 1.70 0 0 0 0 0 0 0 0 0
0000000000080100 0000000000000000 bits8_19 0 0 54 31.99897 -0.53 0 0 0 0 0 0 0 0 0
0000000000100100 0000000000000000 bits8_20 0 0 59 31.99839 -0.82 0 0 0 0 0 0 0 0 0
0000000000200100 0000000000000000 bits8_21 0 0 51 32.00112 0.57 0 0 0 0 0 0 0 0 0
0000000000400100 0000000000000000 bits8_22 0 0 61 32.00026 0.13 0 0 0 0 0 0 0 0 0
0000000000800100 0000000000000000 bits8_23 0 0 83 32.00078 0.40 0 0 0 0 0 0 0 0 0
0000000001000100 0000000000000000 bits8_24 0 0 67 31.99893 -0.55 0 0 0 0 0 0 0 0 0
0000000002000100 0000000000000000 bits8_25 0 0 64 32.00124 0.63 0 0 0 0 0 0 0 0 0
0000000004000100 0000000000000000 bits8_26 0 0 62 32.00033 0.17 0 0 0 0 0 0 0 0 0
0000000008000100 0000000000000000 bits8_27 0 0 57 32.00020 0.10 0 0 0 0 0 0 0 0 0
0000000010000100 0000000000000000 bits8_28 0 0 75 31.99898 -0.52 0 0 0 0 0 0 0 0 0
0000000020000100 0000000000000000 bits8_29 0 0 61 31.99789 -1.08 0 0 0 0 0 0 0 0 0
0000000040000100 0000000000000000 bits8_30 0 0 75 32.00158 0.81 0 0 0 0 0 0 0 0 0
0000000080000100 0000000000000000 bits8_31 0 0 72 31.99815 -0.95 0 0 0 0 0 0 0 0 0
0000000100000100 0000000000000000 bits8_32 0 0 58 32.00376 1.93 0 0 0 0 0 0 0 0 0
0000000200000100 0000000000000000 bits8_33 0 0 74 31.99991 -0.05 0 0 0 0 0 0 0 0 0
0000000400000100 0000000000000000 bits8_34 0 0 71 32.00037 0.19 0 0 0 0 0 0 0 0 0
0000000800000100 0000000000000000 bits8_35 0 0 74 32.00082 0.42 0 0 0 0 0 0 0 0 0
0000001000000100 0000000000000000 bits8_36 0 0 63 32.00147 0.75 0 0 0 0 0 0 0 0 0
0000002000000100 0000000000000000 bits8_37 0 0 58 32.00118 0.60 0 0 0 0 0 0 0 0 0
0000004000000100 0000000000000000 bits8_38 0 0 67 32.00068 0.35 0 0 0 0 0 0 0 0 0
0000008000000100 0000000000000000 bits8_39 0 0 67 32.00059 0.30 0 0 0 0 0 0 0 0 0
0000010000000100 0000000000000000 bits8_40 0 0 61 32.00000 0.00 0 0 0 0 0 0 0 0 0
0000020000000100 0000000000000000 bits8_41 0 0 59 31.99891 -0.56 0 0 0 0 0 0 0 0 0
0000040000000100 0000000000000000 bits8_42 0 0 69 31.99733 -1.37 0 0 0 0 0 0 0 0 0
0000080000000100 0000000000000000 bits8_43 0 0 59 32.00115 0.59 0 0 0 0 0 0 0 0 0
0000100000000100 0000000000000000 bits8_44 0 0 46 32.00120 0.61 0 0 0 0 0 0 0 0 0
0000200000000100 0000000000000000 bits8_45 0 0 54 32.00067 0.34 0 0 0 0 0 0 0 0 0
0000400000000100 0000000000000000 bits8_46 0 0 54 32.00064 0.33 0 0 0 0 0 0 0 0 0
0000800000000100 0000000000000000 bits8_47 0 0 66 32.00165 0.85 0 0 0 0 0 0 0 0 0
0001000000000100 0000000000000000 bits8_48 0 0 79 31.99939 -0.31 0 0 0 0 0 0 0 0 0
0002000000000100 0000000000000000 bits8_49 0 0 64 32.00024 0.12 0 0 0 0 0 0 0 0 0
0004000000000100 0000000000000000 bits8_50 0 0 59 32.00194 0.99 0 0 0 0 0 0 0 0 0
0008000000000100 0000000000000000 bits8_51 0 0 62 31.99958 -0.21 0 0 0 0 0 0 0 0 0
0010000000000100 0000000000000000 bits8_52 0 0 85 31.99896 -0.53 0 0 0 0 0 0 0 0 0
0020000000000100 0000000000000000 bits8_53 0 0 75 31.99827 -0.89 0 0 0 0 0 0 0 0 0
0040000000000100 0000000000000000 bits8_54 0 0 58 32.00042 0.21 0 0 0 0 0 0 0 0 0
0080000000000100 0000000000000000 bits8_55 0 0 64 31.99871 -0.66 0 0 0 0 0 0 0 0 0
0100000000000100 0000000000000000 bits8_56 0 0 75 32.00197 1.01 0 0 0 0 0 0 0 0 0
0200000000000100 0000000000000000 bits8_57 0 0 73 32.00189 0.97 0 0 0 0 0 0 0 0 0
0400000000000100 0000000000000000 bits8_58 0 0 73 32.00078 0.40 0 0 0 0 0 0 0 0 0
0800000000000100 0000000000000000 bits8_59 0 0 63 32.00162 0.83 0 0 0 0 0 0 0 0 0
1000000000000100 0000000000000000 bits8_60 0 0 54 32.00248 1.27 0 0 0 0 0 0 0 0 0
2000000000000100 0000000000000000 bits8_61 0 0 54 31.99823 -0.91 0 0 0 0 0 0 0 0 0
4000000000000100 0000000000000000 bits8_62 0 0 59 31.99864 -0.70 0 0 0 0 0 0 0 0 0
8000000000000100 0000000000000000 bits8_63 0 0 62 31.99893 -0.55 0 0 0 0 0 0 0 0 0
0000000000000100 0000000000000001 bits8_64 0 0 47 31.99999 -0.01 0 0 0 0 0 0 0 0 0
0000000000000100 0000000000000002 bits8_65 0 0 64 31.99653 -1.77 0 0 0 0 0 0 0 0 0
0000000000000100 0000000000000004 bits8_66 0 0 77 31.99936 -0.33 0 0 0 0 0 0 0 0 0
0000000000000100 0000000000000008 bits8_67 0 0 56 32.00199 1.02 0 0 0 0 0 0 0 0 0
0000000000000100 0000000000000010 bits8_68 0 0 69 31.99939 -0.31 0 0 0 0 0 0 0 0 0
0000000000000100 0000000000000020 bits8_69 0 0 61 32.00017 0.09 0 0 0 0 0 0 0 0 0
0000000000000100 0000000000000040 bits8_70 0 0 68 32.00411 2.10 0 0 0 0 0 0 0 0 0
0000000000000100 0000000000000080 bits8_71 0 0 49 32.00057 0.29 0 0 0 0 0 0 0 0 0
0000000000000100 0000000000000100 bits8_72 0 0 71 31.99911 -0.46 0 0 0 0 0 0 0 0 0
0000000000000100 0000000000000200 bits8_73 0 0 62 31.99474 -2.69 0 0 0 0 0 0 0 0 0
0000000000000100 0000000000000400 bits8_74 0 0 71 31.99929 -0.36 0 0 0 0 0 0 0 0 0
0000000000000100 0000000000000800 bits8_75 0 0 57 32.00037 0.19 0 0 0 0 0 0 0 0 0
0000000000000100 0000000000001000 bits8_76 0 0 72 31.99946 -0.28 0 0 0 0 0 0 0 0 0
0000000000000100 0000000000002000 bits8_77 0 0 74 31.99930 -0.36 0 0 0 0 0 0 0 0 0
0000000000000100 0000000000004000 bits8_78 0 0 71 31.99723 -1.42 0 0 0 0 0 0 0 0 0
0000000000000100 0000000000008000 bits8_79 0 0 63 32.00021 0.11 0 0 0 0 0 0 0 0 0
0000000000000100 0000000000010000 bits8_80 0 0 61 31.99825 -0.90 0 0 0 0 0 0 0 0 0
0000000000000100 0000000000020000 bits8_81 0 0 67 32.00098 0.50 0 0 0 0 0 0 0 0 0
0000000000000100 0000000000040000 bits8_82 0 0 57 32.00389 1.99 0 0 0 0 0 0 0 0 0
0000000000000100 0000000000080000 bits8_83 0 0 56 31.99991 -0.05 0 0 0 0 0 0 0 0 0
0000000000000100 0000000000100000 bits8_84 0 0 75 32.00046 0.24 0 0 0 0 0 0 0 0 0
0000000000000100 0000000000200000 bits8_85 0 0 64 31.99945 -0.28 0 0 0 0 0 0 0 0 0
0000000000000100 0000000000400000 bits8_86 0 0 64 31.99854 -0.75 0 0 0 0 0 0 0 0 0
0000000000000100 0000000000800000 bits8_87 0 0 66 31.99626 -1.92 0 0 0 0 0 0 0 0 0
0000000000000100 0000000001000000 bits8_88 0 0 69 31.99933 -0.34 0 0 0 0 0 0 0 0 0
0000000000000100 0000000002000000 bits8_89 0 0 63 32.00006 0.03 0 0 0 0 0 0 0 0 0
0000000000000100 0000000004000000 bits8_90 0 0 71 31.99717 -1.45 0 0 0 0 0 0 0 0 0
0000000000000100 0000000008000000 bits8_91 0 0 53 31.99918 -0.42 0 0 0 0 0 0 0 0 0
0000000000000100 0000000010000000 bits8_92 0 0 77 32.00028 0.14 0 0 0 0 0 0 0 0 0
0000000000000100 0000000020000000 bits8_93 0 0 70 32.00216 1.11 0 0 0 0 0 0 0 0 0
0000000000000100 0000000040000000 bits8_94 0 0 71 32.00230 1.18 0 0 0 0 0 0 0 0 0
0000000000000100 0000000080000000 bits8_95 0 0 67 32.00212 1.08 0 0 0 0 0 0 0 0 0
0000000000000100 0000000100000000 bits8_96 0 0 67 32.00266 1.36 0 0 0 0 0 0 0 0 0
0000000000000100 0000000200000000 bits8_97 0 0 63 32.00069 0.35 0 0 0 0 0 0 0 0 0
0000000000000100 0000000400000000 bits8_98 0 0 65 31.99998 -0.01 0 0 0 0 0 0 0 0 0
0000000000000100 0000000800000000 bits8_99 0 0 80 32.00163 0.83 0 0 0 0 0 0 0 0 0
0000000000000100 0000001000000000 bits8_100 0 0 64 32.00305 1.56 0 0 0 0 0 0 0 0 0
0000000000000100 0000002000000000 bits8_101 0 0 66 32.00124 0.63 0 0 0 0 0 0 0 0 0
0000000000000100 0000004000000000 bits8_102 0 0 68 31.99980 -0.10 0 0 0 0 0 0 0 0 0
0000000000000100 0000008000000000 bits8_103 0 0 67 32.00195 1.00 0 0 0 0 0 0 0 0 0
0000000000000100 0000010000000000 bits8_104 0 0 69 32.00121 0.62 0 0 0 0 0 0 0 0 0
0000000000000100 0000020000000000 bits8_105 0 0 64 32.00118 0.60 0 0 0 0 0 0 0 0 0
0000000000000100 0000040000000000 bits8_106 0 0 69 32.00362 1.85 0 0 0 0 0 0 0 0 0
0000000000000100 0000080000000000 bits8_107 0 0 61 31.99782 -1.11 0 0 0 0 0 0 0 0 0
0000000000000100 0000100000000000 bits8_108 0 0 52 31.99777 -1.14 0 0 0 0 0 0 0 0 0
0000000000000100 0000200000000000 bits8_109 0 0 64 32.00166 0.85 0 0 0 0 0 0 0 0 0
0000000000000100 0000400000000000 bits8_110 0 0 60 31.99774 -1.16 0 0 0 0 0 0 0 0 0
0000000000000100 0000800000000000 bits8_111 0 0 66 32.00174 0.89 0 0 0 0 0 0 0 0 0
0000000000000100 0001000000000000 bits8_112 0 0 56 31.99856 -0.73 0 0 0 0 0 0 0 0 0
0000000000000100 0002000000000000 bits8_113 0 0 66 32.00091 0.47 0 0 0 0 0 0 0 0 0
0000000000000100 0004000000000000 bits8_114 0 0 59 32.00148 0.76 0 0 0 0 0 0 0 0 0
0000000000000100 0008000000000000 bits8_115 0 0 57 32.00126 0.65 0 0 0 0 0 0 0 0 0
0000000000000100 0010000000000000 bits8_116 0 0 70 31.99905 -0.49 0 0 0 0 0 0 0 0 0
0000000000000100 0020000000000000 bits8_117 0 0 59 32.00155 0.79 0 0 0 0 0 0 0 0 0
0000000000000100 0040000000000000 bits8_118 0 0 67 32.00039 0.20 0 0 0 0 0 0 0 0 0
0000000000000100 0080000000000000 bits8_119 0 0 74 31.99771 -1.17 0 0 0 0 0 0 0 0 0
0000000000000100 0100000000000000 bits8_120 0 0 74 32.00146 0.75 0 0 0 0 0 0 0 0 0
0000000000000100 0200000000000000 bits8_121 0 0 59 31.99951 -0.25 0 0 0 0 0 0 0 0 0
0000000000000100 0400000000000000 bits8_122 0 0 66 31.99906 -0.48 0 0 0 0 0 0 0 0 0
0000000000000100 0800000000000000 bits8_123 0 0 61 31.99721 -1.43 0 0 0 0 0 0 0 0 0
0000000000000100 1000000000000000 bits8_124 0 0 75 32.00302 1.55 0 0 0 0 0 0 0 0 0
0000000000000100 2000000000000000 bits8_125 0 0 65 31.99883 -0.60 0 0 0 0 0 0 0 0 0
0000000000000100 4000000000000000 bits8_126 0 0 65 31.99712 -1.47 0 0 0 0 0 0 0 0 0
0000000000000100 8000000000000000 bits8_127 0 0 46 32.00299 1.53 0 0 0 0 0 0 0 0 0
0000000000000600 0000000000000000 bits9_10 0 0 56 32.00174 0.89 0 0 0 0 0 0 0 0 0
0000000000000a00 0000000000000000 bits9_11 0 0 66 31.99850 -0.77 0 0 0 0 0 0 0 0 0
0000000000001200 0000000000000000 bits9_12 0 0 66 32.00052 0.26 0 0 0 0 0 0 0 0 0
0000000000002200 0000000000000000 bits9_13 0 0 52 31.99978 -0.11 0 0 0 0 0 0 0 0 0
0000000000004200 0000000000000000 bits9_14 0 0 68 32.00228 1.17 0 0 0 0 0 0 0 0 0
0000000000008200 0000000000000000 bits9_15 0 0 79 32.00052 0.26 0 0 0 0 0 0 0 0 0
0000000000010200 0000000000000000 bits9_16 0 0 59 32.00023 0.12 0 0 0 0 0 0 0 0 0
0000000000020200 0000000000000000 bits9_17 0 0 68 31.99949 -0.26 0 0 0 0 0 0 0 0 0
0000000000040200 0000000000000000 bits9_18 0 0 80 31.99769 -1.18 0 0 0 0 0 0 0 0 0
0000000000080200 0000000000000000 bits9_19 0 0 68 32.00113 0.58 0 0 0 0 0 0 0 0 0
0000000000100200 0000000000000000 bits9_20 0 0 55 31.99917 -0.42 0 0 0 0 0 0 0 0 0
0000000000200200 0000000000000000 bits9_21 0 0 58 31.99889 -0.57 0 0 0 0 0 0 0 0 0
0000000000400200 0000000000000000 bits9_22 0 0 65 32.00070 0.36 0 0 0 0 0 0 0 0 0
0000000000800200 0000000000000000 bits9_23 0 0 62 32.00049 0.25 0 0 0 0 0 0 0 0 0
0000000001000200 0000000000000000 bits9_24 0 0 64 32.00049 0.25 0 0 0 0 0 0 0 0 0
0000000002000200 0000000000000000 bits9_25 0 0 68 32.00164 0.84 0 0 0 0 0 0 0 0 0
0000000004000200 0000000000000000 bits9_26 0 0 53 32.00062 0.32 0 0 0 0 0 0 0 0 0
0000000008000200 0000000000000000 bits9_27 0 0 70 32.00085 0.44 0 0 0 0 0 0 0 0 0
0000000010000200 0000000000000000 bits9_28 0 0 66 31.99946 -0.27 0 0 0 0 0 0 0 0 0
0000000020000200 0000000000000000 bits9_29 0 0 70 31.99901 -0.51 0 0 0 0 0 0 0 0 0
0000000040000200 0000000000000000 bits9_30 0 0 59 32.00146 0.75 0 0 0 0 0 0 0 0 0
0000000080000200 0000000000000000 bits9_31 0 0 60 32.00319 1.64 0 0 0 0 0 0 0 0 0
0000000100000200 0000000000000000 bits9_32 0 0 64 31.99976 -0.12 0 0 0 0 0 0 0 0 0
0000000200000200 0000000000000000 bits9_33 0 0 66 31.99891 -0.56 0 0 0 0 0 0 0 0 0
0000000400000200 0000000000000000 bits9_34 0 0 69 32.00377 1.93 0 0 0 0 0 0 0 0 0
0000000800000200 0000000000000000 bits9_35 0 0 66 32.00099 0.51 0 0 0 0 0 0 0 0 0
0000001000000200 0000000000000000 bits9_36 0 0 72 31.99739 -1.34 0 0 0 0 0 0 0 0 0
0000002000000200 0000000000000000 bits9_37 0 0 63 32.00164 0.84 0 0 0 0 0 0 0 0 0
0000004000000200 0000000000000000 bits9_38 0 0 52 31.99781 -1.12 0 0 0 0 0 0 0 0 0
0000008000000200 0000000000000000 bits9_39 0 0 70 31.99664 -1.72 0 0 0 0 0 0 0 0 0
0000010000000200 0000000000000000 bits9_40 0 0 73 32.00003 0.02 0 0 0 0 0 0 0 0 0
0000020000000200 0000000000000000 bits9_41 0 0 61 31.99869 -0.67 0 0 0 0 0 0 0 0 0
0000040000000200 0000000000000000 bits9_42 0 0 50 31.99954 -0.24 0 0 0 0 0 0 0 0 0
0000080000000200 0000000000000000 bits9_43 0 0 61 31.99886 -0.58 0 0 0 0 0 0 0 0 0
0000100000000200 0000000000000000 bits9_44 0 0 71 32.00298 1.53 0 0 0 0 0 0 0 0 0
0000200000000200 0000000000000000 bits9_45 0 0 59 31.99980 -0.10 0 0 0 0 0 0 0 0 0
0000400000000200 0000000000000000 bits9_46 0 0 73 32.00105 0.54 0 0 0 0 0 0 0 0 0
0000800000000200 0000000000000000 bits9_47 0 0 64 31.99970 -0.16 0 0 0 0 0 0 0 0 0
0001000000000200 0000000000000000 bits9_48 0 0 58 32.00166 0.85 0 0 0 0 0 0 0 0 0
0002000000000200 0000000000000000 bits9_49 0 0 53 32.00046 0.23 0 0 0 0 0 0 0 0 0
0004000000000200 0000000000000000 bits9_50 0 0 57 31.99734 -1.36 0 0 0 0 0 0 0 0 0
0008000000000200 0000000000000000 bits9_51 0 0 78 31.99853 -0.75 0 0 0 0 0 0 0 0 0
0010000000000200 0000000000000000 bits9_52 0 0 69 32.00126 0.64 0 0 0 0 0 0 0 0 0
0020000000000200 0000000000000000 bits9_53 0 0 64 32.00313 1.60 0 0 0 0 0 0 0 0 0
0040000000000200 0000000000000000 bits9_54 0 0 58 32.00051 0.26 0 0 0 0 0 0 0 0 0
0080000000000200 0000000000000000 bits9_55 0 0 62 31.99766 -1.20 0 0 0 0 0 0 0 0 0
0100000000000200 0000000000000000 bits9_56 0 0 49 32.00111 0.57 0 0 0 0 0 0 0 0 0
0200000000000200 0000000000000000 bits9_57 0 0 60 32.00203 1.04 0 0 0 0 0 0 0 0 0
0400000000000200 0000000000000000 bits9_58 0 0 71 31.99770 -1.18 0 0 0 0 0 0 0 0 0
0800000000000200 0000000000000000 bits9_59 0 0 59 31.99844 -0.80 0 0 0 0 0 0 0 0 0
1000000000000200 0000000000000000 bits9_60 0 0 57 32.00274 1.40 0 0 0 0 0 0 0 0 0
2000000000000200 0000000000000000 bits9_61 0 0 60 32.00199 1.02 0 0 0 0 0 0 0 0 0
4000000000000200 0000000000000000 bits9_62 0 0 82 32.00049 0.25 0 0 0 0 0 0 0 0 0
8000000000000200 0000000000000000 bits9_63 0 0 78 31.99998 -0.01 0 0 0 0 0 0 0 0 0
0000000000000200 0000000000000001 bits9_64 0 0 68 32.00256 1.31 0 0 0 0 0 0 0 0 0
0000000000000200 0000000000000002 bits9_65 0 0 63 32.00031 0.16 0 0 0 0 0 0 0 0 0
0000000000000200 0000000000000004 bits9_66 0 0 57 32.00099 0.51 0 0 0 0 0 0 0 0 0
0000000000000200 0000000000000008 bits9_67 0 0 66 31.99405 -3.04 0 0 0 0 0 0 0 0 0
0000000000000200 0000000000000010 bits9_68 0 0 74 31.99963 -0.19 0 0 0 0 0 0 0 0 0
0000000000000200 0000000000000020 bits9_69 0 0 73 31.99903 -0.50 0 0 0 0 0 0 0 0 0
0000000000000200 0000000000000040 bits9_70 0 0 47 32.00089 0.46 0 0 0 0 0 0 0 0 0
0000000000000200 0000000000000080 bits9_71 0 0 71 31.99774 -1.16 0 0 0 0 0 0 0 0 0
0000000000000200 0000000000000100 bits9_72 0 0 63 31.99800 -1.02 0 0 0 0 0 0 0 0 0
0000000000000200 0000000000000200 bits9_73 0 0 83 32.00182 0.93 0 0 0 0 0 0 0 0 0
0000000000000200 0000000000000400 bits9_74 0 0 65 31.99882 -0.60 0 0 0 0 0 0 0 0 0
0000000000000200 0000000000000800 bits9_75 0 0 65 32.00148 0.76 0 0 0 0 0 0 0 0 0
0000000000000200 0000000000001000 bits9_76 0 0 66 31.99960 -0.21 0 0 0 0 0 0 0 0 0
0000000000000200 0000000000002000 bits9_77 0 0 65 31.99706 -1.50 0 0 0 0 0 0 0 0 0
0000000000000200 0000000000004000 bits9_78 0 0 77 31.99872 -0.66 0 0 0 0 0 0 0 0 0
0000000000000200 0000000000008000 bits9_79 0 0 56 32.00129 0.66 0 0 0 0 0 0 0 0 0
0000000000000200 0000000000010000 bits9_80 0 0 37 32.00107 0.55 0 0 0 0 0 0 0 0 0
0000000000000200 0000000000020000 bits9_81 0 0 59 32.00279 1.43 0 0 0 0 0 0 0 0 0
0000000000000200 0000000000040000 bits9_82 0 0 64 32.00098 0.50 0 0 0 0 0 0 0 0 0
0000000000000200 0000000000080000 bits9_83 0 0 70 31.99960 -0.21 0 0 0 0 0 0 0 0 0
0000000000000200 0000000000100000 bits9_84 0 0 58 32.00206 1.06 0 0 0 0 0 0 0 0 0
0000000000000200 0000000000200000 bits9_85 0 0 74 31.99580 -2.15 0 0 0 0 0 0 0 0 0
0000000000000200 0000000000400000 bits9_86 0 0 58 31.99950 -0.26 0 0 0 0 0 0 0 0 0
0000000000000200 0000000000800000 bits9_87 0 0 46 31.99952 -0.25 0 0 0 0 0 0 0 0 0
0000000000000200 0000000001000000 bits9_88 0 0 66 31.99812 -0.96 0 0 0 0 0 0 0 0 0
0000000000000200 0000000002000000 bits9_89 0 0 67 31.99706 -1.50 0 0 0 0 0 0 0 0 0
0000000000000200 0000000004000000 bits9_90 0 0 59 31.99990 -0.05 0 0 0 0 0 0 0 0 0
0000000000000200 0000000008000000 bits9_91 0 0 64 31.99640 -1.84 0 0 0 0 0 0 0 0 0
0000000000000200 0000000010000000 bits9_92 0 0 65 31.99966 -0.18 0 0 0 0 0 0 0 0 0
0000000000000200 0000000020000000 bits9_93 0 0 67 31.99966 -0.17 0 0 0 0 0 0 0 0 0
0000000000000200 0000000040000000 bits9_94 0 0 66 31.99921 -0.40 0 0 0 0 0 0 0 0 0
0000000000000200 0000000080000000 bits9_95 0 0 56 32.00270 1.38 0 0 0 0 0 0 0 0 0
0000000000000200 0000000100000000 bits9_96 0 0 75 32.00156 0.80 0 0 0 0 0 0 0 0 0
0000000000000200 0000000200000000 bits9_97 0 0 64 31.99979 -0.11 0 0 0 0 0 0 0 0 0
0000000000000200 0000000400000000 bits9_98 0 0 65 32.00197 1.01 0 0 0 0 0 0 0 0 0
0000000000000200 0000000800000000 bits9_99 0 0 65 31.99830 -0.87 0 0 0 0 0 0 0 0 0
0000000000000200 0000001000000000 bits9_100 0 0 63 31.99816 -0.94 0 0 0 0 0 0 0 0 0
0000000000000200 0000002000000000 bits9_101 0 0 64 31.99957 -0.22 0 0 0 0 0 0 0 0 0
0000000000000200 0000004000000000 bits9_102 0 0 60 31.99983 -0.09 0 0 0 0 0 0 0 0 0
0000000000000200 0000008000000000 bits9_103 0 0 74 32.00011 0.06 0 0 0 0 0 0 0 0 0
0000000000000200 0000010000000000 bits9_104 0 0 69 32.00249 1.27 0 0 0 0 0 0 0 0 0
0000000000000200 0000020000000000 bits9_105 0 0 64 32.00534 2.73 0 0 0 0 0 0 0 0 0
0000000000000200 0000040000000000 bits9_106 0 0 54 32.00229 1.17 0 0 0 0 0 0 0 0 0
0000000000000200 0000080000000000 bits9_107 0 0 57 32.00113 0.58 0 0 0 0 0 0 0 0 0
0000000000000200 0000100000000000 bits9_108 0 0 64 32.00007 0.04 0 0 0 0 0 0 0 0 0
0000000000000200 0000200000000000 bits9_109 0 0 64 31.99919 -0.41 0 0 0 0 0 0 0 0 0
0000000000000200 0000400000000000 bits9_110 0 0 65 31.99540 -2.35 0 0 0 0 0 0 0 0 0
0000000000000200 0000800000000000 bits9_111 0 0 59 32.00018 0.09 0 0 0 0 0 0 0 0 0
0000000000000200 0001000000000000 bits9_112 0 0 64 31.99639 -1.85 0 0 0 0 0 0 0 0 0
0000000000000200 0002000000000000 bits9_113 0 0 67 32.00004 0.02 0 0 0 0 0 0 0 0 0
0000000000000200 0004000000000000 bits9_114 0 0 66 31.99861 -0.71 0 0 0 0 0 0 0 0 0
0000000000000200 0008000000000000 bits9_115 0 0 77 32.00045 0.23 0 0 0 0 0 0 0 0 0
0000000000000200 0010000000000000 bits9_116 0 0 69 31.99760 -1.23 0 0 0 0 0 0 0 0 0
0000000000000200 0020000000000000 bits9_117 0 0 59 31.99798 -1.04 0 0 0 0 0 0 0 0 0
0000000000000200 0040000000000000 bits9_118 0 0 68 31.99859 -0.72 0 0 0 0 0 0 0 0 0
0000000000000200 0080000000000000 bits9_119 0 0 58 31.99897 -0.53 0 0 0 0 0 0 0 0 0
0000000000000200 0100000000000000 bits9_120 0 0 58 31.99929 -0.36 0 0 0 0 0 0 0 0 0
0000000000000200 0200000000000000 bits9_121 0 0 68 32.00248 1.27 0 0 0 0 0 0 0 0 0
0000000000000200 0400000000000000 bits9_122 0 0 68 31.99994 -0.03 0 0 0 0 0 0 0 0 0
0000000000000200 0800000000000000 bits9_123 0 0 50 32.00147 0.75 0 0 0 0 0 0 0 0 0
0000000000000200 1000000000000000 bits9_124 0 0 74 31.99839 -0.82 0 0 0 0 0 0 0 0 0
0000000000000200 2000000000000000 bits9_125 0 0 59 31.99963 -0.19 0 0 0 0 0 0 0 0 0
0000000000000200 4000000000000000 bits9_126 0 0 73 32.00379 1.94 0 0 0 0 0 0 0 0 0
0000000000000200 8000000000000000 bits9_127 0 0 75 32.00067 0.34 0 0 0 0 0 0 0 0 0
0000000000000c00 0000000000000000 bits10_11 0 0 70 31.99931 -0.35 0 0 0 0 0 0 0 0 0
0000000000001400 0000000000000000 bits10_12 0 0 52 32.00134 0.69 0 0 0 0 0 0 0 0 0
0000000000002400 0000000000000000 bits10_13 0 0 62 32.00089 0.46 0 0 0 0 0 0 0 0 0
0000000000004400 0000000000000000 bits10_14 0 0 57 32.00424 2.17 0 0 0 0 0 0 0 0 0
0000000000008400 0000000000000000 bits10_15 0 0 52 32.00118 0.60 0 0 0 0 0 0 0 0 0
0000000000010400 0000000000000000 bits10_16 0 0 65 32.00141 0.72 0 0 0 0 0 0 0 0 0
0000000000020400 0000000000000000 bits10_17 0 0 71 32.00099 0.51 0 0 0 0 0 0 0 0 0
0000000000040400 0000000000000000 bits10_18 0 0 60 31.99709 -1.49 0 0 0 0 0 0 0 0 0
0000000000080400 0000000000000000 bits10_19 0 0 72 31.99835 -0.85 0 0 0 0 0 0 0 0 0
0000000000100400 0000000000000000 bits10_20 0 0 71 31.99681 -1.63 0 0 0 0 0 0 0 0 0
0000000000200400 0000000000000000 bits10_21 0 0 64 32.00189 0.97 0 0 0 0 0 0 0 0 0
0000000000400400 0000000000000000 bits10_22 0 0 60 31.99875 -0.64 0 0 0 0 0 0 0 0 0
0000000000800400 0000000000000000 bits10_23 0 0 59 32.00222 1.14 0 0 0 0 0 0 0 0 0
0000000001000400 0000000000000000 bits10_24 0 0 66 31.99978 -0.11 0 0 0 0 0 0 0 0 0
0000000002000400 0000000000000000 bits10_25 0 0 63 31.99888 -0.57 0 0 0 0 0 0 0 0 0
0000000004000400 0000000000000000 bits10_26 0 0 61 32.00043 0.22 0 0 0 0 0 0 0 0 0
0000000008000400 0000000000000000 bits10_27 0 0 66 32.00079 0.41 0 0 0 0 0 0 0 0 0
0000000010000400 0000000000000000 bits10_28 0 0 62 32.00206 1.06 0 0 0 0 0 0 0 0 0
0000000020000400 0000000000000000 bits10_29 0 0 66 31.99636 -1.86 0 0 0 0 0 0 0 0 0
0000000040000400 0000000000000000 bits10_30 0 0 64 32.00422 2.16 0 0 0 0 0 0 0 0 0
0000000080000400 0000000000000000 bits10_31 0 0 72 31.99863 -0.70 0 0 0 0 0 0 0 0 0
0000000100000400 0000000000000000 bits10_32 0 0 61 31.99915 -0.43 0 0 0 0 0 0 0 0 0
0000000200000400 0000000000000000 bits10_33 0 0 73 31.99644 -1.82 0 0 0 0 0 0 0 0 0
0000000400000400 0000000000000000 bits10_34 0 0 57 31.99989 -0.05 0 0 0 0 0 0 0 0 0
0000000800000400 0000000000000000 bits10_35 0 0 70 32.00049 0.25 0 0 0 0 0 0 0 0 0
0000001000000400 0000000000000000 bits10_36 0 0 66 32.00092 0.47 0 0 0 0 0 0 0 0 0
0000002000000400 0000000000000000 bits10_37 0 0 68 31.99927 -0.37 0 0 0 0 0 0 0 0 0
0000004000000400 0000000000000000 bits10_38 0 0 71 31.99948 -0.27 0 0 0 0 0 0 0 0 0
0000008000000400 0000000000000000 bits10_39 0 0 66 32.00159 0.82 0 0 0 0 0 0 0 0 0
0000010000000400 0000000000000000 bits10_40 0 0 62 32.00362 1.86 0 0 0 0 0 0 0 0 0
0000020000000400 0000000000000000 bits10_41 0 0 56 31.99576 -2.17 0 0 0 0 0 0 0 0 0
0000040000000400 0000000000000000 bits10_42 0 0 67 31.99706 -1.50 0 0 0 0 0 0 0 0 0
0000080000000400 0000000000000000 bits10_43 0 0 65 31.99879 -0.62 0 0 0 0 0 0 0 0 0
0000100000000400 0000000000000000 bits10_44 0 0 63 32.00245 1.26 0 0 0 0 0 0 0 0 0
0000200000000400 0000000000000000 bits10_45 0 0 61 31.99958 -0.21 0 0 0 0 0 0 0 0 0
0000400000000400 0000000000000000 bits10_46 0 0 75 31.99811 -0.97 0 0 0 0 0 0 0 0 0
0000800000000400 0000000000000000 bits10_47 0 0 73 31.99873 -0.65 0 0 0 0 0 0 0 0 0
0001000000000400 0000000000000000 bits10_48 0 0 72 32.00042 0.22 0 0 0 0 0 0 0 0 0
0002000000000400 0000000000000000 bits10_49 0 0 78 32.00103 0.53 0 0 0 0 0 0 0 0 0
0004000000000400 0000000000000000 bits10_50 0 0 68 32.00069 0.35 0 0 0 0 0 0 0 0 0
0008000000000400 0000000000000000 bits10_51 0 0 61 31.99840 -0.82 0 0 0 0 0 0 0 0 0
0010000000000400 0000000000000000 bits10_52 0 0 78 32.00089 0.45 0 0 0 0 0 0 0 0 0
0020000000000400 0000000000000000 bits10_53 0 0 61 31.99943 -0.29 0 0 0 0 0 0 0 0 0
0040000000000400 0000000000000000 bits10_54 0 0 62 32.00400 2.05 0 0 0 0 0 0 0 0 0
0080000000000400 0000000000000000 bits10_55 0 0 60 31.99849 -0.77 0 0 0 0 0 0 0 0 0
0100000000000400 0000000000000000 bits10_56 0 0 63 32.00318 1.63 0 0 0 0 0 0 0 0 0
0200000000000400 0000000000000000 bits10_57 0 0 70 32.00158 0.81 0 0 0 0 0 0 0 0 0
0400000000000400 0000000000000000 bits10_58 0 0 68 32.00002 0.01 0 0 0 0 0 0 0 0 0
0800000000000400 0000000000000000 bits10_59 0 0 62 31.99553 -2.29 0 0 0 0 0 0 0 0 0
1000000000000400 0000000000000000 bits10_60 0 0 57 31.99899 -0.52 0 0 0 0 0 0 0 0 0
2000000000000400 0000000000000000 bits10_61 0 0 64 31.99384 -3.16 0 0 0 0 0 0 0 0 0
4000000000000400 0000000000000000 bits10_62 0 0 90 31.99849 -0.78 0 0 0 0 0 0 0 0 0
8000000000000400 0000000000000000 bits10_63 0 0 56 31.99645 -1.82 0 0 0 0 0 0 0 0 0
0000000000000400 0000000000000001 bits10_64 0 0 61 31.99881 -0.61 0 0 0 0 0 0 0 0 0
0000000000000400 0000000000000002 bits10_65 0 0 65 31.99762 -1.22 0 0 0 0 0 0 0 0 0
0000000000000400 0000000000000004 bits10_66 0 0 60 32.00165 0.84 0 0 0 0 0 0 0 0 0
0000000000000400 0000000000000008 bits10_67 0 0 65 31.99878 -0.62 0 0 0 0 0 0 0 0 0
0000000000000400 0000000000000010 bits10_68 0 0 47 31.99886 -0.59 0 0 0 0 0 0 0 0 0
0000000000000400 0000000000000020 bits10_69 0 0 74 31.99746 -1.30 0 0 0 0 0 0 0 0 0
0000000000000400 0000000000000040 bits10_70 0 0 63 32.00072 0.37 0 0 0 0 0 0 0 0 0
0000000000000400 0000000000000080 bits10_71 0 0 69 31.99824 -0.90 0 0 0 0 0 0 0 0 0
0000000000000400 0000000000000100 bits10_72 0 0 67 32.00057 0.29 0 0 0 0 0 0 0 0 0
0000000000000400 0000000000000200 bits10_73 0 0 85 31.99694 -1.57 0 0 0 0 0 0 0 0 0
0000000000000400 0000000000000400 bits10_74 0 0 56 32.00035 0.18 0 0 0 0 0 0 0 0 0
0000000000000400 0000000000000800 bits10_75 0 0 72 32.00067 0.34 0 0 0 0 0 0 0 0 0
0000000000000400 0000000000001000 bits10_76 0 0 67 32.00125 0.64 0 0 0 0 0 0 0 0 0
0000000000000400 0000000000002000 bits10_77 0 0 67 32.00081 0.42 0 0 0 0 0 0 0 0 0
0000000000000400 0000000000004000 bits10_78 0 0 70 32.00062 0.32 0 0 0 0 0 0 0 0 0
0000000000000400 0000000000008000 bits10_79 0 0 62 31.99945 -0.28 0 0 0 0 0 0 0 0 0
0000000000000400 0000000000010000 bits10_80 0 0 60 31.99883 -0.60 0 0 0 0 0 0 0 0 0
0000000000000400 0000000000020000 bits10_81 0 0 54 32.00040 0.21 0 0 0 0 0 0 0 0 0
0000000000000400 0000000000040000 bits10_82 0 0 67 32.00143 0.73 0 0 0 0 0 0 0 0 0
0000000000000400 0000000000080000 bits10_83 0 0 64 31.99742 -1.32 0 0 0 0 0 0 0 0 0
0000000000000400 0000000000100000 bits10_84 0 0 57 32.00009 0.05 0 0 0 0 0 0 0 0 0
0000000000000400 0000000000200000 bits10_85 0 0 65 32.00047 0.24 0 0 0 0 0 0 0 0 0
0000000000000400 0000000000400000 bits10_86 0 0 63 31.99963 -0.19 0 0 0 0 0 0 0 0 0
0000000000000400 0000000000800000 bits10_87 0 0 74 31.99726 -1.40 0 0 0 0 0 0 0 0 0
0000000000000400 0000000001000000 bits10_88 0 0 47 31.99994 -0.03 0 0 0 0 0 0 0 0 0
0000000000000400 0000000002000000 bits10_89 0 0 70 31.99940 -0.31 0 0 0 0 0 0 0 0 0
0000000000000400 0000000004000000 bits10_90 0 0 77 32.00001 0.01 0 0 0 0 0 0 0 0 0
0000000000000400 0000000008000000 bits10_91 0 0 67 32.00176 0.90 0 0 0 0 0 0 0 0 0
0000000000000400 0000000010000000 bits10_92 0 0 76 31.99677 -1.65 0 0 0 0 0 0 0 0 0
0000000000000400 0000000020000000 bits10_93 0 0 61 32.00001 0.01 0 0 0 0 0 0 0 0 0
0000000000000400 0000000040000000 bits10_94 0 0 57 32.00189 0.97 0 0 0 0 0 0 0 0 0
0000000000000400 0000000080000000 bits10_95 0 0 54 32.00018 0.09 0 0 0 0 0 0 0 0 0
0000000000000400 0000000100000000 bits10_96 0 0 62 31.99769 -1.18 0 0 0 0 0 0 0 0 0
0000000000000400 0000000200000000 bits10_97 0 0 56 32.00191 0.98 0 0 0 0 0 0 0 0 0
0000000000000400 0000000400000000 bits10_98 0 0 51 31.99899 -0.52 0 0 0 0 0 0 0 0 0
0000000000000400 0000000800000000 bits10_99 0 0 66 32.00161 0.83 0 0 0 0 0 0 0 0 0
0000000000000400 0000001000000000 bits10_100 0 0 59 31.99817 -0.94 0 0 0 0 0 0 0 0 0
0000000000000400 0000002000000000 bits10_101 0 0 61 32.00082 0.42 0 0 0 0 0 0 0 0 0
0000000000000400 0000004000000000 bits10_102 0 0 77 32.00216 1.10 0 0 0 0 0 0 0 0 0
0000000000000400 0000008000000000 bits10_103 0 0 78 31.99805 -1.00 0 0 0 0 0 0 0 0 0
0000000000000400 0000010000000000 bits10_104 0 0 86 31.99668 -1.70 0 0 0 0 0 0 0 0 0
0000000000000400 0000020000000000 bits10_105 0 0 70 32.00021 0.11 0 0 0 0 0 0 0 0 0
0000000000000400 0000040000000000 bits10_106 0 0 73 31.99672 -1.68 0 0 0 0 0 0 0 0 0
0000000000000400 0000080000000000 bits10_107 0 0 74 31.99695 -1.56 0 0 0 0 0 0 0 0 0
0000000000000400 0000100000000000 bits10_108 0 0 55 31.99918 -0.42 0 0 0 0 0 0 0 0 0
0000000000000400 0000200000000000 bits10_109 0 0 52 32.00042 0.22 0 0 0 0 0 0 0 0 0
0000000000000400 0000400000000000 bits10_110 0 0 65 31.99765 -1.20 0 0 0 0 0 0 0 0 0
0000000000000400 0000800000000000 bits10_111 0 0 61 31.99578 -2.16 0 0 0 0 0 0 0 0 0
0000000000000400 0001000000000000 bits10_112 0 0 73 31.99875 -0.64 0 0 0 0 0 0 0 0 0
0000000000000400 0002000000000000 bits10_113 0 0 60 32.00232 1.19 0 0 0 0 0 0 0 0 0
0000000000000400 0004000000000000 bits10_114 0 0 60 31.99837 -0.84 0 0 0 0 0 0 0 0 0
0000000000000400 0008000000000000 bits10_115 0 0 71 32.00082 0.42 0 0 0 0 0 0 0 0 0
0000000000000400 0010000000000000 bits10_116 0 0 69 32.00113 0.58 0 0 0 0 0 0 0 0 0
0000000000000400 0020000000000000 bits10_117 0 0 52 32.00106 0.54 0 0 0 0 0 0 0 0 0
0000000000000400 0040000000000000 bits10_118 0 0 62 31.99966 -0.18 0 0 0 0 0 0 0 0 0
0000000000000400 0080000000000000 bits10_119 0 0 67 32.00087 0.44 0 0 0 0 0 0 0 0 0
0000000000000400 0100000000000000 bits10_120 0 0 74 31.99692 -1.58 0 0 0 0 0 0 0 0 0
0000000000000400 0200000000000000 bits10_121 0 0 55 32.00243 1.24 0 0 0 0 0 0 0 0 0
0000000000000400 0400000000000000 bits10_122 0 0 69 31.99909 -0.47 0 0 0 0 0 0 0 0 0
0000000000000400 0800000000000000 bits10_123 0 0 65 31.99950 -0.26 0 0 0 0 0 0 0 0 0
0000000000000400 1000000000000000 bits10_124 0 0 54 32.00128 0.66 0 0 0 0 0 0 0 0 0
0000000000000400 2000000000000000 bits10_125 0 0 72 32.00315 1.62 0 0 0 0 0 0 0 0 0
0000000000000400 4000000000000000 bits10_126 0 0 74 31.99676 -1.66 0 0 0 0 0 0 0 0 0
0000000000000400 8000000000000000 bits10_127 0 0 62 32.00085 0.44 0 0 0 0 0 0 0 0 0
0000000000001800 0000000000000000 bits11_12 0 0 47 31.99783 -1.11 0 0 0 0 0 0 0 0 0
0000000000002800 0000000000000000 bits11_13 0 0 67 32.00082 0.42 0 0 0 0 0 0 0 0 0
0000000000004800 0000000000000000 bits11_14 0 0 62 32.00009 0.04 0 0 0 0 0 0 0 0 0
0000000000008800 0000000000000000 bits11_15 0 0 52 31.99948 -0.27 0 0 0 0 0 0 0 0 0
0000000000010800 0000000000000000 bits11_16 0 0 71 31.99925 -0.38 0 0 0 0 0 0 0 0 0
0000000000020800 0000000000000000 bits11_17 0 0 67 32.00120 0.61 0 0 0 0 0 0 0 0 0
0000000000040800 0000000000000000 bits11_18 0 0 49 31.99779 -1.13 0 0 0 0 0 0 0 0 0
0000000000080800 0000000000000000 bits11_19 0 0 52 32.00136 0.69 0 0 0 0 0 0 0 0 0
0000000000100800 0000000000000000 bits11_20 0 0 78 32.00123 0.63 0 0 0 0 0 0 0 0 0
0000000000200800 0000000000000000 bits11_21 0 0 73 31.99881 -0.61 0 0 0 0 0 0 0 0 0
0000000000400800 0000000000000000 bits11_22 0 0 56 31.99992 -0.04 0 0 0 0 0 0 0 0 0
0000000000800800 0000000000000000 bits11_23 0 0 68 31.99874 -0.64 0 0 0 0 0 0 0 0 0
0000000001000800 0000000000000000 bits11_24 0 0 68 32.00342 1.75 0 0 0 0 0 0 0 0 0
0000000002000800 0000000000000000 bits11_25 0 0 78 31.99848 -0.78 0 0 0 0 0 0 0 0 0
0000000004000800 0000000000000000 bits11_26 0 0 59 32.00370 1.89 0 0 0 0 0 0 0 0 0
0000000008000800 0000000000000000 bits11_27 0 0 59 32.00006 0.03 0 0 0 0 0 0 0 0 0
0000000010000800 0000000000000000 bits11_28 0 0 76 32.00104 0.53 0 0 0 0 0 0 0 0 0
0000000020000800 0000000000000000 bits11_29 0 0 70 31.99823 -0.91 0 0 0 0 0 0 0 0 0
0000000040000800 0000000000000000 bits11_30 0 0 53 32.00297 1.52 0 0 0 0 0 0 0 0 0
0000000080000800 0000000000000000 bits11_31 0 0 66 32.00179 0.92 0 0 0 0 0 0 0 0 0
0000000100000800 0000000000000000 bits11_32 0 0 68 31.99780 -1.12 0 0 0 0 0 0 0 0 0
0000000200000800 0000000000000000 bits11_33 0 0 64 31.99798 -1.04 0 0 0 0 0 0 0 0 0
0000000400000800 0000000000000000 bits11_34 0 0 67 32.00018 0.09 0 0 0 0 0 0 0 0 0
0000000800000800 0000000000000000 bits11_35 0 0 77 32.00166 0.85 0 0 0 0 0 0 0 0 0
0000001000000800 0000000000000000 bits11_36 0 0 66 32.00069 0.35 0 0 0 0 0 0 0 0 0
0000002000000800 0000000000000000 bits11_37 0 0 63 32.00092 0.47 0 0 0 0 0 0 0 0 0
0000004000000800 0000000000000000 bits11_38 0 0 54 31.99953 -0.24 0 0 0 0 0 0 0 0 0
0000008000000800 0000000000000000 bits11_39 0 0 60 32.00190 0.97 0 0 0 0 0 0 0 0 0
0000010000000800 0000000000000000 bits11_40 0 0 71 32.00250 1.28 0 0 0 0 0 0 0 0 0
0000020000000800 0000000000000000 bits11_41 0 0 83 32.00115 0.59 0 0 0 0 0 0 0 0 0
0000040000000800 0000000000000000 bits11_42 0 0 73 31.99811 -0.97 0 0 0 0 0 0 0 0 0
0000080000000800 0000000000000000 bits11_43 0 0 52 31.99902 -0.50 0 0 0 0 0 0 0 0 0
0000100000000800 0000000000000000 bits11_44 0 0 62 31.99955 -0.23 0 0 0 0 0 0 0 0 0
0000200000000800 0000000000000000 bits11_45 0 0 71 32.00031 0.16 0 0 0 0 0 0 0 0 0
0000400000000800 0000000000000000 bits11_46 0 0 66 32.00022 0.11 0 0 0 0 0 0 0 0 0
0000800000000800 0000000000000000 bits11_47 0 0 65 31.99792 -1.07 0 0 0 0 0 0 0 0 0
0001000000000800 0000000000000000 bits11_48 0 0 63 31.99982 -0.09 0 0 0 0 0 0 0 0 0
0002000000000800 0000000000000000 bits11_49 0 0 80 31.99904 -0.49 0 0 0 0 0 0 0 0 0
0004000000000800 0000000000000000 bits11_50 0 0 54 32.00109 0.56 0 0 0 0 0 0 0 0 0
0008000000000800 0000000000000000 bits11_51 0 0 79 31.99695 -1.56 0 0 0 0 0 0 0 0 0
0010000000000800 0000000000000000 bits11_52 0 0 61 32.00193 0.99 0 0 0 0 0 0 0 0 0
0020000000000800 0000000000000000 bits11_53 0 0 52 32.00067 0.34 0 0 0 0 0 0 0 0 0
0040000000000800 0000000000000000 bits11_54 0 0 59 31.99778 -1.14 0 0 0 0 0 0 0 0 0
0080000000000800 0000000000000000 bits11_55 0 0 57 32.00214 1.10 0 0 0 0 0 0 0 0 0
0100000000000800 0000000000000000 bits11_56 0 0 58 32.00058 0.29 0 0 0 0 0 0 0 0 0
0200000000000800 0000000000000000 bits11_57 0 0 57 32.00042 0.22 0 0 0 0 0 0 0 0 0
0400000000000800 0000000000000000 bits11_58 0 0 41 32.00164 0.84 0 0 0 0 0 0 0 0 0
0800000000000800 0000000000000000 bits11_59 0 0 57 32.00136 0.70 0 0 0 0 0 0 0 0 0
1000000000000800 0000000000000000 bits11_60 0 0 79 32.00279 1.43 0 0 0 0 0 0 0 0 0
2000000000000800 0000000000000000 bits11_61 0 0 60 32.00155 0.79 0 0 0 0 0 0 0 0 0
4000000000000800 0000000000000000 bits11_62 0 0 71 31.99901 -0.51 0 0 0 0 0 0 0 0 0
8000000000000800 0000000000000000 bits11_63 0 0 75 32.00396 2.03 0 0 0 0 0 0 0 0 0
0000000000000800 0000000000000001 bits11_64 0 0 53 31.99594 -2.08 0 0 0 0 0 0 0 0 0
0000000000000800 0000000000000002 bits11_65 0 0 54 31.99871 -0.66 0 0 0 0 0 0 0 0 0
0000000000000800 0000000000000004 bits11_66 0 0 59 32.00117 0.60 0 0 0 0 0 0 0 0 0
0000000000000800 0000000000000008 bits11_67 0 0 60 32.00101 0.52 0 0 0 0 0 0 0 0 0
0000000000000800 0000000000000010 bits11_68 0 0 57 31.99972 -0.14 0 0 0 0 0 0 0 0 0
0000000000000800 0000000000000020 bits11_69 0 0 54 31.99884 -0.59 0 0 0 0 0 0 0 0 0
0000000000000800 0000000000000040 bits11_70 0 0 51 31.99850 -0.77 0 0 0 0 0 0 0 0 0
0000000000000800 0000000000000080 bits11_71 0 0 83 31.99823 -0.91 0 0 0 0 0 0 0 0 0
0000000000000800 0000000000000100 bits11_72 0 0 56 31.99861 -0.71 0 0 0 0 0 0 0 0 0
0000000000000800 0000000000000200 bits11_73 0 0 66 31.99842 -0.81 0 0 0 0 0 0 0 0 0
0000000000000800 0000000000000400 bits11_74 0 0 79 32.00068 0.35 0 0 0 0 0 0 0 0 0
0000000000000800 0000000000000800 bits11_75 0 0 64 32.00115 0.59 0 0 0 0 0 0 0 0 0
0000000000000800 0000000000001000 bits11_76 0 0 63 31.99981 -0.10 0 0 0 0 0 0 0 0 0
0000000000000800 0000000000002000 bits11_77 0 0 75 32.00029 0.15 0 0 0 0 0 0 0 0 0
0000000000000800 0000000000004000 bits11_78 0 0 64 32.00277 1.42 0 0 0 0 0 0 0 0 0
0000000000000800 0000000000008000 bits11_79 0 0 59 32.00005 0.03 0 0 0 0 0 0 0 0 0
0000000000000800 0000000000010000 bits11_80 0 0 52 31.99758 -1.24 0 0 0 0 0 0 0 0 0
0000000000000800 0000000000020000 bits11_81 0 0 68 31.99796 -1.05 0 0 0 0 0 0 0 0 0
0000000000000800 0000000000040000 bits11_82 0 0 60 32.00064 0.33 0 0 0 0 0 0 0 0 0
0000000000000800 0000000000080000 bits11_83 0 0 73 32.00137 0.70 0 0 0 0 0 0 0 0 0
0000000000000800 0000000000100000 bits11_84 0 0 39 32.00002 0.01 0 0 0 0 0 0 0 0 0
0000000000000800 0000000000200000 bits11_85 0 0 67 32.00232 1.19 0 0 0 0 0 0 0 0 0
0000000000000800 0000000000400000 bits11_86 0 0 54 32.00169 0.86 0 0 0 0 0 0 0 0 0
0000000000000800 0000000000800000 bits11_87 0 0 71 31.99917 -0.43 0 0 0 0 0 0 0 0 0
0000000000000800 0000000001000000 bits11_88 0 0 67 31.99812 -0.96 0 0 0 0 0 0 0 0 0
0000000000000800 0000000002000000 bits11_89 0 0 74 31.99937 -0.32 0 0 0 0 0 0 0 0 0
0000000000000800 0000000004000000 bits11_90 0 0 65 31.99973 -0.14 0 0 0 0 0 0 0 0 0
0000000000000800 0000000008000000 bits11_91 0 0 68 32.00098 0.50 0 0 0 0 0 0 0 0 0
0000000000000800 0000000010000000 bits11_92 0 0 70 31.99919 -0.42 0 0 0 0 0 0 0 0 0
0000000000000800 0000000020000000 bits11_93 0 0 77 31.99955 -0.23 0 0 0 0 0 0 0 0 0
0000000000000800 0000000040000000 bits11_94 0 0 69 31.99647 -1.81 0 0 0 0 0 0 0 0 0
0000000000000800 0000000080000000 bits11_95 0 0 61 32.00063 0.32 0 0 0 0 0 0 0 0 0
0000000000000800 0000000100000000 bits11_96 0 0 54 31.99713 -1.47 0 0 0 0 0 0 0 0 0
0000000000000800 0000000200000000 bits11_97 0 0 62 32.00118 0.60 0 0 0 0 0 0 0 0 0
0000000000000800 0000000400000000 bits11_98 0 0 63 31.99674 -1.67 0 0 0 0 0 0 0 0 0
0000000000000800 0000000800000000 bits11_99 0 0 67 32.00123 0.63 0 0 0 0 0 0 0 0 0
0000000000000800 0000001000000000 bits11_100 0 0 67 31.99900 -0.51 0 0 0 0 0 0 0 0 0
0000000000000800 0000002000000000 bits11_101 0 0 67 31.99809 -0.98 0 0 0 0 0 0 0 0 0
0000000000000800 0000004000000000 bits11_102 0 0 68 32.00285 1.46 0 0 0 0 0 0 0 0 0
0000000000000800 0000008000000000 bits11_103 0 0 80 31.99973 -0.14 0 0 0 0 0 0 0 0 0
0000000000000800 0000010000000000 bits11_104 0 0 70 31.99928 -0.37 0 0 0 0 0 0 0 0 0
0000000000000800 0000020000000000 bits11_105 0 0 59 32.00200 1.02 0 0 0 0 0 0 0 0 0
0000000000000800 0000040000000000 bits11_106 0 0 69 31.99534 -2.38 0 0 0 0 0 0 0 0 0
0000000000000800 0000080000000000 bits11_107 0 0 64 32.00076 0.39 0 0 0 0 0 0 0 0 0
0000000000000800 0000100000000000 bits11_108 0 0 71 32.00018 0.09 0 0 0 0 0 0 0 0 0
0000000000000800 0000200000000000 bits11_109 0 0 71 31.99961 -0.20 0 0 0 0 0 0 0 0 0
0000000000000800 0000400000000000 bits11_110 0 0 45 31.99941 -0.30 0 0 0 0 0 0 0 0 0
0000000000000800 0000800000000000 bits11_111 0 0 59 31.99912 -0.45 0 0 0 0 0 0 0 0 0
0000000000000800 0001000000000000 bits11_112 0 0 67 31.99862 -0.71 0 0 0 0 0 0 0 0 0
0000000000000800 0002000000000000 bits11_113 0 0 51 31.99590 -2.10 0 0 0 0 0 0 0 0 0
0000000000000800 0004000000000000 bits11_114 0 0 68 32.00083 0.42 0 0 0 0 0 0 0 0 0
0000000000000800 0008000000000000 bits11_115 0 0 63 32.00254 1.30 0 0 0 0 0 0 0 0 0
0000000000000800 0010000000000000 bits11_116 0 0 60 31.99871 -0.66 0 0 0 0 0 0 0 0 0
0000000000000800 0020000000000000 bits11_117 0 0 51 31.99890 -0.56 0 0 0 0 0 0 0 0 0
0000000000000800 0040000000000000 bits11_118 0 0 52 32.00057 0.29 0 0 0 0 0 0 0 0 0
0000000000000800 0080000000000000 bits11_119 0 0 53 32.00381 1.95 0 0 0 0 0 0 0 0 0
0000000000000800 0100000000000000 bits11_120 0 0 66 32.00266 1.36 0 0 0 0 0 0 0 0 0
0000000000000800 0200000000000000 bits11_121 0 0 56 32.00124 0.64 0 0 0 0 0 0 0 0 0
0000000000000800 0400000000000000 bits11_122 0 0 60 32.00088 0.45 0 0 0 0 0 0 0 0 0
0000000000000800 0800000000000000 bits11_123 0 0 51 32.00022 0.11 0 0 0 0 0 0 0 0 0
0000000000000800 1000000000000000 bits11_124 0 0 74 31.99848 -0.78 0 0 0 0 0 0 0 0 0
0000000000000800 2000000000000000 bits11_125 0 0 64 31.99956 -0.23 0 0 0 0 0 0 0 0 0
0000000000000800 4000000000000000 bits11_126 0 0 78 32.00123 0.63 0 0 0 0 0 0 0 0 0
0000000000000800 8000000000000000 bits11_127 0 0 69 31.99938 -0.32 0 0 0 0 0 0 0 0 0
0000000000003000 0000000000000000 bits12_13 0 0 62 32.00441 2.26 0 0 0 0 0 0 0 0 0
0000000000005000 0000000000000000 bits12_14 0 0 45 31.99942 -0.30 0 0 0 0 0 0 0 0 0
0000000000009000 0000000000000000 bits12_15 0 0 71 31.99842 -0.81 0 0 0 0 0 0 0 0 0
0000000000011000 0000000000000000 bits12_16 0 0 67 32.00164 0.84 0 0 0 0 0 0 0 0 0
0000000000021000 0000000000000000 bits12_17 0 0 58 31.99865 -0.69 0 0 0 0 0 0 0 0 0
0000000000041000 0000000000000000 bits12_18 0 0 63 32.00102 0.52 0 0 0 0 0 0 0 0 0
0000000000081000 0000000000000000 bits12_19 0 0 65 31.99870 -0.66 0 0 0 0 0 0 0 0 0
0000000000101000 0000000000000000 bits12_20 0 0 68 32.00076 0.39 0 0 0 0 0 0 0 0 0
0000000000201000 0000000000000000 bits12_21 0 0 57 31.99878 -0.62 0 0 0 0 0 0 0 0 0
0000000000401000 0000000000000000 bits12_22 0 0 68 31.99995 -0.02 0 0 0 0 0 0 0 0 0
0000000000801000 0000000000000000 bits12_23 0 0 64 32.00039 0.20 0 0 0 0 0 0 0 0 0
0000000001001000 0000000000000000 bits12_24 0 0 78 31.99774 -1.15 0 0 0 0 0 0 0 0 0
0000000002001000 0000000000000000 bits12_25 0 0 64 32.00087 0.45 0 0 0 0 0 0 0 0 0
0000000004001000 0000000000000000 bits12_26 0 0 65 31.99903 -0.49 0 0 0 0 0 0 0 0 0
0000000008001000 0000000000000000 bits12_27 0 0 69 31.99867 -0.68 0 0 0 0 0 0 0 0 0
0000000010001000 0000000000000000 bits12_28 0 0 74 32.00634 3.25 0 0 0 0 0 0 0 0 0
0000000020001000 0000000000000000 bits12_29 0 0 60 31.99938 -0.32 0 0 0 0 0 0 0 0 0
0000000040001000 0000000000000000 bits12_30 0 0 80 32.00004 0.02 0 0 0 0 0 0 0 0 0
0000000080001000 0000000000000000 bits12_31 0 0 59 31.99682 -1.63 0 0 0 0 0 0 0 0 0
0000000100001000 0000000000000000 bits12_32 0 0 64 32.00110 0.56 0 0 0 0 0 0 0 0 0
0000000200001000 0000000000000000 bits12_33 0 0 61 32.00178 0.91 0 0 0 0 0 0 0 0 0
0000000400001000 0000000000000000 bits12_34 0 0 73 32.00414 2.12 0 0 0 0 0 0 0 0 0
0000000800001000 0000000000000000 bits12_35 0 0 70 32.00012 0.06 0 0 0 0 0 0 0 0 0
0000001000001000 0000000000000000 bits12_36 0 0 64 31.99639 -1.85 0 0 0 0 0 0 0 0 0
0000002000001000 0000000000000000 bits12_37 0 0 81 31.99920 -0.41 0 0 0 0 0 0 0 0 0
0000004000001000 0000000000000000 bits12_38 0 0 47 32.00103 0.53 0 0 0 0 0 0 0 0 0
0000008000001000 0000000000000000 bits12_39 0 0 63 31.99835 -0.84 0 0 0 0 0 0 0 0 0
0000010000001000 0000000000000000 bits12_40 0 0 65 31.99841 -0.81 0 0 0 0 0 0 0 0 0
0000020000001000 0000000000000000 bits12_41 0 0 74 31.99938 -0.32 0 0 0 0 0 0 0 0 0
0000040000001000 0000000000000000 bits12_42 0 0 52 31.99982 -0.09 0 0 0 0 0 0 0 0 0
0000080000001000 0000000000000000 bits12_43 0 0 66 31.99950 -0.25 0 0 0 0 0 0 0 0 0
0000100000001000 0000000000000000 bits12_44 0 0 73 32.00034 0.17 0 0 0 0 0 0 0 0 0
0000200000001000 0000000000000000 bits12_45 0 0 65 32.00030 0.15 0 0 0 0 0 0 0 0 0
0000400000001000 0000000000000000 bits12_46 0 0 66 32.00017 0.09 0 0 0 0 0 0 0 0 0
0000800000001000 0000000000000000 bits12_47 0 0 68 31.99753 -1.27 0 0 0 0 0 0 0 0 0
0001000000001000 0000000000000000 bits12_48 0 0 61 31.99729 -1.39 0 0 0 0 0 0 0 0 0
0002000000001000 0000000000000000 bits12_49 0 0 60 32.00153 0.78 0 0 0 0 0 0 0 0 0
0004000000001000 0000000000000000 bits12_50 0 0 82 32.00423 2.17 0 0 0 0 0 0 0 0 0
0008000000001000 0000000000000000 bits12_51 0 0 58 32.00077 0.40 0 0 0 0 0 0 0 0 0
0010000000001000 0000000000000000 bits12_52 0 0 59 32.00159 0.81 0 0 0 0 0 0 0 0 0
0020000000001000 0000000000000000 bits12_53 0 0 68 31.99988 -0.06 0 0 0 0 0 0 0 0 0
0040000000001000 0000000000000000 bits12_54 0 0 57 31.99849 -0.78 0 0 0 0 0 0 0 0 0
0080000000001000 0000000000000000 bits12_55 0 0 60 32.00180 0.92 0 0 0 0 0 0 0 0 0
0100000000001000 0000000000000000 bits12_56 0 0 70 31.99831 -0.86 0 0 0 0 0 0 0 0 0
0200000000001000 0000000000000000 bits12_57 0 0 60 31.99820 -0.92 0 0 0 0 0 0 0 0 0
0400000000001000 0000000000000000 bits12_58 0 0 67 32.00148 0.76 0 0 0 0 0 0 0 0 0
0800000000001000 0000000000000000 bits12_59 0 0 62 32.00156 0.80 0 0 0 0 0 0 0 0 0
1000000000001000 0000000000000000 bits12_60 0 0 59 32.00328 1.68 0 0 0 0 0 0 0 0 0
2000000000001000 0000000000000000 bits12_61 0 0 67 32.00287 1.47 0 0 0 0 0 0 0 0 0
4000000000001000 0000000000000000 bits12_62 0 0 56 32.00131 0.67 0 0 0 0 0 0 0 0 0
8000000000001000 0000000000000000 bits12_63 0 0 63 32.00447 2.29 0 0 0 0 0 0 0 0 0
0000000000001000 0000000000000001 bits12_64 0 0 58 31.99949 -0.26 0 0 0 0 0 0 0 0 0
0000000000001000 0000000000000002 bits12_65 0 0 58 32.00078 0.40 0 0 0 0 0 0 0 0 0
0000000000001000 0000000000000004 bits12_66 0 0 66 32.00192 0.98 0 0 0 0 0 0 0 0 0
0000000000001000 0000000000000008 bits12_67 0 0 79 31.99820 -0.92 0 0 0 0 0 0 0 0 0
0000000000001000 0000000000000010 bits12_68 0 0 54 31.99910 -0.46 0 0 0 0 0 0 0 0 0
0000000000001000 0000000000000020 bits12_69 0 0 78 31.99977 -0.12 0 0 0 0 0 0 0 0 0
0000000000001000 0000000000000040 bits12_70 0 0 68 32.00171 0.87 0 0 0 0 0 0 0 0 0
0000000000001000 0000000000000080 bits12_71 0 0 57 31.99938 -0.32 0 0 0 0 0 0 0 0 0
0000000000001000 0000000000000100 bits12_72 0 0 69 32.00122 0.62 0 0 0 0 0 0 0 0 0
0000000000001000 0000000000000200 bits12_73 0 0 70 32.00398 2.04 0 0 0 0 0 0 0 0 0
0000000000001000 0000000000000400 bits12_74 0 0 68 31.99808 -0.98 0 0 0 0 0 0 0 0 0
0000000000001000 0000000000000800 bits12_75 0 0 55 31.99984 -0.08 0 0 0 0 0 0 0 0 0
0000000000001000 0000000000001000 bits12_76 0 0 76 31.99917 -0.43 0 0 0 0 0 0 0 0 0
0000000000001000 0000000000002000 bits12_77 0 0 57 31.99809 -0.98 0 0 0 0 0 0 0 0 0
0000000000001000 0000000000004000 bits12_78 0 0 57 31.99814 -0.95 0 0 0 0 0 0 0 0 0
0000000000001000 0000000000008000 bits12_79 0 0 41 31.99744 -1.31 0 0 0 0 0 0 0 0 0
0000000000001000 0000000000010000 bits12_80 0 0 65 32.00348 1.78 0 0 0 0 0 0 0 0 0
0000000000001000 0000000000020000 bits12_81 0 0 61 32.00234 1.20 0 0 0 0 0 0 0 0 0
0000000000001000 0000000000040000 bits12_82 0 0 86 31.99778 -1.14 0 0 0 0 0 0 0 0 0
0000000000001000 0000000000080000 bits12_83 0 0 75 31.99936 -0.33 0 0 0 0 0 0 0 0 0
0000000000001000 0000000000100000 bits12_84 0 0 62 32.00094 0.48 0 0 0 0 0 0 0 0 0
0000000000001000 0000000000200000 bits12_85 0 0 67 32.00377 1.93 0 0 0 0 0 0 0 0 0
0000000000001000 0000000000400000 bits12_86 0 0 63 32.00278 1.42 0 0 0 0 0 0 0 0 0
0000000000001000 0000000000800000 bits12_87 0 0 60 32.00191 0.98 0 0 0 0 0 0 0 0 0
0000000000001000 0000000001000000 bits12_88 0 0 68 32.00078 0.40 0 0 0 0 0 0 0 0 0
0000000000001000 0000000002000000 bits12_89 0 0 56 31.99838 -0.83 0 0 0 0 0 0 0 0 0
0000000000001000 0000000004000000 bits12_90 0 0 62 31.99823 -0.90 0 0 0 0 0 0 0 0 0
0000000000001000 0000000008000000 bits12_91 0 0 62 31.99877 -0.63 0 0 0 0 0 0 0 0 0
0000000000001000 0000000010000000 bits12_92 0 0 71 32.00194 0.99 0 0 0 0 0 0 0 0 0
0000000000001000 0000000020000000 bits12_93 0 0 61 31.99840 -0.82 0 0 0 0 0 0 0 0 0
0000000000001000 0000000040000000 bits12_94 0 0 55 31.99973 -0.14 0 0 0 0 0 0 0 0 0
0000000000001000 0000000080000000 bits12_95 0 0 71 31.99775 -1.15 0 0 0 0 0 0 0 0 0
0000000000001000 0000000100000000 bits12_96 0 0 52 31.99816 -0.94 0 0 0 0 0 0 0 0 0
0000000000001000 0000000200000000 bits12_97 0 0 64 31.99818 -0.93 0 0 0 0 0 0 0 0 0
0000000000001000 0000000400000000 bits12_98 0 0 71 31.99890 -0.56 0 0 0 0 0 0 0 0 0
0000000000001000 0000000800000000 bits12_99 0 0 54 32.00021 0.11 0 0 0 0 0 0 0 0 0
0000000000001000 0000001000000000 bits12_100 0 0 69 32.00002 0.01 0 0 0 0 0 0 0 0 0
0000000000001000 0000002000000000 bits12_101 0 0 52 31.99960 -0.21 0 0 0 0 0 0 0 0 0
0000000000001000 0000004000000000 bits12_102 0 0 72 32.00094 0.48 0 0 0 0 0 0 0 0 0
0000000000001000 0000008000000000 bits12_103 0 0 74 31.99901 -0.51 0 0 0 0 0 0 0 0 0
0000000000001000 0000010000000000 bits12_104 0 0 71 31.99615 -1.97 0 0 0 0 0 0 0 0 0
0000000000001000 0000020000000000 bits12_105 0 0 71 31.99861 -0.71 0 0 0 0 0 0 0 0 0
0000000000001000 0000040000000000 bits12_106 0 0 47 31.99991 -0.05 0 0 0 0 0 0 0 0 0
0000000000001000 0000080000000000 bits12_107 0 0 63 32.00017 0.09 0 0 0 0 0 0 0 0 0
0000000000001000 0000100000000000 bits12_108 0 0 64 32.00391 2.00 0 0 0 0 0 0 0 0 0
0000000000001000 0000200000000000 bits12_109 0 0 63 32.00029 0.15 0 0 0 0 0 0 0 0 0
0000000000001000 0000400000000000 bits12_110 0 0 67 31.99959 -0.21 0 0 0 0 0 0 0 0 0
0000000000001000 0000800000000000 bits12_111 0 0 62 31.99830 -0.87 0 0 0 0 0 0 0 0 0
0000000000001000 0001000000000000 bits12_112 0 0 50 31.99799 -1.03 0 0 0 0 0 0 0 0 0
0000000000001000 0002000000000000 bits12_113 0 0 49 32.00000 0.00 0 0 0 0 0 0 0 0 0
0000000000001000 0004000000000000 bits12_114 0 0 72 32.00208 1.06 0 0 0 0 0 0 0 0 0
0000000000001000 0008000000000000 bits12_115 0 0 58 31.99851 -0.76 0 0 0 0 0 0 0 0 0
0000000000001000 0010000000000000 bits12_116 0 0 62 32.00104 0.53 0 0 0 0 0 0 0 0 0
0000000000001000 0020000000000000 bits12_117 0 0 60 31.99911 -0.46 0 0 0 0 0 0 0 0 0
0000000000001000 0040000000000000 bits12_118 0 0 64 31.99964 -0.18 0 0 0 0 0 0 0 0 0
0000000000001000 0080000000000000 bits12_119 0 0 67 32.00049 0.25 0 0 0 0 0 0 0 0 0
0000000000001000 0100000000000000 bits12_120 0 0 70 31.99611 -1.99 0 0 0 0 0 0 0 0 0
0000000000001000 0200000000000000 bits12_121 0 0 69 32.00065 0.33 0 0 0 0 0 0 0 0 0
0000000000001000 0400000000000000 bits12_122 0 0 67 31.99857 -0.73 0 0 0 0 0 0 0 0 0
0000000000001000 0800000000000000 bits12_123 0 0 46 31.99966 -0.17 0 0 0 0 0 0 0 0 0
0000000000001000 1000000000000000 bits12_124 0 0 64 31.99975 -0.13 0 0 0 0 0 0 0 0 0
0000000000001000 2000000000000000 bits12_125 0 0 63 31.99952 -0.24 0 0 0 0 0 0 0 0 0
0000000000001000 4000000000000000 bits12_126 0 0 67 32.00101 0.52 0 0 0 0 0 0 0 0 0
0000000000001000 8000000000000000 bits12_127 0 0 77 31.99866 -0.69 0 0 0 0 0 0 0 0 0
0000000000006000 0000000000000000 bits13_14 0 0 56 32.00188 0.96 0 0 0 0 0 0 0 0 0
000000000000a000 0000000000000000 bits13_15 0 0 63 32.00011 0.06 0 0 0 0 0 0 0 0 0
0000000000012000 0000000000000000 bits13_16 0 0 64 31.99696 -1.56 0 0 0 0 0 0 0 0 0
0000000000022000 0000000000000000 bits13_17 0 0 83 32.00226 1.16 0 0 0 0 0 0 0 0 0
0000000000042000 0000000000000000 bits13_18 0 0 74 31.99997 -0.01 0 0 0 0 0 0 0 0 0
0000000000082000 0000000000000000 bits13_19 0 0 63 31.99667 -1.71 0 0 0 0 0 0 0 0 0
0000000000102000 0000000000000000 bits13_20 0 0 66 32.00105 0.54 0 0 0 0 0 0 0 0 0
0000000000202000 0000000000000000 bits13_21 0 0 68 31.99954 -0.23 0 0 0 0 0 0 0 0 0
0000000000402000 0000000000000000 bits13_22 0 0 58 32.00068 0.35 0 0 0 0 0 0 0 0 0
0000000000802000 0000000000000000 bits13_23 0 0 73 31.99860 -0.72 0 0 0 0 0 0 0 0 0
0000000001002000 0000000000000000 bits13_24 0 0 52 31.99912 -0.45 0 0 0 0 0 0 0 0 0
0000000002002000 0000000000000000 bits13_25 0 0 69 31.99993 -0.04 0 0 0 0 0 0 0 0 0
0000000004002000 0000000000000000 bits13_26 0 0 65 31.99955 -0.23 0 0 0 0 0 0 0 0 0
0000000008002000 0000000000000000 bits13_27 0 0 77 31.99859 -0.72 0 0 0 0 0 0 0 0 0
0000000010002000 0000000000000000 bits13_28 0 0 62 32.00049 0.25 0 0 0 0 0 0 0 0 0
0000000020002000 0000000000000000 bits13_29 0 0 58 32.00183 0.94 0 0 0 0 0 0 0 0 0
0000000040002000 0000000000000000 bits13_30 0 0 67 32.00108 0.55 0 0 0 0 0 0 0 0 0
0000000080002000 0000000000000000 bits13_31 0 0 72 32.00022 0.11 0 0 0 0 0 0 0 0 0
0000000100002000 0000000000000000 bits13_32 0 0 70 32.00332 1.70 0 0 0 0 0 0 0 0 0
0000000200002000 0000000000000000 bits13_33 0 0 64 31.99912 -0.45 0 0 0 0 0 0 0 0 0
0000000400002000 0000000000000000 bits13_34 0 0 70 31.99977 -0.12 0 0 0 0 0 0 0 0 0
0000000800002000 0000000000000000 bits13_35 0 0 54 31.99943 -0.29 0 0 0 0 0 0 0 0 0
0000001000002000 0000000000000000 bits13_36 0 0 61 31.99971 -0.15 0 0 0 0 0 0 0 0 0
0000002000002000 0000000000000000 bits13_37 0 0 65 32.00198 1.01 0 0 0 0 0 0 0 0 0
0000004000002000 0000000000000000 bits13_38 0 0 71 31.99814 -0.95 0 0 0 0 0 0 0 0 0
0000008000002000 0000000000000000 bits13_39 0 0 58 32.00079 0.41 0 0 0 0 0 0 0 0 0
0000010000002000 0000000000000000 bits13_40 0 0 61 32.00132 0.68 0 0 0 0 0 0 0 0 0
0000020000002000 0000000000000000 bits13_41 0 0 78 31.99809 -0.98 0 0 0 0 0 0 0 0 0
0000040000002000 0000000000000000 bits13_42 0 0 62 32.00031 0.16 0 0 0 0 0 0 0 0 0
0000080000002000 0000000000000000 bits13_43 0 0 81 31.99783 -1.11 0 0 0 0 0 0 0 0 0
0000100000002000 0000000000000000 bits13_44 0 0 66 32.00363 1.86 0 0 0 0 0 0 0 0 0
0000200000002000 0000000000000000 bits13_45 0 0 52 31.99954 -0.23 0 0 0 0 0 0 0 0 0
0000400000002000 0000000000000000 bits13_46 0 0 55 31.99758 -1.24 0 0 0 0 0 0 0 0 0
0000800000002000 0000000000000000 bits13_47 0 0 62 31.99706 -1.51 0 0 0 0 0 0 0 0 0
0001000000002000 0000000000000000 bits13_48 0 0 78 31.99607 -2.01 0 0 0 0 0 0 0 0 0
0002000000002000 0000000000000000 bits13_49 0 0 60 32.00173 0.89 0 0 0 0 0 0 0 0 0
0004000000002000 0000000000000000 bits13_50 0 0 62 32.00363 1.86 0 0 0 0 0 0 0 0 0
0008000000002000 0000000000000000 bits13_51 0 0 72 32.00261 1.34 0 0 0 0 0 0 0 0 0
0010000000002000 0000000000000000 bits13_52 0 0 81 32.00056 0.29 0 0 0 0 0 0 0 0 0
0020000000002000 0000000000000000 bits13_53 0 0 50 31.99855 -0.74 0 0 0 0 0 0 0 0 0
0040000000002000 0000000000000000 bits13_54 0 0 73 32.00006 0.03 0 0 0 0 0 0 0 0 0
0080000000002000 0000000000000000 bits13_55 0 0 77 31.99997 -0.02 0 0 0 0 0 0 0 0 0
0100000000002000 0000000000000000 bits13_56 0 0 56 31.99673 -1.68 0 0 0 0 0 0 0 0 0
0200000000002000 0000000000000000 bits13_57 0 0 69 32.00096 0.49 0 0 0 0 0 0 0 0 0
0400000000002000 0000000000000000 bits13_58 0 0 62 32.00396 2.03 0 0 0 0 0 0 0 0 0
0800000000002000 0000000000000000 bits13_59 0 0 54 32.00190 0.97 0 0 0 0 0 0 0 0 0
1000000000002000 0000000000000000 bits13_60 0 0 73 31.99817 -0.94 0 0 0 0 0 0 0 0 0
2000000000002000 0000000000000000 bits13_61 0 0 70 32.00141 0.72 0 0 0 0 0 0 0 0 0
4000000000002000 0000000000000000 bits13_62 0 0 50 32.00344 1.76 0 0 0 0 0 0 0 0 0
8000000000002000 0000000000000000 bits13_63 0 0 54 32.00187 0.96 0 0 0 0 0 0 0 0 0
0000000000002000 0000000000000001 bits13_64 0 0 58 31.99798 -1.03 0 0 0 0 0 0 0 0 0
0000000000002000 0000000000000002 bits13_65 0 0 77 31.99903 -0.50 0 0 0 0 0 0 0 0 0
0000000000002000 0000000000000004 bits13_66 0 0 70 31.99574 -2.18 0 0 0 0 0 0 0 0 0
0000000000002000 0000000000000008 bits13_67 0 0 73 31.99955 -0.23 0 0 0 0 0 0 0 0 0
0000000000002000 0000000000000010 bits13_68 0 0 53 31.99972 -0.15 0 0 0 0 0 0 0 0 0
0000000000002000 0000000000000020 bits13_69 0 0 81 32.00123 0.63 0 0 0 0 0 0 0 0 0
0000000000002000 0000000000000040 bits13_70 0 0 73 31.99594 -2.08 0 0 0 0 0 0 0 0 0
0000000000002000 0000000000000080 bits13_71 0 0 71 31.99905 -0.49 0 0 0 0 0 0 0 0 0
0000000000002000 0000000000000100 bits13_72 0 0 82 31.99897 -0.53 0 0 0 0 0 0 0 0 0
0000000000002000 0000000000000200 bits13_73 0 0 60 32.00193 0.99 0 0 0 0 0 0 0 0 0
0000000000002000 0000000000000400 bits13_74 0 0 64 32.00159 0.81 0 0 0 0 0 0 0 0 0
0000000000002000 0000000000000800 bits13_75 0 0 66 31.99769 -1.18 0 0 0 0 0 0 0 0 0
0000000000002000 0000000000001000 bits13_76 0 0 55 32.00089 0.46 0 0 0 0 0 0 0 0 0
0000000000002000 0000000000002000 bits13_77 0 0 68 32.00108 0.55 0 0 0 0 0 0 0 0 0
0000000000002000 0000000000004000 bits13_78 0 0 68 31.99692 -1.58 0 0 0 0 0 0 0 0 0
0000000000002000 0000000000008000 bits13_79 0 0 62 31.99733 -1.36 0 0 0 0 0 0 0 0 0
0000000000002000 0000000000010000 bits13_80 0 0 71 31.99820 -0.92 0 0 0 0 0 0 0 0 0
0000000000002000 0000000000020000 bits13_81 0 0 80 31.99989 -0.06 0 0 0 0 0 0 0 0 0
0000000000002000 0000000000040000 bits13_82 0 0 57 31.99748 -1.29 0 0 0 0 0 0 0 0 0
0000000000002000 0000000000080000 bits13_83 0 0 60 32.00384 1.97 0 0 0 0 0 0 0 0 0
0000000000002000 0000000000100000 bits13_84 0 0 64 32.00031 0.16 0 0 0 0 0 0 0 0 0
0000000000002000 0000000000200000 bits13_85 0 0 68 32.00019 0.10 0 0 0 0 0 0 0 0 0
0000000000002000 0000000000400000 bits13_86 0 0 71 31.99955 -0.23 0 0 0 0 0 0 0 0 0
0000000000002000 0000000000800000 bits13_87 0 0 63 31.99877 -0.63 0 0 0 0 0 0 0 0 0
0000000000002000 0000000001000000 bits13_88 0 0 61 32.00152 0.78 0 0 0 0 0 0 0 0 0
0000000000002000 0000000002000000 bits13_89 0 0 68 31.99782 -1.11 0 0 0 0 0 0 0 0 0
0000000000002000 0000000004000000 bits13_90 0 0 79 31.99989 -0.06 0 0 0 0 0 0 0 0 0
0000000000002000 0000000008000000 bits13_91 0 0 57 32.00106 0.54 0 0 0 0 0 0 0 0 0
0000000000002000 0000000010000000 bits13_92 0 0 67 32.00115 0.59 0 0 0 0 0 0 0 0 0
0000000000002000 0000000020000000 bits13_93 0 0 76 32.00131 0.67 0 0 0 0 0 0 0 0 0
0000000000002000 0000000040000000 bits13_94 0 0 67 31.99849 -0.77 0 0 0 0 0 0 0 0 0
0000000000002000 0000000080000000 bits13_95 0 0 59 32.00339 1.74 0 0 0 0 0 0 0 0 0
0000000000002000 0000000100000000 bits13_96 0 0 56 31.99839 -0.83 0 0 0 0 0 0 0 0 0
0000000000002000 0000000200000000 bits13_97 0 0 73 32.00148 0.76 0 0 0 0 0 0 0 0 0
0000000000002000 0000000400000000 bits13_98 0 0 61 32.00072 0.37 0 0 0 0 0 0 0 0 0
0000000000002000 0000000800000000 bits13_99 0 0 82 31.99811 -0.97 0 0 0 0 0 0 0 0 0
0000000000002000 0000001000000000 bits13_100 0 0 59 32.00181 0.92 0 0 0 0 0 0 0 0 0
0000000000002000 0000002000000000 bits13_101 0 0 72 31.99891 -0.56 0 0 0 0 0 0 0 0 0
0000000000002000 0000004000000000 bits13_102 0 0 57 32.00047 0.24 0 0 0 0 0 0 0 0 0
0000000000002000 0000008000000000 bits13_103 0 0 55 31.99956 -0.23 0 0 0 0 0 0 0 0 0
0000000000002000 0000010000000000 bits13_104 0 0 55 31.99959 -0.21 0 0 0 0 0 0 0 0 0
0000000000002000 0000020000000000 bits13_105 0 0 61 32.00203 1.04 0 0 0 0 0 0 0 0 0
0000000000002000 0000040000000000 bits13_106 0 0 64 31.99966 -0.18 0 0 0 0 0 0 0 0 0
0000000000002000 0000080000000000 bits13_107 0 0 66 31.99795 -1.05 0 0 0 0 0 0 0 0 0
0000000000002000 0000100000000000 bits13_108 0 0 65 31.99878 -0.63 0 0 0 0 0 0 0 0 0
0000000000002000 0000200000000000 bits13_109 0 0 57 32.00045 0.23 0 0 0 0 0 0 0 0 0
0000000000002000 0000400000000000 bits13_110 0 0 67 31.99904 -0.49 0 0 0 0 0 0 0 0 0
0000000000002000 0000800000000000 bits13_111 0 0 66 32.00157 0.80 0 0 0 0 0 0 0 0 0
0000000000002000 0001000000000000 bits13_112 0 0 68 32.00057 0.29 0 0 0 0 0 0 0 0 0
0000000000002000 0002000000000000 bits13_113 0 0 50 31.99883 -0.60 0 0 0 0 0 0 0 0 0
0000000000002000 0004000000000000 bits13_114 0 0 66 32.00184 0.94 0 0 0 0 0 0 0 0 0
0000000000002000 0008000000000000 bits13_115 0 0 65 31.99921 -0.40 0 0 0 0 0 0 0 0 0
0000000000002000 0010000000000000 bits13_116 0 0 73 32.00208 1.07 0 0 0 0 0 0 0 0 0
0000000000002000 0020000000000000 bits13_117 0 0 58 31.99765 -1.20 0 0 0 0 0 0 0 0 0
0000000000002000 0040000000000000 bits13_118 0 0 65 32.00021 0.11 0 0 0 0 0 0 0 0 0
0000000000002000 0080000000000000 bits13_119 0 0 73 31.99901 -0.51 0 0 0 0 0 0 0 0 0
0000000000002000 0100000000000000 bits13_120 0 0 49 31.99936 -0.33 0 0 0 0 0 0 0 0 0
0000000000002000 0200000000000000 bits13_121 0 0 70 32.00308 1.58 0 0 0 0 0 0 0 0 0
0000000000002000 0400000000000000 bits13_122 0 0 73 31.99653 -1.78 0 0 0 0 0 0 0 0 0
0000000000002000 0800000000000000 bits13_123 0 0 43 31.99814 -0.95 0 0 0 0 0 0 0 0 0
0000000000002000 1000000000000000 bits13_124 0 0 57 31.99984 -0.08 0 0 0 0 0 0 0 0 0
0000000000002000 2000000000000000 bits13_125 0 0 69 31.99720 -1.44 0 0 0 0 0 0 0 0 0
0000000000002000 4000000000000000 bits13_126 0 0 56 32.00001 0.01 0 0 0 0 0 0 0 0 0
0000000000002000 8000000000000000 bits13_127 0 0 77 32.00002 0.01 0 0 0 0 0 0 0 0 0
000000000000c000 0000000000000000 bits14_15 0 0 71 31.99983 -0.09 0 0 0 0 0 0 0 0 0
0000000000014000 0000000000000000 bits14_16 0 0 61 31.99977 -0.12 0 0 0 0 0 0 0 0 0
0000000000024000 0000000000000000 bits14_17 0 0 54 32.00282 1.44 0 0 0 0 0 0 0 0 0
0000000000044000 0000000000000000 bits14_18 0 0 68 31.99771 -1.17 0 0 0 0 0 0 0 0 0
0000000000084000 0000000000000000 bits14_19 0 0 67 32.00003 0.02 0 0 0 0 0 0 0 0 0
0000000000104000 0000000000000000 bits14_20 0 0 58 32.00279 1.43 0 0 0 0 0 0 0 0 0
0000000000204000 0000000000000000 bits14_21 0 0 69 32.00082 0.42 0 0 0 0 0 0 0 0 0
0000000000404000 0000000000000000 bits14_22 0 0 55 32.00315 1.61 0 0 0 0 0 0 0 0 0
0000000000804000 0000000000000000 bits14_23 0 0 56 32.00084 0.43 0 0 0 0 0 0 0 0 0
0000000001004000 0000000000000000 bits14_24 0 0 52 31.99965 -0.18 0 0 0 0 0 0 0 0 0
0000000002004000 0000000000000000 bits14_25 0 0 58 31.99606 -2.02 0 0 0 0 0 0 0 0 0
0000000004004000 0000000000000000 bits14_26 0 0 66 31.99889 -0.57 0 0 0 0 0 0 0 0 0
0000000008004000 0000000000000000 bits14_27 0 0 61 32.00225 1.15 0 0 0 0 0 0 0 0 0
0000000010004000 0000000000000000 bits14_28 0 0 57 31.99934 -0.34 0 0 0 0 0 0 0 0 0
0000000020004000 0000000000000000 bits14_29 0 0 77 31.99841 -0.82 0 0 0 0 0 0 0 0 0
0000000040004000 0000000000000000 bits14_30 0 0 58 32.00079 0.40 0 0 0 0 0 0 0 0 0
0000000080004000 0000000000000000 bits14_31 0 0 62 31.99623 -1.93 0 0 0 0 0 0 0 0 0
0000000100004000 0000000000000000 bits14_32 0 0 60 31.99987 -0.07 0 0 0 0 0 0 0 0 0
0000000200004000 0000000000000000 bits14_33 0 0 52 31.99842 -0.81 0 0 0 0 0 0 0 0 0
0000000400004000 0000000000000000 bits14_34 0 0 57 32.00654 3.35 0 0 0 0 0 0 0 0 0
0000000800004000 0000000000000000 bits14_35 0 0 44 31.99904 -0.49 0 0 0 0 0 0 0 0 0
0000001000004000 0000000000000000 bits14_36 0 0 69 31.99915 -0.44 0 0 0 0 0 0 0 0 0
0000002000004000 0000000000000000 bits14_37 0 0 82 31.99897 -0.53 0 0 0 0 0 0 0 0 0
0000004000004000 0000000000000000 bits14_38 0 0 70 31.99931 -0.36 0 0 0 0 0 0 0 0 0
0000008000004000 0000000000000000 bits14_39 0 0 68 32.00039 0.20 0 0 0 0 0 0 0 0 0
0000010000004000 0000000000000000 bits14_40 0 0 64 32.00194 0.99 0 0 0 0 0 0 0 0 0
0000020000004000 0000000000000000 bits14_41 0 0 54 32.00092 0.47 0 0 0 0 0 0 0 0 0
0000040000004000 0000000000000000 bits14_42 0 0 79 31.99840 -0.82 0 0 0 0 0 0 0 0 0
0000080000004000 0000000000000000 bits14_43 0 0 67 32.00011 0.06 0 0 0 0 0 0 0 0 0
0000100000004000 0000000000000000 bits14_44 0 0 77 32.00420 2.15 0 0 0 0 0 0 0 0 0
0000200000004000 0000000000000000 bits14_45 0 0 61 31.99904 -0.49 0 0 0 0 0 0 0 0 0
0000400000004000 0000000000000000 bits14_46 0 0 70 32.00003 0.02 0 0 0 0 0 0 0 0 0
0000800000004000 0000000000000000 bits14_47 0 0 66 31.99756 -1.25 0 0 0 0 0 0 0 0 0
0001000000004000 0000000000000000 bits14_48 0 0 73 31.99874 -0.65 0 0 0 0 0 0 0 0 0
0002000000004000 0000000000000000 bits14_49 0 0 51 32.00277 1.42 0 0 0 0 0 0 0 0 0
0004000000004000 0000000000000000 bits14_50 0 0 62 31.99853 -0.76 0 0 0 0 0 0 0 0 0
0008000000004000 0000000000000000 bits14_51 0 0 67 31.99920 -0.41 0 0 0 0 0 0 0 0 0
0010000000004000 0000000000000000 bits14_52 0 0 61 31.99826 -0.89 0 0 0 0 0 0 0 0 0
0020000000004000 0000000000000000 bits14_53 0 0 68 32.00223 1.14 0 0 0 0 0 0 0 0 0
0040000000004000 0000000000000000 bits14_54 0 0 59 32.00080 0.41 0 0 0 0 0 0 0 0 0
0080000000004000 0000000000000000 bits14_55 0 0 76 32.00106 0.54 0 0 0 0 0 0 0 0 0
0100000000004000 0000000000000000 bits14_56 0 0 61 32.00052 0.27 0 0 0 0 0 0 0 0 0
0200000000004000 0000000000000000 bits14_57 0 0 53 31.99773 -1.16 0 0 0 0 0 0 0 0 0
0400000000004000 0000000000000000 bits14_58 0 0 65 31.99986 -0.07 0 0 0 0 0 0 0 0 0
0800000000004000 0000000000000000 bits14_59 0 0 83 31.99644 -1.82 0 0 0 0 0 0 0 0 0
1000000000004000 0000000000000000 bits14_60 0 0 78 32.00144 0.74 0 0 0 0 0 0 0 0 0
2000000000004000 0000000000000000 bits14_61 0 0 64 31.99959 -0.21 0 0 0 0 0 0 0 0 0
4000000000004000 0000000000000000 bits14_62 0 0 56 32.00102 0.52 0 0 0 0 0 0 0 0 0
8000000000004000 0000000000000000 bits14_63 0 0 64 32.00016 0.08 0 0 0 0 0 0 0 0 0
0000000000004000 0000000000000001 bits14_64 0 0 64 32.00152 0.78 0 0 0 0 0 0 0 0 0
0000000000004000 0000000000000002 bits14_65 0 0 65 32.00219 1.12 0 0 0 0 0 0 0 0 0
0000000000004000 0000000000000004 bits14_66 0 0 54 31.99967 -0.17 0 0 0 0 0 0 0 0 0
0000000000004000 0000000000000008 bits14_67 0 0 61 31.99594 -2.08 0 0 0 0 0 0 0 0 0
0000000000004000 0000000000000010 bits14_68 0 0 60 31.99890 -0.57 0 0 0 0 0 0 0 0 0
0000000000004000 0000000000000020 bits14_69 0 0 72 32.00416 2.13 0 0 0 0 0 0 0 0 0
0000000000004000 0000000000000040 bits14_70 0 0 63 32.00438 2.24 0 0 0 0 0 0 0 0 0
0000000000004000 0000000000000080 bits14_71 0 0 65 32.00178 0.91 0 0 0 0 0 0 0 0 0
0000000000004000 0000000000000100 bits14_72 0 0 66 31.99825 -0.90 0 0 0 0 0 0 0 0 0
0000000000004000 0000000000000200 bits14_73 0 0 69 31.99960 -0.20 0 0 0 0 0 0 0 0 0
0000000000004000 0000000000000400 bits14_74 0 0 60 31.99849 -0.77 0 0 0 0 0 0 0 0 0
0000000000004000 0000000000000800 bits14_75 0 0 66 31.99893 -0.55 0 0 0 0 0 0 0 0 0
0000000000004000 0000000000001000 bits14_76 0 0 52 32.00088 0.45 0 0 0 0 0 0 0 0 0
0000000000004000 0000000000002000 bits14_77 0 0 71 31.99848 -0.78 0 0 0 0 0 0 0 0 0
0000000000004000 0000000000004000 bits14_78 0 0 69 31.99710 -1.48 0 0 0 0 0 0 0 0 0
0000000000004000 0000000000008000 bits14_79 0 0 63 32.00025 0.13 0 0 0 0 0 0 0 0 0
0000000000004000 0000000000010000 bits14_80 0 0 55 31.99938 -0.32 0 0 0 0 0 0 0 0 0
0000000000004000 0000000000020000 bits14_81 0 0 65 32.00050 0.26 0 0 0 0 0 0 0 0 0
0000000000004000 0000000000040000 bits14_82 0 0 65 31.99925 -0.38 0 0 0 0 0 0 0 0 0
0000000000004000 0000000000080000 bits14_83 0 0 58 31.99933 -0.34 0 0 0 0 0 0 0 0 0
0000000000004000 0000000000100000 bits14_84 0 0 54 32.00019 0.10 0 0 0 0 0 0 0 0 0
0000000000004000 0000000000200000 bits14_85 0 0 60 32.00095 0.49 0 0 0 0 0 0 0 0 0
0000000000004000 0000000000400000 bits14_86 0 0 57 31.99809 -0.98 0 0 0 0 0 0 0 0 0
0000000000004000 0000000000800000 bits14_87 0 0 63 31.99924 -0.39 0 0 0 0 0 0 0 0 0
0000000000004000 0000000001000000 bits14_88 0 0 70 31.99919 -0.41 0 0 0 0 0 0 0 0 0
0000000000004000 0000000002000000 bits14_89 0 0 69 31.99829 -0.87 0 0 0 0 0 0 0 0 0
0000000000004000 0000000004000000 bits14_90 0 0 67 31.99969 -0.16 0 0 0 0 0 0 0 0 0
0000000000004000 0000000008000000 bits14_91 0 0 67 31.99730 -1.38 0 0 0 0 0 0 0 0 0
0000000000004000 0000000010000000 bits14_92 0 0 81 32.00012 0.06 0 0 0 0 0 0 0 0 0
0000000000004000 0000000020000000 bits14_93 0 0 58 31.99535 -2.38 0 0 0 0 0 0 0 0 0
0000000000004000 0000000040000000 bits14_94 0 0 70 31.99845 -0.79 0 0 0 0 0 0 0 0 0
0000000000004000 0000000080000000 bits14_95 0 0 51 31.99891 -0.56 0 0 0 0 0 0 0 0 0
0000000000004000 0000000100000000 bits14_96 0 0 71 31.99777 -1.14 0 0 0 0 0 0 0 0 0
0000000000004000 0000000200000000 bits14_97 0 0 58 31.99629 -1.90 0 0 0 0 0 0 0 0 0
0000000000004000 0000000400000000 bits14_98 0 0 62 31.99983 -0.09 0 0 0 0 0 0 0 0 0
0000000000004000 0000000800000000 bits14_99 0 0 77 31.99818 -0.93 0 0 0 0 0 0 0 0 0
0000000000004000 0000001000000000 bits14_100 0 0 58 32.00011 0.06 0 0 0 0 0 0 0 0 0
0000000000004000 0000002000000000 bits14_101 0 0 68 31.99928 -0.37 0 0 0 0 0 0 0 0 0
0000000000004000 0000004000000000 bits14_102 0 0 63 32.00264 1.35 0 0 0 0 0 0 0 0 0
0000000000004000 0000008000000000 bits14_103 0 0 75 31.99858 -0.73 0 0 0 0 0 0 0 0 0
0000000000004000 0000010000000000 bits14_104 0 0 64 31.99982 -0.09 0 0 0 0 0 0 0 0 0
0000000000004000 0000020000000000 bits14_105 0 0 62 32.00448 2.30 0 0 0 0 0 0 0 0 0
0000000000004000 0000040000000000 bits14_106 0 0 62 32.00296 1.52 0 0 0 0 0 0 0 0 0
0000000000004000 0000080000000000 bits14_107 0 0 66 31.99707 -1.50 0 0 0 0 0 0 0 0 0
0000000000004000 0000100000000000 bits14_108 0 0 58 32.00193 0.99 0 0 0 0 0 0 0 0 0
0000000000004000 0000200000000000 bits14_109 0 0 65 31.99950 -0.26 0 0 0 0 0 0 0 0 0
0000000000004000 0000400000000000 bits14_110 0 0 73 32.00202 1.03 0 0 0 0 0 0 0 0 0
0000000000004000 0000800000000000 bits14_111 0 0 59 32.00109 0.56 0 0 0 0 0 0 0 0 0
0000000000004000 0001000000000000 bits14_112 0 0 70 32.00200 1.02 0 0 0 0 0 0 0 0 0
0000000000004000 0002000000000000 bits14_113 0 0 57 32.00015 0.08 0 0 0 0 0 0 0 0 0
0000000000004000 0004000000000000 bits14_114 0 0 60 31.99831 -0.86 0 0 0 0 0 0 0 0 0
0000000000004000 0008000000000000 bits14_115 0 0 60 32.00304 1.56 0 0 0 0 0 0 0 0 0
0000000000004000 0010000000000000 bits14_116 0 0 51 32.00134 0.68 0 0 0 0 0 0 0 0 0
0000000000004000 0020000000000000 bits14_117 0 0 65 32.00226 1.16 0 0 0 0 0 0 0 0 0
0000000000004000 0040000000000000 bits14_118 0 0 58 31.99727 -1.40 0 0 0 0 0 0 0 0 0
0000000000004000 0080000000000000 bits14_119 0 0 50 32.00085 0.43 0 0 0 0 0 0 0 0 0
0000000000004000 0100000000000000 bits14_120 0 0 66 31.99839 -0.82 0 0 0 0 0 0 0 0 0
0000000000004000 0200000000000000 bits14_121 0 0 68 31.99957 -0.22 0 0 0 0 0 0 0 0 0
0000000000004000 0400000000000000 bits14_122 0 0 61 31.99814 -0.95 0 0 0 0 0 0 0 0 0
0000000000004000 0800000000000000 bits14_123 0 0 80 32.00030 0.15 0 0 0 0 0 0 0 0 0
0000000000004000 1000000000000000 bits14_124 0 0 68 31.99944 -0.29 0 0 0 0 0 0 0 0 0
0000000000004000 2000000000000000 bits14_125 0 0 55 32.00020 0.10 0 0 0 0 0 0 0 0 0
0000000000004000 4000000000000000 bits14_126 0 0 64 32.00015 0.08 0 0 0 0 0 0 0 0 0
0000000000004000 8000000000000000 bits14_127 0 0 75 31.99980 -0.10 0 0 0 0 0 0 0 0 0
0000000000018000 0000000000000000 bits15_16 0 0 65 31.99979 -0.11 0 0 0 0 0 0 0 0 0
0000000000028000 0000000000000000 bits15_17 0 0 54 31.99991 -0.05 0 0 0 0 0 0 0 0 0
0000000000048000 0000000000000000 bits15_18 0 0 75 31.99898 -0.52 0 0 0 0 0 0 0 0 0
0000000000088000 0000000000000000 bits15_19 0 0 69 31.99888 -0.57 0 0 0 0 0 0 0 0 0
0000000000108000 0000000000000000 bits15_20 0 0 58 31.99857 -0.73 0 0 0 0 0 0 0 0 0
0000000000208000 0000000000000000 bits15_21 0 0 55 31.99974 -0.14 0 0 0 0 0 0 0 0 0
0000000000408000 0000000000000000 bits15_22 0 0 80 32.00044 0.22 0 0 0 0 0 0 0 0 0
0000000000808000 0000000000000000 bits15_23 0 0 70 31.99997 -0.02 0 0 0 0 0 0 0 0 0
0000000001008000 0000000000000000 bits15_24 0 0 60 31.99808 -0.98 0 0 0 0 0 0 0 0 0
0000000002008000 0000000000000000 bits15_25 0 0 58 32.00045 0.23 0 0 0 0 0 0 0 0 0
0000000004008000 0000000000000000 bits15_26 0 0 70 31.99788 -1.09 0 0 0 0 0 0 0 0 0
0000000008008000 0000000000000000 bits15_27 0 0 53 32.00480 2.46 0 0 0 0 0 0 0 0 0
0000000010008000 0000000000000000 bits15_28 0 0 63 32.00207 1.06 0 0 0 0 0 0 0 0 0
0000000020008000 0000000000000000 bits15_29 0 0 75 32.00015 0.08 0 0 0 0 0 0 0 0 0
0000000040008000 0000000000000000 bits15_30 0 0 73 32.00275 1.41 0 0 0 0 0 0 0 0 0
0000000080008000 0000000000000000 bits15_31 0 0 61 31.99650 -1.79 0 0 0 0 0 0 0 0 0
0000000100008000 0000000000000000 bits15_32 0 0 59 32.00343 1.76 0 0 0 0 0 0 0 0 0
0000000200008000 0000000000000000 bits15_33 0 0 67 31.99930 -0.36 0 0 0 0 0 0 0 0 0
0000000400008000 0000000000000000 bits15_34 0 0 67 32.00121 0.62 0 0 0 0 0 0 0 0 0
0000000800008000 0000000000000000 bits15_35 0 0 77 31.99992 -0.04 0 0 0 0 0 0 0 0 0
0000001000008000 0000000000000000 bits15_36 0 0 67 31.99838 -0.83 0 0 0 0 0 0 0 0 0
0000002000008000 0000000000000000 bits15_37 0 0 66 31.99954 -0.24 0 0 0 0 0 0 0 0 0
0000004000008000 0000000000000000 bits15_38 0 0 61 32.00079 0.41 0 0 0 0 0 0 0 0 0
0000008000008000 0000000000000000 bits15_39 0 0 87 32.00227 1.16 0 0 0 0 0 0 0 0 0
0000010000008000 0000000000000000 bits15_40 0 0 72 31.99994 -0.03 0 0 0 0 0 0 0 0 0
0000020000008000 0000000000000000 bits15_41 0 0 66 31.99717 -1.45 0 0 0 0 0 0 0 0 0
0000040000008000 0000000000000000 bits15_42 0 0 59 32.00345 1.77 0 0 0 0 0 0 0 0 0
0000080000008000 0000000000000000 bits15_43 0 0 62 32.00032 0.16 0 0 0 0 0 0 0 0 0
0000100000008000 0000000000000000 bits15_44 0 0 63 31.99898 -0.52 0 0 0 0 0 0 0 0 0
0000200000008000 0000000000000000 bits15_45 0 0 71 32.00206 1.06 0 0 0 0 0 0 0 0 0
0000400000008000 0000000000000000 bits15_46 0 0 52 32.00112 0.57 0 0 0 0 0 0 0 0 0
0000800000008000 0000000000000000 bits15_47 0 0 73 31.99854 -0.75 0 0 0 0 0 0 0 0 0
0001000000008000 0000000000000000 bits15_48 0 0 58 31.99996 -0.02 0 0 0 0 0 0 0 0 0
0002000000008000 0000000000000000 bits15_49 0 0 68 32.00055 0.28 0 0 0 0 0 0 0 0 0
0004000000008000 0000000000000000 bits15_50 0 0 57 32.00016 0.08 0 0 0 0 0 0 0 0 0
0008000000008000 0000000000000000 bits15_51 0 0 64 31.99944 -0.28 0 0 0 0 0 0 0 0 0
0010000000008000 0000000000000000 bits15_52 0 0 67 31.99961 -0.20 0 0 0 0 0 0 0 0 0
0020000000008000 0000000000000000 bits15_53 0 0 69 31.99930 -0.36 0 0 0 0 0 0 0 0 0
0040000000008000 0000000000000000 bits15_54 0 0 58 31.99843 -0.81 0 0 0 0 0 0 0 0 0
0080000000008000 0000000000000000 bits15_55 0 0 70 32.00227 1.16 0 0 0 0 0 0 0 0 0
0100000000008000 0000000000000000 bits15_56 0 0 66 31.99737 -1.35 0 0 0 0 0 0 0 0 0
0200000000008000 0000000000000000 bits15_57 0 0 57 31.99903 -0.50 0 0 0 0 0 0 0 0 0
0400000000008000 0000000000000000 bits15_58 0 0 57 32.00017 0.09 0 0 0 0 0 0 0 0 0
0800000000008000 0000000000000000 bits15_59 0 0 57 32.00239 1.22 0 0 0 0 0 0 0 0 0
1000000000008000 0000000000000000 bits15_60 0 0 63 31.99935 -0.33 0 0 0 0 0 0 0 0 0
2000000000008000 0000000000000000 bits15_61 0 0 66 31.99629 -1.90 0 0 0 0 0 0 0 0 0
4000000000008000 0000000000000000 bits15_62 0 0 66 31.99966 -0.17 0 0 0 0 0 0 0 0 0
8000000000008000 0000000000000000 bits15_63 0 0 56 32.00356 1.82 0 0 0 0 0 0 0 0 0
0000000000008000 0000000000000001 bits15_64 0 0 53 32.00151 0.78 0 0 0 0 0 0 0 0 0
0000000000008000 0000000000000002 bits15_65 0 0 57 31.99936 -0.33 0 0 0 0 0 0 0 0 0
0000000000008000 0000000000000004 bits15_66 0 0 60 31.99633 -1.88 0 0 0 0 0 0 0 0 0
0000000000008000 0000000000000008 bits15_67 0 0 69 32.00033 0.17 0 0 0 0 0 0 0 0 0
0000000000008000 0000000000000010 bits15_68 0 0 65 31.99809 -0.98 0 0 0 0 0 0 0 0 0
0000000000008000 0000000000000020 bits15_69 0 0 55 31.99834 -0.85 0 0 0 0 0 0 0 0 0
0000000000008000 0000000000000040 bits15_70 0 0 63 32.00049 0.25 0 0 0 0 0 0 0 0 0
0000000000008000 0000000000000080 bits15_71 0 0 84 32.00104 0.53 0 0 0 0 0 0 0 0 0
0000000000008000 0000000000000100 bits15_72 0 0 65 32.00173 0.89 0 0 0 0 0 0 0 0 0
0000000000008000 0000000000000200 bits15_73 0 0 81 32.00004 0.02 0 0 0 0 0 0 0 0 0
0000000000008000 0000000000000400 bits15_74 0 0 54 32.00019 0.10 0 0 0 0 0 0 0 0 0
0000000000008000 0000000000000800 bits15_75 0 0 59 32.00050 0.26 0 0 0 0 0 0 0 0 0
0000000000008000 0000000000001000 bits15_76 0 0 61 31.99748 -1.29 0 0 0 0 0 0 0 0 0
0000000000008000 0000000000002000 bits15_77 0 0 50 31.99891 -0.56 0 0 0 0 0 0 0 0 0
0000000000008000 0000000000004000 bits15_78 0 0 58 32.00098 0.50 0 0 0 0 0 0 0 0 0
0000000000008000 0000000000008000 bits15_79 0 0 72 31.99803 -1.01 0 0 0 0 0 0 0 0 0
0000000000008000 0000000000010000 bits15_80 0 0 60 32.00063 0.32 0 0 0 0 0 0 0 0 0
0000000000008000 0000000000020000 bits15_81 0 0 67 32.00029 0.15 0 0 0 0 0 0 0 0 0
0000000000008000 0000000000040000 bits15_82 0 0 62 32.00278 1.43 0 0 0 0 0 0 0 0 0
0000000000008000 0000000000080000 bits15_83 0 0 59 32.00189 0.97 0 0 0 0 0 0 0 0 0
0000000000008000 0000000000100000 bits15_84 0 0 52 31.99853 -0.75 0 0 0 0 0 0 0 0 0
0000000000008000 0000000000200000 bits15_85 0 0 58 32.00136 0.69 0 0 0 0 0 0 0 0 0
0000000000008000 0000000000400000 bits15_86 0 0 69 32.00106 0.54 0 0 0 0 0 0 0 0 0
0000000000008000 0000000000800000 bits15_87 0 0 78 32.00278 1.42 0 0 0 0 0 0 0 0 0
0000000000008000 0000000001000000 bits15_88 0 0 70 32.00025 0.13 0 0 0 0 0 0 0 0 0
0000000000008000 0000000002000000 bits15_89 0 0 55 31.99903 -0.49 0 0 0 0 0 0 0 0 0
0000000000008000 0000000004000000 bits15_90 0 0 72 32.00164 0.84 0 0 0 0 0 0 0 0 0
0000000000008000 0000000008000000 bits15_91 0 0 65 31.99757 -1.24 0 0 0 0 0 0 0 0 0
0000000000008000 0000000010000000 bits15_92 0 0 54 32.00206 1.05 0 0 0 0 0 0 0 0 0
0000000000008000 0000000020000000 bits15_93 0 0 60 31.99986 -0.07 0 0 0 0 0 0 0 0 0
0000000000008000 0000000040000000 bits15_94 0 0 67 32.00227 1.16 0 0 0 0 0 0 0 0 0
0000000000008000 0000000080000000 bits15_95 0 0 59 31.99713 -1.47 0 0 0 0 0 0 0 0 0
0000000000008000 0000000100000000 bits15_96 0 0 67 31.99668 -1.70 0 0 0 0 0 0 0 0 0
0000000000008000 0000000200000000 bits15_97 0 0 61 31.99944 -0.29 0 0 0 0 0 0 0 0 0
0000000000008000 0000000400000000 bits15_98 0 0 56 31.99887 -0.58 0 0 0 0 0 0 0 0 0
0000000000008000 0000000800000000 bits15_99 0 0 68 32.00196 1.01 0 0 0 0 0 0 0 0 0
0000000000008000 0000001000000000 bits15_100 0 0 74 31.99970 -0.15 0 0 0 0 0 0 0 0 0
0000000000008000 0000002000000000 bits15_101 0 0 70 32.00156 0.80 0 0 0 0 0 0 0 0 0
0000000000008000 0000004000000000 bits15_102 0 0 55 32.00107 0.55 0 0 0 0 0 0 0 0 0
0000000000008000 0000008000000000 bits15_103 0 0 65 32.00062 0.32 0 0 0 0 0 0 0 0 0
0000000000008000 0000010000000000 bits15_104 0 0 63 32.00122 0.63 0 0 0 0 0 0 0 0 0
0000000000008000 0000020000000000 bits15_105 0 0 60 32.00064 0.33 0 0 0 0 0 0 0 0 0
0000000000008000 0000040000000000 bits15_106 0 0 68 32.00205 1.05 0 0 0 0 0 0 0 0 0
0000000000008000 0000080000000000 bits15_107 0 0 68 32.00402 2.06 0 0 0 0 0 0 0 0 0
0000000000008000 0000100000000000 bits15_108 0 0 74 31.99731 -1.38 0 0 0 0 0 0 0 0 0
0000000000008000 0000200000000000 bits15_109 0 0 51 32.00129 0.66 0 0 0 0 0 0 0 0 0
0000000000008000 0000400000000000 bits15_110 0 0 66 31.99754 -1.26 0 0 0 0 0 0 0 0 0
0000000000008000 0000800000000000 bits15_111 0 0 67 31.99592 -2.09 0 0 0 0 0 0 0 0 0
0000000000008000 0001000000000000 bits15_112 0 0 65 31.99791 -1.07 0 0 0 0 0 0 0 0 0
0000000000008000 0002000000000000 bits15_113 0 0 68 31.99560 -2.25 0 0 0 0 0 0 0 0 0
0000000000008000 0004000000000000 bits15_114 0 0 72 31.99798 -1.03 0 0 0 0 0 0 0 0 0
0000000000008000 0008000000000000 bits15_115 0 0 62 32.00200 1.02 0 0 0 0 0 0 0 0 0
0000000000008000 0010000000000000 bits15_116 0 0 65 32.00078 0.40 0 0 0 0 0 0 0 0 0
0000000000008000 0020000000000000 bits15_117 0 0 79 32.00054 0.28 0 0 0 0 0 0 0 0 0
0000000000008000 0040000000000000 bits15_118 0 0 70 32.00158 0.81 0 0 0 0 0 0 0 0 0
0000000000008000 0080000000000000 bits15_119 0 0 61 32.00013 0.07 0 0 0 0 0 0 0 0 0
0000000000008000 0100000000000000 bits15_120 0 0 54 31.99861 -0.71 0 0 0 0 0 0 0 0 0
0000000000008000 0200000000000000 bits15_121 0 0 55 31.99970 -0.16 0 0 0 0 0 0 0 0 0
0000000000008000 0400000000000000 bits15_122 0 0 67 32.00053 0.27 0 0 0 0 0 0 0 0 0
0000000000008000 0800000000000000 bits15_123 0 0 73 32.00013 0.06 0 0 0 0 0 0 0 0 0
0000000000008000 1000000000000000 bits15_124 0 0 64 32.00064 0.33 0 0 0 0 0 0 0 0 0
0000000000008000 2000000000000000 bits15_125 0 0 71 32.00154 0.79 0 0 0 0 0 0 0 0 0
0000000000008000 4000000000000000 bits15_126 0 0 68 32.00243 1.24 0 0 0 0 0 0 0 0 0
0000000000008000 8000000000000000 bits15_127 0 0 76 31.99727 -1.40 0 0 0 0 0 0 0 0 0
0000000000030000 0000000000000000 bits16_17 0 0 57 31.99966 -0.17 0 0 0 0 0 0 0 0 0
0000000000050000 0000000000000000 bits16_18 0 0 55 32.00413 2.11 0 0 0 0 0 0 0 0 0
0000000000090000 0000000000000000 bits16_19 0 0 72 31.99787 -1.09 0 0 0 0 0 0 0 0 0
0000000000110000 0000000000000000 bits16_20 0 0 71 32.00013 0.07 0 0 0 0 0 0 0 0 0
0000000000210000 0000000000000000 bits16_21 0 0 69 31.99974 -0.14 0 0 0 0 0 0 0 0 0
0000000000410000 0000000000000000 bits16_22 0 0 69 32.00053 0.27 0 0 0 0 0 0 0 0 0
0000000000810000 0000000000000000 bits16_23 0 0 69 31.99900 -0.51 0 0 0 0 0 0 0 0 0
0000000001010000 0000000000000000 bits16_24 0 0 60 32.00126 0.65 0 0 0 0 0 0 0 0 0
0000000002010000 0000000000000000 bits16_25 0 0 72 32.00002 0.01 0 0 0 0 0 0 0 0 0
0000000004010000 0000000000000000 bits16_26 0 0 61 32.00154 0.79 0 0 0 0 0 0 0 0 0
0000000008010000 0000000000000000 bits16_27 0 0 76 32.00097 0.50 0 0 0 0 0 0 0 0 0
0000000010010000 0000000000000000 bits16_28 0 0 56 31.99963 -0.19 0 0 0 0 0 0 0 0 0
0000000020010000 0000000000000000 bits16_29 0 0 54 32.00148 0.76 0 0 0 0 0 0 0 0 0
0000000040010000 0000000000000000 bits16_30 0 0 55 31.99946 -0.27 0 0 0 0 0 0 0 0 0
0000000080010000 0000000000000000 bits16_31 0 0 56 31.99519 -2.46 0 0 0 0 0 0 0 0 0
0000000100010000 0000000000000000 bits16_32 0 0 81 32.00109 0.56 0 0 0 0 0 0 0 0 0
0000000200010000 0000000000000000 bits16_33 0 0 59 31.99797 -1.04 0 0 0 0 0 0 0 0 0
0000000400010000 0000000000000000 bits16_34 0 0 60 31.99733 -1.37 0 0 0 0 0 0 0 0 0
0000000800010000 0000000000000000 bits16_35 0 0 78 31.99942 -0.30 0 0 0 0 0 0 0 0 0
0000001000010000 0000000000000000 bits16_36 0 0 60 32.00095 0.49 0 0 0 0 0 0 0 0 0
0000002000010000 0000000000000000 bits16_37 0 0 57 32.00162 0.83 0 0 0 0 0 0 0 0 0
0000004000010000 0000000000000000 bits16_38 0 0 65 32.00070 0.36 0 0 0 0 0 0 0 0 0
0000008000010000 0000000000000000 bits16_39 0 0 51 32.00154 0.79 0 0 0 0 0 0 0 0 0
0000010000010000 0000000000000000 bits16_40 0 0 55 32.00025 0.13 0 0 0 0 0 0 0 0 0
0000020000010000 0000000000000000 bits16_41 0 0 65 31.99854 -0.75 0 0 0 0 0 0 0 0 0
0000040000010000 0000000000000000 bits16_42 0 0 56 32.00054 0.28 0 0 0 0 0 0 0 0 0
0000080000010000 0000000000000000 bits16_43 0 0 61 31.99968 -0.17 0 0 0 0 0 0 0 0 0
0000100000010000 0000000000000000 bits16_44 0 0 58 32.00168 0.86 0 0 0 0 0 0 0 0 0
0000200000010000 0000000000000000 bits16_45 0 0 70 31.99847 -0.79 0 0 0 0 0 0 0 0 0
0000400000010000 0000000000000000 bits16_46 0 0 78 32.00131 0.67 0 0 0 0 0 0 0 0 0
0000800000010000 0000000000000000 bits16_47 0 0 65 31.99645 -1.82 0 0 0 0 0 0 0 0 0
0001000000010000 0000000000000000 bits16_48 0 0 53 31.99735 -1.36 0 0 0 0 0 0 0 0 0
0002000000010000 0000000000000000 bits16_49 0 0 59 31.99966 -0.17 0 0 0 0 0 0 0 0 0
0004000000010000 0000000000000000 bits16_50 0 0 68 32.00325 1.66 0 0 0 0 0 0 0 0 0
0008000000010000 0000000000000000 bits16_51 0 0 63 31.99793 -1.06 0 0 0 0 0 0 0 0 0
0010000000010000 0000000000000000 bits16_52 0 0 69 31.99993 -0.03 0 0 0 0 0 0 0 0 0
0020000000010000 0000000000000000 bits16_53 0 0 73 31.99866 -0.68 0 0 0 0 0 0 0 0 0
0040000000010000 0000000000000000 bits16_54 0 0 74 32.00138 0.71 0 0 0 0 0 0 0 0 0
0080000000010000 0000000000000000 bits16_55 0 0 59 32.00357 1.83 0 0 0 0 0 0 0 0 0
0100000000010000 0000000000000000 bits16_56 0 0 60 32.00026 0.13 0 0 0 0 0 0 0 0 0
0200000000010000 0000000000000000 bits16_57 0 0 72 31.99690 -1.59 0 0 0 0 0 0 0 0 0
0400000000010000 0000000000000000 bits16_58 0 0 52 32.00015 0.08 0 0 0 0 0 0 0 0 0
0800000000010000 0000000000000000 bits16_59 0 0 51 32.00034 0.18 0 0 0 0 0 0 0 0 0
1000000000010000 0000000000000000 bits16_60 0 0 68 31.99891 -0.56 0 0 0 0 0 0 0 0 0
2000000000010000 0000000000000000 bits16_61 0 0 67 32.00142 0.73 0 0 0 0 0 0 0 0 0
4000000000010000 0000000000000000 bits16_62 0 0 72 32.00236 1.21 0 0 0 0 0 0 0 0 0
8000000000010000 0000000000000000 bits16_63 0 0 76 31.99682 -1.63 0 0 0 0 0 0 0 0 0
0000000000010000 0000000000000001 bits16_64 0 0 62 32.00034 0.17 0 0 0 0 0 0 0 0 0
0000000000010000 0000000000000002 bits16_65 0 0 70 32.00116 0.59 0 0 0 0 0 0 0 0 0
0000000000010000 0000000000000004 bits16_66 0 0 66 32.00010 0.05 0 0 0 0 0 0 0 0 0
0000000000010000 0000000000000008 bits16_67 0 0 74 31.99975 -0.13 0 0 0 0 0 0 0 0 0
0000000000010000 0000000000000010 bits16_68 0 0 61 32.00198 1.02 0 0 0 0 0 0 0 0 0
0000000000010000 0000000000000020 bits16_69 0 0 76 32.00051 0.26 0 0 0 0 0 0 0 0 0
0000000000010000 0000000000000040 bits16_70 0 0 40 32.00216 1.10 0 0 0 0 0 0 0 0 0
0000000000010000 0000000000000080 bits16_71 0 0 48 31.99968 -0.16 0 0 0 0 0 0 0 0 0
0000000000010000 0000000000000100 bits16_72 0 0 72 31.99661 -1.74 0 0 0 0 0 0 0 0 0
0000000000010000 0000000000000200 bits16_73 0 0 62 32.00160 0.82 0 0 0 0 0 0 0 0 0
0000000000010000 0000000000000400 bits16_74 0 0 58 31.99769 -1.18 0 0 0 0 0 0 0 0 0
0000000000010000 0000000000000800 bits16_75 0 0 68 32.00497 2.55 0 0 0 0 0 0 0 0 0
0000000000010000 0000000000001000 bits16_76 0 0 66 31.99981 -0.10 0 0 0 0 0 0 0 0 0
0000000000010000 0000000000002000 bits16_77 0 0 64 32.00178 0.91 0 0 0 0 0 0 0 0 0
0000000000010000 0000000000004000 bits16_78 0 0 51 32.00011 0.05 0 0 0 0 0 0 0 0 0
0000000000010000 0000000000008000 bits16_79 0 0 71 32.00199 1.02 0 0 0 0 0 0 0 0 0
0000000000010000 0000000000010000 bits16_80 0 0 68 31.99852 -0.76 0 0 0 0 0 0 0 0 0
0000000000010000 0000000000020000 bits16_81 0 0 62 31.99782 -1.12 0 0 0 0 0 0 0 0 0
0000000000010000 0000000000040000 bits16_82 0 0 75 31.99875 -0.64 0 0 0 0 0 0 0 0 0
0000000000010000 0000000000080000 bits16_83 0 0 63 32.00023 0.12 0 0 0 0 0 0 0 0 0
0000000000010000 0000000000100000 bits16_84 0 0 77 31.99875 -0.64 0 0 0 0 0 0 0 0 0
0000000000010000 0000000000200000 bits16_85 0 0 74 31.99789 -1.08 0 0 0 0 0 0 0 0 0
0000000000010000 0000000000400000 bits16_86 0 0 61 32.00176 0.90 0 0 0 0 0 0 0 0 0
0000000000010000 0000000000800000 bits16_87 0 0 63 32.00192 0.98 0 0 0 0 0 0 0 0 0
0000000000010000 0000000001000000 bits16_88 0 0 54 32.00144 0.74 0 0 0 0 0 0 0 0 0
0000000000010000 0000000002000000 bits16_89 0 0 58 31.99771 -1.17 0 0 0 0 0 0 0 0 0
0000000000010000 0000000004000000 bits16_90 0 0 66 32.00166 0.85 0 0 0 0 0 0 0 0 0
0000000000010000 0000000008000000 bits16_91 0 0 57 31.99953 -0.24 0 0 0 0 0 0 0 0 0
0000000000010000 0000000010000000 bits16_92 0 0 62 32.00062 0.32 0 0 0 0 0 0 0 0 0
0000000000010000 0000000020000000 bits16_93 0 0 57 31.99732 -1.37 0 0 0 0 0 0 0 0 0
0000000000010000 0000000040000000 bits16_94 0 0 72 32.00160 0.82 0 0 0 0 0 0 0 0 0
0000000000010000 0000000080000000 bits16_95 0 0 59 32.00057 0.29 0 0 0 0 0 0 0 0 0
0000000000010000 0000000100000000 bits16_96 0 0 79 31.99807 -0.99 0 0 0 0 0 0 0 0 0
0000000000010000 0000000200000000 bits16_97 0 0 47 32.00044 0.23 0 0 0 0 0 0 0 0 0
0000000000010000 0000000400000000 bits16_98 0 0 69 32.00029 0.15 0 0 0 0 0 0 0 0 0
0000000000010000 0000000800000000 bits16_99 0 0 65 32.00310 1.59 0 0 0 0 0 0 0 0 0
0000000000010000 0000001000000000 bits16_100 0 0 76 32.00208 1.06 0 0 0 0 0 0 0 0 0
0000000000010000 0000002000000000 bits16_101 0 0 58 32.00079 0.40 0 0 0 0 0 0 0 0 0
0000000000010000 0000004000000000 bits16_102 0 0 66 32.00083 0.43 0 0 0 0 0 0 0 0 0
0000000000010000 0000008000000000 bits16_103 0 0 57 31.99996 -0.02 0 0 0 0 0 0 0 0 0
0000000000010000 0000010000000000 bits16_104 0 0 61 32.00332 1.70 0 0 0 0 0 0 0 0 0
0000000000010000 0000020000000000 bits16_105 0 0 54 31.99806 -0.99 0 0 0 0 0 0 0 0 0
0000000000010000 0000040000000000 bits16_106 0 0 76 32.00145 0.74 0 0 0 0 0 0 0 0 0
0000000000010000 0000080000000000 bits16_107 0 0 79 31.99945 -0.28 0 0 0 0 0 0 0 0 0
0000000000010000 0000100000000000 bits16_108 0 0 76 31.99795 -1.05 0 0 0 0 0 0 0 0 0
0000000000010000 0000200000000000 bits16_109 0 0 71 31.99937 -0.32 0 0 0 0 0 0 0 0 0
0000000000010000 0000400000000000 bits16_110 0 0 66 31.99757 -1.25 0 0 0 0 0 0 0 0 0
