# variant=24 W=1 log2keys=24 seed=9239 mode=R N=16777216
# d0 d1 name coll low32 low16 meanpop z hist0..8
0000000000010100 0000000000000000 bits8_16 0 0 261 31.99863 -1.40 0 0 0 0 0 0 0 0 0
0000000000020100 0000000000000000 bits8_17 0 0 268 32.00181 1.85 0 0 0 0 0 0 0 0 0
0000000000040100 0000000000000000 bits8_18 0 0 243 31.99981 -0.20 0 0 0 0 0 0 0 0 0
0000000000080100 0000000000000000 bits8_19 0 0 260 32.00118 1.21 0 0 0 0 0 0 0 0 0
0000000000100100 0000000000000000 bits8_20 0 0 270 31.99848 -1.56 0 0 0 0 0 0 0 0 0
0000000000200100 0000000000000000 bits8_21 0 0 282 31.99961 -0.40 0 0 0 0 0 0 0 0 0
0000000000400100 0000000000000000 bits8_22 0 0 247 32.00096 0.98 0 0 0 0 0 0 0 0 0
0000000000800100 0000000000000000 bits8_23 0 0 253 32.00035 0.36 0 0 0 0 0 0 0 0 0
0000000001000100 0000000000000000 bits8_24 0 0 271 31.99852 -1.52 0 0 0 0 0 0 0 0 0
0000000002000100 0000000000000000 bits8_25 0 0 265 32.00064 0.66 0 0 0 0 0 0 0 0 0
0000000004000100 0000000000000000 bits8_26 0 0 245 31.99939 -0.63 0 0 0 0 0 0 0 0 0
0000000008000100 0000000000000000 bits8_27 0 0 234 31.99941 -0.60 0 0 0 0 0 0 0 0 0
0000000010000100 0000000000000000 bits8_28 0 0 292 31.99989 -0.11 0 0 0 0 0 0 0 0 0
0000000020000100 0000000000000000 bits8_29 0 0 253 32.00066 0.67 0 0 0 0 0 0 0 0 0
0000000040000100 0000000000000000 bits8_30 0 0 244 31.99905 -0.97 0 0 0 0 0 0 0 0 0
0000000080000100 0000000000000000 bits8_31 0 0 235 32.00119 1.21 0 0 0 0 0 0 0 0 0
0000000100000100 0000000000000000 bits8_32 0 0 276 32.00084 0.86 0 0 0 0 0 0 0 0 0
0000000200000100 0000000000000000 bits8_33 0 0 220 32.00066 0.68 0 0 0 0 0 0 0 0 0
0000000400000100 0000000000000000 bits8_34 0 0 250 32.00100 1.02 0 0 0 0 0 0 0 0 0
0000000800000100 0000000000000000 bits8_35 0 0 269 31.99902 -1.00 0 0 0 0 0 0 0 0 0
0000001000000100 0000000000000000 bits8_36 0 0 234 32.00022 0.22 0 0 0 0 0 0 0 0 0
0000002000000100 0000000000000000 bits8_37 0 0 258 31.99889 -1.14 0 0 0 0 0 0 0 0 0
0000004000000100 0000000000000000 bits8_38 0 0 257 31.99867 -1.37 0 0 0 0 0 0 0 0 0
0000008000000100 0000000000000000 bits8_39 0 0 268 31.99961 -0.39 0 0 0 0 0 0 0 0 0
0000010000000100 0000000000000000 bits8_40 0 0 259 31.99966 -0.35 0 0 0 0 0 0 0 0 0
0000020000000100 0000000000000000 bits8_41 0 0 279 31.99916 -0.86 0 0 0 0 0 0 0 0 0
0000040000000100 0000000000000000 bits8_42 0 0 235 32.00119 1.22 0 0 0 0 0 0 0 0 0
0000080000000100 0000000000000000 bits8_43 0 0 246 31.99976 -0.25 0 0 0 0 0 0 0 0 0
0000100000000100 0000000000000000 bits8_44 0 0 269 32.00113 1.15 0 0 0 0 0 0 0 0 0
0000200000000100 0000000000000000 bits8_45 0 0 254 31.99904 -0.98 0 0 0 0 0 0 0 0 0
0000400000000100 0000000000000000 bits8_46 0 0 254 31.99979 -0.21 0 0 0 0 0 0 0 0 0
0000800000000100 0000000000000000 bits8_47 0 0 228 32.00105 1.07 0 0 0 0 0 0 0 0 0
0001000000000100 0000000000000000 bits8_48 0 0 288 31.99882 -1.20 0 0 0 0 0 0 0 0 0
0002000000000100 0000000000000000 bits8_49 0 0 262 32.00261 2.67 0 0 0 0 0 0 0 0 0
0004000000000100 0000000000000000 bits8_50 0 0 261 31.99911 -0.91 0 0 0 0 0 0 0 0 0
0008000000000100 0000000000000000 bits8_51 0 0 267 31.99942 -0.60 0 0 0 0 0 0 0 0 0
0010000000000100 0000000000000000 bits8_52 0 0 235 32.00216 2.21 0 0 0 0 0 0 0 0 0
0020000000000100 0000000000000000 bits8_53 0 0 228 32.00085 0.87 0 0 0 0 0 0 0 0 0
0040000000000100 0000000000000000 bits8_54 0 0 234 32.00006 0.06 0 0 0 0 0 0 0 0 0
0080000000000100 0000000000000000 bits8_55 0 0 242 32.00108 1.10 0 0 0 0 0 0 0 0 0
0100000000000100 0000000000000000 bits8_56 0 0 264 32.00004 0.04 0 0 0 0 0 0 0 0 0
0200000000000100 0000000000000000 bits8_57 0 0 252 31.99908 -0.94 0 0 0 0 0 0 0 0 0
0400000000000100 0000000000000000 bits8_58 0 0 274 32.00011 0.11 0 0 0 0 0 0 0 0 0
0800000000000100 0000000000000000 bits8_59 0 0 261 32.00044 0.45 0 0 0 0 0 0 0 0 0
1000000000000100 0000000000000000 bits8_60 0 0 296 31.99975 -0.25 0 0 0 0 0 0 0 0 0
2000000000000100 0000000000000000 bits8_61 0 0 247 31.99906 -0.96 0 0 0 0 0 0 0 0 0
4000000000000100 0000000000000000 bits8_62 0 0 311 31.99983 -0.17 0 0 0 0 0 0 0 0 0
8000000000000100 0000000000000000 bits8_63 0 0 231 32.00046 0.47 0 0 0 0 0 0 0 0 0
0000000000000600 0000000000000000 bits9_10 0 0 241 32.00084 0.86 0 0 0 0 0 0 0 0 0
0000000000000a00 0000000000000000 bits9_11 0 0 262 31.99968 -0.33 0 0 0 0 0 0 0 0 0
0000000000001200 0000000000000000 bits9_12 0 0 251 32.00024 0.24 0 0 0 0 0 0 0 0 0
0000000000002200 0000000000000000 bits9_13 0 0 248 32.00068 0.69 0 0 0 0 0 0 0 0 0
0000000000004200 0000000000000000 bits9_14 0 0 256 31.99993 -0.08 0 0 0 0 0 0 0 0 0
0000000000008200 0000000000000000 bits9_15 0 0 258 31.99880 -1.23 0 0 0 0 0 0 0 1 0
0000000000010200 0000000000000000 bits9_16 0 0 246 32.00009 0.10 0 0 0 0 0 0 0 0 0
0000000000020200 0000000000000000 bits9_17 0 0 237 31.99910 -0.92 0 0 0 0 0 0 0 0 0
0000000000040200 0000000000000000 bits9_18 0 0 248 32.00090 0.92 0 0 0 0 0 0 0 0 0
0000000000080200 0000000000000000 bits9_19 0 0 258 32.00003 0.03 0 0 0 0 0 0 0 0 0
0000000000100200 0000000000000000 bits9_20 0 0 297 31.99959 -0.42 0 0 0 0 0 0 0 0 0
0000000000200200 0000000000000000 bits9_21 0 0 258 31.99935 -0.66 0 0 0 0 0 0 0 0 0
0000000000400200 0000000000000000 bits9_22 0 0 252 32.00079 0.81 0 0 0 0 0 0 0 0 0
0000000000800200 0000000000000000 bits9_23 0 0 279 31.99889 -1.13 0 0 0 0 0 0 0 0 0
0000000001000200 0000000000000000 bits9_24 0 0 256 32.00010 0.10 0 0 0 0 0 0 0 0 0
0000000002000200 0000000000000000 bits9_25 0 0 247 31.99897 -1.05 0 0 0 0 0 0 0 0 0
0000000004000200 0000000000000000 bits9_26 0 0 230 32.00053 0.54 0 0 0 0 0 0 0 0 0
0000000008000200 0000000000000000 bits9_27 0 0 263 32.00087 0.89 0 0 0 0 0 0 0 0 0
0000000010000200 0000000000000000 bits9_28 0 0 245 31.99992 -0.09 0 0 0 0 0 0 0 0 0
0000000020000200 0000000000000000 bits9_29 0 0 266 32.00039 0.40 0 0 0 0 0 0 0 0 0
0000000040000200 0000000000000000 bits9_30 0 0 217 32.00107 1.10 0 0 0 0 0 0 0 0 0
0000000080000200 0000000000000000 bits9_31 0 0 259 31.99894 -1.09 0 0 0 0 0 0 0 0 0
0000000100000200 0000000000000000 bits9_32 0 0 276 32.00042 0.43 0 0 0 0 0 0 0 0 0
0000000200000200 0000000000000000 bits9_33 0 0 268 31.99877 -1.26 0 0 0 0 0 0 0 0 0
0000000400000200 0000000000000000 bits9_34 0 0 244 32.00026 0.27 0 0 0 0 0 0 0 0 0
0000000800000200 0000000000000000 bits9_35 0 0 254 31.99898 -1.05 0 0 0 0 0 0 0 0 0
0000001000000200 0000000000000000 bits9_36 0 0 233 32.00084 0.86 0 0 0 0 0 0 0 0 0
0000002000000200 0000000000000000 bits9_37 0 0 268 31.99898 -1.05 0 0 0 0 0 0 0 0 0
0000004000000200 0000000000000000 bits9_38 0 0 260 32.00147 1.50 0 0 0 0 0 0 0 0 0
0000008000000200 0000000000000000 bits9_39 0 0 285 31.99897 -1.06 0 0 0 0 0 0 0 0 0
0000010000000200 0000000000000000 bits9_40 0 0 248 32.00089 0.91 0 0 0 0 0 0 0 0 0
0000020000000200 0000000000000000 bits9_41 0 0 264 32.00024 0.24 0 0 0 0 0 0 0 0 0
0000040000000200 0000000000000000 bits9_42 0 0 230 31.99893 -1.10 0 0 0 0 0 0 0 0 0
0000080000000200 0000000000000000 bits9_43 0 0 239 31.99923 -0.79 0 0 0 0 0 0 0 0 0
0000100000000200 0000000000000000 bits9_44 0 0 227 32.00063 0.65 0 0 0 0 0 0 0 0 0
0000200000000200 0000000000000000 bits9_45 0 0 274 32.00059 0.60 0 0 0 0 0 0 0 0 0
0000400000000200 0000000000000000 bits9_46 0 0 226 31.99872 -1.31 0 0 0 0 0 0 0 0 0
0000800000000200 0000000000000000 bits9_47 0 0 258 31.99965 -0.36 0 0 0 0 0 0 0 0 0
0001000000000200 0000000000000000 bits9_48 0 0 274 32.00014 0.15 0 0 0 0 0 0 0 0 0
0002000000000200 0000000000000000 bits9_49 0 0 241 32.00010 0.10 0 0 0 0 0 0 0 0 0
0004000000000200 0000000000000000 bits9_50 0 0 257 32.00020 0.20 0 0 0 0 0 0 0 0 0
0008000000000200 0000000000000000 bits9_51 0 0 255 32.00105 1.07 0 0 0 0 0 0 0 0 0
0010000000000200 0000000000000000 bits9_52 0 0 259 32.00010 0.10 0 0 0 0 0 0 0 0 0
0020000000000200 0000000000000000 bits9_53 0 0 282 32.00082 0.84 0 0 0 0 0 0 0 0 0
0040000000000200 0000000000000000 bits9_54 0 0 238 32.00011 0.11 0 0 0 0 0 0 0 0 0
0080000000000200 0000000000000000 bits9_55 0 0 244 32.00093 0.95 0 0 0 0 0 0 0 0 0
0100000000000200 0000000000000000 bits9_56 0 0 247 31.99970 -0.31 0 0 0 0 0 0 0 0 0
0200000000000200 0000000000000000 bits9_57 0 0 236 31.99909 -0.94 0 0 0 0 0 0 0 0 0
0400000000000200 0000000000000000 bits9_58 0 0 260 31.99962 -0.38 0 0 0 0 0 0 0 0 0
0800000000000200 0000000000000000 bits9_59 0 0 265 32.00030 0.31 0 0 0 0 0 0 0 0 0
1000000000000200 0000000000000000 bits9_60 0 0 319 32.00004 0.04 0 0 0 0 0 0 0 0 0
2000000000000200 0000000000000000 bits9_61 0 0 246 32.00085 0.87 0 0 0 0 0 0 0 0 0
4000000000000200 0000000000000000 bits9_62 0 0 267 32.00061 0.63 0 0 0 0 0 0 0 0 0
8000000000000200 0000000000000000 bits9_63 0 0 252 31.99992 -0.08 0 0 0 0 0 0 0 0 0
0000000000000c00 0000000000000000 bits10_11 0 0 249 31.99870 -1.33 0 0 0 0 0 0 0 0 0
0000000000001400 0000000000000000 bits10_12 0 0 268 31.99769 -2.36 0 0 0 0 0 0 0 0 0
0000000000002400 0000000000000000 bits10_13 0 0 247 32.00011 0.12 0 0 0 0 0 0 0 0 0
0000000000004400 0000000000000000 bits10_14 0 0 280 32.00074 0.76 0 0 0 0 0 0 0 0 0
0000000000008400 0000000000000000 bits10_15 0 0 248 32.00140 1.43 0 0 0 0 0 0 0 0 0
0000000000010400 0000000000000000 bits10_16 0 0 266 32.00099 1.01 0 0 0 0 0 0 0 0 0
0000000000020400 0000000000000000 bits10_17 0 0 259 32.00014 0.14 0 0 0 0 0 0 0 0 0
0000000000040400 0000000000000000 bits10_18 0 0 242 31.99956 -0.45 0 0 0 0 0 0 0 0 0
0000000000080400 0000000000000000 bits10_19 0 0 249 31.99981 -0.20 0 0 0 0 0 0 0 0 0
0000000000100400 0000000000000000 bits10_20 0 0 215 32.00045 0.46 0 0 0 0 0 0 0 0 0
0000000000200400 0000000000000000 bits10_21 0 0 254 31.99856 -1.47 0 0 0 0 0 0 0 0 0
0000000000400400 0000000000000000 bits10_22 0 0 256 32.00013 0.14 0 0 0 0 0 0 0 0 0
0000000000800400 0000000000000000 bits10_23 0 0 258 32.00112 1.15 0 0 0 0 0 0 0 0 0
0000000001000400 0000000000000000 bits10_24 0 0 253 31.99981 -0.20 0 0 0 0 0 0 0 0 0
0000000002000400 0000000000000000 bits10_25 0 0 256 31.99866 -1.37 0 0 0 0 0 0 0 0 0
0000000004000400 0000000000000000 bits10_26 0 0 257 31.99896 -1.07 0 0 0 0 0 0 0 0 0
0000000008000400 0000000000000000 bits10_27 0 0 267 31.99934 -0.67 0 0 0 0 0 0 0 0 0
0000000010000400 0000000000000000 bits10_28 0 0 284 31.99963 -0.38 0 0 0 0 0 0 0 0 0
0000000020000400 0000000000000000 bits10_29 0 0 249 31.99894 -1.08 0 0 0 0 0 0 0 0 0
0000000040000400 0000000000000000 bits10_30 0 0 266 31.99880 -1.23 0 0 0 0 0 0 0 0 0
0000000080000400 0000000000000000 bits10_31 0 0 247 31.99924 -0.78 0 0 0 0 0 0 0 0 0
0000000100000400 0000000000000000 bits10_32 0 0 274 31.99864 -1.40 0 0 0 0 0 0 0 0 0
0000000200000400 0000000000000000 bits10_33 0 0 236 32.00085 0.87 0 0 0 0 0 0 0 0 0
0000000400000400 0000000000000000 bits10_34 0 0 266 31.99931 -0.71 0 0 0 0 0 0 0 0 0
0000000800000400 0000000000000000 bits10_35 0 0 255 32.00110 1.13 0 0 0 0 0 0 0 0 0
0000001000000400 0000000000000000 bits10_36 0 0 237 32.00040 0.41 0 0 0 0 0 0 0 0 0
0000002000000400 0000000000000000 bits10_37 0 0 291 32.00016 0.16 0 0 0 0 0 0 0 0 0
0000004000000400 0000000000000000 bits10_38 0 0 246 32.00077 0.79 0 0 0 0 0 0 0 0 0
0000008000000400 0000000000000000 bits10_39 0 0 263 32.00069 0.71 0 0 0 0 0 0 0 0 0
0000010000000400 0000000000000000 bits10_40 0 0 244 31.99931 -0.71 0 0 0 0 0 0 0 0 0
0000020000000400 0000000000000000 bits10_41 0 0 269 31.99882 -1.20 0 0 0 0 0 0 0 0 0
0000040000000400 0000000000000000 bits10_42 0 0 232 32.00020 0.20 0 0 0 0 0 0 0 0 0
0000080000000400 0000000000000000 bits10_43 0 0 254 32.00072 0.73 0 0 0 0 0 0 0 0 0
0000100000000400 0000000000000000 bits10_44 0 0 245 32.00161 1.65 0 0 0 0 0 0 0 0 0
0000200000000400 0000000000000000 bits10_45 0 0 243 31.99978 -0.22 0 0 0 0 0 0 0 0 0
0000400000000400 0000000000000000 bits10_46 0 0 235 31.99896 -1.06 0 0 0 0 0 0 0 0 0
0000800000000400 0000000000000000 bits10_47 0 0 263 31.99933 -0.68 0 0 0 0 0 0 0 0 0
0001000000000400 0000000000000000 bits10_48 0 0 274 32.00160 1.64 0 0 0 0 0 0 0 0 0
0002000000000400 0000000000000000 bits10_49 0 0 266 32.00065 0.67 0 0 0 0 0 0 0 0 0
0004000000000400 0000000000000000 bits10_50 0 0 239 31.99983 -0.18 0 0 0 0 0 0 0 0 0
0008000000000400 0000000000000000 bits10_51 0 0 261 32.00122 1.25 0 0 0 0 0 0 0 1 0
0010000000000400 0000000000000000 bits10_52 0 0 267 31.99999 -0.01 0 0 0 0 0 0 0 0 0
0020000000000400 0000000000000000 bits10_53 0 0 258 32.00022 0.23 0 0 0 0 0 0 0 0 0
0040000000000400 0000000000000000 bits10_54 0 0 262 32.00005 0.06 0 0 0 0 0 0 0 0 0
0080000000000400 0000000000000000 bits10_55 0 0 253 31.99944 -0.57 0 0 0 0 0 0 0 0 0
0100000000000400 0000000000000000 bits10_56 0 0 242 32.00020 0.21 0 0 0 0 0 0 0 0 0
0200000000000400 0000000000000000 bits10_57 0 0 231 32.00037 0.37 0 0 0 0 0 0 0 0 0
0400000000000400 0000000000000000 bits10_58 0 0 281 32.00050 0.51 0 0 0 0 0 0 0 0 0
0800000000000400 0000000000000000 bits10_59 0 0 246 31.99995 -0.05 0 0 0 0 0 0 0 0 0
1000000000000400 0000000000000000 bits10_60 0 0 280 32.00095 0.98 0 0 0 0 0 0 0 0 0
2000000000000400 0000000000000000 bits10_61 0 0 253 32.00019 0.19 0 0 0 0 0 0 0 0 0
4000000000000400 0000000000000000 bits10_62 0 0 265 31.99873 -1.30 0 0 0 0 0 0 0 0 0
8000000000000400 0000000000000000 bits10_63 0 0 276 31.99970 -0.31 0 0 0 0 0 0 0 0 0
0000000000001800 0000000000000000 bits11_12 0 0 234 31.99985 -0.15 0 0 0 0 0 0 0 0 0
0000000000002800 0000000000000000 bits11_13 0 0 268 32.00126 1.29 0 0 0 0 0 0 0 0 0
0000000000004800 0000000000000000 bits11_14 0 0 227 32.00142 1.46 0 0 0 0 0 0 0 0 0
0000000000008800 0000000000000000 bits11_15 0 0 263 31.99887 -1.16 0 0 0 0 0 0 0 0 0
0000000000010800 0000000000000000 bits11_16 0 0 254 31.99860 -1.43 0 0 0 0 0 0 0 0 0
0000000000020800 0000000000000000 bits11_17 0 0 248 32.00068 0.70 0 0 0 0 0 0 0 0 0
0000000000040800 0000000000000000 bits11_18 0 0 235 31.99972 -0.28 0 0 0 0 0 0 0 0 0
0000000000080800 0000000000000000 bits11_19 0 0 263 31.99988 -0.12 0 0 0 0 0 0 0 0 0
0000000000100800 0000000000000000 bits11_20 0 0 265 32.00051 0.52 0 0 0 0 0 0 0 0 0
0000000000200800 0000000000000000 bits11_21 0 0 257 32.00138 1.41 0 0 0 0 0 0 0 0 0
0000000000400800 0000000000000000 bits11_22 0 0 246 32.00121 1.23 0 0 0 0 0 0 0 0 0
0000000000800800 0000000000000000 bits11_23 0 0 256 31.99988 -0.12 0 0 0 0 0 0 0 0 0
0000000001000800 0000000000000000 bits11_24 0 0 251 32.00029 0.30 0 0 0 0 0 0 0 0 0
0000000002000800 0000000000000000 bits11_25 0 0 269 31.99896 -1.06 0 0 0 0 0 0 0 0 0
0000000004000800 0000000000000000 bits11_26 0 0 247 32.00052 0.53 0 0 0 0 0 0 0 0 0
0000000008000800 0000000000000000 bits11_27 0 0 234 31.99980 -0.20 0 0 0 0 0 0 0 0 0
0000000010000800 0000000000000000 bits11_28 0 0 249 31.99888 -1.15 0 0 0 0 0 0 0 0 0
0000000020000800 0000000000000000 bits11_29 0 0 257 32.00126 1.29 0 0 0 0 0 0 0 0 0
0000000040000800 0000000000000000 bits11_30 0 0 219 32.00035 0.36 0 0 0 0 0 0 0 0 0
0000000080000800 0000000000000000 bits11_31 0 0 263 32.00074 0.76 0 0 0 0 0 0 0 0 0
0000000100000800 0000000000000000 bits11_32 0 0 278 32.00012 0.12 0 0 0 0 0 0 0 0 0
0000000200000800 0000000000000000 bits11_33 0 0 234 32.00080 0.82 0 0 0 0 0 0 0 0 0
0000000400000800 0000000000000000 bits11_34 0 0 249 31.99933 -0.69 0 0 0 0 0 0 0 0 0
0000000800000800 0000000000000000 bits11_35 0 0 228 32.00021 0.21 0 0 0 0 0 0 0 0 0
0000001000000800 0000000000000000 bits11_36 0 0 284 32.00046 0.47 0 0 0 0 0 0 0 0 0
0000002000000800 0000000000000000 bits11_37 0 0 261 32.00091 0.94 0 0 0 0 0 0 0 0 0
0000004000000800 0000000000000000 bits11_38 0 0 250 31.99971 -0.29 0 0 0 0 0 0 0 0 0
0000008000000800 0000000000000000 bits11_39 0 0 289 32.00072 0.74 0 0 0 0 0 0 0 0 0
0000010000000800 0000000000000000 bits11_40 0 0 280 31.99860 -1.43 0 0 0 0 0 0 0 0 0
0000020000000800 0000000000000000 bits11_41 0 0 254 32.00096 0.98 0 0 0 0 0 0 0 0 0
0000040000000800 0000000000000000 bits11_42 0 0 269 32.00010 0.10 0 0 0 0 0 0 0 0 0
0000080000000800 0000000000000000 bits11_43 0 0 250 31.99994 -0.06 0 0 0 0 0 0 0 0 0
0000100000000800 0000000000000000 bits11_44 0 0 244 31.99931 -0.70 0 0 0 0 0 0 0 0 0
0000200000000800 0000000000000000 bits11_45 0 0 250 32.00081 0.83 0 0 0 0 0 0 0 0 0
0000400000000800 0000000000000000 bits11_46 0 0 263 32.00047 0.48 0 0 0 0 0 0 0 0 0
0000800000000800 0000000000000000 bits11_47 0 0 268 31.99935 -0.66 0 0 0 0 0 0 0 0 0
0001000000000800 0000000000000000 bits11_48 0 0 265 32.00027 0.28 0 0 0 0 0 0 0 0 0
0002000000000800 0000000000000000 bits11_49 0 0 263 31.99904 -0.98 0 0 0 0 0 0 0 0 0
0004000000000800 0000000000000000 bits11_50 0 0 220 32.00140 1.43 0 0 0 0 0 0 0 0 0
0008000000000800 0000000000000000 bits11_51 0 0 223 32.00116 1.18 0 0 0 0 0 0 0 0 0
0010000000000800 0000000000000000 bits11_52 0 0 270 31.99926 -0.76 0 0 0 0 0 0 0 0 0
0020000000000800 0000000000000000 bits11_53 0 0 257 32.00103 1.05 0 0 0 0 0 0 0 0 0
0040000000000800 0000000000000000 bits11_54 0 0 236 32.00079 0.81 0 0 0 0 0 0 0 0 0
0080000000000800 0000000000000000 bits11_55 0 0 265 31.99826 -1.78 0 0 0 0 0 0 0 0 0
0100000000000800 0000000000000000 bits11_56 0 0 279 31.99933 -0.68 0 0 0 0 0 0 0 0 0
0200000000000800 0000000000000000 bits11_57 0 0 227 32.00101 1.03 0 0 0 0 0 0 0 0 0
0400000000000800 0000000000000000 bits11_58 0 0 264 31.99932 -0.70 0 0 0 0 0 0 0 0 0
0800000000000800 0000000000000000 bits11_59 0 0 253 31.99988 -0.13 0 0 0 0 0 0 0 0 0
1000000000000800 0000000000000000 bits11_60 0 0 255 31.99836 -1.68 0 0 0 0 0 0 0 0 0
2000000000000800 0000000000000000 bits11_61 0 0 263 31.99988 -0.12 0 0 0 0 0 0 0 0 0
4000000000000800 0000000000000000 bits11_62 0 0 250 32.00133 1.36 0 0 0 0 0 0 0 0 0
8000000000000800 0000000000000000 bits11_63 0 0 267 32.00032 0.33 0 0 0 0 0 0 0 0 0
0000000000003000 0000000000000000 bits12_13 0 0 256 31.99929 -0.73 0 0 0 0 0 0 0 0 0
0000000000005000 0000000000000000 bits12_14 0 0 259 31.99924 -0.78 0 0 0 0 0 0 0 0 0
0000000000009000 0000000000000000 bits12_15 0 0 235 32.00006 0.06 0 0 0 0 0 0 0 0 0
0000000000011000 0000000000000000 bits12_16 0 0 239 31.99862 -1.42 0 0 0 0 0 0 0 0 0
0000000000021000 0000000000000000 bits12_17 0 0 266 32.00098 1.01 0 0 0 0 0 0 0 0 0
0000000000041000 0000000000000000 bits12_18 0 0 241 31.99819 -1.85 0 0 0 0 0 0 0 0 0
0000000000081000 0000000000000000 bits12_19 0 0 262 31.99999 -0.01 0 0 0 0 0 0 0 0 0
0000000000101000 0000000000000000 bits12_20 0 0 289 32.00083 0.85 0 0 0 0 0 0 0 0 0
0000000000201000 0000000000000000 bits12_21 0 0 265 31.99865 -1.38 0 0 0 0 0 0 0 0 0
0000000000401000 0000000000000000 bits12_22 0 0 291 31.99922 -0.80 0 0 0 0 0 0 0 0 0
0000000000801000 0000000000000000 bits12_23 0 0 274 31.99957 -0.44 0 0 0 0 0 0 0 0 0
0000000001001000 0000000000000000 bits12_24 0 0 263 32.00104 1.06 0 0 0 0 0 0 0 0 0
0000000002001000 0000000000000000 bits12_25 0 0 249 31.99996 -0.04 0 0 0 0 0 0 0 0 0
0000000004001000 0000000000000000 bits12_26 0 0 252 31.99957 -0.44 0 0 0 0 0 0 0 0 0
0000000008001000 0000000000000000 bits12_27 0 0 259 32.00039 0.40 0 0 0 0 0 0 0 0 0
0000000010001000 0000000000000000 bits12_28 0 0 257 32.00237 2.42 0 0 0 0 0 0 0 0 0
0000000020001000 0000000000000000 bits12_29 0 0 261 32.00011 0.11 0 0 0 0 0 0 0 0 0
0000000040001000 0000000000000000 bits12_30 0 0 253 32.00072 0.74 0 0 0 0 0 0 0 0 0
0000000080001000 0000000000000000 bits12_31 0 0 230 32.00048 0.49 0 0 0 0 0 0 0 0 0
0000000100001000 0000000000000000 bits12_32 0 0 258 32.00044 0.45 0 0 0 0 0 0 0 0 0
0000000200001000 0000000000000000 bits12_33 0 0 245 32.00037 0.38 0 0 0 0 0 0 0 0 0
0000000400001000 0000000000000000 bits12_34 0 0 253 32.00077 0.79 0 0 0 0 0 0 0 0 0
0000000800001000 0000000000000000 bits12_35 0 0 256 31.99950 -0.51 0 0 0 0 0 0 0 0 0
0000001000001000 0000000000000000 bits12_36 0 0 254 32.00067 0.68 0 0 0 0 0 0 0 0 0
0000002000001000 0000000000000000 bits12_37 0 0 262 31.99893 -1.10 0 0 0 0 0 0 0 0 0
0000004000001000 0000000000000000 bits12_38 0 0 290 31.99882 -1.20 0 0 0 0 0 0 0 0 0
0000008000001000 0000000000000000 bits12_39 0 0 250 32.00126 1.29 0 0 0 0 0 0 0 0 0
0000010000001000 0000000000000000 bits12_40 0 0 246 32.00049 0.50 0 0 0 0 0 0 0 0 0
0000020000001000 0000000000000000 bits12_41 0 0 281 32.00090 0.92 0 0 0 0 0 0 0 0 0
0000040000001000 0000000000000000 bits12_42 0 0 247 31.99823 -1.81 0 0 0 0 0 0 0 0 0
0000080000001000 0000000000000000 bits12_43 0 0 245 31.99917 -0.85 0 0 0 0 0 0 0 0 0
0000100000001000 0000000000000000 bits12_44 0 0 235 31.99994 -0.06 0 0 0 0 0 0 0 0 0
0000200000001000 0000000000000000 bits12_45 0 0 252 31.99914 -0.88 0 0 0 0 0 0 0 0 0
0000400000001000 0000000000000000 bits12_46 0 0 237 31.99969 -0.32 0 0 0 0 0 0 0 0 0
0000800000001000 0000000000000000 bits12_47 0 0 270 32.00059 0.60 0 0 0 0 0 0 0 0 0
0001000000001000 0000000000000000 bits12_48 0 0 233 32.00053 0.54 0 0 0 0 0 0 0 0 0
0002000000001000 0000000000000000 bits12_49 0 0 281 31.99918 -0.84 0 0 0 0 0 0 0 0 0
0004000000001000 0000000000000000 bits12_50 0 0 253 31.99930 -0.71 0 0 0 0 0 0 0 0 0
0008000000001000 0000000000000000 bits12_51 0 0 223 31.99763 -2.42 0 0 0 0 0 0 0 0 0
0010000000001000 0000000000000000 bits12_52 0 0 233 32.00153 1.57 0 0 0 0 0 0 0 0 0
0020000000001000 0000000000000000 bits12_53 0 0 288 31.99873 -1.30 0 0 0 0 0 0 0 0 0
0040000000001000 0000000000000000 bits12_54 0 0 252 31.99903 -0.99 0 0 0 0 0 0 0 0 0
0080000000001000 0000000000000000 bits12_55 0 0 283 32.00026 0.26 0 0 0 0 0 0 0 0 0
0100000000001000 0000000000000000 bits12_56 0 0 226 32.00112 1.15 0 0 0 0 0 0 0 0 0
0200000000001000 0000000000000000 bits12_57 0 0 235 32.00127 1.31 0 0 0 0 0 0 0 0 0
0400000000001000 0000000000000000 bits12_58 0 0 262 31.99927 -0.75 0 0 0 0 0 0 0 0 0
0800000000001000 0000000000000000 bits12_59 0 0 250 31.99889 -1.14 0 0 0 0 0 0 0 0 0
1000000000001000 0000000000000000 bits12_60 0 0 245 32.00101 1.04 0 0 0 0 0 0 0 0 0
2000000000001000 0000000000000000 bits12_61 0 0 275 32.00093 0.95 0 0 0 0 0 0 0 0 0
4000000000001000 0000000000000000 bits12_62 0 0 244 31.99952 -0.49 0 0 0 0 0 0 0 0 0
8000000000001000 0000000000000000 bits12_63 0 0 249 32.00077 0.79 0 0 0 0 0 0 0 0 0
0000000000006000 0000000000000000 bits13_14 0 0 241 31.99768 -2.38 0 0 0 0 0 0 0 0 0
000000000000a000 0000000000000000 bits13_15 0 0 253 31.99861 -1.42 0 0 0 0 0 0 0 0 0
0000000000012000 0000000000000000 bits13_16 0 0 252 32.00077 0.79 0 0 0 0 0 0 0 0 0
0000000000022000 0000000000000000 bits13_17 0 0 241 32.00047 0.48 0 0 0 0 0 0 0 0 0
0000000000042000 0000000000000000 bits13_18 0 0 276 32.00069 0.71 0 0 0 0 0 0 0 0 0
0000000000082000 0000000000000000 bits13_19 0 0 288 32.00028 0.29 0 0 0 0 0 0 0 0 0
0000000000102000 0000000000000000 bits13_20 0 0 261 32.00123 1.26 0 0 0 0 0 0 0 0 0
0000000000202000 0000000000000000 bits13_21 0 0 256 32.00036 0.37 0 0 0 0 0 0 0 0 0
0000000000402000 0000000000000000 bits13_22 0 0 237 31.99933 -0.68 0 0 0 0 0 0 0 0 0
