# variant=24 W=1 log2keys=24 seed=9239 mode=R N=16777216
# d0 d1 name coll low32 low16 meanpop z hist0..8
0000000000000001 0000000000000000 bit0 0 0 280 31.99914 -0.88 0 0 0 0 0 0 0 0 0
0000000000000002 0000000000000000 bit1 0 0 247 31.99981 -0.20 0 0 0 0 0 0 0 0 0
0000000000000004 0000000000000000 bit2 0 0 251 31.99932 -0.70 0 0 0 0 0 0 0 0 0
0000000000000008 0000000000000000 bit3 0 0 248 32.00099 1.02 0 0 0 0 0 0 0 0 0
0000000000000010 0000000000000000 bit4 0 0 239 32.00178 1.82 0 0 0 0 0 0 0 0 0
0000000000000020 0000000000000000 bit5 0 0 276 31.99968 -0.33 0 0 0 0 0 0 0 0 0
0000000000000040 0000000000000000 bit6 0 0 259 32.00066 0.67 0 0 0 0 0 0 0 0 0
0000000000000080 0000000000000000 bit7 0 0 240 31.99869 -1.34 0 0 0 0 0 0 0 0 0
0000000000000100 0000000000000000 bit8 0 1 225 32.00027 0.28 0 0 0 0 0 0 0 0 0
0000000000000200 0000000000000000 bit9 0 0 268 32.00031 0.32 0 0 0 0 0 0 0 0 0
0000000000000400 0000000000000000 bit10 0 0 246 31.99913 -0.89 0 0 0 0 0 0 0 0 0
0000000000000800 0000000000000000 bit11 0 0 265 31.99905 -0.97 0 0 0 0 0 0 0 0 0
0000000000001000 0000000000000000 bit12 0 0 283 31.99904 -0.98 0 0 0 0 0 0 0 0 0
0000000000002000 0000000000000000 bit13 0 0 275 31.99849 -1.54 0 0 0 0 0 0 0 0 0
0000000000004000 0000000000000000 bit14 0 0 235 32.00036 0.37 0 0 0 0 0 0 0 0 0
0000000000008000 0000000000000000 bit15 0 0 254 32.00057 0.59 0 0 0 0 0 0 0 0 0
0000000000010000 0000000000000000 bit16 0 0 253 31.99981 -0.19 0 0 0 0 0 0 0 0 0
0000000000020000 0000000000000000 bit17 0 0 256 31.99859 -1.45 0 0 0 0 0 0 0 0 0
0000000000040000 0000000000000000 bit18 0 0 227 32.00017 0.17 0 0 0 0 0 0 0 0 0
0000000000080000 0000000000000000 bit19 0 0 242 32.00245 2.51 0 0 0 0 0 0 0 0 0
0000000000100000 0000000000000000 bit20 0 0 255 31.99860 -1.43 0 0 0 0 0 0 0 0 0
0000000000200000 0000000000000000 bit21 0 0 266 32.00136 1.39 0 0 0 0 0 0 0 0 0
0000000000400000 0000000000000000 bit22 0 0 251 31.99806 -1.99 0 0 0 0 0 0 0 0 0
0000000000800000 0000000000000000 bit23 0 0 243 32.00083 0.85 0 0 0 0 0 0 0 0 0
0000000001000000 0000000000000000 bit24 0 0 259 32.00086 0.88 0 0 0 0 0 0 0 0 0
0000000002000000 0000000000000000 bit25 0 0 271 32.00046 0.47 0 0 0 0 0 0 0 0 0
0000000004000000 0000000000000000 bit26 0 0 250 31.99886 -1.16 0 0 0 0 0 0 0 0 0
0000000008000000 0000000000000000 bit27 0 0 259 31.99866 -1.38 0 0 0 0 0 0 0 0 0
0000000010000000 0000000000000000 bit28 0 0 247 31.99984 -0.17 0 0 0 0 0 0 0 0 0
0000000020000000 0000000000000000 bit29 0 0 248 32.00035 0.36 0 0 0 0 0 0 0 0 0
0000000040000000 0000000000000000 bit30 0 0 268 31.99789 -2.16 0 0 0 0 0 0 0 0 0
0000000080000000 0000000000000000 bit31 0 0 242 32.00040 0.41 0 0 0 0 0 0 0 0 0
0000000100000000 0000000000000000 bit32 0 0 269 31.99984 -0.16 0 0 0 0 0 0 0 0 0
0000000200000000 0000000000000000 bit33 0 0 249 31.99942 -0.59 0 0 0 0 0 0 0 0 0
0000000400000000 0000000000000000 bit34 0 0 258 31.99979 -0.22 0 0 0 0 0 0 0 0 0
0000000800000000 0000000000000000 bit35 0 0 269 31.99863 -1.41 0 0 0 0 0 0 0 0 0
0000001000000000 0000000000000000 bit36 0 0 262 32.00010 0.10 0 0 0 0 0 0 0 0 0
0000002000000000 0000000000000000 bit37 0 0 248 31.99957 -0.44 0 0 0 0 0 0 0 0 0
0000004000000000 0000000000000000 bit38 0 0 264 32.00128 1.31 0 0 0 0 0 0 0 0 0
0000008000000000 0000000000000000 bit39 0 0 268 31.99931 -0.71 0 0 0 0 0 0 0 0 0
0000010000000000 0000000000000000 bit40 0 0 254 31.99934 -0.68 0 0 0 0 0 0 0 0 0
0000020000000000 0000000000000000 bit41 0 0 285 31.99909 -0.94 0 0 0 0 0 0 0 0 0
0000040000000000 0000000000000000 bit42 0 0 264 32.00125 1.28 0 0 0 0 0 0 0 0 0
0000080000000000 0000000000000000 bit43 0 0 260 32.00151 1.55 0 0 0 0 0 0 0 0 0
0000100000000000 0000000000000000 bit44 0 0 239 31.99946 -0.55 0 0 0 0 0 0 0 0 0
0000200000000000 0000000000000000 bit45 0 0 263 32.00111 1.14 0 0 0 0 0 0 0 0 0
0000400000000000 0000000000000000 bit46 0 0 267 32.00009 0.09 0 0 0 0 0 0 0 0 0
0000800000000000 0000000000000000 bit47 0 0 283 32.00007 0.07 0 0 0 0 0 0 0 0 0
0001000000000000 0000000000000000 bit48 0 0 269 31.99914 -0.88 0 0 0 0 0 0 0 0 0
0002000000000000 0000000000000000 bit49 0 0 241 31.99965 -0.36 0 0 0 0 0 0 0 0 0
0004000000000000 0000000000000000 bit50 0 0 269 32.00066 0.68 0 0 0 0 0 0 0 0 0
0008000000000000 0000000000000000 bit51 0 0 250 31.99998 -0.02 0 0 0 0 0 0 0 0 0
0010000000000000 0000000000000000 bit52 0 0 237 31.99956 -0.46 0 0 0 0 0 0 0 0 0
0020000000000000 0000000000000000 bit53 0 0 265 32.00077 0.78 0 0 0 0 0 0 0 0 0
0040000000000000 0000000000000000 bit54 0 0 244 32.00034 0.35 0 0 0 0 0 0 0 0 0
0080000000000000 0000000000000000 bit55 0 0 244 31.99966 -0.34 0 0 0 0 0 0 0 0 0
0100000000000000 0000000000000000 bit56 0 0 235 32.00066 0.68 0 0 0 0 0 0 0 0 0
0200000000000000 0000000000000000 bit57 0 0 247 31.99956 -0.45 0 0 0 0 0 0 0 0 0
0400000000000000 0000000000000000 bit58 0 0 257 32.00051 0.53 0 0 0 0 0 0 0 0 0
0800000000000000 0000000000000000 bit59 0 0 248 31.99909 -0.93 0 0 0 0 0 0 0 0 0
1000000000000000 0000000000000000 bit60 0 0 255 31.99961 -0.40 0 0 0 0 0 0 0 0 0
2000000000000000 0000000000000000 bit61 0 0 246 32.00105 1.08 0 0 0 0 0 0 0 0 0
4000000000000000 0000000000000000 bit62 0 0 246 31.99881 -1.22 0 0 0 0 0 0 0 0 0
8000000000000000 0000000000000000 bit63 0 0 279 32.00099 1.01 0 0 0 0 0 0 0 0 0
0000000000000003 0000000000000000 bits0_1 0 0 241 31.99747 -2.59 0 0 0 0 0 0 0 0 0
0000000000000005 0000000000000000 bits0_2 0 0 263 32.00053 0.54 0 0 0 0 0 0 0 0 0
0000000000000009 0000000000000000 bits0_3 0 0 222 32.00242 2.48 0 0 0 0 0 0 0 0 0
0000000000000011 0000000000000000 bits0_4 0 0 251 32.00012 0.13 0 0 0 0 0 0 0 0 0
0000000000000021 0000000000000000 bits0_5 0 0 265 31.99970 -0.31 0 0 0 0 0 0 0 0 0
0000000000000041 0000000000000000 bits0_6 0 0 273 31.99888 -1.14 0 0 0 0 0 0 0 0 0
0000000000000081 0000000000000000 bits0_7 0 0 292 32.00076 0.78 0 0 0 0 0 0 0 0 0
0000000000000101 0000000000000000 bits0_8 0 0 241 32.00055 0.56 0 0 0 0 0 0 0 0 0
0000000000000201 0000000000000000 bits0_9 0 0 247 31.99932 -0.70 0 0 0 0 0 0 0 0 0
0000000000000401 0000000000000000 bits0_10 0 0 261 31.99928 -0.73 0 0 0 0 0 0 0 0 0
0000000000000801 0000000000000000 bits0_11 0 0 260 31.99974 -0.27 0 0 0 0 0 0 0 0 0
0000000000001001 0000000000000000 bits0_12 0 0 232 32.00100 1.02 0 0 0 0 0 0 0 0 0
0000000000002001 0000000000000000 bits0_13 0 0 266 32.00043 0.44 0 0 0 0 0 0 0 0 0
0000000000004001 0000000000000000 bits0_14 0 0 257 32.00024 0.25 0 0 0 0 0 0 0 0 0
0000000000008001 0000000000000000 bits0_15 0 0 264 31.99960 -0.41 0 0 0 0 0 0 0 0 0
0000000000010001 0000000000000000 bits0_16 0 0 284 31.99934 -0.68 0 0 0 0 0 0 0 0 0
0000000000020001 0000000000000000 bits0_17 0 0 254 32.00020 0.21 0 0 0 0 0 0 0 0 0
0000000000040001 0000000000000000 bits0_18 0 0 253 31.99780 -2.25 0 0 0 0 0 0 0 0 0
0000000000080001 0000000000000000 bits0_19 0 0 242 31.99968 -0.32 0 0 0 0 0 0 0 0 0
0000000000100001 0000000000000000 bits0_20 0 0 271 31.99939 -0.62 0 0 0 0 0 0 0 0 0
0000000000200001 0000000000000000 bits0_21 0 0 246 32.00158 1.62 0 0 0 0 0 0 0 0 0
0000000000400001 0000000000000000 bits0_22 0 0 287 32.00013 0.13 0 0 0 0 0 0 0 0 0
0000000000800001 0000000000000000 bits0_23 0 0 234 31.99919 -0.83 0 0 0 0 0 0 0 0 0
0000000001000001 0000000000000000 bits0_24 0 0 271 32.00015 0.15 0 0 0 0 0 0 0 0 0
0000000002000001 0000000000000000 bits0_25 0 0 282 31.99904 -0.98 0 0 0 0 0 0 0 0 0
0000000004000001 0000000000000000 bits0_26 0 0 255 32.00117 1.20 0 0 0 0 0 0 0 0 0
0000000008000001 0000000000000000 bits0_27 0 0 227 31.99947 -0.54 0 0 0 0 0 0 0 0 0
0000000010000001 0000000000000000 bits0_28 0 0 262 32.00025 0.26 0 0 0 0 0 0 0 0 0
0000000020000001 0000000000000000 bits0_29 0 0 266 31.99918 -0.84 0 0 0 0 0 0 0 0 0
0000000040000001 0000000000000000 bits0_30 0 0 279 32.00092 0.94 0 0 0 0 0 0 0 0 0
0000000080000001 0000000000000000 bits0_31 0 0 254 32.00144 1.48 0 0 0 0 0 0 0 0 0
0000000100000001 0000000000000000 bits0_32 0 0 276 32.00008 0.08 0 0 0 0 0 0 0 0 0
0000000200000001 0000000000000000 bits0_33 0 0 247 32.00029 0.29 0 0 0 0 0 0 0 0 0
0000000400000001 0000000000000000 bits0_34 0 0 269 31.99975 -0.25 0 0 0 0 0 0 0 0 0
0000000800000001 0000000000000000 bits0_35 0 0 267 31.99956 -0.45 0 0 0 0 0 0 0 0 0
0000001000000001 0000000000000000 bits0_36 0 0 242 31.99909 -0.93 0 0 0 0 0 0 0 0 0
0000002000000001 0000000000000000 bits0_37 0 0 252 31.99959 -0.42 0 0 0 0 0 0 0 0 0
0000004000000001 0000000000000000 bits0_38 0 0 220 31.99918 -0.84 0 0 0 0 0 0 0 0 0
0000008000000001 0000000000000000 bits0_39 0 0 273 32.00052 0.53 0 0 0 0 0 0 0 0 0
0000010000000001 0000000000000000 bits0_40 0 0 228 32.00035 0.36 0 0 0 0 0 0 0 0 0
0000020000000001 0000000000000000 bits0_41 0 1 264 32.00014 0.14 0 0 0 0 0 0 0 0 0
0000040000000001 0000000000000000 bits0_42 0 0 245 31.99916 -0.86 0 0 0 0 0 0 0 0 0
0000080000000001 0000000000000000 bits0_43 0 0 257 32.00085 0.87 0 0 0 0 0 0 0 0 0
0000100000000001 0000000000000000 bits0_44 0 0 246 31.99975 -0.25 0 0 0 0 0 0 0 0 0
0000200000000001 0000000000000000 bits0_45 0 0 260 31.99863 -1.41 0 0 0 0 0 0 0 0 0
0000400000000001 0000000000000000 bits0_46 0 0 265 32.00014 0.14 0 0 0 0 0 0 0 0 0
0000800000000001 0000000000000000 bits0_47 0 0 243 32.00064 0.66 0 0 0 0 0 0 0 0 0
0001000000000001 0000000000000000 bits0_48 0 0 258 31.99890 -1.13 0 0 0 0 0 0 0 0 0
0002000000000001 0000000000000000 bits0_49 0 0 255 31.99963 -0.38 0 0 0 0 0 0 0 0 0
0004000000000001 0000000000000000 bits0_50 0 1 254 32.00205 2.10 0 0 0 0 0 0 0 0 0
0008000000000001 0000000000000000 bits0_51 0 0 224 32.00000 -0.00 0 0 0 0 0 0 0 0 0
0010000000000001 0000000000000000 bits0_52 0 0 254 31.99956 -0.45 0 0 0 0 0 0 0 0 0
0020000000000001 0000000000000000 bits0_53 0 0 235 32.00147 1.50 0 0 0 0 0 0 0 0 0
0040000000000001 0000000000000000 bits0_54 0 0 284 32.00196 2.01 0 0 0 0 0 0 0 0 0
0080000000000001 0000000000000000 bits0_55 0 0 259 32.00034 0.35 0 0 0 0 0 0 0 0 0
0100000000000001 0000000000000000 bits0_56 0 0 259 32.00062 0.63 0 0 0 0 0 0 0 0 0
0200000000000001 0000000000000000 bits0_57 0 0 235 32.00029 0.30 0 0 0 0 0 0 0 0 0
0400000000000001 0000000000000000 bits0_58 0 0 245 32.00051 0.52 0 0 0 0 0 0 0 0 0
0800000000000001 0000000000000000 bits0_59 0 0 254 31.99950 -0.52 0 0 0 0 0 0 0 0 0
1000000000000001 0000000000000000 bits0_60 0 0 265 31.99905 -0.98 0 0 0 0 0 0 0 0 0
2000000000000001 0000000000000000 bits0_61 0 0 246 32.00065 0.66 0 0 0 0 0 0 0 0 0
4000000000000001 0000000000000000 bits0_62 0 0 259 32.00092 0.94 0 0 0 0 0 0 0 0 0
8000000000000001 0000000000000000 bits0_63 0 0 247 32.00056 0.57 0 0 0 0 0 0 0 0 0
0000000000000006 0000000000000000 bits1_2 0 0 235 32.00076 0.77 0 0 0 0 0 0 0 0 0
000000000000000a 0000000000000000 bits1_3 0 0 244 32.00028 0.28 0 0 0 0 0 0 0 0 0
0000000000000012 0000000000000000 bits1_4 0 0 249 31.99950 -0.51 0 0 0 0 0 0 0 0 0
0000000000000022 0000000000000000 bits1_5 0 0 257 32.00060 0.61 0 0 0 0 0 0 0 0 0
0000000000000042 0000000000000000 bits1_6 0 0 254 31.99899 -1.04 0 0 0 0 0 0 0 0 0
0000000000000082 0000000000000000 bits1_7 0 0 265 31.99992 -0.08 0 0 0 0 0 0 0 0 0
0000000000000102 0000000000000000 bits1_8 0 0 251 31.99942 -0.59 0 0 0 0 0 0 0 0 0
0000000000000202 0000000000000000 bits1_9 0 0 265 31.99998 -0.02 0 0 0 0 0 0 0 0 0
0000000000000402 0000000000000000 bits1_10 0 0 221 32.00088 0.90 0 0 0 0 0 0 0 0 0
0000000000000802 0000000000000000 bits1_11 0 0 245 32.00055 0.56 0 0 0 0 0 0 0 0 0
0000000000001002 0000000000000000 bits1_12 0 0 267 31.99871 -1.32 0 0 0 0 0 0 0 0 0
0000000000002002 0000000000000000 bits1_13 0 0 251 31.99858 -1.46 0 0 0 0 0 0 0 0 0
0000000000004002 0000000000000000 bits1_14 0 0 269 32.00200 2.04 0 0 0 0 0 0 0 0 0
0000000000008002 0000000000000000 bits1_15 0 0 280 32.00084 0.86 0 0 0 0 0 0 0 0 0
0000000000010002 0000000000000000 bits1_16 0 0 244 31.99884 -1.19 0 0 0 0 0 0 0 0 0
0000000000020002 0000000000000000 bits1_17 0 0 239 31.99888 -1.14 0 0 0 0 0 0 0 0 0
0000000000040002 0000000000000000 bits1_18 0 0 261 32.00058 0.59 0 0 0 0 0 0 0 0 0
0000000000080002 0000000000000000 bits1_19 0 0 240 31.99894 -1.09 0 0 0 0 0 0 0 0 0
0000000000100002 0000000000000000 bits1_20 0 0 243 32.00050 0.51 0 0 0 0 0 0 0 0 1
0000000000200002 0000000000000000 bits1_21 0 0 265 32.00041 0.42 0 0 0 0 0 0 0 0 0
0000000000400002 0000000000000000 bits1_22 0 0 242 32.00084 0.86 0 0 0 0 0 0 0 0 0
0000000000800002 0000000000000000 bits1_23 0 0 287 32.00017 0.18 0 0 0 0 0 0 0 0 0
0000000001000002 0000000000000000 bits1_24 0 0 279 32.00050 0.51 0 0 0 0 0 0 0 0 0
0000000002000002 0000000000000000 bits1_25 0 0 275 31.99981 -0.19 0 0 0 0 0 0 0 0 0
0000000004000002 0000000000000000 bits1_26 0 0 261 31.99901 -1.01 0 0 0 0 0 0 0 0 0
0000000008000002 0000000000000000 bits1_27 0 0 257 31.99981 -0.19 0 0 0 0 0 0 0 0 0
0000000010000002 0000000000000000 bits1_28 0 0 260 32.00058 0.60 0 0 0 0 0 0 0 0 0
0000000020000002 0000000000000000 bits1_29 0 0 263 32.00006 0.06 0 0 0 0 0 0 0 0 0
0000000040000002 0000000000000000 bits1_30 0 0 267 32.00086 0.88 0 0 0 0 0 0 0 0 0
0000000080000002 0000000000000000 bits1_31 0 0 248 32.00183 1.88 0 0 0 0 0 0 0 0 0
0000000100000002 0000000000000000 bits1_32 0 0 274 32.00083 0.85 0 0 0 0 0 0 0 0 0
0000000200000002 0000000000000000 bits1_33 0 0 244 31.99937 -0.65 0 0 0 0 0 0 0 0 0
0000000400000002 0000000000000000 bits1_34 0 0 221 32.00175 1.79 0 0 0 0 0 0 0 0 0
0000000800000002 0000000000000000 bits1_35 0 0 247 31.99959 -0.42 0 0 0 0 0 0 0 0 0
0000001000000002 0000000000000000 bits1_36 0 0 262 31.99944 -0.58 0 0 0 0 0 0 0 0 0
0000002000000002 0000000000000000 bits1_37 0 0 262 31.99930 -0.72 0 0 0 0 0 0 0 0 0
0000004000000002 0000000000000000 bits1_38 0 0 262 31.99969 -0.32 0 0 0 0 0 0 0 0 0
0000008000000002 0000000000000000 bits1_39 0 0 237 32.00041 0.42 0 0 0 0 0 0 0 0 0
0000010000000002 0000000000000000 bits1_40 0 0 275 32.00140 1.43 0 0 0 0 0 0 0 0 0
0000020000000002 0000000000000000 bits1_41 0 0 244 31.99848 -1.55 0 0 0 0 0 0 0 0 0
0000040000000002 0000000000000000 bits1_42 0 0 258 31.99945 -0.57 0 0 0 0 0 0 0 0 0
0000080000000002 0000000000000000 bits1_43 0 0 291 32.00073 0.75 0 0 0 0 0 0 0 0 0
0000100000000002 0000000000000000 bits1_44 0 0 263 31.99985 -0.15 0 0 0 0 0 0 0 0 0
0000200000000002 0000000000000000 bits1_45 0 0 269 32.00086 0.88 0 0 0 0 0 0 0 0 0
0000400000000002 0000000000000000 bits1_46 0 0 265 32.00124 1.27 0 0 0 0 0 0 0 0 0
0000800000000002 0000000000000000 bits1_47 0 0 269 32.00015 0.15 0 0 0 0 0 0 0 0 0
0001000000000002 0000000000000000 bits1_48 0 0 278 32.00013 0.13 0 0 0 0 0 0 0 0 0
0002000000000002 0000000000000000 bits1_49 0 0 269 32.00016 0.16 0 0 0 0 0 0 0 0 0
0004000000000002 0000000000000000 bits1_50 0 0 263 31.99942 -0.60 0 0 0 0 0 0 0 0 0
0008000000000002 0000000000000000 bits1_51 0 0 257 32.00213 2.18 0 0 0 0 0 0 0 0 0
0010000000000002 0000000000000000 bits1_52 0 0 253 31.99873 -1.30 0 0 0 0 0 0 0 0 0
0020000000000002 0000000000000000 bits1_53 0 0 265 31.99920 -0.82 0 0 0 0 0 0 0 0 0
0040000000000002 0000000000000000 bits1_54 0 0 246 31.99848 -1.56 0 0 0 0 0 0 0 0 0
0080000000000002 0000000000000000 bits1_55 0 0 264 32.00061 0.62 0 0 0 0 0 0 0 0 0
0100000000000002 0000000000000000 bits1_56 0 0 235 31.99913 -0.89 0 0 0 0 0 0 0 0 0
0200000000000002 0000000000000000 bits1_57 0 0 244 31.99974 -0.27 0 0 0 0 0 0 0 0 0
0400000000000002 0000000000000000 bits1_58 0 0 255 32.00060 0.61 0 0 0 0 0 0 0 0 0
0800000000000002 0000000000000000 bits1_59 0 0 277 31.99918 -0.84 0 0 0 0 0 0 0 0 0
1000000000000002 0000000000000000 bits1_60 0 0 260 32.00096 0.99 0 0 0 0 0 0 0 0 0
2000000000000002 0000000000000000 bits1_61 0 0 259 32.00103 1.05 0 0 0 0 0 0 0 0 0
4000000000000002 0000000000000000 bits1_62 0 0 255 31.99999 -0.01 0 0 0 0 0 0 0 0 0
8000000000000002 0000000000000000 bits1_63 0 0 240 32.00103 1.06 0 0 0 0 0 0 0 0 0
000000000000000c 0000000000000000 bits2_3 0 0 259 31.99894 -1.08 0 0 0 0 0 0 0 0 0
0000000000000014 0000000000000000 bits2_4 0 0 298 32.00110 1.13 0 0 0 0 0 0 0 0 0
0000000000000024 0000000000000000 bits2_5 0 0 256 32.00109 1.12 0 0 0 0 0 0 0 0 0
0000000000000044 0000000000000000 bits2_6 0 0 265 31.99940 -0.61 0 0 0 0 0 0 0 0 0
0000000000000084 0000000000000000 bits2_7 0 0 236 31.99936 -0.66 0 0 0 0 0 0 0 0 0
0000000000000104 0000000000000000 bits2_8 0 0 248 31.99849 -1.54 0 0 0 0 0 0 0 0 0
0000000000000204 0000000000000000 bits2_9 0 0 259 31.99749 -2.57 0 0 0 0 0 0 0 0 0
0000000000000404 0000000000000000 bits2_10 0 0 260 32.00057 0.59 0 0 0 0 0 0 0 0 0
0000000000000804 0000000000000000 bits2_11 0 0 258 31.99970 -0.31 0 0 0 0 0 0 0 0 0
0000000000001004 0000000000000000 bits2_12 0 0 253 32.00008 0.08 0 0 0 0 0 0 0 0 0
0000000000002004 0000000000000000 bits2_13 0 0 251 31.99873 -1.30 0 0 0 0 0 0 0 0 0
0000000000004004 0000000000000000 bits2_14 0 0 256 32.00260 2.67 0 0 0 0 0 0 0 0 0
0000000000008004 0000000000000000 bits2_15 0 0 250 31.99953 -0.48 0 0 0 0 0 0 0 0 0
0000000000010004 0000000000000000 bits2_16 0 0 238 31.99911 -0.91 0 0 0 0 0 0 0 0 0
0000000000020004 0000000000000000 bits2_17 0 0 255 32.00062 0.64 0 0 0 0 0 0 0 0 0
0000000000040004 0000000000000000 bits2_18 0 0 258 31.99933 -0.68 0 0 0 0 0 0 0 0 0
0000000000080004 0000000000000000 bits2_19 0 0 249 31.99918 -0.84 0 0 0 0 0 0 0 0 0
0000000000100004 0000000000000000 bits2_20 0 0 266 31.99891 -1.12 0 0 0 0 0 0 0 0 0
0000000000200004 0000000000000000 bits2_21 0 0 257 32.00080 0.82 0 0 0 0 0 0 0 0 0
0000000000400004 0000000000000000 bits2_22 0 0 233 31.99836 -1.68 0 0 0 0 0 0 0 0 0
0000000000800004 0000000000000000 bits2_23 0 0 221 32.00057 0.58 0 0 0 0 0 0 0 0 0
0000000001000004 0000000000000000 bits2_24 0 0 264 32.00099 1.02 0 0 0 0 0 0 0 0 0
0000000002000004 0000000000000000 bits2_25 0 0 252 31.99931 -0.71 0 0 0 0 0 0 0 0 0
0000000004000004 0000000000000000 bits2_26 0 0 240 31.99882 -1.21 0 0 0 0 0 0 0 0 0
0000000008000004 0000000000000000 bits2_27 0 0 249 31.99906 -0.96 0 0 0 0 0 0 0 0 0
0000000010000004 0000000000000000 bits2_28 0 0 250 31.99883 -1.19 0 0 0 0 0 0 0 0 0
0000000020000004 0000000000000000 bits2_29 0 0 279 32.00059 0.60 0 0 0 0 0 0 0 0 0
0000000040000004 0000000000000000 bits2_30 0 0 219 31.99997 -0.03 0 0 0 0 0 0 0 0 0
0000000080000004 0000000000000000 bits2_31 0 0 252 32.00021 0.21 0 0 0 0 0 0 0 0 0
0000000100000004 0000000000000000 bits2_32 0 0 258 31.99904 -0.98 0 0 0 0 0 0 0 0 0
0000000200000004 0000000000000000 bits2_33 0 0 256 32.00038 0.39 0 0 0 0 0 0 0 0 0
0000000400000004 0000000000000000 bits2_34 0 0 252 32.00124 1.27 0 0 0 0 0 0 0 0 0
0000000800000004 0000000000000000 bits2_35 0 0 280 31.99880 -1.23 0 0 0 0 0 0 0 0 0
0000001000000004 0000000000000000 bits2_36 0 0 272 31.99968 -0.33 0 0 0 0 0 0 0 0 0
0000002000000004 0000000000000000 bits2_37 0 0 269 31.99959 -0.42 0 0 0 0 0 0 0 0 0
0000004000000004 0000000000000000 bits2_38 0 0 256 31.99977 -0.24 0 0 0 0 0 0 0 0 0
0000008000000004 0000000000000000 bits2_39 0 0 268 31.99947 -0.54 0 0 0 0 0 0 0 0 0
0000010000000004 0000000000000000 bits2_40 0 0 243 32.00229 2.34 0 0 0 0 0 0 0 0 0
0000020000000004 0000000000000000 bits2_41 0 0 247 32.00005 0.05 0 0 0 0 0 0 0 0 0
0000040000000004 0000000000000000 bits2_42 0 0 286 32.00085 0.87 0 0 0 0 0 0 0 0 0
0000080000000004 0000000000000000 bits2_43 0 0 260 32.00056 0.57 0 0 0 0 0 0 0 0 0
0000100000000004 0000000000000000 bits2_44 0 0 269 31.99989 -0.11 0 0 0 0 0 0 0 0 0
0000200000000004 0000000000000000 bits2_45 0 0 265 32.00046 0.48 0 0 0 0 0 0 0 0 0
0000400000000004 0000000000000000 bits2_46 0 0 239 31.99968 -0.33 0 0 0 0 0 0 0 0 0
0000800000000004 0000000000000000 bits2_47 0 0 290 32.00025 0.26 0 0 0 0 0 0 0 0 0
0001000000000004 0000000000000000 bits2_48 0 0 259 32.00051 0.52 0 0 0 0 0 0 0 0 0
0002000000000004 0000000000000000 bits2_49 0 0 279 32.00119 1.22 0 0 0 0 0 0 0 0 0
0004000000000004 0000000000000000 bits2_50 0 0 262 32.00048 0.49 0 0 0 0 0 0 0 0 0
0008000000000004 0000000000000000 bits2_51 0 0 261 32.00041 0.42 0 0 0 0 0 0 0 0 0
0010000000000004 0000000000000000 bits2_52 0 0 260 31.99947 -0.54 0 0 0 0 0 0 0 0 0
0020000000000004 0000000000000000 bits2_53 0 0 239 32.00128 1.31 0 0 0 0 0 0 0 0 0
0040000000000004 0000000000000000 bits2_54 0 0 254 31.99881 -1.22 0 0 0 0 0 0 0 0 1
0080000000000004 0000000000000000 bits2_55 0 0 255 32.00008 0.09 0 0 0 0 0 0 0 0 0
0100000000000004 0000000000000000 bits2_56 0 0 260 31.99999 -0.01 0 0 0 0 0 0 0 0 0
0200000000000004 0000000000000000 bits2_57 0 0 282 32.00112 1.15 0 0 0 0 0 0 0 0 0
0400000000000004 0000000000000000 bits2_58 0 0 244 31.99945 -0.56 0 0 0 0 0 0 0 0 0
0800000000000004 0000000000000000 bits2_59 0 0 249 32.00068 0.70 0 0 0 0 0 0 0 0 0
1000000000000004 0000000000000000 bits2_60 0 0 261 32.00049 0.50 0 0 0 0 0 0 0 0 0
2000000000000004 0000000000000000 bits2_61 0 0 254 32.00047 0.48 0 0 0 0 0 0 0 0 0
4000000000000004 0000000000000000 bits2_62 0 0 238 32.00135 1.38 0 0 0 0 0 0 0 0 0
8000000000000004 0000000000000000 bits2_63 0 0 224 32.00045 0.46 0 0 0 0 0 0 0 0 0
0000000000000018 0000000000000000 bits3_4 0 0 249 31.99922 -0.80 0 0 0 0 0 0 0 0 0
0000000000000028 0000000000000000 bits3_5 0 0 260 32.00000 0.00 0 0 0 0 0 0 0 0 0
0000000000000048 0000000000000000 bits3_6 0 0 240 32.00068 0.70 0 0 0 0 0 0 0 0 0
0000000000000088 0000000000000000 bits3_7 0 1 258 32.00002 0.02 0 0 0 0 0 0 0 0 0
0000000000000108 0000000000000000 bits3_8 0 0 256 31.99887 -1.16 0 0 0 0 0 0 0 0 0
0000000000000208 0000000000000000 bits3_9 0 0 233 31.99848 -1.55 0 0 0 0 0 0 0 0 0
0000000000000408 0000000000000000 bits3_10 0 0 282 31.99976 -0.25 0 0 0 0 0 0 0 0 0
0000000000000808 0000000000000000 bits3_11 0 0 262 31.99928 -0.74 0 0 0 0 0 0 0 0 0
0000000000001008 0000000000000000 bits3_12 0 0 291 32.00031 0.32 0 0 0 0 0 0 0 0 0
0000000000002008 0000000000000000 bits3_13 0 0 246 31.99976 -0.24 0 0 0 0 0 0 0 0 0
0000000000004008 0000000000000000 bits3_14 0 0 243 31.99923 -0.79 0 0 0 0 0 0 0 0 0
0000000000008008 0000000000000000 bits3_15 0 0 249 32.00100 1.02 0 0 0 0 0 0 0 0 0
0000000000010008 0000000000000000 bits3_16 0 0 263 31.99874 -1.29 0 0 0 0 0 0 0 0 0
0000000000020008 0000000000000000 bits3_17 0 0 255 32.00087 0.89 0 0 0 0 0 0 0 0 0
0000000000040008 0000000000000000 bits3_18 0 0 271 32.00022 0.23 0 0 0 0 0 0 0 0 0
0000000000080008 0000000000000000 bits3_19 0 0 253 32.00077 0.79 0 0 0 0 0 0 0 0 0
0000000000100008 0000000000000000 bits3_20 0 0 243 31.99973 -0.27 0 0 0 0 0 0 0 0 0
0000000000200008 0000000000000000 bits3_21 0 0 283 31.99989 -0.11 0 0 0 0 0 0 0 0 0
0000000000400008 0000000000000000 bits3_22 0 0 256 31.99816 -1.89 0 0 0 0 0 0 0 0 0
0000000000800008 0000000000000000 bits3_23 0 0 237 32.00096 0.98 0 0 0 0 0 0 0 0 0
0000000001000008 0000000000000000 bits3_24 0 0 267 31.99999 -0.01 0 0 0 0 0 0 0 0 0
0000000002000008 0000000000000000 bits3_25 0 0 250 31.99991 -0.09 0 0 0 0 0 0 0 0 0
0000000004000008 0000000000000000 bits3_26 0 0 233 32.00169 1.73 0 0 0 0 0 0 0 0 0
0000000008000008 0000000000000000 bits3_27 0 0 292 31.99999 -0.01 0 0 0 0 0 0 0 0 0
0000000010000008 0000000000000000 bits3_28 0 0 267 32.00051 0.53 0 0 0 0 0 0 0 0 0
0000000020000008 0000000000000000 bits3_29 0 0 263 32.00001 0.01 0 0 0 0 0 0 0 0 0
