google/farmhash master src/farmhash.cc; N=2^26 seeds per pair per interface (xoshiro256**, seed 1)
pair A (8 B rho): len 8/8  farmhashna::Hash64 25ddc82d6c8a301a 25ddc82d6c8a301a EQUAL   public farmhash::Hash64 51d003c1f7c9abbf 51d003c1f7c9abbf EQUAL
  explicit seed 82bdf567d8ebbf4f: farmhash::Hash64WithSeed 7f1be06374f4f57b 7f1be06374f4f57b COLLIDE
  farmhash::Hash64WithSeed  67108864/67108864   farmhash::Hash64WithSeeds 67108864/67108864
  farmhashuo::Hash64WithSeed 67108864/67108864  farmhashuo::Hash64WithSeeds 67108864/67108864
  farmhashxo::Hash64WithSeed 67108864/67108864  farmhashxo::Hash64WithSeeds 67108864/67108864
pair B (32 B closed form): len 32/32  farmhashna::Hash64 b49071fd6dc4354d b49071fd6dc4354d EQUAL   public farmhash::Hash64 6844c16af29288f1 6844c16af29288f1 EQUAL
  explicit seed 82bdf567d8ebbf4f: farmhash::Hash64WithSeed 052067d88b665b54 052067d88b665b54 COLLIDE
  farmhash::Hash64WithSeed  67108864/67108864   farmhash::Hash64WithSeeds 67108864/67108864
  farmhashuo::Hash64WithSeed 67108864/67108864  farmhashuo::Hash64WithSeeds 67108864/67108864
  farmhashxo::Hash64WithSeed 67108864/67108864  farmhashxo::Hash64WithSeeds 67108864/67108864
pair C (Peters): len 32/32  farmhashna::Hash64 0000000000000539 0000000000000539 EQUAL   public farmhash::Hash64 64c535936532c5ed 64c535936532c5ed EQUAL
  explicit seed 82bdf567d8ebbf4f: farmhash::Hash64WithSeed b24d4805ee837c99 b24d4805ee837c99 COLLIDE
  farmhash::Hash64WithSeed  67108864/67108864   farmhash::Hash64WithSeeds 67108864/67108864
  farmhashuo::Hash64WithSeed 67108864/67108864  farmhashuo::Hash64WithSeeds 67108864/67108864
  farmhashxo::Hash64WithSeed 67108864/67108864  farmhashxo::Hash64WithSeeds 67108864/67108864
result: all pairs collide for every sampled seed on every interface

real	0m20.054s
user	0m11.655s
sys	0m0.001s
