✖ [7357/7359] Building ProvenHashes.Counting (5.6s)
trace: .> LEAN_PATH=/home/thomas-ahle/agents/lean-chainhash/lean/.lake/packages/Cli/.lake/build/lib/lean:/home/thomas-ahle/agents/lean-chainhash/lean/.lake/packages/batteries/.lake/build/lib/lean:/home/thomas-ahle/agents/lean-chainhash/lean/.lake/packages/Qq/.lake/build/lib/lean:/home/thomas-ahle/agents/lean-chainhash/lean/.lake/packages/aesop/.lake/build/lib/lean:/home/thomas-ahle/agents/lean-chainhash/lean/.lake/packages/proofwidgets/.lake/build/lib/lean:/home/thomas-ahle/agents/lean-chainhash/lean/.lake/packages/importGraph/.lake/build/lib/lean:/home/thomas-ahle/agents/lean-chainhash/lean/.lake/packages/LeanSearchClient/.lake/build/lib/lean:/home/thomas-ahle/agents/lean-chainhash/lean/.lake/packages/plausible/.lake/build/lib/lean:/home/thomas-ahle/agents/lean-chainhash/lean/.lake/packages/mathlib/.lake/build/lib/lean:/home/thomas-ahle/agents/lean-chainhash/lean/.lake/build/lib/lean /home/thomas-ahle/agents/lean-chainhash/.elan/toolchains/leanprover--lean4---v4.24.0/bin/lean /home/thomas-ahle/agents/lean-chainhash/lean/ProvenHashes/Counting.lean -o /home/thomas-ahle/agents/lean-chainhash/lean/.lake/build/lib/lean/ProvenHashes/Counting.olean -i /home/thomas-ahle/agents/lean-chainhash/lean/.lake/build/lib/lean/ProvenHashes/Counting.ilean -c /home/thomas-ahle/agents/lean-chainhash/lean/.lake/build/ir/ProvenHashes/Counting.c --setup /home/thomas-ahle/agents/lean-chainhash/lean/.lake/build/ir/ProvenHashes/Counting.setup.json --json
error: ProvenHashes/Counting.lean:44:10: Tactic `rewrite` failed: Did not find an occurrence of the pattern
  split.symm (v, r)
in the target expression
  (fun v => f (split.symm ((r, v).2, (r, v).1))) v = (fun v => f (split.symm ((r, v).2, (r, v).1))) v'

case h.hf
I : Type u_1
V : Type u_2
R : Type u_3
inst✝³ : Fintype I
inst✝² : Fintype V
inst✝¹ : Nonempty V
inst✝ : DecidableEq I
f : (I → V) → R
i : I
h : ∀ (k : I → V), Function.Injective fun v => f (Function.update k i v)
t : R
split : (I → V) ≃ V × ({ j // j ≠ i } → V) := Equiv.funSplitAt i V
v₀ : V := Classical.choice ⋯
hu : ∀ (r : { j // j ≠ i } → V) (v : V), split.symm (v, r) = Function.update (split.symm (v₀, r)) i v
r : { j // j ≠ i } → V
v v' : V
hv : (fun v => f (split.symm ((r, v).2, (r, v).1))) v = (fun v => f (split.symm ((r, v).2, (r, v).1))) v'
⊢ v = v'
error: Lean exited with code 1
⚠ [7359/7359] Built ProvenHashes.Finalizer (6.6s)
warning: ProvenHashes/Finalizer.lean:39:58: Used `tac1 <;> tac2` where `(tac1; tac2)` would suffice

Note: This linter can be disabled with `set_option linter.unnecessarySeqFocus false`
Some required targets logged failures:
- ProvenHashes.Counting
error: build failed
