✖ [7361/7361] Building ProvenHashes.FieldStream (4.1s)
trace: .> LEAN_PATH=/home/thomas-ahle/agents/lean-chainhash/lean/.lake/packages/Cli/.lake/build/lib/lean:/home/thomas-ahle/agents/lean-chainhash/lean/.lake/packages/batteries/.lake/build/lib/lean:/home/thomas-ahle/agents/lean-chainhash/lean/.lake/packages/Qq/.lake/build/lib/lean:/home/thomas-ahle/agents/lean-chainhash/lean/.lake/packages/aesop/.lake/build/lib/lean:/home/thomas-ahle/agents/lean-chainhash/lean/.lake/packages/proofwidgets/.lake/build/lib/lean:/home/thomas-ahle/agents/lean-chainhash/lean/.lake/packages/importGraph/.lake/build/lib/lean:/home/thomas-ahle/agents/lean-chainhash/lean/.lake/packages/LeanSearchClient/.lake/build/lib/lean:/home/thomas-ahle/agents/lean-chainhash/lean/.lake/packages/plausible/.lake/build/lib/lean:/home/thomas-ahle/agents/lean-chainhash/lean/.lake/packages/mathlib/.lake/build/lib/lean:/home/thomas-ahle/agents/lean-chainhash/lean/.lake/build/lib/lean /home/thomas-ahle/agents/lean-chainhash/.elan/toolchains/leanprover--lean4---v4.24.0/bin/lean /home/thomas-ahle/agents/lean-chainhash/lean/ProvenHashes/FieldStream.lean -o /home/thomas-ahle/agents/lean-chainhash/lean/.lake/build/lib/lean/ProvenHashes/FieldStream.olean -i /home/thomas-ahle/agents/lean-chainhash/lean/.lake/build/lib/lean/ProvenHashes/FieldStream.ilean -c /home/thomas-ahle/agents/lean-chainhash/lean/.lake/build/ir/ProvenHashes/FieldStream.c --setup /home/thomas-ahle/agents/lean-chainhash/lean/.lake/build/ir/ProvenHashes/FieldStream.setup.json --json
error: ProvenHashes/FieldStream.lean:27:66: omega could not prove the goal:
a possible counterexample may satisfy the constraints
  c ≥ 0
  0 ≤ b ≤ 64
  b + c ≥ 128
  0 ≤ a ≤ 63
where
 a := ↑((ofFn 64) (lengthWord n)).natDegree
 b := ↑(natDegree (1 + X ^ 64))
 c := ↑(natDegree ((pack 64) (lengthWord n)))
error: ProvenHashes/FieldStream.lean:32:23: Application type mismatch: The argument
  natDegree_add_le
has type
  ∀ (p q : ?m.14[X]), (p + q).natDegree ≤ max p.natDegree q.natDegree
but is expected to have type
  natDegree
      (clnh (activePairs m t) (blockData m t) k + if t + 1 = blockCount m then lengthMask (List.length m) else 0) ≤
    ?m.12
in the application
  lt_of_le_of_lt natDegree_add_le
error: Lean exited with code 1
Some required targets logged failures:
- ProvenHashes.FieldStream
error: build failed
