✖ [7360/7360] Building ProvenHashes.CertificateSample (28s)
trace: .> LEAN_PATH=/home/thomas-ahle/agents/lean-chainhash/lean/.lake/packages/Cli/.lake/build/lib/lean:/home/thomas-ahle/agents/lean-chainhash/lean/.lake/packages/batteries/.lake/build/lib/lean:/home/thomas-ahle/agents/lean-chainhash/lean/.lake/packages/Qq/.lake/build/lib/lean:/home/thomas-ahle/agents/lean-chainhash/lean/.lake/packages/aesop/.lake/build/lib/lean:/home/thomas-ahle/agents/lean-chainhash/lean/.lake/packages/proofwidgets/.lake/build/lib/lean:/home/thomas-ahle/agents/lean-chainhash/lean/.lake/packages/importGraph/.lake/build/lib/lean:/home/thomas-ahle/agents/lean-chainhash/lean/.lake/packages/LeanSearchClient/.lake/build/lib/lean:/home/thomas-ahle/agents/lean-chainhash/lean/.lake/packages/plausible/.lake/build/lib/lean:/home/thomas-ahle/agents/lean-chainhash/lean/.lake/packages/mathlib/.lake/build/lib/lean:/home/thomas-ahle/agents/lean-chainhash/lean/.lake/build/lib/lean /home/thomas-ahle/agents/lean-chainhash/.elan/toolchains/leanprover--lean4---v4.24.0/bin/lean /home/thomas-ahle/agents/lean-chainhash/lean/ProvenHashes/CertificateSample.lean -o /home/thomas-ahle/agents/lean-chainhash/lean/.lake/build/lib/lean/ProvenHashes/CertificateSample.olean -i /home/thomas-ahle/agents/lean-chainhash/lean/.lake/build/lib/lean/ProvenHashes/CertificateSample.ilean -c /home/thomas-ahle/agents/lean-chainhash/lean/.lake/build/ir/ProvenHashes/CertificateSample.c --setup /home/thomas-ahle/agents/lean-chainhash/lean/.lake/build/ir/ProvenHashes/CertificateSample.setup.json --json
error: ProvenHashes/CertificateSample.lean:10:2: Type mismatch
  CharP.natCast_eq_natCast_mod BitsPolynomial 2 2
has type
  ↑2 = ↑(2 % 2)
but is expected to have type
  2 = 0
error: ProvenHashes/CertificateSample.lean:14:2: Type mismatch
  CharP.natCast_eq_natCast_mod BitsPolynomial 2 4
has type
  ↑4 = ↑(4 % 2)
but is expected to have type
  4 = 0
error: ProvenHashes/CertificateSample.lean:18:2: Type mismatch
  CharP.natCast_eq_natCast_mod BitsPolynomial 2 6
has type
  ↑6 = ↑(6 % 2)
but is expected to have type
  6 = 0
error: ProvenHashes/CertificateSample.lean:22:2: Type mismatch
  CharP.natCast_eq_natCast_mod BitsPolynomial 2 8
has type
  ↑8 = ↑(8 % 2)
but is expected to have type
  8 = 0
error: ProvenHashes/CertificateSample.lean:26:2: Type mismatch
  CharP.natCast_eq_natCast_mod BitsPolynomial 2 10
has type
  ↑10 = ↑(10 % 2)
but is expected to have type
  10 = 0
error: ProvenHashes/CertificateSample.lean:30:2: Type mismatch
  CharP.natCast_eq_natCast_mod BitsPolynomial 2 12
has type
  ↑12 = ↑(12 % 2)
but is expected to have type
  12 = 0
error: ProvenHashes/CertificateSample.lean:34:2: Type mismatch
  CharP.natCast_eq_natCast_mod BitsPolynomial 2 14
has type
  ↑14 = ↑(14 % 2)
but is expected to have type
  14 = 0
error: ProvenHashes/CertificateSample.lean:38:2: Type mismatch
  CharP.natCast_eq_natCast_mod BitsPolynomial 2 16
has type
  ↑16 = ↑(16 % 2)
but is expected to have type
  16 = 0
error: ProvenHashes/CertificateSample.lean:42:2: Type mismatch
  CharP.natCast_eq_natCast_mod BitsPolynomial 2 18
has type
  ↑18 = ↑(18 % 2)
but is expected to have type
  18 = 0
error: ProvenHashes/CertificateSample.lean:46:2: Type mismatch
  CharP.natCast_eq_natCast_mod BitsPolynomial 2 20
has type
  ↑20 = ↑(20 % 2)
but is expected to have type
  20 = 0
error: ProvenHashes/CertificateSample.lean:50:2: Type mismatch
  CharP.natCast_eq_natCast_mod BitsPolynomial 2 22
has type
  ↑22 = ↑(22 % 2)
but is expected to have type
  22 = 0
error: ProvenHashes/CertificateSample.lean:54:2: Type mismatch
  CharP.natCast_eq_natCast_mod BitsPolynomial 2 24
has type
  ↑24 = ↑(24 % 2)
but is expected to have type
  24 = 0
error: ProvenHashes/CertificateSample.lean:58:2: Type mismatch
  CharP.natCast_eq_natCast_mod BitsPolynomial 2 26
has type
  ↑26 = ↑(26 % 2)
but is expected to have type
  26 = 0
error: ProvenHashes/CertificateSample.lean:62:2: Type mismatch
  CharP.natCast_eq_natCast_mod BitsPolynomial 2 28
has type
  ↑28 = ↑(28 % 2)
but is expected to have type
  28 = 0
error: ProvenHashes/CertificateSample.lean:66:2: Type mismatch
  CharP.natCast_eq_natCast_mod BitsPolynomial 2 30
has type
  ↑30 = ↑(30 % 2)
but is expected to have type
  30 = 0
error: ProvenHashes/CertificateSample.lean:70:2: Type mismatch
  CharP.natCast_eq_natCast_mod BitsPolynomial 2 32
has type
  ↑32 = ↑(32 % 2)
but is expected to have type
  32 = 0
error: ProvenHashes/CertificateSample.lean:74:2: Type mismatch
  CharP.natCast_eq_natCast_mod BitsPolynomial 2 34
has type
  ↑34 = ↑(34 % 2)
but is expected to have type
  34 = 0
error: ProvenHashes/CertificateSample.lean:78:2: Type mismatch
  CharP.natCast_eq_natCast_mod BitsPolynomial 2 36
has type
  ↑36 = ↑(36 % 2)
but is expected to have type
  36 = 0
error: ProvenHashes/CertificateSample.lean:82:2: Type mismatch
  CharP.natCast_eq_natCast_mod BitsPolynomial 2 38
has type
  ↑38 = ↑(38 % 2)
but is expected to have type
  38 = 0
error: ProvenHashes/CertificateSample.lean:86:2: Type mismatch
  CharP.natCast_eq_natCast_mod BitsPolynomial 2 40
has type
  ↑40 = ↑(40 % 2)
but is expected to have type
  40 = 0
error: ProvenHashes/CertificateSample.lean:90:2: Type mismatch
  CharP.natCast_eq_natCast_mod BitsPolynomial 2 42
has type
  ↑42 = ↑(42 % 2)
but is expected to have type
  42 = 0
error: ProvenHashes/CertificateSample.lean:94:2: Type mismatch
  CharP.natCast_eq_natCast_mod BitsPolynomial 2 44
has type
  ↑44 = ↑(44 % 2)
but is expected to have type
  44 = 0
error: ProvenHashes/CertificateSample.lean:98:2: Type mismatch
  CharP.natCast_eq_natCast_mod BitsPolynomial 2 46
has type
  ↑46 = ↑(46 % 2)
but is expected to have type
  46 = 0
error: ProvenHashes/CertificateSample.lean:102:2: Type mismatch
  CharP.natCast_eq_natCast_mod BitsPolynomial 2 48
has type
  ↑48 = ↑(48 % 2)
but is expected to have type
  48 = 0
error: ProvenHashes/CertificateSample.lean:106:2: Type mismatch
  CharP.natCast_eq_natCast_mod BitsPolynomial 2 50
has type
  ↑50 = ↑(50 % 2)
but is expected to have type
  50 = 0
error: ProvenHashes/CertificateSample.lean:110:2: Type mismatch
  CharP.natCast_eq_natCast_mod BitsPolynomial 2 52
has type
  ↑52 = ↑(52 % 2)
but is expected to have type
  52 = 0
error: ProvenHashes/CertificateSample.lean:114:2: Type mismatch
  CharP.natCast_eq_natCast_mod BitsPolynomial 2 54
has type
  ↑54 = ↑(54 % 2)
but is expected to have type
  54 = 0
error: ProvenHashes/CertificateSample.lean:118:2: Type mismatch
  CharP.natCast_eq_natCast_mod BitsPolynomial 2 56
has type
  ↑56 = ↑(56 % 2)
but is expected to have type
  56 = 0
error: ProvenHashes/CertificateSample.lean:122:2: Type mismatch
  CharP.natCast_eq_natCast_mod BitsPolynomial 2 58
has type
  ↑58 = ↑(58 % 2)
but is expected to have type
  58 = 0
error: ProvenHashes/CertificateSample.lean:126:2: Type mismatch
  CharP.natCast_eq_natCast_mod BitsPolynomial 2 60
has type
  ↑60 = ↑(60 % 2)
but is expected to have type
  60 = 0
error: ProvenHashes/CertificateSample.lean:130:2: Type mismatch
  CharP.natCast_eq_natCast_mod BitsPolynomial 2 62
has type
  ↑62 = ↑(62 % 2)
but is expected to have type
  62 = 0
error: ProvenHashes/CertificateSample.lean:134:2: Type mismatch
  CharP.natCast_eq_natCast_mod BitsPolynomial 2 64
has type
  ↑64 = ↑(64 % 2)
but is expected to have type
  64 = 0
error: Lean exited with code 1
Some required targets logged failures:
- ProvenHashes.CertificateSample
error: build failed
