⚠ [7366/7378] Replayed ProvenHashes.ChainHashModel
warning: ProvenHashes/ChainHashModel.lean:21:41: This simp argument is unused:
  word_card

Hint: Omit it from the simp argument list.
  simp only [IdealKey, BlockKey, Fintype.card_prod, Fintype.card_fun,
  ̵  ̵ ̵ ̵Fintype.card_fin,
  ̲  ̲ ̲ ̲Fintype.card_bool, w̵o̵r̵d̵_̵c̵a̵r̵d̵,̵ ̵field_card repr]

Note: This linter can be disabled with `set_option linter.unusedSimpArgs false`
✖ [7367/7378] Building ProvenHashes.ConcreteWords (10s)
trace: .> LEAN_PATH=/home/thomas-ahle/agents/lean-chainhash/lean/.lake/packages/Cli/.lake/build/lib/lean:/home/thomas-ahle/agents/lean-chainhash/lean/.lake/packages/batteries/.lake/build/lib/lean:/home/thomas-ahle/agents/lean-chainhash/lean/.lake/packages/Qq/.lake/build/lib/lean:/home/thomas-ahle/agents/lean-chainhash/lean/.lake/packages/aesop/.lake/build/lib/lean:/home/thomas-ahle/agents/lean-chainhash/lean/.lake/packages/proofwidgets/.lake/build/lib/lean:/home/thomas-ahle/agents/lean-chainhash/lean/.lake/packages/importGraph/.lake/build/lib/lean:/home/thomas-ahle/agents/lean-chainhash/lean/.lake/packages/LeanSearchClient/.lake/build/lib/lean:/home/thomas-ahle/agents/lean-chainhash/lean/.lake/packages/plausible/.lake/build/lib/lean:/home/thomas-ahle/agents/lean-chainhash/lean/.lake/packages/mathlib/.lake/build/lib/lean:/home/thomas-ahle/agents/lean-chainhash/lean/.lake/build/lib/lean /home/thomas-ahle/agents/lean-chainhash/.elan/toolchains/leanprover--lean4---v4.24.0/bin/lean /home/thomas-ahle/agents/lean-chainhash/lean/ProvenHashes/ConcreteWords.lean -o /home/thomas-ahle/agents/lean-chainhash/lean/.lake/build/lib/lean/ProvenHashes/ConcreteWords.olean -i /home/thomas-ahle/agents/lean-chainhash/lean/.lake/build/lib/lean/ProvenHashes/ConcreteWords.ilean -c /home/thomas-ahle/agents/lean-chainhash/lean/.lake/build/ir/ProvenHashes/ConcreteWords.c --setup /home/thomas-ahle/agents/lean-chainhash/lean/.lake/build/ir/ProvenHashes/ConcreteWords.setup.json --json
error: ProvenHashes/ConcreteWords.lean:30:10: Invalid field `degree_eq_natDegree`: The environment does not contain `Eq.degree_eq_natDegree`
  modulus_monic
has type
  leadingCoeff modulus = 1
error: Lean exited with code 1
✔ [7368/7378] Built ProvenHashes.KeyLayout (10s)
✖ [7369/7378] Building ProvenHashes.ModulusResidues (229s)
trace: .> LEAN_PATH=/home/thomas-ahle/agents/lean-chainhash/lean/.lake/packages/Cli/.lake/build/lib/lean:/home/thomas-ahle/agents/lean-chainhash/lean/.lake/packages/batteries/.lake/build/lib/lean:/home/thomas-ahle/agents/lean-chainhash/lean/.lake/packages/Qq/.lake/build/lib/lean:/home/thomas-ahle/agents/lean-chainhash/lean/.lake/packages/aesop/.lake/build/lib/lean:/home/thomas-ahle/agents/lean-chainhash/lean/.lake/packages/proofwidgets/.lake/build/lib/lean:/home/thomas-ahle/agents/lean-chainhash/lean/.lake/packages/importGraph/.lake/build/lib/lean:/home/thomas-ahle/agents/lean-chainhash/lean/.lake/packages/LeanSearchClient/.lake/build/lib/lean:/home/thomas-ahle/agents/lean-chainhash/lean/.lake/packages/plausible/.lake/build/lib/lean:/home/thomas-ahle/agents/lean-chainhash/lean/.lake/packages/mathlib/.lake/build/lib/lean:/home/thomas-ahle/agents/lean-chainhash/lean/.lake/build/lib/lean /home/thomas-ahle/agents/lean-chainhash/.elan/toolchains/leanprover--lean4---v4.24.0/bin/lean /home/thomas-ahle/agents/lean-chainhash/lean/ProvenHashes/ModulusResidues.lean -o /home/thomas-ahle/agents/lean-chainhash/lean/.lake/build/lib/lean/ProvenHashes/ModulusResidues.olean -i /home/thomas-ahle/agents/lean-chainhash/lean/.lake/build/lib/lean/ProvenHashes/ModulusResidues.ilean -c /home/thomas-ahle/agents/lean-chainhash/lean/.lake/build/ir/ProvenHashes/ModulusResidues.c --setup /home/thomas-ahle/agents/lean-chainhash/lean/.lake/build/ir/ProvenHashes/ModulusResidues.setup.json --json
error: Lean exited with code 143
Some required targets logged failures:
- ProvenHashes.ConcreteWords
- ProvenHashes.ModulusResidues
error: build failed
