✔ [7364/7375] Built ProvenHashes.ConcreteWords (7.4s)
✔ [7365/7375] Built ProvenHashes.ModulusResidues (9.2s)
⚠ [7366/7375] Built ProvenHashes.ModulusSteps0 (10s)
warning: ProvenHashes/ModulusSteps0.lean:14:12: this tactic is never executed

Note: This linter can be disabled with `set_option linter.unreachableTactic false`
warning: ProvenHashes/ModulusSteps0.lean:14:2: 'all_goals
  simp only [poly_num_2, poly_num_3, poly_num_4, poly_num_5, poly_num_6, poly_num_7, poly_num_8, poly_num_9,
    poly_num_10, poly_num_11, poly_num_12, poly_num_13, poly_num_14, poly_num_15, poly_num_16, poly_num_17, poly_num_18,
    poly_num_19, poly_num_20, poly_num_21, poly_num_22, poly_num_23, poly_num_24, poly_num_25, poly_num_26, poly_num_27,
    poly_num_28, poly_num_29, poly_num_30, poly_num_31, poly_num_32, poly_num_33, poly_num_34, poly_num_35, poly_num_36,
    poly_num_37, poly_num_38, poly_num_39, poly_num_40, poly_num_41, poly_num_42, poly_num_43, poly_num_44, poly_num_45,
    poly_num_46, poly_num_47, poly_num_48, poly_num_49, poly_num_50, poly_num_51, poly_num_52, poly_num_53, poly_num_54,
    poly_num_55, poly_num_56, poly_num_57, poly_num_58, poly_num_59, poly_num_60, poly_num_61, poly_num_62, poly_num_63,
    poly_num_64, mul_zero, mul_one, zero_add, add_zero]' tactic does nothing

Note: This linter can be disabled with `set_option linter.unusedTactic false`
warning: ProvenHashes/ModulusSteps0.lean:22:12: this tactic is never executed

Note: This linter can be disabled with `set_option linter.unreachableTactic false`
warning: ProvenHashes/ModulusSteps0.lean:22:2: 'all_goals
  simp only [poly_num_2, poly_num_3, poly_num_4, poly_num_5, poly_num_6, poly_num_7, poly_num_8, poly_num_9,
    poly_num_10, poly_num_11, poly_num_12, poly_num_13, poly_num_14, poly_num_15, poly_num_16, poly_num_17, poly_num_18,
    poly_num_19, poly_num_20, poly_num_21, poly_num_22, poly_num_23, poly_num_24, poly_num_25, poly_num_26, poly_num_27,
    poly_num_28, poly_num_29, poly_num_30, poly_num_31, poly_num_32, poly_num_33, poly_num_34, poly_num_35, poly_num_36,
    poly_num_37, poly_num_38, poly_num_39, poly_num_40, poly_num_41, poly_num_42, poly_num_43, poly_num_44, poly_num_45,
    poly_num_46, poly_num_47, poly_num_48, poly_num_49, poly_num_50, poly_num_51, poly_num_52, poly_num_53, poly_num_54,
    poly_num_55, poly_num_56, poly_num_57, poly_num_58, poly_num_59, poly_num_60, poly_num_61, poly_num_62, poly_num_63,
    poly_num_64, mul_zero, mul_one, zero_add, add_zero]' tactic does nothing

Note: This linter can be disabled with `set_option linter.unusedTactic false`
warning: ProvenHashes/ModulusSteps0.lean:30:12: this tactic is never executed

Note: This linter can be disabled with `set_option linter.unreachableTactic false`
warning: ProvenHashes/ModulusSteps0.lean:30:2: 'all_goals
  simp only [poly_num_2, poly_num_3, poly_num_4, poly_num_5, poly_num_6, poly_num_7, poly_num_8, poly_num_9,
    poly_num_10, poly_num_11, poly_num_12, poly_num_13, poly_num_14, poly_num_15, poly_num_16, poly_num_17, poly_num_18,
    poly_num_19, poly_num_20, poly_num_21, poly_num_22, poly_num_23, poly_num_24, poly_num_25, poly_num_26, poly_num_27,
    poly_num_28, poly_num_29, poly_num_30, poly_num_31, poly_num_32, poly_num_33, poly_num_34, poly_num_35, poly_num_36,
    poly_num_37, poly_num_38, poly_num_39, poly_num_40, poly_num_41, poly_num_42, poly_num_43, poly_num_44, poly_num_45,
    poly_num_46, poly_num_47, poly_num_48, poly_num_49, poly_num_50, poly_num_51, poly_num_52, poly_num_53, poly_num_54,
    poly_num_55, poly_num_56, poly_num_57, poly_num_58, poly_num_59, poly_num_60, poly_num_61, poly_num_62, poly_num_63,
    poly_num_64, mul_zero, mul_one, zero_add, add_zero]' tactic does nothing

Note: This linter can be disabled with `set_option linter.unusedTactic false`
warning: ProvenHashes/ModulusSteps0.lean:38:12: this tactic is never executed

Note: This linter can be disabled with `set_option linter.unreachableTactic false`
warning: ProvenHashes/ModulusSteps0.lean:38:2: 'all_goals
  simp only [poly_num_2, poly_num_3, poly_num_4, poly_num_5, poly_num_6, poly_num_7, poly_num_8, poly_num_9,
    poly_num_10, poly_num_11, poly_num_12, poly_num_13, poly_num_14, poly_num_15, poly_num_16, poly_num_17, poly_num_18,
    poly_num_19, poly_num_20, poly_num_21, poly_num_22, poly_num_23, poly_num_24, poly_num_25, poly_num_26, poly_num_27,
    poly_num_28, poly_num_29, poly_num_30, poly_num_31, poly_num_32, poly_num_33, poly_num_34, poly_num_35, poly_num_36,
    poly_num_37, poly_num_38, poly_num_39, poly_num_40, poly_num_41, poly_num_42, poly_num_43, poly_num_44, poly_num_45,
    poly_num_46, poly_num_47, poly_num_48, poly_num_49, poly_num_50, poly_num_51, poly_num_52, poly_num_53, poly_num_54,
    poly_num_55, poly_num_56, poly_num_57, poly_num_58, poly_num_59, poly_num_60, poly_num_61, poly_num_62, poly_num_63,
    poly_num_64, mul_zero, mul_one, zero_add, add_zero]' tactic does nothing

Note: This linter can be disabled with `set_option linter.unusedTactic false`
warning: ProvenHashes/ModulusSteps0.lean:46:12: this tactic is never executed

Note: This linter can be disabled with `set_option linter.unreachableTactic false`
warning: ProvenHashes/ModulusSteps0.lean:46:2: 'all_goals
  simp only [poly_num_2, poly_num_3, poly_num_4, poly_num_5, poly_num_6, poly_num_7, poly_num_8, poly_num_9,
    poly_num_10, poly_num_11, poly_num_12, poly_num_13, poly_num_14, poly_num_15, poly_num_16, poly_num_17, poly_num_18,
    poly_num_19, poly_num_20, poly_num_21, poly_num_22, poly_num_23, poly_num_24, poly_num_25, poly_num_26, poly_num_27,
    poly_num_28, poly_num_29, poly_num_30, poly_num_31, poly_num_32, poly_num_33, poly_num_34, poly_num_35, poly_num_36,
    poly_num_37, poly_num_38, poly_num_39, poly_num_40, poly_num_41, poly_num_42, poly_num_43, poly_num_44, poly_num_45,
    poly_num_46, poly_num_47, poly_num_48, poly_num_49, poly_num_50, poly_num_51, poly_num_52, poly_num_53, poly_num_54,
    poly_num_55, poly_num_56, poly_num_57, poly_num_58, poly_num_59, poly_num_60, poly_num_61, poly_num_62, poly_num_63,
    poly_num_64, mul_zero, mul_one, zero_add, add_zero]' tactic does nothing

Note: This linter can be disabled with `set_option linter.unusedTactic false`
warning: ProvenHashes/ModulusSteps0.lean:62:12: this tactic is never executed

Note: This linter can be disabled with `set_option linter.unreachableTactic false`
warning: ProvenHashes/ModulusSteps0.lean:62:2: 'all_goals
  simp only [poly_num_2, poly_num_3, poly_num_4, poly_num_5, poly_num_6, poly_num_7, poly_num_8, poly_num_9,
    poly_num_10, poly_num_11, poly_num_12, poly_num_13, poly_num_14, poly_num_15, poly_num_16, poly_num_17, poly_num_18,
    poly_num_19, poly_num_20, poly_num_21, poly_num_22, poly_num_23, poly_num_24, poly_num_25, poly_num_26, poly_num_27,
    poly_num_28, poly_num_29, poly_num_30, poly_num_31, poly_num_32, poly_num_33, poly_num_34, poly_num_35, poly_num_36,
    poly_num_37, poly_num_38, poly_num_39, poly_num_40, poly_num_41, poly_num_42, poly_num_43, poly_num_44, poly_num_45,
    poly_num_46, poly_num_47, poly_num_48, poly_num_49, poly_num_50, poly_num_51, poly_num_52, poly_num_53, poly_num_54,
    poly_num_55, poly_num_56, poly_num_57, poly_num_58, poly_num_59, poly_num_60, poly_num_61, poly_num_62, poly_num_63,
    poly_num_64, mul_zero, mul_one, zero_add, add_zero]' tactic does nothing

Note: This linter can be disabled with `set_option linter.unusedTactic false`
warning: ProvenHashes/ModulusSteps0.lean:70:12: this tactic is never executed

Note: This linter can be disabled with `set_option linter.unreachableTactic false`
warning: ProvenHashes/ModulusSteps0.lean:70:2: 'all_goals
  simp only [poly_num_2, poly_num_3, poly_num_4, poly_num_5, poly_num_6, poly_num_7, poly_num_8, poly_num_9,
    poly_num_10, poly_num_11, poly_num_12, poly_num_13, poly_num_14, poly_num_15, poly_num_16, poly_num_17, poly_num_18,
    poly_num_19, poly_num_20, poly_num_21, poly_num_22, poly_num_23, poly_num_24, poly_num_25, poly_num_26, poly_num_27,
    poly_num_28, poly_num_29, poly_num_30, poly_num_31, poly_num_32, poly_num_33, poly_num_34, poly_num_35, poly_num_36,
    poly_num_37, poly_num_38, poly_num_39, poly_num_40, poly_num_41, poly_num_42, poly_num_43, poly_num_44, poly_num_45,
    poly_num_46, poly_num_47, poly_num_48, poly_num_49, poly_num_50, poly_num_51, poly_num_52, poly_num_53, poly_num_54,
    poly_num_55, poly_num_56, poly_num_57, poly_num_58, poly_num_59, poly_num_60, poly_num_61, poly_num_62, poly_num_63,
    poly_num_64, mul_zero, mul_one, zero_add, add_zero]' tactic does nothing

Note: This linter can be disabled with `set_option linter.unusedTactic false`
⚠ [7367/7375] Built ProvenHashes.ModulusSteps1 (15s)
warning: ProvenHashes/ModulusSteps1.lean:14:12: this tactic is never executed

Note: This linter can be disabled with `set_option linter.unreachableTactic false`
warning: ProvenHashes/ModulusSteps1.lean:14:2: 'all_goals
  simp only [poly_num_2, poly_num_3, poly_num_4, poly_num_5, poly_num_6, poly_num_7, poly_num_8, poly_num_9,
    poly_num_10, poly_num_11, poly_num_12, poly_num_13, poly_num_14, poly_num_15, poly_num_16, poly_num_17, poly_num_18,
    poly_num_19, poly_num_20, poly_num_21, poly_num_22, poly_num_23, poly_num_24, poly_num_25, poly_num_26, poly_num_27,
    poly_num_28, poly_num_29, poly_num_30, poly_num_31, poly_num_32, poly_num_33, poly_num_34, poly_num_35, poly_num_36,
    poly_num_37, poly_num_38, poly_num_39, poly_num_40, poly_num_41, poly_num_42, poly_num_43, poly_num_44, poly_num_45,
    poly_num_46, poly_num_47, poly_num_48, poly_num_49, poly_num_50, poly_num_51, poly_num_52, poly_num_53, poly_num_54,
    poly_num_55, poly_num_56, poly_num_57, poly_num_58, poly_num_59, poly_num_60, poly_num_61, poly_num_62, poly_num_63,
    poly_num_64, mul_zero, mul_one, zero_add, add_zero]' tactic does nothing

Note: This linter can be disabled with `set_option linter.unusedTactic false`
warning: ProvenHashes/ModulusSteps1.lean:46:12: this tactic is never executed

Note: This linter can be disabled with `set_option linter.unreachableTactic false`
warning: ProvenHashes/ModulusSteps1.lean:46:2: 'all_goals
  simp only [poly_num_2, poly_num_3, poly_num_4, poly_num_5, poly_num_6, poly_num_7, poly_num_8, poly_num_9,
    poly_num_10, poly_num_11, poly_num_12, poly_num_13, poly_num_14, poly_num_15, poly_num_16, poly_num_17, poly_num_18,
    poly_num_19, poly_num_20, poly_num_21, poly_num_22, poly_num_23, poly_num_24, poly_num_25, poly_num_26, poly_num_27,
    poly_num_28, poly_num_29, poly_num_30, poly_num_31, poly_num_32, poly_num_33, poly_num_34, poly_num_35, poly_num_36,
    poly_num_37, poly_num_38, poly_num_39, poly_num_40, poly_num_41, poly_num_42, poly_num_43, poly_num_44, poly_num_45,
    poly_num_46, poly_num_47, poly_num_48, poly_num_49, poly_num_50, poly_num_51, poly_num_52, poly_num_53, poly_num_54,
    poly_num_55, poly_num_56, poly_num_57, poly_num_58, poly_num_59, poly_num_60, poly_num_61, poly_num_62, poly_num_63,
    poly_num_64, mul_zero, mul_one, zero_add, add_zero]' tactic does nothing

Note: This linter can be disabled with `set_option linter.unusedTactic false`
✔ [7368/7375] Built ProvenHashes.ModulusSteps4 (23s)
✔ [7369/7375] Built ProvenHashes.ModulusSteps5 (23s)
✔ [7370/7375] Built ProvenHashes.ModulusSteps2 (24s)
✔ [7371/7375] Built ProvenHashes.ModulusSteps6 (24s)
✔ [7372/7375] Built ProvenHashes.ModulusSteps3 (25s)
✔ [7373/7375] Built ProvenHashes.ModulusSteps7 (28s)
✖ [7374/7375] Building ProvenHashes.ModulusCertificate (6.4s)
trace: .> LEAN_PATH=/home/thomas-ahle/agents/lean-chainhash/lean/.lake/packages/Cli/.lake/build/lib/lean:/home/thomas-ahle/agents/lean-chainhash/lean/.lake/packages/batteries/.lake/build/lib/lean:/home/thomas-ahle/agents/lean-chainhash/lean/.lake/packages/Qq/.lake/build/lib/lean:/home/thomas-ahle/agents/lean-chainhash/lean/.lake/packages/aesop/.lake/build/lib/lean:/home/thomas-ahle/agents/lean-chainhash/lean/.lake/packages/proofwidgets/.lake/build/lib/lean:/home/thomas-ahle/agents/lean-chainhash/lean/.lake/packages/importGraph/.lake/build/lib/lean:/home/thomas-ahle/agents/lean-chainhash/lean/.lake/packages/LeanSearchClient/.lake/build/lib/lean:/home/thomas-ahle/agents/lean-chainhash/lean/.lake/packages/plausible/.lake/build/lib/lean:/home/thomas-ahle/agents/lean-chainhash/lean/.lake/packages/mathlib/.lake/build/lib/lean:/home/thomas-ahle/agents/lean-chainhash/lean/.lake/build/lib/lean /home/thomas-ahle/agents/lean-chainhash/.elan/toolchains/leanprover--lean4---v4.24.0/bin/lean /home/thomas-ahle/agents/lean-chainhash/lean/ProvenHashes/ModulusCertificate.lean -o /home/thomas-ahle/agents/lean-chainhash/lean/.lake/build/lib/lean/ProvenHashes/ModulusCertificate.olean -i /home/thomas-ahle/agents/lean-chainhash/lean/.lake/build/lib/lean/ProvenHashes/ModulusCertificate.ilean -c /home/thomas-ahle/agents/lean-chainhash/lean/.lake/build/ir/ProvenHashes/ModulusCertificate.c --setup /home/thomas-ahle/agents/lean-chainhash/lean/.lake/build/ir/ProvenHashes/ModulusCertificate.setup.json --json
error: ProvenHashes/ModulusCertificate.lean:20:2: `simp` made no progress
error: Lean exited with code 1
Some required targets logged failures:
- ProvenHashes.ModulusCertificate
error: build failed
