✖ [7368/7379] Building ProvenHashes.ReferenceOperations (6.8s)
trace: .> LEAN_PATH=/home/thomas-ahle/agents/lean-chainhash/lean/.lake/packages/Cli/.lake/build/lib/lean:/home/thomas-ahle/agents/lean-chainhash/lean/.lake/packages/batteries/.lake/build/lib/lean:/home/thomas-ahle/agents/lean-chainhash/lean/.lake/packages/Qq/.lake/build/lib/lean:/home/thomas-ahle/agents/lean-chainhash/lean/.lake/packages/aesop/.lake/build/lib/lean:/home/thomas-ahle/agents/lean-chainhash/lean/.lake/packages/proofwidgets/.lake/build/lib/lean:/home/thomas-ahle/agents/lean-chainhash/lean/.lake/packages/importGraph/.lake/build/lib/lean:/home/thomas-ahle/agents/lean-chainhash/lean/.lake/packages/LeanSearchClient/.lake/build/lib/lean:/home/thomas-ahle/agents/lean-chainhash/lean/.lake/packages/plausible/.lake/build/lib/lean:/home/thomas-ahle/agents/lean-chainhash/lean/.lake/packages/mathlib/.lake/build/lib/lean:/home/thomas-ahle/agents/lean-chainhash/lean/.lake/build/lib/lean /home/thomas-ahle/agents/lean-chainhash/.elan/toolchains/leanprover--lean4---v4.24.0/bin/lean /home/thomas-ahle/agents/lean-chainhash/lean/ProvenHashes/ReferenceOperations.lean -o /home/thomas-ahle/agents/lean-chainhash/lean/.lake/build/lib/lean/ProvenHashes/ReferenceOperations.olean -i /home/thomas-ahle/agents/lean-chainhash/lean/.lake/build/lib/lean/ProvenHashes/ReferenceOperations.ilean -c /home/thomas-ahle/agents/lean-chainhash/lean/.lake/build/ir/ProvenHashes/ReferenceOperations.c --setup /home/thomas-ahle/agents/lean-chainhash/lean/.lake/build/ir/ProvenHashes/ReferenceOperations.setup.json --json
error: ProvenHashes/ReferenceOperations.lean:58:82: unsolved goals
case neg
m : Message
k : BlockKey
t : ℕ
h✝ : ¬t + 1 = blockCount m
⊢ (lowWord (clnh (activePairs m t) (blockData m t) k) + lowWord 0,
      highWord (clnh (activePairs m t) (blockData m t) k) + highWord 0) =
    (lowWord (clnh (activePairs m t) (blockData m t) k) + fun x => 0,
      highWord (clnh (activePairs m t) (blockData m t) k) + fun x => 0)
warning: ProvenHashes/ReferenceOperations.lean:61:60: This simp argument is unused:
  lowWord

Hint: Omit it from the simp argument list.
  simp only [lengthMask_low, lengthMask_high, l̵o̵w̵W̵o̵r̵d̵,̵ ̵highWord, coeff_zero,
  ̵  ̵ ̵ ̵Pi.zero_def]

Note: This linter can be disabled with `set_option linter.unusedSimpArgs false`
warning: ProvenHashes/ReferenceOperations.lean:61:69: This simp argument is unused:
  highWord

Hint: Omit it from the simp argument list.
  simp only [lengthMask_low, lengthMask_high, lowWord, h̵i̵g̵h̵W̵o̵r̵d̵,̵ ̵coeff_zero,
  ̵  ̵ ̵ ̵Pi.zero_def]

Note: This linter can be disabled with `set_option linter.unusedSimpArgs false`
warning: ProvenHashes/ReferenceOperations.lean:61:79: This simp argument is unused:
  coeff_zero

Hint: Omit it from the simp argument list.
  simp only [lengthMask_low, lengthMask_high, lowWord, highWord, c̵o̵e̵f̵f̵_̵z̵e̵r̵o̵,̵
  ̵ ̵ ̵ ̵ ̵Pi.zero_def]

Note: This linter can be disabled with `set_option linter.unusedSimpArgs false`
error: Lean exited with code 1
✔ [7369/7379] Built ProvenHashes.ModulusResidues (11s)
✔ [7370/7379] Built ProvenHashes.ModulusSteps4 (24s)
✔ [7371/7379] Built ProvenHashes.ModulusSteps5 (24s)
✔ [7372/7379] Built ProvenHashes.ModulusSteps3 (26s)
✔ [7373/7379] Built ProvenHashes.ModulusSteps2 (26s)
✔ [7374/7379] Built ProvenHashes.ModulusSteps6 (27s)
✔ [7375/7379] Built ProvenHashes.ModulusSteps7 (28s)
✔ [7376/7379] Built ProvenHashes.ModulusSteps0 (8.1s)
✔ [7377/7379] Built ProvenHashes.ModulusSteps1 (9.5s)
✔ [7378/7379] Built ProvenHashes.ModulusCertificate (18s)
✔ [7379/7379] Built ProvenHashes.ModulusIrreducible (7.5s)
Some required targets logged failures:
- ProvenHashes.ReferenceOperations
error: build failed
