✔ [7379/7383] Built ProvenHashes.ReferenceOperations (6.1s)
✔ [7380/7383] Built ProvenHashes.ChainHashModel (6.4s)
✔ [7382/7383] Built ProvenHashes.ConcreteChainHash (6.5s)
✖ [7383/7383] Building ProvenHashes.ReferenceChainHash (6.7s)
trace: .> LEAN_PATH=/home/thomas-ahle/agents/lean-chainhash/lean/.lake/packages/Cli/.lake/build/lib/lean:/home/thomas-ahle/agents/lean-chainhash/lean/.lake/packages/batteries/.lake/build/lib/lean:/home/thomas-ahle/agents/lean-chainhash/lean/.lake/packages/Qq/.lake/build/lib/lean:/home/thomas-ahle/agents/lean-chainhash/lean/.lake/packages/aesop/.lake/build/lib/lean:/home/thomas-ahle/agents/lean-chainhash/lean/.lake/packages/proofwidgets/.lake/build/lib/lean:/home/thomas-ahle/agents/lean-chainhash/lean/.lake/packages/importGraph/.lake/build/lib/lean:/home/thomas-ahle/agents/lean-chainhash/lean/.lake/packages/LeanSearchClient/.lake/build/lib/lean:/home/thomas-ahle/agents/lean-chainhash/lean/.lake/packages/plausible/.lake/build/lib/lean:/home/thomas-ahle/agents/lean-chainhash/lean/.lake/packages/mathlib/.lake/build/lib/lean:/home/thomas-ahle/agents/lean-chainhash/lean/.lake/build/lib/lean /home/thomas-ahle/agents/lean-chainhash/.elan/toolchains/leanprover--lean4---v4.24.0/bin/lean /home/thomas-ahle/agents/lean-chainhash/lean/ProvenHashes/ReferenceChainHash.lean -o /home/thomas-ahle/agents/lean-chainhash/lean/.lake/build/lib/lean/ProvenHashes/ReferenceChainHash.olean -i /home/thomas-ahle/agents/lean-chainhash/lean/.lake/build/lib/lean/ProvenHashes/ReferenceChainHash.ilean -c /home/thomas-ahle/agents/lean-chainhash/lean/.lake/build/ir/ProvenHashes/ReferenceChainHash.c --setup /home/thomas-ahle/agents/lean-chainhash/lean/.lake/build/ir/ProvenHashes/ReferenceChainHash.setup.json --json
error: ProvenHashes/ReferenceChainHash.lean:25:6: Tactic `rewrite` failed: Did not find an occurrence of the pattern
  wordDigest ?m ?k ?t
in the target expression
  ((fun ab => (fieldRepr ab.1, fieldRepr ab.2)) ∘ fun i => wordDigest m k ↑i) i =
    (splitField fieldRepr ∘ fun i => rawDigest m k ↑i) i

case e_f.h
m : Message
k : BlockKey
i : Fin (blockCount m)
⊢ ((fun ab => (fieldRepr ab.1, fieldRepr ab.2)) ∘ fun i => wordDigest m k ↑i) i =
    (splitField fieldRepr ∘ fun i => rawDigest m k ↑i) i
error: Lean exited with code 1
Some required targets logged failures:
- ProvenHashes.ReferenceChainHash
error: build failed
