✖ [7358/7358] Building ProvenHashes.FinalizerIndependence (22s)
trace: .> LEAN_PATH=/home/thomas-ahle/agents/lean-chainhash/lean/.lake/packages/Cli/.lake/build/lib/lean:/home/thomas-ahle/agents/lean-chainhash/lean/.lake/packages/batteries/.lake/build/lib/lean:/home/thomas-ahle/agents/lean-chainhash/lean/.lake/packages/Qq/.lake/build/lib/lean:/home/thomas-ahle/agents/lean-chainhash/lean/.lake/packages/aesop/.lake/build/lib/lean:/home/thomas-ahle/agents/lean-chainhash/lean/.lake/packages/proofwidgets/.lake/build/lib/lean:/home/thomas-ahle/agents/lean-chainhash/lean/.lake/packages/importGraph/.lake/build/lib/lean:/home/thomas-ahle/agents/lean-chainhash/lean/.lake/packages/LeanSearchClient/.lake/build/lib/lean:/home/thomas-ahle/agents/lean-chainhash/lean/.lake/packages/plausible/.lake/build/lib/lean:/home/thomas-ahle/agents/lean-chainhash/lean/.lake/packages/mathlib/.lake/build/lib/lean:/home/thomas-ahle/agents/lean-chainhash/lean/.lake/build/lib/lean /home/thomas-ahle/agents/lean-chainhash/.elan/toolchains/leanprover--lean4---v4.24.0/bin/lean /home/thomas-ahle/agents/lean-chainhash/lean/ProvenHashes/FinalizerIndependence.lean -o /home/thomas-ahle/agents/lean-chainhash/lean/.lake/build/lib/lean/ProvenHashes/FinalizerIndependence.olean -i /home/thomas-ahle/agents/lean-chainhash/lean/.lake/build/lib/lean/ProvenHashes/FinalizerIndependence.ilean -c /home/thomas-ahle/agents/lean-chainhash/lean/.lake/build/ir/ProvenHashes/FinalizerIndependence.c --setup /home/thomas-ahle/agents/lean-chainhash/lean/.lake/build/ir/ProvenHashes/FinalizerIndependence.setup.json --json
error: ProvenHashes/FinalizerIndependence.lean:37:6: (deterministic) timeout at `whnf`, maximum number of heartbeats (200000) has been reached

Note: Use `set_option maxHeartbeats <num>` to set the limit.

Hint: Additional diagnostic information may be available using the `set_option diagnostics true` command.
error: ProvenHashes/FinalizerIndependence.lean:28:0: (deterministic) timeout at `whnf`, maximum number of heartbeats (200000) has been reached

Note: Use `set_option maxHeartbeats <num>` to set the limit.

Hint: Additional diagnostic information may be available using the `set_option diagnostics true` command.
error: ProvenHashes/FinalizerIndependence.lean:46:4: (kernel) unknown constant 'ProvenHashes.ChainHash.quinticValues_decode'
error: ProvenHashes/FinalizerIndependence.lean:54:68: unsolved goals
case h
F : Type u_1
inst✝¹ : Field F
inst✝ : DecidableEq F
c v : Fin 5 → F
i : Fin 5
⊢ ∑ i_1, coefficients c i_1 * v i ^ ↑i_1 = eval (v i) (∑ i, (monomial ↑i) (coefficients c i))
error: ProvenHashes/FinalizerIndependence.lean:64:40: unsolved goals
F : Type u_1
inst✝¹ : Field F
inst✝ : Fintype F
v : Fin 5 → F
hv : Function.Injective v
r : Fin 5 → F
e : (Fin 5 → F) ≃ (Fin 5 → F) := (coefficientEquiv F).trans (quinticValuesEquiv v hv)
he : (fun c => (fun i => chain5 c (v i)) = r) = fun c => e c = r
⊢ ↑{x | x = r}.card / ↑(Fintype.card F) ^ 5 = (↑(Fintype.card F) ^ 5)⁻¹
error: ProvenHashes/FinalizerIndependence.lean:61:8: (kernel) application type mismatch
  Eq.mpr
    (id
      (congrArg (fun _a => (_a = r) = (e c = r))
        (@chain5_values F inst✝¹ (fun a b => Classical.propDecidable (a = b)) c v)))
    (Eq.refl (@quinticValues F inst✝¹ (fun a b => Classical.propDecidable (a = b)) v (coefficients c) = r))
argument has type
  (@quinticValues F inst✝¹ (fun a b => Classical.propDecidable (a = b)) v (coefficients c) = r) =
    (@quinticValues F inst✝¹ (fun a b => Classical.propDecidable (a = b)) v (coefficients c) = r)
but function has type
  (@quinticValues F inst✝¹ (fun a b => Classical.propDecidable (a = b)) v (coefficients c) = r) = (e c = r) →
    ((fun i => chain5 c (v i)) = r) = (e c = r)
warning: ProvenHashes/FinalizerIndependence.lean:72:21: This simp argument is unused:
  Fintype.card_fun

Hint: Omit it from the simp argument list.
  simp [uniformProb,̵ ̵F̵i̵n̵t̵y̵p̵e̵.̵c̵a̵r̵d̵_̵f̵u̵n̵]

Note: This linter can be disabled with `set_option linter.unusedSimpArgs false`
error: Lean exited with code 1
Some required targets logged failures:
- ProvenHashes.FinalizerIndependence
error: build failed
