✖ [7358/7358] Building ProvenHashes.FinalizerIndependence (6.1s)
trace: .> LEAN_PATH=/home/thomas-ahle/agents/lean-chainhash/lean/.lake/packages/Cli/.lake/build/lib/lean:/home/thomas-ahle/agents/lean-chainhash/lean/.lake/packages/batteries/.lake/build/lib/lean:/home/thomas-ahle/agents/lean-chainhash/lean/.lake/packages/Qq/.lake/build/lib/lean:/home/thomas-ahle/agents/lean-chainhash/lean/.lake/packages/aesop/.lake/build/lib/lean:/home/thomas-ahle/agents/lean-chainhash/lean/.lake/packages/proofwidgets/.lake/build/lib/lean:/home/thomas-ahle/agents/lean-chainhash/lean/.lake/packages/importGraph/.lake/build/lib/lean:/home/thomas-ahle/agents/lean-chainhash/lean/.lake/packages/LeanSearchClient/.lake/build/lib/lean:/home/thomas-ahle/agents/lean-chainhash/lean/.lake/packages/plausible/.lake/build/lib/lean:/home/thomas-ahle/agents/lean-chainhash/lean/.lake/packages/mathlib/.lake/build/lib/lean:/home/thomas-ahle/agents/lean-chainhash/lean/.lake/build/lib/lean /home/thomas-ahle/agents/lean-chainhash/.elan/toolchains/leanprover--lean4---v4.24.0/bin/lean /home/thomas-ahle/agents/lean-chainhash/lean/ProvenHashes/FinalizerIndependence.lean -o /home/thomas-ahle/agents/lean-chainhash/lean/.lake/build/lib/lean/ProvenHashes/FinalizerIndependence.olean -i /home/thomas-ahle/agents/lean-chainhash/lean/.lake/build/lib/lean/ProvenHashes/FinalizerIndependence.ilean -c /home/thomas-ahle/agents/lean-chainhash/lean/.lake/build/ir/ProvenHashes/FinalizerIndependence.c --setup /home/thomas-ahle/agents/lean-chainhash/lean/.lake/build/ir/ProvenHashes/FinalizerIndependence.setup.json --json
error: ProvenHashes/FinalizerIndependence.lean:68:40: unsolved goals
F : Type u_1
inst✝¹ : Field F
inst✝ : Fintype F
v : Fin 5 → F
hv : Function.Injective v
r : Fin 5 → F
e : (Fin 5 → F) ≃ (Fin 5 → F) := (coefficientEquiv F).trans (quinticValuesEquiv v hv)
he : (fun c => (fun i => chain5 c (v i)) = r) = fun c => e c = r
hc : {x | x = r} = {r}
⊢ ↑{x | x = r}.card / ↑(Fintype.card F) ^ 5 = (↑(Fintype.card F) ^ 5)⁻¹
warning: ProvenHashes/FinalizerIndependence.lean:78:21: This simp argument is unused:
  hc

Hint: Omit it from the simp argument list.
  simp [uniformProb,̵ ̵h̵c̵]

Note: This linter can be disabled with `set_option linter.unusedSimpArgs false`
error: Lean exited with code 1
Some required targets logged failures:
- ProvenHashes.FinalizerIndependence
error: build failed
