✖ [7389/7389] Building ProvenHashes.CLHashBounds (3.9s)
trace: .> LEAN_PATH=/home/thomas-ahle/agents/lean-clhash/lean/.lake/packages/Cli/.lake/build/lib/lean:/home/thomas-ahle/agents/lean-clhash/lean/.lake/packages/batteries/.lake/build/lib/lean:/home/thomas-ahle/agents/lean-clhash/lean/.lake/packages/Qq/.lake/build/lib/lean:/home/thomas-ahle/agents/lean-clhash/lean/.lake/packages/aesop/.lake/build/lib/lean:/home/thomas-ahle/agents/lean-clhash/lean/.lake/packages/proofwidgets/.lake/build/lib/lean:/home/thomas-ahle/agents/lean-clhash/lean/.lake/packages/importGraph/.lake/build/lib/lean:/home/thomas-ahle/agents/lean-clhash/lean/.lake/packages/LeanSearchClient/.lake/build/lib/lean:/home/thomas-ahle/agents/lean-clhash/lean/.lake/packages/plausible/.lake/build/lib/lean:/home/thomas-ahle/agents/lean-clhash/lean/.lake/packages/mathlib/.lake/build/lib/lean:/home/thomas-ahle/agents/lean-clhash/lean/.lake/build/lib/lean /home/thomas-ahle/agents/lean-clhash/.elan/toolchains/leanprover--lean4---v4.24.0/bin/lean /home/thomas-ahle/agents/lean-clhash/lean/ProvenHashes/CLHashBounds.lean -o /home/thomas-ahle/agents/lean-clhash/lean/.lake/build/lib/lean/ProvenHashes/CLHashBounds.olean -i /home/thomas-ahle/agents/lean-clhash/lean/.lake/build/lib/lean/ProvenHashes/CLHashBounds.ilean -c /home/thomas-ahle/agents/lean-clhash/lean/.lake/build/ir/ProvenHashes/CLHashBounds.c --setup /home/thomas-ahle/agents/lean-clhash/lean/.lake/build/ir/ProvenHashes/CLHashBounds.setup.json --json
error: ProvenHashes/CLHashBounds.lean:69:8: maximum recursion depth has been reached
use `set_option maxRecDepth <num>` to increase limit
use `set_option diagnostics true` to get diagnostic information
error: ProvenHashes/CLHashBounds.lean:88:6: Tactic `rewrite` failed: Did not find an occurrence of the pattern
  uniformProb fun p => ?E p.1
in the target expression
  (uniformProb fun k => (AdjoinRoot.mk modulus) (rawBlock m k.1.1 0) = (AdjoinRoot.mk modulus) (rawBlock m' k.1.1 0)) ≤
    1 / 2 ^ 64

m m' : Message
hlen : List.length m = List.length m'
hne : m ≠ m'
hshort : List.length m ≤ 1024
hshort' : List.length m' ≤ 1024
hd : ∃ s ∈ activePairs m 0, ∃ b, blockData m 0 (s, b) ≠ blockData m' 0 (s, b)
ha : activePairs m 0 = activePairs m' 0
⊢ (uniformProb fun k => (AdjoinRoot.mk modulus) (rawBlock m k.1.1 0) = (AdjoinRoot.mk modulus) (rawBlock m' k.1.1 0)) ≤
    1 / 2 ^ 64
error: Lean exited with code 1
Some required targets logged failures:
- ProvenHashes.CLHashBounds
error: build failed
