✖ [7389/7394] Building ProvenHashes.CLHashBytes (3.6s)
trace: .> LEAN_PATH=/home/thomas-ahle/agents/lean-clhash/lean/.lake/packages/Cli/.lake/build/lib/lean:/home/thomas-ahle/agents/lean-clhash/lean/.lake/packages/batteries/.lake/build/lib/lean:/home/thomas-ahle/agents/lean-clhash/lean/.lake/packages/Qq/.lake/build/lib/lean:/home/thomas-ahle/agents/lean-clhash/lean/.lake/packages/aesop/.lake/build/lib/lean:/home/thomas-ahle/agents/lean-clhash/lean/.lake/packages/proofwidgets/.lake/build/lib/lean:/home/thomas-ahle/agents/lean-clhash/lean/.lake/packages/importGraph/.lake/build/lib/lean:/home/thomas-ahle/agents/lean-clhash/lean/.lake/packages/LeanSearchClient/.lake/build/lib/lean:/home/thomas-ahle/agents/lean-clhash/lean/.lake/packages/plausible/.lake/build/lib/lean:/home/thomas-ahle/agents/lean-clhash/lean/.lake/packages/mathlib/.lake/build/lib/lean:/home/thomas-ahle/agents/lean-clhash/lean/.lake/build/lib/lean /home/thomas-ahle/agents/lean-clhash/.elan/toolchains/leanprover--lean4---v4.24.0/bin/lean /home/thomas-ahle/agents/lean-clhash/lean/ProvenHashes/CLHashBytes.lean -o /home/thomas-ahle/agents/lean-clhash/lean/.lake/build/lib/lean/ProvenHashes/CLHashBytes.olean -i /home/thomas-ahle/agents/lean-clhash/lean/.lake/build/lib/lean/ProvenHashes/CLHashBytes.ilean -c /home/thomas-ahle/agents/lean-clhash/lean/.lake/build/ir/ProvenHashes/CLHashBytes.c --setup /home/thomas-ahle/agents/lean-clhash/lean/.lake/build/ir/ProvenHashes/CLHashBytes.setup.json --json
error: ProvenHashes/CLHashBytes.lean:45:18: omega could not prove the goal:
a possible counterexample may satisfy the constraints
  0 ≤ e ≤ 63
  d ≥ 0
  64*d + e ≥ 0
  c ≥ 0
  c - d ≥ 1
  a ≥ 0
  a - 1024*d - 16*e ≥ 1
where
 a := ↑(List.length m')
 c := ↑(blockCount m)
 d := ↑j / 128
 e := ↑(j % 128) / 2
error: ProvenHashes/CLHashBytes.lean:45:18: omega could not prove the goal:
a possible counterexample may satisfy the constraints
  0 ≤ e ≤ 63
  d ≥ 0
  64*d + e ≥ 0
  c ≥ 0
  c - d ≥ 1
  a ≥ 0
  a - 1024*d - 16*e ≥ 9
where
 a := ↑(List.length m')
 c := ↑(blockCount m)
 d := ↑j / 128
 e := ↑(j % 128) / 2
error: Lean exited with code 1
✔ [7391/7394] Built ProvenHashes.CLHashCertificate (110s)
✔ [7392/7394] Built ProvenHashes.CLHashField (4.6s)
Some required targets logged failures:
- ProvenHashes.CLHashBytes
error: build failed
