RESUME: already complete 1 chainhash-256
RESUME: already complete 1 chainhash-64-header
RESUME: already complete 1 chainhash-64x2
RESUME: already complete 1 chainhash-128.scalar
RESUME: already complete 1 chainhash-128.256
RESUME: already complete 1 chainhash-128.schoolbook
RESUME: already complete 1 chainhash-128
RESUME: already complete 1 UMASH-128
RESUME: already complete 1 komihash
RESUME: already complete 1 rapidhash
RESUME: already complete 1 XXH3-128
RESUME: already complete 2 chainhash-256
RESUME: already complete 2 chainhash-64-header
RESUME: already complete 2 chainhash-64x2
RESUME: already complete 2 chainhash-128.scalar
RESUME: already complete 2 chainhash-128.256
RESUME: already complete 2 chainhash-128.schoolbook
RESUME: already complete 2 chainhash-128
RESUME: already complete 2 UMASH-128
RESUME: already complete 2 komihash
RESUME: already complete 2 rapidhash
RESUME: already complete 2 XXH3-128
GATE 2026-09-18T16:23:27.159518+00:00 passed=True load=(2.8125, 3.6943359375, 4.6025390625)
START 3 chainhash-256
DONE 3 chainhash-256 seconds 30.334912458 rc 0
GATE 2026-09-18T16:23:57.523545+00:00 passed=True load=(3.45556640625, 3.74365234375, 4.5869140625)
START 3 chainhash-64-header
DONE 3 chainhash-64-header seconds 31.590411124999996 rc 0
GATE 2026-09-18T16:24:29.142699+00:00 passed=False load=(6.09716796875, 4.4072265625, 4.7998046875)
GATE 2026-09-18T16:25:19.494644+00:00 passed=True load=(4.19970703125, 4.16845703125, 4.6884765625)
START 3 chainhash-64x2
DONE 3 chainhash-64x2 seconds 54.018551875000014 rc 0
GATE 2026-09-18T16:26:13.546826+00:00 passed=True load=(4.24560546875, 4.171875, 4.65478515625)
START 3 chainhash-128.scalar
DONE 3 chainhash-128.scalar seconds 60.54053399999998 rc 0
GATE 2026-09-18T16:27:14.114999+00:00 passed=True load=(3.54443359375, 3.97216796875, 4.54541015625)
START 3 chainhash-128.256
DONE 3 chainhash-128.256 seconds 68.13754391699999 rc 0
GATE 2026-09-18T16:28:22.284690+00:00 passed=True load=(3.13720703125, 3.7392578125, 4.40869140625)
START 3 chainhash-128.schoolbook
DONE 3 chainhash-128.schoolbook seconds 56.3519915 rc 0
GATE 2026-09-18T16:29:18.672436+00:00 passed=True load=(4.1240234375, 3.830078125, 4.39453125)
START 3 chainhash-128
DONE 3 chainhash-128 seconds 62.411333249999984 rc 0
GATE 2026-09-18T16:30:21.117872+00:00 passed=True load=(3.7578125, 3.83154296875, 4.35595703125)
START 3 UMASH-128
DONE 3 UMASH-128 seconds 65.56519791699998 rc 0
GATE 2026-09-18T16:31:26.711362+00:00 passed=False load=(5.04541015625, 4.20556640625, 4.4560546875)
GATE 2026-09-18T16:31:51.911661+00:00 passed=True load=(4.185546875, 4.07470703125, 4.400390625)
START 3 komihash
DONE 3 komihash seconds 60.720129708 rc 0
GATE 2026-09-18T16:32:52.661994+00:00 passed=False load=(4.826171875, 4.29638671875, 4.46044921875)
GATE 2026-09-18T16:33:02.755442+00:00 passed=True load=(4.39111328125, 4.22021484375, 4.43115234375)
START 3 rapidhash
DONE 3 rapidhash seconds 33.38022908300002 rc 0
GATE 2026-09-18T16:33:36.166035+00:00 passed=True load=(4.07861328125, 4.16259765625, 4.39990234375)
START 3 XXH3-128
DONE 3 XXH3-128 seconds 40.644727292000084 rc 0
